[2026-08-16T02:46:14Z INFO  steel_front] ========================================
[2026-08-16T02:46:14Z INFO  steel_front]   钢铁前线 (Steel Front) v0.1.0
[2026-08-16T02:46:14Z INFO  steel_front]   二战FPS游戏引擎 - Rust + Vulkan
[2026-08-16T02:46:14Z INFO  steel_front] ========================================
[2026-08-16T02:46:14Z INFO  steel_front::engine::cpu] cpu: vendor=Amd threads=32 primary=[0, 1, 2, 3, 4, 5, 6, 7, 8, 9, 10, 11, 12, 13, 14, 15] secondary=[16, 17, 18, 19, 20, 21, 22, 23, 24, 25, 26, 27, 28, 29, 30, 31] e_cores=0 avx2=true avx512=true scene_set=[0, 1, 2, 3, 4, 5, 6, 7, 8, 9, 10, 11, 12, 13, 14, 15] ai_set=[16, 17, 18, 19, 20, 21, 22, 23, 24, 25, 26, 27, 28, 29, 30, 31] physical_primary=[0, 1, 2, 3, 4, 5, 6, 7, 8, 9, 10, 11, 12, 13, 14, 15] physical_secondary=[16, 17, 18, 19, 20, 21, 22, 23, 24, 25, 26, 27, 28, 29, 30, 31] smt=[]
[2026-08-16T02:46:14Z INFO  steel_front::engine::cpu] cpu: 非 Linux 平台，跳过线程手工绑定（交给系统调度）
[2026-08-16T02:46:14Z INFO  steel_front::engine::cpu] cpu: ai_pool 创建（8 工作线程，绑定 vCPU [16, 17, 18, 19, 20, 21, 22, 23, 24, 25, 26, 27, 28, 29, 30, 31]）
[2026-08-16T02:46:14Z INFO  steel_front::engine::game] map: level 1 generated: 36 obstacle bodies (wall=20 block=0 barrier=0 tree=3 building=6 ruin=7), 203 grid cells blocked
[2026-08-16T02:46:14Z INFO  steel_front] 窗口创建成功: 2560x1600
[2026-08-16T02:46:14Z INFO  steel_front] winit inner_size: 2560x1600 scale_factor=1.50
[2026-08-16T02:46:14Z WARN  steel_front::engine::renderer] 验证层不可用，将不使用
[2026-08-16T02:46:14Z INFO  steel_front::engine::renderer] 选择物理设备: NVIDIA GeForce RTX 5060 Laptop GPU
[2026-08-16T02:46:14Z INFO  steel_front::engine::gpu_caps] gpu-caps: 设备 NVIDIA GeForce RTX 5060 Laptop GPU 硬件能力探测（WSLg/dzn 视角）
[2026-08-16T02:46:14Z INFO  steel_front::engine::gpu_caps] gpu-caps: 可用 device 扩展 280 个
[2026-08-16T02:46:14Z INFO  steel_front::engine::gpu_caps] gpu-caps: -- 光追扩展 --
[2026-08-16T02:46:14Z INFO  steel_front::engine::gpu_caps] gpu-caps:   VK_KHR_ray_tracing_pipeline = true
[2026-08-16T02:46:14Z INFO  steel_front::engine::gpu_caps] gpu-caps:   VK_KHR_acceleration_structure = true
[2026-08-16T02:46:14Z INFO  steel_front::engine::gpu_caps] gpu-caps:   VK_KHR_ray_query = true
[2026-08-16T02:46:14Z INFO  steel_front::engine::gpu_caps] gpu-caps:   VK_KHR_deferred_host_operations = true
[2026-08-16T02:46:14Z INFO  steel_front::engine::gpu_caps] gpu-caps:   VK_KHR_buffer_device_address = true
[2026-08-16T02:46:14Z INFO  steel_front::engine::gpu_caps] gpu-caps:   VK_KHR_ray_tracing_position_fetch = true
[2026-08-16T02:46:14Z INFO  steel_front::engine::gpu_caps] gpu-caps:   VK_NV_ray_tracing = true
[2026-08-16T02:46:14Z INFO  steel_front::engine::gpu_caps] gpu-caps: -- Tensor Core / 协作矩阵 --
[2026-08-16T02:46:14Z INFO  steel_front::engine::gpu_caps] gpu-caps:   VK_KHR_cooperative_matrix = true
[2026-08-16T02:46:14Z INFO  steel_front::engine::gpu_caps] gpu-caps:   VK_NV_cooperative_matrix = true
[2026-08-16T02:46:14Z INFO  steel_front::engine::gpu_caps] gpu-caps:   VK_NV_compute_shader_derivatives = true
[2026-08-16T02:46:14Z INFO  steel_front::engine::gpu_caps] gpu-caps: -- DLSS / NVIDIA 私有 --
[2026-08-16T02:46:14Z INFO  steel_front::engine::gpu_caps] gpu-caps:   VK_NVX_image_view_handle = true
[2026-08-16T02:46:14Z INFO  steel_front::engine::gpu_caps] gpu-caps:   VK_NVX_binary_import = true
[2026-08-16T02:46:14Z INFO  steel_front::engine::gpu_caps] gpu-caps:   VK_NV_cuda_kernel = true
[2026-08-16T02:46:14Z INFO  steel_front::engine::gpu_caps] gpu-caps:   VK_NV_external_memory = true
[2026-08-16T02:46:14Z INFO  steel_front::engine::gpu_caps] gpu-caps: -- 其它新特性 --
[2026-08-16T02:46:14Z INFO  steel_front::engine::gpu_caps] gpu-caps:   VK_EXT_mesh_shader = true
[2026-08-16T02:46:14Z INFO  steel_front::engine::gpu_caps] gpu-caps:   VK_KHR_shader_object = false
[2026-08-16T02:46:14Z INFO  steel_front::engine::gpu_caps] gpu-caps:   VK_KHR_dynamic_rendering = true
[2026-08-16T02:46:14Z INFO  steel_front::engine::gpu_caps] gpu-caps: RT 特性 ray_tracing_pipeline=true acceleration_structure=true buffer_device_address=true ray_query=true
[2026-08-16T02:46:14Z INFO  steel_front::engine::gpu_caps] gpu-caps: RT 管线属性 shaderGroupHandleSize=32B maxRecursionDepth=31 maxRayDispatchInvocationCount=1073741824
[2026-08-16T02:46:15Z INFO  steel_front::engine::gpu_caps] gpu-caps: 【结论】光追探测 device 创建成功 → RT Core 路径可用（dzn→DXR）
[2026-08-16T02:46:15Z INFO  steel_front::engine::gpu_caps] gpu-caps: CUDA 直通（Tensor Core 可编程访问）=false（libcuda in /usr/lib/wsl/lib）
[2026-08-16T02:46:15Z INFO  steel_front::engine::gpu_caps] gpu-caps: 【结论】Vulkan-DLSS（NVIDIA 私有扩展）=true；可直接接 DLSS SDK
[2026-08-16T02:46:15Z INFO  steel_front::engine::renderer] VK_EXT_mesh_shader 可用：启用可选网格着色器渲染路径
[2026-08-16T02:46:15Z INFO  steel_front::engine::renderer] swapchain diag: current_extent=2560x1600 final=2560x1600
[2026-08-16T02:46:15Z INFO  steel_front::engine::renderer] 交换链初始化完成: 2560x1600, 格式: B8G8R8A8_SRGB, 图像数: 3, present_mode: MAILBOX
[2026-08-16T02:46:15Z INFO  steel_front::engine::renderer] 实例缓冲创建完成: 65536 个实例，stride 80 字节，2 帧双缓冲 HOST_VISIBLE|HOST_COHERENT（每帧压缩上传）
[2026-08-16T02:46:15Z INFO  steel_front::engine::renderer] instances=65536 draw_calls=1
[2026-08-16T02:46:15Z INFO  steel_front::engine::renderer] 深度缓冲创建完成: 3 张 2560x1600 D32_SFLOAT
[2026-08-16T02:46:15Z INFO  steel_front::engine::renderer] Descriptor Set Layout: binding 0 = UBO(view/proj), binding 1 = 贴图, binding 2 = 实例 STORAGE_BUFFER, binding 3 = 采样器
[2026-08-16T02:46:15Z INFO  steel_front::engine::renderer] Descriptor 初始化完成（2 帧）
[2026-08-16T02:46:15Z INFO  steel_front::engine::renderer] 远档 LOD 几何创建完成: 8 顶点 / 12 索引（十字双 quad）
[2026-08-16T02:46:15Z INFO  steel_front::engine::renderer] 地面平铺 quad 几何创建完成: 4 顶点 / 6 索引（无侧壁）
[2026-08-16T02:46:15Z INFO  steel_front::engine::renderer] 球体几何创建完成: 325 顶点 / 1728 索引（爆炸球形扩散）
[2026-08-16T02:46:15Z INFO  steel_front::engine::renderer] 地形 LOD[0] 创建完成: 66049 顶点 / 393216 索引（257×257 网格，间距 2）
[2026-08-16T02:46:15Z INFO  steel_front::engine::renderer] 地形 LOD[1] 创建完成: 16641 顶点 / 98304 索引（129×129 网格，间距 4）
[2026-08-16T02:46:15Z INFO  steel_front::engine::renderer] 地形 LOD[2] 创建完成: 4225 顶点 / 24576 索引（65×65 网格，间距 8）
[2026-08-16T02:46:15Z INFO  steel_front::engine::renderer] 地形 3 级 LOD 全部创建完成（高/中/低）
[2026-08-16T02:46:15Z INFO  steel_front::engine::renderer] 图形管线创建完成
[2026-08-16T02:46:15Z INFO  steel_front::engine::renderer] 网格着色器 maxMeshWorkGroupCount[0] = 4194304（地面场 65536 按此分块）
[2026-08-16T02:46:15Z INFO  steel_front::engine::renderer] 网格着色器管线创建完成（VK_EXT_mesh_shader）
[2026-08-16T02:46:15Z INFO  steel_front::engine::renderer] HUD 覆盖层初始化完成（独立 pipeline，容量 4096 quads）
[2026-08-16T02:46:15Z INFO  steel_front::engine::renderer] 纹理初始化完成: 512x512（10 mip，来源=程序化地面材质）
[2026-08-16T02:46:15Z INFO  steel_front::engine::renderer] 程序化皮肤纹理初始化完成: 512x512（marker=木板墙, npc=迷彩军服, RV3D_SKIN_TEX=off（纯色回退））
[2026-08-16T02:46:15Z INFO  steel_front::engine::renderer] 阴影贴图资源创建完成: 2048x2048 D32_SFLOAT
[2026-08-16T02:46:15Z INFO  steel_front::engine::renderer] 阴影 depth-only 管线创建完成
[2026-08-16T02:46:15Z INFO  steel_front] Vulkan 渲染器初始化成功
[2026-08-16T02:46:15Z INFO  steel_front] settings: 分辨率保持 2560x1600
[2026-08-16T02:46:15Z INFO  steel_front] settings: 应用画质 中画质
[2026-08-16T02:46:15Z INFO  steel_front::engine::renderer] 画质预设已切换: 中画质
[2026-08-16T02:46:15Z INFO  steel_front] 窗口大小变化: 1898x1061
[2026-08-16T02:46:15Z INFO  steel_front::engine::renderer] swapchain diag: current_extent=2560x1600 final=2560x1600
[2026-08-16T02:46:15Z INFO  steel_front::engine::renderer] 交换链初始化完成: 2560x1600, 格式: B8G8R8A8_SRGB, 图像数: 3, present_mode: MAILBOX
[2026-08-16T02:46:15Z INFO  steel_front::engine::renderer] 深度缓冲创建完成: 3 张 2560x1600 D32_SFLOAT
[2026-08-16T02:46:15Z INFO  steel_front] 窗口大小变化: 1920x1117
[2026-08-16T02:46:15Z INFO  steel_front::engine::renderer] swapchain diag: current_extent=2560x1600 final=2560x1600
[2026-08-16T02:46:15Z INFO  steel_front::engine::renderer] 交换链初始化完成: 2560x1600, 格式: B8G8R8A8_SRGB, 图像数: 3, present_mode: MAILBOX
[2026-08-16T02:46:15Z INFO  steel_front::engine::renderer] 深度缓冲创建完成: 3 张 2560x1600 D32_SFLOAT
[2026-08-16T02:46:15Z INFO  steel_front] 窗口大小变化: 2560x1600
[2026-08-16T02:46:15Z INFO  steel_front::engine::renderer] swapchain diag: current_extent=2560x1600 final=2560x1600
[2026-08-16T02:46:15Z INFO  steel_front::engine::renderer] 交换链初始化完成: 2560x1600, 格式: B8G8R8A8_SRGB, 图像数: 3, present_mode: MAILBOX
[2026-08-16T02:46:15Z INFO  steel_front::engine::renderer] 深度缓冲创建完成: 3 张 2560x1600 D32_SFLOAT
[2026-08-16T02:46:15Z INFO  steel_front] 窗口大小变化: 2560x1600
[2026-08-16T02:46:15Z INFO  steel_front::engine::renderer] swapchain diag: current_extent=2560x1600 final=2560x1600
[2026-08-16T02:46:15Z INFO  steel_front::engine::renderer] 交换链初始化完成: 2560x1600, 格式: B8G8R8A8_SRGB, 图像数: 3, present_mode: MAILBOX
[2026-08-16T02:46:15Z INFO  steel_front::engine::renderer] 深度缓冲创建完成: 3 张 2560x1600 D32_SFLOAT
[2026-08-16T02:46:15Z INFO  steel_front] cam: yaw=0.0 pitch=0.0 dist=3.4 mode=FirstPerson cycle_us=3164 update_us=12 render_us=3152
[2026-08-16T02:46:16Z INFO  steel_front::engine::renderer] visible=65536/65536 near=65536 far=0 fps=322.5 frame_us=2598 cull_us=4 terrain_us=0 wait_fence_us=1931 acquire_us=1 record_us=35 submit_us=36 present_us=181 terrain_lod=high blend=0.000 quality=中画质 marker=36 npc=1017
[2026-08-16T02:46:16Z INFO  steel_front::engine::game] ai: npcs=8 near=8 far=0 idle=0 patrol=0 chase=8 attack=0 tactics=[8, 0, 0, 0, 0, 0, 0, 0]
[2026-08-16T02:46:16Z INFO  steel_front::engine::game] game: wave=1 enemies=8 enemy_hp=100 hp=100/100 score=0 phys_us=1 ai_us=361 audio_us=20 net_us=0
[2026-08-16T02:46:16Z INFO  steel_front] cam: yaw=0.0 pitch=0.0 dist=3.4 mode=FirstPerson cycle_us=2575 update_us=13 render_us=2561
[2026-08-16T02:46:17Z INFO  steel_front::engine::renderer] visible=65536/65536 near=65536 far=0 fps=404.7 frame_us=2505 cull_us=5 terrain_us=0 wait_fence_us=2005 acquire_us=0 record_us=46 submit_us=43 present_us=169 terrain_lod=high blend=0.000 quality=中画质 marker=36 npc=1017
[2026-08-16T02:46:17Z INFO  steel_front::engine::game] ai: npcs=8 near=8 far=0 idle=0 patrol=0 chase=8 attack=0 tactics=[8, 0, 0, 0, 0, 0, 0, 0]
[2026-08-16T02:46:17Z INFO  steel_front::engine::game] game: wave=1 enemies=8 enemy_hp=100 hp=100/100 score=0 phys_us=0 ai_us=345 audio_us=11 net_us=0
[2026-08-16T02:46:17Z INFO  steel_front] cam: yaw=0.0 pitch=0.0 dist=3.4 mode=FirstPerson cycle_us=3065 update_us=22 render_us=3042
[2026-08-16T02:46:18Z INFO  steel_front::engine::renderer] visible=65536/65536 near=65536 far=0 fps=404.8 frame_us=2691 cull_us=2 terrain_us=0 wait_fence_us=1500 acquire_us=0 record_us=40 submit_us=31 present_us=668 terrain_lod=high blend=0.000 quality=中画质 marker=36 npc=1017
[2026-08-16T02:46:18Z INFO  steel_front::engine::game] ai: npcs=8 near=8 far=0 idle=0 patrol=0 chase=8 attack=0 tactics=[8, 0, 0, 0, 0, 0, 0, 0]
[2026-08-16T02:46:18Z INFO  steel_front::engine::game] game: wave=1 enemies=8 enemy_hp=100 hp=100/100 score=0 phys_us=2 ai_us=427 audio_us=10 net_us=0
[2026-08-16T02:46:18Z INFO  steel_front] cam: yaw=0.0 pitch=0.0 dist=3.4 mode=FirstPerson cycle_us=2064 update_us=35 render_us=2028
[2026-08-16T02:46:19Z INFO  steel_front::engine::renderer] visible=65536/65536 near=65536 far=0 fps=405.1 frame_us=2200 cull_us=3 terrain_us=0 wait_fence_us=2312 acquire_us=1 record_us=33 submit_us=29 present_us=159 terrain_lod=high blend=0.000 quality=中画质 marker=36 npc=1017
[2026-08-16T02:46:19Z INFO  steel_front::engine::game] ai: npcs=8 near=8 far=0 idle=0 patrol=0 chase=8 attack=0 tactics=[8, 0, 0, 0, 0, 0, 0, 0]
[2026-08-16T02:46:19Z INFO  steel_front::engine::game] game: wave=1 enemies=8 enemy_hp=100 hp=100/100 score=0 phys_us=2 ai_us=423 audio_us=7 net_us=0
[2026-08-16T02:46:19Z INFO  steel_front] cam: yaw=0.0 pitch=0.0 dist=3.4 mode=FirstPerson cycle_us=2320 update_us=12 render_us=2308
[2026-08-16T02:46:20Z INFO  steel_front::engine::game] npc: #3 stand (3.4, 0.0, 11.5)
[2026-08-16T02:46:20Z INFO  steel_front::engine::renderer] visible=65536/65536 near=65536 far=0 fps=406.3 frame_us=2360 cull_us=12 terrain_us=0 wait_fence_us=2091 acquire_us=6 record_us=22 submit_us=29 present_us=110 terrain_lod=high blend=0.000 quality=中画质 marker=37 npc=1017
[2026-08-16T02:46:20Z INFO  steel_front] size diag: window_inner=2560x1600 hud=2560x1600
[2026-08-16T02:46:20Z INFO  steel_front::engine::game] ai: npcs=8 near=8 far=0 idle=0 patrol=0 chase=7 attack=1 tactics=[8, 0, 0, 0, 0, 0, 0, 0]
[2026-08-16T02:46:20Z INFO  steel_front::engine::game] game: wave=1 enemies=8 enemy_hp=100 hp=100/100 score=0 phys_us=1 ai_us=98 audio_us=24 net_us=0
[2026-08-16T02:46:20Z INFO  steel_front] size diag: window_inner=2560x1600 hud=2560x1600
[2026-08-16T02:46:20Z INFO  steel_front] size diag: window_inner=2560x1600 hud=2560x1600
[2026-08-16T02:46:20Z INFO  steel_front] size diag: window_inner=2560x1600 hud=2560x1600
[2026-08-16T02:46:20Z INFO  steel_front] size diag: window_inner=2560x1600 hud=2560x1600
[2026-08-16T02:46:20Z INFO  steel_front] size diag: window_inner=2560x1600 hud=2560x1600
[2026-08-16T02:46:20Z INFO  steel_front] size diag: window_inner=2560x1600 hud=2560x1600
[2026-08-16T02:46:20Z INFO  steel_front] size diag: window_inner=2560x1600 hud=2560x1600
[2026-08-16T02:46:20Z INFO  steel_front] size diag: window_inner=2560x1600 hud=2560x1600
[2026-08-16T02:46:20Z INFO  steel_front] size diag: window_inner=2560x1600 hud=2560x1600
[2026-08-16T02:46:20Z INFO  steel_front] size diag: window_inner=2560x1600 hud=2560x1600
[2026-08-16T02:46:20Z INFO  steel_front] size diag: window_inner=2560x1600 hud=2560x1600
[2026-08-16T02:46:20Z INFO  steel_front] size diag: window_inner=2560x1600 hud=2560x1600
[2026-08-16T02:46:20Z INFO  steel_front] size diag: window_inner=2560x1600 hud=2560x1600
[2026-08-16T02:46:20Z INFO  steel_front] size diag: window_inner=2560x1600 hud=2560x1600
[2026-08-16T02:46:20Z INFO  steel_front] size diag: window_inner=2560x1600 hud=2560x1600
[2026-08-16T02:46:20Z INFO  steel_front] size diag: window_inner=2560x1600 hud=2560x1600
[2026-08-16T02:46:20Z INFO  steel_front] size diag: window_inner=2560x1600 hud=2560x1600
[2026-08-16T02:46:20Z INFO  steel_front] size diag: window_inner=2560x1600 hud=2560x1600
[2026-08-16T02:46:20Z INFO  steel_front] size diag: window_inner=2560x1600 hud=2560x1600
[2026-08-16T02:46:20Z INFO  steel_front::engine::game] npc: #4 stand (4.0, 0.0, -11.3)
[2026-08-16T02:46:20Z INFO  steel_front] cam: yaw=0.0 pitch=0.0 dist=3.4 mode=FirstPerson cycle_us=3349 update_us=31 render_us=3318
[2026-08-16T02:46:21Z INFO  steel_front::engine::renderer] visible=65536/65536 near=65536 far=0 fps=405.8 frame_us=1876 cull_us=2 terrain_us=0 wait_fence_us=1987 acquire_us=0 record_us=35 submit_us=24 present_us=185 terrain_lod=high blend=0.000 quality=中画质 marker=36 npc=1017
[2026-08-16T02:46:21Z INFO  steel_front::engine::game] ai: npcs=8 near=8 far=0 idle=0 patrol=0 chase=6 attack=2 tactics=[8, 0, 0, 0, 0, 0, 0, 0]
[2026-08-16T02:46:21Z INFO  steel_front::engine::game] game: wave=1 enemies=8 enemy_hp=100 hp=100/100 score=0 phys_us=4 ai_us=155 audio_us=8 net_us=0
[2026-08-16T02:46:21Z INFO  steel_front::engine::game] npc: #1 stand (-11.4, 0.0, 3.6)
[2026-08-16T02:46:21Z INFO  steel_front] cam: yaw=0.0 pitch=0.0 dist=3.4 mode=FirstPerson cycle_us=2416 update_us=17 render_us=2398
[2026-08-16T02:46:22Z INFO  steel_front::engine::renderer] visible=65536/65536 near=65536 far=0 fps=387.7 frame_us=2246 cull_us=4 terrain_us=0 wait_fence_us=1868 acquire_us=1 record_us=35 submit_us=44 present_us=279 terrain_lod=high blend=0.000 quality=中画质 marker=63 npc=1017
[2026-08-16T02:46:22Z INFO  steel_front::engine::game] ai: npcs=8 near=8 far=0 idle=0 patrol=0 chase=5 attack=3 tactics=[8, 0, 0, 0, 0, 0, 0, 0]
[2026-08-16T02:46:22Z INFO  steel_front::engine::game] game: wave=1 enemies=8 enemy_hp=100 hp=100/100 score=0 phys_us=2 ai_us=357 audio_us=22 net_us=0
[2026-08-16T02:46:22Z INFO  steel_front] cam: yaw=0.0 pitch=0.0 dist=3.4 mode=FirstPerson cycle_us=3042 update_us=29 render_us=3012
[2026-08-16T02:46:23Z INFO  steel_front::engine::renderer] visible=65536/65536 near=65536 far=0 fps=396.3 frame_us=2306 cull_us=3 terrain_us=0 wait_fence_us=2595 acquire_us=1 record_us=17 submit_us=17 present_us=99 terrain_lod=high blend=0.000 quality=中画质 marker=38 npc=1017
[2026-08-16T02:46:23Z INFO  steel_front::engine::game] ai: npcs=8 near=8 far=0 idle=0 patrol=0 chase=5 attack=3 tactics=[8, 0, 0, 0, 0, 0, 0, 0]
[2026-08-16T02:46:23Z INFO  steel_front::engine::game] game: wave=1 enemies=8 enemy_hp=100 hp=100/100 score=0 phys_us=1 ai_us=344 audio_us=22 net_us=0
[2026-08-16T02:46:23Z INFO  steel_front] cam: yaw=0.0 pitch=0.0 dist=3.4 mode=FirstPerson cycle_us=2434 update_us=21 render_us=2413
[2026-08-16T02:46:24Z INFO  steel_front::engine::renderer] visible=65536/65536 near=65536 far=0 fps=397.1 frame_us=2999 cull_us=3 terrain_us=0 wait_fence_us=1604 acquire_us=1 record_us=35 submit_us=39 present_us=598 terrain_lod=high blend=0.000 quality=中画质 marker=63 npc=1017
[2026-08-16T02:46:24Z INFO  steel_front::engine::game] ai: npcs=8 near=8 far=0 idle=0 patrol=0 chase=5 attack=3 tactics=[8, 0, 0, 0, 0, 0, 0, 0]
[2026-08-16T02:46:24Z INFO  steel_front::engine::game] game: wave=1 enemies=8 enemy_hp=100 hp=100/100 score=0 phys_us=3 ai_us=346 audio_us=19 net_us=0
[2026-08-16T02:46:24Z INFO  steel_front] cam: yaw=0.0 pitch=0.0 dist=3.4 mode=FirstPerson cycle_us=2071 update_us=17 render_us=2053
[2026-08-16T02:46:25Z INFO  steel_front::engine::renderer] visible=65536/65536 near=65536 far=0 fps=397.7 frame_us=2407 cull_us=7 terrain_us=0 wait_fence_us=2023 acquire_us=6 record_us=39 submit_us=36 present_us=185 terrain_lod=high blend=0.000 quality=中画质 marker=40 npc=1017
[2026-08-16T02:46:25Z INFO  steel_front] size diag: window_inner=2560x1600 hud=2560x1600
[2026-08-16T02:46:25Z INFO  steel_front] size diag: window_inner=2560x1600 hud=2560x1600
[2026-08-16T02:46:25Z INFO  steel_front] size diag: window_inner=2560x1600 hud=2560x1600
[2026-08-16T02:46:25Z INFO  steel_front] size diag: window_inner=2560x1600 hud=2560x1600
[2026-08-16T02:46:25Z INFO  steel_front::engine::game] ai: npcs=8 near=8 far=0 idle=0 patrol=0 chase=5 attack=3 tactics=[8, 0, 0, 0, 0, 0, 0, 0]
[2026-08-16T02:46:25Z INFO  steel_front::engine::game] game: wave=1 enemies=8 enemy_hp=100 hp=100/100 score=0 phys_us=1 ai_us=171 audio_us=7 net_us=0
[2026-08-16T02:46:25Z INFO  steel_front] size diag: window_inner=2560x1600 hud=2560x1600
[2026-08-16T02:46:25Z INFO  steel_front] size diag: window_inner=2560x1600 hud=2560x1600
[2026-08-16T02:46:25Z INFO  steel_front] size diag: window_inner=2560x1600 hud=2560x1600
[2026-08-16T02:46:25Z INFO  steel_front] size diag: window_inner=2560x1600 hud=2560x1600
[2026-08-16T02:46:25Z INFO  steel_front] size diag: window_inner=2560x1600 hud=2560x1600
[2026-08-16T02:46:25Z INFO  steel_front] size diag: window_inner=2560x1600 hud=2560x1600
[2026-08-16T02:46:25Z INFO  steel_front] size diag: window_inner=2560x1600 hud=2560x1600
[2026-08-16T02:46:25Z INFO  steel_front] size diag: window_inner=2560x1600 hud=2560x1600
[2026-08-16T02:46:25Z INFO  steel_front] size diag: window_inner=2560x1600 hud=2560x1600
[2026-08-16T02:46:25Z INFO  steel_front] size diag: window_inner=2560x1600 hud=2560x1600
[2026-08-16T02:46:25Z INFO  steel_front] size diag: window_inner=2560x1600 hud=2560x1600
[2026-08-16T02:46:25Z INFO  steel_front] size diag: window_inner=2560x1600 hud=2560x1600
[2026-08-16T02:46:25Z INFO  steel_front] size diag: window_inner=2560x1600 hud=2560x1600
[2026-08-16T02:46:25Z INFO  steel_front] size diag: window_inner=2560x1600 hud=2560x1600
[2026-08-16T02:46:25Z INFO  steel_front] size diag: window_inner=2560x1600 hud=2560x1600
[2026-08-16T02:46:25Z INFO  steel_front] size diag: window_inner=2560x1600 hud=2560x1600
[2026-08-16T02:46:25Z INFO  steel_front] cam: yaw=0.0 pitch=0.0 dist=3.4 mode=FirstPerson cycle_us=2630 update_us=28 render_us=2601
[2026-08-16T02:46:26Z INFO  steel_front::engine::game] npc: #5 stand (11.8, 0.0, 2.0)
[2026-08-16T02:46:26Z INFO  steel_front::engine::renderer] visible=65536/65536 near=65536 far=0 fps=398.4 frame_us=2063 cull_us=4 terrain_us=0 wait_fence_us=2653 acquire_us=1 record_us=15 submit_us=13 present_us=87 terrain_lod=high blend=0.000 quality=中画质 marker=64 npc=1017
[2026-08-16T02:46:26Z INFO  steel_front::engine::game] ai: npcs=8 near=8 far=0 idle=0 patrol=0 chase=4 attack=4 tactics=[8, 0, 0, 0, 0, 0, 0, 0]
[2026-08-16T02:46:26Z INFO  steel_front::engine::game] game: wave=1 enemies=8 enemy_hp=100 hp=100/100 score=0 phys_us=2 ai_us=206 audio_us=15 net_us=0
[2026-08-16T02:46:26Z INFO  steel_front] cam: yaw=0.0 pitch=0.0 dist=3.4 mode=FirstPerson cycle_us=1779 update_us=47 render_us=1731
[2026-08-16T02:46:27Z INFO  steel_front::engine::game] npc: #7 stand (11.5, 0.0, 3.4)
[2026-08-16T02:46:27Z INFO  steel_front::engine::renderer] visible=65536/65536 near=65536 far=0 fps=398.4 frame_us=2929 cull_us=3 terrain_us=0 wait_fence_us=1698 acquire_us=1 record_us=39 submit_us=50 present_us=446 terrain_lod=high blend=0.000 quality=中画质 marker=48 npc=1017
[2026-08-16T02:46:27Z INFO  steel_front::engine::game] ai: npcs=8 near=8 far=0 idle=0 patrol=0 chase=3 attack=5 tactics=[8, 0, 0, 0, 0, 0, 0, 0]
[2026-08-16T02:46:27Z INFO  steel_front::engine::game] game: wave=1 enemies=8 enemy_hp=100 hp=100/100 score=0 phys_us=1 ai_us=335 audio_us=24 net_us=0
[2026-08-16T02:46:27Z INFO  steel_front] cam: yaw=0.0 pitch=0.0 dist=3.4 mode=FirstPerson cycle_us=2390 update_us=36 render_us=2354
[2026-08-16T02:46:28Z INFO  steel_front::engine::renderer] visible=65536/65536 near=65536 far=0 fps=398.0 frame_us=1875 cull_us=3 terrain_us=0 wait_fence_us=2300 acquire_us=1 record_us=34 submit_us=24 present_us=208 terrain_lod=high blend=0.000 quality=中画质 marker=70 npc=1017
[2026-08-16T02:46:28Z INFO  steel_front::engine::game] ai: npcs=8 near=8 far=0 idle=0 patrol=0 chase=3 attack=5 tactics=[8, 0, 0, 0, 0, 0, 0, 0]
[2026-08-16T02:46:28Z INFO  steel_front::engine::game] game: wave=1 enemies=8 enemy_hp=100 hp=100/100 score=0 phys_us=1 ai_us=390 audio_us=26 net_us=0
[2026-08-16T02:46:28Z INFO  steel_front::engine::game] npc: #2 stand (1.9, 0.0, -11.8)
[2026-08-16T02:46:28Z INFO  steel_front] cam: yaw=0.0 pitch=0.0 dist=3.4 mode=FirstPerson cycle_us=3306 update_us=15 render_us=3291
[2026-08-16T02:46:28Z INFO  steel_front::engine::game] npc: #0 stand (2.9, 0.0, -11.6)
[2026-08-16T02:46:29Z INFO  steel_front::engine::renderer] visible=65536/65536 near=65536 far=0 fps=394.8 frame_us=2194 cull_us=2 terrain_us=0 wait_fence_us=2461 acquire_us=0 record_us=35 submit_us=25 present_us=186 terrain_lod=high blend=0.000 quality=中画质 marker=71 npc=1017
[2026-08-16T02:46:29Z INFO  steel_front::engine::game] ai: npcs=8 near=8 far=0 idle=0 patrol=0 chase=1 attack=7 tactics=[8, 0, 0, 0, 0, 0, 0, 0]
[2026-08-16T02:46:29Z INFO  steel_front::engine::game] game: wave=1 enemies=8 enemy_hp=100 hp=100/100 score=0 phys_us=2 ai_us=367 audio_us=21 net_us=0
[2026-08-16T02:46:29Z INFO  steel_front] cam: yaw=0.0 pitch=0.0 dist=3.4 mode=FirstPerson cycle_us=2369 update_us=36 render_us=2333
[2026-08-16T02:46:30Z INFO  steel_front::engine::renderer] visible=65536/65536 near=65536 far=0 fps=398.5 frame_us=3392 cull_us=6 terrain_us=0 wait_fence_us=1629 acquire_us=0 record_us=34 submit_us=26 present_us=699 terrain_lod=high blend=0.000 quality=中画质 marker=84 npc=1017
[2026-08-16T02:46:30Z INFO  steel_front] size diag: window_inner=2560x1600 hud=2560x1600
[2026-08-16T02:46:30Z INFO  steel_front] size diag: window_inner=2560x1600 hud=2560x1600
[2026-08-16T02:46:30Z INFO  steel_front] size diag: window_inner=2560x1600 hud=2560x1600
[2026-08-16T02:46:30Z INFO  steel_front] size diag: window_inner=2560x1600 hud=2560x1600
[2026-08-16T02:46:30Z INFO  steel_front] size diag: window_inner=2560x1600 hud=2560x1600
[2026-08-16T02:46:30Z INFO  steel_front] size diag: window_inner=2560x1600 hud=2560x1600
[2026-08-16T02:46:30Z INFO  steel_front] size diag: window_inner=2560x1600 hud=2560x1600
[2026-08-16T02:46:30Z INFO  steel_front::engine::game] ai: npcs=8 near=8 far=0 idle=0 patrol=0 chase=1 attack=7 tactics=[8, 0, 0, 0, 0, 0, 0, 0]
[2026-08-16T02:46:30Z INFO  steel_front::engine::game] game: wave=1 enemies=8 enemy_hp=100 hp=100/100 score=0 phys_us=1 ai_us=113 audio_us=19 net_us=0
[2026-08-16T02:46:30Z INFO  steel_front] size diag: window_inner=2560x1600 hud=2560x1600
[2026-08-16T02:46:30Z INFO  steel_front] size diag: window_inner=2560x1600 hud=2560x1600
[2026-08-16T02:46:30Z INFO  steel_front] size diag: window_inner=2560x1600 hud=2560x1600
[2026-08-16T02:46:30Z INFO  steel_front] size diag: window_inner=2560x1600 hud=2560x1600
[2026-08-16T02:46:30Z INFO  steel_front] size diag: window_inner=2560x1600 hud=2560x1600
[2026-08-16T02:46:30Z INFO  steel_front] size diag: window_inner=2560x1600 hud=2560x1600
[2026-08-16T02:46:30Z INFO  steel_front] size diag: window_inner=2560x1600 hud=2560x1600
[2026-08-16T02:46:30Z INFO  steel_front] size diag: window_inner=2560x1600 hud=2560x1600
[2026-08-16T02:46:30Z INFO  steel_front] size diag: window_inner=2560x1600 hud=2560x1600
[2026-08-16T02:46:30Z INFO  steel_front] size diag: window_inner=2560x1600 hud=2560x1600
[2026-08-16T02:46:30Z INFO  steel_front] size diag: window_inner=2560x1600 hud=2560x1600
[2026-08-16T02:46:30Z INFO  steel_front] size diag: window_inner=2560x1600 hud=2560x1600
[2026-08-16T02:46:30Z INFO  steel_front] size diag: window_inner=2560x1600 hud=2560x1600
[2026-08-16T02:46:30Z INFO  steel_front] cam: yaw=0.0 pitch=0.0 dist=3.4 mode=FirstPerson cycle_us=1996 update_us=18 render_us=1977
[2026-08-16T02:46:31Z INFO  steel_front::engine::renderer] visible=65536/65536 near=65536 far=0 fps=398.7 frame_us=1755 cull_us=2 terrain_us=0 wait_fence_us=2175 acquire_us=0 record_us=15 submit_us=11 present_us=89 terrain_lod=high blend=0.000 quality=中画质 marker=72 npc=1017
[2026-08-16T02:46:31Z INFO  steel_front::engine::game] ai: npcs=8 near=8 far=0 idle=0 patrol=0 chase=1 attack=7 tactics=[8, 0, 0, 0, 0, 0, 0, 0]
[2026-08-16T02:46:31Z INFO  steel_front::engine::game] game: wave=1 enemies=8 enemy_hp=100 hp=100/100 score=0 phys_us=1 ai_us=338 audio_us=13 net_us=0
[2026-08-16T02:46:31Z INFO  steel_front] cam: yaw=0.0 pitch=0.0 dist=3.4 mode=FirstPerson cycle_us=2372 update_us=15 render_us=2357
[2026-08-16T02:46:32Z INFO  steel_front::engine::renderer] visible=65536/65536 near=65536 far=0 fps=398.1 frame_us=2405 cull_us=3 terrain_us=0 wait_fence_us=2258 acquire_us=1 record_us=40 submit_us=31 present_us=248 terrain_lod=high blend=0.000 quality=中画质 marker=84 npc=1017
[2026-08-16T02:46:32Z INFO  steel_front::engine::game] ai: npcs=8 near=8 far=0 idle=0 patrol=0 chase=1 attack=7 tactics=[8, 0, 0, 0, 0, 0, 0, 0]
[2026-08-16T02:46:32Z INFO  steel_front::engine::game] game: wave=1 enemies=8 enemy_hp=100 hp=100/100 score=0 phys_us=1 ai_us=126 audio_us=24 net_us=0
[2026-08-16T02:46:32Z INFO  steel_front::engine::game] npc: #6 stand (2.1, 0.0, -11.8)
[2026-08-16T02:46:32Z INFO  steel_front] cam: yaw=0.0 pitch=0.0 dist=3.4 mode=FirstPerson cycle_us=2289 update_us=39 render_us=2250
[2026-08-16T02:46:33Z INFO  steel_front::engine::game] map: level 1 generated: 36 obstacle bodies (wall=20 block=0 barrier=0 tree=3 building=6 ruin=7), 203 grid cells blocked
[2026-08-16T02:46:33Z INFO  steel_front::engine::game] game: purged 8 leftover npcs on run start
[2026-08-16T02:46:33Z INFO  steel_front::engine::game] wave: npc #8 spawn (65.3, 0.0, 25.3)
[2026-08-16T02:46:33Z INFO  steel_front::engine::game] wave: npc #9 spawn (6.1, 0.0, 39.5)
[2026-08-16T02:46:33Z INFO  steel_front::engine::game] wave: npc #10 spawn (-46.8, 0.0, 37.6)
[2026-08-16T02:46:33Z INFO  steel_front::engine::game] wave: npc #11 spawn (-74.6, 0.0, -28.9)
[2026-08-16T02:46:33Z INFO  steel_front::engine::game] wave: npc #12 spawn (-7.6, 0.0, -49.4)
[2026-08-16T02:46:33Z INFO  steel_front::engine::game] wave: npc #13 spawn (54.6, 0.0, -43.9)
[2026-08-16T02:46:33Z INFO  steel_front::engine::game] wave: wave 1 spawned 6 enemies (kind=Normal total=6 speed=4.0 hp=100 effective=1)
[2026-08-16T02:46:33Z INFO  steel_front::engine::game] game: run started (wave 1)
[2026-08-16T02:46:33Z INFO  steel_front] input: cursor captured (mouse look on, grab=locked, look=relative)
[2026-08-16T02:46:33Z INFO  steel_front::engine::game] physics: 36 events this frame (GroundHit, GroundHit, GroundHit, GroundHit, GroundHit, GroundHit, GroundHit, GroundHit, GroundHit, GroundHit, GroundHit, GroundHit, GroundHit, GroundHit, GroundHit, GroundHit, GroundHit, GroundHit, GroundHit, GroundHit, GroundHit, GroundHit, GroundHit, GroundHit, GroundHit, GroundHit, GroundHit, GroundHit, GroundHit, GroundHit, GroundHit, GroundHit, GroundHit, GroundHit, GroundHit, GroundHit)
[2026-08-16T02:46:33Z INFO  steel_front::engine::renderer] visible=65536/65536 near=65536 far=0 fps=394.5 frame_us=2414 cull_us=5 terrain_us=0 wait_fence_us=8 acquire_us=3 record_us=98 submit_us=28 present_us=197 terrain_lod=high blend=0.000 quality=中画质 marker=84 npc=1017
[2026-08-16T02:46:33Z INFO  steel_front::engine::game] ai: npcs=6 near=6 far=0 idle=0 patrol=3 chase=3 attack=0 tactics=[4, 1, 1, 0, 0, 0, 0, 0]
[2026-08-16T02:46:33Z INFO  steel_front::engine::game] game: wave=1 enemies=6 enemy_hp=100 hp=100/100 score=0 phys_us=1 ai_us=352 audio_us=23 net_us=0
[2026-08-16T02:46:33Z INFO  steel_front] cam: yaw=0.0 pitch=0.0 dist=3.4 mode=FirstPerson cycle_us=2255 update_us=23 render_us=2231
[2026-08-16T02:46:34Z INFO  steel_front::engine::renderer] visible=65536/65536 near=65536 far=0 fps=413.8 frame_us=2063 cull_us=6 terrain_us=0 wait_fence_us=1709 acquire_us=1 record_us=37 submit_us=42 present_us=392 terrain_lod=high blend=0.000 quality=中画质 marker=36 npc=1017
[2026-08-16T02:46:34Z INFO  steel_front::engine::game] ai: npcs=6 near=6 far=0 idle=0 patrol=3 chase=3 attack=0 tactics=[4, 1, 1, 0, 0, 0, 0, 0]
[2026-08-16T02:46:34Z INFO  steel_front::engine::game] game: wave=1 enemies=6 enemy_hp=100 hp=100/100 score=0 phys_us=1 ai_us=348 audio_us=11 net_us=0
[2026-08-16T02:46:34Z INFO  steel_front] cam: yaw=0.0 pitch=0.0 dist=3.4 mode=FirstPerson cycle_us=2238 update_us=15 render_us=2223
[2026-08-16T02:46:35Z INFO  steel_front::engine::renderer] visible=65536/65536 near=65536 far=0 fps=420.6 frame_us=2529 cull_us=6 terrain_us=0 wait_fence_us=1472 acquire_us=1 record_us=18 submit_us=29 present_us=703 terrain_lod=high blend=0.000 quality=中画质 marker=36 npc=1017
[2026-08-16T02:46:35Z INFO  steel_front] size diag: window_inner=2560x1600 hud=2560x1600
[2026-08-16T02:46:35Z INFO  steel_front] size diag: window_inner=2560x1600 hud=2560x1600
[2026-08-16T02:46:35Z INFO  steel_front] size diag: window_inner=2560x1600 hud=2560x1600
[2026-08-16T02:46:35Z INFO  steel_front] size diag: window_inner=2560x1600 hud=2560x1600
[2026-08-16T02:46:35Z INFO  steel_front] size diag: window_inner=2560x1600 hud=2560x1600
[2026-08-16T02:46:35Z INFO  steel_front] size diag: window_inner=2560x1600 hud=2560x1600
[2026-08-16T02:46:35Z INFO  steel_front] size diag: window_inner=2560x1600 hud=2560x1600
[2026-08-16T02:46:35Z INFO  steel_front] size diag: window_inner=2560x1600 hud=2560x1600
[2026-08-16T02:46:35Z INFO  steel_front] size diag: window_inner=2560x1600 hud=2560x1600
[2026-08-16T02:46:35Z INFO  steel_front::engine::game] ai: npcs=6 near=6 far=0 idle=0 patrol=3 chase=3 attack=0 tactics=[4, 1, 1, 0, 0, 0, 0, 0]
[2026-08-16T02:46:35Z INFO  steel_front::engine::game] game: wave=1 enemies=6 enemy_hp=100 hp=100/100 score=0 phys_us=1 ai_us=108 audio_us=29 net_us=0
[2026-08-16T02:46:35Z INFO  steel_front] size diag: window_inner=2560x1600 hud=2560x1600
[2026-08-16T02:46:35Z INFO  steel_front] size diag: window_inner=2560x1600 hud=2560x1600
[2026-08-16T02:46:35Z INFO  steel_front] size diag: window_inner=2560x1600 hud=2560x1600
[2026-08-16T02:46:35Z INFO  steel_front] size diag: window_inner=2560x1600 hud=2560x1600
[2026-08-16T02:46:35Z INFO  steel_front] size diag: window_inner=2560x1600 hud=2560x1600
[2026-08-16T02:46:35Z INFO  steel_front] size diag: window_inner=2560x1600 hud=2560x1600
[2026-08-16T02:46:35Z INFO  steel_front] size diag: window_inner=2560x1600 hud=2560x1600
[2026-08-16T02:46:35Z INFO  steel_front] size diag: window_inner=2560x1600 hud=2560x1600
[2026-08-16T02:46:35Z INFO  steel_front] size diag: window_inner=2560x1600 hud=2560x1600
[2026-08-16T02:46:35Z INFO  steel_front] size diag: window_inner=2560x1600 hud=2560x1600
[2026-08-16T02:46:35Z INFO  steel_front] size diag: window_inner=2560x1600 hud=2560x1600
[2026-08-16T02:46:35Z INFO  steel_front] size diag: window_inner=2560x1600 hud=2560x1600
[2026-08-16T02:46:35Z INFO  steel_front] cam: yaw=0.0 pitch=0.0 dist=3.4 mode=FirstPerson cycle_us=2426 update_us=14 render_us=2411
[2026-08-16T02:46:36Z INFO  steel_front::engine::renderer] visible=65536/65536 near=65536 far=0 fps=419.8 frame_us=2557 cull_us=5 terrain_us=0 wait_fence_us=1015 acquire_us=1 record_us=36 submit_us=85 present_us=673 terrain_lod=high blend=0.000 quality=中画质 marker=36 npc=1017
[2026-08-16T02:46:36Z INFO  steel_front::engine::game] ai: npcs=6 near=6 far=0 idle=0 patrol=3 chase=3 attack=0 tactics=[4, 1, 1, 0, 0, 0, 0, 0]
[2026-08-16T02:46:36Z INFO  steel_front::engine::game] game: wave=1 enemies=6 enemy_hp=100 hp=100/100 score=0 phys_us=1 ai_us=329 audio_us=33 net_us=0
[2026-08-16T02:46:36Z INFO  steel_front] cam: yaw=0.0 pitch=0.0 dist=3.4 mode=FirstPerson cycle_us=2720 update_us=15 render_us=2704
[2026-08-16T02:46:37Z INFO  steel_front::engine::renderer] visible=65536/65536 near=65536 far=0 fps=421.1 frame_us=2134 cull_us=5 terrain_us=0 wait_fence_us=1756 acquire_us=1 record_us=21 submit_us=22 present_us=87 terrain_lod=high blend=0.000 quality=中画质 marker=36 npc=1017
[2026-08-16T02:46:37Z INFO  steel_front::engine::game] ai: npcs=6 near=6 far=0 idle=0 patrol=3 chase=3 attack=0 tactics=[3, 1, 1, 0, 0, 0, 0, 1]
[2026-08-16T02:46:37Z INFO  steel_front::engine::game] game: wave=1 enemies=6 enemy_hp=100 hp=100/100 score=0 phys_us=2 ai_us=433 audio_us=17 net_us=0
[2026-08-16T02:46:37Z INFO  steel_front] cam: yaw=0.0 pitch=0.0 dist=3.4 mode=FirstPerson cycle_us=3134 update_us=20 render_us=3114
[2026-08-16T02:46:38Z INFO  steel_front::engine::renderer] visible=65536/65536 near=65536 far=0 fps=421.1 frame_us=1768 cull_us=2 terrain_us=0 wait_fence_us=1725 acquire_us=0 record_us=36 submit_us=32 present_us=363 terrain_lod=high blend=0.000 quality=中画质 marker=36 npc=1017
[2026-08-16T02:46:38Z INFO  steel_front::engine::game] ai: npcs=6 near=6 far=0 idle=0 patrol=3 chase=3 attack=0 tactics=[4, 1, 1, 0, 0, 0, 0, 0]
[2026-08-16T02:46:38Z INFO  steel_front::engine::game] game: wave=1 enemies=6 enemy_hp=100 hp=100/100 score=0 phys_us=2 ai_us=373 audio_us=23 net_us=0
[2026-08-16T02:46:38Z INFO  steel_front] cam: yaw=0.0 pitch=0.0 dist=3.4 mode=FirstPerson cycle_us=2917 update_us=16 render_us=2901
[2026-08-16T02:46:39Z INFO  steel_front::engine::renderer] visible=65536/65536 near=65536 far=0 fps=420.7 frame_us=2608 cull_us=6 terrain_us=0 wait_fence_us=633 acquire_us=0 record_us=39 submit_us=32 present_us=670 terrain_lod=high blend=0.000 quality=中画质 marker=36 npc=1017
[2026-08-16T02:46:39Z INFO  steel_front::engine::game] ai: npcs=6 near=5 far=1 idle=0 patrol=3 chase=3 attack=0 tactics=[3, 1, 1, 0, 0, 0, 0, 1]
[2026-08-16T02:46:39Z INFO  steel_front::engine::game] game: wave=1 enemies=6 enemy_hp=100 hp=100/100 score=0 phys_us=2 ai_us=442 audio_us=26 net_us=0
[2026-08-16T02:46:39Z INFO  steel_front] cam: yaw=0.0 pitch=0.0 dist=3.4 mode=FirstPerson cycle_us=2236 update_us=40 render_us=2195
[2026-08-16T02:46:40Z INFO  steel_front::engine::renderer] visible=65536/65536 near=65536 far=0 fps=420.6 frame_us=1768 cull_us=5 terrain_us=0 wait_fence_us=1519 acquire_us=0 record_us=35 submit_us=34 present_us=172 terrain_lod=high blend=0.000 quality=中画质 marker=36 npc=1017
[2026-08-16T02:46:40Z INFO  steel_front] size diag: window_inner=2560x1600 hud=2560x1600
[2026-08-16T02:46:40Z INFO  steel_front] size diag: window_inner=2560x1600 hud=2560x1600
[2026-08-16T02:46:40Z INFO  steel_front] size diag: window_inner=2560x1600 hud=2560x1600
[2026-08-16T02:46:40Z INFO  steel_front] size diag: window_inner=2560x1600 hud=2560x1600
[2026-08-16T02:46:40Z INFO  steel_front] size diag: window_inner=2560x1600 hud=2560x1600
[2026-08-16T02:46:40Z INFO  steel_front] size diag: window_inner=2560x1600 hud=2560x1600
[2026-08-16T02:46:40Z INFO  steel_front] size diag: window_inner=2560x1600 hud=2560x1600
[2026-08-16T02:46:40Z INFO  steel_front] size diag: window_inner=2560x1600 hud=2560x1600
[2026-08-16T02:46:40Z INFO  steel_front] size diag: window_inner=2560x1600 hud=2560x1600
[2026-08-16T02:46:40Z INFO  steel_front] size diag: window_inner=2560x1600 hud=2560x1600
[2026-08-16T02:46:40Z INFO  steel_front] size diag: window_inner=2560x1600 hud=2560x1600
[2026-08-16T02:46:40Z INFO  steel_front::engine::game] ai: npcs=6 near=5 far=1 idle=0 patrol=3 chase=3 attack=0 tactics=[4, 1, 1, 0, 0, 0, 0, 0]
[2026-08-16T02:46:40Z INFO  steel_front::engine::game] game: wave=1 enemies=6 enemy_hp=100 hp=100/100 score=0 phys_us=3 ai_us=194 audio_us=11 net_us=0
[2026-08-16T02:46:40Z INFO  steel_front] size diag: window_inner=2560x1600 hud=2560x1600
[2026-08-16T02:46:40Z INFO  steel_front] size diag: window_inner=2560x1600 hud=2560x1600
[2026-08-16T02:46:40Z INFO  steel_front] size diag: window_inner=2560x1600 hud=2560x1600
[2026-08-16T02:46:40Z INFO  steel_front] size diag: window_inner=2560x1600 hud=2560x1600
[2026-08-16T02:46:40Z INFO  steel_front] size diag: window_inner=2560x1600 hud=2560x1600
[2026-08-16T02:46:40Z INFO  steel_front] size diag: window_inner=2560x1600 hud=2560x1600
[2026-08-16T02:46:40Z INFO  steel_front] size diag: window_inner=2560x1600 hud=2560x1600
[2026-08-16T02:46:40Z INFO  steel_front] size diag: window_inner=2560x1600 hud=2560x1600
[2026-08-16T02:46:40Z INFO  steel_front] size diag: window_inner=2560x1600 hud=2560x1600
[2026-08-16T02:46:40Z INFO  steel_front] size diag: window_inner=2560x1600 hud=2560x1600
[2026-08-16T02:46:40Z INFO  steel_front] cam: yaw=0.0 pitch=0.0 dist=3.4 mode=FirstPerson cycle_us=2221 update_us=37 render_us=2183
[2026-08-16T02:46:41Z INFO  steel_front::engine::renderer] visible=65536/65536 near=65536 far=0 fps=420.9 frame_us=1394 cull_us=6 terrain_us=0 wait_fence_us=1698 acquire_us=1 record_us=18 submit_us=18 present_us=91 terrain_lod=high blend=0.000 quality=中画质 marker=36 npc=1017
[2026-08-16T02:46:41Z INFO  steel_front::engine::game] ai: npcs=6 near=5 far=1 idle=0 patrol=3 chase=3 attack=0 tactics=[4, 1, 1, 0, 0, 0, 0, 0]
[2026-08-16T02:46:41Z INFO  steel_front::engine::game] game: wave=1 enemies=6 enemy_hp=100 hp=100/100 score=0 phys_us=1 ai_us=424 audio_us=11 net_us=0
[2026-08-16T02:46:41Z INFO  steel_front] cam: yaw=0.0 pitch=0.0 dist=3.4 mode=FirstPerson cycle_us=2681 update_us=32 render_us=2649
[2026-08-16T02:46:42Z INFO  steel_front::engine::renderer] visible=65536/65536 near=65536 far=0 fps=416.9 frame_us=1983 cull_us=9 terrain_us=0 wait_fence_us=1681 acquire_us=1 record_us=37 submit_us=33 present_us=177 terrain_lod=high blend=0.000 quality=中画质 marker=36 npc=1017
[2026-08-16T02:46:42Z INFO  steel_front::engine::game] ai: npcs=6 near=5 far=1 idle=0 patrol=3 chase=3 attack=0 tactics=[2, 1, 1, 0, 0, 0, 0, 2]
[2026-08-16T02:46:42Z INFO  steel_front::engine::game] game: wave=1 enemies=6 enemy_hp=100 hp=100/100 score=0 phys_us=2 ai_us=378 audio_us=10 net_us=0
[2026-08-16T02:46:42Z INFO  steel_front] cam: yaw=0.0 pitch=0.0 dist=3.4 mode=FirstPerson cycle_us=2548 update_us=30 render_us=2517
[2026-08-16T02:46:42Z INFO  steel_front::engine::game] npc: #9 stand (5.7, 0.0, 10.6)
[2026-08-16T02:46:43Z INFO  steel_front::engine::renderer] visible=65536/65536 near=65536 far=0 fps=420.3 frame_us=2821 cull_us=5 terrain_us=0 wait_fence_us=840 acquire_us=0 record_us=35 submit_us=34 present_us=691 terrain_lod=high blend=0.000 quality=中画质 marker=54 npc=1017
[2026-08-16T02:46:43Z INFO  steel_front::engine::game] ai: npcs=6 near=5 far=1 idle=0 patrol=3 chase=2 attack=1 tactics=[4, 1, 1, 0, 0, 0, 0, 0]
[2026-08-16T02:46:43Z INFO  steel_front::engine::game] game: wave=1 enemies=6 enemy_hp=100 hp=95/100 score=0 phys_us=2 ai_us=435 audio_us=11 net_us=0
[2026-08-16T02:46:43Z INFO  steel_front] cam: yaw=0.0 pitch=0.0 dist=3.4 mode=FirstPerson cycle_us=2514 update_us=36 render_us=2477
[2026-08-16T02:46:44Z INFO  steel_front::engine::renderer] visible=65536/65536 near=65536 far=0 fps=420.9 frame_us=1787 cull_us=6 terrain_us=0 wait_fence_us=1633 acquire_us=0 record_us=37 submit_us=35 present_us=152 terrain_lod=high blend=0.000 quality=中画质 marker=36 npc=1017
[2026-08-16T02:46:44Z INFO  steel_front::engine::game] ai: npcs=6 near=5 far=1 idle=0 patrol=3 chase=2 attack=1 tactics=[3, 1, 1, 0, 0, 0, 0, 1]
[2026-08-16T02:46:44Z INFO  steel_front::engine::game] game: wave=1 enemies=6 enemy_hp=100 hp=90/100 score=0 phys_us=2 ai_us=378 audio_us=12 net_us=0
[2026-08-16T02:46:44Z INFO  steel_front] cam: yaw=0.0 pitch=0.0 dist=3.4 mode=FirstPerson cycle_us=2621 update_us=38 render_us=2582
[2026-08-16T02:46:45Z INFO  steel_front::engine::renderer] visible=65536/65536 near=65536 far=0 fps=417.5 frame_us=1779 cull_us=6 terrain_us=0 wait_fence_us=1724 acquire_us=0 record_us=18 submit_us=52 present_us=90 terrain_lod=high blend=0.000 quality=中画质 marker=56 npc=1017
[2026-08-16T02:46:45Z INFO  steel_front] size diag: window_inner=2560x1600 hud=2560x1600
[2026-08-16T02:46:45Z INFO  steel_front] size diag: window_inner=2560x1600 hud=2560x1600
[2026-08-16T02:46:45Z INFO  steel_front] size diag: window_inner=2560x1600 hud=2560x1600
[2026-08-16T02:46:45Z INFO  steel_front] size diag: window_inner=2560x1600 hud=2560x1600
[2026-08-16T02:46:45Z INFO  steel_front] size diag: window_inner=2560x1600 hud=2560x1600
[2026-08-16T02:46:45Z INFO  steel_front] size diag: window_inner=2560x1600 hud=2560x1600
[2026-08-16T02:46:45Z INFO  steel_front] size diag: window_inner=2560x1600 hud=2560x1600
[2026-08-16T02:46:45Z INFO  steel_front] size diag: window_inner=2560x1600 hud=2560x1600
[2026-08-16T02:46:45Z INFO  steel_front] size diag: window_inner=2560x1600 hud=2560x1600
[2026-08-16T02:46:45Z INFO  steel_front] size diag: window_inner=2560x1600 hud=2560x1600
[2026-08-16T02:46:45Z INFO  steel_front] size diag: window_inner=2560x1600 hud=2560x1600
[2026-08-16T02:46:45Z INFO  steel_front] size diag: window_inner=2560x1600 hud=2560x1600
[2026-08-16T02:46:45Z INFO  steel_front] size diag: window_inner=2560x1600 hud=2560x1600
[2026-08-16T02:46:45Z INFO  steel_front] size diag: window_inner=2560x1600 hud=2560x1600
[2026-08-16T02:46:45Z INFO  steel_front] size diag: window_inner=2560x1600 hud=2560x1600
[2026-08-16T02:46:45Z INFO  steel_front::engine::game] ai: npcs=6 near=5 far=1 idle=0 patrol=3 chase=2 attack=1 tactics=[3, 1, 1, 0, 0, 0, 0, 1]
[2026-08-16T02:46:45Z INFO  steel_front::engine::game] game: wave=1 enemies=6 enemy_hp=100 hp=85/100 score=0 phys_us=2 ai_us=198 audio_us=23 net_us=0
[2026-08-16T02:46:45Z INFO  steel_front] size diag: window_inner=2560x1600 hud=2560x1600
[2026-08-16T02:46:45Z INFO  steel_front] size diag: window_inner=2560x1600 hud=2560x1600
[2026-08-16T02:46:45Z INFO  steel_front] size diag: window_inner=2560x1600 hud=2560x1600
[2026-08-16T02:46:45Z INFO  steel_front] size diag: window_inner=2560x1600 hud=2560x1600
[2026-08-16T02:46:45Z INFO  steel_front] size diag: window_inner=2560x1600 hud=2560x1600
[2026-08-16T02:46:45Z INFO  steel_front] size diag: window_inner=2560x1600 hud=2560x1600
[2026-08-16T02:46:45Z INFO  steel_front] cam: yaw=0.0 pitch=0.0 dist=3.4 mode=FirstPerson cycle_us=2244 update_us=14 render_us=2230
[2026-08-16T02:46:46Z INFO  steel_front::engine::renderer] visible=65536/65536 near=65536 far=0 fps=420.1 frame_us=2457 cull_us=6 terrain_us=0 wait_fence_us=1099 acquire_us=0 record_us=19 submit_us=16 present_us=670 terrain_lod=high blend=0.000 quality=中画质 marker=36 npc=1017
[2026-08-16T02:46:46Z INFO  steel_front::engine::game] ai: npcs=6 near=5 far=1 idle=0 patrol=3 chase=2 attack=1 tactics=[4, 1, 1, 0, 0, 0, 0, 0]
[2026-08-16T02:46:46Z INFO  steel_front::engine::game] game: wave=1 enemies=6 enemy_hp=100 hp=80/100 score=0 phys_us=1 ai_us=341 audio_us=11 net_us=0
[2026-08-16T02:46:46Z INFO  steel_front] cam: yaw=0.0 pitch=0.0 dist=3.4 mode=FirstPerson cycle_us=2241 update_us=33 render_us=2207
[2026-08-16T02:46:47Z INFO  steel_front::engine::renderer] visible=65536/65536 near=65536 far=0 fps=419.5 frame_us=1313 cull_us=6 terrain_us=0 wait_fence_us=1605 acquire_us=1 record_us=50 submit_us=46 present_us=167 terrain_lod=high blend=0.000 quality=中画质 marker=57 npc=1017
[2026-08-16T02:46:47Z INFO  steel_front::engine::game] ai: npcs=6 near=5 far=1 idle=0 patrol=3 chase=2 attack=1 tactics=[4, 1, 1, 0, 0, 0, 0, 0]
[2026-08-16T02:46:47Z INFO  steel_front::engine::game] game: wave=1 enemies=6 enemy_hp=100 hp=75/100 score=0 phys_us=1 ai_us=335 audio_us=26 net_us=0
[2026-08-16T02:46:47Z INFO  steel_front] cam: yaw=0.0 pitch=0.0 dist=3.4 mode=FirstPerson cycle_us=2497 update_us=38 render_us=2458
[2026-08-16T02:46:47Z INFO  steel_front::engine::game] npc: #12 stand (1.9, 0.0, -11.8)
[2026-08-16T02:46:48Z INFO  steel_front::engine::renderer] visible=65536/65536 near=65536 far=0 fps=420.0 frame_us=1916 cull_us=5 terrain_us=0 wait_fence_us=1643 acquire_us=0 record_us=119 submit_us=190 present_us=106 terrain_lod=high blend=0.000 quality=中画质 marker=43 npc=1017
[2026-08-16T02:46:48Z INFO  steel_front::engine::game] ai: npcs=6 near=5 far=1 idle=0 patrol=3 chase=1 attack=2 tactics=[4, 1, 1, 0, 0, 0, 0, 0]
[2026-08-16T02:46:48Z INFO  steel_front::engine::game] game: wave=1 enemies=6 enemy_hp=100 hp=70/100 score=0 phys_us=2 ai_us=435 audio_us=11 net_us=0
[2026-08-16T02:46:48Z INFO  steel_front] cam: yaw=0.0 pitch=0.0 dist=3.4 mode=FirstPerson cycle_us=2676 update_us=38 render_us=2638
[2026-08-16T02:46:49Z INFO  steel_front::engine::renderer] visible=65536/65536 near=65536 far=0 fps=419.5 frame_us=1899 cull_us=6 terrain_us=0 wait_fence_us=1666 acquire_us=0 record_us=25 submit_us=66 present_us=118 terrain_lod=high blend=0.000 quality=中画质 marker=59 npc=1017
[2026-08-16T02:46:49Z INFO  steel_front::engine::game] ai: npcs=6 near=5 far=1 idle=0 patrol=3 chase=1 attack=2 tactics=[4, 1, 1, 0, 0, 0, 0, 0]
[2026-08-16T02:46:49Z INFO  steel_front::engine::game] game: wave=1 enemies=6 enemy_hp=100 hp=65/100 score=0 phys_us=2 ai_us=445 audio_us=13 net_us=0
[2026-08-16T02:46:49Z INFO  steel_front] cam: yaw=0.0 pitch=0.0 dist=3.4 mode=FirstPerson cycle_us=2118 update_us=35 render_us=2082
[2026-08-16T02:46:50Z INFO  steel_front::engine::renderer] visible=65536/65536 near=65536 far=0 fps=419.5 frame_us=1957 cull_us=6 terrain_us=0 wait_fence_us=1317 acquire_us=0 record_us=65 submit_us=63 present_us=208 terrain_lod=high blend=0.000 quality=中画质 marker=41 npc=1017
[2026-08-16T02:46:50Z INFO  steel_front] size diag: window_inner=2560x1600 hud=2560x1600
[2026-08-16T02:46:50Z INFO  steel_front] size diag: window_inner=2560x1600 hud=2560x1600
[2026-08-16T02:46:50Z INFO  steel_front] size diag: window_inner=2560x1600 hud=2560x1600
[2026-08-16T02:46:50Z INFO  steel_front] size diag: window_inner=2560x1600 hud=2560x1600
[2026-08-16T02:46:50Z INFO  steel_front] size diag: window_inner=2560x1600 hud=2560x1600
[2026-08-16T02:46:50Z INFO  steel_front] size diag: window_inner=2560x1600 hud=2560x1600
[2026-08-16T02:46:50Z INFO  steel_front] size diag: window_inner=2560x1600 hud=2560x1600
[2026-08-16T02:46:50Z INFO  steel_front] size diag: window_inner=2560x1600 hud=2560x1600
[2026-08-16T02:46:50Z INFO  steel_front] size diag: window_inner=2560x1600 hud=2560x1600
[2026-08-16T02:46:50Z INFO  steel_front] size diag: window_inner=2560x1600 hud=2560x1600
[2026-08-16T02:46:50Z INFO  steel_front] size diag: window_inner=2560x1600 hud=2560x1600
[2026-08-16T02:46:50Z INFO  steel_front] size diag: window_inner=2560x1600 hud=2560x1600
[2026-08-16T02:46:50Z INFO  steel_front] size diag: window_inner=2560x1600 hud=2560x1600
[2026-08-16T02:46:50Z INFO  steel_front] size diag: window_inner=2560x1600 hud=2560x1600
[2026-08-16T02:46:50Z INFO  steel_front] size diag: window_inner=2560x1600 hud=2560x1600
[2026-08-16T02:46:50Z INFO  steel_front] size diag: window_inner=2560x1600 hud=2560x1600
[2026-08-16T02:46:50Z INFO  steel_front] size diag: window_inner=2560x1600 hud=2560x1600
[2026-08-16T02:46:50Z INFO  steel_front] size diag: window_inner=2560x1600 hud=2560x1600
[2026-08-16T02:46:50Z INFO  steel_front::engine::game] ai: npcs=6 near=5 far=1 idle=0 patrol=3 chase=1 attack=2 tactics=[4, 1, 1, 0, 0, 0, 0, 0]
[2026-08-16T02:46:50Z INFO  steel_front::engine::game] game: wave=1 enemies=6 enemy_hp=100 hp=60/100 score=0 phys_us=1 ai_us=98 audio_us=32 net_us=0
[2026-08-16T02:46:50Z INFO  steel_front] size diag: window_inner=2560x1600 hud=2560x1600
[2026-08-16T02:46:50Z INFO  steel_front] size diag: window_inner=2560x1600 hud=2560x1600
[2026-08-16T02:46:50Z INFO  steel_front] size diag: window_inner=2560x1600 hud=2560x1600
[2026-08-16T02:46:50Z INFO  steel_front] cam: yaw=0.0 pitch=0.0 dist=3.4 mode=FirstPerson cycle_us=2711 update_us=16 render_us=2695
[2026-08-16T02:46:51Z INFO  steel_front::engine::renderer] visible=65536/65536 near=65536 far=0 fps=419.9 frame_us=2155 cull_us=46 terrain_us=0 wait_fence_us=1394 acquire_us=2 record_us=156 submit_us=46 present_us=130 terrain_lod=high blend=0.000 quality=中画质 marker=60 npc=1017
[2026-08-16T02:46:51Z INFO  steel_front::engine::game] ai: npcs=6 near=5 far=1 idle=0 patrol=3 chase=1 attack=2 tactics=[4, 1, 1, 0, 0, 0, 0, 0]
[2026-08-16T02:46:51Z INFO  steel_front::engine::game] game: wave=1 enemies=6 enemy_hp=100 hp=55/100 score=0 phys_us=2 ai_us=526 audio_us=11 net_us=0
[2026-08-16T02:46:51Z INFO  steel_front] cam: yaw=0.0 pitch=0.0 dist=3.4 mode=FirstPerson cycle_us=2603 update_us=33 render_us=2569
[2026-08-16T02:46:52Z INFO  steel_front::engine::renderer] visible=65536/65536 near=65536 far=0 fps=420.5 frame_us=1651 cull_us=6 terrain_us=0 wait_fence_us=1843 acquire_us=1 record_us=50 submit_us=44 present_us=195 terrain_lod=high blend=0.000 quality=中画质 marker=40 npc=1017
[2026-08-16T02:46:52Z INFO  steel_front::engine::game] ai: npcs=6 near=5 far=1 idle=0 patrol=3 chase=1 attack=2 tactics=[4, 1, 1, 0, 0, 0, 0, 0]
[2026-08-16T02:46:52Z INFO  steel_front::engine::game] game: wave=1 enemies=6 enemy_hp=100 hp=50/100 score=0 phys_us=2 ai_us=380 audio_us=9 net_us=0
[2026-08-16T02:46:52Z INFO  steel_front::engine::game] npc: #10 stand (-11.9, 0.0, 1.6)
[2026-08-16T02:46:52Z INFO  steel_front] cam: yaw=0.0 pitch=0.0 dist=3.4 mode=FirstPerson cycle_us=2459 update_us=39 render_us=2420
[2026-08-16T02:46:53Z INFO  steel_front::engine::renderer] visible=65536/65536 near=65536 far=0 fps=419.4 frame_us=2362 cull_us=6 terrain_us=0 wait_fence_us=1475 acquire_us=1 record_us=52 submit_us=48 present_us=181 terrain_lod=high blend=0.000 quality=中画质 marker=65 npc=1017
[2026-08-16T02:46:53Z INFO  steel_front::engine::game] ai: npcs=6 near=5 far=1 idle=0 patrol=3 chase=0 attack=3 tactics=[4, 1, 1, 0, 0, 0, 0, 0]
[2026-08-16T02:46:53Z INFO  steel_front::engine::game] game: wave=1 enemies=6 enemy_hp=100 hp=45/100 score=0 phys_us=2 ai_us=438 audio_us=10 net_us=0
[2026-08-16T02:46:53Z INFO  steel_front] cam: yaw=0.0 pitch=0.0 dist=3.4 mode=FirstPerson cycle_us=2114 update_us=14 render_us=2099
