[2026-08-16T03:47:09Z INFO  steel_front] ========================================
[2026-08-16T03:47:09Z INFO  steel_front]   钢铁前线 (Steel Front) v0.1.0
[2026-08-16T03:47:09Z INFO  steel_front]   二战FPS游戏引擎 - Rust + Vulkan
[2026-08-16T03:47:09Z INFO  steel_front] ========================================
[2026-08-16T03:47:09Z INFO  steel_front::engine::cpu] cpu: vendor=Amd threads=32 primary=[0, 1, 2, 3, 4, 5, 6, 7, 8, 9, 10, 11, 12, 13, 14, 15] secondary=[16, 17, 18, 19, 20, 21, 22, 23, 24, 25, 26, 27, 28, 29, 30, 31] e_cores=0 avx2=true avx512=true scene_set=[0, 1, 2, 3, 4, 5, 6, 7, 8, 9, 10, 11, 12, 13, 14, 15] ai_set=[16, 17, 18, 19, 20, 21, 22, 23, 24, 25, 26, 27, 28, 29, 30, 31] physical_primary=[0, 1, 2, 3, 4, 5, 6, 7, 8, 9, 10, 11, 12, 13, 14, 15] physical_secondary=[16, 17, 18, 19, 20, 21, 22, 23, 24, 25, 26, 27, 28, 29, 30, 31] smt=[]
[2026-08-16T03:47:09Z INFO  steel_front::engine::cpu] cpu: 非 Linux 平台，跳过线程手工绑定（交给系统调度）
[2026-08-16T03:47:09Z INFO  steel_front::engine::cpu] cpu: ai_pool 创建（8 工作线程，绑定 vCPU [16, 17, 18, 19, 20, 21, 22, 23, 24, 25, 26, 27, 28, 29, 30, 31]）
[2026-08-16T03:47:09Z INFO  steel_front::engine::game] map: level 1 generated: 36 obstacle bodies (wall=20 block=0 barrier=0 tree=3 building=6 ruin=7), 203 grid cells blocked
[2026-08-16T03:47:09Z INFO  steel_front] 窗口创建成功: 2560x1600
[2026-08-16T03:47:09Z INFO  steel_front] winit inner_size: 2560x1600 scale_factor=1.50
[2026-08-16T03:47:09Z WARN  steel_front::engine::renderer] 验证层不可用，将不使用
[2026-08-16T03:47:09Z INFO  steel_front::engine::renderer] 选择物理设备: NVIDIA GeForce RTX 5060 Laptop GPU
[2026-08-16T03:47:09Z INFO  steel_front::engine::gpu_caps] gpu-caps: 设备 NVIDIA GeForce RTX 5060 Laptop GPU 硬件能力探测（WSLg/dzn 视角）
[2026-08-16T03:47:09Z INFO  steel_front::engine::gpu_caps] gpu-caps: 可用 device 扩展 280 个
[2026-08-16T03:47:09Z INFO  steel_front::engine::gpu_caps] gpu-caps: -- 光追扩展 --
[2026-08-16T03:47:09Z INFO  steel_front::engine::gpu_caps] gpu-caps:   VK_KHR_ray_tracing_pipeline = true
[2026-08-16T03:47:09Z INFO  steel_front::engine::gpu_caps] gpu-caps:   VK_KHR_acceleration_structure = true
[2026-08-16T03:47:09Z INFO  steel_front::engine::gpu_caps] gpu-caps:   VK_KHR_ray_query = true
[2026-08-16T03:47:09Z INFO  steel_front::engine::gpu_caps] gpu-caps:   VK_KHR_deferred_host_operations = true
[2026-08-16T03:47:09Z INFO  steel_front::engine::gpu_caps] gpu-caps:   VK_KHR_buffer_device_address = true
[2026-08-16T03:47:09Z INFO  steel_front::engine::gpu_caps] gpu-caps:   VK_KHR_ray_tracing_position_fetch = true
[2026-08-16T03:47:09Z INFO  steel_front::engine::gpu_caps] gpu-caps:   VK_NV_ray_tracing = true
[2026-08-16T03:47:09Z INFO  steel_front::engine::gpu_caps] gpu-caps: -- Tensor Core / 协作矩阵 --
[2026-08-16T03:47:09Z INFO  steel_front::engine::gpu_caps] gpu-caps:   VK_KHR_cooperative_matrix = true
[2026-08-16T03:47:09Z INFO  steel_front::engine::gpu_caps] gpu-caps:   VK_NV_cooperative_matrix = true
[2026-08-16T03:47:09Z INFO  steel_front::engine::gpu_caps] gpu-caps:   VK_NV_compute_shader_derivatives = true
[2026-08-16T03:47:09Z INFO  steel_front::engine::gpu_caps] gpu-caps: -- DLSS / NVIDIA 私有 --
[2026-08-16T03:47:09Z INFO  steel_front::engine::gpu_caps] gpu-caps:   VK_NVX_image_view_handle = true
[2026-08-16T03:47:09Z INFO  steel_front::engine::gpu_caps] gpu-caps:   VK_NVX_binary_import = true
[2026-08-16T03:47:09Z INFO  steel_front::engine::gpu_caps] gpu-caps:   VK_NV_cuda_kernel = true
[2026-08-16T03:47:09Z INFO  steel_front::engine::gpu_caps] gpu-caps:   VK_NV_external_memory = true
[2026-08-16T03:47:09Z INFO  steel_front::engine::gpu_caps] gpu-caps: -- 其它新特性 --
[2026-08-16T03:47:09Z INFO  steel_front::engine::gpu_caps] gpu-caps:   VK_EXT_mesh_shader = true
[2026-08-16T03:47:09Z INFO  steel_front::engine::gpu_caps] gpu-caps:   VK_KHR_shader_object = false
[2026-08-16T03:47:09Z INFO  steel_front::engine::gpu_caps] gpu-caps:   VK_KHR_dynamic_rendering = true
[2026-08-16T03:47:09Z INFO  steel_front::engine::gpu_caps] gpu-caps: RT 特性 ray_tracing_pipeline=true acceleration_structure=true buffer_device_address=true ray_query=true
[2026-08-16T03:47:09Z INFO  steel_front::engine::gpu_caps] gpu-caps: RT 管线属性 shaderGroupHandleSize=32B maxRecursionDepth=31 maxRayDispatchInvocationCount=1073741824
[2026-08-16T03:47:10Z INFO  steel_front::engine::gpu_caps] gpu-caps: 【结论】光追探测 device 创建成功 → RT Core 路径可用（dzn→DXR）
[2026-08-16T03:47:10Z INFO  steel_front::engine::gpu_caps] gpu-caps: CUDA 直通（Tensor Core 可编程访问）=false（libcuda in /usr/lib/wsl/lib）
[2026-08-16T03:47:10Z INFO  steel_front::engine::gpu_caps] gpu-caps: 【结论】Vulkan-DLSS（NVIDIA 私有扩展）=true；可直接接 DLSS SDK
[2026-08-16T03:47:10Z INFO  steel_front::engine::renderer] VK_EXT_mesh_shader 可用：启用可选网格着色器渲染路径
[2026-08-16T03:47:10Z INFO  steel_front::engine::renderer] swapchain diag: current_extent=2560x1600 final=2560x1600
[2026-08-16T03:47:10Z INFO  steel_front::engine::renderer] 交换链初始化完成: 2560x1600, 格式: B8G8R8A8_SRGB, 图像数: 3, present_mode: MAILBOX
[2026-08-16T03:47:10Z INFO  steel_front::engine::renderer] 实例缓冲创建完成: 65536 个实例，stride 80 字节，2 帧双缓冲 HOST_VISIBLE|HOST_COHERENT（每帧压缩上传）
[2026-08-16T03:47:10Z INFO  steel_front::engine::renderer] instances=65536 draw_calls=1
[2026-08-16T03:47:10Z INFO  steel_front::engine::renderer] 深度缓冲创建完成: 3 张 2560x1600 D32_SFLOAT
[2026-08-16T03:47:10Z INFO  steel_front::engine::renderer] Descriptor Set Layout: binding 0 = UBO(view/proj), binding 1 = 贴图, binding 2 = 实例 STORAGE_BUFFER, binding 3 = 采样器
[2026-08-16T03:47:10Z INFO  steel_front::engine::renderer] Descriptor 初始化完成（2 帧）
[2026-08-16T03:47:10Z INFO  steel_front::engine::renderer] 远档 LOD 几何创建完成: 8 顶点 / 12 索引（十字双 quad）
[2026-08-16T03:47:10Z INFO  steel_front::engine::renderer] 地面平铺 quad 几何创建完成: 4 顶点 / 6 索引（无侧壁）
[2026-08-16T03:47:10Z INFO  steel_front::engine::renderer] 球体几何创建完成: 325 顶点 / 1728 索引（爆炸球形扩散）
[2026-08-16T03:47:10Z INFO  steel_front::engine::renderer] 地形 LOD[0] 创建完成: 66049 顶点 / 393216 索引（257×257 网格，间距 2）
[2026-08-16T03:47:10Z INFO  steel_front::engine::renderer] 地形 LOD[1] 创建完成: 16641 顶点 / 98304 索引（129×129 网格，间距 4）
[2026-08-16T03:47:10Z INFO  steel_front::engine::renderer] 地形 LOD[2] 创建完成: 4225 顶点 / 24576 索引（65×65 网格，间距 8）
[2026-08-16T03:47:10Z INFO  steel_front::engine::renderer] 地形 3 级 LOD 全部创建完成（高/中/低）
[2026-08-16T03:47:10Z INFO  steel_front::engine::renderer] 图形管线创建完成
[2026-08-16T03:47:10Z INFO  steel_front::engine::renderer] 网格着色器 maxMeshWorkGroupCount[0] = 4194304（地面场 65536 按此分块）
[2026-08-16T03:47:10Z INFO  steel_front::engine::renderer] 网格着色器管线创建完成（VK_EXT_mesh_shader）
[2026-08-16T03:47:10Z INFO  steel_front::engine::renderer] HUD 覆盖层初始化完成（独立 pipeline，容量 4096 quads）
[2026-08-16T03:47:10Z INFO  steel_front::engine::renderer] 纹理初始化完成: 512x512（10 mip，来源=程序化地面材质）
[2026-08-16T03:47:10Z INFO  steel_front::engine::renderer] 程序化皮肤纹理初始化完成: 512x512（marker=木板墙, npc=迷彩军服, RV3D_SKIN_TEX=off（纯色回退））
[2026-08-16T03:47:10Z INFO  steel_front::engine::renderer] 阴影贴图资源创建完成: 2048x2048 D32_SFLOAT
[2026-08-16T03:47:10Z INFO  steel_front::engine::renderer] 阴影 depth-only 管线创建完成
[2026-08-16T03:47:10Z INFO  steel_front] Vulkan 渲染器初始化成功
[2026-08-16T03:47:10Z INFO  steel_front] settings: 分辨率保持 2560x1600
[2026-08-16T03:47:10Z INFO  steel_front] settings: 应用画质 中画质
[2026-08-16T03:47:10Z INFO  steel_front::engine::renderer] 画质预设已切换: 中画质
[2026-08-16T03:47:10Z INFO  steel_front] 窗口大小变化: 1898x1061
[2026-08-16T03:47:10Z INFO  steel_front::engine::renderer] swapchain diag: current_extent=2560x1600 final=2560x1600
[2026-08-16T03:47:10Z INFO  steel_front::engine::renderer] 交换链初始化完成: 2560x1600, 格式: B8G8R8A8_SRGB, 图像数: 3, present_mode: MAILBOX
[2026-08-16T03:47:10Z INFO  steel_front::engine::renderer] 深度缓冲创建完成: 3 张 2560x1600 D32_SFLOAT
[2026-08-16T03:47:10Z INFO  steel_front] 窗口大小变化: 1920x1117
[2026-08-16T03:47:10Z INFO  steel_front::engine::renderer] swapchain diag: current_extent=2560x1600 final=2560x1600
[2026-08-16T03:47:10Z INFO  steel_front::engine::renderer] 交换链初始化完成: 2560x1600, 格式: B8G8R8A8_SRGB, 图像数: 3, present_mode: MAILBOX
[2026-08-16T03:47:10Z INFO  steel_front::engine::renderer] 深度缓冲创建完成: 3 张 2560x1600 D32_SFLOAT
[2026-08-16T03:47:10Z INFO  steel_front] 窗口大小变化: 2560x1600
[2026-08-16T03:47:10Z INFO  steel_front::engine::renderer] swapchain diag: current_extent=2560x1600 final=2560x1600
[2026-08-16T03:47:10Z INFO  steel_front::engine::renderer] 交换链初始化完成: 2560x1600, 格式: B8G8R8A8_SRGB, 图像数: 3, present_mode: MAILBOX
[2026-08-16T03:47:10Z INFO  steel_front::engine::renderer] 深度缓冲创建完成: 3 张 2560x1600 D32_SFLOAT
[2026-08-16T03:47:10Z INFO  steel_front] 窗口大小变化: 2560x1600
[2026-08-16T03:47:10Z INFO  steel_front::engine::renderer] swapchain diag: current_extent=2560x1600 final=2560x1600
[2026-08-16T03:47:10Z INFO  steel_front::engine::renderer] 交换链初始化完成: 2560x1600, 格式: B8G8R8A8_SRGB, 图像数: 3, present_mode: MAILBOX
[2026-08-16T03:47:10Z INFO  steel_front::engine::renderer] 深度缓冲创建完成: 3 张 2560x1600 D32_SFLOAT
[2026-08-16T03:47:10Z INFO  steel_front] cam: yaw=0.0 pitch=0.0 dist=3.4 mode=FirstPerson cycle_us=2452 update_us=26 render_us=2426
[2026-08-16T03:47:11Z INFO  steel_front::engine::renderer] visible=65536/65536 near=65536 far=0 fps=334.6 frame_us=1768 cull_us=3 terrain_us=0 wait_fence_us=2269 acquire_us=1 record_us=36 submit_us=34 present_us=198 terrain_lod=high blend=0.000 quality=中画质 marker=36 npc=1017
[2026-08-16T03:47:11Z INFO  steel_front::engine::game] ai: npcs=8 near=8 far=0 idle=0 patrol=0 chase=8 attack=0 tactics=[8, 0, 0, 0, 0, 0, 0, 0]
[2026-08-16T03:47:11Z INFO  steel_front::engine::game] game: wave=1 enemies=8 enemy_hp=100 hp=100/100 score=0 phys_us=2 ai_us=422 audio_us=6 net_us=0
[2026-08-16T03:47:11Z INFO  steel_front] cam: yaw=0.0 pitch=0.0 dist=3.4 mode=FirstPerson cycle_us=2755 update_us=10 render_us=2744
[2026-08-16T03:47:12Z INFO  steel_front::engine::renderer] visible=65536/65536 near=65536 far=0 fps=392.5 frame_us=3258 cull_us=3 terrain_us=0 wait_fence_us=1789 acquire_us=1 record_us=46 submit_us=53 present_us=652 terrain_lod=high blend=0.000 quality=中画质 marker=36 npc=1017
[2026-08-16T03:47:12Z INFO  steel_front::engine::game] ai: npcs=8 near=8 far=0 idle=0 patrol=0 chase=8 attack=0 tactics=[8, 0, 0, 0, 0, 0, 0, 0]
[2026-08-16T03:47:12Z INFO  steel_front::engine::game] game: wave=1 enemies=8 enemy_hp=100 hp=100/100 score=0 phys_us=2 ai_us=357 audio_us=14 net_us=0
[2026-08-16T03:47:12Z INFO  steel_front] cam: yaw=0.0 pitch=0.0 dist=3.4 mode=FirstPerson cycle_us=2639 update_us=14 render_us=2624
[2026-08-16T03:47:13Z INFO  steel_front::engine::renderer] visible=65536/65536 near=65536 far=0 fps=393.2 frame_us=2780 cull_us=2 terrain_us=0 wait_fence_us=1522 acquire_us=0 record_us=272 submit_us=77 present_us=388 terrain_lod=high blend=0.000 quality=中画质 marker=36 npc=1017
[2026-08-16T03:47:13Z INFO  steel_front::engine::game] ai: npcs=8 near=8 far=0 idle=0 patrol=0 chase=8 attack=0 tactics=[8, 0, 0, 0, 0, 0, 0, 0]
[2026-08-16T03:47:13Z INFO  steel_front::engine::game] game: wave=1 enemies=8 enemy_hp=100 hp=100/100 score=0 phys_us=2 ai_us=421 audio_us=16 net_us=0
[2026-08-16T03:47:13Z INFO  steel_front::engine::game] map: level 1 generated: 36 obstacle bodies (wall=20 block=0 barrier=0 tree=3 building=6 ruin=7), 203 grid cells blocked
[2026-08-16T03:47:13Z INFO  steel_front::engine::game] game: purged 8 leftover npcs on run start
[2026-08-16T03:47:13Z INFO  steel_front::engine::game] wave: npc #8 spawn (65.3, 0.0, 25.3)
[2026-08-16T03:47:13Z INFO  steel_front::engine::game] wave: npc #9 spawn (6.1, 0.0, 39.5)
[2026-08-16T03:47:13Z INFO  steel_front::engine::game] wave: npc #10 spawn (-46.8, 0.0, 37.6)
[2026-08-16T03:47:13Z INFO  steel_front::engine::game] wave: npc #11 spawn (-74.6, 0.0, -28.9)
[2026-08-16T03:47:13Z INFO  steel_front::engine::game] wave: npc #12 spawn (-7.6, 0.0, -49.4)
[2026-08-16T03:47:13Z INFO  steel_front::engine::game] wave: npc #13 spawn (54.6, 0.0, -43.9)
[2026-08-16T03:47:13Z INFO  steel_front::engine::game] wave: wave 1 spawned 6 enemies (kind=Normal total=6 speed=4.0 hp=100 effective=1)
[2026-08-16T03:47:13Z INFO  steel_front::engine::game] game: run started (wave 1)
[2026-08-16T03:47:13Z INFO  steel_front] input: cursor captured (mouse look on, grab=locked, look=relative)
[2026-08-16T03:47:13Z INFO  steel_front::engine::game] physics: 36 events this frame (GroundHit, GroundHit, GroundHit, GroundHit, GroundHit, GroundHit, GroundHit, GroundHit, GroundHit, GroundHit, GroundHit, GroundHit, GroundHit, GroundHit, GroundHit, GroundHit, GroundHit, GroundHit, GroundHit, GroundHit, GroundHit, GroundHit, GroundHit, GroundHit, GroundHit, GroundHit, GroundHit, GroundHit, GroundHit, GroundHit, GroundHit, GroundHit, GroundHit, GroundHit, GroundHit, GroundHit)
[2026-08-16T03:47:13Z INFO  steel_front] cam: yaw=0.0 pitch=0.0 dist=3.4 mode=FirstPerson cycle_us=2100 update_us=30 render_us=2070
[2026-08-16T03:47:14Z INFO  steel_front::engine::renderer] visible=65536/65536 near=65536 far=0 fps=400.7 frame_us=1009 cull_us=4 terrain_us=0 wait_fence_us=1780 acquire_us=3 record_us=28 submit_us=21 present_us=88 terrain_lod=high blend=0.000 quality=中画质 marker=36 npc=1017
[2026-08-16T03:47:14Z INFO  steel_front::engine::game] ai: npcs=6 near=6 far=0 idle=0 patrol=3 chase=3 attack=0 tactics=[4, 1, 1, 0, 0, 0, 0, 0]
[2026-08-16T03:47:14Z INFO  steel_front::engine::game] game: wave=1 enemies=6 enemy_hp=100 hp=100/100 score=0 phys_us=2 ai_us=366 audio_us=5 net_us=0
[2026-08-16T03:47:14Z INFO  steel_front] input: cursor released (window unfocused)
[2026-08-16T03:47:14Z INFO  steel_front] cam: yaw=0.0 pitch=0.0 dist=3.4 mode=FirstPerson cycle_us=2979 update_us=23 render_us=2956
[2026-08-16T03:47:15Z INFO  steel_front::engine::renderer] visible=65536/65536 near=65536 far=0 fps=398.3 frame_us=1214 cull_us=5 terrain_us=0 wait_fence_us=2151 acquire_us=1 record_us=19 submit_us=17 present_us=274 terrain_lod=high blend=0.000 quality=中画质 marker=36 npc=1017
[2026-08-16T03:47:15Z INFO  steel_front] size diag: window_inner=2560x1600 hud=2560x1600
[2026-08-16T03:47:15Z INFO  steel_front] size diag: window_inner=2560x1600 hud=2560x1600
[2026-08-16T03:47:15Z INFO  steel_front] size diag: window_inner=2560x1600 hud=2560x1600
[2026-08-16T03:47:15Z INFO  steel_front::engine::game] ai: npcs=6 near=6 far=0 idle=0 patrol=3 chase=3 attack=0 tactics=[4, 1, 1, 0, 0, 0, 0, 0]
[2026-08-16T03:47:15Z INFO  steel_front::engine::game] game: wave=1 enemies=6 enemy_hp=100 hp=100/100 score=0 phys_us=1 ai_us=104 audio_us=10 net_us=0
[2026-08-16T03:47:15Z INFO  steel_front] size diag: window_inner=2560x1600 hud=2560x1600
[2026-08-16T03:47:15Z INFO  steel_front] size diag: window_inner=2560x1600 hud=2560x1600
[2026-08-16T03:47:15Z INFO  steel_front] size diag: window_inner=2560x1600 hud=2560x1600
[2026-08-16T03:47:15Z INFO  steel_front] size diag: window_inner=2560x1600 hud=2560x1600
[2026-08-16T03:47:15Z INFO  steel_front] size diag: window_inner=2560x1600 hud=2560x1600
[2026-08-16T03:47:15Z INFO  steel_front] size diag: window_inner=2560x1600 hud=2560x1600
[2026-08-16T03:47:15Z INFO  steel_front] size diag: window_inner=2560x1600 hud=2560x1600
[2026-08-16T03:47:15Z INFO  steel_front] size diag: window_inner=2560x1600 hud=2560x1600
[2026-08-16T03:47:15Z INFO  steel_front] size diag: window_inner=2560x1600 hud=2560x1600
[2026-08-16T03:47:15Z INFO  steel_front] size diag: window_inner=2560x1600 hud=2560x1600
[2026-08-16T03:47:15Z INFO  steel_front] size diag: window_inner=2560x1600 hud=2560x1600
[2026-08-16T03:47:15Z INFO  steel_front] size diag: window_inner=2560x1600 hud=2560x1600
[2026-08-16T03:47:15Z INFO  steel_front] size diag: window_inner=2560x1600 hud=2560x1600
[2026-08-16T03:47:15Z INFO  steel_front] size diag: window_inner=2560x1600 hud=2560x1600
[2026-08-16T03:47:15Z INFO  steel_front] size diag: window_inner=2560x1600 hud=2560x1600
[2026-08-16T03:47:15Z INFO  steel_front] size diag: window_inner=2560x1600 hud=2560x1600
[2026-08-16T03:47:15Z INFO  steel_front] size diag: window_inner=2560x1600 hud=2560x1600
[2026-08-16T03:47:15Z INFO  steel_front] cam: yaw=0.0 pitch=0.0 dist=3.4 mode=FirstPerson cycle_us=3206 update_us=31 render_us=3174
[2026-08-16T03:47:16Z INFO  steel_front] input: cursor captured (mouse look on, grab=locked, look=relative)
[2026-08-16T03:47:16Z INFO  steel_front::engine::renderer] visible=65536/65536 near=65536 far=0 fps=394.8 frame_us=1480 cull_us=12 terrain_us=0 wait_fence_us=1776 acquire_us=0 record_us=56 submit_us=36 present_us=391 terrain_lod=high blend=0.000 quality=中画质 marker=36 npc=1017
[2026-08-16T03:47:16Z INFO  steel_front::engine::game] ai: npcs=6 near=6 far=0 idle=0 patrol=3 chase=3 attack=0 tactics=[4, 1, 1, 0, 0, 0, 0, 0]
[2026-08-16T03:47:16Z INFO  steel_front::engine::game] game: wave=1 enemies=6 enemy_hp=100 hp=100/100 score=0 phys_us=1 ai_us=439 audio_us=26 net_us=0
[2026-08-16T03:47:16Z INFO  steel_front] cam: yaw=-8.0 pitch=-0.9 dist=3.4 mode=FirstPerson cycle_us=1581 update_us=17 render_us=1564
[2026-08-16T03:47:17Z INFO  steel_front::engine::renderer] visible=65536/65536 near=65536 far=0 fps=380.4 frame_us=2870 cull_us=5 terrain_us=0 wait_fence_us=1016 acquire_us=1 record_us=48 submit_us=63 present_us=607 terrain_lod=high blend=0.000 quality=中画质 marker=36 npc=1017
[2026-08-16T03:47:17Z INFO  steel_front::engine::game] ai: npcs=6 near=6 far=0 idle=0 patrol=3 chase=3 attack=0 tactics=[4, 2, 0, 0, 0, 0, 0, 0]
[2026-08-16T03:47:17Z INFO  steel_front::engine::game] game: wave=1 enemies=6 enemy_hp=100 hp=100/100 score=0 phys_us=2 ai_us=433 audio_us=8 net_us=0
[2026-08-16T03:47:17Z INFO  steel_front] cam: yaw=-19.5 pitch=6.7 dist=3.4 mode=FirstPerson cycle_us=2519 update_us=27 render_us=2492
[2026-08-16T03:47:18Z INFO  steel_front::engine::renderer] visible=65536/65536 near=65536 far=0 fps=402.3 frame_us=2087 cull_us=5 terrain_us=0 wait_fence_us=1895 acquire_us=0 record_us=143 submit_us=37 present_us=204 terrain_lod=high blend=0.000 quality=中画质 marker=36 npc=1017
[2026-08-16T03:47:18Z INFO  steel_front::engine::game] ai: npcs=6 near=6 far=0 idle=0 patrol=3 chase=3 attack=0 tactics=[4, 1, 1, 0, 0, 0, 0, 0]
[2026-08-16T03:47:18Z INFO  steel_front::engine::game] game: wave=1 enemies=6 enemy_hp=100 hp=100/100 score=0 phys_us=2 ai_us=371 audio_us=14 net_us=0
[2026-08-16T03:47:18Z INFO  steel_front] cam: yaw=7.0 pitch=4.3 dist=3.4 mode=FirstPerson cycle_us=2965 update_us=33 render_us=2932
[2026-08-16T03:47:19Z INFO  steel_front::engine::game] weapons: shot #1 (1 alive) [M1 Rifle]
[2026-08-16T03:47:19Z INFO  steel_front::engine::renderer] visible=65536/65536 near=65536 far=0 fps=401.2 frame_us=2183 cull_us=5 terrain_us=0 wait_fence_us=1477 acquire_us=1 record_us=68 submit_us=45 present_us=193 terrain_lod=high blend=0.000 quality=中画质 marker=38 npc=1017
[2026-08-16T03:47:19Z INFO  steel_front::engine::game] ai: npcs=6 near=6 far=0 idle=0 patrol=3 chase=3 attack=0 tactics=[4, 1, 1, 0, 0, 0, 0, 0]
[2026-08-16T03:47:19Z INFO  steel_front::engine::game] game: wave=1 enemies=6 enemy_hp=100 hp=100/100 score=0 phys_us=2 ai_us=421 audio_us=17 net_us=0
[2026-08-16T03:47:19Z INFO  steel_front::engine::game] weapons: shot #2 (2 alive) [M1 Rifle]
[2026-08-16T03:47:19Z INFO  steel_front] cam: yaw=0.6 pitch=2.9 dist=3.4 mode=FirstPerson cycle_us=2475 update_us=12 render_us=2462
[2026-08-16T03:47:19Z INFO  steel_front::engine::game] weapons: shot #3 (3 alive) [M1 Rifle]
[2026-08-16T03:47:20Z INFO  steel_front::engine::renderer] visible=65536/65536 near=65536 far=0 fps=402.1 frame_us=1779 cull_us=5 terrain_us=0 wait_fence_us=1621 acquire_us=1 record_us=43 submit_us=33 present_us=192 terrain_lod=high blend=0.000 quality=中画质 marker=37 npc=1017
[2026-08-16T03:47:20Z INFO  steel_front] size diag: window_inner=2560x1600 hud=2560x1600
[2026-08-16T03:47:20Z INFO  steel_front] size diag: window_inner=2560x1600 hud=2560x1600
[2026-08-16T03:47:20Z INFO  steel_front] size diag: window_inner=2560x1600 hud=2560x1600
[2026-08-16T03:47:20Z INFO  steel_front] size diag: window_inner=2560x1600 hud=2560x1600
[2026-08-16T03:47:20Z INFO  steel_front] size diag: window_inner=2560x1600 hud=2560x1600
[2026-08-16T03:47:20Z INFO  steel_front] size diag: window_inner=2560x1600 hud=2560x1600
[2026-08-16T03:47:20Z INFO  steel_front::engine::game] ai: npcs=6 near=5 far=1 idle=0 patrol=2 chase=4 attack=0 tactics=[4, 0, 2, 0, 0, 0, 0, 0]
[2026-08-16T03:47:20Z INFO  steel_front::engine::game] game: wave=1 enemies=6 enemy_hp=100 hp=100/100 score=0 phys_us=2 ai_us=164 audio_us=20 net_us=0
[2026-08-16T03:47:20Z INFO  steel_front] size diag: window_inner=2560x1600 hud=2560x1600
[2026-08-16T03:47:20Z INFO  steel_front] size diag: window_inner=2560x1600 hud=2560x1600
[2026-08-16T03:47:20Z INFO  steel_front] size diag: window_inner=2560x1600 hud=2560x1600
[2026-08-16T03:47:20Z INFO  steel_front] size diag: window_inner=2560x1600 hud=2560x1600
[2026-08-16T03:47:20Z INFO  steel_front] size diag: window_inner=2560x1600 hud=2560x1600
[2026-08-16T03:47:20Z INFO  steel_front] size diag: window_inner=2560x1600 hud=2560x1600
[2026-08-16T03:47:20Z INFO  steel_front] size diag: window_inner=2560x1600 hud=2560x1600
[2026-08-16T03:47:20Z INFO  steel_front] size diag: window_inner=2560x1600 hud=2560x1600
[2026-08-16T03:47:20Z INFO  steel_front] size diag: window_inner=2560x1600 hud=2560x1600
[2026-08-16T03:47:20Z INFO  steel_front] size diag: window_inner=2560x1600 hud=2560x1600
[2026-08-16T03:47:20Z INFO  steel_front] size diag: window_inner=2560x1600 hud=2560x1600
[2026-08-16T03:47:20Z INFO  steel_front] size diag: window_inner=2560x1600 hud=2560x1600
[2026-08-16T03:47:20Z INFO  steel_front] size diag: window_inner=2560x1600 hud=2560x1600
[2026-08-16T03:47:20Z INFO  steel_front] size diag: window_inner=2560x1600 hud=2560x1600
[2026-08-16T03:47:20Z INFO  steel_front::engine::game] weapons: shot #4 (4 alive) [M1 Rifle]
[2026-08-16T03:47:20Z INFO  steel_front::engine::game] weapons: 1 projectile hit(s), total_hits=1
[2026-08-16T03:47:20Z INFO  steel_front] cam: yaw=-7.3 pitch=2.5 dist=3.4 mode=FirstPerson cycle_us=2865 update_us=13 render_us=2852
[2026-08-16T03:47:20Z INFO  steel_front::engine::game] weapons: shot #5 (4 alive) [M1 Rifle]
[2026-08-16T03:47:20Z INFO  steel_front::engine::game] npc: #12 stand (3.0, 0.0, -33.6)
[2026-08-16T03:47:21Z INFO  steel_front::engine::renderer] visible=65536/65536 near=65536 far=0 fps=402.8 frame_us=1752 cull_us=5 terrain_us=0 wait_fence_us=1941 acquire_us=1 record_us=17 submit_us=15 present_us=106 terrain_lod=high blend=0.000 quality=中画质 marker=39 npc=1017
[2026-08-16T03:47:21Z INFO  steel_front::engine::game] weapons: shot #6 (5 alive) [M1 Rifle]
[2026-08-16T03:47:21Z INFO  steel_front::engine::game] ai: npcs=6 near=5 far=1 idle=0 patrol=3 chase=2 attack=1 tactics=[4, 0, 2, 0, 0, 0, 0, 0]
[2026-08-16T03:47:21Z INFO  steel_front::engine::game] game: wave=1 enemies=6 enemy_hp=100 hp=95/100 score=0 phys_us=2 ai_us=202 audio_us=13 net_us=0
[2026-08-16T03:47:21Z INFO  steel_front::engine::game] weapons: shot #7 (6 alive) [M1 Rifle]
[2026-08-16T03:47:21Z INFO  steel_front] cam: yaw=-4.3 pitch=3.6 dist=3.4 mode=FirstPerson cycle_us=2279 update_us=37 render_us=2241
[2026-08-16T03:47:21Z INFO  steel_front::engine::game] weapons: 1 projectile hit(s), total_hits=2
[2026-08-16T03:47:22Z INFO  steel_front::engine::game] weapons: shot #8 (6 alive) [M1 Rifle]
[2026-08-16T03:47:22Z INFO  steel_front::engine::renderer] visible=65536/65536 near=65536 far=0 fps=401.8 frame_us=1750 cull_us=6 terrain_us=0 wait_fence_us=1959 acquire_us=1 record_us=29 submit_us=28 present_us=253 terrain_lod=high blend=0.000 quality=中画质 marker=40 npc=1017
[2026-08-16T03:47:22Z INFO  steel_front::engine::game] ai: npcs=6 near=5 far=1 idle=0 patrol=3 chase=3 attack=0 tactics=[4, 0, 2, 0, 0, 0, 0, 0]
[2026-08-16T03:47:22Z INFO  steel_front::engine::game] game: wave=1 enemies=6 enemy_hp=100 hp=90/100 score=0 phys_us=1 ai_us=383 audio_us=10 net_us=0
[2026-08-16T03:47:22Z INFO  steel_front::engine::game] explosion: at (-19.7, -14.3, -209.9) radius=8 dmg=60 knockback=true
[2026-08-16T03:47:22Z INFO  steel_front::engine::game] weapons: shot #9 (6 alive) [M1 Rifle]
[2026-08-16T03:47:22Z INFO  steel_front::engine::game] weapons: 1 projectile hit(s), total_hits=3
[2026-08-16T03:47:22Z INFO  steel_front] cam: yaw=-10.9 pitch=1.3 dist=3.4 mode=FirstPerson cycle_us=1737 update_us=29 render_us=1707
[2026-08-16T03:47:22Z INFO  steel_front::engine::game] explosion: at (-8.7, -11.6, -213.5) radius=8 dmg=60 knockback=true
[2026-08-16T03:47:22Z INFO  steel_front::engine::game] weapons: shot #10 (5 alive) [M1 Rifle]
[2026-08-16T03:47:23Z INFO  steel_front::engine::renderer] visible=65536/65536 near=65536 far=0 fps=401.2 frame_us=2225 cull_us=5 terrain_us=0 wait_fence_us=1282 acquire_us=1 record_us=58 submit_us=17 present_us=99 terrain_lod=high blend=0.000 quality=中画质 marker=44 npc=1017
[2026-08-16T03:47:23Z INFO  steel_front::engine::game] ai: npcs=6 near=5 far=1 idle=0 patrol=2 chase=4 attack=0 tactics=[3, 0, 2, 0, 0, 1, 0, 0]
[2026-08-16T03:47:23Z INFO  steel_front::engine::game] game: wave=1 enemies=6 enemy_hp=100 hp=90/100 score=0 phys_us=2 ai_us=449 audio_us=15 net_us=0
[2026-08-16T03:47:23Z INFO  steel_front::engine::game] explosion: at (8.6, -9.0, -216.4) radius=8 dmg=60 knockback=true
[2026-08-16T03:47:23Z INFO  steel_front::engine::game] weapons: shot #11 (5 alive) [M1 Rifle]
[2026-08-16T03:47:23Z INFO  steel_front::engine::game] weapons: shot #12 (6 alive) [M1 Rifle]
[2026-08-16T03:47:23Z INFO  steel_front] cam: yaw=-7.7 pitch=1.1 dist=3.4 mode=FirstPerson cycle_us=1830 update_us=35 render_us=1794
[2026-08-16T03:47:23Z INFO  steel_front::engine::game] kill: npc #12 eliminated (wave 1) score=10
[2026-08-16T03:47:23Z INFO  steel_front::engine::game] weapons: 1 projectile hit(s), total_hits=4
[2026-08-16T03:47:24Z INFO  steel_front::engine::game] explosion: at (27.2, -7.0, -220.0) radius=8 dmg=60 knockback=true
[2026-08-16T03:47:24Z INFO  steel_front::engine::game] weapons: shot #13 (5 alive) [M1 Rifle]
[2026-08-16T03:47:24Z INFO  steel_front::engine::renderer] visible=65536/65536 near=65536 far=0 fps=399.6 frame_us=2136 cull_us=6 terrain_us=0 wait_fence_us=1559 acquire_us=1 record_us=70 submit_us=37 present_us=200 terrain_lod=high blend=0.000 quality=中画质 marker=44 npc=1017
[2026-08-16T03:47:24Z INFO  steel_front::engine::game] ai: npcs=5 near=4 far=1 idle=0 patrol=2 chase=3 attack=0 tactics=[3, 0, 2, 0, 0, 0, 0, 0]
[2026-08-16T03:47:24Z INFO  steel_front::engine::game] game: wave=1 enemies=5 enemy_hp=100 hp=90/100 score=10 phys_us=1 ai_us=419 audio_us=29 net_us=0
[2026-08-16T03:47:24Z INFO  steel_front::engine::game] explosion: at (31.2, -10.3, -221.8) radius=8 dmg=60 knockback=true
[2026-08-16T03:47:24Z INFO  steel_front] cam: yaw=-79.8 pitch=-0.0 dist=3.4 mode=FirstPerson cycle_us=2427 update_us=50 render_us=2376
[2026-08-16T03:47:24Z INFO  steel_front::engine::game] npc: #9 stand (7.0, 0.0, 3.8)
[2026-08-16T03:47:24Z INFO  steel_front::engine::game] npc: #9 stand (7.0, 0.0, 3.8)
[2026-08-16T03:47:24Z INFO  steel_front::engine::game] npc: #9 stand (7.0, 0.0, 3.8)
[2026-08-16T03:47:24Z INFO  steel_front::engine::game] npc: #9 stand (7.0, 0.0, 3.8)
[2026-08-16T03:47:24Z INFO  steel_front::engine::game] npc: #9 stand (7.0, 0.0, 3.8)
[2026-08-16T03:47:24Z INFO  steel_front::engine::game] npc: #9 stand (6.9, 0.0, 3.8)
[2026-08-16T03:47:24Z INFO  steel_front::engine::game] npc: #9 stand (6.9, 0.0, 3.8)
[2026-08-16T03:47:24Z INFO  steel_front::engine::game] npc: #9 stand (6.9, 0.0, 3.8)
[2026-08-16T03:47:24Z INFO  steel_front::engine::game] npc: #9 stand (6.9, 0.0, 3.8)
[2026-08-16T03:47:24Z INFO  steel_front::engine::game] npc: #9 stand (6.9, 0.0, 3.8)
[2026-08-16T03:47:24Z INFO  steel_front::engine::game] npc: #9 stand (6.9, 0.0, 3.8)
[2026-08-16T03:47:24Z INFO  steel_front::engine::game] npc: #9 stand (6.9, 0.0, 3.8)
[2026-08-16T03:47:24Z INFO  steel_front::engine::game] npc: #9 stand (6.8, 0.0, 3.8)
[2026-08-16T03:47:24Z INFO  steel_front::engine::game] npc: #9 stand (6.8, 0.0, 3.7)
[2026-08-16T03:47:24Z INFO  steel_front::engine::game] npc: #9 stand (6.8, 0.0, 3.7)
[2026-08-16T03:47:25Z INFO  steel_front::engine::game] npc: #9 stand (6.8, 0.0, 3.7)
[2026-08-16T03:47:25Z INFO  steel_front::engine::game] npc: #9 stand (6.8, 0.0, 3.7)
[2026-08-16T03:47:25Z INFO  steel_front::engine::game] npc: #9 stand (6.7, 0.0, 3.7)
[2026-08-16T03:47:25Z INFO  steel_front::engine::game] npc: #9 stand (6.7, 0.0, 3.7)
[2026-08-16T03:47:25Z INFO  steel_front::engine::game] npc: #9 stand (6.7, 0.0, 3.7)
[2026-08-16T03:47:25Z INFO  steel_front::engine::game] npc: #9 stand (6.7, 0.0, 3.7)
[2026-08-16T03:47:25Z INFO  steel_front::engine::game] npc: #9 stand (6.6, 0.0, 3.7)
[2026-08-16T03:47:25Z INFO  steel_front::engine::game] npc: #9 stand (6.6, 0.0, 3.7)
[2026-08-16T03:47:25Z INFO  steel_front::engine::game] npc: #9 stand (6.5, 0.0, 3.6)
[2026-08-16T03:47:25Z INFO  steel_front::engine::game] npc: #9 stand (6.5, 0.0, 3.6)
[2026-08-16T03:47:25Z INFO  steel_front::engine::game] npc: #9 stand (6.5, 0.0, 3.6)
[2026-08-16T03:47:25Z INFO  steel_front::engine::game] npc: #9 stand (6.4, 0.0, 3.6)
[2026-08-16T03:47:25Z INFO  steel_front::engine::renderer] visible=65536/65536 near=65536 far=0 fps=402.9 frame_us=1606 cull_us=5 terrain_us=0 wait_fence_us=2038 acquire_us=1 record_us=60 submit_us=19 present_us=160 terrain_lod=high blend=0.000 quality=中画质 marker=36 npc=1017
[2026-08-16T03:47:25Z INFO  steel_front::engine::game] npc: #9 stand (6.4, 0.0, 3.6)
[2026-08-16T03:47:25Z INFO  steel_front::engine::game] npc: #9 stand (6.4, 0.0, 3.6)
[2026-08-16T03:47:25Z INFO  steel_front::engine::game] npc: #9 stand (6.3, 0.0, 3.6)
[2026-08-16T03:47:25Z INFO  steel_front::engine::game] npc: #9 stand (6.3, 0.0, 3.5)
[2026-08-16T03:47:25Z INFO  steel_front::engine::game] npc: #9 stand (6.3, 0.0, 3.5)
[2026-08-16T03:47:25Z INFO  steel_front::engine::game] npc: #9 stand (6.3, 0.0, 3.5)
[2026-08-16T03:47:25Z INFO  steel_front::engine::game] npc: #9 stand (6.2, 0.0, 3.5)
[2026-08-16T03:47:25Z INFO  steel_front::engine::game] npc: #9 stand (6.2, 0.0, 3.5)
[2026-08-16T03:47:25Z INFO  steel_front::engine::game] npc: #9 stand (6.2, 0.0, 3.5)
[2026-08-16T03:47:25Z INFO  steel_front::engine::game] npc: #9 stand (6.2, 0.0, 3.5)
[2026-08-16T03:47:25Z INFO  steel_front] size diag: window_inner=2560x1600 hud=2560x1600
[2026-08-16T03:47:25Z INFO  steel_front] size diag: window_inner=2560x1600 hud=2560x1600
[2026-08-16T03:47:25Z INFO  steel_front::engine::game] npc: #9 stand (6.2, 0.0, 3.5)
[2026-08-16T03:47:25Z INFO  steel_front] size diag: window_inner=2560x1600 hud=2560x1600
[2026-08-16T03:47:25Z INFO  steel_front] size diag: window_inner=2560x1600 hud=2560x1600
[2026-08-16T03:47:25Z INFO  steel_front] size diag: window_inner=2560x1600 hud=2560x1600
[2026-08-16T03:47:25Z INFO  steel_front::engine::game] npc: #9 stand (6.1, 0.0, 3.5)
[2026-08-16T03:47:25Z INFO  steel_front] size diag: window_inner=2560x1600 hud=2560x1600
[2026-08-16T03:47:25Z INFO  steel_front] size diag: window_inner=2560x1600 hud=2560x1600
[2026-08-16T03:47:25Z INFO  steel_front] size diag: window_inner=2560x1600 hud=2560x1600
[2026-08-16T03:47:25Z INFO  steel_front::engine::game] ai: npcs=5 near=4 far=1 idle=0 patrol=3 chase=2 attack=0 tactics=[2, 1, 1, 0, 0, 0, 0, 1]
[2026-08-16T03:47:25Z INFO  steel_front::engine::game] game: wave=1 enemies=5 enemy_hp=100 hp=85/100 score=10 phys_us=0 ai_us=93 audio_us=24 net_us=0
[2026-08-16T03:47:25Z INFO  steel_front] size diag: window_inner=2560x1600 hud=2560x1600
[2026-08-16T03:47:25Z INFO  steel_front::engine::game] npc: #9 stand (6.1, 0.0, 3.4)
[2026-08-16T03:47:25Z INFO  steel_front] size diag: window_inner=2560x1600 hud=2560x1600
[2026-08-16T03:47:25Z INFO  steel_front] size diag: window_inner=2560x1600 hud=2560x1600
[2026-08-16T03:47:25Z INFO  steel_front] size diag: window_inner=2560x1600 hud=2560x1600
[2026-08-16T03:47:25Z INFO  steel_front::engine::game] npc: #9 stand (6.1, 0.0, 3.4)
[2026-08-16T03:47:25Z INFO  steel_front] size diag: window_inner=2560x1600 hud=2560x1600
[2026-08-16T03:47:25Z INFO  steel_front] size diag: window_inner=2560x1600 hud=2560x1600
[2026-08-16T03:47:25Z INFO  steel_front] size diag: window_inner=2560x1600 hud=2560x1600
[2026-08-16T03:47:25Z INFO  steel_front] size diag: window_inner=2560x1600 hud=2560x1600
[2026-08-16T03:47:25Z INFO  steel_front] size diag: window_inner=2560x1600 hud=2560x1600
[2026-08-16T03:47:25Z INFO  steel_front] size diag: window_inner=2560x1600 hud=2560x1600
[2026-08-16T03:47:25Z INFO  steel_front::engine::game] npc: #9 stand (6.1, 0.0, 3.4)
[2026-08-16T03:47:25Z INFO  steel_front] size diag: window_inner=2560x1600 hud=2560x1600
[2026-08-16T03:47:25Z INFO  steel_front] size diag: window_inner=2560x1600 hud=2560x1600
[2026-08-16T03:47:25Z INFO  steel_front::engine::game] npc: #9 stand (6.1, 0.0, 3.4)
[2026-08-16T03:47:25Z INFO  steel_front::engine::game] npc: #9 stand (6.0, 0.0, 3.4)
[2026-08-16T03:47:25Z INFO  steel_front::engine::game] npc: #9 stand (6.0, 0.0, 3.4)
[2026-08-16T03:47:25Z INFO  steel_front::engine::game] npc: #9 stand (6.0, 0.0, 3.3)
[2026-08-16T03:47:25Z INFO  steel_front::engine::game] npc: #9 stand (5.9, 0.0, 3.3)
[2026-08-16T03:47:25Z INFO  steel_front::engine::game] npc: #9 stand (5.9, 0.0, 3.3)
[2026-08-16T03:47:25Z INFO  steel_front::engine::game] npc: #9 stand (5.9, 0.0, 3.3)
[2026-08-16T03:47:25Z INFO  steel_front::engine::game] npc: #9 stand (5.8, 0.0, 3.2)
[2026-08-16T03:47:25Z INFO  steel_front::engine::game] npc: #9 stand (5.8, 0.0, 3.2)
[2026-08-16T03:47:25Z INFO  steel_front::engine::game] npc: #9 stand (5.8, 0.0, 3.2)
[2026-08-16T03:47:25Z INFO  steel_front::engine::game] npc: #9 stand (5.8, 0.0, 3.2)
[2026-08-16T03:47:25Z INFO  steel_front::engine::game] explosion: at (21.4, -3.5, -219.3) radius=8 dmg=60 knockback=true
[2026-08-16T03:47:25Z INFO  steel_front::engine::game] npc: #9 stand (5.7, 0.0, 3.1)
[2026-08-16T03:47:25Z INFO  steel_front::engine::game] npc: #9 stand (5.7, 0.0, 3.1)
[2026-08-16T03:47:25Z INFO  steel_front::engine::game] npc: #9 stand (5.7, 0.0, 3.1)
[2026-08-16T03:47:25Z INFO  steel_front::engine::game] npc: #9 stand (5.6, 0.0, 3.0)
[2026-08-16T03:47:25Z INFO  steel_front::engine::game] npc: #9 stand (5.6, 0.0, 3.0)
[2026-08-16T03:47:25Z INFO  steel_front::engine::game] npc: #9 stand (5.6, 0.0, 3.0)
[2026-08-16T03:47:25Z INFO  steel_front::engine::game] npc: #9 stand (5.6, 0.0, 2.9)
[2026-08-16T03:47:25Z INFO  steel_front::engine::game] npc: #9 stand (5.6, 0.0, 2.9)
[2026-08-16T03:47:25Z INFO  steel_front] cam: yaw=-58.6 pitch=0.4 dist=3.4 mode=FirstPerson cycle_us=2654 update_us=17 render_us=2637
[2026-08-16T03:47:25Z INFO  steel_front::engine::game] explosion: at (25.4, 0.9, -154.9) radius=8 dmg=60 knockback=false
[2026-08-16T03:47:25Z INFO  steel_front::engine::game] weapons: 1 projectile hit(s), total_hits=5
[2026-08-16T03:47:25Z INFO  steel_front::engine::game] weapons: shot #14 (3 alive) [M1 Rifle]
[2026-08-16T03:47:26Z INFO  steel_front::engine::renderer] visible=65536/65536 near=65536 far=0 fps=403.6 frame_us=2466 cull_us=6 terrain_us=0 wait_fence_us=928 acquire_us=0 record_us=109 submit_us=36 present_us=602 terrain_lod=high blend=0.000 quality=中画质 marker=37 npc=1017
[2026-08-16T03:47:26Z INFO  steel_front::engine::game] explosion: at (45.3, -3.0, -210.4) radius=8 dmg=60 knockback=true
[2026-08-16T03:47:26Z INFO  steel_front::engine::game] ai: npcs=5 near=4 far=1 idle=0 patrol=3 chase=2 attack=0 tactics=[2, 1, 1, 0, 0, 0, 0, 1]
[2026-08-16T03:47:26Z INFO  steel_front::engine::game] game: wave=1 enemies=5 enemy_hp=100 hp=85/100 score=10 phys_us=0 ai_us=97 audio_us=34 net_us=0
[2026-08-16T03:47:26Z INFO  steel_front::engine::game] weapons: shot #15 (3 alive) [M1 Rifle]
[2026-08-16T03:47:26Z INFO  steel_front] cam: yaw=-60.7 pitch=0.1 dist=3.4 mode=FirstPerson cycle_us=3032 update_us=49 render_us=2983
[2026-08-16T03:47:26Z INFO  steel_front::engine::game] weapons: shot #16 (4 alive) [M1 Rifle]
[2026-08-16T03:47:27Z INFO  steel_front::engine::renderer] visible=65536/65536 near=65536 far=0 fps=404.0 frame_us=2639 cull_us=13 terrain_us=0 wait_fence_us=1520 acquire_us=1 record_us=60 submit_us=35 present_us=192 terrain_lod=high blend=0.000 quality=中画质 marker=40 npc=1017
[2026-08-16T03:47:27Z INFO  steel_front::engine::game] ai: npcs=5 near=4 far=1 idle=0 patrol=3 chase=2 attack=0 tactics=[2, 1, 1, 0, 0, 0, 0, 1]
[2026-08-16T03:47:27Z INFO  steel_front::engine::game] game: wave=1 enemies=5 enemy_hp=100 hp=85/100 score=10 phys_us=2 ai_us=470 audio_us=11 net_us=0
[2026-08-16T03:47:27Z INFO  steel_front::engine::game] weapons: shot #17 (5 alive) [M1 Rifle]
[2026-08-16T03:47:27Z INFO  steel_front::engine::game] explosion: at (32.8, -2.5, -205.5) radius=8 dmg=60 knockback=true
[2026-08-16T03:47:27Z INFO  steel_front::engine::game] weapons: shot #18 (5 alive) [M1 Rifle]
[2026-08-16T03:47:27Z INFO  steel_front] cam: yaw=-60.0 pitch=0.1 dist=3.4 mode=FirstPerson cycle_us=2344 update_us=28 render_us=2315
[2026-08-16T03:47:28Z INFO  steel_front::engine::game] weapons: shot #19 (6 alive) [M1 Rifle]
[2026-08-16T03:47:28Z INFO  steel_front::engine::renderer] visible=65536/65536 near=65536 far=0 fps=400.8 frame_us=2399 cull_us=5 terrain_us=0 wait_fence_us=1451 acquire_us=1 record_us=43 submit_us=49 present_us=191 terrain_lod=high blend=0.000 quality=中画质 marker=40 npc=1017
[2026-08-16T03:47:28Z INFO  steel_front::engine::game] ai: npcs=5 near=4 far=1 idle=0 patrol=3 chase=2 attack=0 tactics=[2, 1, 1, 0, 0, 0, 0, 1]
[2026-08-16T03:47:28Z INFO  steel_front::engine::game] game: wave=1 enemies=5 enemy_hp=100 hp=85/100 score=10 phys_us=1 ai_us=360 audio_us=12 net_us=0
[2026-08-16T03:47:28Z INFO  steel_front::engine::game] weapons: shot #20 (7 alive) [M1 Rifle]
[2026-08-16T03:47:28Z INFO  steel_front] cam: yaw=-61.4 pitch=0.7 dist=3.4 mode=FirstPerson cycle_us=1984 update_us=31 render_us=1953
[2026-08-16T03:47:29Z INFO  steel_front::engine::renderer] visible=65536/65536 near=65536 far=0 fps=404.1 frame_us=1895 cull_us=6 terrain_us=0 wait_fence_us=1812 acquire_us=0 record_us=66 submit_us=45 present_us=218 terrain_lod=high blend=0.000 quality=中画质 marker=38 npc=1017
[2026-08-16T03:47:29Z INFO  steel_front::engine::game] weapons: shot #21 (8 alive) [M1 Rifle]
[2026-08-16T03:47:29Z INFO  steel_front::engine::game] ai: npcs=5 near=5 far=0 idle=0 patrol=3 chase=2 attack=0 tactics=[2, 1, 1, 0, 0, 0, 0, 1]
[2026-08-16T03:47:29Z INFO  steel_front::engine::game] game: wave=1 enemies=5 enemy_hp=100 hp=85/100 score=10 phys_us=1 ai_us=296 audio_us=27 net_us=0
[2026-08-16T03:47:29Z INFO  steel_front::engine::game] explosion: at (179.5, -2.2, -112.0) radius=8 dmg=60 knockback=true
[2026-08-16T03:47:29Z INFO  steel_front::engine::game] weapons: shot #22 (8 alive) [M1 Rifle]
[2026-08-16T03:47:29Z INFO  steel_front] cam: yaw=-59.2 pitch=-0.1 dist=3.4 mode=FirstPerson cycle_us=2618 update_us=55 render_us=2563
[2026-08-16T03:47:29Z INFO  steel_front::engine::game] explosion: at (184.2, -1.5, -110.2) radius=8 dmg=60 knockback=true
[2026-08-16T03:47:30Z INFO  steel_front::engine::renderer] visible=65536/65536 near=65536 far=0 fps=412.0 frame_us=1988 cull_us=5 terrain_us=0 wait_fence_us=1528 acquire_us=0 record_us=44 submit_us=86 present_us=173 terrain_lod=high blend=0.000 quality=中画质 marker=37 npc=1017
[2026-08-16T03:47:30Z INFO  steel_front::engine::game] explosion: at (186.9, 1.1, -110.1) radius=8 dmg=60 knockback=true
[2026-08-16T03:47:30Z INFO  steel_front] size diag: window_inner=2560x1600 hud=2560x1600
[2026-08-16T03:47:30Z INFO  steel_front] size diag: window_inner=2560x1600 hud=2560x1600
[2026-08-16T03:47:30Z INFO  steel_front] size diag: window_inner=2560x1600 hud=2560x1600
[2026-08-16T03:47:30Z INFO  steel_front] size diag: window_inner=2560x1600 hud=2560x1600
[2026-08-16T03:47:30Z INFO  steel_front] size diag: window_inner=2560x1600 hud=2560x1600
[2026-08-16T03:47:30Z INFO  steel_front] size diag: window_inner=2560x1600 hud=2560x1600
[2026-08-16T03:47:30Z INFO  steel_front] size diag: window_inner=2560x1600 hud=2560x1600
[2026-08-16T03:47:30Z INFO  steel_front] size diag: window_inner=2560x1600 hud=2560x1600
[2026-08-16T03:47:30Z INFO  steel_front] size diag: window_inner=2560x1600 hud=2560x1600
[2026-08-16T03:47:30Z INFO  steel_front] size diag: window_inner=2560x1600 hud=2560x1600
[2026-08-16T03:47:30Z INFO  steel_front] size diag: window_inner=2560x1600 hud=2560x1600
[2026-08-16T03:47:30Z INFO  steel_front::engine::game] ai: npcs=5 near=5 far=0 idle=0 patrol=3 chase=2 attack=0 tactics=[2, 1, 1, 0, 0, 0, 0, 1]
[2026-08-16T03:47:30Z INFO  steel_front::engine::game] game: wave=1 enemies=5 enemy_hp=100 hp=85/100 score=10 phys_us=1 ai_us=128 audio_us=21 net_us=0
[2026-08-16T03:47:30Z INFO  steel_front] size diag: window_inner=2560x1600 hud=2560x1600
[2026-08-16T03:47:30Z INFO  steel_front] size diag: window_inner=2560x1600 hud=2560x1600
[2026-08-16T03:47:30Z INFO  steel_front] size diag: window_inner=2560x1600 hud=2560x1600
[2026-08-16T03:47:30Z INFO  steel_front] size diag: window_inner=2560x1600 hud=2560x1600
[2026-08-16T03:47:30Z INFO  steel_front] size diag: window_inner=2560x1600 hud=2560x1600
[2026-08-16T03:47:30Z INFO  steel_front] size diag: window_inner=2560x1600 hud=2560x1600
[2026-08-16T03:47:30Z INFO  steel_front] size diag: window_inner=2560x1600 hud=2560x1600
[2026-08-16T03:47:30Z INFO  steel_front] size diag: window_inner=2560x1600 hud=2560x1600
[2026-08-16T03:47:30Z INFO  steel_front] size diag: window_inner=2560x1600 hud=2560x1600
[2026-08-16T03:47:30Z INFO  steel_front] size diag: window_inner=2560x1600 hud=2560x1600
[2026-08-16T03:47:30Z INFO  steel_front::engine::game] weapons: shot #23 (7 alive) [M1 Rifle]
[2026-08-16T03:47:30Z INFO  steel_front::engine::game] explosion: at (189.0, 1.3, -111.3) radius=8 dmg=60 knockback=true
[2026-08-16T03:47:30Z INFO  steel_front] cam: yaw=-58.1 pitch=-0.5 dist=3.4 mode=FirstPerson cycle_us=2102 update_us=26 render_us=2076
[2026-08-16T03:47:31Z INFO  steel_front::engine::game] explosion: at (189.3, 1.0, -112.6) radius=8 dmg=60 knockback=true
[2026-08-16T03:47:31Z INFO  steel_front::engine::renderer] visible=65536/65536 near=65536 far=0 fps=415.2 frame_us=1277 cull_us=6 terrain_us=0 wait_fence_us=1614 acquire_us=1 record_us=42 submit_us=33 present_us=171 terrain_lod=high blend=0.000 quality=中画质 marker=40 npc=1017
[2026-08-16T03:47:31Z INFO  steel_front::engine::game] ai: npcs=5 near=5 far=0 idle=0 patrol=3 chase=2 attack=0 tactics=[2, 1, 1, 0, 0, 0, 0, 1]
[2026-08-16T03:47:31Z INFO  steel_front::engine::game] game: wave=1 enemies=5 enemy_hp=100 hp=85/100 score=10 phys_us=2 ai_us=217 audio_us=40 net_us=0
[2026-08-16T03:47:31Z INFO  steel_front::engine::game] explosion: at (191.7, 1.3, -110.9) radius=8 dmg=60 knockback=true
[2026-08-16T03:47:31Z INFO  steel_front] cam: yaw=-60.0 pitch=-0.5 dist=3.4 mode=FirstPerson cycle_us=2665 update_us=38 render_us=2627
[2026-08-16T03:47:31Z INFO  steel_front::engine::game] weapons: shot #24 (5 alive) [M1 Rifle]
[2026-08-16T03:47:32Z INFO  steel_front::engine::game] explosion: at (193.7, -1.0, -109.0) radius=8 dmg=60 knockback=true
[2026-08-16T03:47:32Z INFO  steel_front::engine::renderer] visible=65536/65536 near=65536 far=0 fps=415.2 frame_us=1911 cull_us=5 terrain_us=0 wait_fence_us=1406 acquire_us=0 record_us=43 submit_us=35 present_us=168 terrain_lod=high blend=0.000 quality=中画质 marker=41 npc=1017
[2026-08-16T03:47:32Z INFO  steel_front::engine::game] ai: npcs=5 near=4 far=1 idle=0 patrol=3 chase=2 attack=0 tactics=[2, 1, 1, 0, 0, 0, 0, 1]
[2026-08-16T03:47:32Z INFO  steel_front::engine::game] game: wave=1 enemies=5 enemy_hp=100 hp=85/100 score=10 phys_us=2 ai_us=373 audio_us=18 net_us=0
[2026-08-16T03:47:32Z INFO  steel_front::engine::game] explosion: at (193.6, 0.7, -109.3) radius=8 dmg=60 knockback=true
[2026-08-16T03:47:32Z INFO  steel_front] cam: yaw=-59.0 pitch=-0.4 dist=3.4 mode=FirstPerson cycle_us=1795 update_us=30 render_us=1765
[2026-08-16T03:47:33Z INFO  steel_front::engine::game] explosion: at (192.5, 1.8, -110.9) radius=8 dmg=60 knockback=true
[2026-08-16T03:47:33Z INFO  steel_front::engine::renderer] visible=65536/65536 near=65536 far=0 fps=412.6 frame_us=2688 cull_us=5 terrain_us=0 wait_fence_us=1106 acquire_us=1 record_us=69 submit_us=17 present_us=673 terrain_lod=high blend=0.000 quality=中画质 marker=40 npc=1017
[2026-08-16T03:47:33Z INFO  steel_front::engine::game] ai: npcs=5 near=5 far=0 idle=0 patrol=3 chase=2 attack=0 tactics=[2, 1, 1, 0, 0, 0, 0, 1]
[2026-08-16T03:47:33Z INFO  steel_front::engine::game] game: wave=1 enemies=5 enemy_hp=100 hp=85/100 score=10 phys_us=2 ai_us=424 audio_us=42 net_us=0
[2026-08-16T03:47:33Z INFO  steel_front::engine::game] npc: #9 stand (13.9, 0.0, -9.5)
[2026-08-16T03:47:33Z INFO  steel_front::engine::game] weapons: shot #25 (3 alive) [M1 Rifle]
[2026-08-16T03:47:33Z INFO  steel_front] cam: yaw=-58.1 pitch=0.1 dist=3.4 mode=FirstPerson cycle_us=2303 update_us=18 render_us=2284
[2026-08-16T03:47:33Z INFO  steel_front::engine::game] explosion: at (192.4, 2.0, -111.3) radius=8 dmg=60 knockback=true
[2026-08-16T03:47:34Z INFO  steel_front::engine::renderer] visible=65536/65536 near=65536 far=0 fps=412.0 frame_us=2553 cull_us=6 terrain_us=0 wait_fence_us=1392 acquire_us=0 record_us=47 submit_us=40 present_us=597 terrain_lod=high blend=0.000 quality=中画质 marker=70 npc=1017
[2026-08-16T03:47:34Z INFO  steel_front::engine::game] weapons: shot #26 (3 alive) [M1 Rifle]
[2026-08-16T03:47:34Z INFO  steel_front::engine::game] ai: npcs=5 near=5 far=0 idle=0 patrol=3 chase=1 attack=1 tactics=[2, 1, 1, 0, 0, 0, 0, 1]
[2026-08-16T03:47:34Z INFO  steel_front::engine::game] game: wave=1 enemies=5 enemy_hp=100 hp=80/100 score=10 phys_us=2 ai_us=374 audio_us=19 net_us=0
[2026-08-16T03:47:34Z INFO  steel_front::engine::game] weapons: shot #27 (4 alive) [M1 Rifle]
[2026-08-16T03:47:34Z INFO  steel_front] cam: yaw=-56.5 pitch=0.1 dist=3.4 mode=FirstPerson cycle_us=2573 update_us=37 render_us=2535
[2026-08-16T03:47:35Z INFO  steel_front::engine::renderer] visible=65536/65536 near=65536 far=0 fps=411.3 frame_us=2448 cull_us=9 terrain_us=0 wait_fence_us=899 acquire_us=1 record_us=126 submit_us=35 present_us=604 terrain_lod=high blend=0.000 quality=中画质 marker=38 npc=1017
[2026-08-16T03:47:35Z INFO  steel_front::engine::game] explosion: at (196.1, 3.3, -104.9) radius=8 dmg=60 knockback=true
[2026-08-16T03:47:35Z INFO  steel_front] size diag: window_inner=2560x1600 hud=2560x1600
[2026-08-16T03:47:35Z INFO  steel_front] size diag: window_inner=2560x1600 hud=2560x1600
[2026-08-16T03:47:35Z INFO  steel_front] size diag: window_inner=2560x1600 hud=2560x1600
[2026-08-16T03:47:35Z INFO  steel_front] size diag: window_inner=2560x1600 hud=2560x1600
[2026-08-16T03:47:35Z INFO  steel_front] size diag: window_inner=2560x1600 hud=2560x1600
[2026-08-16T03:47:35Z INFO  steel_front] size diag: window_inner=2560x1600 hud=2560x1600
[2026-08-16T03:47:35Z INFO  steel_front] size diag: window_inner=2560x1600 hud=2560x1600
[2026-08-16T03:47:35Z INFO  steel_front::engine::game] weapons: shot #28 (4 alive) [M1 Rifle]
[2026-08-16T03:47:35Z INFO  steel_front] size diag: window_inner=2560x1600 hud=2560x1600
[2026-08-16T03:47:35Z INFO  steel_front] size diag: window_inner=2560x1600 hud=2560x1600
[2026-08-16T03:47:35Z INFO  steel_front] size diag: window_inner=2560x1600 hud=2560x1600
[2026-08-16T03:47:35Z INFO  steel_front] size diag: window_inner=2560x1600 hud=2560x1600
[2026-08-16T03:47:35Z INFO  steel_front] size diag: window_inner=2560x1600 hud=2560x1600
[2026-08-16T03:47:35Z INFO  steel_front] size diag: window_inner=2560x1600 hud=2560x1600
[2026-08-16T03:47:35Z INFO  steel_front::engine::game] ai: npcs=5 near=5 far=0 idle=0 patrol=3 chase=1 attack=1 tactics=[2, 1, 1, 0, 0, 0, 0, 1]
[2026-08-16T03:47:35Z INFO  steel_front::engine::game] game: wave=1 enemies=5 enemy_hp=100 hp=75/100 score=10 phys_us=2 ai_us=157 audio_us=37 net_us=0
[2026-08-16T03:47:35Z INFO  steel_front] size diag: window_inner=2560x1600 hud=2560x1600
[2026-08-16T03:47:35Z INFO  steel_front] size diag: window_inner=2560x1600 hud=2560x1600
[2026-08-16T03:47:35Z INFO  steel_front] size diag: window_inner=2560x1600 hud=2560x1600
[2026-08-16T03:47:35Z INFO  steel_front] size diag: window_inner=2560x1600 hud=2560x1600
[2026-08-16T03:47:35Z INFO  steel_front] size diag: window_inner=2560x1600 hud=2560x1600
[2026-08-16T03:47:35Z INFO  steel_front] size diag: window_inner=2560x1600 hud=2560x1600
[2026-08-16T03:47:35Z INFO  steel_front] size diag: window_inner=2560x1600 hud=2560x1600
[2026-08-16T03:47:35Z INFO  steel_front] size diag: window_inner=2560x1600 hud=2560x1600
[2026-08-16T03:47:35Z INFO  steel_front::engine::game] weapons: shot #29 (5 alive) [M1 Rifle]
[2026-08-16T03:47:35Z INFO  steel_front] cam: yaw=-54.3 pitch=-0.1 dist=3.4 mode=FirstPerson cycle_us=2715 update_us=15 render_us=2699
[2026-08-16T03:47:36Z INFO  steel_front::engine::renderer] visible=65536/65536 near=65536 far=0 fps=409.8 frame_us=1995 cull_us=6 terrain_us=0 wait_fence_us=1201 acquire_us=0 record_us=53 submit_us=45 present_us=175 terrain_lod=high blend=0.000 quality=中画质 marker=66 npc=1017
[2026-08-16T03:47:36Z INFO  steel_front::engine::game] ai: npcs=5 near=5 far=0 idle=0 patrol=3 chase=1 attack=1 tactics=[2, 1, 1, 0, 0, 0, 0, 1]
[2026-08-16T03:47:36Z INFO  steel_front::engine::game] game: wave=1 enemies=5 enemy_hp=100 hp=70/100 score=10 phys_us=1 ai_us=383 audio_us=22 net_us=0
[2026-08-16T03:47:36Z INFO  steel_front::engine::game] weapons: shot #30 (6 alive) [M1 Rifle]
