[2026-08-16T05:56:45Z INFO  steel_front] ========================================
[2026-08-16T05:56:45Z INFO  steel_front]   钢铁前线 (Steel Front) v0.1.0
[2026-08-16T05:56:45Z INFO  steel_front]   二战FPS游戏引擎 - Rust + Vulkan
[2026-08-16T05:56:45Z INFO  steel_front] ========================================
[2026-08-16T05:56:45Z INFO  steel_front::engine::cpu] cpu: vendor=Amd threads=32 primary=[0, 1, 2, 3, 4, 5, 6, 7, 8, 9, 10, 11, 12, 13, 14, 15] secondary=[16, 17, 18, 19, 20, 21, 22, 23, 24, 25, 26, 27, 28, 29, 30, 31] e_cores=0 avx2=true avx512=true scene_set=[0, 1, 2, 3, 4, 5, 6, 7, 8, 9, 10, 11, 12, 13, 14, 15] ai_set=[16, 17, 18, 19, 20, 21, 22, 23, 24, 25, 26, 27, 28, 29, 30, 31] physical_primary=[0, 1, 2, 3, 4, 5, 6, 7, 8, 9, 10, 11, 12, 13, 14, 15] physical_secondary=[16, 17, 18, 19, 20, 21, 22, 23, 24, 25, 26, 27, 28, 29, 30, 31] smt=[]
[2026-08-16T05:56:45Z INFO  steel_front::engine::cpu] cpu: 非 Linux 平台，跳过线程手工绑定（交给系统调度）
[2026-08-16T05:56:45Z INFO  steel_front::engine::cpu] cpu: ai_pool 创建（8 工作线程，绑定 vCPU [16, 17, 18, 19, 20, 21, 22, 23, 24, 25, 26, 27, 28, 29, 30, 31]）
[2026-08-16T05:56:45Z INFO  steel_front::engine::game] map: level 1 generated: 36 obstacle bodies (wall=20 block=0 barrier=0 tree=3 building=6 ruin=7), 203 grid cells blocked
[2026-08-16T05:56:45Z INFO  steel_front] 窗口创建成功: 2560x1600
[2026-08-16T05:56:45Z INFO  steel_front] winit inner_size: 2560x1600 scale_factor=1.50
[2026-08-16T05:56:45Z WARN  steel_front::engine::renderer] 验证层不可用，将不使用
[2026-08-16T05:56:45Z INFO  steel_front::engine::renderer] 选择物理设备: NVIDIA GeForce RTX 5060 Laptop GPU
[2026-08-16T05:56:45Z INFO  steel_front::engine::gpu_caps] gpu-caps: 设备 NVIDIA GeForce RTX 5060 Laptop GPU 硬件能力探测（WSLg/dzn 视角）
[2026-08-16T05:56:45Z INFO  steel_front::engine::gpu_caps] gpu-caps: 可用 device 扩展 280 个
[2026-08-16T05:56:45Z INFO  steel_front::engine::gpu_caps] gpu-caps: -- 光追扩展 --
[2026-08-16T05:56:45Z INFO  steel_front::engine::gpu_caps] gpu-caps:   VK_KHR_ray_tracing_pipeline = true
[2026-08-16T05:56:45Z INFO  steel_front::engine::gpu_caps] gpu-caps:   VK_KHR_acceleration_structure = true
[2026-08-16T05:56:45Z INFO  steel_front::engine::gpu_caps] gpu-caps:   VK_KHR_ray_query = true
[2026-08-16T05:56:45Z INFO  steel_front::engine::gpu_caps] gpu-caps:   VK_KHR_deferred_host_operations = true
[2026-08-16T05:56:45Z INFO  steel_front::engine::gpu_caps] gpu-caps:   VK_KHR_buffer_device_address = true
[2026-08-16T05:56:45Z INFO  steel_front::engine::gpu_caps] gpu-caps:   VK_KHR_ray_tracing_position_fetch = true
[2026-08-16T05:56:45Z INFO  steel_front::engine::gpu_caps] gpu-caps:   VK_NV_ray_tracing = true
[2026-08-16T05:56:45Z INFO  steel_front::engine::gpu_caps] gpu-caps: -- Tensor Core / 协作矩阵 --
[2026-08-16T05:56:45Z INFO  steel_front::engine::gpu_caps] gpu-caps:   VK_KHR_cooperative_matrix = true
[2026-08-16T05:56:45Z INFO  steel_front::engine::gpu_caps] gpu-caps:   VK_NV_cooperative_matrix = true
[2026-08-16T05:56:45Z INFO  steel_front::engine::gpu_caps] gpu-caps:   VK_NV_compute_shader_derivatives = true
[2026-08-16T05:56:45Z INFO  steel_front::engine::gpu_caps] gpu-caps: -- DLSS / NVIDIA 私有 --
[2026-08-16T05:56:45Z INFO  steel_front::engine::gpu_caps] gpu-caps:   VK_NVX_image_view_handle = true
[2026-08-16T05:56:45Z INFO  steel_front::engine::gpu_caps] gpu-caps:   VK_NVX_binary_import = true
[2026-08-16T05:56:45Z INFO  steel_front::engine::gpu_caps] gpu-caps:   VK_NV_cuda_kernel = true
[2026-08-16T05:56:45Z INFO  steel_front::engine::gpu_caps] gpu-caps:   VK_NV_external_memory = true
[2026-08-16T05:56:45Z INFO  steel_front::engine::gpu_caps] gpu-caps: -- 其它新特性 --
[2026-08-16T05:56:45Z INFO  steel_front::engine::gpu_caps] gpu-caps:   VK_EXT_mesh_shader = true
[2026-08-16T05:56:45Z INFO  steel_front::engine::gpu_caps] gpu-caps:   VK_KHR_shader_object = false
[2026-08-16T05:56:45Z INFO  steel_front::engine::gpu_caps] gpu-caps:   VK_KHR_dynamic_rendering = true
[2026-08-16T05:56:45Z INFO  steel_front::engine::gpu_caps] gpu-caps: RT 特性 ray_tracing_pipeline=true acceleration_structure=true buffer_device_address=true ray_query=true
[2026-08-16T05:56:45Z INFO  steel_front::engine::gpu_caps] gpu-caps: RT 管线属性 shaderGroupHandleSize=32B maxRecursionDepth=31 maxRayDispatchInvocationCount=1073741824
[2026-08-16T05:56:45Z INFO  steel_front::engine::gpu_caps] gpu-caps: 【结论】光追探测 device 创建成功 → RT Core 路径可用（dzn→DXR）
[2026-08-16T05:56:45Z INFO  steel_front::engine::gpu_caps] gpu-caps: CUDA 直通（Tensor Core 可编程访问）=false（libcuda in /usr/lib/wsl/lib）
[2026-08-16T05:56:45Z INFO  steel_front::engine::gpu_caps] gpu-caps: 【结论】Vulkan-DLSS（NVIDIA 私有扩展）=true；可直接接 DLSS SDK
[2026-08-16T05:56:45Z INFO  steel_front::engine::renderer] VK_EXT_mesh_shader 可用：启用可选网格着色器渲染路径
[2026-08-16T05:56:45Z INFO  steel_front::engine::renderer] swapchain diag: current_extent=2560x1600 final=2560x1600
[2026-08-16T05:56:45Z INFO  steel_front::engine::renderer] 交换链初始化完成: 2560x1600, 格式: B8G8R8A8_SRGB, 图像数: 3, present_mode: MAILBOX
[2026-08-16T05:56:45Z INFO  steel_front::engine::renderer] 实例缓冲创建完成: 65536 个实例，stride 80 字节，2 帧双缓冲 HOST_VISIBLE|HOST_COHERENT（每帧压缩上传）
[2026-08-16T05:56:45Z INFO  steel_front::engine::renderer] instances=65536 draw_calls=1
[2026-08-16T05:56:45Z INFO  steel_front::engine::renderer] 深度缓冲创建完成: 3 张 2560x1600 D32_SFLOAT
[2026-08-16T05:56:45Z INFO  steel_front::engine::renderer] Descriptor Set Layout: binding 0 = UBO(view/proj), binding 1 = 贴图, binding 2 = 实例 STORAGE_BUFFER, binding 3 = 采样器
[2026-08-16T05:56:45Z INFO  steel_front::engine::renderer] Descriptor 初始化完成（2 帧）
[2026-08-16T05:56:45Z INFO  steel_front::engine::renderer] 远档 LOD 几何创建完成: 8 顶点 / 12 索引（十字双 quad）
[2026-08-16T05:56:45Z INFO  steel_front::engine::renderer] 地面平铺 quad 几何创建完成: 4 顶点 / 6 索引（无侧壁）
[2026-08-16T05:56:45Z INFO  steel_front::engine::renderer] 球体几何创建完成: 325 顶点 / 1728 索引（爆炸球形扩散）
[2026-08-16T05:56:45Z INFO  steel_front::engine::renderer] 地形 LOD[0] 创建完成: 66049 顶点 / 393216 索引（257×257 网格，间距 2）
[2026-08-16T05:56:45Z INFO  steel_front::engine::renderer] 地形 LOD[1] 创建完成: 16641 顶点 / 98304 索引（129×129 网格，间距 4）
[2026-08-16T05:56:45Z INFO  steel_front::engine::renderer] 地形 LOD[2] 创建完成: 4225 顶点 / 24576 索引（65×65 网格，间距 8）
[2026-08-16T05:56:45Z INFO  steel_front::engine::renderer] 地形 3 级 LOD 全部创建完成（高/中/低）
[2026-08-16T05:56:45Z INFO  steel_front::engine::renderer] 图形管线创建完成
[2026-08-16T05:56:45Z INFO  steel_front::engine::renderer] 网格着色器 maxMeshWorkGroupCount[0] = 4194304（地面场 65536 按此分块）
[2026-08-16T05:56:45Z INFO  steel_front::engine::renderer] 网格着色器管线创建完成（VK_EXT_mesh_shader）
[2026-08-16T05:56:45Z INFO  steel_front::engine::renderer] HUD 覆盖层初始化完成（独立 pipeline，容量 4096 quads）
[2026-08-16T05:56:45Z INFO  steel_front::engine::renderer] 纹理初始化完成: 512x512（10 mip，来源=程序化地面材质）
[2026-08-16T05:56:45Z INFO  steel_front::engine::renderer] 程序化皮肤纹理初始化完成: 512x512（marker=木板墙, npc=迷彩军服, RV3D_SKIN_TEX=off（纯色回退））
[2026-08-16T05:56:45Z INFO  steel_front::engine::renderer] 阴影贴图资源创建完成: 2048x2048 D32_SFLOAT
[2026-08-16T05:56:45Z INFO  steel_front::engine::renderer] 阴影 depth-only 管线创建完成
[2026-08-16T05:56:45Z INFO  steel_front] Vulkan 渲染器初始化成功
[2026-08-16T05:56:45Z INFO  steel_front] settings: 分辨率保持 2560x1600
[2026-08-16T05:56:45Z INFO  steel_front] settings: 应用画质 中画质
[2026-08-16T05:56:45Z INFO  steel_front::engine::renderer] 画质预设已切换: 中画质
[2026-08-16T05:56:45Z INFO  steel_front] 窗口大小变化: 1898x1061
[2026-08-16T05:56:45Z INFO  steel_front::engine::renderer] swapchain diag: current_extent=2560x1600 final=2560x1600
[2026-08-16T05:56:45Z INFO  steel_front::engine::renderer] 交换链初始化完成: 2560x1600, 格式: B8G8R8A8_SRGB, 图像数: 3, present_mode: MAILBOX
[2026-08-16T05:56:45Z INFO  steel_front::engine::renderer] 深度缓冲创建完成: 3 张 2560x1600 D32_SFLOAT
[2026-08-16T05:56:45Z INFO  steel_front] 窗口大小变化: 1920x1117
[2026-08-16T05:56:45Z INFO  steel_front::engine::renderer] swapchain diag: current_extent=2560x1600 final=2560x1600
[2026-08-16T05:56:45Z INFO  steel_front::engine::renderer] 交换链初始化完成: 2560x1600, 格式: B8G8R8A8_SRGB, 图像数: 3, present_mode: MAILBOX
[2026-08-16T05:56:45Z INFO  steel_front::engine::renderer] 深度缓冲创建完成: 3 张 2560x1600 D32_SFLOAT
[2026-08-16T05:56:45Z INFO  steel_front] 窗口大小变化: 2560x1600
[2026-08-16T05:56:45Z INFO  steel_front::engine::renderer] swapchain diag: current_extent=2560x1600 final=2560x1600
[2026-08-16T05:56:45Z INFO  steel_front::engine::renderer] 交换链初始化完成: 2560x1600, 格式: B8G8R8A8_SRGB, 图像数: 3, present_mode: MAILBOX
[2026-08-16T05:56:46Z INFO  steel_front::engine::renderer] 深度缓冲创建完成: 3 张 2560x1600 D32_SFLOAT
[2026-08-16T05:56:46Z INFO  steel_front] 窗口大小变化: 2560x1600
[2026-08-16T05:56:46Z INFO  steel_front::engine::renderer] swapchain diag: current_extent=2560x1600 final=2560x1600
[2026-08-16T05:56:46Z INFO  steel_front::engine::renderer] 交换链初始化完成: 2560x1600, 格式: B8G8R8A8_SRGB, 图像数: 3, present_mode: MAILBOX
[2026-08-16T05:56:46Z INFO  steel_front::engine::renderer] 深度缓冲创建完成: 3 张 2560x1600 D32_SFLOAT
[2026-08-16T05:56:46Z INFO  steel_front] cam: yaw=0.0 pitch=0.0 dist=3.4 mode=FirstPerson cycle_us=2734 update_us=27 render_us=2706
[2026-08-16T05:56:46Z INFO  steel_front::engine::renderer] visible=65536/65536 near=65536 far=0 fps=313.3 frame_us=2557 cull_us=0 terrain_us=0 wait_fence_us=1869 acquire_us=1 record_us=36 submit_us=35 present_us=204 terrain_lod=high blend=0.000 quality=中画质 marker=36 npc=56
[2026-08-16T05:56:46Z INFO  steel_front::engine::game] ai: npcs=8 near=8 far=0 idle=0 patrol=0 chase=8 attack=0 tactics=[8, 0, 0, 0, 0, 0, 0, 0]
[2026-08-16T05:56:46Z INFO  steel_front::engine::game] game: wave=1 enemies=8 enemy_hp=100 hp=100/100 score=0 phys_us=1 ai_us=375 audio_us=22 net_us=0
[2026-08-16T05:56:47Z INFO  steel_front] cam: yaw=0.0 pitch=0.0 dist=3.4 mode=FirstPerson cycle_us=2481 update_us=32 render_us=2449
[2026-08-16T05:56:47Z INFO  steel_front::engine::renderer] visible=65536/65536 near=65536 far=0 fps=380.8 frame_us=2171 cull_us=0 terrain_us=0 wait_fence_us=2224 acquire_us=1 record_us=46 submit_us=43 present_us=206 terrain_lod=high blend=0.000 quality=中画质 marker=36 npc=56
[2026-08-16T05:56:47Z INFO  steel_front::engine::game] ai: npcs=8 near=8 far=0 idle=0 patrol=0 chase=8 attack=0 tactics=[8, 0, 0, 0, 0, 0, 0, 0]
[2026-08-16T05:56:47Z INFO  steel_front::engine::game] game: wave=1 enemies=8 enemy_hp=100 hp=100/100 score=0 phys_us=3 ai_us=429 audio_us=13 net_us=0
[2026-08-16T05:56:48Z INFO  steel_front] cam: yaw=0.0 pitch=0.0 dist=3.4 mode=FirstPerson cycle_us=2531 update_us=20 render_us=2510
[2026-08-16T05:56:48Z INFO  steel_front::engine::renderer] visible=65536/65536 near=65536 far=0 fps=380.7 frame_us=1994 cull_us=0 terrain_us=0 wait_fence_us=2579 acquire_us=1 record_us=18 submit_us=16 present_us=102 terrain_lod=high blend=0.000 quality=中画质 marker=36 npc=56
[2026-08-16T05:56:48Z INFO  steel_front::engine::game] ai: npcs=8 near=8 far=0 idle=0 patrol=0 chase=8 attack=0 tactics=[8, 0, 0, 0, 0, 0, 0, 0]
[2026-08-16T05:56:48Z INFO  steel_front::engine::game] game: wave=1 enemies=8 enemy_hp=100 hp=100/100 score=0 phys_us=3 ai_us=420 audio_us=7 net_us=0
[2026-08-16T05:56:49Z INFO  steel_front] cam: yaw=0.0 pitch=0.0 dist=3.4 mode=FirstPerson cycle_us=2247 update_us=29 render_us=2218
[2026-08-16T05:56:49Z INFO  steel_front::engine::renderer] visible=65536/65536 near=65536 far=0 fps=382.8 frame_us=2630 cull_us=0 terrain_us=0 wait_fence_us=1915 acquire_us=0 record_us=37 submit_us=27 present_us=196 terrain_lod=high blend=0.000 quality=中画质 marker=36 npc=56
[2026-08-16T05:56:49Z INFO  steel_front::engine::game] ai: npcs=8 near=8 far=0 idle=0 patrol=0 chase=8 attack=0 tactics=[8, 0, 0, 0, 0, 0, 0, 0]
[2026-08-16T05:56:49Z INFO  steel_front::engine::game] game: wave=1 enemies=8 enemy_hp=100 hp=100/100 score=0 phys_us=1 ai_us=334 audio_us=20 net_us=0
[2026-08-16T05:56:50Z INFO  steel_front] cam: yaw=0.0 pitch=0.0 dist=3.4 mode=FirstPerson cycle_us=2337 update_us=23 render_us=2314
[2026-08-16T05:56:50Z INFO  steel_front::engine::game] npc: #3 stand (3.4, 0.0, 11.5)
[2026-08-16T05:56:50Z INFO  steel_front::engine::renderer] visible=65536/65536 near=65536 far=0 fps=381.5 frame_us=2858 cull_us=1 terrain_us=0 wait_fence_us=1986 acquire_us=1 record_us=33 submit_us=28 present_us=208 terrain_lod=high blend=0.000 quality=中画质 marker=51 npc=56
[2026-08-16T05:56:50Z INFO  steel_front] size diag: window_inner=2560x1600 hud=2560x1600
[2026-08-16T05:56:50Z INFO  steel_front::engine::game] ai: npcs=8 near=8 far=0 idle=0 patrol=0 chase=7 attack=1 tactics=[8, 0, 0, 0, 0, 0, 0, 0]
[2026-08-16T05:56:50Z INFO  steel_front::engine::game] game: wave=1 enemies=8 enemy_hp=100 hp=100/100 score=0 phys_us=3 ai_us=191 audio_us=12 net_us=0
[2026-08-16T05:56:50Z INFO  steel_front] size diag: window_inner=2560x1600 hud=2560x1600
[2026-08-16T05:56:50Z INFO  steel_front] size diag: window_inner=2560x1600 hud=2560x1600
[2026-08-16T05:56:50Z INFO  steel_front] size diag: window_inner=2560x1600 hud=2560x1600
[2026-08-16T05:56:50Z INFO  steel_front] size diag: window_inner=2560x1600 hud=2560x1600
[2026-08-16T05:56:50Z INFO  steel_front] size diag: window_inner=2560x1600 hud=2560x1600
[2026-08-16T05:56:50Z INFO  steel_front] size diag: window_inner=2560x1600 hud=2560x1600
[2026-08-16T05:56:50Z INFO  steel_front] size diag: window_inner=2560x1600 hud=2560x1600
[2026-08-16T05:56:50Z INFO  steel_front] size diag: window_inner=2560x1600 hud=2560x1600
[2026-08-16T05:56:50Z INFO  steel_front] size diag: window_inner=2560x1600 hud=2560x1600
[2026-08-16T05:56:51Z INFO  steel_front] size diag: window_inner=2560x1600 hud=2560x1600
[2026-08-16T05:56:51Z INFO  steel_front] size diag: window_inner=2560x1600 hud=2560x1600
[2026-08-16T05:56:51Z INFO  steel_front] size diag: window_inner=2560x1600 hud=2560x1600
[2026-08-16T05:56:51Z INFO  steel_front] size diag: window_inner=2560x1600 hud=2560x1600
[2026-08-16T05:56:51Z INFO  steel_front] size diag: window_inner=2560x1600 hud=2560x1600
[2026-08-16T05:56:51Z INFO  steel_front] size diag: window_inner=2560x1600 hud=2560x1600
[2026-08-16T05:56:51Z INFO  steel_front] size diag: window_inner=2560x1600 hud=2560x1600
[2026-08-16T05:56:51Z INFO  steel_front] size diag: window_inner=2560x1600 hud=2560x1600
[2026-08-16T05:56:51Z INFO  steel_front] size diag: window_inner=2560x1600 hud=2560x1600
[2026-08-16T05:56:51Z INFO  steel_front::engine::game] npc: #4 stand (4.0, 0.0, -11.3)
[2026-08-16T05:56:51Z INFO  steel_front] cam: yaw=0.0 pitch=0.0 dist=3.4 mode=FirstPerson cycle_us=3229 update_us=14 render_us=3214
[2026-08-16T05:56:51Z INFO  steel_front::engine::renderer] visible=65536/65536 near=65536 far=0 fps=382.9 frame_us=2430 cull_us=1 terrain_us=0 wait_fence_us=1914 acquire_us=1 record_us=34 submit_us=25 present_us=215 terrain_lod=high blend=0.000 quality=中画质 marker=36 npc=56
[2026-08-16T05:56:51Z INFO  steel_front::engine::game] ai: npcs=8 near=8 far=0 idle=0 patrol=0 chase=6 attack=2 tactics=[8, 0, 0, 0, 0, 0, 0, 0]
[2026-08-16T05:56:51Z INFO  steel_front::engine::game] game: wave=1 enemies=8 enemy_hp=100 hp=100/100 score=0 phys_us=2 ai_us=456 audio_us=12 net_us=0
[2026-08-16T05:56:52Z INFO  steel_front::engine::game] npc: #1 stand (-11.4, 0.0, 3.6)
[2026-08-16T05:56:52Z INFO  steel_front] cam: yaw=0.0 pitch=0.0 dist=3.4 mode=FirstPerson cycle_us=2456 update_us=33 render_us=2422
[2026-08-16T05:56:52Z INFO  steel_front::engine::renderer] visible=65536/65536 near=65536 far=0 fps=365.6 frame_us=2286 cull_us=0 terrain_us=0 wait_fence_us=2230 acquire_us=0 record_us=35 submit_us=47 present_us=286 terrain_lod=high blend=0.000 quality=中画质 marker=61 npc=56
[2026-08-16T05:56:52Z INFO  steel_front::engine::game] ai: npcs=8 near=8 far=0 idle=0 patrol=0 chase=5 attack=3 tactics=[8, 0, 0, 0, 0, 0, 0, 0]
[2026-08-16T05:56:52Z INFO  steel_front::engine::game] game: wave=1 enemies=8 enemy_hp=100 hp=100/100 score=0 phys_us=2 ai_us=373 audio_us=28 net_us=0
[2026-08-16T05:56:53Z INFO  steel_front] cam: yaw=0.0 pitch=0.0 dist=3.4 mode=FirstPerson cycle_us=2623 update_us=14 render_us=2608
[2026-08-16T05:56:53Z INFO  steel_front::engine::renderer] visible=65536/65536 near=65536 far=0 fps=376.5 frame_us=2773 cull_us=0 terrain_us=0 wait_fence_us=1909 acquire_us=0 record_us=35 submit_us=26 present_us=217 terrain_lod=high blend=0.000 quality=中画质 marker=53 npc=56
[2026-08-16T05:56:53Z INFO  steel_front::engine::game] ai: npcs=8 near=8 far=0 idle=0 patrol=0 chase=5 attack=3 tactics=[8, 0, 0, 0, 0, 0, 0, 0]
[2026-08-16T05:56:53Z INFO  steel_front::engine::game] game: wave=1 enemies=8 enemy_hp=100 hp=100/100 score=0 phys_us=2 ai_us=403 audio_us=17 net_us=0
[2026-08-16T05:56:54Z INFO  steel_front] cam: yaw=0.0 pitch=0.0 dist=3.4 mode=FirstPerson cycle_us=3385 update_us=30 render_us=3354
[2026-08-16T05:56:54Z INFO  steel_front::engine::renderer] visible=65536/65536 near=65536 far=0 fps=376.6 frame_us=2546 cull_us=1 terrain_us=0 wait_fence_us=2174 acquire_us=1 record_us=17 submit_us=15 present_us=112 terrain_lod=high blend=0.000 quality=中画质 marker=62 npc=56
[2026-08-16T05:56:54Z INFO  steel_front::engine::game] ai: npcs=8 near=8 far=0 idle=0 patrol=0 chase=5 attack=3 tactics=[8, 0, 0, 0, 0, 0, 0, 0]
[2026-08-16T05:56:54Z INFO  steel_front::engine::game] game: wave=1 enemies=8 enemy_hp=100 hp=100/100 score=0 phys_us=1 ai_us=341 audio_us=22 net_us=0
[2026-08-16T05:56:55Z INFO  steel_front] cam: yaw=0.0 pitch=0.0 dist=3.4 mode=FirstPerson cycle_us=2413 update_us=36 render_us=2376
[2026-08-16T05:56:55Z INFO  steel_front::engine::renderer] visible=65536/65536 near=65536 far=0 fps=376.1 frame_us=2175 cull_us=0 terrain_us=0 wait_fence_us=2444 acquire_us=1 record_us=16 submit_us=14 present_us=195 terrain_lod=high blend=0.000 quality=中画质 marker=55 npc=56
[2026-08-16T05:56:55Z INFO  steel_front] size diag: window_inner=2560x1600 hud=2560x1600
[2026-08-16T05:56:55Z INFO  steel_front] size diag: window_inner=2560x1600 hud=2560x1600
[2026-08-16T05:56:55Z INFO  steel_front] size diag: window_inner=2560x1600 hud=2560x1600
[2026-08-16T05:56:55Z INFO  steel_front::engine::game] ai: npcs=8 near=8 far=0 idle=0 patrol=0 chase=5 attack=3 tactics=[8, 0, 0, 0, 0, 0, 0, 0]
[2026-08-16T05:56:55Z INFO  steel_front::engine::game] game: wave=1 enemies=8 enemy_hp=100 hp=100/100 score=0 phys_us=1 ai_us=102 audio_us=24 net_us=0
[2026-08-16T05:56:55Z INFO  steel_front] size diag: window_inner=2560x1600 hud=2560x1600
[2026-08-16T05:56:55Z INFO  steel_front] size diag: window_inner=2560x1600 hud=2560x1600
[2026-08-16T05:56:55Z INFO  steel_front] size diag: window_inner=2560x1600 hud=2560x1600
[2026-08-16T05:56:55Z INFO  steel_front] size diag: window_inner=2560x1600 hud=2560x1600
[2026-08-16T05:56:55Z INFO  steel_front] size diag: window_inner=2560x1600 hud=2560x1600
[2026-08-16T05:56:55Z INFO  steel_front] size diag: window_inner=2560x1600 hud=2560x1600
[2026-08-16T05:56:55Z INFO  steel_front] size diag: window_inner=2560x1600 hud=2560x1600
[2026-08-16T05:56:56Z INFO  steel_front] size diag: window_inner=2560x1600 hud=2560x1600
[2026-08-16T05:56:56Z INFO  steel_front] size diag: window_inner=2560x1600 hud=2560x1600
[2026-08-16T05:56:56Z INFO  steel_front] size diag: window_inner=2560x1600 hud=2560x1600
[2026-08-16T05:56:56Z INFO  steel_front] size diag: window_inner=2560x1600 hud=2560x1600
[2026-08-16T05:56:56Z INFO  steel_front] size diag: window_inner=2560x1600 hud=2560x1600
[2026-08-16T05:56:56Z INFO  steel_front] size diag: window_inner=2560x1600 hud=2560x1600
[2026-08-16T05:56:56Z INFO  steel_front] size diag: window_inner=2560x1600 hud=2560x1600
[2026-08-16T05:56:56Z INFO  steel_front] size diag: window_inner=2560x1600 hud=2560x1600
[2026-08-16T05:56:56Z INFO  steel_front] size diag: window_inner=2560x1600 hud=2560x1600
[2026-08-16T05:56:56Z INFO  steel_front] cam: yaw=0.0 pitch=0.0 dist=3.4 mode=FirstPerson cycle_us=2672 update_us=17 render_us=2655
[2026-08-16T05:56:56Z INFO  steel_front::engine::game] npc: #5 stand (11.8, 0.0, 2.0)
[2026-08-16T05:56:56Z INFO  steel_front::engine::renderer] visible=65536/65536 near=65536 far=0 fps=375.5 frame_us=2277 cull_us=0 terrain_us=0 wait_fence_us=1814 acquire_us=1 record_us=52 submit_us=50 present_us=247 terrain_lod=high blend=0.000 quality=中画质 marker=62 npc=56
[2026-08-16T05:56:56Z INFO  steel_front::engine::game] ai: npcs=8 near=8 far=0 idle=0 patrol=0 chase=4 attack=4 tactics=[8, 0, 0, 0, 0, 0, 0, 0]
[2026-08-16T05:56:56Z INFO  steel_front::engine::game] game: wave=1 enemies=8 enemy_hp=100 hp=100/100 score=0 phys_us=2 ai_us=414 audio_us=27 net_us=0
[2026-08-16T05:56:57Z INFO  steel_front] cam: yaw=0.0 pitch=0.0 dist=3.4 mode=FirstPerson cycle_us=2907 update_us=14 render_us=2892
[2026-08-16T05:56:57Z INFO  steel_front::engine::game] npc: #7 stand (11.5, 0.0, 3.4)
[2026-08-16T05:56:57Z INFO  steel_front::engine::renderer] visible=65536/65536 near=65536 far=0 fps=375.9 frame_us=2508 cull_us=1 terrain_us=0 wait_fence_us=1894 acquire_us=1 record_us=36 submit_us=29 present_us=228 terrain_lod=high blend=0.000 quality=中画质 marker=76 npc=56
[2026-08-16T05:56:57Z INFO  steel_front::engine::game] ai: npcs=8 near=8 far=0 idle=0 patrol=0 chase=3 attack=5 tactics=[8, 0, 0, 0, 0, 0, 0, 0]
[2026-08-16T05:56:57Z INFO  steel_front::engine::game] game: wave=1 enemies=8 enemy_hp=100 hp=100/100 score=0 phys_us=2 ai_us=424 audio_us=23 net_us=0
[2026-08-16T05:56:58Z INFO  steel_front] cam: yaw=0.0 pitch=0.0 dist=3.4 mode=FirstPerson cycle_us=2603 update_us=26 render_us=2577
[2026-08-16T05:56:58Z INFO  steel_front::engine::renderer] visible=65536/65536 near=65536 far=0 fps=376.0 frame_us=2609 cull_us=0 terrain_us=0 wait_fence_us=2158 acquire_us=0 record_us=35 submit_us=30 present_us=221 terrain_lod=high blend=0.000 quality=中画质 marker=81 npc=56
[2026-08-16T05:56:58Z INFO  steel_front::engine::game] ai: npcs=8 near=8 far=0 idle=0 patrol=0 chase=3 attack=5 tactics=[8, 0, 0, 0, 0, 0, 0, 0]
[2026-08-16T05:56:58Z INFO  steel_front::engine::game] game: wave=1 enemies=8 enemy_hp=100 hp=100/100 score=0 phys_us=1 ai_us=326 audio_us=10 net_us=0
[2026-08-16T05:56:59Z INFO  steel_front::engine::game] npc: #2 stand (1.9, 0.0, -11.8)
[2026-08-16T05:56:59Z INFO  steel_front::engine::game] npc: #0 stand (2.9, 0.0, -11.6)
[2026-08-16T05:56:59Z INFO  steel_front] cam: yaw=0.0 pitch=0.0 dist=3.4 mode=FirstPerson cycle_us=2662 update_us=27 render_us=2635
[2026-08-16T05:56:59Z INFO  steel_front::engine::renderer] visible=65536/65536 near=65536 far=0 fps=372.1 frame_us=2238 cull_us=1 terrain_us=0 wait_fence_us=2246 acquire_us=1 record_us=35 submit_us=26 present_us=264 terrain_lod=high blend=0.000 quality=中画质 marker=83 npc=56
[2026-08-16T05:56:59Z INFO  steel_front::engine::game] ai: npcs=8 near=8 far=0 idle=0 patrol=0 chase=1 attack=7 tactics=[8, 0, 0, 0, 0, 0, 0, 0]
[2026-08-16T05:56:59Z INFO  steel_front::engine::game] game: wave=1 enemies=8 enemy_hp=100 hp=100/100 score=0 phys_us=2 ai_us=411 audio_us=30 net_us=0
[2026-08-16T05:57:00Z INFO  steel_front] cam: yaw=0.0 pitch=0.0 dist=3.4 mode=FirstPerson cycle_us=2265 update_us=37 render_us=2227
[2026-08-16T05:57:00Z INFO  steel_front::engine::renderer] visible=65536/65536 near=65536 far=0 fps=375.8 frame_us=2520 cull_us=0 terrain_us=0 wait_fence_us=1993 acquire_us=0 record_us=23 submit_us=19 present_us=295 terrain_lod=high blend=0.000 quality=中画质 marker=84 npc=56
[2026-08-16T05:57:00Z INFO  steel_front] size diag: window_inner=2560x1600 hud=2560x1600
[2026-08-16T05:57:00Z INFO  steel_front] size diag: window_inner=2560x1600 hud=2560x1600
[2026-08-16T05:57:00Z INFO  steel_front] size diag: window_inner=2560x1600 hud=2560x1600
[2026-08-16T05:57:00Z INFO  steel_front] size diag: window_inner=2560x1600 hud=2560x1600
[2026-08-16T05:57:00Z INFO  steel_front] size diag: window_inner=2560x1600 hud=2560x1600
[2026-08-16T05:57:00Z INFO  steel_front] size diag: window_inner=2560x1600 hud=2560x1600
[2026-08-16T05:57:00Z INFO  steel_front] size diag: window_inner=2560x1600 hud=2560x1600
[2026-08-16T05:57:00Z INFO  steel_front::engine::game] ai: npcs=8 near=8 far=0 idle=0 patrol=0 chase=1 attack=7 tactics=[8, 0, 0, 0, 0, 0, 0, 0]
[2026-08-16T05:57:00Z INFO  steel_front::engine::game] game: wave=1 enemies=8 enemy_hp=100 hp=100/100 score=0 phys_us=2 ai_us=189 audio_us=23 net_us=0
[2026-08-16T05:57:00Z INFO  steel_front] size diag: window_inner=2560x1600 hud=2560x1600
[2026-08-16T05:57:00Z INFO  steel_front] size diag: window_inner=2560x1600 hud=2560x1600
[2026-08-16T05:57:00Z INFO  steel_front] size diag: window_inner=2560x1600 hud=2560x1600
[2026-08-16T05:57:01Z INFO  steel_front] size diag: window_inner=2560x1600 hud=2560x1600
[2026-08-16T05:57:01Z INFO  steel_front] size diag: window_inner=2560x1600 hud=2560x1600
[2026-08-16T05:57:01Z INFO  steel_front] size diag: window_inner=2560x1600 hud=2560x1600
[2026-08-16T05:57:01Z INFO  steel_front] size diag: window_inner=2560x1600 hud=2560x1600
[2026-08-16T05:57:01Z INFO  steel_front] size diag: window_inner=2560x1600 hud=2560x1600
[2026-08-16T05:57:01Z INFO  steel_front] size diag: window_inner=2560x1600 hud=2560x1600
[2026-08-16T05:57:01Z INFO  steel_front] size diag: window_inner=2560x1600 hud=2560x1600
[2026-08-16T05:57:01Z INFO  steel_front] size diag: window_inner=2560x1600 hud=2560x1600
[2026-08-16T05:57:01Z INFO  steel_front] size diag: window_inner=2560x1600 hud=2560x1600
[2026-08-16T05:57:01Z INFO  steel_front] cam: yaw=0.0 pitch=0.0 dist=3.4 mode=FirstPerson cycle_us=2900 update_us=22 render_us=2877
[2026-08-16T05:57:01Z INFO  steel_front::engine::renderer] visible=65536/65536 near=65536 far=0 fps=376.5 frame_us=2368 cull_us=1 terrain_us=0 wait_fence_us=2168 acquire_us=1 record_us=16 submit_us=16 present_us=113 terrain_lod=high blend=0.000 quality=中画质 marker=84 npc=56
[2026-08-16T05:57:01Z INFO  steel_front::engine::game] ai: npcs=8 near=8 far=0 idle=0 patrol=0 chase=1 attack=7 tactics=[8, 0, 0, 0, 0, 0, 0, 0]
[2026-08-16T05:57:01Z INFO  steel_front::engine::game] game: wave=1 enemies=8 enemy_hp=100 hp=100/100 score=0 phys_us=1 ai_us=486 audio_us=16 net_us=0
[2026-08-16T05:57:02Z INFO  steel_front] cam: yaw=0.0 pitch=0.0 dist=3.4 mode=FirstPerson cycle_us=2349 update_us=40 render_us=2309
[2026-08-16T05:57:02Z INFO  steel_front::engine::renderer] visible=65536/65536 near=65536 far=0 fps=376.4 frame_us=2052 cull_us=1 terrain_us=0 wait_fence_us=2417 acquire_us=1 record_us=40 submit_us=21 present_us=138 terrain_lod=high blend=0.000 quality=中画质 marker=84 npc=56
[2026-08-16T05:57:02Z INFO  steel_front::engine::game] ai: npcs=8 near=8 far=0 idle=0 patrol=0 chase=1 attack=7 tactics=[8, 0, 0, 0, 0, 0, 0, 0]
[2026-08-16T05:57:02Z INFO  steel_front::engine::game] game: wave=1 enemies=8 enemy_hp=100 hp=100/100 score=0 phys_us=2 ai_us=377 audio_us=25 net_us=0
[2026-08-16T05:57:03Z INFO  steel_front::engine::game] npc: #6 stand (2.1, 0.0, -11.8)
[2026-08-16T05:57:03Z INFO  steel_front] cam: yaw=0.0 pitch=0.0 dist=3.4 mode=FirstPerson cycle_us=2434 update_us=21 render_us=2412
[2026-08-16T05:57:03Z INFO  steel_front::engine::renderer] visible=65536/65536 near=65536 far=0 fps=372.1 frame_us=2472 cull_us=0 terrain_us=0 wait_fence_us=2202 acquire_us=0 record_us=44 submit_us=59 present_us=199 terrain_lod=high blend=0.000 quality=中画质 marker=84 npc=56
[2026-08-16T05:57:03Z INFO  steel_front::engine::game] map: level 1 generated: 36 obstacle bodies (wall=20 block=0 barrier=0 tree=3 building=6 ruin=7), 203 grid cells blocked
[2026-08-16T05:57:03Z INFO  steel_front::engine::game] game: purged 8 leftover npcs on run start
[2026-08-16T05:57:03Z INFO  steel_front::engine::game] wave: npc #8 spawn (65.3, 0.0, 25.3)
[2026-08-16T05:57:03Z INFO  steel_front::engine::game] wave: npc #9 spawn (6.1, 0.0, 39.5)
[2026-08-16T05:57:03Z INFO  steel_front::engine::game] wave: npc #10 spawn (-46.8, 0.0, 37.6)
[2026-08-16T05:57:03Z INFO  steel_front::engine::game] wave: npc #11 spawn (-74.6, 0.0, -28.9)
[2026-08-16T05:57:03Z INFO  steel_front::engine::game] wave: npc #12 spawn (-7.6, 0.0, -49.4)
[2026-08-16T05:57:03Z INFO  steel_front::engine::game] wave: npc #13 spawn (54.6, 0.0, -43.9)
[2026-08-16T05:57:03Z INFO  steel_front::engine::game] wave: wave 1 spawned 6 enemies (kind=Normal total=6 speed=4.0 hp=100 effective=1)
[2026-08-16T05:57:03Z INFO  steel_front::engine::game] game: run started (wave 1)
[2026-08-16T05:57:03Z INFO  steel_front] input: cursor captured (mouse look on, grab=locked, look=relative)
[2026-08-16T05:57:03Z INFO  steel_front::engine::game] physics: 36 events this frame (GroundHit, GroundHit, GroundHit, GroundHit, GroundHit, GroundHit, GroundHit, GroundHit, GroundHit, GroundHit, GroundHit, GroundHit, GroundHit, GroundHit, GroundHit, GroundHit, GroundHit, GroundHit, GroundHit, GroundHit, GroundHit, GroundHit, GroundHit, GroundHit, GroundHit, GroundHit, GroundHit, GroundHit, GroundHit, GroundHit, GroundHit, GroundHit, GroundHit, GroundHit, GroundHit, GroundHit)
[2026-08-16T05:57:03Z INFO  steel_front::engine::game] ai: npcs=6 near=6 far=0 idle=0 patrol=3 chase=3 attack=0 tactics=[4, 1, 1, 0, 0, 0, 0, 0]
[2026-08-16T05:57:03Z INFO  steel_front::engine::game] game: wave=1 enemies=6 enemy_hp=100 hp=100/100 score=0 phys_us=2 ai_us=104 audio_us=28 net_us=0
[2026-08-16T05:57:04Z INFO  steel_front] cam: yaw=0.0 pitch=0.0 dist=3.4 mode=FirstPerson cycle_us=2910 update_us=15 render_us=2895
[2026-08-16T05:57:04Z INFO  steel_front::engine::renderer] visible=65536/65536 near=65536 far=0 fps=389.2 frame_us=1841 cull_us=1 terrain_us=0 wait_fence_us=2092 acquire_us=0 record_us=38 submit_us=39 present_us=211 terrain_lod=high blend=0.000 quality=中画质 marker=36 npc=98
[2026-08-16T05:57:05Z INFO  steel_front::engine::game] ai: npcs=6 near=6 far=0 idle=0 patrol=3 chase=3 attack=0 tactics=[4, 1, 1, 0, 0, 0, 0, 0]
[2026-08-16T05:57:05Z INFO  steel_front::engine::game] game: wave=1 enemies=6 enemy_hp=100 hp=100/100 score=0 phys_us=2 ai_us=415 audio_us=10 net_us=0
[2026-08-16T05:57:05Z INFO  steel_front] cam: yaw=0.0 pitch=0.0 dist=3.4 mode=FirstPerson cycle_us=2657 update_us=19 render_us=2637
[2026-08-16T05:57:05Z INFO  steel_front::engine::renderer] visible=65536/65536 near=65536 far=0 fps=394.7 frame_us=1488 cull_us=1 terrain_us=0 wait_fence_us=2677 acquire_us=1 record_us=42 submit_us=34 present_us=198 terrain_lod=high blend=0.000 quality=中画质 marker=36 npc=98
[2026-08-16T05:57:05Z INFO  steel_front] size diag: window_inner=2560x1600 hud=2560x1600
[2026-08-16T05:57:05Z INFO  steel_front] size diag: window_inner=2560x1600 hud=2560x1600
[2026-08-16T05:57:05Z INFO  steel_front] size diag: window_inner=2560x1600 hud=2560x1600
[2026-08-16T05:57:05Z INFO  steel_front] size diag: window_inner=2560x1600 hud=2560x1600
[2026-08-16T05:57:05Z INFO  steel_front] size diag: window_inner=2560x1600 hud=2560x1600
[2026-08-16T05:57:05Z INFO  steel_front] size diag: window_inner=2560x1600 hud=2560x1600
[2026-08-16T05:57:05Z INFO  steel_front] size diag: window_inner=2560x1600 hud=2560x1600
[2026-08-16T05:57:05Z INFO  steel_front] size diag: window_inner=2560x1600 hud=2560x1600
[2026-08-16T05:57:05Z INFO  steel_front] size diag: window_inner=2560x1600 hud=2560x1600
[2026-08-16T05:57:05Z INFO  steel_front] size diag: window_inner=2560x1600 hud=2560x1600
[2026-08-16T05:57:06Z INFO  steel_front::engine::game] ai: npcs=6 near=6 far=0 idle=0 patrol=3 chase=3 attack=0 tactics=[4, 1, 1, 0, 0, 0, 0, 0]
[2026-08-16T05:57:06Z INFO  steel_front::engine::game] game: wave=1 enemies=6 enemy_hp=100 hp=100/100 score=0 phys_us=1 ai_us=103 audio_us=11 net_us=0
[2026-08-16T05:57:06Z INFO  steel_front] size diag: window_inner=2560x1600 hud=2560x1600
[2026-08-16T05:57:06Z INFO  steel_front] size diag: window_inner=2560x1600 hud=2560x1600
[2026-08-16T05:57:06Z INFO  steel_front] size diag: window_inner=2560x1600 hud=2560x1600
[2026-08-16T05:57:06Z INFO  steel_front] size diag: window_inner=2560x1600 hud=2560x1600
[2026-08-16T05:57:06Z INFO  steel_front] size diag: window_inner=2560x1600 hud=2560x1600
[2026-08-16T05:57:06Z INFO  steel_front] size diag: window_inner=2560x1600 hud=2560x1600
[2026-08-16T05:57:06Z INFO  steel_front] size diag: window_inner=2560x1600 hud=2560x1600
[2026-08-16T05:57:06Z INFO  steel_front] size diag: window_inner=2560x1600 hud=2560x1600
[2026-08-16T05:57:06Z INFO  steel_front] size diag: window_inner=2560x1600 hud=2560x1600
[2026-08-16T05:57:06Z INFO  steel_front] size diag: window_inner=2560x1600 hud=2560x1600
[2026-08-16T05:57:06Z INFO  steel_front] cam: yaw=0.0 pitch=0.0 dist=3.4 mode=FirstPerson cycle_us=2279 update_us=35 render_us=2244
[2026-08-16T05:57:06Z INFO  steel_front::engine::renderer] visible=65536/65536 near=65536 far=0 fps=395.4 frame_us=2116 cull_us=1 terrain_us=0 wait_fence_us=1857 acquire_us=1 record_us=52 submit_us=47 present_us=216 terrain_lod=high blend=0.000 quality=中画质 marker=36 npc=98
[2026-08-16T05:57:07Z INFO  steel_front::engine::game] ai: npcs=6 near=6 far=0 idle=0 patrol=3 chase=3 attack=0 tactics=[3, 1, 1, 0, 0, 0, 0, 1]
[2026-08-16T05:57:07Z INFO  steel_front::engine::game] game: wave=1 enemies=6 enemy_hp=100 hp=100/100 score=0 phys_us=2 ai_us=402 audio_us=30 net_us=0
[2026-08-16T05:57:07Z INFO  steel_front] cam: yaw=0.0 pitch=0.0 dist=3.4 mode=FirstPerson cycle_us=2693 update_us=17 render_us=2675
[2026-08-16T05:57:07Z INFO  steel_front::engine::renderer] visible=65536/65536 near=65536 far=0 fps=394.6 frame_us=1921 cull_us=1 terrain_us=0 wait_fence_us=1720 acquire_us=1 record_us=53 submit_us=48 present_us=216 terrain_lod=high blend=0.000 quality=中画质 marker=36 npc=98
[2026-08-16T05:57:08Z INFO  steel_front::engine::game] ai: npcs=6 near=6 far=0 idle=0 patrol=3 chase=3 attack=0 tactics=[4, 1, 1, 0, 0, 0, 0, 0]
[2026-08-16T05:57:08Z INFO  steel_front::engine::game] game: wave=1 enemies=6 enemy_hp=100 hp=100/100 score=0 phys_us=1 ai_us=117 audio_us=7 net_us=0
[2026-08-16T05:57:08Z INFO  steel_front] cam: yaw=0.0 pitch=0.0 dist=3.4 mode=FirstPerson cycle_us=2607 update_us=35 render_us=2571
[2026-08-16T05:57:08Z INFO  steel_front::engine::renderer] visible=65536/65536 near=65536 far=0 fps=393.3 frame_us=2190 cull_us=1 terrain_us=0 wait_fence_us=1799 acquire_us=1 record_us=52 submit_us=92 present_us=235 terrain_lod=high blend=0.000 quality=中画质 marker=36 npc=98
[2026-08-16T05:57:09Z INFO  steel_front::engine::game] ai: npcs=6 near=6 far=0 idle=0 patrol=3 chase=3 attack=0 tactics=[4, 1, 1, 0, 0, 0, 0, 0]
[2026-08-16T05:57:09Z INFO  steel_front::engine::game] game: wave=1 enemies=6 enemy_hp=100 hp=100/100 score=0 phys_us=2 ai_us=453 audio_us=9 net_us=0
[2026-08-16T05:57:09Z INFO  steel_front] cam: yaw=0.0 pitch=0.0 dist=3.4 mode=FirstPerson cycle_us=2326 update_us=38 render_us=2288
[2026-08-16T05:57:09Z INFO  steel_front::engine::renderer] visible=65536/65536 near=65536 far=0 fps=394.9 frame_us=2028 cull_us=1 terrain_us=0 wait_fence_us=1623 acquire_us=1 record_us=25 submit_us=40 present_us=112 terrain_lod=high blend=0.000 quality=中画质 marker=36 npc=98
[2026-08-16T05:57:10Z INFO  steel_front::engine::game] ai: npcs=6 near=5 far=1 idle=0 patrol=3 chase=3 attack=0 tactics=[3, 1, 1, 0, 0, 0, 0, 1]
[2026-08-16T05:57:10Z INFO  steel_front::engine::game] game: wave=1 enemies=6 enemy_hp=100 hp=100/100 score=0 phys_us=2 ai_us=415 audio_us=23 net_us=0
[2026-08-16T05:57:10Z INFO  steel_front] cam: yaw=0.0 pitch=0.0 dist=3.4 mode=FirstPerson cycle_us=2742 update_us=16 render_us=2726
[2026-08-16T05:57:10Z INFO  steel_front::engine::renderer] visible=65536/65536 near=65536 far=0 fps=395.5 frame_us=2389 cull_us=1 terrain_us=0 wait_fence_us=1704 acquire_us=1 record_us=56 submit_us=65 present_us=232 terrain_lod=high blend=0.000 quality=中画质 marker=36 npc=98
[2026-08-16T05:57:10Z INFO  steel_front] size diag: window_inner=2560x1600 hud=2560x1600
[2026-08-16T05:57:10Z INFO  steel_front] size diag: window_inner=2560x1600 hud=2560x1600
[2026-08-16T05:57:10Z INFO  steel_front] size diag: window_inner=2560x1600 hud=2560x1600
[2026-08-16T05:57:10Z INFO  steel_front] size diag: window_inner=2560x1600 hud=2560x1600
[2026-08-16T05:57:10Z INFO  steel_front] size diag: window_inner=2560x1600 hud=2560x1600
[2026-08-16T05:57:10Z INFO  steel_front] size diag: window_inner=2560x1600 hud=2560x1600
[2026-08-16T05:57:10Z INFO  steel_front] size diag: window_inner=2560x1600 hud=2560x1600
[2026-08-16T05:57:10Z INFO  steel_front] size diag: window_inner=2560x1600 hud=2560x1600
[2026-08-16T05:57:10Z INFO  steel_front] size diag: window_inner=2560x1600 hud=2560x1600
[2026-08-16T05:57:10Z INFO  steel_front] size diag: window_inner=2560x1600 hud=2560x1600
[2026-08-16T05:57:11Z INFO  steel_front] size diag: window_inner=2560x1600 hud=2560x1600
[2026-08-16T05:57:11Z INFO  steel_front] size diag: window_inner=2560x1600 hud=2560x1600
[2026-08-16T05:57:11Z INFO  steel_front] size diag: window_inner=2560x1600 hud=2560x1600
[2026-08-16T05:57:11Z INFO  steel_front::engine::game] ai: npcs=6 near=5 far=1 idle=0 patrol=3 chase=3 attack=0 tactics=[3, 1, 1, 0, 0, 0, 0, 1]
[2026-08-16T05:57:11Z INFO  steel_front::engine::game] game: wave=1 enemies=6 enemy_hp=100 hp=100/100 score=0 phys_us=2 ai_us=188 audio_us=26 net_us=0
[2026-08-16T05:57:11Z INFO  steel_front] size diag: window_inner=2560x1600 hud=2560x1600
[2026-08-16T05:57:11Z INFO  steel_front] size diag: window_inner=2560x1600 hud=2560x1600
[2026-08-16T05:57:11Z INFO  steel_front] size diag: window_inner=2560x1600 hud=2560x1600
[2026-08-16T05:57:11Z INFO  steel_front] size diag: window_inner=2560x1600 hud=2560x1600
[2026-08-16T05:57:11Z INFO  steel_front] size diag: window_inner=2560x1600 hud=2560x1600
[2026-08-16T05:57:11Z INFO  steel_front] size diag: window_inner=2560x1600 hud=2560x1600
[2026-08-16T05:57:11Z INFO  steel_front] size diag: window_inner=2560x1600 hud=2560x1600
[2026-08-16T05:57:11Z INFO  steel_front] cam: yaw=0.0 pitch=0.0 dist=3.4 mode=FirstPerson cycle_us=2291 update_us=40 render_us=2251
[2026-08-16T05:57:11Z INFO  steel_front::engine::renderer] visible=65536/65536 near=65536 far=0 fps=395.0 frame_us=2371 cull_us=1 terrain_us=0 wait_fence_us=1751 acquire_us=1 record_us=121 submit_us=46 present_us=242 terrain_lod=high blend=0.000 quality=中画质 marker=36 npc=98
[2026-08-16T05:57:12Z INFO  steel_front::engine::game] ai: npcs=6 near=5 far=1 idle=0 patrol=3 chase=3 attack=0 tactics=[2, 1, 1, 0, 0, 0, 0, 2]
[2026-08-16T05:57:12Z INFO  steel_front::engine::game] game: wave=1 enemies=6 enemy_hp=100 hp=100/100 score=0 phys_us=1 ai_us=359 audio_us=31 net_us=0
