[2026-08-16T02:33:22Z INFO  steel_front] ========================================
[2026-08-16T02:33:22Z INFO  steel_front]   钢铁前线 (Steel Front) v0.1.0
[2026-08-16T02:33:22Z INFO  steel_front]   二战FPS游戏引擎 - Rust + Vulkan
[2026-08-16T02:33:22Z INFO  steel_front] ========================================
[2026-08-16T02:33:22Z INFO  steel_front::engine::cpu] cpu: vendor=Amd threads=32 primary=[0, 1, 2, 3, 4, 5, 6, 7, 8, 9, 10, 11, 12, 13, 14, 15] secondary=[16, 17, 18, 19, 20, 21, 22, 23, 24, 25, 26, 27, 28, 29, 30, 31] e_cores=0 avx2=true avx512=true scene_set=[0, 1, 2, 3, 4, 5, 6, 7, 8, 9, 10, 11, 12, 13, 14, 15] ai_set=[16, 17, 18, 19, 20, 21, 22, 23, 24, 25, 26, 27, 28, 29, 30, 31] physical_primary=[0, 1, 2, 3, 4, 5, 6, 7, 8, 9, 10, 11, 12, 13, 14, 15] physical_secondary=[16, 17, 18, 19, 20, 21, 22, 23, 24, 25, 26, 27, 28, 29, 30, 31] smt=[]
[2026-08-16T02:33:22Z INFO  steel_front::engine::cpu] cpu: 非 Linux 平台，跳过线程手工绑定（交给系统调度）
[2026-08-16T02:33:22Z INFO  steel_front::engine::cpu] cpu: ai_pool 创建（8 工作线程，绑定 vCPU [16, 17, 18, 19, 20, 21, 22, 23, 24, 25, 26, 27, 28, 29, 30, 31]）
[2026-08-16T02:33:22Z INFO  steel_front::engine::game] map: level 1 generated: 36 obstacle bodies (wall=20 block=0 barrier=0 tree=3 building=6 ruin=7), 203 grid cells blocked
[2026-08-16T02:33:22Z INFO  steel_front] 窗口创建成功: 2560x1600
[2026-08-16T02:33:22Z INFO  steel_front] winit inner_size: 2560x1600 scale_factor=1.50
[2026-08-16T02:33:22Z WARN  steel_front::engine::renderer] 验证层不可用，将不使用
[2026-08-16T02:33:22Z INFO  steel_front::engine::renderer] 选择物理设备: NVIDIA GeForce RTX 5060 Laptop GPU
[2026-08-16T02:33:22Z INFO  steel_front::engine::gpu_caps] gpu-caps: 设备 NVIDIA GeForce RTX 5060 Laptop GPU 硬件能力探测（WSLg/dzn 视角）
[2026-08-16T02:33:22Z INFO  steel_front::engine::gpu_caps] gpu-caps: 可用 device 扩展 280 个
[2026-08-16T02:33:22Z INFO  steel_front::engine::gpu_caps] gpu-caps: -- 光追扩展 --
[2026-08-16T02:33:22Z INFO  steel_front::engine::gpu_caps] gpu-caps:   VK_KHR_ray_tracing_pipeline = true
[2026-08-16T02:33:22Z INFO  steel_front::engine::gpu_caps] gpu-caps:   VK_KHR_acceleration_structure = true
[2026-08-16T02:33:22Z INFO  steel_front::engine::gpu_caps] gpu-caps:   VK_KHR_ray_query = true
[2026-08-16T02:33:22Z INFO  steel_front::engine::gpu_caps] gpu-caps:   VK_KHR_deferred_host_operations = true
[2026-08-16T02:33:22Z INFO  steel_front::engine::gpu_caps] gpu-caps:   VK_KHR_buffer_device_address = true
[2026-08-16T02:33:22Z INFO  steel_front::engine::gpu_caps] gpu-caps:   VK_KHR_ray_tracing_position_fetch = true
[2026-08-16T02:33:22Z INFO  steel_front::engine::gpu_caps] gpu-caps:   VK_NV_ray_tracing = true
[2026-08-16T02:33:22Z INFO  steel_front::engine::gpu_caps] gpu-caps: -- Tensor Core / 协作矩阵 --
[2026-08-16T02:33:22Z INFO  steel_front::engine::gpu_caps] gpu-caps:   VK_KHR_cooperative_matrix = true
[2026-08-16T02:33:22Z INFO  steel_front::engine::gpu_caps] gpu-caps:   VK_NV_cooperative_matrix = true
[2026-08-16T02:33:22Z INFO  steel_front::engine::gpu_caps] gpu-caps:   VK_NV_compute_shader_derivatives = true
[2026-08-16T02:33:22Z INFO  steel_front::engine::gpu_caps] gpu-caps: -- DLSS / NVIDIA 私有 --
[2026-08-16T02:33:22Z INFO  steel_front::engine::gpu_caps] gpu-caps:   VK_NVX_image_view_handle = true
[2026-08-16T02:33:22Z INFO  steel_front::engine::gpu_caps] gpu-caps:   VK_NVX_binary_import = true
[2026-08-16T02:33:22Z INFO  steel_front::engine::gpu_caps] gpu-caps:   VK_NV_cuda_kernel = true
[2026-08-16T02:33:22Z INFO  steel_front::engine::gpu_caps] gpu-caps:   VK_NV_external_memory = true
[2026-08-16T02:33:22Z INFO  steel_front::engine::gpu_caps] gpu-caps: -- 其它新特性 --
[2026-08-16T02:33:22Z INFO  steel_front::engine::gpu_caps] gpu-caps:   VK_EXT_mesh_shader = true
[2026-08-16T02:33:22Z INFO  steel_front::engine::gpu_caps] gpu-caps:   VK_KHR_shader_object = false
[2026-08-16T02:33:22Z INFO  steel_front::engine::gpu_caps] gpu-caps:   VK_KHR_dynamic_rendering = true
[2026-08-16T02:33:22Z INFO  steel_front::engine::gpu_caps] gpu-caps: RT 特性 ray_tracing_pipeline=true acceleration_structure=true buffer_device_address=true ray_query=true
[2026-08-16T02:33:22Z INFO  steel_front::engine::gpu_caps] gpu-caps: RT 管线属性 shaderGroupHandleSize=32B maxRecursionDepth=31 maxRayDispatchInvocationCount=1073741824
[2026-08-16T02:33:22Z INFO  steel_front::engine::gpu_caps] gpu-caps: 【结论】光追探测 device 创建成功 → RT Core 路径可用（dzn→DXR）
[2026-08-16T02:33:22Z INFO  steel_front::engine::gpu_caps] gpu-caps: CUDA 直通（Tensor Core 可编程访问）=false（libcuda in /usr/lib/wsl/lib）
[2026-08-16T02:33:22Z INFO  steel_front::engine::gpu_caps] gpu-caps: 【结论】Vulkan-DLSS（NVIDIA 私有扩展）=true；可直接接 DLSS SDK
[2026-08-16T02:33:22Z INFO  steel_front::engine::renderer] VK_EXT_mesh_shader 可用：启用可选网格着色器渲染路径
[2026-08-16T02:33:22Z INFO  steel_front::engine::renderer] swapchain diag: current_extent=2560x1600 final=2560x1600
[2026-08-16T02:33:22Z INFO  steel_front::engine::renderer] 交换链初始化完成: 2560x1600, 格式: B8G8R8A8_SRGB, 图像数: 3, present_mode: MAILBOX
[2026-08-16T02:33:22Z INFO  steel_front::engine::renderer] 实例缓冲创建完成: 65536 个实例，stride 80 字节，2 帧双缓冲 HOST_VISIBLE|HOST_COHERENT（每帧压缩上传）
[2026-08-16T02:33:22Z INFO  steel_front::engine::renderer] instances=65536 draw_calls=1
[2026-08-16T02:33:22Z INFO  steel_front::engine::renderer] 深度缓冲创建完成: 3 张 2560x1600 D32_SFLOAT
[2026-08-16T02:33:22Z INFO  steel_front::engine::renderer] Descriptor Set Layout: binding 0 = UBO(view/proj), binding 1 = 贴图, binding 2 = 实例 STORAGE_BUFFER, binding 3 = 采样器
[2026-08-16T02:33:22Z INFO  steel_front::engine::renderer] Descriptor 初始化完成（2 帧）
[2026-08-16T02:33:22Z INFO  steel_front::engine::renderer] 远档 LOD 几何创建完成: 8 顶点 / 12 索引（十字双 quad）
[2026-08-16T02:33:22Z INFO  steel_front::engine::renderer] 地面平铺 quad 几何创建完成: 4 顶点 / 6 索引（无侧壁）
[2026-08-16T02:33:22Z INFO  steel_front::engine::renderer] 球体几何创建完成: 325 顶点 / 1728 索引（爆炸球形扩散）
[2026-08-16T02:33:22Z INFO  steel_front::engine::renderer] 地形 LOD[0] 创建完成: 66049 顶点 / 393216 索引（257×257 网格，间距 2）
[2026-08-16T02:33:22Z INFO  steel_front::engine::renderer] 地形 LOD[1] 创建完成: 16641 顶点 / 98304 索引（129×129 网格，间距 4）
[2026-08-16T02:33:22Z INFO  steel_front::engine::renderer] 地形 LOD[2] 创建完成: 4225 顶点 / 24576 索引（65×65 网格，间距 8）
[2026-08-16T02:33:22Z INFO  steel_front::engine::renderer] 地形 3 级 LOD 全部创建完成（高/中/低）
[2026-08-16T02:33:22Z INFO  steel_front::engine::renderer] 图形管线创建完成
[2026-08-16T02:33:22Z INFO  steel_front::engine::renderer] 网格着色器 maxMeshWorkGroupCount[0] = 4194304（地面场 65536 按此分块）
[2026-08-16T02:33:22Z INFO  steel_front::engine::renderer] 网格着色器管线创建完成（VK_EXT_mesh_shader）
[2026-08-16T02:33:22Z INFO  steel_front::engine::renderer] HUD 覆盖层初始化完成（独立 pipeline，容量 4096 quads）
[2026-08-16T02:33:22Z INFO  steel_front::engine::renderer] 纹理初始化完成: 512x512（10 mip，来源=程序化地面材质）
[2026-08-16T02:33:22Z INFO  steel_front::engine::renderer] 程序化皮肤纹理初始化完成: 512x512（marker=木板墙, npc=迷彩军服, RV3D_SKIN_TEX=off（纯色回退））
[2026-08-16T02:33:22Z INFO  steel_front::engine::renderer] 阴影贴图资源创建完成: 2048x2048 D32_SFLOAT
[2026-08-16T02:33:22Z INFO  steel_front::engine::renderer] 阴影 depth-only 管线创建完成
[2026-08-16T02:33:22Z INFO  steel_front] Vulkan 渲染器初始化成功
[2026-08-16T02:33:22Z INFO  steel_front] settings: 分辨率保持 2560x1600
[2026-08-16T02:33:22Z INFO  steel_front] settings: 应用画质 中画质
[2026-08-16T02:33:22Z INFO  steel_front::engine::renderer] 画质预设已切换: 中画质
[2026-08-16T02:33:22Z INFO  steel_front] 窗口大小变化: 1898x1061
[2026-08-16T02:33:22Z INFO  steel_front::engine::renderer] swapchain diag: current_extent=2560x1600 final=2560x1600
[2026-08-16T02:33:22Z INFO  steel_front::engine::renderer] 交换链初始化完成: 2560x1600, 格式: B8G8R8A8_SRGB, 图像数: 3, present_mode: MAILBOX
[2026-08-16T02:33:22Z INFO  steel_front::engine::renderer] 深度缓冲创建完成: 3 张 2560x1600 D32_SFLOAT
[2026-08-16T02:33:22Z INFO  steel_front] 窗口大小变化: 1920x1117
[2026-08-16T02:33:22Z INFO  steel_front::engine::renderer] swapchain diag: current_extent=2560x1600 final=2560x1600
[2026-08-16T02:33:22Z INFO  steel_front::engine::renderer] 交换链初始化完成: 2560x1600, 格式: B8G8R8A8_SRGB, 图像数: 3, present_mode: MAILBOX
[2026-08-16T02:33:22Z INFO  steel_front::engine::renderer] 深度缓冲创建完成: 3 张 2560x1600 D32_SFLOAT
[2026-08-16T02:33:22Z INFO  steel_front] 窗口大小变化: 2560x1600
[2026-08-16T02:33:22Z INFO  steel_front::engine::renderer] swapchain diag: current_extent=2560x1600 final=2560x1600
[2026-08-16T02:33:22Z INFO  steel_front::engine::renderer] 交换链初始化完成: 2560x1600, 格式: B8G8R8A8_SRGB, 图像数: 3, present_mode: MAILBOX
[2026-08-16T02:33:22Z INFO  steel_front::engine::renderer] 深度缓冲创建完成: 3 张 2560x1600 D32_SFLOAT
[2026-08-16T02:33:22Z INFO  steel_front] 窗口大小变化: 2560x1600
[2026-08-16T02:33:22Z INFO  steel_front::engine::renderer] swapchain diag: current_extent=2560x1600 final=2560x1600
[2026-08-16T02:33:22Z INFO  steel_front::engine::renderer] 交换链初始化完成: 2560x1600, 格式: B8G8R8A8_SRGB, 图像数: 3, present_mode: MAILBOX
[2026-08-16T02:33:22Z INFO  steel_front::engine::renderer] 深度缓冲创建完成: 3 张 2560x1600 D32_SFLOAT
[2026-08-16T02:33:23Z INFO  steel_front] cam: yaw=0.0 pitch=0.0 dist=3.4 mode=FirstPerson cycle_us=3019 update_us=28 render_us=2990
[2026-08-16T02:33:23Z INFO  steel_front::engine::renderer] visible=65536/65536 near=65536 far=0 fps=330.4 frame_us=2299 cull_us=4 terrain_us=0 wait_fence_us=2291 acquire_us=1 record_us=48 submit_us=40 present_us=260 terrain_lod=high blend=0.000 quality=中画质 marker=36 npc=1017
[2026-08-16T02:33:23Z INFO  steel_front::engine::game] ai: npcs=8 near=8 far=0 idle=0 patrol=0 chase=8 attack=0 tactics=[8, 0, 0, 0, 0, 0, 0, 0]
[2026-08-16T02:33:23Z INFO  steel_front::engine::game] game: wave=1 enemies=8 enemy_hp=100 hp=100/100 score=0 phys_us=1 ai_us=327 audio_us=7 net_us=0
[2026-08-16T02:33:24Z INFO  steel_front] cam: yaw=0.0 pitch=0.0 dist=3.4 mode=FirstPerson cycle_us=3214 update_us=29 render_us=3184
[2026-08-16T02:33:24Z INFO  steel_front::engine::renderer] visible=65536/65536 near=65536 far=0 fps=383.2 frame_us=2898 cull_us=3 terrain_us=0 wait_fence_us=1975 acquire_us=1 record_us=43 submit_us=42 present_us=669 terrain_lod=high blend=0.000 quality=中画质 marker=36 npc=1017
[2026-08-16T02:33:24Z INFO  steel_front::engine::game] ai: npcs=8 near=8 far=0 idle=0 patrol=0 chase=8 attack=0 tactics=[8, 0, 0, 0, 0, 0, 0, 0]
[2026-08-16T02:33:24Z INFO  steel_front::engine::game] game: wave=1 enemies=8 enemy_hp=100 hp=100/100 score=0 phys_us=2 ai_us=356 audio_us=20 net_us=0
[2026-08-16T02:33:25Z INFO  steel_front] cam: yaw=0.0 pitch=0.0 dist=3.4 mode=FirstPerson cycle_us=1962 update_us=36 render_us=1925
[2026-08-16T02:33:25Z INFO  steel_front::engine::renderer] visible=65536/65536 near=65536 far=0 fps=381.9 frame_us=2499 cull_us=3 terrain_us=0 wait_fence_us=2386 acquire_us=1 record_us=51 submit_us=47 present_us=205 terrain_lod=high blend=0.000 quality=中画质 marker=36 npc=1017
[2026-08-16T02:33:25Z INFO  steel_front::engine::game] ai: npcs=8 near=8 far=0 idle=0 patrol=0 chase=8 attack=0 tactics=[8, 0, 0, 0, 0, 0, 0, 0]
[2026-08-16T02:33:25Z INFO  steel_front::engine::game] game: wave=1 enemies=8 enemy_hp=100 hp=100/100 score=0 phys_us=3 ai_us=414 audio_us=12 net_us=0
[2026-08-16T02:33:26Z INFO  steel_front] cam: yaw=0.0 pitch=0.0 dist=3.4 mode=FirstPerson cycle_us=2031 update_us=15 render_us=2016
[2026-08-16T02:33:26Z INFO  steel_front::engine::renderer] visible=65536/65536 near=65536 far=0 fps=380.6 frame_us=2064 cull_us=8 terrain_us=0 wait_fence_us=2400 acquire_us=1 record_us=50 submit_us=39 present_us=233 terrain_lod=high blend=0.000 quality=中画质 marker=36 npc=1017
[2026-08-16T02:33:26Z INFO  steel_front::engine::game] ai: npcs=8 near=8 far=0 idle=0 patrol=0 chase=8 attack=0 tactics=[8, 0, 0, 0, 0, 0, 0, 0]
[2026-08-16T02:33:26Z INFO  steel_front::engine::game] game: wave=1 enemies=8 enemy_hp=100 hp=100/100 score=0 phys_us=1 ai_us=324 audio_us=11 net_us=0
[2026-08-16T02:33:27Z INFO  steel_front] cam: yaw=0.0 pitch=0.0 dist=3.4 mode=FirstPerson cycle_us=2929 update_us=12 render_us=2916
[2026-08-16T02:33:27Z INFO  steel_front::engine::game] npc: #3 stand (3.4, 0.0, 11.5)
[2026-08-16T02:33:27Z INFO  steel_front::engine::renderer] visible=65536/65536 near=65536 far=0 fps=385.9 frame_us=3139 cull_us=3 terrain_us=0 wait_fence_us=1690 acquire_us=1 record_us=34 submit_us=31 present_us=578 terrain_lod=high blend=0.000 quality=中画质 marker=57 npc=1017
[2026-08-16T02:33:27Z INFO  steel_front] size diag: window_inner=2560x1600 hud=2560x1600
[2026-08-16T02:33:27Z INFO  steel_front::engine::game] ai: npcs=8 near=8 far=0 idle=0 patrol=0 chase=7 attack=1 tactics=[8, 0, 0, 0, 0, 0, 0, 0]
[2026-08-16T02:33:27Z INFO  steel_front::engine::game] game: wave=1 enemies=8 enemy_hp=100 hp=100/100 score=0 phys_us=2 ai_us=195 audio_us=20 net_us=0
[2026-08-16T02:33:27Z INFO  steel_front] size diag: window_inner=2560x1600 hud=2560x1600
[2026-08-16T02:33:27Z INFO  steel_front] size diag: window_inner=2560x1600 hud=2560x1600
[2026-08-16T02:33:27Z INFO  steel_front] size diag: window_inner=2560x1600 hud=2560x1600
[2026-08-16T02:33:27Z INFO  steel_front] size diag: window_inner=2560x1600 hud=2560x1600
[2026-08-16T02:33:27Z INFO  steel_front] size diag: window_inner=2560x1600 hud=2560x1600
[2026-08-16T02:33:27Z INFO  steel_front] size diag: window_inner=2560x1600 hud=2560x1600
[2026-08-16T02:33:27Z INFO  steel_front] size diag: window_inner=2560x1600 hud=2560x1600
[2026-08-16T02:33:27Z INFO  steel_front] size diag: window_inner=2560x1600 hud=2560x1600
[2026-08-16T02:33:27Z INFO  steel_front] size diag: window_inner=2560x1600 hud=2560x1600
[2026-08-16T02:33:27Z INFO  steel_front] size diag: window_inner=2560x1600 hud=2560x1600
[2026-08-16T02:33:27Z INFO  steel_front] size diag: window_inner=2560x1600 hud=2560x1600
[2026-08-16T02:33:27Z INFO  steel_front] size diag: window_inner=2560x1600 hud=2560x1600
[2026-08-16T02:33:27Z INFO  steel_front] size diag: window_inner=2560x1600 hud=2560x1600
[2026-08-16T02:33:27Z INFO  steel_front] size diag: window_inner=2560x1600 hud=2560x1600
[2026-08-16T02:33:27Z INFO  steel_front] size diag: window_inner=2560x1600 hud=2560x1600
[2026-08-16T02:33:27Z INFO  steel_front] size diag: window_inner=2560x1600 hud=2560x1600
[2026-08-16T02:33:28Z INFO  steel_front] size diag: window_inner=2560x1600 hud=2560x1600
[2026-08-16T02:33:28Z INFO  steel_front] size diag: window_inner=2560x1600 hud=2560x1600
[2026-08-16T02:33:28Z INFO  steel_front::engine::game] npc: #4 stand (4.0, 0.0, -11.3)
[2026-08-16T02:33:28Z INFO  steel_front] cam: yaw=0.0 pitch=0.0 dist=3.4 mode=FirstPerson cycle_us=2365 update_us=35 render_us=2329
[2026-08-16T02:33:28Z INFO  steel_front::engine::renderer] visible=65536/65536 near=65536 far=0 fps=385.4 frame_us=2388 cull_us=3 terrain_us=0 wait_fence_us=2104 acquire_us=1 record_us=34 submit_us=25 present_us=183 terrain_lod=high blend=0.000 quality=中画质 marker=36 npc=1017
[2026-08-16T02:33:28Z INFO  steel_front::engine::game] ai: npcs=8 near=8 far=0 idle=0 patrol=0 chase=6 attack=2 tactics=[8, 0, 0, 0, 0, 0, 0, 0]
[2026-08-16T02:33:28Z INFO  steel_front::engine::game] game: wave=1 enemies=8 enemy_hp=100 hp=100/100 score=0 phys_us=1 ai_us=245 audio_us=13 net_us=0
[2026-08-16T02:33:29Z INFO  steel_front::engine::game] npc: #1 stand (-11.4, 0.0, 3.6)
[2026-08-16T02:33:29Z INFO  steel_front] cam: yaw=0.0 pitch=0.0 dist=3.4 mode=FirstPerson cycle_us=2338 update_us=46 render_us=2290
[2026-08-16T02:33:29Z INFO  steel_front::engine::renderer] visible=65536/65536 near=65536 far=0 fps=368.6 frame_us=2516 cull_us=3 terrain_us=0 wait_fence_us=2244 acquire_us=1 record_us=33 submit_us=24 present_us=185 terrain_lod=high blend=0.000 quality=中画质 marker=61 npc=1017
[2026-08-16T02:33:29Z INFO  steel_front::engine::game] ai: npcs=8 near=8 far=0 idle=0 patrol=0 chase=5 attack=3 tactics=[8, 0, 0, 0, 0, 0, 0, 0]
[2026-08-16T02:33:29Z INFO  steel_front::engine::game] game: wave=1 enemies=8 enemy_hp=100 hp=100/100 score=0 phys_us=2 ai_us=511 audio_us=12 net_us=0
[2026-08-16T02:33:30Z INFO  steel_front] cam: yaw=0.0 pitch=0.0 dist=3.4 mode=FirstPerson cycle_us=2097 update_us=24 render_us=2073
[2026-08-16T02:33:30Z INFO  steel_front::engine::renderer] visible=65536/65536 near=65536 far=0 fps=378.2 frame_us=2280 cull_us=3 terrain_us=0 wait_fence_us=2165 acquire_us=1 record_us=33 submit_us=39 present_us=182 terrain_lod=high blend=0.000 quality=中画质 marker=60 npc=1017
[2026-08-16T02:33:30Z INFO  steel_front::engine::game] ai: npcs=8 near=8 far=0 idle=0 patrol=0 chase=5 attack=3 tactics=[8, 0, 0, 0, 0, 0, 0, 0]
[2026-08-16T02:33:30Z INFO  steel_front::engine::game] game: wave=1 enemies=8 enemy_hp=100 hp=100/100 score=0 phys_us=2 ai_us=366 audio_us=18 net_us=0
[2026-08-16T02:33:31Z INFO  steel_front] cam: yaw=0.0 pitch=0.0 dist=3.4 mode=FirstPerson cycle_us=2634 update_us=28 render_us=2605
[2026-08-16T02:33:31Z INFO  steel_front::engine::renderer] visible=65536/65536 near=65536 far=0 fps=378.0 frame_us=2435 cull_us=4 terrain_us=0 wait_fence_us=2121 acquire_us=1 record_us=48 submit_us=50 present_us=254 terrain_lod=high blend=0.000 quality=中画质 marker=62 npc=1017
[2026-08-16T02:33:31Z INFO  steel_front::engine::game] ai: npcs=8 near=8 far=0 idle=0 patrol=0 chase=5 attack=3 tactics=[8, 0, 0, 0, 0, 0, 0, 0]
[2026-08-16T02:33:31Z INFO  steel_front::engine::game] game: wave=1 enemies=8 enemy_hp=100 hp=100/100 score=0 phys_us=1 ai_us=335 audio_us=7 net_us=0
[2026-08-16T02:33:32Z INFO  steel_front] cam: yaw=0.0 pitch=0.0 dist=3.4 mode=FirstPerson cycle_us=2202 update_us=36 render_us=2166
[2026-08-16T02:33:32Z INFO  steel_front::engine::renderer] visible=65536/65536 near=65536 far=0 fps=373.4 frame_us=2728 cull_us=3 terrain_us=0 wait_fence_us=2136 acquire_us=1 record_us=22 submit_us=19 present_us=592 terrain_lod=high blend=0.000 quality=中画质 marker=60 npc=1017
[2026-08-16T02:33:32Z INFO  steel_front] size diag: window_inner=2560x1600 hud=2560x1600
[2026-08-16T02:33:32Z INFO  steel_front] size diag: window_inner=2560x1600 hud=2560x1600
[2026-08-16T02:33:32Z INFO  steel_front] size diag: window_inner=2560x1600 hud=2560x1600
[2026-08-16T02:33:32Z INFO  steel_front] size diag: window_inner=2560x1600 hud=2560x1600
[2026-08-16T02:33:32Z INFO  steel_front] size diag: window_inner=2560x1600 hud=2560x1600
[2026-08-16T02:33:32Z INFO  steel_front::engine::game] ai: npcs=8 near=8 far=0 idle=0 patrol=0 chase=5 attack=3 tactics=[8, 0, 0, 0, 0, 0, 0, 0]
[2026-08-16T02:33:32Z INFO  steel_front::engine::game] game: wave=1 enemies=8 enemy_hp=100 hp=100/100 score=0 phys_us=1 ai_us=169 audio_us=20 net_us=0
[2026-08-16T02:33:32Z INFO  steel_front] size diag: window_inner=2560x1600 hud=2560x1600
[2026-08-16T02:33:32Z INFO  steel_front] size diag: window_inner=2560x1600 hud=2560x1600
[2026-08-16T02:33:32Z INFO  steel_front] size diag: window_inner=2560x1600 hud=2560x1600
[2026-08-16T02:33:32Z INFO  steel_front] size diag: window_inner=2560x1600 hud=2560x1600
[2026-08-16T02:33:32Z INFO  steel_front] size diag: window_inner=2560x1600 hud=2560x1600
[2026-08-16T02:33:32Z INFO  steel_front] size diag: window_inner=2560x1600 hud=2560x1600
[2026-08-16T02:33:32Z INFO  steel_front] size diag: window_inner=2560x1600 hud=2560x1600
[2026-08-16T02:33:32Z INFO  steel_front] size diag: window_inner=2560x1600 hud=2560x1600
[2026-08-16T02:33:32Z INFO  steel_front] size diag: window_inner=2560x1600 hud=2560x1600
[2026-08-16T02:33:32Z INFO  steel_front] size diag: window_inner=2560x1600 hud=2560x1600
[2026-08-16T02:33:32Z INFO  steel_front] size diag: window_inner=2560x1600 hud=2560x1600
[2026-08-16T02:33:33Z INFO  steel_front] size diag: window_inner=2560x1600 hud=2560x1600
[2026-08-16T02:33:33Z INFO  steel_front] size diag: window_inner=2560x1600 hud=2560x1600
[2026-08-16T02:33:33Z INFO  steel_front] size diag: window_inner=2560x1600 hud=2560x1600
[2026-08-16T02:33:33Z INFO  steel_front] cam: yaw=0.0 pitch=0.0 dist=3.4 mode=FirstPerson cycle_us=2447 update_us=36 render_us=2410
[2026-08-16T02:33:33Z INFO  steel_front::engine::game] npc: #5 stand (11.8, 0.0, 2.0)
[2026-08-16T02:33:33Z INFO  steel_front::engine::renderer] visible=65536/65536 near=65536 far=0 fps=373.6 frame_us=2508 cull_us=3 terrain_us=0 wait_fence_us=2480 acquire_us=1 record_us=34 submit_us=28 present_us=190 terrain_lod=high blend=0.000 quality=中画质 marker=62 npc=1017
[2026-08-16T02:33:33Z INFO  steel_front::engine::game] ai: npcs=8 near=8 far=0 idle=0 patrol=0 chase=4 attack=4 tactics=[8, 0, 0, 0, 0, 0, 0, 0]
[2026-08-16T02:33:33Z INFO  steel_front::engine::game] game: wave=1 enemies=8 enemy_hp=100 hp=100/100 score=0 phys_us=2 ai_us=365 audio_us=29 net_us=0
[2026-08-16T02:33:34Z INFO  steel_front] cam: yaw=0.0 pitch=0.0 dist=3.4 mode=FirstPerson cycle_us=2719 update_us=29 render_us=2689
[2026-08-16T02:33:34Z INFO  steel_front::engine::game] npc: #7 stand (11.5, 0.0, 3.4)
[2026-08-16T02:33:34Z INFO  steel_front::engine::renderer] visible=65536/65536 near=65536 far=0 fps=378.7 frame_us=1698 cull_us=3 terrain_us=0 wait_fence_us=2645 acquire_us=1 record_us=17 submit_us=17 present_us=103 terrain_lod=high blend=0.000 quality=中画质 marker=84 npc=1017
[2026-08-16T02:33:34Z INFO  steel_front::engine::game] ai: npcs=8 near=8 far=0 idle=0 patrol=0 chase=3 attack=5 tactics=[8, 0, 0, 0, 0, 0, 0, 0]
[2026-08-16T02:33:34Z INFO  steel_front::engine::game] game: wave=1 enemies=8 enemy_hp=100 hp=100/100 score=0 phys_us=1 ai_us=340 audio_us=29 net_us=0
[2026-08-16T02:33:35Z INFO  steel_front] cam: yaw=0.0 pitch=0.0 dist=3.4 mode=FirstPerson cycle_us=2635 update_us=20 render_us=2615
[2026-08-16T02:33:35Z INFO  steel_front::engine::renderer] visible=65536/65536 near=65536 far=0 fps=378.1 frame_us=3278 cull_us=3 terrain_us=0 wait_fence_us=1706 acquire_us=0 record_us=22 submit_us=20 present_us=635 terrain_lod=high blend=0.000 quality=中画质 marker=84 npc=1017
[2026-08-16T02:33:35Z INFO  steel_front::engine::game] ai: npcs=8 near=8 far=0 idle=0 patrol=0 chase=3 attack=5 tactics=[8, 0, 0, 0, 0, 0, 0, 0]
[2026-08-16T02:33:35Z INFO  steel_front::engine::game] game: wave=1 enemies=8 enemy_hp=100 hp=100/100 score=0 phys_us=5 ai_us=266 audio_us=14 net_us=0
[2026-08-16T02:33:36Z INFO  steel_front::engine::game] npc: #2 stand (1.9, 0.0, -11.9)
[2026-08-16T02:33:36Z INFO  steel_front::engine::game] npc: #0 stand (2.9, 0.0, -11.6)
[2026-08-16T02:33:36Z INFO  steel_front] cam: yaw=0.0 pitch=0.0 dist=3.4 mode=FirstPerson cycle_us=2962 update_us=42 render_us=2920
[2026-08-16T02:33:36Z INFO  steel_front::engine::renderer] visible=65536/65536 near=65536 far=0 fps=375.1 frame_us=2692 cull_us=2 terrain_us=0 wait_fence_us=1956 acquire_us=0 record_us=34 submit_us=29 present_us=687 terrain_lod=high blend=0.000 quality=中画质 marker=84 npc=1017
[2026-08-16T02:33:36Z INFO  steel_front::engine::game] ai: npcs=8 near=8 far=0 idle=0 patrol=0 chase=1 attack=7 tactics=[8, 0, 0, 0, 0, 0, 0, 0]
[2026-08-16T02:33:36Z INFO  steel_front::engine::game] game: wave=1 enemies=8 enemy_hp=100 hp=100/100 score=0 phys_us=2 ai_us=215 audio_us=8 net_us=0
[2026-08-16T02:33:37Z INFO  steel_front] cam: yaw=0.0 pitch=0.0 dist=3.4 mode=FirstPerson cycle_us=2518 update_us=39 render_us=2478
[2026-08-16T02:33:37Z INFO  steel_front::engine::renderer] visible=65536/65536 near=65536 far=0 fps=379.2 frame_us=3291 cull_us=3 terrain_us=0 wait_fence_us=1639 acquire_us=1 record_us=35 submit_us=43 present_us=649 terrain_lod=high blend=0.000 quality=中画质 marker=84 npc=1017
[2026-08-16T02:33:37Z INFO  steel_front] size diag: window_inner=2560x1600 hud=2560x1600
[2026-08-16T02:33:37Z INFO  steel_front] size diag: window_inner=2560x1600 hud=2560x1600
[2026-08-16T02:33:37Z INFO  steel_front] size diag: window_inner=2560x1600 hud=2560x1600
[2026-08-16T02:33:37Z INFO  steel_front] size diag: window_inner=2560x1600 hud=2560x1600
[2026-08-16T02:33:37Z INFO  steel_front] size diag: window_inner=2560x1600 hud=2560x1600
[2026-08-16T02:33:37Z INFO  steel_front] size diag: window_inner=2560x1600 hud=2560x1600
[2026-08-16T02:33:37Z INFO  steel_front] size diag: window_inner=2560x1600 hud=2560x1600
[2026-08-16T02:33:37Z INFO  steel_front::engine::game] ai: npcs=8 near=8 far=0 idle=0 patrol=0 chase=1 attack=7 tactics=[8, 0, 0, 0, 0, 0, 0, 0]
[2026-08-16T02:33:37Z INFO  steel_front::engine::game] game: wave=1 enemies=8 enemy_hp=100 hp=100/100 score=0 phys_us=2 ai_us=192 audio_us=12 net_us=0
[2026-08-16T02:33:37Z INFO  steel_front] size diag: window_inner=2560x1600 hud=2560x1600
[2026-08-16T02:33:37Z INFO  steel_front] size diag: window_inner=2560x1600 hud=2560x1600
[2026-08-16T02:33:37Z INFO  steel_front] size diag: window_inner=2560x1600 hud=2560x1600
[2026-08-16T02:33:37Z INFO  steel_front] size diag: window_inner=2560x1600 hud=2560x1600
[2026-08-16T02:33:37Z INFO  steel_front] size diag: window_inner=2560x1600 hud=2560x1600
[2026-08-16T02:33:37Z INFO  steel_front] size diag: window_inner=2560x1600 hud=2560x1600
[2026-08-16T02:33:37Z INFO  steel_front] size diag: window_inner=2560x1600 hud=2560x1600
[2026-08-16T02:33:37Z INFO  steel_front] size diag: window_inner=2560x1600 hud=2560x1600
[2026-08-16T02:33:37Z INFO  steel_front] size diag: window_inner=2560x1600 hud=2560x1600
[2026-08-16T02:33:37Z INFO  steel_front] size diag: window_inner=2560x1600 hud=2560x1600
[2026-08-16T02:33:38Z INFO  steel_front] size diag: window_inner=2560x1600 hud=2560x1600
[2026-08-16T02:33:38Z INFO  steel_front] size diag: window_inner=2560x1600 hud=2560x1600
[2026-08-16T02:33:38Z INFO  steel_front] cam: yaw=0.0 pitch=0.0 dist=3.4 mode=FirstPerson cycle_us=2626 update_us=33 render_us=2592
[2026-08-16T02:33:38Z INFO  steel_front::engine::renderer] visible=65536/65536 near=65536 far=0 fps=378.9 frame_us=2402 cull_us=2 terrain_us=0 wait_fence_us=2446 acquire_us=0 record_us=44 submit_us=52 present_us=188 terrain_lod=high blend=0.000 quality=中画质 marker=84 npc=1017
[2026-08-16T02:33:38Z INFO  steel_front::engine::game] ai: npcs=8 near=8 far=0 idle=0 patrol=0 chase=1 attack=7 tactics=[8, 0, 0, 0, 0, 0, 0, 0]
[2026-08-16T02:33:38Z INFO  steel_front::engine::game] game: wave=1 enemies=8 enemy_hp=100 hp=100/100 score=0 phys_us=0 ai_us=325 audio_us=9 net_us=0
[2026-08-16T02:33:39Z INFO  steel_front] cam: yaw=0.0 pitch=0.0 dist=3.4 mode=FirstPerson cycle_us=2086 update_us=18 render_us=2067
[2026-08-16T02:33:39Z INFO  steel_front::engine::renderer] visible=65536/65536 near=65536 far=0 fps=374.4 frame_us=2483 cull_us=2 terrain_us=0 wait_fence_us=2133 acquire_us=0 record_us=50 submit_us=44 present_us=199 terrain_lod=high blend=0.000 quality=中画质 marker=84 npc=1017
[2026-08-16T02:33:39Z INFO  steel_front::engine::game] ai: npcs=8 near=8 far=0 idle=0 patrol=0 chase=1 attack=7 tactics=[8, 0, 0, 0, 0, 0, 0, 0]
[2026-08-16T02:33:39Z INFO  steel_front::engine::game] game: wave=1 enemies=8 enemy_hp=100 hp=100/100 score=0 phys_us=1 ai_us=384 audio_us=14 net_us=0
[2026-08-16T02:33:40Z INFO  steel_front::engine::game] npc: #6 stand (2.1, 0.0, -11.8)
[2026-08-16T02:33:40Z INFO  steel_front] cam: yaw=0.0 pitch=0.0 dist=3.4 mode=FirstPerson cycle_us=2857 update_us=33 render_us=2823
[2026-08-16T02:33:40Z INFO  steel_front::engine::renderer] visible=65536/65536 near=65536 far=0 fps=374.3 frame_us=3284 cull_us=3 terrain_us=0 wait_fence_us=1595 acquire_us=0 record_us=39 submit_us=41 present_us=685 terrain_lod=high blend=0.000 quality=中画质 marker=84 npc=1017
[2026-08-16T02:33:40Z INFO  steel_front::engine::game] ai: npcs=8 near=8 far=0 idle=0 patrol=0 chase=0 attack=8 tactics=[8, 0, 0, 0, 0, 0, 0, 0]
[2026-08-16T02:33:40Z INFO  steel_front::engine::game] game: wave=1 enemies=8 enemy_hp=100 hp=100/100 score=0 phys_us=1 ai_us=316 audio_us=27 net_us=0
[2026-08-16T02:33:41Z INFO  steel_front] cam: yaw=0.0 pitch=0.0 dist=3.4 mode=FirstPerson cycle_us=2845 update_us=35 render_us=2810
[2026-08-16T02:33:41Z INFO  steel_front::engine::game] map: level 1 generated: 36 obstacle bodies (wall=20 block=0 barrier=0 tree=3 building=6 ruin=7), 203 grid cells blocked
[2026-08-16T02:33:41Z INFO  steel_front::engine::game] game: purged 8 leftover npcs on run start
[2026-08-16T02:33:41Z INFO  steel_front::engine::game] wave: npc #8 spawn (65.3, 0.0, 25.3)
[2026-08-16T02:33:41Z INFO  steel_front::engine::game] wave: npc #9 spawn (6.1, 0.0, 39.5)
[2026-08-16T02:33:41Z INFO  steel_front::engine::game] wave: npc #10 spawn (-46.8, 0.0, 37.6)
[2026-08-16T02:33:41Z INFO  steel_front::engine::game] wave: npc #11 spawn (-74.6, 0.0, -28.9)
[2026-08-16T02:33:41Z INFO  steel_front::engine::game] wave: npc #12 spawn (-7.6, 0.0, -49.4)
[2026-08-16T02:33:41Z INFO  steel_front::engine::game] wave: npc #13 spawn (54.6, 0.0, -43.9)
[2026-08-16T02:33:41Z INFO  steel_front::engine::game] wave: wave 1 spawned 6 enemies (kind=Normal total=6 speed=4.0 hp=100 effective=1)
[2026-08-16T02:33:41Z INFO  steel_front::engine::game] game: run started (wave 1)
[2026-08-16T02:33:41Z INFO  steel_front] input: cursor captured (mouse look on, grab=locked, look=relative)
[2026-08-16T02:33:41Z INFO  steel_front::engine::game] physics: 36 events this frame (GroundHit, GroundHit, GroundHit, GroundHit, GroundHit, GroundHit, GroundHit, GroundHit, GroundHit, GroundHit, GroundHit, GroundHit, GroundHit, GroundHit, GroundHit, GroundHit, GroundHit, GroundHit, GroundHit, GroundHit, GroundHit, GroundHit, GroundHit, GroundHit, GroundHit, GroundHit, GroundHit, GroundHit, GroundHit, GroundHit, GroundHit, GroundHit, GroundHit, GroundHit, GroundHit, GroundHit)
[2026-08-16T02:33:41Z INFO  steel_front::engine::renderer] visible=65536/65536 near=65536 far=0 fps=377.5 frame_us=1081 cull_us=6 terrain_us=0 wait_fence_us=1913 acquire_us=1 record_us=18 submit_us=15 present_us=96 terrain_lod=high blend=0.000 quality=中画质 marker=54 npc=1017
[2026-08-16T02:33:41Z INFO  steel_front::engine::game] ai: npcs=6 near=6 far=0 idle=0 patrol=3 chase=3 attack=0 tactics=[4, 1, 1, 0, 0, 0, 0, 0]
[2026-08-16T02:33:41Z INFO  steel_front::engine::game] game: wave=1 enemies=6 enemy_hp=100 hp=100/100 score=0 phys_us=2 ai_us=406 audio_us=21 net_us=0
[2026-08-16T02:33:42Z INFO  steel_front] cam: yaw=0.0 pitch=0.0 dist=3.4 mode=FirstPerson cycle_us=2176 update_us=22 render_us=2153
[2026-08-16T02:33:42Z INFO  steel_front::engine::renderer] visible=65536/65536 near=65536 far=0 fps=400.4 frame_us=2133 cull_us=5 terrain_us=0 wait_fence_us=1924 acquire_us=1 record_us=39 submit_us=33 present_us=153 terrain_lod=high blend=0.000 quality=中画质 marker=36 npc=1017
[2026-08-16T02:33:42Z INFO  steel_front] size diag: window_inner=2560x1600 hud=2560x1600
[2026-08-16T02:33:42Z INFO  steel_front] size diag: window_inner=2560x1600 hud=2560x1600
[2026-08-16T02:33:42Z INFO  steel_front] size diag: window_inner=2560x1600 hud=2560x1600
[2026-08-16T02:33:42Z INFO  steel_front] size diag: window_inner=2560x1600 hud=2560x1600
[2026-08-16T02:33:42Z INFO  steel_front] size diag: window_inner=2560x1600 hud=2560x1600
[2026-08-16T02:33:42Z INFO  steel_front] size diag: window_inner=2560x1600 hud=2560x1600
[2026-08-16T02:33:42Z INFO  steel_front] size diag: window_inner=2560x1600 hud=2560x1600
[2026-08-16T02:33:42Z INFO  steel_front] size diag: window_inner=2560x1600 hud=2560x1600
[2026-08-16T02:33:42Z INFO  steel_front] size diag: window_inner=2560x1600 hud=2560x1600
[2026-08-16T02:33:42Z INFO  steel_front] size diag: window_inner=2560x1600 hud=2560x1600
[2026-08-16T02:33:42Z INFO  steel_front::engine::game] ai: npcs=6 near=6 far=0 idle=0 patrol=3 chase=3 attack=0 tactics=[4, 1, 1, 0, 0, 0, 0, 0]
[2026-08-16T02:33:42Z INFO  steel_front::engine::game] game: wave=1 enemies=6 enemy_hp=100 hp=100/100 score=0 phys_us=2 ai_us=232 audio_us=10 net_us=0
[2026-08-16T02:33:42Z INFO  steel_front] size diag: window_inner=2560x1600 hud=2560x1600
[2026-08-16T02:33:42Z INFO  steel_front] size diag: window_inner=2560x1600 hud=2560x1600
[2026-08-16T02:33:42Z INFO  steel_front] size diag: window_inner=2560x1600 hud=2560x1600
[2026-08-16T02:33:42Z INFO  steel_front] size diag: window_inner=2560x1600 hud=2560x1600
[2026-08-16T02:33:42Z INFO  steel_front] size diag: window_inner=2560x1600 hud=2560x1600
[2026-08-16T02:33:42Z INFO  steel_front] size diag: window_inner=2560x1600 hud=2560x1600
[2026-08-16T02:33:42Z INFO  steel_front] size diag: window_inner=2560x1600 hud=2560x1600
[2026-08-16T02:33:42Z INFO  steel_front] size diag: window_inner=2560x1600 hud=2560x1600
[2026-08-16T02:33:43Z INFO  steel_front] size diag: window_inner=2560x1600 hud=2560x1600
[2026-08-16T02:33:43Z INFO  steel_front] size diag: window_inner=2560x1600 hud=2560x1600
[2026-08-16T02:33:43Z INFO  steel_front] cam: yaw=0.0 pitch=0.0 dist=3.4 mode=FirstPerson cycle_us=2385 update_us=19 render_us=2366
[2026-08-16T02:33:43Z INFO  steel_front::engine::renderer] visible=65536/65536 near=65536 far=0 fps=401.5 frame_us=2964 cull_us=5 terrain_us=0 wait_fence_us=927 acquire_us=0 record_us=40 submit_us=32 present_us=670 terrain_lod=high blend=0.000 quality=中画质 marker=36 npc=1017
[2026-08-16T02:33:43Z INFO  steel_front::engine::game] ai: npcs=6 near=6 far=0 idle=0 patrol=3 chase=3 attack=0 tactics=[4, 1, 1, 0, 0, 0, 0, 0]
[2026-08-16T02:33:43Z INFO  steel_front::engine::game] game: wave=1 enemies=6 enemy_hp=100 hp=100/100 score=0 phys_us=2 ai_us=370 audio_us=30 net_us=0
[2026-08-16T02:33:44Z INFO  steel_front] cam: yaw=0.0 pitch=0.0 dist=3.4 mode=FirstPerson cycle_us=2553 update_us=41 render_us=2512
[2026-08-16T02:33:44Z INFO  steel_front::engine::renderer] visible=65536/65536 near=65536 far=0 fps=401.1 frame_us=1776 cull_us=5 terrain_us=0 wait_fence_us=2081 acquire_us=0 record_us=41 submit_us=95 present_us=111 terrain_lod=high blend=0.000 quality=中画质 marker=36 npc=1017
[2026-08-16T02:33:44Z INFO  steel_front::engine::game] ai: npcs=6 near=6 far=0 idle=0 patrol=3 chase=3 attack=0 tactics=[3, 1, 1, 0, 0, 0, 0, 1]
[2026-08-16T02:33:44Z INFO  steel_front::engine::game] game: wave=1 enemies=6 enemy_hp=100 hp=100/100 score=0 phys_us=2 ai_us=416 audio_us=20 net_us=0
[2026-08-16T02:33:45Z INFO  steel_front] cam: yaw=0.0 pitch=0.0 dist=3.4 mode=FirstPerson cycle_us=3353 update_us=35 render_us=3317
[2026-08-16T02:33:45Z INFO  steel_front::engine::renderer] visible=65536/65536 near=65536 far=0 fps=401.4 frame_us=2976 cull_us=8 terrain_us=0 wait_fence_us=1008 acquire_us=1 record_us=41 submit_us=36 present_us=676 terrain_lod=high blend=0.000 quality=中画质 marker=36 npc=1017
[2026-08-16T02:33:45Z INFO  steel_front::engine::game] ai: npcs=6 near=6 far=0 idle=0 patrol=3 chase=3 attack=0 tactics=[3, 1, 1, 0, 0, 0, 0, 1]
[2026-08-16T02:33:45Z INFO  steel_front::engine::game] game: wave=1 enemies=6 enemy_hp=100 hp=100/100 score=0 phys_us=2 ai_us=412 audio_us=7 net_us=0
[2026-08-16T02:33:46Z INFO  steel_front] cam: yaw=0.0 pitch=0.0 dist=3.4 mode=FirstPerson cycle_us=1708 update_us=21 render_us=1686
[2026-08-16T02:33:46Z INFO  steel_front::engine::renderer] visible=65536/65536 near=65536 far=0 fps=401.6 frame_us=2347 cull_us=6 terrain_us=0 wait_fence_us=1557 acquire_us=1 record_us=19 submit_us=23 present_us=149 terrain_lod=high blend=0.000 quality=中画质 marker=36 npc=1017
[2026-08-16T02:33:46Z INFO  steel_front::engine::game] ai: npcs=6 near=6 far=0 idle=0 patrol=3 chase=3 attack=0 tactics=[3, 1, 1, 0, 0, 0, 0, 1]
[2026-08-16T02:33:46Z INFO  steel_front::engine::game] game: wave=1 enemies=6 enemy_hp=100 hp=100/100 score=0 phys_us=1 ai_us=338 audio_us=7 net_us=0
[2026-08-16T02:33:47Z INFO  steel_front] cam: yaw=0.0 pitch=0.0 dist=3.4 mode=FirstPerson cycle_us=2535 update_us=33 render_us=2502
[2026-08-16T02:33:47Z INFO  steel_front::engine::renderer] visible=65536/65536 near=65536 far=0 fps=400.8 frame_us=1880 cull_us=5 terrain_us=0 wait_fence_us=1633 acquire_us=1 record_us=35 submit_us=32 present_us=165 terrain_lod=high blend=0.000 quality=中画质 marker=36 npc=1017
[2026-08-16T02:33:47Z INFO  steel_front] size diag: window_inner=2560x1600 hud=2560x1600
[2026-08-16T02:33:47Z INFO  steel_front] size diag: window_inner=2560x1600 hud=2560x1600
[2026-08-16T02:33:47Z INFO  steel_front] size diag: window_inner=2560x1600 hud=2560x1600
[2026-08-16T02:33:47Z INFO  steel_front] size diag: window_inner=2560x1600 hud=2560x1600
[2026-08-16T02:33:47Z INFO  steel_front] size diag: window_inner=2560x1600 hud=2560x1600
[2026-08-16T02:33:47Z INFO  steel_front] size diag: window_inner=2560x1600 hud=2560x1600
[2026-08-16T02:33:47Z INFO  steel_front] size diag: window_inner=2560x1600 hud=2560x1600
[2026-08-16T02:33:47Z INFO  steel_front] size diag: window_inner=2560x1600 hud=2560x1600
[2026-08-16T02:33:47Z INFO  steel_front] size diag: window_inner=2560x1600 hud=2560x1600
[2026-08-16T02:33:47Z INFO  steel_front] size diag: window_inner=2560x1600 hud=2560x1600
[2026-08-16T02:33:47Z INFO  steel_front] size diag: window_inner=2560x1600 hud=2560x1600
[2026-08-16T02:33:47Z INFO  steel_front] size diag: window_inner=2560x1600 hud=2560x1600
[2026-08-16T02:33:47Z INFO  steel_front] size diag: window_inner=2560x1600 hud=2560x1600
[2026-08-16T02:33:47Z INFO  steel_front::engine::game] ai: npcs=6 near=5 far=1 idle=0 patrol=3 chase=3 attack=0 tactics=[4, 1, 1, 0, 0, 0, 0, 0]
[2026-08-16T02:33:47Z INFO  steel_front::engine::game] game: wave=1 enemies=6 enemy_hp=100 hp=100/100 score=0 phys_us=2 ai_us=193 audio_us=23 net_us=0
[2026-08-16T02:33:47Z INFO  steel_front] size diag: window_inner=2560x1600 hud=2560x1600
[2026-08-16T02:33:47Z INFO  steel_front] size diag: window_inner=2560x1600 hud=2560x1600
[2026-08-16T02:33:47Z INFO  steel_front] size diag: window_inner=2560x1600 hud=2560x1600
[2026-08-16T02:33:47Z INFO  steel_front] size diag: window_inner=2560x1600 hud=2560x1600
[2026-08-16T02:33:47Z INFO  steel_front] size diag: window_inner=2560x1600 hud=2560x1600
[2026-08-16T02:33:48Z INFO  steel_front] size diag: window_inner=2560x1600 hud=2560x1600
[2026-08-16T02:33:48Z INFO  steel_front] size diag: window_inner=2560x1600 hud=2560x1600
[2026-08-16T02:33:48Z INFO  steel_front] cam: yaw=0.0 pitch=0.0 dist=3.4 mode=FirstPerson cycle_us=2390 update_us=37 render_us=2352
[2026-08-16T02:33:48Z INFO  steel_front::engine::renderer] visible=65536/65536 near=65536 far=0 fps=395.2 frame_us=2170 cull_us=8 terrain_us=0 wait_fence_us=1745 acquire_us=1 record_us=39 submit_us=151 present_us=335 terrain_lod=high blend=0.000 quality=中画质 marker=36 npc=1017
[2026-08-16T02:33:48Z INFO  steel_front::engine::game] ai: npcs=6 near=5 far=1 idle=0 patrol=3 chase=3 attack=0 tactics=[3, 1, 1, 0, 0, 0, 0, 1]
[2026-08-16T02:33:48Z INFO  steel_front::engine::game] game: wave=1 enemies=6 enemy_hp=100 hp=100/100 score=0 phys_us=1 ai_us=323 audio_us=21 net_us=0
[2026-08-16T02:33:49Z INFO  steel_front] cam: yaw=0.0 pitch=0.0 dist=3.4 mode=FirstPerson cycle_us=2899 update_us=42 render_us=2856
[2026-08-16T02:33:49Z INFO  steel_front::engine::renderer] visible=65536/65536 near=65536 far=0 fps=395.1 frame_us=2657 cull_us=6 terrain_us=0 wait_fence_us=1580 acquire_us=1 record_us=42 submit_us=35 present_us=271 terrain_lod=high blend=0.000 quality=中画质 marker=36 npc=1017
[2026-08-16T02:33:49Z INFO  steel_front::engine::game] ai: npcs=6 near=5 far=1 idle=0 patrol=3 chase=3 attack=0 tactics=[2, 1, 1, 0, 0, 0, 0, 2]
[2026-08-16T02:33:49Z INFO  steel_front::engine::game] game: wave=1 enemies=6 enemy_hp=100 hp=100/100 score=0 phys_us=2 ai_us=436 audio_us=15 net_us=0
