[2026-08-16T02:59:54Z INFO  steel_front] ========================================
[2026-08-16T02:59:54Z INFO  steel_front]   钢铁前线 (Steel Front) v0.1.0
[2026-08-16T02:59:54Z INFO  steel_front]   二战FPS游戏引擎 - Rust + Vulkan
[2026-08-16T02:59:54Z INFO  steel_front] ========================================
[2026-08-16T02:59:54Z INFO  steel_front::engine::cpu] cpu: vendor=Amd threads=32 primary=[0, 1, 2, 3, 4, 5, 6, 7, 8, 9, 10, 11, 12, 13, 14, 15] secondary=[16, 17, 18, 19, 20, 21, 22, 23, 24, 25, 26, 27, 28, 29, 30, 31] e_cores=0 avx2=true avx512=true scene_set=[0, 1, 2, 3, 4, 5, 6, 7, 8, 9, 10, 11, 12, 13, 14, 15] ai_set=[16, 17, 18, 19, 20, 21, 22, 23, 24, 25, 26, 27, 28, 29, 30, 31] physical_primary=[0, 1, 2, 3, 4, 5, 6, 7, 8, 9, 10, 11, 12, 13, 14, 15] physical_secondary=[16, 17, 18, 19, 20, 21, 22, 23, 24, 25, 26, 27, 28, 29, 30, 31] smt=[]
[2026-08-16T02:59:54Z INFO  steel_front::engine::cpu] cpu: 非 Linux 平台，跳过线程手工绑定（交给系统调度）
[2026-08-16T02:59:54Z INFO  steel_front::engine::cpu] cpu: ai_pool 创建（8 工作线程，绑定 vCPU [16, 17, 18, 19, 20, 21, 22, 23, 24, 25, 26, 27, 28, 29, 30, 31]）
[2026-08-16T02:59:54Z INFO  steel_front::engine::game] map: level 1 generated: 36 obstacle bodies (wall=20 block=0 barrier=0 tree=3 building=6 ruin=7), 203 grid cells blocked
[2026-08-16T02:59:54Z INFO  steel_front] 窗口创建成功: 2560x1600
[2026-08-16T02:59:54Z INFO  steel_front] winit inner_size: 2560x1600 scale_factor=1.50
[2026-08-16T02:59:54Z WARN  steel_front::engine::renderer] 验证层不可用，将不使用
[2026-08-16T02:59:54Z INFO  steel_front::engine::renderer] 选择物理设备: NVIDIA GeForce RTX 5060 Laptop GPU
[2026-08-16T02:59:54Z INFO  steel_front::engine::gpu_caps] gpu-caps: 设备 NVIDIA GeForce RTX 5060 Laptop GPU 硬件能力探测（WSLg/dzn 视角）
[2026-08-16T02:59:54Z INFO  steel_front::engine::gpu_caps] gpu-caps: 可用 device 扩展 280 个
[2026-08-16T02:59:54Z INFO  steel_front::engine::gpu_caps] gpu-caps: -- 光追扩展 --
[2026-08-16T02:59:54Z INFO  steel_front::engine::gpu_caps] gpu-caps:   VK_KHR_ray_tracing_pipeline = true
[2026-08-16T02:59:54Z INFO  steel_front::engine::gpu_caps] gpu-caps:   VK_KHR_acceleration_structure = true
[2026-08-16T02:59:54Z INFO  steel_front::engine::gpu_caps] gpu-caps:   VK_KHR_ray_query = true
[2026-08-16T02:59:54Z INFO  steel_front::engine::gpu_caps] gpu-caps:   VK_KHR_deferred_host_operations = true
[2026-08-16T02:59:54Z INFO  steel_front::engine::gpu_caps] gpu-caps:   VK_KHR_buffer_device_address = true
[2026-08-16T02:59:54Z INFO  steel_front::engine::gpu_caps] gpu-caps:   VK_KHR_ray_tracing_position_fetch = true
[2026-08-16T02:59:54Z INFO  steel_front::engine::gpu_caps] gpu-caps:   VK_NV_ray_tracing = true
[2026-08-16T02:59:54Z INFO  steel_front::engine::gpu_caps] gpu-caps: -- Tensor Core / 协作矩阵 --
[2026-08-16T02:59:54Z INFO  steel_front::engine::gpu_caps] gpu-caps:   VK_KHR_cooperative_matrix = true
[2026-08-16T02:59:54Z INFO  steel_front::engine::gpu_caps] gpu-caps:   VK_NV_cooperative_matrix = true
[2026-08-16T02:59:54Z INFO  steel_front::engine::gpu_caps] gpu-caps:   VK_NV_compute_shader_derivatives = true
[2026-08-16T02:59:54Z INFO  steel_front::engine::gpu_caps] gpu-caps: -- DLSS / NVIDIA 私有 --
[2026-08-16T02:59:54Z INFO  steel_front::engine::gpu_caps] gpu-caps:   VK_NVX_image_view_handle = true
[2026-08-16T02:59:54Z INFO  steel_front::engine::gpu_caps] gpu-caps:   VK_NVX_binary_import = true
[2026-08-16T02:59:54Z INFO  steel_front::engine::gpu_caps] gpu-caps:   VK_NV_cuda_kernel = true
[2026-08-16T02:59:54Z INFO  steel_front::engine::gpu_caps] gpu-caps:   VK_NV_external_memory = true
[2026-08-16T02:59:54Z INFO  steel_front::engine::gpu_caps] gpu-caps: -- 其它新特性 --
[2026-08-16T02:59:54Z INFO  steel_front::engine::gpu_caps] gpu-caps:   VK_EXT_mesh_shader = true
[2026-08-16T02:59:54Z INFO  steel_front::engine::gpu_caps] gpu-caps:   VK_KHR_shader_object = false
[2026-08-16T02:59:54Z INFO  steel_front::engine::gpu_caps] gpu-caps:   VK_KHR_dynamic_rendering = true
[2026-08-16T02:59:54Z INFO  steel_front::engine::gpu_caps] gpu-caps: RT 特性 ray_tracing_pipeline=true acceleration_structure=true buffer_device_address=true ray_query=true
[2026-08-16T02:59:54Z INFO  steel_front::engine::gpu_caps] gpu-caps: RT 管线属性 shaderGroupHandleSize=32B maxRecursionDepth=31 maxRayDispatchInvocationCount=1073741824
[2026-08-16T02:59:54Z INFO  steel_front::engine::gpu_caps] gpu-caps: 【结论】光追探测 device 创建成功 → RT Core 路径可用（dzn→DXR）
[2026-08-16T02:59:54Z INFO  steel_front::engine::gpu_caps] gpu-caps: CUDA 直通（Tensor Core 可编程访问）=false（libcuda in /usr/lib/wsl/lib）
[2026-08-16T02:59:54Z INFO  steel_front::engine::gpu_caps] gpu-caps: 【结论】Vulkan-DLSS（NVIDIA 私有扩展）=true；可直接接 DLSS SDK
[2026-08-16T02:59:54Z INFO  steel_front::engine::renderer] VK_EXT_mesh_shader 可用：启用可选网格着色器渲染路径
[2026-08-16T02:59:55Z INFO  steel_front::engine::renderer] swapchain diag: current_extent=2560x1600 final=2560x1600
[2026-08-16T02:59:55Z INFO  steel_front::engine::renderer] 交换链初始化完成: 2560x1600, 格式: B8G8R8A8_SRGB, 图像数: 3, present_mode: MAILBOX
[2026-08-16T02:59:55Z INFO  steel_front::engine::renderer] 实例缓冲创建完成: 65536 个实例，stride 80 字节，2 帧双缓冲 HOST_VISIBLE|HOST_COHERENT（每帧压缩上传）
[2026-08-16T02:59:55Z INFO  steel_front::engine::renderer] instances=65536 draw_calls=1
[2026-08-16T02:59:55Z INFO  steel_front::engine::renderer] 深度缓冲创建完成: 3 张 2560x1600 D32_SFLOAT
[2026-08-16T02:59:55Z INFO  steel_front::engine::renderer] Descriptor Set Layout: binding 0 = UBO(view/proj), binding 1 = 贴图, binding 2 = 实例 STORAGE_BUFFER, binding 3 = 采样器
[2026-08-16T02:59:55Z INFO  steel_front::engine::renderer] Descriptor 初始化完成（2 帧）
[2026-08-16T02:59:55Z INFO  steel_front::engine::renderer] 远档 LOD 几何创建完成: 8 顶点 / 12 索引（十字双 quad）
[2026-08-16T02:59:55Z INFO  steel_front::engine::renderer] 地面平铺 quad 几何创建完成: 4 顶点 / 6 索引（无侧壁）
[2026-08-16T02:59:55Z INFO  steel_front::engine::renderer] 球体几何创建完成: 325 顶点 / 1728 索引（爆炸球形扩散）
[2026-08-16T02:59:55Z INFO  steel_front::engine::renderer] 地形 LOD[0] 创建完成: 66049 顶点 / 393216 索引（257×257 网格，间距 2）
[2026-08-16T02:59:55Z INFO  steel_front::engine::renderer] 地形 LOD[1] 创建完成: 16641 顶点 / 98304 索引（129×129 网格，间距 4）
[2026-08-16T02:59:55Z INFO  steel_front::engine::renderer] 地形 LOD[2] 创建完成: 4225 顶点 / 24576 索引（65×65 网格，间距 8）
[2026-08-16T02:59:55Z INFO  steel_front::engine::renderer] 地形 3 级 LOD 全部创建完成（高/中/低）
[2026-08-16T02:59:55Z INFO  steel_front::engine::renderer] 图形管线创建完成
[2026-08-16T02:59:55Z INFO  steel_front::engine::renderer] 网格着色器 maxMeshWorkGroupCount[0] = 4194304（地面场 65536 按此分块）
[2026-08-16T02:59:55Z INFO  steel_front::engine::renderer] 网格着色器管线创建完成（VK_EXT_mesh_shader）
[2026-08-16T02:59:55Z INFO  steel_front::engine::renderer] HUD 覆盖层初始化完成（独立 pipeline，容量 4096 quads）
[2026-08-16T02:59:55Z INFO  steel_front::engine::renderer] 纹理初始化完成: 512x512（10 mip，来源=程序化地面材质）
[2026-08-16T02:59:55Z INFO  steel_front::engine::renderer] 程序化皮肤纹理初始化完成: 512x512（marker=木板墙, npc=迷彩军服, RV3D_SKIN_TEX=off（纯色回退））
[2026-08-16T02:59:55Z INFO  steel_front::engine::renderer] 阴影贴图资源创建完成: 2048x2048 D32_SFLOAT
[2026-08-16T02:59:55Z INFO  steel_front::engine::renderer] 阴影 depth-only 管线创建完成
[2026-08-16T02:59:55Z INFO  steel_front] Vulkan 渲染器初始化成功
[2026-08-16T02:59:55Z INFO  steel_front] settings: 分辨率保持 2560x1600
[2026-08-16T02:59:55Z INFO  steel_front] settings: 应用画质 中画质
[2026-08-16T02:59:55Z INFO  steel_front::engine::renderer] 画质预设已切换: 中画质
[2026-08-16T02:59:55Z INFO  steel_front] 窗口大小变化: 1898x1061
[2026-08-16T02:59:55Z INFO  steel_front::engine::renderer] swapchain diag: current_extent=2560x1600 final=2560x1600
[2026-08-16T02:59:55Z INFO  steel_front::engine::renderer] 交换链初始化完成: 2560x1600, 格式: B8G8R8A8_SRGB, 图像数: 3, present_mode: MAILBOX
[2026-08-16T02:59:55Z INFO  steel_front::engine::renderer] 深度缓冲创建完成: 3 张 2560x1600 D32_SFLOAT
[2026-08-16T02:59:55Z INFO  steel_front] 窗口大小变化: 1920x1117
[2026-08-16T02:59:55Z INFO  steel_front::engine::renderer] swapchain diag: current_extent=2560x1600 final=2560x1600
[2026-08-16T02:59:55Z INFO  steel_front::engine::renderer] 交换链初始化完成: 2560x1600, 格式: B8G8R8A8_SRGB, 图像数: 3, present_mode: MAILBOX
[2026-08-16T02:59:55Z INFO  steel_front::engine::renderer] 深度缓冲创建完成: 3 张 2560x1600 D32_SFLOAT
[2026-08-16T02:59:55Z INFO  steel_front] 窗口大小变化: 2560x1600
[2026-08-16T02:59:55Z INFO  steel_front::engine::renderer] swapchain diag: current_extent=2560x1600 final=2560x1600
[2026-08-16T02:59:55Z INFO  steel_front::engine::renderer] 交换链初始化完成: 2560x1600, 格式: B8G8R8A8_SRGB, 图像数: 3, present_mode: MAILBOX
[2026-08-16T02:59:55Z INFO  steel_front::engine::renderer] 深度缓冲创建完成: 3 张 2560x1600 D32_SFLOAT
[2026-08-16T02:59:55Z INFO  steel_front] 窗口大小变化: 2560x1600
[2026-08-16T02:59:55Z INFO  steel_front::engine::renderer] swapchain diag: current_extent=2560x1600 final=2560x1600
[2026-08-16T02:59:55Z INFO  steel_front::engine::renderer] 交换链初始化完成: 2560x1600, 格式: B8G8R8A8_SRGB, 图像数: 3, present_mode: MAILBOX
[2026-08-16T02:59:55Z INFO  steel_front::engine::renderer] 深度缓冲创建完成: 3 张 2560x1600 D32_SFLOAT
[2026-08-16T02:59:55Z INFO  steel_front] cam: yaw=0.0 pitch=0.0 dist=3.4 mode=FirstPerson cycle_us=4863 update_us=45 render_us=4817
[2026-08-16T02:59:55Z INFO  steel_front::engine::renderer] visible=65536/65536 near=65536 far=0 fps=183.7 frame_us=2618 cull_us=6 terrain_us=0 wait_fence_us=636 acquire_us=1 record_us=35 submit_us=32 present_us=886 terrain_lod=high blend=0.000 quality=中画质 marker=36 npc=1017
[2026-08-16T02:59:56Z INFO  steel_front::engine::game] ai: npcs=8 near=8 far=0 idle=0 patrol=0 chase=8 attack=0 tactics=[8, 0, 0, 0, 0, 0, 0, 0]
[2026-08-16T02:59:56Z INFO  steel_front::engine::game] game: wave=1 enemies=8 enemy_hp=100 hp=100/100 score=0 phys_us=2 ai_us=447 audio_us=15 net_us=0
[2026-08-16T02:59:56Z INFO  steel_front] cam: yaw=0.0 pitch=0.0 dist=3.4 mode=FirstPerson cycle_us=4238 update_us=41 render_us=4196
[2026-08-16T02:59:56Z INFO  steel_front::engine::renderer] visible=65536/65536 near=65536 far=0 fps=239.4 frame_us=1906 cull_us=5 terrain_us=0 wait_fence_us=471 acquire_us=0 record_us=47 submit_us=48 present_us=626 terrain_lod=high blend=0.000 quality=中画质 marker=36 npc=1017
[2026-08-16T02:59:57Z INFO  steel_front::engine::game] ai: npcs=8 near=8 far=0 idle=0 patrol=0 chase=8 attack=0 tactics=[8, 0, 0, 0, 0, 0, 0, 0]
[2026-08-16T02:59:57Z INFO  steel_front::engine::game] game: wave=1 enemies=8 enemy_hp=100 hp=100/100 score=0 phys_us=1 ai_us=374 audio_us=31 net_us=0
[2026-08-16T02:59:57Z INFO  steel_front] cam: yaw=0.0 pitch=0.0 dist=3.4 mode=FirstPerson cycle_us=4779 update_us=22 render_us=4757
[2026-08-16T02:59:57Z INFO  steel_front::engine::renderer] visible=65536/65536 near=65536 far=0 fps=238.6 frame_us=1979 cull_us=5 terrain_us=0 wait_fence_us=885 acquire_us=0 record_us=86 submit_us=36 present_us=173 terrain_lod=high blend=0.000 quality=中画质 marker=36 npc=1017
[2026-08-16T02:59:58Z INFO  steel_front::engine::game] ai: npcs=8 near=8 far=0 idle=0 patrol=0 chase=8 attack=0 tactics=[8, 0, 0, 0, 0, 0, 0, 0]
[2026-08-16T02:59:58Z INFO  steel_front::engine::game] game: wave=1 enemies=8 enemy_hp=100 hp=100/100 score=0 phys_us=3 ai_us=468 audio_us=30 net_us=0
[2026-08-16T02:59:58Z INFO  steel_front] cam: yaw=0.0 pitch=0.0 dist=3.4 mode=FirstPerson cycle_us=5009 update_us=23 render_us=4986
[2026-08-16T02:59:58Z INFO  steel_front::engine::renderer] visible=65536/65536 near=65536 far=0 fps=239.0 frame_us=988 cull_us=5 terrain_us=0 wait_fence_us=1707 acquire_us=0 record_us=21 submit_us=16 present_us=94 terrain_lod=high blend=0.000 quality=中画质 marker=36 npc=1017
[2026-08-16T02:59:59Z INFO  steel_front::engine::game] ai: npcs=8 near=8 far=0 idle=0 patrol=0 chase=8 attack=0 tactics=[8, 0, 0, 0, 0, 0, 0, 0]
[2026-08-16T02:59:59Z INFO  steel_front::engine::game] game: wave=1 enemies=8 enemy_hp=100 hp=100/100 score=0 phys_us=3 ai_us=415 audio_us=28 net_us=0
[2026-08-16T02:59:59Z INFO  steel_front] cam: yaw=0.0 pitch=0.0 dist=3.4 mode=FirstPerson cycle_us=4685 update_us=56 render_us=4628
[2026-08-16T02:59:59Z INFO  steel_front::engine::renderer] visible=65536/65536 near=65536 far=0 fps=239.7 frame_us=453 cull_us=9 terrain_us=0 wait_fence_us=99 acquire_us=1 record_us=91 submit_us=64 present_us=278 terrain_lod=high blend=0.000 quality=中画质 marker=36 npc=1017
[2026-08-16T03:00:00Z INFO  steel_front::engine::game] npc: #3 stand (3.4, 0.0, 11.5)
[2026-08-16T03:00:00Z INFO  steel_front] size diag: window_inner=2560x1600 hud=2560x1600
[2026-08-16T03:00:00Z INFO  steel_front] size diag: window_inner=2560x1600 hud=2560x1600
[2026-08-16T03:00:00Z INFO  steel_front::engine::game] ai: npcs=8 near=8 far=0 idle=0 patrol=0 chase=7 attack=1 tactics=[8, 0, 0, 0, 0, 0, 0, 0]
[2026-08-16T03:00:00Z INFO  steel_front::engine::game] game: wave=1 enemies=8 enemy_hp=100 hp=100/100 score=0 phys_us=2 ai_us=99 audio_us=18 net_us=0
[2026-08-16T03:00:00Z INFO  steel_front] size diag: window_inner=2560x1600 hud=2560x1600
[2026-08-16T03:00:00Z INFO  steel_front] size diag: window_inner=2560x1600 hud=2560x1600
[2026-08-16T03:00:00Z INFO  steel_front] size diag: window_inner=2560x1600 hud=2560x1600
[2026-08-16T03:00:00Z INFO  steel_front] size diag: window_inner=2560x1600 hud=2560x1600
[2026-08-16T03:00:00Z INFO  steel_front] size diag: window_inner=2560x1600 hud=2560x1600
[2026-08-16T03:00:00Z INFO  steel_front] size diag: window_inner=2560x1600 hud=2560x1600
[2026-08-16T03:00:00Z INFO  steel_front] size diag: window_inner=2560x1600 hud=2560x1600
[2026-08-16T03:00:00Z INFO  steel_front] size diag: window_inner=2560x1600 hud=2560x1600
[2026-08-16T03:00:00Z INFO  steel_front] size diag: window_inner=2560x1600 hud=2560x1600
[2026-08-16T03:00:00Z INFO  steel_front] size diag: window_inner=2560x1600 hud=2560x1600
[2026-08-16T03:00:00Z INFO  steel_front::engine::game] npc: #4 stand (4.0, 0.0, -11.3)
[2026-08-16T03:00:00Z INFO  steel_front] cam: yaw=0.0 pitch=0.0 dist=3.4 mode=FirstPerson cycle_us=4218 update_us=52 render_us=4166
[2026-08-16T03:00:00Z INFO  steel_front::engine::renderer] visible=65536/65536 near=65536 far=0 fps=239.7 frame_us=425 cull_us=6 terrain_us=0 wait_fence_us=1930 acquire_us=1 record_us=21 submit_us=18 present_us=146 terrain_lod=high blend=0.000 quality=中画质 marker=36 npc=1017
[2026-08-16T03:00:01Z INFO  steel_front::engine::game] ai: npcs=8 near=8 far=0 idle=0 patrol=0 chase=6 attack=2 tactics=[8, 0, 0, 0, 0, 0, 0, 0]
[2026-08-16T03:00:01Z INFO  steel_front::engine::game] game: wave=1 enemies=8 enemy_hp=100 hp=100/100 score=0 phys_us=3 ai_us=418 audio_us=25 net_us=0
[2026-08-16T03:00:01Z INFO  steel_front::engine::game] npc: #1 stand (-11.5, 0.0, 3.6)
[2026-08-16T03:00:01Z INFO  steel_front] cam: yaw=0.0 pitch=0.0 dist=3.4 mode=FirstPerson cycle_us=3876 update_us=23 render_us=3853
[2026-08-16T03:00:01Z INFO  steel_front::engine::renderer] visible=65536/65536 near=65536 far=0 fps=230.9 frame_us=896 cull_us=6 terrain_us=0 wait_fence_us=1010 acquire_us=1 record_us=58 submit_us=38 present_us=242 terrain_lod=high blend=0.000 quality=中画质 marker=52 npc=1017
[2026-08-16T03:00:02Z INFO  steel_front::engine::game] ai: npcs=8 near=8 far=0 idle=0 patrol=0 chase=5 attack=3 tactics=[8, 0, 0, 0, 0, 0, 0, 0]
[2026-08-16T03:00:02Z INFO  steel_front::engine::game] game: wave=1 enemies=8 enemy_hp=100 hp=100/100 score=0 phys_us=3 ai_us=427 audio_us=14 net_us=0
[2026-08-16T03:00:02Z INFO  steel_front] cam: yaw=0.0 pitch=0.0 dist=3.4 mode=FirstPerson cycle_us=4098 update_us=50 render_us=4048
[2026-08-16T03:00:03Z INFO  steel_front::engine::renderer] visible=65536/65536 near=65536 far=0 fps=236.4 frame_us=1661 cull_us=9 terrain_us=0 wait_fence_us=748 acquire_us=0 record_us=44 submit_us=36 present_us=246 terrain_lod=high blend=0.000 quality=中画质 marker=36 npc=1017
[2026-08-16T03:00:03Z INFO  steel_front::engine::game] ai: npcs=8 near=8 far=0 idle=0 patrol=0 chase=5 attack=3 tactics=[8, 0, 0, 0, 0, 0, 0, 0]
[2026-08-16T03:00:03Z INFO  steel_front::engine::game] game: wave=1 enemies=8 enemy_hp=100 hp=100/100 score=0 phys_us=3 ai_us=381 audio_us=27 net_us=0
[2026-08-16T03:00:03Z INFO  steel_front] cam: yaw=0.0 pitch=0.0 dist=3.4 mode=FirstPerson cycle_us=3337 update_us=48 render_us=3288
[2026-08-16T03:00:04Z INFO  steel_front::engine::renderer] visible=65536/65536 near=65536 far=0 fps=236.4 frame_us=1549 cull_us=3 terrain_us=0 wait_fence_us=386 acquire_us=1 record_us=123 submit_us=33 present_us=195 terrain_lod=high blend=0.000 quality=中画质 marker=52 npc=1017
[2026-08-16T03:00:04Z INFO  steel_front::engine::game] ai: npcs=8 near=8 far=0 idle=0 patrol=0 chase=5 attack=3 tactics=[8, 0, 0, 0, 0, 0, 0, 0]
[2026-08-16T03:00:04Z INFO  steel_front::engine::game] game: wave=1 enemies=8 enemy_hp=100 hp=100/100 score=0 phys_us=3 ai_us=527 audio_us=28 net_us=0
[2026-08-16T03:00:04Z INFO  steel_front] cam: yaw=0.0 pitch=0.0 dist=3.4 mode=FirstPerson cycle_us=4000 update_us=51 render_us=3948
[2026-08-16T03:00:05Z INFO  steel_front::engine::renderer] visible=65536/65536 near=65536 far=0 fps=236.2 frame_us=234 cull_us=6 terrain_us=0 wait_fence_us=2039 acquire_us=1 record_us=21 submit_us=17 present_us=97 terrain_lod=high blend=0.000 quality=中画质 marker=36 npc=1017
[2026-08-16T03:00:05Z INFO  steel_front] size diag: window_inner=2560x1600 hud=2560x1600
[2026-08-16T03:00:05Z INFO  steel_front] size diag: window_inner=2560x1600 hud=2560x1600
[2026-08-16T03:00:05Z INFO  steel_front] size diag: window_inner=2560x1600 hud=2560x1600
[2026-08-16T03:00:05Z INFO  steel_front] size diag: window_inner=2560x1600 hud=2560x1600
[2026-08-16T03:00:05Z INFO  steel_front] size diag: window_inner=2560x1600 hud=2560x1600
[2026-08-16T03:00:05Z INFO  steel_front] size diag: window_inner=2560x1600 hud=2560x1600
[2026-08-16T03:00:05Z INFO  steel_front::engine::game] ai: npcs=8 near=8 far=0 idle=0 patrol=0 chase=5 attack=3 tactics=[8, 0, 0, 0, 0, 0, 0, 0]
[2026-08-16T03:00:05Z INFO  steel_front::engine::game] game: wave=1 enemies=8 enemy_hp=100 hp=100/100 score=0 phys_us=2 ai_us=220 audio_us=33 net_us=0
[2026-08-16T03:00:05Z INFO  steel_front] size diag: window_inner=2560x1600 hud=2560x1600
[2026-08-16T03:00:05Z INFO  steel_front] size diag: window_inner=2560x1600 hud=2560x1600
[2026-08-16T03:00:05Z INFO  steel_front] size diag: window_inner=2560x1600 hud=2560x1600
[2026-08-16T03:00:05Z INFO  steel_front] size diag: window_inner=2560x1600 hud=2560x1600
[2026-08-16T03:00:05Z INFO  steel_front] size diag: window_inner=2560x1600 hud=2560x1600
[2026-08-16T03:00:05Z INFO  steel_front] size diag: window_inner=2560x1600 hud=2560x1600
[2026-08-16T03:00:05Z INFO  steel_front] cam: yaw=0.0 pitch=0.0 dist=3.4 mode=FirstPerson cycle_us=3631 update_us=28 render_us=3602
[2026-08-16T03:00:06Z INFO  steel_front::engine::renderer] visible=65536/65536 near=65536 far=0 fps=236.8 frame_us=1452 cull_us=6 terrain_us=0 wait_fence_us=1166 acquire_us=1 record_us=91 submit_us=51 present_us=209 terrain_lod=high blend=0.000 quality=中画质 marker=52 npc=1017
[2026-08-16T03:00:06Z INFO  steel_front::engine::game] npc: #5 stand (11.8, 0.0, 1.9)
[2026-08-16T03:00:06Z INFO  steel_front::engine::game] ai: npcs=8 near=8 far=0 idle=0 patrol=0 chase=4 attack=4 tactics=[8, 0, 0, 0, 0, 0, 0, 0]
[2026-08-16T03:00:06Z INFO  steel_front::engine::game] game: wave=1 enemies=8 enemy_hp=100 hp=100/100 score=0 phys_us=3 ai_us=408 audio_us=37 net_us=0
[2026-08-16T03:00:06Z INFO  steel_front] cam: yaw=0.0 pitch=0.0 dist=3.4 mode=FirstPerson cycle_us=3748 update_us=32 render_us=3715
[2026-08-16T03:00:06Z INFO  steel_front::engine::game] npc: #7 stand (11.5, 0.0, 3.4)
[2026-08-16T03:00:07Z INFO  steel_front::engine::renderer] visible=65536/65536 near=65536 far=0 fps=236.6 frame_us=1052 cull_us=5 terrain_us=0 wait_fence_us=2017 acquire_us=1 record_us=22 submit_us=21 present_us=112 terrain_lod=high blend=0.000 quality=中画质 marker=36 npc=1017
[2026-08-16T03:00:07Z INFO  steel_front::engine::game] ai: npcs=8 near=8 far=0 idle=0 patrol=0 chase=3 attack=5 tactics=[8, 0, 0, 0, 0, 0, 0, 0]
[2026-08-16T03:00:07Z INFO  steel_front::engine::game] game: wave=1 enemies=8 enemy_hp=100 hp=100/100 score=0 phys_us=2 ai_us=527 audio_us=47 net_us=0
[2026-08-16T03:00:07Z INFO  steel_front] cam: yaw=0.0 pitch=0.0 dist=3.4 mode=FirstPerson cycle_us=3404 update_us=28 render_us=3375
[2026-08-16T03:00:08Z INFO  steel_front::engine::renderer] visible=65536/65536 near=65536 far=0 fps=235.6 frame_us=2377 cull_us=11 terrain_us=0 wait_fence_us=1466 acquire_us=1 record_us=66 submit_us=24 present_us=608 terrain_lod=high blend=0.000 quality=中画质 marker=52 npc=1017
[2026-08-16T03:00:08Z INFO  steel_front::engine::game] ai: npcs=8 near=8 far=0 idle=0 patrol=0 chase=3 attack=5 tactics=[8, 0, 0, 0, 0, 0, 0, 0]
[2026-08-16T03:00:08Z INFO  steel_front::engine::game] game: wave=1 enemies=8 enemy_hp=100 hp=100/100 score=0 phys_us=1 ai_us=337 audio_us=46 net_us=0
[2026-08-16T03:00:08Z INFO  steel_front::engine::game] npc: #2 stand (1.8, 0.0, -11.9)
[2026-08-16T03:00:08Z INFO  steel_front] cam: yaw=0.0 pitch=0.0 dist=3.4 mode=FirstPerson cycle_us=3582 update_us=28 render_us=3553
[2026-08-16T03:00:08Z INFO  steel_front::engine::game] npc: #0 stand (3.0, 0.0, -11.6)
[2026-08-16T03:00:09Z INFO  steel_front::engine::renderer] visible=65536/65536 near=65536 far=0 fps=234.1 frame_us=535 cull_us=5 terrain_us=0 wait_fence_us=1576 acquire_us=1 record_us=38 submit_us=32 present_us=189 terrain_lod=high blend=0.000 quality=中画质 marker=52 npc=1017
[2026-08-16T03:00:09Z INFO  steel_front::engine::game] ai: npcs=8 near=8 far=0 idle=0 patrol=0 chase=1 attack=7 tactics=[8, 0, 0, 0, 0, 0, 0, 0]
[2026-08-16T03:00:09Z INFO  steel_front::engine::game] game: wave=1 enemies=8 enemy_hp=100 hp=100/100 score=0 phys_us=3 ai_us=402 audio_us=16 net_us=0
[2026-08-16T03:00:09Z INFO  steel_front] cam: yaw=0.0 pitch=0.0 dist=3.4 mode=FirstPerson cycle_us=5186 update_us=52 render_us=5134
[2026-08-16T03:00:10Z INFO  steel_front::engine::renderer] visible=65536/65536 near=65536 far=0 fps=236.4 frame_us=491 cull_us=6 terrain_us=0 wait_fence_us=1397 acquire_us=1 record_us=38 submit_us=36 present_us=234 terrain_lod=high blend=0.000 quality=中画质 marker=68 npc=1017
[2026-08-16T03:00:10Z INFO  steel_front] size diag: window_inner=2560x1600 hud=2560x1600
[2026-08-16T03:00:10Z INFO  steel_front] size diag: window_inner=2560x1600 hud=2560x1600
[2026-08-16T03:00:10Z INFO  steel_front] size diag: window_inner=2560x1600 hud=2560x1600
[2026-08-16T03:00:10Z INFO  steel_front] size diag: window_inner=2560x1600 hud=2560x1600
[2026-08-16T03:00:10Z INFO  steel_front] size diag: window_inner=2560x1600 hud=2560x1600
[2026-08-16T03:00:10Z INFO  steel_front] size diag: window_inner=2560x1600 hud=2560x1600
[2026-08-16T03:00:10Z INFO  steel_front] size diag: window_inner=2560x1600 hud=2560x1600
[2026-08-16T03:00:10Z INFO  steel_front] size diag: window_inner=2560x1600 hud=2560x1600
[2026-08-16T03:00:10Z INFO  steel_front] size diag: window_inner=2560x1600 hud=2560x1600
[2026-08-16T03:00:10Z INFO  steel_front::engine::game] ai: npcs=8 near=8 far=0 idle=0 patrol=0 chase=1 attack=7 tactics=[8, 0, 0, 0, 0, 0, 0, 0]
[2026-08-16T03:00:10Z INFO  steel_front::engine::game] game: wave=1 enemies=8 enemy_hp=100 hp=100/100 score=0 phys_us=2 ai_us=207 audio_us=36 net_us=0
[2026-08-16T03:00:10Z INFO  steel_front] size diag: window_inner=2560x1600 hud=2560x1600
[2026-08-16T03:00:10Z INFO  steel_front] size diag: window_inner=2560x1600 hud=2560x1600
[2026-08-16T03:00:10Z INFO  steel_front] size diag: window_inner=2560x1600 hud=2560x1600
[2026-08-16T03:00:10Z INFO  steel_front] cam: yaw=0.0 pitch=0.0 dist=3.4 mode=FirstPerson cycle_us=3817 update_us=56 render_us=3761
[2026-08-16T03:00:11Z INFO  steel_front::engine::renderer] visible=65536/65536 near=65536 far=0 fps=236.2 frame_us=2370 cull_us=6 terrain_us=0 wait_fence_us=1324 acquire_us=1 record_us=40 submit_us=35 present_us=289 terrain_lod=high blend=0.000 quality=中画质 marker=52 npc=1017
[2026-08-16T03:00:11Z INFO  steel_front::engine::game] ai: npcs=8 near=8 far=0 idle=0 patrol=0 chase=1 attack=7 tactics=[8, 0, 0, 0, 0, 0, 0, 0]
[2026-08-16T03:00:11Z INFO  steel_front::engine::game] game: wave=1 enemies=8 enemy_hp=100 hp=100/100 score=0 phys_us=1 ai_us=328 audio_us=37 net_us=0
[2026-08-16T03:00:11Z INFO  steel_front] cam: yaw=0.0 pitch=0.0 dist=3.4 mode=FirstPerson cycle_us=3969 update_us=30 render_us=3939
[2026-08-16T03:00:12Z INFO  steel_front::engine::renderer] visible=65536/65536 near=65536 far=0 fps=236.6 frame_us=1863 cull_us=9 terrain_us=0 wait_fence_us=691 acquire_us=0 record_us=37 submit_us=36 present_us=197 terrain_lod=high blend=0.000 quality=中画质 marker=68 npc=1017
[2026-08-16T03:00:12Z INFO  steel_front::engine::game] ai: npcs=8 near=8 far=0 idle=0 patrol=0 chase=1 attack=7 tactics=[8, 0, 0, 0, 0, 0, 0, 0]
[2026-08-16T03:00:12Z INFO  steel_front::engine::game] game: wave=1 enemies=8 enemy_hp=100 hp=100/100 score=0 phys_us=1 ai_us=447 audio_us=36 net_us=0
[2026-08-16T03:00:12Z INFO  steel_front::engine::game] npc: #6 stand (2.1, 0.0, -11.8)
[2026-08-16T03:00:12Z INFO  steel_front] cam: yaw=0.0 pitch=0.0 dist=3.4 mode=FirstPerson cycle_us=4244 update_us=26 render_us=4218
[2026-08-16T03:00:12Z INFO  steel_front::engine::game] map: level 1 generated: 36 obstacle bodies (wall=20 block=0 barrier=0 tree=3 building=6 ruin=7), 203 grid cells blocked
[2026-08-16T03:00:12Z INFO  steel_front::engine::game] game: purged 8 leftover npcs on run start
[2026-08-16T03:00:12Z INFO  steel_front::engine::game] wave: npc #8 spawn (65.3, 0.0, 25.3)
[2026-08-16T03:00:12Z INFO  steel_front::engine::game] wave: npc #9 spawn (6.1, 0.0, 39.5)
[2026-08-16T03:00:12Z INFO  steel_front::engine::game] wave: npc #10 spawn (-46.8, 0.0, 37.6)
[2026-08-16T03:00:12Z INFO  steel_front::engine::game] wave: npc #11 spawn (-74.6, 0.0, -28.9)
[2026-08-16T03:00:12Z INFO  steel_front::engine::game] wave: npc #12 spawn (-7.6, 0.0, -49.4)
[2026-08-16T03:00:12Z INFO  steel_front::engine::game] wave: npc #13 spawn (54.6, 0.0, -43.9)
[2026-08-16T03:00:12Z INFO  steel_front::engine::game] wave: wave 1 spawned 6 enemies (kind=Normal total=6 speed=4.0 hp=100 effective=1)
[2026-08-16T03:00:12Z INFO  steel_front::engine::game] game: run started (wave 1)
[2026-08-16T03:00:12Z INFO  steel_front] input: cursor captured (mouse look on, grab=locked, look=relative)
[2026-08-16T03:00:12Z INFO  steel_front::engine::game] physics: 36 events this frame (GroundHit, GroundHit, GroundHit, GroundHit, GroundHit, GroundHit, GroundHit, GroundHit, GroundHit, GroundHit, GroundHit, GroundHit, GroundHit, GroundHit, GroundHit, GroundHit, GroundHit, GroundHit, GroundHit, GroundHit, GroundHit, GroundHit, GroundHit, GroundHit, GroundHit, GroundHit, GroundHit, GroundHit, GroundHit, GroundHit, GroundHit, GroundHit, GroundHit, GroundHit, GroundHit, GroundHit)
[2026-08-16T03:00:13Z INFO  steel_front::engine::renderer] visible=65536/65536 near=65536 far=0 fps=234.4 frame_us=3958 cull_us=6 terrain_us=0 wait_fence_us=2845 acquire_us=1 record_us=38 submit_us=32 present_us=649 terrain_lod=high blend=0.000 quality=中画质 marker=36 npc=1017
[2026-08-16T03:00:13Z INFO  steel_front::engine::game] ai: npcs=6 near=6 far=0 idle=0 patrol=3 chase=3 attack=0 tactics=[4, 1, 1, 0, 0, 0, 0, 0]
[2026-08-16T03:00:13Z INFO  steel_front::engine::game] game: wave=1 enemies=6 enemy_hp=100 hp=100/100 score=0 phys_us=3 ai_us=469 audio_us=34 net_us=0
[2026-08-16T03:00:13Z INFO  steel_front] cam: yaw=0.0 pitch=0.0 dist=3.4 mode=FirstPerson cycle_us=4355 update_us=25 render_us=4329
[2026-08-16T03:00:14Z INFO  steel_front::engine::renderer] visible=65536/65536 near=65536 far=0 fps=240.7 frame_us=3335 cull_us=6 terrain_us=0 wait_fence_us=3229 acquire_us=1 record_us=48 submit_us=65 present_us=206 terrain_lod=high blend=0.000 quality=中画质 marker=36 npc=1017
[2026-08-16T03:00:14Z INFO  steel_front::engine::game] ai: npcs=6 near=6 far=0 idle=0 patrol=3 chase=3 attack=0 tactics=[4, 1, 1, 0, 0, 0, 0, 0]
[2026-08-16T03:00:14Z INFO  steel_front::engine::game] game: wave=1 enemies=6 enemy_hp=100 hp=100/100 score=0 phys_us=2 ai_us=351 audio_us=37 net_us=0
[2026-08-16T03:00:14Z INFO  steel_front] cam: yaw=0.0 pitch=0.0 dist=3.4 mode=FirstPerson cycle_us=3683 update_us=53 render_us=3629
[2026-08-16T03:00:15Z INFO  steel_front::engine::renderer] visible=65536/65536 near=65536 far=0 fps=243.0 frame_us=3594 cull_us=6 terrain_us=0 wait_fence_us=3250 acquire_us=1 record_us=54 submit_us=49 present_us=195 terrain_lod=high blend=0.000 quality=中画质 marker=36 npc=1017
[2026-08-16T03:00:15Z INFO  steel_front] size diag: window_inner=2560x1600 hud=2560x1600
[2026-08-16T03:00:15Z INFO  steel_front] size diag: window_inner=2560x1600 hud=2560x1600
[2026-08-16T03:00:15Z INFO  steel_front] size diag: window_inner=2560x1600 hud=2560x1600
[2026-08-16T03:00:15Z INFO  steel_front] size diag: window_inner=2560x1600 hud=2560x1600
[2026-08-16T03:00:15Z INFO  steel_front] size diag: window_inner=2560x1600 hud=2560x1600
[2026-08-16T03:00:15Z INFO  steel_front] size diag: window_inner=2560x1600 hud=2560x1600
[2026-08-16T03:00:15Z INFO  steel_front] size diag: window_inner=2560x1600 hud=2560x1600
[2026-08-16T03:00:15Z INFO  steel_front] size diag: window_inner=2560x1600 hud=2560x1600
[2026-08-16T03:00:15Z INFO  steel_front] size diag: window_inner=2560x1600 hud=2560x1600
[2026-08-16T03:00:15Z INFO  steel_front] size diag: window_inner=2560x1600 hud=2560x1600
[2026-08-16T03:00:15Z INFO  steel_front] size diag: window_inner=2560x1600 hud=2560x1600
[2026-08-16T03:00:15Z INFO  steel_front] size diag: window_inner=2560x1600 hud=2560x1600
[2026-08-16T03:00:15Z INFO  steel_front::engine::game] ai: npcs=6 near=6 far=0 idle=0 patrol=3 chase=3 attack=0 tactics=[4, 1, 1, 0, 0, 0, 0, 0]
[2026-08-16T03:00:15Z INFO  steel_front::engine::game] game: wave=1 enemies=6 enemy_hp=100 hp=100/100 score=0 phys_us=1 ai_us=117 audio_us=41 net_us=0
[2026-08-16T03:00:15Z INFO  steel_front] cam: yaw=0.0 pitch=0.0 dist=3.4 mode=FirstPerson cycle_us=4097 update_us=57 render_us=4039
[2026-08-16T03:00:16Z INFO  steel_front::engine::renderer] visible=65536/65536 near=65536 far=0 fps=242.1 frame_us=3233 cull_us=5 terrain_us=0 wait_fence_us=3273 acquire_us=1 record_us=66 submit_us=84 present_us=147 terrain_lod=high blend=0.000 quality=中画质 marker=36 npc=1017
[2026-08-16T03:00:16Z INFO  steel_front::engine::game] ai: npcs=6 near=6 far=0 idle=0 patrol=3 chase=3 attack=0 tactics=[4, 1, 1, 0, 0, 0, 0, 0]
[2026-08-16T03:00:16Z INFO  steel_front::engine::game] game: wave=1 enemies=6 enemy_hp=100 hp=100/100 score=0 phys_us=2 ai_us=360 audio_us=46 net_us=0
[2026-08-16T03:00:16Z INFO  steel_front] cam: yaw=0.0 pitch=0.0 dist=3.4 mode=FirstPerson cycle_us=3362 update_us=29 render_us=3333
[2026-08-16T03:00:17Z INFO  steel_front::engine::renderer] visible=65536/65536 near=65536 far=0 fps=242.7 frame_us=3637 cull_us=6 terrain_us=0 wait_fence_us=2981 acquire_us=1 record_us=54 submit_us=47 present_us=207 terrain_lod=high blend=0.000 quality=中画质 marker=36 npc=1017
[2026-08-16T03:00:17Z INFO  steel_front::engine::game] ai: npcs=6 near=6 far=0 idle=0 patrol=3 chase=3 attack=0 tactics=[3, 1, 1, 0, 0, 0, 0, 1]
[2026-08-16T03:00:17Z INFO  steel_front::engine::game] game: wave=1 enemies=6 enemy_hp=100 hp=100/100 score=0 phys_us=1 ai_us=396 audio_us=43 net_us=0
[2026-08-16T03:00:17Z INFO  steel_front] cam: yaw=0.0 pitch=0.0 dist=3.4 mode=FirstPerson cycle_us=3794 update_us=27 render_us=3766
[2026-08-16T03:00:18Z INFO  steel_front::engine::renderer] visible=65536/65536 near=65536 far=0 fps=242.6 frame_us=3660 cull_us=5 terrain_us=0 wait_fence_us=3282 acquire_us=1 record_us=69 submit_us=48 present_us=198 terrain_lod=high blend=0.000 quality=中画质 marker=36 npc=1017
[2026-08-16T03:00:18Z INFO  steel_front::engine::game] ai: npcs=6 near=6 far=0 idle=0 patrol=3 chase=3 attack=0 tactics=[4, 1, 1, 0, 0, 0, 0, 0]
[2026-08-16T03:00:18Z INFO  steel_front::engine::game] game: wave=1 enemies=6 enemy_hp=100 hp=100/100 score=0 phys_us=1 ai_us=361 audio_us=40 net_us=0
[2026-08-16T03:00:18Z INFO  steel_front] cam: yaw=0.0 pitch=0.0 dist=3.4 mode=FirstPerson cycle_us=3777 update_us=30 render_us=3747
[2026-08-16T03:00:19Z INFO  steel_front::engine::renderer] visible=65536/65536 near=65536 far=0 fps=242.4 frame_us=3444 cull_us=6 terrain_us=0 wait_fence_us=3233 acquire_us=1 record_us=24 submit_us=23 present_us=103 terrain_lod=high blend=0.000 quality=中画质 marker=36 npc=1017
[2026-08-16T03:00:19Z INFO  steel_front::engine::game] ai: npcs=6 near=5 far=1 idle=0 patrol=3 chase=3 attack=0 tactics=[3, 1, 1, 0, 0, 0, 0, 1]
[2026-08-16T03:00:19Z INFO  steel_front::engine::game] game: wave=1 enemies=6 enemy_hp=100 hp=100/100 score=0 phys_us=2 ai_us=345 audio_us=38 net_us=0
[2026-08-16T03:00:19Z INFO  steel_front] cam: yaw=0.0 pitch=0.0 dist=3.4 mode=FirstPerson cycle_us=3667 update_us=29 render_us=3637
[2026-08-16T03:00:20Z INFO  steel_front::engine::renderer] visible=65536/65536 near=65536 far=0 fps=242.7 frame_us=3915 cull_us=5 terrain_us=0 wait_fence_us=3124 acquire_us=1 record_us=104 submit_us=113 present_us=202 terrain_lod=high blend=0.000 quality=中画质 marker=36 npc=1017
[2026-08-16T03:00:20Z INFO  steel_front] size diag: window_inner=2560x1600 hud=2560x1600
[2026-08-16T03:00:20Z INFO  steel_front] size diag: window_inner=2560x1600 hud=2560x1600
[2026-08-16T03:00:20Z INFO  steel_front] size diag: window_inner=2560x1600 hud=2560x1600
[2026-08-16T03:00:20Z INFO  steel_front] size diag: window_inner=2560x1600 hud=2560x1600
[2026-08-16T03:00:20Z INFO  steel_front] size diag: window_inner=2560x1600 hud=2560x1600
[2026-08-16T03:00:20Z INFO  steel_front] size diag: window_inner=2560x1600 hud=2560x1600
[2026-08-16T03:00:20Z INFO  steel_front] size diag: window_inner=2560x1600 hud=2560x1600
[2026-08-16T03:00:20Z INFO  steel_front] size diag: window_inner=2560x1600 hud=2560x1600
[2026-08-16T03:00:20Z INFO  steel_front] size diag: window_inner=2560x1600 hud=2560x1600
[2026-08-16T03:00:20Z INFO  steel_front] size diag: window_inner=2560x1600 hud=2560x1600
[2026-08-16T03:00:20Z INFO  steel_front] size diag: window_inner=2560x1600 hud=2560x1600
[2026-08-16T03:00:20Z INFO  steel_front] size diag: window_inner=2560x1600 hud=2560x1600
[2026-08-16T03:00:20Z INFO  steel_front::engine::game] ai: npcs=6 near=5 far=1 idle=0 patrol=3 chase=3 attack=0 tactics=[4, 1, 1, 0, 0, 0, 0, 0]
[2026-08-16T03:00:20Z INFO  steel_front::engine::game] game: wave=1 enemies=6 enemy_hp=100 hp=100/100 score=0 phys_us=2 ai_us=315 audio_us=42 net_us=0
[2026-08-16T03:00:20Z INFO  steel_front] cam: yaw=0.0 pitch=0.0 dist=3.4 mode=FirstPerson cycle_us=3373 update_us=64 render_us=3309
[2026-08-16T03:00:21Z INFO  steel_front::engine::renderer] visible=65536/65536 near=65536 far=0 fps=241.5 frame_us=4199 cull_us=16 terrain_us=0 wait_fence_us=2853 acquire_us=1 record_us=128 submit_us=65 present_us=639 terrain_lod=high blend=0.000 quality=中画质 marker=36 npc=1017
