[2026-08-16T01:38:38Z INFO  steel_front] ========================================
[2026-08-16T01:38:38Z INFO  steel_front]   钢铁前线 (Steel Front) v0.1.0
[2026-08-16T01:38:38Z INFO  steel_front]   二战FPS游戏引擎 - Rust + Vulkan
[2026-08-16T01:38:38Z INFO  steel_front] ========================================
[2026-08-16T01:38:38Z INFO  steel_front::engine::cpu] cpu: vendor=Amd threads=32 primary=[0, 1, 2, 3, 4, 5, 6, 7, 8, 9, 10, 11, 12, 13, 14, 15] secondary=[16, 17, 18, 19, 20, 21, 22, 23, 24, 25, 26, 27, 28, 29, 30, 31] e_cores=0 avx2=true avx512=true scene_set=[0, 1, 2, 3, 4, 5, 6, 7, 8, 9, 10, 11, 12, 13, 14, 15] ai_set=[16, 17, 18, 19, 20, 21, 22, 23, 24, 25, 26, 27, 28, 29, 30, 31] physical_primary=[0, 1, 2, 3, 4, 5, 6, 7, 8, 9, 10, 11, 12, 13, 14, 15] physical_secondary=[16, 17, 18, 19, 20, 21, 22, 23, 24, 25, 26, 27, 28, 29, 30, 31] smt=[]
[2026-08-16T01:38:38Z INFO  steel_front::engine::cpu] cpu: 非 Linux 平台，跳过线程手工绑定（交给系统调度）
[2026-08-16T01:38:38Z INFO  steel_front::engine::cpu] cpu: ai_pool 创建（8 工作线程，绑定 vCPU [16, 17, 18, 19, 20, 21, 22, 23, 24, 25, 26, 27, 28, 29, 30, 31]）
[2026-08-16T01:38:38Z INFO  steel_front::engine::game] map: level 1 generated: 36 obstacle bodies (wall=20 block=0 barrier=0 tree=3 building=6 ruin=7), 203 grid cells blocked
[2026-08-16T01:38:38Z INFO  steel_front] 窗口创建成功: 2560x1600
[2026-08-16T01:38:38Z INFO  steel_front] winit inner_size: 2560x1600 scale_factor=1.50
[2026-08-16T01:38:38Z WARN  steel_front::engine::renderer] 验证层不可用，将不使用
[2026-08-16T01:38:38Z INFO  steel_front::engine::renderer] 选择物理设备: NVIDIA GeForce RTX 5060 Laptop GPU
[2026-08-16T01:38:38Z INFO  steel_front::engine::gpu_caps] gpu-caps: 设备 NVIDIA GeForce RTX 5060 Laptop GPU 硬件能力探测（WSLg/dzn 视角）
[2026-08-16T01:38:38Z INFO  steel_front::engine::gpu_caps] gpu-caps: 可用 device 扩展 280 个
[2026-08-16T01:38:38Z INFO  steel_front::engine::gpu_caps] gpu-caps: -- 光追扩展 --
[2026-08-16T01:38:38Z INFO  steel_front::engine::gpu_caps] gpu-caps:   VK_KHR_ray_tracing_pipeline = true
[2026-08-16T01:38:38Z INFO  steel_front::engine::gpu_caps] gpu-caps:   VK_KHR_acceleration_structure = true
[2026-08-16T01:38:38Z INFO  steel_front::engine::gpu_caps] gpu-caps:   VK_KHR_ray_query = true
[2026-08-16T01:38:38Z INFO  steel_front::engine::gpu_caps] gpu-caps:   VK_KHR_deferred_host_operations = true
[2026-08-16T01:38:38Z INFO  steel_front::engine::gpu_caps] gpu-caps:   VK_KHR_buffer_device_address = true
[2026-08-16T01:38:38Z INFO  steel_front::engine::gpu_caps] gpu-caps:   VK_KHR_ray_tracing_position_fetch = true
[2026-08-16T01:38:38Z INFO  steel_front::engine::gpu_caps] gpu-caps:   VK_NV_ray_tracing = true
[2026-08-16T01:38:38Z INFO  steel_front::engine::gpu_caps] gpu-caps: -- Tensor Core / 协作矩阵 --
[2026-08-16T01:38:38Z INFO  steel_front::engine::gpu_caps] gpu-caps:   VK_KHR_cooperative_matrix = true
[2026-08-16T01:38:38Z INFO  steel_front::engine::gpu_caps] gpu-caps:   VK_NV_cooperative_matrix = true
[2026-08-16T01:38:38Z INFO  steel_front::engine::gpu_caps] gpu-caps:   VK_NV_compute_shader_derivatives = true
[2026-08-16T01:38:38Z INFO  steel_front::engine::gpu_caps] gpu-caps: -- DLSS / NVIDIA 私有 --
[2026-08-16T01:38:38Z INFO  steel_front::engine::gpu_caps] gpu-caps:   VK_NVX_image_view_handle = true
[2026-08-16T01:38:38Z INFO  steel_front::engine::gpu_caps] gpu-caps:   VK_NVX_binary_import = true
[2026-08-16T01:38:38Z INFO  steel_front::engine::gpu_caps] gpu-caps:   VK_NV_cuda_kernel = true
[2026-08-16T01:38:38Z INFO  steel_front::engine::gpu_caps] gpu-caps:   VK_NV_external_memory = true
[2026-08-16T01:38:38Z INFO  steel_front::engine::gpu_caps] gpu-caps: -- 其它新特性 --
[2026-08-16T01:38:38Z INFO  steel_front::engine::gpu_caps] gpu-caps:   VK_EXT_mesh_shader = true
[2026-08-16T01:38:38Z INFO  steel_front::engine::gpu_caps] gpu-caps:   VK_KHR_shader_object = false
[2026-08-16T01:38:38Z INFO  steel_front::engine::gpu_caps] gpu-caps:   VK_KHR_dynamic_rendering = true
[2026-08-16T01:38:38Z INFO  steel_front::engine::gpu_caps] gpu-caps: RT 特性 ray_tracing_pipeline=true acceleration_structure=true buffer_device_address=true ray_query=true
[2026-08-16T01:38:38Z INFO  steel_front::engine::gpu_caps] gpu-caps: RT 管线属性 shaderGroupHandleSize=32B maxRecursionDepth=31 maxRayDispatchInvocationCount=1073741824
[2026-08-16T01:38:39Z INFO  steel_front::engine::gpu_caps] gpu-caps: 【结论】光追探测 device 创建成功 → RT Core 路径可用（dzn→DXR）
[2026-08-16T01:38:39Z INFO  steel_front::engine::gpu_caps] gpu-caps: CUDA 直通（Tensor Core 可编程访问）=false（libcuda in /usr/lib/wsl/lib）
[2026-08-16T01:38:39Z INFO  steel_front::engine::gpu_caps] gpu-caps: 【结论】Vulkan-DLSS（NVIDIA 私有扩展）=true；可直接接 DLSS SDK
[2026-08-16T01:38:39Z INFO  steel_front::engine::renderer] VK_EXT_mesh_shader 可用：启用可选网格着色器渲染路径
[2026-08-16T01:38:39Z INFO  steel_front::engine::renderer] swapchain diag: current_extent=2560x1600 final=2560x1600
[2026-08-16T01:38:39Z INFO  steel_front::engine::renderer] 交换链初始化完成: 2560x1600, 格式: B8G8R8A8_SRGB, 图像数: 3, present_mode: MAILBOX
[2026-08-16T01:38:39Z INFO  steel_front::engine::renderer] 实例缓冲创建完成: 65536 个实例，stride 80 字节，2 帧双缓冲 HOST_VISIBLE|HOST_COHERENT（每帧压缩上传）
[2026-08-16T01:38:39Z INFO  steel_front::engine::renderer] instances=65536 draw_calls=1
[2026-08-16T01:38:39Z INFO  steel_front::engine::renderer] 深度缓冲创建完成: 3 张 2560x1600 D32_SFLOAT
[2026-08-16T01:38:39Z INFO  steel_front::engine::renderer] Descriptor Set Layout: binding 0 = UBO(view/proj), binding 1 = 贴图, binding 2 = 实例 STORAGE_BUFFER, binding 3 = 采样器
[2026-08-16T01:38:39Z INFO  steel_front::engine::renderer] Descriptor 初始化完成（2 帧）
[2026-08-16T01:38:39Z INFO  steel_front::engine::renderer] 远档 LOD 几何创建完成: 8 顶点 / 12 索引（十字双 quad）
[2026-08-16T01:38:39Z INFO  steel_front::engine::renderer] 地面平铺 quad 几何创建完成: 4 顶点 / 6 索引（无侧壁）
[2026-08-16T01:38:39Z INFO  steel_front::engine::renderer] 球体几何创建完成: 325 顶点 / 1728 索引（爆炸球形扩散）
[2026-08-16T01:38:39Z INFO  steel_front::engine::renderer] 地形 LOD[0] 创建完成: 66049 顶点 / 393216 索引（257×257 网格，间距 2）
[2026-08-16T01:38:39Z INFO  steel_front::engine::renderer] 地形 LOD[1] 创建完成: 16641 顶点 / 98304 索引（129×129 网格，间距 4）
[2026-08-16T01:38:39Z INFO  steel_front::engine::renderer] 地形 LOD[2] 创建完成: 4225 顶点 / 24576 索引（65×65 网格，间距 8）
[2026-08-16T01:38:39Z INFO  steel_front::engine::renderer] 地形 3 级 LOD 全部创建完成（高/中/低）
[2026-08-16T01:38:39Z INFO  steel_front::engine::renderer] 图形管线创建完成
[2026-08-16T01:38:39Z INFO  steel_front::engine::renderer] 网格着色器 maxMeshWorkGroupCount[0] = 4194304（地面场 65536 按此分块）
[2026-08-16T01:38:39Z INFO  steel_front::engine::renderer] 网格着色器管线创建完成（VK_EXT_mesh_shader）
[2026-08-16T01:38:39Z INFO  steel_front::engine::renderer] HUD 覆盖层初始化完成（独立 pipeline，容量 4096 quads）
[2026-08-16T01:38:39Z INFO  steel_front::engine::renderer] 纹理初始化完成: 512x512（10 mip，来源=程序化地面材质）
[2026-08-16T01:38:39Z INFO  steel_front::engine::renderer] 程序化皮肤纹理初始化完成: 512x512（marker=木板墙, npc=迷彩军服, RV3D_SKIN_TEX=off（纯色回退））
[2026-08-16T01:38:39Z INFO  steel_front::engine::renderer] 阴影贴图资源创建完成: 2048x2048 D32_SFLOAT
[2026-08-16T01:38:39Z INFO  steel_front::engine::renderer] 阴影 depth-only 管线创建完成
[2026-08-16T01:38:39Z INFO  steel_front] Vulkan 渲染器初始化成功
[2026-08-16T01:38:39Z INFO  steel_front] settings: 分辨率保持 2560x1600
[2026-08-16T01:38:39Z INFO  steel_front] settings: 应用画质 中画质
[2026-08-16T01:38:39Z INFO  steel_front::engine::renderer] 画质预设已切换: 中画质
[2026-08-16T01:38:39Z INFO  steel_front] 窗口大小变化: 1898x1061
[2026-08-16T01:38:39Z INFO  steel_front::engine::renderer] swapchain diag: current_extent=2560x1600 final=2560x1600
[2026-08-16T01:38:39Z INFO  steel_front::engine::renderer] 交换链初始化完成: 2560x1600, 格式: B8G8R8A8_SRGB, 图像数: 3, present_mode: MAILBOX
[2026-08-16T01:38:39Z INFO  steel_front::engine::renderer] 深度缓冲创建完成: 3 张 2560x1600 D32_SFLOAT
[2026-08-16T01:38:39Z INFO  steel_front] 窗口大小变化: 1920x1117
[2026-08-16T01:38:39Z INFO  steel_front::engine::renderer] swapchain diag: current_extent=2560x1600 final=2560x1600
[2026-08-16T01:38:39Z INFO  steel_front::engine::renderer] 交换链初始化完成: 2560x1600, 格式: B8G8R8A8_SRGB, 图像数: 3, present_mode: MAILBOX
[2026-08-16T01:38:39Z INFO  steel_front::engine::renderer] 深度缓冲创建完成: 3 张 2560x1600 D32_SFLOAT
[2026-08-16T01:38:39Z INFO  steel_front] 窗口大小变化: 2560x1600
[2026-08-16T01:38:39Z INFO  steel_front::engine::renderer] swapchain diag: current_extent=2560x1600 final=2560x1600
[2026-08-16T01:38:39Z INFO  steel_front::engine::renderer] 交换链初始化完成: 2560x1600, 格式: B8G8R8A8_SRGB, 图像数: 3, present_mode: MAILBOX
[2026-08-16T01:38:39Z INFO  steel_front::engine::renderer] 深度缓冲创建完成: 3 张 2560x1600 D32_SFLOAT
[2026-08-16T01:38:39Z INFO  steel_front] 窗口大小变化: 2560x1600
[2026-08-16T01:38:39Z INFO  steel_front::engine::renderer] swapchain diag: current_extent=2560x1600 final=2560x1600
[2026-08-16T01:38:39Z INFO  steel_front::engine::renderer] 交换链初始化完成: 2560x1600, 格式: B8G8R8A8_SRGB, 图像数: 3, present_mode: MAILBOX
[2026-08-16T01:38:39Z INFO  steel_front::engine::renderer] 深度缓冲创建完成: 3 张 2560x1600 D32_SFLOAT
[2026-08-16T01:38:39Z INFO  steel_front::engine::renderer] huddbg: set_hud_quads quads=3147 count=3147 mapped_null=false capacity=4096 first=[px=(0,0,5120x3200) ndc=(-1.000,1.000)-(3.000,-3.000) rgba=(0.00,0.00,0.00,0.72)] last=[px=(2719,2890,2x2) ndc=(1.124,-2.612)-(1.126,-2.615) rgba=(0.60,0.60,0.60,1.00)]
[2026-08-16T01:38:39Z INFO  steel_front::engine::renderer] huddbg: set_hud_quads quads=3147 count=3147 mapped_null=false capacity=4096 first=[px=(0,0,5120x3200) ndc=(-1.000,1.000)-(3.000,-3.000) rgba=(0.00,0.00,0.00,0.72)] last=[px=(2719,2890,2x2) ndc=(1.124,-2.612)-(1.126,-2.615) rgba=(0.60,0.60,0.60,1.00)]
[2026-08-16T01:38:39Z INFO  steel_front] cam: yaw=0.0 pitch=0.0 dist=3.4 mode=FirstPerson cycle_us=3280 update_us=26 render_us=3253
[2026-08-16T01:38:39Z INFO  steel_front::engine::renderer] huddbg: set_hud_quads quads=3147 count=3147 mapped_null=false capacity=4096 first=[px=(0,0,5120x3200) ndc=(-1.000,1.000)-(3.000,-3.000) rgba=(0.00,0.00,0.00,0.72)] last=[px=(2719,2890,2x2) ndc=(1.124,-2.612)-(1.126,-2.615) rgba=(0.60,0.60,0.60,1.00)]
[2026-08-16T01:38:40Z INFO  steel_front::engine::renderer] visible=65536/65536 near=65536 far=0 fps=327.4 frame_us=2159 cull_us=3 terrain_us=0 wait_fence_us=2532 acquire_us=1 record_us=17 submit_us=23 present_us=89 terrain_lod=high blend=0.000 quality=中画质 marker=36 npc=1017
[2026-08-16T01:38:40Z INFO  steel_front::engine::renderer] huddbg: set_hud_quads quads=3147 count=3147 mapped_null=false capacity=4096 first=[px=(0,0,5120x3200) ndc=(-1.000,1.000)-(3.000,-3.000) rgba=(0.00,0.00,0.00,0.72)] last=[px=(2719,2890,2x2) ndc=(1.124,-2.612)-(1.126,-2.615) rgba=(0.60,0.60,0.60,1.00)]
[2026-08-16T01:38:40Z INFO  steel_front::engine::game] ai: npcs=8 near=8 far=0 idle=0 patrol=0 chase=8 attack=0 tactics=[8, 0, 0, 0, 0, 0, 0, 0]
[2026-08-16T01:38:40Z INFO  steel_front::engine::game] game: wave=1 enemies=8 enemy_hp=100 hp=100/100 score=0 phys_us=2 ai_us=390 audio_us=19 net_us=0
[2026-08-16T01:38:40Z INFO  steel_front] huddbg: state=StartMenu quads=3147 gun=9
[2026-08-16T01:38:40Z INFO  steel_front] huddbg: state=StartMenu quads=3147 gun=9
[2026-08-16T01:38:40Z INFO  steel_front] huddbg: state=StartMenu quads=3147 gun=9
[2026-08-16T01:38:40Z INFO  steel_front] huddbg: state=StartMenu quads=3147 gun=9
[2026-08-16T01:38:40Z INFO  steel_front] huddbg: state=StartMenu quads=3147 gun=9
[2026-08-16T01:38:40Z INFO  steel_front] huddbg: state=StartMenu quads=3147 gun=9
[2026-08-16T01:38:40Z INFO  steel_front] huddbg: state=StartMenu quads=3147 gun=9
[2026-08-16T01:38:40Z INFO  steel_front] huddbg: state=StartMenu quads=3147 gun=9
[2026-08-16T01:38:40Z INFO  steel_front] huddbg: state=StartMenu quads=3147 gun=9
[2026-08-16T01:38:40Z INFO  steel_front] huddbg: state=StartMenu quads=3147 gun=9
[2026-08-16T01:38:40Z INFO  steel_front] huddbg: state=StartMenu quads=3147 gun=9
[2026-08-16T01:38:40Z INFO  steel_front] huddbg: state=StartMenu quads=3147 gun=9
[2026-08-16T01:38:40Z INFO  steel_front::engine::renderer] huddbg: set_hud_quads quads=3147 count=3147 mapped_null=false capacity=4096 first=[px=(0,0,5120x3200) ndc=(-1.000,1.000)-(3.000,-3.000) rgba=(0.00,0.00,0.00,0.72)] last=[px=(2719,2890,2x2) ndc=(1.124,-2.612)-(1.126,-2.615) rgba=(0.60,0.60,0.60,1.00)]
[2026-08-16T01:38:40Z INFO  steel_front] cam: yaw=0.0 pitch=0.0 dist=3.4 mode=FirstPerson cycle_us=2563 update_us=29 render_us=2533
[2026-08-16T01:38:40Z INFO  steel_front::engine::renderer] huddbg: set_hud_quads quads=3147 count=3147 mapped_null=false capacity=4096 first=[px=(0,0,5120x3200) ndc=(-1.000,1.000)-(3.000,-3.000) rgba=(0.00,0.00,0.00,0.72)] last=[px=(2719,2890,2x2) ndc=(1.124,-2.612)-(1.126,-2.615) rgba=(0.60,0.60,0.60,1.00)]
[2026-08-16T01:38:41Z INFO  steel_front::engine::renderer] visible=65536/65536 near=65536 far=0 fps=388.0 frame_us=3114 cull_us=3 terrain_us=0 wait_fence_us=1685 acquire_us=1 record_us=20 submit_us=36 present_us=672 terrain_lod=high blend=0.000 quality=中画质 marker=36 npc=1017
[2026-08-16T01:38:41Z INFO  steel_front::engine::renderer] huddbg: set_hud_quads quads=3147 count=3147 mapped_null=false capacity=4096 first=[px=(0,0,5120x3200) ndc=(-1.000,1.000)-(3.000,-3.000) rgba=(0.00,0.00,0.00,0.72)] last=[px=(2719,2890,2x2) ndc=(1.124,-2.612)-(1.126,-2.615) rgba=(0.60,0.60,0.60,1.00)]
[2026-08-16T01:38:41Z INFO  steel_front::engine::game] ai: npcs=8 near=8 far=0 idle=0 patrol=0 chase=8 attack=0 tactics=[8, 0, 0, 0, 0, 0, 0, 0]
[2026-08-16T01:38:41Z INFO  steel_front::engine::game] game: wave=1 enemies=8 enemy_hp=100 hp=100/100 score=0 phys_us=2 ai_us=327 audio_us=17 net_us=0
[2026-08-16T01:38:41Z INFO  steel_front::engine::renderer] huddbg: set_hud_quads quads=3147 count=3147 mapped_null=false capacity=4096 first=[px=(0,0,5120x3200) ndc=(-1.000,1.000)-(3.000,-3.000) rgba=(0.00,0.00,0.00,0.72)] last=[px=(2719,2890,2x2) ndc=(1.124,-2.612)-(1.126,-2.615) rgba=(0.60,0.60,0.60,1.00)]
[2026-08-16T01:38:41Z INFO  steel_front] cam: yaw=0.0 pitch=0.0 dist=3.4 mode=FirstPerson cycle_us=2132 update_us=34 render_us=2098
[2026-08-16T01:38:41Z INFO  steel_front::engine::renderer] huddbg: set_hud_quads quads=3147 count=3147 mapped_null=false capacity=4096 first=[px=(0,0,5120x3200) ndc=(-1.000,1.000)-(3.000,-3.000) rgba=(0.00,0.00,0.00,0.72)] last=[px=(2719,2890,2x2) ndc=(1.124,-2.612)-(1.126,-2.615) rgba=(0.60,0.60,0.60,1.00)]
[2026-08-16T01:38:42Z INFO  steel_front::engine::renderer] huddbg: set_hud_quads quads=3147 count=3147 mapped_null=false capacity=4096 first=[px=(0,0,5120x3200) ndc=(-1.000,1.000)-(3.000,-3.000) rgba=(0.00,0.00,0.00,0.72)] last=[px=(2719,2890,2x2) ndc=(1.124,-2.612)-(1.126,-2.615) rgba=(0.60,0.60,0.60,1.00)]
[2026-08-16T01:38:42Z INFO  steel_front::engine::renderer] visible=65536/65536 near=65536 far=0 fps=386.8 frame_us=1865 cull_us=3 terrain_us=0 wait_fence_us=2209 acquire_us=1 record_us=22 submit_us=21 present_us=98 terrain_lod=high blend=0.000 quality=中画质 marker=36 npc=1017
[2026-08-16T01:38:42Z INFO  steel_front::engine::game] ai: npcs=8 near=8 far=0 idle=0 patrol=0 chase=8 attack=0 tactics=[8, 0, 0, 0, 0, 0, 0, 0]
[2026-08-16T01:38:42Z INFO  steel_front::engine::game] game: wave=1 enemies=8 enemy_hp=100 hp=100/100 score=0 phys_us=4 ai_us=392 audio_us=11 net_us=0
[2026-08-16T01:38:42Z INFO  steel_front::engine::renderer] huddbg: set_hud_quads quads=3147 count=3147 mapped_null=false capacity=4096 first=[px=(0,0,5120x3200) ndc=(-1.000,1.000)-(3.000,-3.000) rgba=(0.00,0.00,0.00,0.72)] last=[px=(2719,2890,2x2) ndc=(1.124,-2.612)-(1.126,-2.615) rgba=(0.60,0.60,0.60,1.00)]
[2026-08-16T01:38:42Z INFO  steel_front::engine::renderer] huddbg: set_hud_quads quads=3147 count=3147 mapped_null=false capacity=4096 first=[px=(0,0,5120x3200) ndc=(-1.000,1.000)-(3.000,-3.000) rgba=(0.00,0.00,0.00,0.72)] last=[px=(2719,2890,2x2) ndc=(1.124,-2.612)-(1.126,-2.615) rgba=(0.60,0.60,0.60,1.00)]
[2026-08-16T01:38:42Z INFO  steel_front] cam: yaw=0.0 pitch=0.0 dist=3.4 mode=FirstPerson cycle_us=2004 update_us=15 render_us=1988
[2026-08-16T01:38:42Z INFO  steel_front::engine::renderer] huddbg: set_hud_quads quads=3147 count=3147 mapped_null=false capacity=4096 first=[px=(0,0,5120x3200) ndc=(-1.000,1.000)-(3.000,-3.000) rgba=(0.00,0.00,0.00,0.72)] last=[px=(2719,2890,2x2) ndc=(1.124,-2.612)-(1.126,-2.615) rgba=(0.60,0.60,0.60,1.00)]
[2026-08-16T01:38:43Z INFO  steel_front::engine::renderer] visible=65536/65536 near=65536 far=0 fps=388.2 frame_us=2804 cull_us=2 terrain_us=0 wait_fence_us=1886 acquire_us=0 record_us=33 submit_us=27 present_us=674 terrain_lod=high blend=0.000 quality=中画质 marker=36 npc=1017
[2026-08-16T01:38:43Z INFO  steel_front::engine::game] ai: npcs=8 near=8 far=0 idle=0 patrol=0 chase=8 attack=0 tactics=[8, 0, 0, 0, 0, 0, 0, 0]
[2026-08-16T01:38:43Z INFO  steel_front::engine::game] game: wave=1 enemies=8 enemy_hp=100 hp=100/100 score=0 phys_us=1 ai_us=313 audio_us=11 net_us=0
[2026-08-16T01:38:43Z INFO  steel_front] huddbg: state=StartMenu quads=3147 gun=9
[2026-08-16T01:38:43Z INFO  steel_front] huddbg: state=StartMenu quads=3147 gun=9
[2026-08-16T01:38:43Z INFO  steel_front] huddbg: state=StartMenu quads=3147 gun=9
[2026-08-16T01:38:43Z INFO  steel_front] huddbg: state=StartMenu quads=3147 gun=9
[2026-08-16T01:38:43Z INFO  steel_front] huddbg: state=StartMenu quads=3147 gun=9
[2026-08-16T01:38:43Z INFO  steel_front] huddbg: state=StartMenu quads=3147 gun=9
[2026-08-16T01:38:43Z INFO  steel_front] huddbg: state=StartMenu quads=3147 gun=9
[2026-08-16T01:38:43Z INFO  steel_front] huddbg: state=StartMenu quads=3147 gun=9
[2026-08-16T01:38:43Z INFO  steel_front] huddbg: state=StartMenu quads=3147 gun=9
[2026-08-16T01:38:43Z INFO  steel_front] huddbg: state=StartMenu quads=3147 gun=9
[2026-08-16T01:38:43Z INFO  steel_front] huddbg: state=StartMenu quads=3147 gun=9
[2026-08-16T01:38:43Z INFO  steel_front::engine::renderer] huddbg: set_hud_quads quads=3147 count=3147 mapped_null=false capacity=4096 first=[px=(0,0,5120x3200) ndc=(-1.000,1.000)-(3.000,-3.000) rgba=(0.00,0.00,0.00,0.72)] last=[px=(2719,2890,2x2) ndc=(1.124,-2.612)-(1.126,-2.615) rgba=(0.60,0.60,0.60,1.00)]
[2026-08-16T01:38:43Z INFO  steel_front::engine::renderer] huddbg: set_hud_quads quads=3147 count=3147 mapped_null=false capacity=4096 first=[px=(0,0,5120x3200) ndc=(-1.000,1.000)-(3.000,-3.000) rgba=(0.00,0.00,0.00,0.72)] last=[px=(2719,2890,2x2) ndc=(1.124,-2.612)-(1.126,-2.615) rgba=(0.60,0.60,0.60,1.00)]
[2026-08-16T01:38:43Z INFO  steel_front] cam: yaw=0.0 pitch=0.0 dist=3.4 mode=FirstPerson cycle_us=2373 update_us=34 render_us=2339
[2026-08-16T01:38:43Z INFO  steel_front::engine::renderer] huddbg: set_hud_quads quads=3147 count=3147 mapped_null=false capacity=4096 first=[px=(0,0,5120x3200) ndc=(-1.000,1.000)-(3.000,-3.000) rgba=(0.00,0.00,0.00,0.72)] last=[px=(2719,2890,2x2) ndc=(1.124,-2.612)-(1.126,-2.615) rgba=(0.60,0.60,0.60,1.00)]
[2026-08-16T01:38:44Z INFO  steel_front::engine::game] npc: #3 stand (3.4, 0.0, 11.5)
[2026-08-16T01:38:44Z INFO  steel_front::engine::renderer] visible=65536/65536 near=65536 far=0 fps=390.1 frame_us=2262 cull_us=2 terrain_us=0 wait_fence_us=2055 acquire_us=0 record_us=33 submit_us=29 present_us=158 terrain_lod=high blend=0.000 quality=中画质 marker=57 npc=1017
[2026-08-16T01:38:44Z INFO  steel_front::engine::renderer] huddbg: set_hud_quads quads=3147 count=3147 mapped_null=false capacity=4096 first=[px=(0,0,5120x3200) ndc=(-1.000,1.000)-(3.000,-3.000) rgba=(0.00,0.00,0.00,0.72)] last=[px=(2719,2890,2x2) ndc=(1.124,-2.612)-(1.126,-2.615) rgba=(0.60,0.60,0.60,1.00)]
[2026-08-16T01:38:44Z INFO  steel_front] size diag: window_inner=2560x1600 hud=2560x1600
[2026-08-16T01:38:44Z INFO  steel_front::engine::game] ai: npcs=8 near=8 far=0 idle=0 patrol=0 chase=7 attack=1 tactics=[8, 0, 0, 0, 0, 0, 0, 0]
[2026-08-16T01:38:44Z INFO  steel_front::engine::game] game: wave=1 enemies=8 enemy_hp=100 hp=100/100 score=0 phys_us=2 ai_us=195 audio_us=9 net_us=0
[2026-08-16T01:38:44Z INFO  steel_front] size diag: window_inner=2560x1600 hud=2560x1600
[2026-08-16T01:38:44Z INFO  steel_front] size diag: window_inner=2560x1600 hud=2560x1600
[2026-08-16T01:38:44Z INFO  steel_front] size diag: window_inner=2560x1600 hud=2560x1600
[2026-08-16T01:38:44Z INFO  steel_front] size diag: window_inner=2560x1600 hud=2560x1600
[2026-08-16T01:38:44Z INFO  steel_front] size diag: window_inner=2560x1600 hud=2560x1600
[2026-08-16T01:38:44Z INFO  steel_front] size diag: window_inner=2560x1600 hud=2560x1600
[2026-08-16T01:38:44Z INFO  steel_front] size diag: window_inner=2560x1600 hud=2560x1600
[2026-08-16T01:38:44Z INFO  steel_front] size diag: window_inner=2560x1600 hud=2560x1600
[2026-08-16T01:38:44Z INFO  steel_front] size diag: window_inner=2560x1600 hud=2560x1600
[2026-08-16T01:38:44Z INFO  steel_front] size diag: window_inner=2560x1600 hud=2560x1600
[2026-08-16T01:38:44Z INFO  steel_front] size diag: window_inner=2560x1600 hud=2560x1600
[2026-08-16T01:38:44Z INFO  steel_front] size diag: window_inner=2560x1600 hud=2560x1600
[2026-08-16T01:38:44Z INFO  steel_front] size diag: window_inner=2560x1600 hud=2560x1600
[2026-08-16T01:38:44Z INFO  steel_front] size diag: window_inner=2560x1600 hud=2560x1600
[2026-08-16T01:38:44Z INFO  steel_front] size diag: window_inner=2560x1600 hud=2560x1600
[2026-08-16T01:38:44Z INFO  steel_front] size diag: window_inner=2560x1600 hud=2560x1600
[2026-08-16T01:38:44Z INFO  steel_front] size diag: window_inner=2560x1600 hud=2560x1600
[2026-08-16T01:38:44Z INFO  steel_front] size diag: window_inner=2560x1600 hud=2560x1600
[2026-08-16T01:38:44Z INFO  steel_front::engine::game] npc: #4 stand (4.0, 0.0, -11.3)
[2026-08-16T01:38:44Z INFO  steel_front::engine::renderer] huddbg: set_hud_quads quads=3147 count=3147 mapped_null=false capacity=4096 first=[px=(0,0,5120x3200) ndc=(-1.000,1.000)-(3.000,-3.000) rgba=(0.00,0.00,0.00,0.72)] last=[px=(2719,2890,2x2) ndc=(1.124,-2.612)-(1.126,-2.615) rgba=(0.60,0.60,0.60,1.00)]
[2026-08-16T01:38:44Z INFO  steel_front] cam: yaw=0.0 pitch=0.0 dist=3.4 mode=FirstPerson cycle_us=1772 update_us=19 render_us=1752
[2026-08-16T01:38:44Z INFO  steel_front::engine::renderer] huddbg: set_hud_quads quads=3147 count=3147 mapped_null=false capacity=4096 first=[px=(0,0,5120x3200) ndc=(-1.000,1.000)-(3.000,-3.000) rgba=(0.00,0.00,0.00,0.72)] last=[px=(2719,2890,2x2) ndc=(1.124,-2.612)-(1.126,-2.615) rgba=(0.60,0.60,0.60,1.00)]
[2026-08-16T01:38:45Z INFO  steel_front::engine::renderer] visible=65536/65536 near=65536 far=0 fps=389.6 frame_us=3071 cull_us=2 terrain_us=0 wait_fence_us=1671 acquire_us=1 record_us=37 submit_us=56 present_us=599 terrain_lod=high blend=0.000 quality=中画质 marker=36 npc=1017
[2026-08-16T01:38:45Z INFO  steel_front::engine::renderer] huddbg: set_hud_quads quads=3147 count=3147 mapped_null=false capacity=4096 first=[px=(0,0,5120x3200) ndc=(-1.000,1.000)-(3.000,-3.000) rgba=(0.00,0.00,0.00,0.72)] last=[px=(2719,2890,2x2) ndc=(1.124,-2.612)-(1.126,-2.615) rgba=(0.60,0.60,0.60,1.00)]
[2026-08-16T01:38:45Z INFO  steel_front::engine::game] ai: npcs=8 near=8 far=0 idle=0 patrol=0 chase=6 attack=2 tactics=[8, 0, 0, 0, 0, 0, 0, 0]
[2026-08-16T01:38:45Z INFO  steel_front::engine::game] game: wave=1 enemies=8 enemy_hp=100 hp=100/100 score=0 phys_us=2 ai_us=359 audio_us=32 net_us=0
[2026-08-16T01:38:45Z INFO  steel_front::engine::renderer] huddbg: set_hud_quads quads=3147 count=3147 mapped_null=false capacity=4096 first=[px=(0,0,5120x3200) ndc=(-1.000,1.000)-(3.000,-3.000) rgba=(0.00,0.00,0.00,0.72)] last=[px=(2719,2890,2x2) ndc=(1.124,-2.612)-(1.126,-2.615) rgba=(0.60,0.60,0.60,1.00)]
[2026-08-16T01:38:45Z INFO  steel_front::engine::game] npc: #1 stand (-11.4, 0.0, 3.6)
[2026-08-16T01:38:45Z INFO  steel_front] cam: yaw=0.0 pitch=0.0 dist=3.4 mode=FirstPerson cycle_us=3258 update_us=14 render_us=3244
[2026-08-16T01:38:45Z INFO  steel_front::engine::renderer] huddbg: set_hud_quads quads=3147 count=3147 mapped_null=false capacity=4096 first=[px=(0,0,5120x3200) ndc=(-1.000,1.000)-(3.000,-3.000) rgba=(0.00,0.00,0.00,0.72)] last=[px=(2719,2890,2x2) ndc=(1.124,-2.612)-(1.126,-2.615) rgba=(0.60,0.60,0.60,1.00)]
[2026-08-16T01:38:45Z INFO  steel_front::engine::game] map: level 1 generated: 36 obstacle bodies (wall=20 block=0 barrier=0 tree=3 building=6 ruin=7), 203 grid cells blocked
[2026-08-16T01:38:45Z INFO  steel_front::engine::game] game: purged 8 leftover npcs on run start
[2026-08-16T01:38:45Z INFO  steel_front::engine::game] wave: npc #8 spawn (65.3, 0.0, 25.3)
[2026-08-16T01:38:45Z INFO  steel_front::engine::game] wave: npc #9 spawn (6.1, 0.0, 39.5)
[2026-08-16T01:38:45Z INFO  steel_front::engine::game] wave: npc #10 spawn (-46.8, 0.0, 37.6)
[2026-08-16T01:38:45Z INFO  steel_front::engine::game] wave: npc #11 spawn (-74.6, 0.0, -28.9)
[2026-08-16T01:38:45Z INFO  steel_front::engine::game] wave: npc #12 spawn (-7.6, 0.0, -49.4)
[2026-08-16T01:38:45Z INFO  steel_front::engine::game] wave: npc #13 spawn (54.6, 0.0, -43.9)
[2026-08-16T01:38:45Z INFO  steel_front::engine::game] wave: wave 1 spawned 6 enemies (kind=Normal total=6 speed=4.0 hp=100 effective=1)
[2026-08-16T01:38:45Z INFO  steel_front::engine::game] game: run started (wave 1)
[2026-08-16T01:38:45Z INFO  steel_front] input: cursor captured (mouse look on, grab=locked, look=relative)
[2026-08-16T01:38:45Z INFO  steel_front::engine::game] physics: 36 events this frame (GroundHit, GroundHit, GroundHit, GroundHit, GroundHit, GroundHit, GroundHit, GroundHit, GroundHit, GroundHit, GroundHit, GroundHit, GroundHit, GroundHit, GroundHit, GroundHit, GroundHit, GroundHit, GroundHit, GroundHit, GroundHit, GroundHit, GroundHit, GroundHit, GroundHit, GroundHit, GroundHit, GroundHit, GroundHit, GroundHit, GroundHit, GroundHit, GroundHit, GroundHit, GroundHit, GroundHit)
[2026-08-16T01:38:46Z INFO  steel_front::engine::renderer] huddbg: set_hud_quads quads=2018 count=2018 mapped_null=false capacity=4096 first=[px=(48,3108,720x44) ndc=(-0.962,-2.885)-(-0.400,-2.940) rgba=(0.08,0.08,0.10,0.75)] last=[px=(280,70,1x1) ndc=(-0.781,0.913)-(-0.780,0.911) rgba=(0.20,0.80,0.90,1.00)]
[2026-08-16T01:38:46Z INFO  steel_front::engine::renderer] visible=65536/65536 near=65536 far=0 fps=375.0 frame_us=3300 cull_us=5 terrain_us=0 wait_fence_us=1092 acquire_us=1 record_us=37 submit_us=35 present_us=618 terrain_lod=high blend=0.000 quality=中画质 marker=36 npc=1017
[2026-08-16T01:38:46Z INFO  steel_front] huddbg: state=Playing quads=2018 gun=9
[2026-08-16T01:38:46Z INFO  steel_front] huddbg: state=Playing quads=2018 gun=9
[2026-08-16T01:38:46Z INFO  steel_front::engine::game] ai: npcs=6 near=6 far=0 idle=0 patrol=3 chase=3 attack=0 tactics=[4, 1, 1, 0, 0, 0, 0, 0]
[2026-08-16T01:38:46Z INFO  steel_front::engine::game] game: wave=1 enemies=6 enemy_hp=100 hp=100/100 score=0 phys_us=2 ai_us=197 audio_us=17 net_us=0
[2026-08-16T01:38:46Z INFO  steel_front] huddbg: state=Playing quads=2018 gun=9
[2026-08-16T01:38:46Z INFO  steel_front] huddbg: state=Playing quads=2018 gun=9
[2026-08-16T01:38:46Z INFO  steel_front] huddbg: state=Playing quads=2018 gun=9
[2026-08-16T01:38:46Z INFO  steel_front] huddbg: state=Playing quads=2018 gun=9
[2026-08-16T01:38:46Z INFO  steel_front] huddbg: state=Playing quads=2018 gun=9
[2026-08-16T01:38:46Z INFO  steel_front] huddbg: state=Playing quads=2018 gun=9
[2026-08-16T01:38:46Z INFO  steel_front] huddbg: state=Playing quads=2018 gun=9
[2026-08-16T01:38:46Z INFO  steel_front] huddbg: state=Playing quads=2018 gun=9
[2026-08-16T01:38:46Z INFO  steel_front] huddbg: state=Playing quads=2018 gun=9
[2026-08-16T01:38:46Z INFO  steel_front] huddbg: state=Playing quads=2018 gun=9
[2026-08-16T01:38:46Z INFO  steel_front::engine::renderer] huddbg: set_hud_quads quads=2018 count=2018 mapped_null=false capacity=4096 first=[px=(48,3108,720x44) ndc=(-0.962,-2.885)-(-0.400,-2.940) rgba=(0.08,0.08,0.10,0.75)] last=[px=(280,70,1x1) ndc=(-0.781,0.913)-(-0.780,0.911) rgba=(0.20,0.80,0.90,1.00)]
[2026-08-16T01:38:46Z INFO  steel_front::engine::renderer] huddbg: set_hud_quads quads=2018 count=2018 mapped_null=false capacity=4096 first=[px=(48,3108,720x44) ndc=(-0.962,-2.885)-(-0.400,-2.940) rgba=(0.08,0.08,0.10,0.75)] last=[px=(280,70,1x1) ndc=(-0.781,0.913)-(-0.780,0.911) rgba=(0.20,0.80,0.90,1.00)]
[2026-08-16T01:38:46Z INFO  steel_front] cam: yaw=0.0 pitch=0.0 dist=3.4 mode=FirstPerson cycle_us=2655 update_us=30 render_us=2625
[2026-08-16T01:38:47Z INFO  steel_front::engine::renderer] huddbg: set_hud_quads quads=2026 count=2026 mapped_null=false capacity=4096 first=[px=(48,3108,720x44) ndc=(-0.962,-2.885)-(-0.400,-2.940) rgba=(0.08,0.08,0.10,0.75)] last=[px=(280,70,1x1) ndc=(-0.781,0.913)-(-0.780,0.911) rgba=(0.20,0.80,0.90,1.00)]
[2026-08-16T01:38:47Z INFO  steel_front::engine::renderer] visible=65536/65536 near=65536 far=0 fps=397.9 frame_us=1343 cull_us=5 terrain_us=0 wait_fence_us=1609 acquire_us=1 record_us=16 submit_us=14 present_us=146 terrain_lod=high blend=0.000 quality=中画质 marker=36 npc=1017
[2026-08-16T01:38:47Z INFO  steel_front::engine::game] ai: npcs=6 near=6 far=0 idle=0 patrol=3 chase=3 attack=0 tactics=[4, 1, 1, 0, 0, 0, 0, 0]
[2026-08-16T01:38:47Z INFO  steel_front::engine::game] game: wave=1 enemies=6 enemy_hp=100 hp=100/100 score=0 phys_us=2 ai_us=365 audio_us=15 net_us=0
[2026-08-16T01:38:47Z INFO  steel_front::engine::renderer] huddbg: set_hud_quads quads=2026 count=2026 mapped_null=false capacity=4096 first=[px=(48,3108,720x44) ndc=(-0.962,-2.885)-(-0.400,-2.940) rgba=(0.08,0.08,0.10,0.75)] last=[px=(280,70,1x1) ndc=(-0.781,0.913)-(-0.780,0.911) rgba=(0.20,0.80,0.90,1.00)]
[2026-08-16T01:38:47Z INFO  steel_front::engine::renderer] huddbg: set_hud_quads quads=2026 count=2026 mapped_null=false capacity=4096 first=[px=(48,3108,720x44) ndc=(-0.962,-2.885)-(-0.400,-2.940) rgba=(0.08,0.08,0.10,0.75)] last=[px=(280,70,1x1) ndc=(-0.781,0.913)-(-0.780,0.911) rgba=(0.20,0.80,0.90,1.00)]
[2026-08-16T01:38:47Z INFO  steel_front] cam: yaw=0.0 pitch=0.0 dist=3.4 mode=FirstPerson cycle_us=3170 update_us=29 render_us=3140
[2026-08-16T01:38:47Z INFO  steel_front::engine::renderer] huddbg: set_hud_quads quads=2024 count=2024 mapped_null=false capacity=4096 first=[px=(48,3108,720x44) ndc=(-0.962,-2.885)-(-0.400,-2.940) rgba=(0.08,0.08,0.10,0.75)] last=[px=(280,70,1x1) ndc=(-0.781,0.913)-(-0.780,0.911) rgba=(0.20,0.80,0.90,1.00)]
[2026-08-16T01:38:48Z INFO  steel_front::engine::renderer] visible=65536/65536 near=65536 far=0 fps=397.9 frame_us=1797 cull_us=5 terrain_us=0 wait_fence_us=2138 acquire_us=1 record_us=46 submit_us=46 present_us=196 terrain_lod=high blend=0.000 quality=中画质 marker=36 npc=1017
[2026-08-16T01:38:48Z INFO  steel_front::engine::renderer] huddbg: set_hud_quads quads=2024 count=2024 mapped_null=false capacity=4096 first=[px=(48,3108,720x44) ndc=(-0.962,-2.885)-(-0.400,-2.940) rgba=(0.08,0.08,0.10,0.75)] last=[px=(280,70,1x1) ndc=(-0.781,0.913)-(-0.780,0.911) rgba=(0.20,0.80,0.90,1.00)]
[2026-08-16T01:38:48Z INFO  steel_front::engine::game] ai: npcs=6 near=6 far=0 idle=0 patrol=3 chase=3 attack=0 tactics=[4, 1, 1, 0, 0, 0, 0, 0]
[2026-08-16T01:38:48Z INFO  steel_front::engine::game] game: wave=1 enemies=6 enemy_hp=100 hp=100/100 score=0 phys_us=1 ai_us=364 audio_us=18 net_us=0
[2026-08-16T01:38:48Z INFO  steel_front::engine::renderer] huddbg: set_hud_quads quads=2024 count=2024 mapped_null=false capacity=4096 first=[px=(48,3108,720x44) ndc=(-0.962,-2.885)-(-0.400,-2.940) rgba=(0.08,0.08,0.10,0.75)] last=[px=(280,70,1x1) ndc=(-0.781,0.913)-(-0.780,0.911) rgba=(0.20,0.80,0.90,1.00)]
[2026-08-16T01:38:48Z INFO  steel_front] cam: yaw=0.0 pitch=0.0 dist=3.4 mode=FirstPerson cycle_us=2045 update_us=37 render_us=2007
[2026-08-16T01:38:48Z INFO  steel_front::engine::renderer] huddbg: set_hud_quads quads=2018 count=2018 mapped_null=false capacity=4096 first=[px=(48,3108,720x44) ndc=(-0.962,-2.885)-(-0.400,-2.940) rgba=(0.08,0.08,0.10,0.75)] last=[px=(280,70,1x1) ndc=(-0.781,0.913)-(-0.780,0.911) rgba=(0.20,0.80,0.90,1.00)]
[2026-08-16T01:38:49Z INFO  steel_front::engine::renderer] visible=65536/65536 near=65536 far=0 fps=397.2 frame_us=2970 cull_us=5 terrain_us=0 wait_fence_us=1136 acquire_us=1 record_us=51 submit_us=46 present_us=709 terrain_lod=high blend=0.000 quality=中画质 marker=36 npc=1017
[2026-08-16T01:38:49Z INFO  steel_front::engine::renderer] huddbg: set_hud_quads quads=2018 count=2018 mapped_null=false capacity=4096 first=[px=(48,3108,720x44) ndc=(-0.962,-2.885)-(-0.400,-2.940) rgba=(0.08,0.08,0.10,0.75)] last=[px=(280,70,1x1) ndc=(-0.781,0.913)-(-0.780,0.911) rgba=(0.20,0.80,0.90,1.00)]
[2026-08-16T01:38:49Z INFO  steel_front] size diag: window_inner=2560x1600 hud=2560x1600
[2026-08-16T01:38:49Z INFO  steel_front] huddbg: state=Playing quads=2018 gun=9
[2026-08-16T01:38:49Z INFO  steel_front] size diag: window_inner=2560x1600 hud=2560x1600
[2026-08-16T01:38:49Z INFO  steel_front] huddbg: state=Playing quads=2018 gun=9
[2026-08-16T01:38:49Z INFO  steel_front] size diag: window_inner=2560x1600 hud=2560x1600
[2026-08-16T01:38:49Z INFO  steel_front] huddbg: state=Playing quads=2018 gun=9
[2026-08-16T01:38:49Z INFO  steel_front] size diag: window_inner=2560x1600 hud=2560x1600
[2026-08-16T01:38:49Z INFO  steel_front] huddbg: state=Playing quads=2018 gun=9
[2026-08-16T01:38:49Z INFO  steel_front::engine::game] ai: npcs=6 near=6 far=0 idle=0 patrol=3 chase=3 attack=0 tactics=[3, 1, 1, 0, 0, 0, 0, 1]
[2026-08-16T01:38:49Z INFO  steel_front::engine::game] game: wave=1 enemies=6 enemy_hp=100 hp=100/100 score=0 phys_us=2 ai_us=197 audio_us=9 net_us=0
[2026-08-16T01:38:49Z INFO  steel_front] size diag: window_inner=2560x1600 hud=2560x1600
[2026-08-16T01:38:49Z INFO  steel_front] huddbg: state=Playing quads=2018 gun=9
[2026-08-16T01:38:49Z INFO  steel_front] size diag: window_inner=2560x1600 hud=2560x1600
[2026-08-16T01:38:49Z INFO  steel_front] huddbg: state=Playing quads=2018 gun=9
[2026-08-16T01:38:49Z INFO  steel_front] size diag: window_inner=2560x1600 hud=2560x1600
[2026-08-16T01:38:49Z INFO  steel_front] huddbg: state=Playing quads=2018 gun=9
[2026-08-16T01:38:49Z INFO  steel_front] size diag: window_inner=2560x1600 hud=2560x1600
[2026-08-16T01:38:49Z INFO  steel_front] huddbg: state=Playing quads=2018 gun=9
[2026-08-16T01:38:49Z INFO  steel_front] size diag: window_inner=2560x1600 hud=2560x1600
[2026-08-16T01:38:49Z INFO  steel_front] huddbg: state=Playing quads=2018 gun=9
[2026-08-16T01:38:49Z INFO  steel_front] size diag: window_inner=2560x1600 hud=2560x1600
[2026-08-16T01:38:49Z INFO  steel_front] huddbg: state=Playing quads=2018 gun=9
[2026-08-16T01:38:49Z INFO  steel_front] size diag: window_inner=2560x1600 hud=2560x1600
[2026-08-16T01:38:49Z INFO  steel_front] huddbg: state=Playing quads=2018 gun=9
[2026-08-16T01:38:49Z INFO  steel_front] size diag: window_inner=2560x1600 hud=2560x1600
[2026-08-16T01:38:49Z INFO  steel_front] huddbg: state=Playing quads=2018 gun=9
[2026-08-16T01:38:49Z INFO  steel_front] size diag: window_inner=2560x1600 hud=2560x1600
[2026-08-16T01:38:49Z INFO  steel_front] size diag: window_inner=2560x1600 hud=2560x1600
[2026-08-16T01:38:49Z INFO  steel_front] size diag: window_inner=2560x1600 hud=2560x1600
[2026-08-16T01:38:49Z INFO  steel_front] size diag: window_inner=2560x1600 hud=2560x1600
[2026-08-16T01:38:49Z INFO  steel_front] size diag: window_inner=2560x1600 hud=2560x1600
[2026-08-16T01:38:49Z INFO  steel_front] size diag: window_inner=2560x1600 hud=2560x1600
[2026-08-16T01:38:49Z INFO  steel_front] size diag: window_inner=2560x1600 hud=2560x1600
[2026-08-16T01:38:49Z INFO  steel_front] size diag: window_inner=2560x1600 hud=2560x1600
[2026-08-16T01:38:49Z INFO  steel_front::engine::renderer] huddbg: set_hud_quads quads=2018 count=2018 mapped_null=false capacity=4096 first=[px=(48,3108,720x44) ndc=(-0.962,-2.885)-(-0.400,-2.940) rgba=(0.08,0.08,0.10,0.75)] last=[px=(280,70,1x1) ndc=(-0.781,0.913)-(-0.780,0.911) rgba=(0.20,0.80,0.90,1.00)]
[2026-08-16T01:38:49Z INFO  steel_front::engine::renderer] huddbg: set_hud_quads quads=2018 count=2018 mapped_null=false capacity=4096 first=[px=(48,3108,720x44) ndc=(-0.962,-2.885)-(-0.400,-2.940) rgba=(0.08,0.08,0.10,0.75)] last=[px=(280,70,1x1) ndc=(-0.781,0.913)-(-0.780,0.911) rgba=(0.20,0.80,0.90,1.00)]
[2026-08-16T01:38:49Z INFO  steel_front] cam: yaw=0.0 pitch=0.0 dist=3.4 mode=FirstPerson cycle_us=2640 update_us=19 render_us=2620
[2026-08-16T01:38:50Z INFO  steel_front::engine::renderer] huddbg: set_hud_quads quads=2018 count=2018 mapped_null=false capacity=4096 first=[px=(48,3108,720x44) ndc=(-0.962,-2.885)-(-0.400,-2.940) rgba=(0.08,0.08,0.10,0.75)] last=[px=(280,70,1x1) ndc=(-0.781,0.913)-(-0.780,0.911) rgba=(0.20,0.80,0.90,1.00)]
[2026-08-16T01:38:50Z INFO  steel_front::engine::renderer] visible=65536/65536 near=65536 far=0 fps=397.6 frame_us=2433 cull_us=10 terrain_us=0 wait_fence_us=1609 acquire_us=1 record_us=35 submit_us=31 present_us=190 terrain_lod=high blend=0.000 quality=中画质 marker=36 npc=1017
[2026-08-16T01:38:50Z INFO  steel_front::engine::game] ai: npcs=6 near=6 far=0 idle=0 patrol=3 chase=3 attack=0 tactics=[3, 1, 1, 0, 0, 0, 0, 1]
[2026-08-16T01:38:50Z INFO  steel_front::engine::game] game: wave=1 enemies=6 enemy_hp=100 hp=100/100 score=0 phys_us=5 ai_us=435 audio_us=27 net_us=0
[2026-08-16T01:38:50Z INFO  steel_front::engine::renderer] huddbg: set_hud_quads quads=2018 count=2018 mapped_null=false capacity=4096 first=[px=(48,3108,720x44) ndc=(-0.962,-2.885)-(-0.400,-2.940) rgba=(0.08,0.08,0.10,0.75)] last=[px=(280,70,1x1) ndc=(-0.781,0.913)-(-0.780,0.911) rgba=(0.20,0.80,0.90,1.00)]
[2026-08-16T01:38:50Z INFO  steel_front::engine::renderer] huddbg: set_hud_quads quads=2018 count=2018 mapped_null=false capacity=4096 first=[px=(48,3108,720x44) ndc=(-0.962,-2.885)-(-0.400,-2.940) rgba=(0.08,0.08,0.10,0.75)] last=[px=(280,70,1x1) ndc=(-0.781,0.913)-(-0.780,0.911) rgba=(0.20,0.80,0.90,1.00)]
[2026-08-16T01:38:50Z INFO  steel_front] cam: yaw=0.0 pitch=0.0 dist=3.4 mode=FirstPerson cycle_us=3003 update_us=34 render_us=2969
[2026-08-16T01:38:50Z INFO  steel_front::engine::renderer] huddbg: set_hud_quads quads=2024 count=2024 mapped_null=false capacity=4096 first=[px=(48,3108,720x44) ndc=(-0.962,-2.885)-(-0.400,-2.940) rgba=(0.08,0.08,0.10,0.75)] last=[px=(280,70,1x1) ndc=(-0.781,0.913)-(-0.780,0.911) rgba=(0.20,0.80,0.90,1.00)]
[2026-08-16T01:38:51Z INFO  steel_front::engine::renderer] visible=65536/65536 near=65536 far=0 fps=398.0 frame_us=1372 cull_us=13 terrain_us=0 wait_fence_us=1906 acquire_us=1 record_us=17 submit_us=18 present_us=210 terrain_lod=high blend=0.000 quality=中画质 marker=36 npc=1017
[2026-08-16T01:38:51Z INFO  steel_front::engine::game] ai: npcs=6 near=6 far=0 idle=0 patrol=3 chase=3 attack=0 tactics=[3, 1, 1, 0, 0, 0, 0, 1]
[2026-08-16T01:38:51Z INFO  steel_front::engine::game] game: wave=1 enemies=6 enemy_hp=100 hp=100/100 score=0 phys_us=1 ai_us=323 audio_us=28 net_us=0
[2026-08-16T01:38:51Z INFO  steel_front::engine::renderer] huddbg: set_hud_quads quads=2024 count=2024 mapped_null=false capacity=4096 first=[px=(48,3108,720x44) ndc=(-0.962,-2.885)-(-0.400,-2.940) rgba=(0.08,0.08,0.10,0.75)] last=[px=(280,70,1x1) ndc=(-0.781,0.913)-(-0.780,0.911) rgba=(0.20,0.80,0.90,1.00)]
[2026-08-16T01:38:51Z INFO  steel_front::engine::renderer] huddbg: set_hud_quads quads=2024 count=2024 mapped_null=false capacity=4096 first=[px=(48,3108,720x44) ndc=(-0.962,-2.885)-(-0.400,-2.940) rgba=(0.08,0.08,0.10,0.75)] last=[px=(280,70,1x1) ndc=(-0.781,0.913)-(-0.780,0.911) rgba=(0.20,0.80,0.90,1.00)]
[2026-08-16T01:38:51Z INFO  steel_front] cam: yaw=0.0 pitch=0.0 dist=3.4 mode=FirstPerson cycle_us=2440 update_us=39 render_us=2401
[2026-08-16T01:38:51Z INFO  steel_front::engine::renderer] huddbg: set_hud_quads quads=2024 count=2024 mapped_null=false capacity=4096 first=[px=(48,3108,720x44) ndc=(-0.962,-2.885)-(-0.400,-2.940) rgba=(0.08,0.08,0.10,0.75)] last=[px=(280,70,1x1) ndc=(-0.781,0.913)-(-0.780,0.911) rgba=(0.20,0.80,0.90,1.00)]
[2026-08-16T01:38:52Z INFO  steel_front::engine::renderer] visible=65536/65536 near=65536 far=0 fps=397.6 frame_us=1303 cull_us=10 terrain_us=0 wait_fence_us=2272 acquire_us=1 record_us=55 submit_us=122 present_us=289 terrain_lod=high blend=0.000 quality=中画质 marker=36 npc=1017
[2026-08-16T01:38:52Z INFO  steel_front::engine::renderer] huddbg: set_hud_quads quads=2024 count=2024 mapped_null=false capacity=4096 first=[px=(48,3108,720x44) ndc=(-0.962,-2.885)-(-0.400,-2.940) rgba=(0.08,0.08,0.10,0.75)] last=[px=(280,70,1x1) ndc=(-0.781,0.913)-(-0.780,0.911) rgba=(0.20,0.80,0.90,1.00)]
[2026-08-16T01:38:52Z INFO  steel_front] huddbg: state=Playing quads=2024 gun=9
[2026-08-16T01:38:52Z INFO  steel_front] huddbg: state=Playing quads=2024 gun=9
[2026-08-16T01:38:52Z INFO  steel_front] huddbg: state=Playing quads=2024 gun=9
[2026-08-16T01:38:52Z INFO  steel_front] huddbg: state=Playing quads=2024 gun=9
[2026-08-16T01:38:52Z INFO  steel_front::engine::game] ai: npcs=6 near=6 far=0 idle=0 patrol=3 chase=3 attack=0 tactics=[3, 1, 1, 0, 0, 0, 0, 1]
[2026-08-16T01:38:52Z INFO  steel_front::engine::game] game: wave=1 enemies=6 enemy_hp=100 hp=100/100 score=0 phys_us=1 ai_us=201 audio_us=32 net_us=0
[2026-08-16T01:38:52Z INFO  steel_front] huddbg: state=Playing quads=2024 gun=9
[2026-08-16T01:38:52Z INFO  steel_front] huddbg: state=Playing quads=2024 gun=9
[2026-08-16T01:38:52Z INFO  steel_front] huddbg: state=Playing quads=2024 gun=9
[2026-08-16T01:38:52Z INFO  steel_front] huddbg: state=Playing quads=2024 gun=9
[2026-08-16T01:38:52Z INFO  steel_front] huddbg: state=Playing quads=2024 gun=9
[2026-08-16T01:38:52Z INFO  steel_front] huddbg: state=Playing quads=2024 gun=9
[2026-08-16T01:38:52Z INFO  steel_front] huddbg: state=Playing quads=2024 gun=9
[2026-08-16T01:38:52Z INFO  steel_front::engine::renderer] huddbg: set_hud_quads quads=2024 count=2024 mapped_null=false capacity=4096 first=[px=(48,3108,720x44) ndc=(-0.962,-2.885)-(-0.400,-2.940) rgba=(0.08,0.08,0.10,0.75)] last=[px=(280,70,1x1) ndc=(-0.781,0.913)-(-0.780,0.911) rgba=(0.20,0.80,0.90,1.00)]
[2026-08-16T01:38:52Z INFO  steel_front] cam: yaw=0.0 pitch=0.0 dist=3.4 mode=FirstPerson cycle_us=1660 update_us=20 render_us=1639
[2026-08-16T01:38:52Z INFO  steel_front::engine::renderer] huddbg: set_hud_quads quads=2021 count=2021 mapped_null=false capacity=4096 first=[px=(48,3108,720x44) ndc=(-0.962,-2.885)-(-0.400,-2.940) rgba=(0.08,0.08,0.10,0.75)] last=[px=(280,70,1x1) ndc=(-0.781,0.913)-(-0.780,0.911) rgba=(0.20,0.80,0.90,1.00)]
[2026-08-16T01:38:53Z INFO  steel_front::engine::renderer] huddbg: set_hud_quads quads=2021 count=2021 mapped_null=false capacity=4096 first=[px=(48,3108,720x44) ndc=(-0.962,-2.885)-(-0.400,-2.940) rgba=(0.08,0.08,0.10,0.75)] last=[px=(280,70,1x1) ndc=(-0.781,0.913)-(-0.780,0.911) rgba=(0.20,0.80,0.90,1.00)]
[2026-08-16T01:38:53Z INFO  steel_front::engine::renderer] visible=65536/65536 near=65536 far=0 fps=394.1 frame_us=2921 cull_us=6 terrain_us=0 wait_fence_us=1068 acquire_us=0 record_us=37 submit_us=52 present_us=700 terrain_lod=high blend=0.000 quality=中画质 marker=36 npc=1017
[2026-08-16T01:38:53Z INFO  steel_front::engine::game] ai: npcs=6 near=6 far=0 idle=0 patrol=3 chase=3 attack=0 tactics=[3, 1, 1, 0, 0, 0, 0, 1]
[2026-08-16T01:38:53Z INFO  steel_front::engine::game] game: wave=1 enemies=6 enemy_hp=100 hp=100/100 score=0 phys_us=2 ai_us=417 audio_us=18 net_us=0
[2026-08-16T01:38:53Z INFO  steel_front::engine::renderer] huddbg: set_hud_quads quads=2021 count=2021 mapped_null=false capacity=4096 first=[px=(48,3108,720x44) ndc=(-0.962,-2.885)-(-0.400,-2.940) rgba=(0.08,0.08,0.10,0.75)] last=[px=(280,70,1x1) ndc=(-0.781,0.913)-(-0.780,0.911) rgba=(0.20,0.80,0.90,1.00)]
[2026-08-16T01:38:53Z INFO  steel_front::engine::renderer] huddbg: set_hud_quads quads=2021 count=2021 mapped_null=false capacity=4096 first=[px=(48,3108,720x44) ndc=(-0.962,-2.885)-(-0.400,-2.940) rgba=(0.08,0.08,0.10,0.75)] last=[px=(280,70,1x1) ndc=(-0.781,0.913)-(-0.780,0.911) rgba=(0.20,0.80,0.90,1.00)]
[2026-08-16T01:38:53Z INFO  steel_front] cam: yaw=0.0 pitch=0.0 dist=3.4 mode=FirstPerson cycle_us=2405 update_us=34 render_us=2371
[2026-08-16T01:38:53Z INFO  steel_front::engine::renderer] huddbg: set_hud_quads quads=2018 count=2018 mapped_null=false capacity=4096 first=[px=(48,3108,720x44) ndc=(-0.962,-2.885)-(-0.400,-2.940) rgba=(0.08,0.08,0.10,0.75)] last=[px=(280,70,1x1) ndc=(-0.781,0.913)-(-0.780,0.911) rgba=(0.20,0.80,0.90,1.00)]
[2026-08-16T01:38:54Z INFO  steel_front::engine::renderer] visible=65536/65536 near=65536 far=0 fps=397.8 frame_us=1412 cull_us=5 terrain_us=0 wait_fence_us=1441 acquire_us=1 record_us=36 submit_us=35 present_us=200 terrain_lod=high blend=0.000 quality=中画质 marker=36 npc=1017
[2026-08-16T01:38:54Z INFO  steel_front] size diag: window_inner=2560x1600 hud=2560x1600
[2026-08-16T01:38:54Z INFO  steel_front] size diag: window_inner=2560x1600 hud=2560x1600
[2026-08-16T01:38:54Z INFO  steel_front] size diag: window_inner=2560x1600 hud=2560x1600
[2026-08-16T01:38:54Z INFO  steel_front] size diag: window_inner=2560x1600 hud=2560x1600
[2026-08-16T01:38:54Z INFO  steel_front] size diag: window_inner=2560x1600 hud=2560x1600
[2026-08-16T01:38:54Z INFO  steel_front] size diag: window_inner=2560x1600 hud=2560x1600
[2026-08-16T01:38:54Z INFO  steel_front::engine::game] ai: npcs=6 near=5 far=1 idle=0 patrol=2 chase=4 attack=0 tactics=[4, 1, 1, 0, 0, 0, 0, 0]
[2026-08-16T01:38:54Z INFO  steel_front::engine::game] game: wave=1 enemies=6 enemy_hp=100 hp=100/100 score=0 phys_us=2 ai_us=193 audio_us=18 net_us=0
[2026-08-16T01:38:54Z INFO  steel_front] size diag: window_inner=2560x1600 hud=2560x1600
[2026-08-16T01:38:54Z INFO  steel_front] size diag: window_inner=2560x1600 hud=2560x1600
[2026-08-16T01:38:54Z INFO  steel_front] size diag: window_inner=2560x1600 hud=2560x1600
[2026-08-16T01:38:54Z INFO  steel_front] size diag: window_inner=2560x1600 hud=2560x1600
[2026-08-16T01:38:54Z INFO  steel_front] size diag: window_inner=2560x1600 hud=2560x1600
[2026-08-16T01:38:54Z INFO  steel_front] size diag: window_inner=2560x1600 hud=2560x1600
[2026-08-16T01:38:54Z INFO  steel_front] size diag: window_inner=2560x1600 hud=2560x1600
[2026-08-16T01:38:54Z INFO  steel_front] size diag: window_inner=2560x1600 hud=2560x1600
[2026-08-16T01:38:54Z INFO  steel_front] size diag: window_inner=2560x1600 hud=2560x1600
[2026-08-16T01:38:54Z INFO  steel_front] size diag: window_inner=2560x1600 hud=2560x1600
[2026-08-16T01:38:54Z INFO  steel_front] size diag: window_inner=2560x1600 hud=2560x1600
[2026-08-16T01:38:54Z INFO  steel_front] size diag: window_inner=2560x1600 hud=2560x1600
[2026-08-16T01:38:54Z INFO  steel_front::engine::renderer] huddbg: set_hud_quads quads=2018 count=2018 mapped_null=false capacity=4096 first=[px=(48,3108,720x44) ndc=(-0.962,-2.885)-(-0.400,-2.940) rgba=(0.08,0.08,0.10,0.75)] last=[px=(280,70,1x1) ndc=(-0.781,0.913)-(-0.780,0.911) rgba=(0.20,0.80,0.90,1.00)]
[2026-08-16T01:38:54Z INFO  steel_front] size diag: window_inner=2560x1600 hud=2560x1600
[2026-08-16T01:38:54Z INFO  steel_front] size diag: window_inner=2560x1600 hud=2560x1600
[2026-08-16T01:38:54Z INFO  steel_front::engine::renderer] huddbg: set_hud_quads quads=2018 count=2018 mapped_null=false capacity=4096 first=[px=(48,3108,720x44) ndc=(-0.962,-2.885)-(-0.400,-2.940) rgba=(0.08,0.08,0.10,0.75)] last=[px=(280,70,1x1) ndc=(-0.781,0.913)-(-0.780,0.911) rgba=(0.20,0.80,0.90,1.00)]
[2026-08-16T01:38:54Z INFO  steel_front] cam: yaw=0.0 pitch=0.0 dist=3.4 mode=FirstPerson cycle_us=3140 update_us=32 render_us=3107
[2026-08-16T01:38:54Z INFO  steel_front::engine::renderer] huddbg: set_hud_quads quads=2024 count=2024 mapped_null=false capacity=4096 first=[px=(48,3108,720x44) ndc=(-0.962,-2.885)-(-0.400,-2.940) rgba=(0.08,0.08,0.10,0.75)] last=[px=(280,70,1x1) ndc=(-0.781,0.913)-(-0.780,0.911) rgba=(0.20,0.80,0.90,1.00)]
[2026-08-16T01:38:55Z INFO  steel_front::engine::renderer] visible=65536/65536 near=65536 far=0 fps=397.9 frame_us=1783 cull_us=5 terrain_us=0 wait_fence_us=2014 acquire_us=1 record_us=41 submit_us=48 present_us=228 terrain_lod=high blend=0.000 quality=中画质 marker=36 npc=1017
[2026-08-16T01:38:55Z INFO  steel_front::engine::renderer] huddbg: set_hud_quads quads=2024 count=2024 mapped_null=false capacity=4096 first=[px=(48,3108,720x44) ndc=(-0.962,-2.885)-(-0.400,-2.940) rgba=(0.08,0.08,0.10,0.75)] last=[px=(280,70,1x1) ndc=(-0.781,0.913)-(-0.780,0.911) rgba=(0.20,0.80,0.90,1.00)]
[2026-08-16T01:38:55Z INFO  steel_front] huddbg: state=Playing quads=2024 gun=9
[2026-08-16T01:38:55Z INFO  steel_front] huddbg: state=Playing quads=2024 gun=9
[2026-08-16T01:38:55Z INFO  steel_front] huddbg: state=Playing quads=2024 gun=9
[2026-08-16T01:38:55Z INFO  steel_front] huddbg: state=Playing quads=2024 gun=9
[2026-08-16T01:38:55Z INFO  steel_front] huddbg: state=Playing quads=2024 gun=9
[2026-08-16T01:38:55Z INFO  steel_front] huddbg: state=Playing quads=2024 gun=9
[2026-08-16T01:38:55Z INFO  steel_front::engine::game] ai: npcs=6 near=5 far=1 idle=0 patrol=2 chase=4 attack=0 tactics=[4, 1, 1, 0, 0, 0, 0, 0]
[2026-08-16T01:38:55Z INFO  steel_front::engine::game] game: wave=1 enemies=6 enemy_hp=100 hp=100/100 score=0 phys_us=2 ai_us=178 audio_us=20 net_us=0
[2026-08-16T01:38:55Z INFO  steel_front] huddbg: state=Playing quads=2024 gun=9
[2026-08-16T01:38:55Z INFO  steel_front] huddbg: state=Playing quads=2024 gun=9
[2026-08-16T01:38:55Z INFO  steel_front] huddbg: state=Playing quads=2024 gun=9
[2026-08-16T01:38:55Z INFO  steel_front] huddbg: state=Playing quads=2024 gun=9
[2026-08-16T01:38:55Z INFO  steel_front] huddbg: state=Playing quads=2024 gun=9
[2026-08-16T01:38:55Z INFO  steel_front] huddbg: state=Playing quads=2024 gun=9
[2026-08-16T01:38:55Z INFO  steel_front::engine::renderer] huddbg: set_hud_quads quads=2024 count=2024 mapped_null=false capacity=4096 first=[px=(48,3108,720x44) ndc=(-0.962,-2.885)-(-0.400,-2.940) rgba=(0.08,0.08,0.10,0.75)] last=[px=(280,70,1x1) ndc=(-0.781,0.913)-(-0.780,0.911) rgba=(0.20,0.80,0.90,1.00)]
[2026-08-16T01:38:55Z INFO  steel_front::engine::game] npc: #9 stand (6.6, 0.0, 10.0)
[2026-08-16T01:38:55Z INFO  steel_front] cam: yaw=0.0 pitch=0.0 dist=3.4 mode=FirstPerson cycle_us=3150 update_us=34 render_us=3115
[2026-08-16T01:38:55Z INFO  steel_front::engine::renderer] huddbg: set_hud_quads quads=1993 count=1993 mapped_null=false capacity=4096 first=[px=(48,3108,720x44) ndc=(-0.962,-2.885)-(-0.400,-2.940) rgba=(0.08,0.08,0.10,0.75)] last=[px=(280,70,1x1) ndc=(-0.781,0.913)-(-0.780,0.911) rgba=(0.20,0.80,0.90,1.00)]
[2026-08-16T01:38:56Z INFO  steel_front::engine::renderer] huddbg: set_hud_quads quads=1993 count=1993 mapped_null=false capacity=4096 first=[px=(48,3108,720x44) ndc=(-0.962,-2.885)-(-0.400,-2.940) rgba=(0.08,0.08,0.10,0.75)] last=[px=(280,70,1x1) ndc=(-0.781,0.913)-(-0.780,0.911) rgba=(0.20,0.80,0.90,1.00)]
[2026-08-16T01:38:56Z INFO  steel_front::engine::renderer] visible=65536/65536 near=65536 far=0 fps=397.7 frame_us=2289 cull_us=6 terrain_us=0 wait_fence_us=1738 acquire_us=1 record_us=33 submit_us=30 present_us=190 terrain_lod=high blend=0.000 quality=中画质 marker=36 npc=1017
[2026-08-16T01:38:56Z INFO  steel_front::engine::game] ai: npcs=6 near=5 far=1 idle=0 patrol=2 chase=3 attack=1 tactics=[4, 1, 1, 0, 0, 0, 0, 0]
[2026-08-16T01:38:56Z INFO  steel_front::engine::game] game: wave=1 enemies=6 enemy_hp=100 hp=95/100 score=0 phys_us=2 ai_us=412 audio_us=12 net_us=0
[2026-08-16T01:38:56Z INFO  steel_front::engine::renderer] huddbg: set_hud_quads quads=1993 count=1993 mapped_null=false capacity=4096 first=[px=(48,3108,720x44) ndc=(-0.962,-2.885)-(-0.400,-2.940) rgba=(0.08,0.08,0.10,0.75)] last=[px=(280,70,1x1) ndc=(-0.781,0.913)-(-0.780,0.911) rgba=(0.20,0.80,0.90,1.00)]
[2026-08-16T01:38:56Z INFO  steel_front::engine::renderer] huddbg: set_hud_quads quads=1993 count=1993 mapped_null=false capacity=4096 first=[px=(48,3108,720x44) ndc=(-0.962,-2.885)-(-0.400,-2.940) rgba=(0.08,0.08,0.10,0.75)] last=[px=(280,70,1x1) ndc=(-0.781,0.913)-(-0.780,0.911) rgba=(0.20,0.80,0.90,1.00)]
[2026-08-16T01:38:56Z INFO  steel_front] cam: yaw=0.0 pitch=0.0 dist=3.4 mode=FirstPerson cycle_us=2451 update_us=39 render_us=2412
[2026-08-16T01:38:56Z INFO  steel_front::engine::renderer] huddbg: set_hud_quads quads=1995 count=1995 mapped_null=false capacity=4096 first=[px=(48,3108,720x44) ndc=(-0.962,-2.885)-(-0.400,-2.940) rgba=(0.08,0.08,0.10,0.75)] last=[px=(280,70,1x1) ndc=(-0.781,0.913)-(-0.780,0.911) rgba=(0.20,0.80,0.90,1.00)]
