[2026-08-16T05:35:00Z INFO  steel_front] ========================================
[2026-08-16T05:35:00Z INFO  steel_front]   钢铁前线 (Steel Front) v0.1.0
[2026-08-16T05:35:00Z INFO  steel_front]   二战FPS游戏引擎 - Rust + Vulkan
[2026-08-16T05:35:00Z INFO  steel_front] ========================================
[2026-08-16T05:35:00Z INFO  steel_front::engine::cpu] cpu: vendor=Amd threads=32 primary=[0, 1, 2, 3, 4, 5, 6, 7, 8, 9, 10, 11, 12, 13, 14, 15] secondary=[16, 17, 18, 19, 20, 21, 22, 23, 24, 25, 26, 27, 28, 29, 30, 31] e_cores=0 avx2=true avx512=true scene_set=[0, 1, 2, 3, 4, 5, 6, 7, 8, 9, 10, 11, 12, 13, 14, 15] ai_set=[16, 17, 18, 19, 20, 21, 22, 23, 24, 25, 26, 27, 28, 29, 30, 31] physical_primary=[0, 1, 2, 3, 4, 5, 6, 7, 8, 9, 10, 11, 12, 13, 14, 15] physical_secondary=[16, 17, 18, 19, 20, 21, 22, 23, 24, 25, 26, 27, 28, 29, 30, 31] smt=[]
[2026-08-16T05:35:00Z INFO  steel_front::engine::cpu] cpu: 非 Linux 平台，跳过线程手工绑定（交给系统调度）
[2026-08-16T05:35:00Z INFO  steel_front::engine::cpu] cpu: ai_pool 创建（8 工作线程，绑定 vCPU [16, 17, 18, 19, 20, 21, 22, 23, 24, 25, 26, 27, 28, 29, 30, 31]）
[2026-08-16T05:35:00Z INFO  steel_front::engine::game] map: level 1 generated: 36 obstacle bodies (wall=20 block=0 barrier=0 tree=3 building=6 ruin=7), 203 grid cells blocked
[2026-08-16T05:35:00Z INFO  steel_front] 窗口创建成功: 2560x1600
[2026-08-16T05:35:00Z INFO  steel_front] winit inner_size: 2560x1600 scale_factor=1.50
[2026-08-16T05:35:00Z WARN  steel_front::engine::renderer] 验证层不可用，将不使用
[2026-08-16T05:35:00Z INFO  steel_front::engine::renderer] 选择物理设备: NVIDIA GeForce RTX 5060 Laptop GPU
[2026-08-16T05:35:00Z INFO  steel_front::engine::gpu_caps] gpu-caps: 设备 NVIDIA GeForce RTX 5060 Laptop GPU 硬件能力探测（WSLg/dzn 视角）
[2026-08-16T05:35:00Z INFO  steel_front::engine::gpu_caps] gpu-caps: 可用 device 扩展 280 个
[2026-08-16T05:35:00Z INFO  steel_front::engine::gpu_caps] gpu-caps: -- 光追扩展 --
[2026-08-16T05:35:00Z INFO  steel_front::engine::gpu_caps] gpu-caps:   VK_KHR_ray_tracing_pipeline = true
[2026-08-16T05:35:00Z INFO  steel_front::engine::gpu_caps] gpu-caps:   VK_KHR_acceleration_structure = true
[2026-08-16T05:35:00Z INFO  steel_front::engine::gpu_caps] gpu-caps:   VK_KHR_ray_query = true
[2026-08-16T05:35:00Z INFO  steel_front::engine::gpu_caps] gpu-caps:   VK_KHR_deferred_host_operations = true
[2026-08-16T05:35:00Z INFO  steel_front::engine::gpu_caps] gpu-caps:   VK_KHR_buffer_device_address = true
[2026-08-16T05:35:00Z INFO  steel_front::engine::gpu_caps] gpu-caps:   VK_KHR_ray_tracing_position_fetch = true
[2026-08-16T05:35:00Z INFO  steel_front::engine::gpu_caps] gpu-caps:   VK_NV_ray_tracing = true
[2026-08-16T05:35:00Z INFO  steel_front::engine::gpu_caps] gpu-caps: -- Tensor Core / 协作矩阵 --
[2026-08-16T05:35:00Z INFO  steel_front::engine::gpu_caps] gpu-caps:   VK_KHR_cooperative_matrix = true
[2026-08-16T05:35:00Z INFO  steel_front::engine::gpu_caps] gpu-caps:   VK_NV_cooperative_matrix = true
[2026-08-16T05:35:00Z INFO  steel_front::engine::gpu_caps] gpu-caps:   VK_NV_compute_shader_derivatives = true
[2026-08-16T05:35:00Z INFO  steel_front::engine::gpu_caps] gpu-caps: -- DLSS / NVIDIA 私有 --
[2026-08-16T05:35:00Z INFO  steel_front::engine::gpu_caps] gpu-caps:   VK_NVX_image_view_handle = true
[2026-08-16T05:35:00Z INFO  steel_front::engine::gpu_caps] gpu-caps:   VK_NVX_binary_import = true
[2026-08-16T05:35:00Z INFO  steel_front::engine::gpu_caps] gpu-caps:   VK_NV_cuda_kernel = true
[2026-08-16T05:35:00Z INFO  steel_front::engine::gpu_caps] gpu-caps:   VK_NV_external_memory = true
[2026-08-16T05:35:00Z INFO  steel_front::engine::gpu_caps] gpu-caps: -- 其它新特性 --
[2026-08-16T05:35:00Z INFO  steel_front::engine::gpu_caps] gpu-caps:   VK_EXT_mesh_shader = true
[2026-08-16T05:35:00Z INFO  steel_front::engine::gpu_caps] gpu-caps:   VK_KHR_shader_object = false
[2026-08-16T05:35:00Z INFO  steel_front::engine::gpu_caps] gpu-caps:   VK_KHR_dynamic_rendering = true
[2026-08-16T05:35:00Z INFO  steel_front::engine::gpu_caps] gpu-caps: RT 特性 ray_tracing_pipeline=true acceleration_structure=true buffer_device_address=true ray_query=true
[2026-08-16T05:35:00Z INFO  steel_front::engine::gpu_caps] gpu-caps: RT 管线属性 shaderGroupHandleSize=32B maxRecursionDepth=31 maxRayDispatchInvocationCount=1073741824
[2026-08-16T05:35:00Z INFO  steel_front::engine::gpu_caps] gpu-caps: 【结论】光追探测 device 创建成功 → RT Core 路径可用（dzn→DXR）
[2026-08-16T05:35:00Z INFO  steel_front::engine::gpu_caps] gpu-caps: CUDA 直通（Tensor Core 可编程访问）=false（libcuda in /usr/lib/wsl/lib）
[2026-08-16T05:35:00Z INFO  steel_front::engine::gpu_caps] gpu-caps: 【结论】Vulkan-DLSS（NVIDIA 私有扩展）=true；可直接接 DLSS SDK
[2026-08-16T05:35:00Z INFO  steel_front::engine::renderer] VK_EXT_mesh_shader 可用：启用可选网格着色器渲染路径
[2026-08-16T05:35:00Z INFO  steel_front::engine::renderer] swapchain diag: current_extent=2560x1600 final=2560x1600
[2026-08-16T05:35:00Z INFO  steel_front::engine::renderer] 交换链初始化完成: 2560x1600, 格式: B8G8R8A8_SRGB, 图像数: 3, present_mode: MAILBOX
[2026-08-16T05:35:00Z INFO  steel_front::engine::renderer] 实例缓冲创建完成: 65536 个实例，stride 80 字节，2 帧双缓冲 HOST_VISIBLE|HOST_COHERENT（每帧压缩上传）
[2026-08-16T05:35:00Z INFO  steel_front::engine::renderer] instances=65536 draw_calls=1
[2026-08-16T05:35:00Z INFO  steel_front::engine::renderer] 深度缓冲创建完成: 3 张 2560x1600 D32_SFLOAT
[2026-08-16T05:35:00Z INFO  steel_front::engine::renderer] Descriptor Set Layout: binding 0 = UBO(view/proj), binding 1 = 贴图, binding 2 = 实例 STORAGE_BUFFER, binding 3 = 采样器
[2026-08-16T05:35:00Z INFO  steel_front::engine::renderer] Descriptor 初始化完成（2 帧）
[2026-08-16T05:35:00Z INFO  steel_front::engine::renderer] 远档 LOD 几何创建完成: 8 顶点 / 12 索引（十字双 quad）
[2026-08-16T05:35:00Z INFO  steel_front::engine::renderer] 地面平铺 quad 几何创建完成: 4 顶点 / 6 索引（无侧壁）
[2026-08-16T05:35:00Z INFO  steel_front::engine::renderer] 球体几何创建完成: 325 顶点 / 1728 索引（爆炸球形扩散）
[2026-08-16T05:35:00Z INFO  steel_front::engine::renderer] 地形 LOD[0] 创建完成: 66049 顶点 / 393216 索引（257×257 网格，间距 2）
[2026-08-16T05:35:00Z INFO  steel_front::engine::renderer] 地形 LOD[1] 创建完成: 16641 顶点 / 98304 索引（129×129 网格，间距 4）
[2026-08-16T05:35:00Z INFO  steel_front::engine::renderer] 地形 LOD[2] 创建完成: 4225 顶点 / 24576 索引（65×65 网格，间距 8）
[2026-08-16T05:35:00Z INFO  steel_front::engine::renderer] 地形 3 级 LOD 全部创建完成（高/中/低）
[2026-08-16T05:35:00Z INFO  steel_front::engine::renderer] 图形管线创建完成
[2026-08-16T05:35:00Z INFO  steel_front::engine::renderer] 网格着色器 maxMeshWorkGroupCount[0] = 4194304（地面场 65536 按此分块）
[2026-08-16T05:35:00Z INFO  steel_front::engine::renderer] 网格着色器管线创建完成（VK_EXT_mesh_shader）
[2026-08-16T05:35:00Z INFO  steel_front::engine::renderer] HUD 覆盖层初始化完成（独立 pipeline，容量 4096 quads）
[2026-08-16T05:35:00Z INFO  steel_front::engine::renderer] 纹理初始化完成: 512x512（10 mip，来源=程序化地面材质）
[2026-08-16T05:35:00Z INFO  steel_front::engine::renderer] 程序化皮肤纹理初始化完成: 512x512（marker=木板墙, npc=迷彩军服, RV3D_SKIN_TEX=off（纯色回退））
[2026-08-16T05:35:00Z INFO  steel_front::engine::renderer] 阴影贴图资源创建完成: 2048x2048 D32_SFLOAT
[2026-08-16T05:35:00Z INFO  steel_front::engine::renderer] 阴影 depth-only 管线创建完成
[2026-08-16T05:35:00Z INFO  steel_front] Vulkan 渲染器初始化成功
[2026-08-16T05:35:00Z INFO  steel_front] settings: 分辨率保持 2560x1600
[2026-08-16T05:35:00Z INFO  steel_front] settings: 应用画质 中画质
[2026-08-16T05:35:00Z INFO  steel_front::engine::renderer] 画质预设已切换: 中画质
[2026-08-16T05:35:00Z INFO  steel_front] 窗口大小变化: 1898x1061
[2026-08-16T05:35:00Z INFO  steel_front::engine::renderer] swapchain diag: current_extent=2560x1600 final=2560x1600
[2026-08-16T05:35:00Z INFO  steel_front::engine::renderer] 交换链初始化完成: 2560x1600, 格式: B8G8R8A8_SRGB, 图像数: 3, present_mode: MAILBOX
[2026-08-16T05:35:00Z INFO  steel_front::engine::renderer] 深度缓冲创建完成: 3 张 2560x1600 D32_SFLOAT
[2026-08-16T05:35:00Z INFO  steel_front] 窗口大小变化: 1920x1117
[2026-08-16T05:35:00Z INFO  steel_front::engine::renderer] swapchain diag: current_extent=2560x1600 final=2560x1600
[2026-08-16T05:35:00Z INFO  steel_front::engine::renderer] 交换链初始化完成: 2560x1600, 格式: B8G8R8A8_SRGB, 图像数: 3, present_mode: MAILBOX
[2026-08-16T05:35:00Z INFO  steel_front::engine::renderer] 深度缓冲创建完成: 3 张 2560x1600 D32_SFLOAT
[2026-08-16T05:35:00Z INFO  steel_front] 窗口大小变化: 2560x1600
[2026-08-16T05:35:00Z INFO  steel_front::engine::renderer] swapchain diag: current_extent=2560x1600 final=2560x1600
[2026-08-16T05:35:00Z INFO  steel_front::engine::renderer] 交换链初始化完成: 2560x1600, 格式: B8G8R8A8_SRGB, 图像数: 3, present_mode: MAILBOX
[2026-08-16T05:35:00Z INFO  steel_front::engine::renderer] 深度缓冲创建完成: 3 张 2560x1600 D32_SFLOAT
[2026-08-16T05:35:00Z INFO  steel_front] 窗口大小变化: 2560x1600
[2026-08-16T05:35:00Z INFO  steel_front::engine::renderer] swapchain diag: current_extent=2560x1600 final=2560x1600
[2026-08-16T05:35:00Z INFO  steel_front::engine::renderer] 交换链初始化完成: 2560x1600, 格式: B8G8R8A8_SRGB, 图像数: 3, present_mode: MAILBOX
[2026-08-16T05:35:00Z INFO  steel_front::engine::renderer] 深度缓冲创建完成: 3 张 2560x1600 D32_SFLOAT
[2026-08-16T05:35:00Z INFO  steel_front::engine::renderer] gundbg: mesh verts=1822 indices=5376
[2026-08-16T05:35:00Z INFO  steel_front::engine::renderer] gundbg: DRAW gun verts=1822 idx=5376 v0=(0.28,1.33,-0.00) c=(0.21,0.13,0.06)
[2026-08-16T05:35:01Z INFO  steel_front] cam: yaw=0.0 pitch=0.0 dist=3.4 mode=FirstPerson cycle_us=2652 update_us=26 render_us=2625
[2026-08-16T05:35:01Z INFO  steel_front::engine::renderer] visible=65536/65536 near=65536 far=0 fps=294.9 frame_us=1712 cull_us=0 terrain_us=0 wait_fence_us=2510 acquire_us=1 record_us=17 submit_us=16 present_us=87 terrain_lod=high blend=0.000 quality=中画质 marker=36 npc=56
[2026-08-16T05:35:01Z INFO  steel_front::engine::game] ai: npcs=8 near=8 far=0 idle=0 patrol=0 chase=8 attack=0 tactics=[8, 0, 0, 0, 0, 0, 0, 0]
[2026-08-16T05:35:01Z INFO  steel_front::engine::game] game: wave=1 enemies=8 enemy_hp=100 hp=100/100 score=0 phys_us=1 ai_us=503 audio_us=23 net_us=0
[2026-08-16T05:35:02Z INFO  steel_front] cam: yaw=0.0 pitch=0.0 dist=3.4 mode=FirstPerson cycle_us=2953 update_us=13 render_us=2939
[2026-08-16T05:35:02Z INFO  steel_front::engine::renderer] visible=65536/65536 near=65536 far=0 fps=393.2 frame_us=2106 cull_us=0 terrain_us=0 wait_fence_us=1936 acquire_us=0 record_us=45 submit_us=42 present_us=167 terrain_lod=high blend=0.000 quality=中画质 marker=36 npc=56
[2026-08-16T05:35:02Z INFO  steel_front::engine::game] ai: npcs=8 near=8 far=0 idle=0 patrol=0 chase=8 attack=0 tactics=[8, 0, 0, 0, 0, 0, 0, 0]
[2026-08-16T05:35:02Z INFO  steel_front::engine::game] game: wave=1 enemies=8 enemy_hp=100 hp=100/100 score=0 phys_us=2 ai_us=180 audio_us=11 net_us=0
[2026-08-16T05:35:03Z INFO  steel_front] cam: yaw=0.0 pitch=0.0 dist=3.4 mode=FirstPerson cycle_us=2347 update_us=30 render_us=2317
[2026-08-16T05:35:03Z INFO  steel_front::engine::renderer] visible=65536/65536 near=65536 far=0 fps=390.6 frame_us=2338 cull_us=0 terrain_us=0 wait_fence_us=1941 acquire_us=1 record_us=17 submit_us=32 present_us=161 terrain_lod=high blend=0.000 quality=中画质 marker=36 npc=56
[2026-08-16T05:35:03Z INFO  steel_front::engine::game] ai: npcs=8 near=8 far=0 idle=0 patrol=0 chase=8 attack=0 tactics=[8, 0, 0, 0, 0, 0, 0, 0]
[2026-08-16T05:35:03Z INFO  steel_front::engine::game] game: wave=1 enemies=8 enemy_hp=100 hp=100/100 score=0 phys_us=2 ai_us=703 audio_us=16 net_us=0
[2026-08-16T05:35:04Z INFO  steel_front] cam: yaw=0.0 pitch=0.0 dist=3.4 mode=FirstPerson cycle_us=1917 update_us=23 render_us=1893
[2026-08-16T05:35:04Z INFO  steel_front::engine::renderer] visible=65536/65536 near=65536 far=0 fps=389.8 frame_us=1830 cull_us=0 terrain_us=0 wait_fence_us=2192 acquire_us=0 record_us=38 submit_us=30 present_us=179 terrain_lod=high blend=0.000 quality=中画质 marker=36 npc=56
[2026-08-16T05:35:04Z INFO  steel_front::engine::game] ai: npcs=8 near=8 far=0 idle=0 patrol=0 chase=8 attack=0 tactics=[8, 0, 0, 0, 0, 0, 0, 0]
[2026-08-16T05:35:04Z INFO  steel_front::engine::game] game: wave=1 enemies=8 enemy_hp=100 hp=100/100 score=0 phys_us=1 ai_us=726 audio_us=9 net_us=0
[2026-08-16T05:35:05Z INFO  steel_front] cam: yaw=0.0 pitch=0.0 dist=3.4 mode=FirstPerson cycle_us=2704 update_us=28 render_us=2676
[2026-08-16T05:35:05Z INFO  steel_front::engine::renderer] visible=65536/65536 near=65536 far=0 fps=394.8 frame_us=2061 cull_us=0 terrain_us=0 wait_fence_us=2548 acquire_us=1 record_us=18 submit_us=15 present_us=76 terrain_lod=high blend=0.000 quality=中画质 marker=36 npc=56
[2026-08-16T05:35:05Z INFO  steel_front::engine::game] npc: #3 stand (3.4, 0.0, 11.5)
[2026-08-16T05:35:05Z INFO  steel_front] size diag: window_inner=2560x1600 hud=2560x1600
[2026-08-16T05:35:05Z INFO  steel_front::engine::game] ai: npcs=8 near=8 far=0 idle=0 patrol=0 chase=7 attack=1 tactics=[8, 0, 0, 0, 0, 0, 0, 0]
[2026-08-16T05:35:05Z INFO  steel_front::engine::game] game: wave=1 enemies=8 enemy_hp=100 hp=100/100 score=0 phys_us=1 ai_us=96 audio_us=11 net_us=0
[2026-08-16T05:35:05Z INFO  steel_front] size diag: window_inner=2560x1600 hud=2560x1600
[2026-08-16T05:35:05Z INFO  steel_front] size diag: window_inner=2560x1600 hud=2560x1600
[2026-08-16T05:35:05Z INFO  steel_front] size diag: window_inner=2560x1600 hud=2560x1600
[2026-08-16T05:35:05Z INFO  steel_front] size diag: window_inner=2560x1600 hud=2560x1600
[2026-08-16T05:35:05Z INFO  steel_front] size diag: window_inner=2560x1600 hud=2560x1600
[2026-08-16T05:35:05Z INFO  steel_front] size diag: window_inner=2560x1600 hud=2560x1600
[2026-08-16T05:35:05Z INFO  steel_front] size diag: window_inner=2560x1600 hud=2560x1600
[2026-08-16T05:35:05Z INFO  steel_front] size diag: window_inner=2560x1600 hud=2560x1600
[2026-08-16T05:35:05Z INFO  steel_front] size diag: window_inner=2560x1600 hud=2560x1600
[2026-08-16T05:35:05Z INFO  steel_front] size diag: window_inner=2560x1600 hud=2560x1600
[2026-08-16T05:35:05Z INFO  steel_front] size diag: window_inner=2560x1600 hud=2560x1600
[2026-08-16T05:35:05Z INFO  steel_front] size diag: window_inner=2560x1600 hud=2560x1600
[2026-08-16T05:35:05Z INFO  steel_front] size diag: window_inner=2560x1600 hud=2560x1600
[2026-08-16T05:35:05Z INFO  steel_front] size diag: window_inner=2560x1600 hud=2560x1600
[2026-08-16T05:35:05Z INFO  steel_front] size diag: window_inner=2560x1600 hud=2560x1600
[2026-08-16T05:35:05Z INFO  steel_front] size diag: window_inner=2560x1600 hud=2560x1600
[2026-08-16T05:35:05Z INFO  steel_front] size diag: window_inner=2560x1600 hud=2560x1600
[2026-08-16T05:35:05Z INFO  steel_front] size diag: window_inner=2560x1600 hud=2560x1600
[2026-08-16T05:35:05Z INFO  steel_front::engine::game] npc: #4 stand (4.0, 0.0, -11.3)
[2026-08-16T05:35:06Z INFO  steel_front] cam: yaw=0.0 pitch=0.0 dist=3.4 mode=FirstPerson cycle_us=2327 update_us=17 render_us=2309
[2026-08-16T05:35:06Z INFO  steel_front::engine::renderer] visible=65536/65536 near=65536 far=0 fps=394.7 frame_us=2572 cull_us=0 terrain_us=0 wait_fence_us=1905 acquire_us=1 record_us=41 submit_us=29 present_us=193 terrain_lod=high blend=0.000 quality=中画质 marker=36 npc=56
[2026-08-16T05:35:06Z INFO  steel_front::engine::game] ai: npcs=8 near=8 far=0 idle=0 patrol=0 chase=6 attack=2 tactics=[8, 0, 0, 0, 0, 0, 0, 0]
[2026-08-16T05:35:06Z INFO  steel_front::engine::game] game: wave=1 enemies=8 enemy_hp=100 hp=100/100 score=0 phys_us=2 ai_us=530 audio_us=11 net_us=0
[2026-08-16T05:35:07Z INFO  steel_front::engine::game] npc: #1 stand (-11.4, 0.0, 3.6)
[2026-08-16T05:35:07Z INFO  steel_front] cam: yaw=0.0 pitch=0.0 dist=3.4 mode=FirstPerson cycle_us=2827 update_us=13 render_us=2814
[2026-08-16T05:35:07Z INFO  steel_front::engine::renderer] visible=65536/65536 near=65536 far=0 fps=376.9 frame_us=2524 cull_us=1 terrain_us=0 wait_fence_us=1933 acquire_us=1 record_us=41 submit_us=41 present_us=193 terrain_lod=high blend=0.000 quality=中画质 marker=62 npc=56
[2026-08-16T05:35:07Z INFO  steel_front::engine::game] ai: npcs=8 near=8 far=0 idle=0 patrol=0 chase=5 attack=3 tactics=[8, 0, 0, 0, 0, 0, 0, 0]
[2026-08-16T05:35:07Z INFO  steel_front::engine::game] game: wave=1 enemies=8 enemy_hp=100 hp=100/100 score=0 phys_us=3 ai_us=268 audio_us=10 net_us=0
[2026-08-16T05:35:08Z INFO  steel_front] cam: yaw=0.0 pitch=0.0 dist=3.4 mode=FirstPerson cycle_us=2323 update_us=29 render_us=2294
[2026-08-16T05:35:08Z INFO  steel_front::engine::renderer] visible=65536/65536 near=65536 far=0 fps=387.4 frame_us=2227 cull_us=0 terrain_us=0 wait_fence_us=2199 acquire_us=0 record_us=41 submit_us=47 present_us=190 terrain_lod=high blend=0.000 quality=中画质 marker=36 npc=56
[2026-08-16T05:35:08Z INFO  steel_front::engine::game] ai: npcs=8 near=8 far=0 idle=0 patrol=0 chase=5 attack=3 tactics=[8, 0, 0, 0, 0, 0, 0, 0]
[2026-08-16T05:35:08Z INFO  steel_front::engine::game] game: wave=1 enemies=8 enemy_hp=100 hp=100/100 score=0 phys_us=2 ai_us=173 audio_us=15 net_us=0
[2026-08-16T05:35:09Z INFO  steel_front] cam: yaw=0.0 pitch=0.0 dist=3.4 mode=FirstPerson cycle_us=2271 update_us=30 render_us=2241
[2026-08-16T05:35:09Z INFO  steel_front::engine::renderer] visible=65536/65536 near=65536 far=0 fps=387.5 frame_us=2129 cull_us=1 terrain_us=0 wait_fence_us=2022 acquire_us=1 record_us=40 submit_us=29 present_us=413 terrain_lod=high blend=0.000 quality=中画质 marker=63 npc=56
[2026-08-16T05:35:09Z INFO  steel_front::engine::game] ai: npcs=8 near=8 far=0 idle=0 patrol=0 chase=5 attack=3 tactics=[8, 0, 0, 0, 0, 0, 0, 0]
[2026-08-16T05:35:09Z INFO  steel_front::engine::game] game: wave=1 enemies=8 enemy_hp=100 hp=100/100 score=0 phys_us=2 ai_us=533 audio_us=15 net_us=0
[2026-08-16T05:35:10Z INFO  steel_front] cam: yaw=0.0 pitch=0.0 dist=3.4 mode=FirstPerson cycle_us=2893 update_us=13 render_us=2879
[2026-08-16T05:35:10Z INFO  steel_front::engine::renderer] visible=65536/65536 near=65536 far=0 fps=387.7 frame_us=2329 cull_us=0 terrain_us=0 wait_fence_us=2187 acquire_us=1 record_us=22 submit_us=20 present_us=116 terrain_lod=high blend=0.000 quality=中画质 marker=36 npc=56
[2026-08-16T05:35:10Z INFO  steel_front::engine::game] map: level 1 generated: 36 obstacle bodies (wall=20 block=0 barrier=0 tree=3 building=6 ruin=7), 203 grid cells blocked
[2026-08-16T05:35:10Z INFO  steel_front::engine::game] game: purged 8 leftover npcs on run start
[2026-08-16T05:35:10Z INFO  steel_front::engine::game] wave: npc #8 spawn (65.3, 0.0, 25.3)
[2026-08-16T05:35:10Z INFO  steel_front::engine::game] wave: npc #9 spawn (6.1, 0.0, 39.5)
[2026-08-16T05:35:10Z INFO  steel_front::engine::game] wave: npc #10 spawn (-46.8, 0.0, 37.6)
[2026-08-16T05:35:10Z INFO  steel_front::engine::game] wave: npc #11 spawn (-74.6, 0.0, -28.9)
[2026-08-16T05:35:10Z INFO  steel_front::engine::game] wave: npc #12 spawn (-7.6, 0.0, -49.4)
[2026-08-16T05:35:10Z INFO  steel_front::engine::game] wave: npc #13 spawn (54.6, 0.0, -43.9)
[2026-08-16T05:35:10Z INFO  steel_front::engine::game] wave: wave 1 spawned 6 enemies (kind=Normal total=6 speed=4.0 hp=100 effective=1)
[2026-08-16T05:35:10Z INFO  steel_front::engine::game] game: run started (wave 1)
[2026-08-16T05:35:10Z INFO  steel_front] input: cursor captured (mouse look on, grab=locked, look=relative)
[2026-08-16T05:35:10Z INFO  steel_front::engine::game] physics: 36 events this frame (GroundHit, GroundHit, GroundHit, GroundHit, GroundHit, GroundHit, GroundHit, GroundHit, GroundHit, GroundHit, GroundHit, GroundHit, GroundHit, GroundHit, GroundHit, GroundHit, GroundHit, GroundHit, GroundHit, GroundHit, GroundHit, GroundHit, GroundHit, GroundHit, GroundHit, GroundHit, GroundHit, GroundHit, GroundHit, GroundHit, GroundHit, GroundHit, GroundHit, GroundHit, GroundHit, GroundHit)
[2026-08-16T05:35:10Z INFO  steel_front] size diag: window_inner=2560x1600 hud=2560x1600
[2026-08-16T05:35:10Z INFO  steel_front] size diag: window_inner=2560x1600 hud=2560x1600
[2026-08-16T05:35:10Z INFO  steel_front] size diag: window_inner=2560x1600 hud=2560x1600
[2026-08-16T05:35:10Z INFO  steel_front] size diag: window_inner=2560x1600 hud=2560x1600
[2026-08-16T05:35:10Z INFO  steel_front] size diag: window_inner=2560x1600 hud=2560x1600
[2026-08-16T05:35:10Z INFO  steel_front::engine::game] ai: npcs=6 near=6 far=0 idle=0 patrol=3 chase=3 attack=0 tactics=[4, 1, 1, 0, 0, 0, 0, 0]
[2026-08-16T05:35:10Z INFO  steel_front::engine::game] game: wave=1 enemies=6 enemy_hp=100 hp=100/100 score=0 phys_us=1 ai_us=91 audio_us=10 net_us=0
[2026-08-16T05:35:10Z INFO  steel_front] size diag: window_inner=2560x1600 hud=2560x1600
[2026-08-16T05:35:10Z INFO  steel_front] size diag: window_inner=2560x1600 hud=2560x1600
[2026-08-16T05:35:10Z INFO  steel_front] size diag: window_inner=2560x1600 hud=2560x1600
[2026-08-16T05:35:10Z INFO  steel_front] size diag: window_inner=2560x1600 hud=2560x1600
[2026-08-16T05:35:10Z INFO  steel_front] size diag: window_inner=2560x1600 hud=2560x1600
[2026-08-16T05:35:10Z INFO  steel_front] size diag: window_inner=2560x1600 hud=2560x1600
[2026-08-16T05:35:10Z INFO  steel_front] size diag: window_inner=2560x1600 hud=2560x1600
[2026-08-16T05:35:10Z INFO  steel_front] size diag: window_inner=2560x1600 hud=2560x1600
[2026-08-16T05:35:10Z INFO  steel_front] size diag: window_inner=2560x1600 hud=2560x1600
[2026-08-16T05:35:10Z INFO  steel_front] size diag: window_inner=2560x1600 hud=2560x1600
[2026-08-16T05:35:10Z INFO  steel_front] size diag: window_inner=2560x1600 hud=2560x1600
[2026-08-16T05:35:10Z INFO  steel_front] size diag: window_inner=2560x1600 hud=2560x1600
[2026-08-16T05:35:10Z INFO  steel_front] size diag: window_inner=2560x1600 hud=2560x1600
[2026-08-16T05:35:10Z INFO  steel_front] size diag: window_inner=2560x1600 hud=2560x1600
[2026-08-16T05:35:10Z INFO  steel_front] size diag: window_inner=2560x1600 hud=2560x1600
[2026-08-16T05:35:11Z INFO  steel_front] cam: yaw=21.8 pitch=-7.3 dist=3.4 mode=FirstPerson cycle_us=1938 update_us=16 render_us=1922
[2026-08-16T05:35:11Z INFO  steel_front::engine::renderer] visible=65536/65536 near=65536 far=0 fps=398.1 frame_us=1015 cull_us=1 terrain_us=0 wait_fence_us=1634 acquire_us=1 record_us=19 submit_us=17 present_us=95 terrain_lod=high blend=0.000 quality=中画质 marker=36 npc=98
[2026-08-16T05:35:11Z INFO  steel_front::engine::game] ai: npcs=6 near=6 far=0 idle=0 patrol=3 chase=3 attack=0 tactics=[4, 1, 1, 0, 0, 0, 0, 0]
[2026-08-16T05:35:11Z INFO  steel_front::engine::game] game: wave=1 enemies=6 enemy_hp=100 hp=100/100 score=0 phys_us=2 ai_us=530 audio_us=22 net_us=0
[2026-08-16T05:35:12Z INFO  steel_front] cam: yaw=-13.0 pitch=-6.5 dist=3.4 mode=FirstPerson cycle_us=2904 update_us=11 render_us=2892
[2026-08-16T05:35:12Z INFO  steel_front::engine::renderer] visible=65536/65536 near=65536 far=0 fps=393.2 frame_us=2667 cull_us=1 terrain_us=0 wait_fence_us=1088 acquire_us=0 record_us=49 submit_us=64 present_us=604 terrain_lod=high blend=0.000 quality=中画质 marker=36 npc=98
[2026-08-16T05:35:12Z INFO  steel_front::engine::game] ai: npcs=6 near=6 far=0 idle=0 patrol=3 chase=3 attack=0 tactics=[4, 1, 1, 0, 0, 0, 0, 0]
[2026-08-16T05:35:12Z INFO  steel_front::engine::game] game: wave=1 enemies=6 enemy_hp=100 hp=100/100 score=0 phys_us=2 ai_us=486 audio_us=9 net_us=0
[2026-08-16T05:35:13Z INFO  steel_front] cam: yaw=2.4 pitch=6.0 dist=3.4 mode=FirstPerson cycle_us=2769 update_us=43 render_us=2725
[2026-08-16T05:35:13Z INFO  steel_front::engine::game] weapons: shot #1 (1 alive) [M1 Rifle]
[2026-08-16T05:35:13Z INFO  steel_front::engine::renderer] visible=65536/65536 near=65536 far=0 fps=394.9 frame_us=2820 cull_us=1 terrain_us=0 wait_fence_us=792 acquire_us=0 record_us=58 submit_us=61 present_us=985 terrain_lod=high blend=0.000 quality=中画质 marker=37 npc=98
[2026-08-16T05:35:13Z INFO  steel_front::engine::game] ai: npcs=6 near=6 far=0 idle=0 patrol=3 chase=3 attack=0 tactics=[4, 1, 1, 0, 0, 0, 0, 0]
[2026-08-16T05:35:13Z INFO  steel_front::engine::game] game: wave=1 enemies=6 enemy_hp=100 hp=100/100 score=0 phys_us=1 ai_us=330 audio_us=22 net_us=0
[2026-08-16T05:35:13Z INFO  steel_front::engine::game] weapons: shot #2 (2 alive) [M1 Rifle]
[2026-08-16T05:35:14Z INFO  steel_front] cam: yaw=-4.2 pitch=-0.3 dist=3.4 mode=FirstPerson cycle_us=1862 update_us=20 render_us=1841
[2026-08-16T05:35:14Z INFO  steel_front::engine::game] weapons: shot #3 (3 alive) [M1 Rifle]
[2026-08-16T05:35:14Z INFO  steel_front::engine::renderer] visible=65536/65536 near=65536 far=0 fps=388.9 frame_us=1430 cull_us=1 terrain_us=0 wait_fence_us=1934 acquire_us=1 record_us=52 submit_us=51 present_us=188 terrain_lod=high blend=0.000 quality=中画质 marker=37 npc=98
[2026-08-16T05:35:14Z INFO  steel_front::engine::game] ai: npcs=6 near=6 far=0 idle=0 patrol=3 chase=3 attack=0 tactics=[4, 1, 1, 0, 0, 0, 0, 0]
[2026-08-16T05:35:14Z INFO  steel_front::engine::game] game: wave=1 enemies=6 enemy_hp=100 hp=100/100 score=0 phys_us=0 ai_us=458 audio_us=7 net_us=0
[2026-08-16T05:35:14Z INFO  steel_front::engine::game] weapons: shot #4 (4 alive) [M1 Rifle]
[2026-08-16T05:35:15Z INFO  steel_front] cam: yaw=0.1 pitch=0.8 dist=3.4 mode=FirstPerson cycle_us=2505 update_us=12 render_us=2493
[2026-08-16T05:35:15Z INFO  steel_front::engine::game] weapons: shot #5 (5 alive) [M1 Rifle]
[2026-08-16T05:35:15Z INFO  steel_front::engine::renderer] visible=65536/65536 near=65536 far=0 fps=392.7 frame_us=2499 cull_us=1 terrain_us=0 wait_fence_us=1424 acquire_us=1 record_us=53 submit_us=71 present_us=611 terrain_lod=high blend=0.000 quality=中画质 marker=38 npc=98
[2026-08-16T05:35:15Z INFO  steel_front] size diag: window_inner=2560x1600 hud=2560x1600
[2026-08-16T05:35:15Z INFO  steel_front] size diag: window_inner=2560x1600 hud=2560x1600
[2026-08-16T05:35:15Z INFO  steel_front] size diag: window_inner=2560x1600 hud=2560x1600
[2026-08-16T05:35:15Z INFO  steel_front] size diag: window_inner=2560x1600 hud=2560x1600
[2026-08-16T05:35:15Z INFO  steel_front] size diag: window_inner=2560x1600 hud=2560x1600
[2026-08-16T05:35:15Z INFO  steel_front] size diag: window_inner=2560x1600 hud=2560x1600
[2026-08-16T05:35:15Z INFO  steel_front] size diag: window_inner=2560x1600 hud=2560x1600
[2026-08-16T05:35:15Z INFO  steel_front::engine::game] ai: npcs=6 near=6 far=0 idle=0 patrol=3 chase=3 attack=0 tactics=[4, 1, 1, 0, 0, 0, 0, 0]
[2026-08-16T05:35:15Z INFO  steel_front::engine::game] game: wave=1 enemies=6 enemy_hp=100 hp=100/100 score=0 phys_us=1 ai_us=96 audio_us=27 net_us=0
[2026-08-16T05:35:15Z INFO  steel_front] size diag: window_inner=2560x1600 hud=2560x1600
[2026-08-16T05:35:15Z INFO  steel_front] size diag: window_inner=2560x1600 hud=2560x1600
[2026-08-16T05:35:15Z INFO  steel_front] size diag: window_inner=2560x1600 hud=2560x1600
[2026-08-16T05:35:15Z INFO  steel_front] size diag: window_inner=2560x1600 hud=2560x1600
[2026-08-16T05:35:15Z INFO  steel_front] size diag: window_inner=2560x1600 hud=2560x1600
[2026-08-16T05:35:15Z INFO  steel_front] size diag: window_inner=2560x1600 hud=2560x1600
[2026-08-16T05:35:15Z INFO  steel_front] size diag: window_inner=2560x1600 hud=2560x1600
[2026-08-16T05:35:15Z INFO  steel_front] size diag: window_inner=2560x1600 hud=2560x1600
[2026-08-16T05:35:15Z INFO  steel_front] size diag: window_inner=2560x1600 hud=2560x1600
[2026-08-16T05:35:15Z INFO  steel_front] size diag: window_inner=2560x1600 hud=2560x1600
[2026-08-16T05:35:15Z INFO  steel_front] size diag: window_inner=2560x1600 hud=2560x1600
[2026-08-16T05:35:15Z INFO  steel_front] size diag: window_inner=2560x1600 hud=2560x1600
[2026-08-16T05:35:15Z INFO  steel_front::engine::game] weapons: shot #6 (6 alive) [M1 Rifle]
[2026-08-16T05:35:16Z INFO  steel_front] cam: yaw=1.7 pitch=0.7 dist=3.4 mode=FirstPerson cycle_us=2351 update_us=18 render_us=2333
[2026-08-16T05:35:16Z INFO  steel_front::engine::game] weapons: shot #7 (7 alive) [M1 Rifle]
[2026-08-16T05:35:16Z INFO  steel_front::engine::renderer] visible=65536/65536 near=65536 far=0 fps=392.4 frame_us=2486 cull_us=1 terrain_us=0 wait_fence_us=1006 acquire_us=1 record_us=24 submit_us=23 present_us=809 terrain_lod=high blend=0.000 quality=中画质 marker=38 npc=98
[2026-08-16T05:35:16Z INFO  steel_front::engine::game] explosion: at (-10.2, -11.5, -205.1) radius=8 dmg=60 knockback=true
[2026-08-16T05:35:16Z INFO  steel_front::engine::game] explosion: at (15.3, 2.1, -155.0) radius=8 dmg=60 knockback=false
[2026-08-16T05:35:16Z INFO  steel_front::engine::game] weapons: 1 projectile hit(s), total_hits=1
[2026-08-16T05:35:16Z INFO  steel_front::engine::game] ai: npcs=6 near=6 far=0 idle=0 patrol=3 chase=3 attack=0 tactics=[3, 1, 1, 0, 0, 0, 0, 1]
[2026-08-16T05:35:16Z INFO  steel_front::engine::game] game: wave=1 enemies=6 enemy_hp=100 hp=100/100 score=0 phys_us=1 ai_us=107 audio_us=21 net_us=0
[2026-08-16T05:35:16Z INFO  steel_front::engine::game] weapons: shot #8 (6 alive) [M1 Rifle]
[2026-08-16T05:35:17Z INFO  steel_front::engine::game] explosion: at (2.5, 3.6, -207.9) radius=8 dmg=60 knockback=true
[2026-08-16T05:35:17Z INFO  steel_front] cam: yaw=1.7 pitch=0.6 dist=3.4 mode=FirstPerson cycle_us=2311 update_us=72 render_us=2239
[2026-08-16T05:35:17Z INFO  steel_front::engine::game] weapons: shot #9 (6 alive) [M1 Rifle]
[2026-08-16T05:35:17Z INFO  steel_front::engine::game] npc: #9 stand (7.0, 0.0, 18.2)
[2026-08-16T05:35:17Z INFO  steel_front::engine::renderer] visible=65536/65536 near=65536 far=0 fps=392.1 frame_us=2059 cull_us=1 terrain_us=0 wait_fence_us=1401 acquire_us=1 record_us=52 submit_us=46 present_us=600 terrain_lod=high blend=0.000 quality=中画质 marker=38 npc=98
[2026-08-16T05:35:17Z INFO  steel_front::engine::game] weapons: shot #10 (7 alive) [M1 Rifle]
[2026-08-16T05:35:17Z INFO  steel_front::engine::game] ai: npcs=6 near=6 far=0 idle=0 patrol=3 chase=2 attack=1 tactics=[4, 1, 1, 0, 0, 0, 0, 0]
[2026-08-16T05:35:17Z INFO  steel_front::engine::game] game: wave=1 enemies=6 enemy_hp=100 hp=95/100 score=0 phys_us=1 ai_us=362 audio_us=29 net_us=0
[2026-08-16T05:35:18Z INFO  steel_front::engine::game] weapons: shot #11 (8 alive) [M1 Rifle]
[2026-08-16T05:35:18Z INFO  steel_front::engine::game] explosion: at (14.1, 1.0, -206.5) radius=8 dmg=60 knockback=true
[2026-08-16T05:35:18Z INFO  steel_front] cam: yaw=3.4 pitch=0.6 dist=3.4 mode=FirstPerson cycle_us=2563 update_us=12 render_us=2549
[2026-08-16T05:35:18Z INFO  steel_front::engine::game] weapons: shot #12 (8 alive) [M1 Rifle]
[2026-08-16T05:35:18Z INFO  steel_front::engine::renderer] visible=65536/65536 near=65536 far=0 fps=386.5 frame_us=2125 cull_us=1 terrain_us=0 wait_fence_us=1416 acquire_us=0 record_us=52 submit_us=63 present_us=210 terrain_lod=high blend=0.000 quality=中画质 marker=39 npc=98
[2026-08-16T05:35:18Z INFO  steel_front::engine::game] ai: npcs=6 near=5 far=1 idle=0 patrol=3 chase=2 attack=1 tactics=[4, 1, 1, 0, 0, 0, 0, 0]
[2026-08-16T05:35:18Z INFO  steel_front::engine::game] game: wave=1 enemies=6 enemy_hp=100 hp=90/100 score=0 phys_us=0 ai_us=339 audio_us=22 net_us=0
[2026-08-16T05:35:18Z INFO  steel_front::engine::game] explosion: at (-2.4, -1.2, -203.7) radius=8 dmg=60 knockback=true
[2026-08-16T05:35:18Z INFO  steel_front::engine::game] weapons: shot #13 (8 alive) [M1 Rifle]
[2026-08-16T05:35:19Z INFO  steel_front] cam: yaw=4.8 pitch=-0.6 dist=3.4 mode=FirstPerson cycle_us=2529 update_us=44 render_us=2485
[2026-08-16T05:35:19Z INFO  steel_front::engine::game] explosion: at (-5.4, -1.0, -200.8) radius=8 dmg=60 knockback=true
[2026-08-16T05:35:19Z INFO  steel_front::engine::game] weapons: shot #14 (8 alive) [M1 Rifle]
[2026-08-16T05:35:19Z INFO  steel_front::engine::renderer] visible=65536/65536 near=65536 far=0 fps=392.5 frame_us=1874 cull_us=1 terrain_us=0 wait_fence_us=1424 acquire_us=0 record_us=55 submit_us=51 present_us=226 terrain_lod=high blend=0.000 quality=中画质 marker=42 npc=98
[2026-08-16T05:35:19Z INFO  steel_front::engine::game] explosion: at (-5.9, -0.9, -198.1) radius=8 dmg=60 knockback=true
[2026-08-16T05:35:19Z INFO  steel_front::engine::game] ai: npcs=6 near=5 far=1 idle=0 patrol=3 chase=3 attack=0 tactics=[4, 1, 1, 0, 0, 0, 0, 0]
[2026-08-16T05:35:19Z INFO  steel_front::engine::game] game: wave=1 enemies=6 enemy_hp=100 hp=85/100 score=0 phys_us=2 ai_us=414 audio_us=37 net_us=0
[2026-08-16T05:35:19Z INFO  steel_front::engine::game] weapons: shot #15 (8 alive) [M1 Rifle]
[2026-08-16T05:35:20Z INFO  steel_front::engine::game] npc: #9 stand (7.4, 0.0, 16.1)
[2026-08-16T05:35:20Z INFO  steel_front::engine::game] explosion: at (-5.9, -0.7, -195.5) radius=8 dmg=60 knockback=true
[2026-08-16T05:35:20Z INFO  steel_front] cam: yaw=4.7 pitch=-1.7 dist=3.4 mode=FirstPerson cycle_us=1927 update_us=30 render_us=1897
[2026-08-16T05:35:20Z INFO  steel_front::engine::game] explosion: at (-5.9, -0.4, -192.8) radius=8 dmg=60 knockback=true
[2026-08-16T05:35:20Z INFO  steel_front::engine::renderer] visible=65536/65536 near=65536 far=0 fps=399.7 frame_us=982 cull_us=1 terrain_us=0 wait_fence_us=1791 acquire_us=1 record_us=25 submit_us=31 present_us=89 terrain_lod=high blend=0.000 quality=中画质 marker=40 npc=98
[2026-08-16T05:35:20Z INFO  steel_front] size diag: window_inner=2560x1600 hud=2560x1600
[2026-08-16T05:35:20Z INFO  steel_front] size diag: window_inner=2560x1600 hud=2560x1600
[2026-08-16T05:35:20Z INFO  steel_front] size diag: window_inner=2560x1600 hud=2560x1600
[2026-08-16T05:35:20Z INFO  steel_front] size diag: window_inner=2560x1600 hud=2560x1600
[2026-08-16T05:35:20Z INFO  steel_front] size diag: window_inner=2560x1600 hud=2560x1600
[2026-08-16T05:35:20Z INFO  steel_front] size diag: window_inner=2560x1600 hud=2560x1600
[2026-08-16T05:35:20Z INFO  steel_front] size diag: window_inner=2560x1600 hud=2560x1600
[2026-08-16T05:35:20Z INFO  steel_front] size diag: window_inner=2560x1600 hud=2560x1600
[2026-08-16T05:35:20Z INFO  steel_front] size diag: window_inner=2560x1600 hud=2560x1600
[2026-08-16T05:35:20Z INFO  steel_front] size diag: window_inner=2560x1600 hud=2560x1600
[2026-08-16T05:35:20Z INFO  steel_front::engine::game] ai: npcs=6 near=5 far=1 idle=0 patrol=3 chase=2 attack=1 tactics=[4, 1, 1, 0, 0, 0, 0, 0]
[2026-08-16T05:35:20Z INFO  steel_front::engine::game] game: wave=1 enemies=6 enemy_hp=100 hp=80/100 score=0 phys_us=1 ai_us=164 audio_us=19 net_us=0
[2026-08-16T05:35:20Z INFO  steel_front] size diag: window_inner=2560x1600 hud=2560x1600
[2026-08-16T05:35:20Z INFO  steel_front] size diag: window_inner=2560x1600 hud=2560x1600
[2026-08-16T05:35:20Z INFO  steel_front] size diag: window_inner=2560x1600 hud=2560x1600
[2026-08-16T05:35:20Z INFO  steel_front] size diag: window_inner=2560x1600 hud=2560x1600
[2026-08-16T05:35:20Z INFO  steel_front] size diag: window_inner=2560x1600 hud=2560x1600
[2026-08-16T05:35:20Z INFO  steel_front] size diag: window_inner=2560x1600 hud=2560x1600
[2026-08-16T05:35:20Z INFO  steel_front] size diag: window_inner=2560x1600 hud=2560x1600
[2026-08-16T05:35:20Z INFO  steel_front] size diag: window_inner=2560x1600 hud=2560x1600
[2026-08-16T05:35:20Z INFO  steel_front] size diag: window_inner=2560x1600 hud=2560x1600
[2026-08-16T05:35:20Z INFO  steel_front] size diag: window_inner=2560x1600 hud=2560x1600
[2026-08-16T05:35:20Z INFO  steel_front::engine::game] explosion: at (-6.4, -0.2, -190.4) radius=8 dmg=60 knockback=true
[2026-08-16T05:35:21Z INFO  steel_front] cam: yaw=4.7 pitch=-1.7 dist=3.4 mode=FirstPerson cycle_us=3117 update_us=41 render_us=3075
[2026-08-16T05:35:21Z INFO  steel_front::engine::game] explosion: at (-10.9, 0.4, -151.2) radius=8 dmg=60 knockback=false
[2026-08-16T05:35:21Z INFO  steel_front::engine::game] weapons: 1 projectile hit(s), total_hits=2
[2026-08-16T05:35:21Z INFO  steel_front::engine::game] explosion: at (-8.4, -0.0, -187.9) radius=8 dmg=60 knockback=true
[2026-08-16T05:35:21Z INFO  steel_front::engine::renderer] visible=65536/65536 near=65536 far=0 fps=400.2 frame_us=1826 cull_us=1 terrain_us=0 wait_fence_us=1876 acquire_us=1 record_us=35 submit_us=34 present_us=123 terrain_lod=high blend=0.000 quality=中画质 marker=44 npc=42
[2026-08-16T05:35:21Z INFO  steel_front::engine::game] ai: npcs=6 near=5 far=1 idle=0 patrol=3 chase=2 attack=1 tactics=[3, 1, 1, 0, 0, 0, 0, 1]
[2026-08-16T05:35:21Z INFO  steel_front::engine::game] game: wave=1 enemies=6 enemy_hp=100 hp=75/100 score=0 phys_us=4 ai_us=453 audio_us=37 net_us=0
[2026-08-16T05:35:22Z INFO  steel_front] cam: yaw=4.7 pitch=-1.7 dist=3.4 mode=FirstPerson cycle_us=2397 update_us=26 render_us=2371
[2026-08-16T05:35:22Z INFO  steel_front::engine::game] explosion: at (-16.5, 3.3, -187.9) radius=8 dmg=60 knockback=true
[2026-08-16T05:35:22Z INFO  steel_front::engine::renderer] visible=65536/65536 near=65536 far=0 fps=400.6 frame_us=1971 cull_us=0 terrain_us=0 wait_fence_us=1372 acquire_us=0 record_us=52 submit_us=45 present_us=197 terrain_lod=high blend=0.000 quality=中画质 marker=40 npc=42
[2026-08-16T05:35:22Z INFO  steel_front::engine::game] explosion: at (-16.8, 3.6, -190.4) radius=8 dmg=60 knockback=true
[2026-08-16T05:35:22Z INFO  steel_front::engine::game] ai: npcs=6 near=5 far=1 idle=0 patrol=3 chase=2 attack=1 tactics=[4, 1, 1, 0, 0, 0, 0, 0]
[2026-08-16T05:35:22Z INFO  steel_front::engine::game] game: wave=1 enemies=6 enemy_hp=100 hp=70/100 score=0 phys_us=1 ai_us=313 audio_us=53 net_us=0
[2026-08-16T05:35:23Z INFO  steel_front::engine::game] explosion: at (-16.6, 7.3, -192.6) radius=8 dmg=60 knockback=true
[2026-08-16T05:35:23Z INFO  steel_front] cam: yaw=4.7 pitch=-1.7 dist=3.4 mode=FirstPerson cycle_us=2401 update_us=25 render_us=2375
[2026-08-16T05:35:23Z INFO  steel_front::engine::renderer] visible=65536/65536 near=65536 far=0 fps=400.0 frame_us=1389 cull_us=0 terrain_us=0 wait_fence_us=1881 acquire_us=1 record_us=52 submit_us=45 present_us=196 terrain_lod=high blend=0.000 quality=中画质 marker=36 npc=42
[2026-08-16T05:35:23Z INFO  steel_front::engine::game] ai: npcs=6 near=4 far=2 idle=0 patrol=3 chase=2 attack=1 tactics=[4, 1, 1, 0, 0, 0, 0, 0]
[2026-08-16T05:35:23Z INFO  steel_front::engine::game] game: wave=1 enemies=6 enemy_hp=100 hp=65/100 score=0 phys_us=2 ai_us=520 audio_us=11 net_us=0
[2026-08-16T05:35:24Z INFO  steel_front] cam: yaw=4.7 pitch=-1.7 dist=3.4 mode=FirstPerson cycle_us=1941 update_us=19 render_us=1921
[2026-08-16T05:35:24Z INFO  steel_front::engine::renderer] visible=65536/65536 near=65536 far=0 fps=400.5 frame_us=1840 cull_us=1 terrain_us=0 wait_fence_us=1852 acquire_us=1 record_us=59 submit_us=66 present_us=290 terrain_lod=high blend=0.000 quality=中画质 marker=36 npc=42
[2026-08-16T05:35:24Z INFO  steel_front::engine::game] ai: npcs=6 near=4 far=2 idle=0 patrol=3 chase=2 attack=1 tactics=[2, 1, 1, 0, 0, 0, 0, 2]
[2026-08-16T05:35:24Z INFO  steel_front::engine::game] game: wave=1 enemies=6 enemy_hp=100 hp=60/100 score=0 phys_us=1 ai_us=328 audio_us=9 net_us=0
[2026-08-16T05:35:25Z INFO  steel_front] cam: yaw=4.7 pitch=-1.7 dist=3.4 mode=FirstPerson cycle_us=2283 update_us=30 render_us=2252
[2026-08-16T05:35:25Z INFO  steel_front::engine::renderer] visible=65536/65536 near=65536 far=0 fps=392.1 frame_us=1812 cull_us=2 terrain_us=0 wait_fence_us=1249 acquire_us=1 record_us=133 submit_us=48 present_us=271 terrain_lod=high blend=0.000 quality=中画质 marker=36 npc=42
[2026-08-16T05:35:25Z INFO  steel_front] size diag: window_inner=2560x1600 hud=2560x1600
[2026-08-16T05:35:25Z INFO  steel_front] size diag: window_inner=2560x1600 hud=2560x1600
[2026-08-16T05:35:25Z INFO  steel_front] size diag: window_inner=2560x1600 hud=2560x1600
[2026-08-16T05:35:25Z INFO  steel_front] size diag: window_inner=2560x1600 hud=2560x1600
[2026-08-16T05:35:25Z INFO  steel_front] size diag: window_inner=2560x1600 hud=2560x1600
[2026-08-16T05:35:25Z INFO  steel_front] size diag: window_inner=2560x1600 hud=2560x1600
[2026-08-16T05:35:25Z INFO  steel_front] size diag: window_inner=2560x1600 hud=2560x1600
[2026-08-16T05:35:25Z INFO  steel_front] size diag: window_inner=2560x1600 hud=2560x1600
[2026-08-16T05:35:25Z INFO  steel_front] size diag: window_inner=2560x1600 hud=2560x1600
[2026-08-16T05:35:25Z INFO  steel_front] size diag: window_inner=2560x1600 hud=2560x1600
[2026-08-16T05:35:25Z INFO  steel_front] size diag: window_inner=2560x1600 hud=2560x1600
[2026-08-16T05:35:25Z INFO  steel_front] size diag: window_inner=2560x1600 hud=2560x1600
[2026-08-16T05:35:25Z INFO  steel_front::engine::game] ai: npcs=6 near=5 far=1 idle=0 patrol=3 chase=2 attack=1 tactics=[2, 1, 1, 0, 0, 0, 0, 2]
[2026-08-16T05:35:25Z INFO  steel_front::engine::game] game: wave=1 enemies=6 enemy_hp=100 hp=55/100 score=0 phys_us=2 ai_us=212 audio_us=22 net_us=0
[2026-08-16T05:35:25Z INFO  steel_front] size diag: window_inner=2560x1600 hud=2560x1600
[2026-08-16T05:35:25Z INFO  steel_front] size diag: window_inner=2560x1600 hud=2560x1600
[2026-08-16T05:35:25Z INFO  steel_front] size diag: window_inner=2560x1600 hud=2560x1600
[2026-08-16T05:35:25Z INFO  steel_front] size diag: window_inner=2560x1600 hud=2560x1600
[2026-08-16T05:35:25Z INFO  steel_front] size diag: window_inner=2560x1600 hud=2560x1600
[2026-08-16T05:35:25Z INFO  steel_front] size diag: window_inner=2560x1600 hud=2560x1600
[2026-08-16T05:35:25Z INFO  steel_front] size diag: window_inner=2560x1600 hud=2560x1600
[2026-08-16T05:35:25Z INFO  steel_front] size diag: window_inner=2560x1600 hud=2560x1600
[2026-08-16T05:35:26Z INFO  steel_front] cam: yaw=4.7 pitch=-1.7 dist=3.4 mode=FirstPerson cycle_us=3233 update_us=16 render_us=3216
[2026-08-16T05:35:26Z INFO  steel_front::engine::renderer] visible=65536/65536 near=65536 far=0 fps=405.7 frame_us=1700 cull_us=1 terrain_us=0 wait_fence_us=1504 acquire_us=0 record_us=55 submit_us=62 present_us=201 terrain_lod=high blend=0.000 quality=中画质 marker=36 npc=42
[2026-08-16T05:35:26Z INFO  steel_front::engine::game] ai: npcs=6 near=5 far=1 idle=0 patrol=3 chase=2 attack=1 tactics=[4, 0, 2, 0, 0, 0, 0, 0]
[2026-08-16T05:35:26Z INFO  steel_front::engine::game] game: wave=1 enemies=6 enemy_hp=100 hp=50/100 score=0 phys_us=2 ai_us=450 audio_us=38 net_us=0
