[2026-08-16T03:43:41Z INFO  steel_front] ========================================
[2026-08-16T03:43:41Z INFO  steel_front]   钢铁前线 (Steel Front) v0.1.0
[2026-08-16T03:43:41Z INFO  steel_front]   二战FPS游戏引擎 - Rust + Vulkan
[2026-08-16T03:43:41Z INFO  steel_front] ========================================
[2026-08-16T03:43:41Z INFO  steel_front::engine::cpu] cpu: vendor=Amd threads=32 primary=[0, 1, 2, 3, 4, 5, 6, 7, 8, 9, 10, 11, 12, 13, 14, 15] secondary=[16, 17, 18, 19, 20, 21, 22, 23, 24, 25, 26, 27, 28, 29, 30, 31] e_cores=0 avx2=true avx512=true scene_set=[0, 1, 2, 3, 4, 5, 6, 7, 8, 9, 10, 11, 12, 13, 14, 15] ai_set=[16, 17, 18, 19, 20, 21, 22, 23, 24, 25, 26, 27, 28, 29, 30, 31] physical_primary=[0, 1, 2, 3, 4, 5, 6, 7, 8, 9, 10, 11, 12, 13, 14, 15] physical_secondary=[16, 17, 18, 19, 20, 21, 22, 23, 24, 25, 26, 27, 28, 29, 30, 31] smt=[]
[2026-08-16T03:43:41Z INFO  steel_front::engine::cpu] cpu: 非 Linux 平台，跳过线程手工绑定（交给系统调度）
[2026-08-16T03:43:41Z INFO  steel_front::engine::cpu] cpu: ai_pool 创建（8 工作线程，绑定 vCPU [16, 17, 18, 19, 20, 21, 22, 23, 24, 25, 26, 27, 28, 29, 30, 31]）
[2026-08-16T03:43:41Z INFO  steel_front::engine::game] map: level 1 generated: 36 obstacle bodies (wall=20 block=0 barrier=0 tree=3 building=6 ruin=7), 203 grid cells blocked
[2026-08-16T03:43:41Z INFO  steel_front] 窗口创建成功: 2560x1600
[2026-08-16T03:43:41Z INFO  steel_front] winit inner_size: 2560x1600 scale_factor=1.50
[2026-08-16T03:43:41Z WARN  steel_front::engine::renderer] 验证层不可用，将不使用
[2026-08-16T03:43:41Z INFO  steel_front::engine::renderer] 选择物理设备: NVIDIA GeForce RTX 5060 Laptop GPU
[2026-08-16T03:43:41Z INFO  steel_front::engine::gpu_caps] gpu-caps: 设备 NVIDIA GeForce RTX 5060 Laptop GPU 硬件能力探测（WSLg/dzn 视角）
[2026-08-16T03:43:41Z INFO  steel_front::engine::gpu_caps] gpu-caps: 可用 device 扩展 280 个
[2026-08-16T03:43:41Z INFO  steel_front::engine::gpu_caps] gpu-caps: -- 光追扩展 --
[2026-08-16T03:43:41Z INFO  steel_front::engine::gpu_caps] gpu-caps:   VK_KHR_ray_tracing_pipeline = true
[2026-08-16T03:43:41Z INFO  steel_front::engine::gpu_caps] gpu-caps:   VK_KHR_acceleration_structure = true
[2026-08-16T03:43:41Z INFO  steel_front::engine::gpu_caps] gpu-caps:   VK_KHR_ray_query = true
[2026-08-16T03:43:41Z INFO  steel_front::engine::gpu_caps] gpu-caps:   VK_KHR_deferred_host_operations = true
[2026-08-16T03:43:41Z INFO  steel_front::engine::gpu_caps] gpu-caps:   VK_KHR_buffer_device_address = true
[2026-08-16T03:43:41Z INFO  steel_front::engine::gpu_caps] gpu-caps:   VK_KHR_ray_tracing_position_fetch = true
[2026-08-16T03:43:41Z INFO  steel_front::engine::gpu_caps] gpu-caps:   VK_NV_ray_tracing = true
[2026-08-16T03:43:41Z INFO  steel_front::engine::gpu_caps] gpu-caps: -- Tensor Core / 协作矩阵 --
[2026-08-16T03:43:41Z INFO  steel_front::engine::gpu_caps] gpu-caps:   VK_KHR_cooperative_matrix = true
[2026-08-16T03:43:41Z INFO  steel_front::engine::gpu_caps] gpu-caps:   VK_NV_cooperative_matrix = true
[2026-08-16T03:43:41Z INFO  steel_front::engine::gpu_caps] gpu-caps:   VK_NV_compute_shader_derivatives = true
[2026-08-16T03:43:41Z INFO  steel_front::engine::gpu_caps] gpu-caps: -- DLSS / NVIDIA 私有 --
[2026-08-16T03:43:41Z INFO  steel_front::engine::gpu_caps] gpu-caps:   VK_NVX_image_view_handle = true
[2026-08-16T03:43:41Z INFO  steel_front::engine::gpu_caps] gpu-caps:   VK_NVX_binary_import = true
[2026-08-16T03:43:41Z INFO  steel_front::engine::gpu_caps] gpu-caps:   VK_NV_cuda_kernel = true
[2026-08-16T03:43:41Z INFO  steel_front::engine::gpu_caps] gpu-caps:   VK_NV_external_memory = true
[2026-08-16T03:43:41Z INFO  steel_front::engine::gpu_caps] gpu-caps: -- 其它新特性 --
[2026-08-16T03:43:41Z INFO  steel_front::engine::gpu_caps] gpu-caps:   VK_EXT_mesh_shader = true
[2026-08-16T03:43:41Z INFO  steel_front::engine::gpu_caps] gpu-caps:   VK_KHR_shader_object = false
[2026-08-16T03:43:41Z INFO  steel_front::engine::gpu_caps] gpu-caps:   VK_KHR_dynamic_rendering = true
[2026-08-16T03:43:41Z INFO  steel_front::engine::gpu_caps] gpu-caps: RT 特性 ray_tracing_pipeline=true acceleration_structure=true buffer_device_address=true ray_query=true
[2026-08-16T03:43:41Z INFO  steel_front::engine::gpu_caps] gpu-caps: RT 管线属性 shaderGroupHandleSize=32B maxRecursionDepth=31 maxRayDispatchInvocationCount=1073741824
[2026-08-16T03:43:41Z INFO  steel_front::engine::gpu_caps] gpu-caps: 【结论】光追探测 device 创建成功 → RT Core 路径可用（dzn→DXR）
[2026-08-16T03:43:41Z INFO  steel_front::engine::gpu_caps] gpu-caps: CUDA 直通（Tensor Core 可编程访问）=false（libcuda in /usr/lib/wsl/lib）
[2026-08-16T03:43:41Z INFO  steel_front::engine::gpu_caps] gpu-caps: 【结论】Vulkan-DLSS（NVIDIA 私有扩展）=true；可直接接 DLSS SDK
[2026-08-16T03:43:41Z INFO  steel_front::engine::renderer] VK_EXT_mesh_shader 可用：启用可选网格着色器渲染路径
[2026-08-16T03:43:41Z INFO  steel_front::engine::renderer] swapchain diag: current_extent=2560x1600 final=2560x1600
[2026-08-16T03:43:41Z INFO  steel_front::engine::renderer] 交换链初始化完成: 2560x1600, 格式: B8G8R8A8_SRGB, 图像数: 3, present_mode: MAILBOX
[2026-08-16T03:43:41Z INFO  steel_front::engine::renderer] 实例缓冲创建完成: 65536 个实例，stride 80 字节，2 帧双缓冲 HOST_VISIBLE|HOST_COHERENT（每帧压缩上传）
[2026-08-16T03:43:41Z INFO  steel_front::engine::renderer] instances=65536 draw_calls=1
[2026-08-16T03:43:41Z INFO  steel_front::engine::renderer] 深度缓冲创建完成: 3 张 2560x1600 D32_SFLOAT
[2026-08-16T03:43:41Z INFO  steel_front::engine::renderer] Descriptor Set Layout: binding 0 = UBO(view/proj), binding 1 = 贴图, binding 2 = 实例 STORAGE_BUFFER, binding 3 = 采样器
[2026-08-16T03:43:41Z INFO  steel_front::engine::renderer] Descriptor 初始化完成（2 帧）
[2026-08-16T03:43:41Z INFO  steel_front::engine::renderer] 远档 LOD 几何创建完成: 8 顶点 / 12 索引（十字双 quad）
[2026-08-16T03:43:41Z INFO  steel_front::engine::renderer] 地面平铺 quad 几何创建完成: 4 顶点 / 6 索引（无侧壁）
[2026-08-16T03:43:41Z INFO  steel_front::engine::renderer] 球体几何创建完成: 325 顶点 / 1728 索引（爆炸球形扩散）
[2026-08-16T03:43:42Z INFO  steel_front::engine::renderer] 地形 LOD[0] 创建完成: 66049 顶点 / 393216 索引（257×257 网格，间距 2）
[2026-08-16T03:43:42Z INFO  steel_front::engine::renderer] 地形 LOD[1] 创建完成: 16641 顶点 / 98304 索引（129×129 网格，间距 4）
[2026-08-16T03:43:42Z INFO  steel_front::engine::renderer] 地形 LOD[2] 创建完成: 4225 顶点 / 24576 索引（65×65 网格，间距 8）
[2026-08-16T03:43:42Z INFO  steel_front::engine::renderer] 地形 3 级 LOD 全部创建完成（高/中/低）
[2026-08-16T03:43:42Z INFO  steel_front::engine::renderer] 图形管线创建完成
[2026-08-16T03:43:42Z INFO  steel_front::engine::renderer] 网格着色器 maxMeshWorkGroupCount[0] = 4194304（地面场 65536 按此分块）
[2026-08-16T03:43:42Z INFO  steel_front::engine::renderer] 网格着色器管线创建完成（VK_EXT_mesh_shader）
[2026-08-16T03:43:42Z INFO  steel_front::engine::renderer] HUD 覆盖层初始化完成（独立 pipeline，容量 4096 quads）
[2026-08-16T03:43:42Z INFO  steel_front::engine::renderer] 纹理初始化完成: 512x512（10 mip，来源=程序化地面材质）
[2026-08-16T03:43:42Z INFO  steel_front::engine::renderer] 程序化皮肤纹理初始化完成: 512x512（marker=木板墙, npc=迷彩军服, RV3D_SKIN_TEX=off（纯色回退））
[2026-08-16T03:43:42Z INFO  steel_front::engine::renderer] 阴影贴图资源创建完成: 2048x2048 D32_SFLOAT
[2026-08-16T03:43:42Z INFO  steel_front::engine::renderer] 阴影 depth-only 管线创建完成
[2026-08-16T03:43:42Z INFO  steel_front] Vulkan 渲染器初始化成功
[2026-08-16T03:43:42Z INFO  steel_front] settings: 分辨率保持 2560x1600
[2026-08-16T03:43:42Z INFO  steel_front] settings: 应用画质 中画质
[2026-08-16T03:43:42Z INFO  steel_front::engine::renderer] 画质预设已切换: 中画质
[2026-08-16T03:43:42Z INFO  steel_front] 窗口大小变化: 1898x1061
[2026-08-16T03:43:42Z INFO  steel_front::engine::renderer] swapchain diag: current_extent=2560x1600 final=2560x1600
[2026-08-16T03:43:42Z INFO  steel_front::engine::renderer] 交换链初始化完成: 2560x1600, 格式: B8G8R8A8_SRGB, 图像数: 3, present_mode: MAILBOX
[2026-08-16T03:43:42Z INFO  steel_front::engine::renderer] 深度缓冲创建完成: 3 张 2560x1600 D32_SFLOAT
[2026-08-16T03:43:42Z INFO  steel_front] 窗口大小变化: 1920x1117
[2026-08-16T03:43:42Z INFO  steel_front::engine::renderer] swapchain diag: current_extent=2560x1600 final=2560x1600
[2026-08-16T03:43:42Z INFO  steel_front::engine::renderer] 交换链初始化完成: 2560x1600, 格式: B8G8R8A8_SRGB, 图像数: 3, present_mode: MAILBOX
[2026-08-16T03:43:42Z INFO  steel_front::engine::renderer] 深度缓冲创建完成: 3 张 2560x1600 D32_SFLOAT
[2026-08-16T03:43:42Z INFO  steel_front] 窗口大小变化: 2560x1600
[2026-08-16T03:43:42Z INFO  steel_front::engine::renderer] swapchain diag: current_extent=2560x1600 final=2560x1600
[2026-08-16T03:43:42Z INFO  steel_front::engine::renderer] 交换链初始化完成: 2560x1600, 格式: B8G8R8A8_SRGB, 图像数: 3, present_mode: MAILBOX
[2026-08-16T03:43:42Z INFO  steel_front::engine::renderer] 深度缓冲创建完成: 3 张 2560x1600 D32_SFLOAT
[2026-08-16T03:43:42Z INFO  steel_front] 窗口大小变化: 2560x1600
[2026-08-16T03:43:42Z INFO  steel_front::engine::renderer] swapchain diag: current_extent=2560x1600 final=2560x1600
[2026-08-16T03:43:42Z INFO  steel_front::engine::renderer] 交换链初始化完成: 2560x1600, 格式: B8G8R8A8_SRGB, 图像数: 3, present_mode: MAILBOX
[2026-08-16T03:43:42Z INFO  steel_front::engine::renderer] 深度缓冲创建完成: 3 张 2560x1600 D32_SFLOAT
[2026-08-16T03:43:42Z INFO  steel_front] cam: yaw=0.0 pitch=0.0 dist=3.4 mode=FirstPerson cycle_us=2379 update_us=27 render_us=2351
[2026-08-16T03:43:42Z INFO  steel_front::engine::renderer] visible=65536/65536 near=65536 far=0 fps=333.6 frame_us=2326 cull_us=3 terrain_us=0 wait_fence_us=2300 acquire_us=1 record_us=33 submit_us=29 present_us=228 terrain_lod=high blend=0.000 quality=中画质 marker=36 npc=1017
[2026-08-16T03:43:43Z INFO  steel_front::engine::game] ai: npcs=8 near=8 far=0 idle=0 patrol=0 chase=8 attack=0 tactics=[8, 0, 0, 0, 0, 0, 0, 0]
[2026-08-16T03:43:43Z INFO  steel_front::engine::game] game: wave=1 enemies=8 enemy_hp=100 hp=100/100 score=0 phys_us=1 ai_us=464 audio_us=14 net_us=0
[2026-08-16T03:43:43Z INFO  steel_front] cam: yaw=0.0 pitch=0.0 dist=3.4 mode=FirstPerson cycle_us=3256 update_us=17 render_us=3238
[2026-08-16T03:43:43Z INFO  steel_front::engine::renderer] visible=65536/65536 near=65536 far=0 fps=392.5 frame_us=2479 cull_us=4 terrain_us=0 wait_fence_us=1996 acquire_us=1 record_us=51 submit_us=54 present_us=182 terrain_lod=high blend=0.000 quality=中画质 marker=36 npc=1017
[2026-08-16T03:43:44Z INFO  steel_front::engine::game] ai: npcs=8 near=8 far=0 idle=0 patrol=0 chase=8 attack=0 tactics=[8, 0, 0, 0, 0, 0, 0, 0]
[2026-08-16T03:43:44Z INFO  steel_front::engine::game] game: wave=1 enemies=8 enemy_hp=100 hp=100/100 score=0 phys_us=1 ai_us=340 audio_us=24 net_us=0
[2026-08-16T03:43:44Z INFO  steel_front] cam: yaw=0.0 pitch=0.0 dist=3.4 mode=FirstPerson cycle_us=2125 update_us=18 render_us=2106
[2026-08-16T03:43:44Z INFO  steel_front::engine::renderer] visible=65536/65536 near=65536 far=0 fps=391.8 frame_us=2603 cull_us=2 terrain_us=0 wait_fence_us=2032 acquire_us=0 record_us=77 submit_us=74 present_us=364 terrain_lod=high blend=0.000 quality=中画质 marker=36 npc=1017
[2026-08-16T03:43:45Z INFO  steel_front::engine::game] ai: npcs=8 near=8 far=0 idle=0 patrol=0 chase=8 attack=0 tactics=[8, 0, 0, 0, 0, 0, 0, 0]
[2026-08-16T03:43:45Z INFO  steel_front::engine::game] game: wave=1 enemies=8 enemy_hp=100 hp=100/100 score=0 phys_us=2 ai_us=458 audio_us=12 net_us=0
[2026-08-16T03:43:45Z INFO  steel_front] cam: yaw=0.0 pitch=0.0 dist=3.4 mode=FirstPerson cycle_us=2778 update_us=23 render_us=2755
[2026-08-16T03:43:45Z INFO  steel_front::engine::renderer] visible=65536/65536 near=65536 far=0 fps=391.0 frame_us=1768 cull_us=2 terrain_us=0 wait_fence_us=2032 acquire_us=0 record_us=33 submit_us=29 present_us=158 terrain_lod=high blend=0.000 quality=中画质 marker=36 npc=1017
[2026-08-16T03:43:46Z INFO  steel_front::engine::game] ai: npcs=8 near=8 far=0 idle=0 patrol=0 chase=8 attack=0 tactics=[8, 0, 0, 0, 0, 0, 0, 0]
[2026-08-16T03:43:46Z INFO  steel_front::engine::game] game: wave=1 enemies=8 enemy_hp=100 hp=100/100 score=0 phys_us=2 ai_us=451 audio_us=21 net_us=0
[2026-08-16T03:43:46Z INFO  steel_front::engine::game] map: level 1 generated: 36 obstacle bodies (wall=20 block=0 barrier=0 tree=3 building=6 ruin=7), 203 grid cells blocked
[2026-08-16T03:43:46Z INFO  steel_front::engine::game] game: purged 8 leftover npcs on run start
[2026-08-16T03:43:46Z INFO  steel_front::engine::game] wave: npc #8 spawn (65.3, 0.0, 25.3)
[2026-08-16T03:43:46Z INFO  steel_front::engine::game] wave: npc #9 spawn (6.1, 0.0, 39.5)
[2026-08-16T03:43:46Z INFO  steel_front::engine::game] wave: npc #10 spawn (-46.8, 0.0, 37.6)
[2026-08-16T03:43:46Z INFO  steel_front::engine::game] wave: npc #11 spawn (-74.6, 0.0, -28.9)
[2026-08-16T03:43:46Z INFO  steel_front::engine::game] wave: npc #12 spawn (-7.6, 0.0, -49.4)
[2026-08-16T03:43:46Z INFO  steel_front::engine::game] wave: npc #13 spawn (54.6, 0.0, -43.9)
[2026-08-16T03:43:46Z INFO  steel_front::engine::game] wave: wave 1 spawned 6 enemies (kind=Normal total=6 speed=4.0 hp=100 effective=1)
[2026-08-16T03:43:46Z INFO  steel_front::engine::game] game: run started (wave 1)
[2026-08-16T03:43:46Z INFO  steel_front] input: cursor captured (mouse look on, grab=locked, look=relative)
[2026-08-16T03:43:46Z INFO  steel_front::engine::game] physics: 36 events this frame (GroundHit, GroundHit, GroundHit, GroundHit, GroundHit, GroundHit, GroundHit, GroundHit, GroundHit, GroundHit, GroundHit, GroundHit, GroundHit, GroundHit, GroundHit, GroundHit, GroundHit, GroundHit, GroundHit, GroundHit, GroundHit, GroundHit, GroundHit, GroundHit, GroundHit, GroundHit, GroundHit, GroundHit, GroundHit, GroundHit, GroundHit, GroundHit, GroundHit, GroundHit, GroundHit, GroundHit)
[2026-08-16T03:43:46Z INFO  steel_front] cam: yaw=0.0 pitch=0.0 dist=3.4 mode=FirstPerson cycle_us=2286 update_us=31 render_us=2254
[2026-08-16T03:43:46Z INFO  steel_front::engine::renderer] visible=65536/65536 near=65536 far=0 fps=399.8 frame_us=1343 cull_us=6 terrain_us=0 wait_fence_us=1526 acquire_us=0 record_us=34 submit_us=31 present_us=167 terrain_lod=high blend=0.000 quality=中画质 marker=36 npc=1017
[2026-08-16T03:43:47Z INFO  steel_front] size diag: window_inner=2560x1600 hud=2560x1600
[2026-08-16T03:43:47Z INFO  steel_front] size diag: window_inner=2560x1600 hud=2560x1600
[2026-08-16T03:43:47Z INFO  steel_front::engine::game] ai: npcs=6 near=6 far=0 idle=0 patrol=3 chase=3 attack=0 tactics=[4, 1, 1, 0, 0, 0, 0, 0]
[2026-08-16T03:43:47Z INFO  steel_front::engine::game] game: wave=1 enemies=6 enemy_hp=100 hp=100/100 score=0 phys_us=1 ai_us=107 audio_us=26 net_us=0
[2026-08-16T03:43:47Z INFO  steel_front] size diag: window_inner=2560x1600 hud=2560x1600
[2026-08-16T03:43:47Z INFO  steel_front] size diag: window_inner=2560x1600 hud=2560x1600
[2026-08-16T03:43:47Z INFO  steel_front] size diag: window_inner=2560x1600 hud=2560x1600
[2026-08-16T03:43:47Z INFO  steel_front] size diag: window_inner=2560x1600 hud=2560x1600
[2026-08-16T03:43:47Z INFO  steel_front] size diag: window_inner=2560x1600 hud=2560x1600
[2026-08-16T03:43:47Z INFO  steel_front] size diag: window_inner=2560x1600 hud=2560x1600
[2026-08-16T03:43:47Z INFO  steel_front] size diag: window_inner=2560x1600 hud=2560x1600
[2026-08-16T03:43:47Z INFO  steel_front] size diag: window_inner=2560x1600 hud=2560x1600
[2026-08-16T03:43:47Z INFO  steel_front] size diag: window_inner=2560x1600 hud=2560x1600
[2026-08-16T03:43:47Z INFO  steel_front] size diag: window_inner=2560x1600 hud=2560x1600
[2026-08-16T03:43:47Z INFO  steel_front] size diag: window_inner=2560x1600 hud=2560x1600
[2026-08-16T03:43:47Z INFO  steel_front] size diag: window_inner=2560x1600 hud=2560x1600
[2026-08-16T03:43:47Z INFO  steel_front] size diag: window_inner=2560x1600 hud=2560x1600
[2026-08-16T03:43:47Z INFO  steel_front] size diag: window_inner=2560x1600 hud=2560x1600
[2026-08-16T03:43:47Z INFO  steel_front] size diag: window_inner=2560x1600 hud=2560x1600
[2026-08-16T03:43:47Z INFO  steel_front] size diag: window_inner=2560x1600 hud=2560x1600
[2026-08-16T03:43:47Z INFO  steel_front] size diag: window_inner=2560x1600 hud=2560x1600
[2026-08-16T03:43:47Z INFO  steel_front] size diag: window_inner=2560x1600 hud=2560x1600
[2026-08-16T03:43:47Z INFO  steel_front] cam: yaw=-13.8 pitch=12.1 dist=3.4 mode=FirstPerson cycle_us=2377 update_us=27 render_us=2349
[2026-08-16T03:43:47Z INFO  steel_front::engine::renderer] visible=65536/65536 near=65536 far=0 fps=406.4 frame_us=1952 cull_us=7 terrain_us=0 wait_fence_us=1985 acquire_us=1 record_us=37 submit_us=35 present_us=221 terrain_lod=high blend=0.000 quality=中画质 marker=36 npc=1017
[2026-08-16T03:43:48Z INFO  steel_front::engine::game] ai: npcs=6 near=6 far=0 idle=0 patrol=3 chase=3 attack=0 tactics=[4, 1, 1, 0, 0, 0, 0, 0]
[2026-08-16T03:43:48Z INFO  steel_front::engine::game] game: wave=1 enemies=6 enemy_hp=100 hp=100/100 score=0 phys_us=2 ai_us=461 audio_us=16 net_us=0
[2026-08-16T03:43:48Z INFO  steel_front] cam: yaw=2.0 pitch=1.4 dist=3.4 mode=FirstPerson cycle_us=2784 update_us=15 render_us=2768
[2026-08-16T03:43:48Z INFO  steel_front::engine::game] weapons: shot #1 (1 alive) [M1 Rifle]
[2026-08-16T03:43:48Z INFO  steel_front::engine::renderer] visible=65536/65536 near=65536 far=0 fps=388.8 frame_us=2351 cull_us=10 terrain_us=0 wait_fence_us=1087 acquire_us=1 record_us=17 submit_us=22 present_us=757 terrain_lod=high blend=0.000 quality=中画质 marker=37 npc=1017
[2026-08-16T03:43:49Z INFO  steel_front::engine::game] ai: npcs=6 near=6 far=0 idle=0 patrol=3 chase=3 attack=0 tactics=[3, 1, 1, 0, 0, 0, 0, 1]
[2026-08-16T03:43:49Z INFO  steel_front::engine::game] game: wave=1 enemies=6 enemy_hp=100 hp=100/100 score=0 phys_us=2 ai_us=504 audio_us=15 net_us=0
[2026-08-16T03:43:49Z INFO  steel_front::engine::game] weapons: shot #2 (2 alive) [M1 Rifle]
[2026-08-16T03:43:49Z INFO  steel_front] cam: yaw=-3.7 pitch=1.6 dist=3.4 mode=FirstPerson cycle_us=2513 update_us=35 render_us=2477
[2026-08-16T03:43:49Z INFO  steel_front::engine::game] weapons: shot #3 (3 alive) [M1 Rifle]
[2026-08-16T03:43:49Z INFO  steel_front::engine::renderer] visible=65536/65536 near=65536 far=0 fps=400.3 frame_us=1003 cull_us=7 terrain_us=0 wait_fence_us=1775 acquire_us=1 record_us=34 submit_us=16 present_us=159 terrain_lod=high blend=0.000 quality=中画质 marker=40 npc=1017
[2026-08-16T03:43:50Z INFO  steel_front::engine::game] ai: npcs=6 near=6 far=0 idle=0 patrol=3 chase=3 attack=0 tactics=[4, 1, 1, 0, 0, 0, 0, 0]
[2026-08-16T03:43:50Z INFO  steel_front::engine::game] game: wave=1 enemies=6 enemy_hp=100 hp=100/100 score=0 phys_us=1 ai_us=415 audio_us=8 net_us=0
[2026-08-16T03:43:50Z INFO  steel_front::engine::game] weapons: shot #4 (4 alive) [M1 Rifle]
[2026-08-16T03:43:50Z INFO  steel_front::engine::game] weapons: shot #5 (5 alive) [M1 Rifle]
[2026-08-16T03:43:50Z INFO  steel_front::engine::game] weapons: 1 projectile hit(s), total_hits=1
[2026-08-16T03:43:50Z INFO  steel_front] cam: yaw=-2.2 pitch=1.4 dist=3.4 mode=FirstPerson cycle_us=2603 update_us=16 render_us=2586
[2026-08-16T03:43:50Z INFO  steel_front::engine::game] weapons: 1 projectile hit(s), total_hits=2
[2026-08-16T03:43:50Z INFO  steel_front::engine::renderer] visible=65536/65536 near=65536 far=0 fps=399.6 frame_us=2270 cull_us=8 terrain_us=0 wait_fence_us=1611 acquire_us=1 record_us=32 submit_us=45 present_us=640 terrain_lod=high blend=0.000 quality=中画质 marker=38 npc=1017
[2026-08-16T03:43:51Z INFO  steel_front::engine::game] ai: npcs=6 near=6 far=0 idle=0 patrol=3 chase=3 attack=0 tactics=[3, 1, 1, 0, 0, 0, 0, 1]
[2026-08-16T03:43:51Z INFO  steel_front::engine::game] game: wave=1 enemies=6 enemy_hp=100 hp=100/100 score=0 phys_us=2 ai_us=510 audio_us=21 net_us=0
[2026-08-16T03:43:51Z INFO  steel_front::engine::game] weapons: 1 projectile hit(s), total_hits=3
[2026-08-16T03:43:51Z INFO  steel_front] cam: yaw=-2.2 pitch=1.4 dist=3.4 mode=FirstPerson cycle_us=3307 update_us=14 render_us=3292
[2026-08-16T03:43:51Z INFO  steel_front::engine::renderer] visible=65536/65536 near=65536 far=0 fps=397.1 frame_us=2544 cull_us=10 terrain_us=0 wait_fence_us=1158 acquire_us=0 record_us=51 submit_us=52 present_us=592 terrain_lod=high blend=0.000 quality=中画质 marker=36 npc=1017
[2026-08-16T03:43:52Z INFO  steel_front] size diag: window_inner=2560x1600 hud=2560x1600
[2026-08-16T03:43:52Z INFO  steel_front] size diag: window_inner=2560x1600 hud=2560x1600
[2026-08-16T03:43:52Z INFO  steel_front] size diag: window_inner=2560x1600 hud=2560x1600
[2026-08-16T03:43:52Z INFO  steel_front] size diag: window_inner=2560x1600 hud=2560x1600
[2026-08-16T03:43:52Z INFO  steel_front::engine::game] ai: npcs=6 near=6 far=0 idle=0 patrol=3 chase=3 attack=0 tactics=[3, 1, 1, 0, 0, 1, 0, 0]
[2026-08-16T03:43:52Z INFO  steel_front::engine::game] game: wave=1 enemies=6 enemy_hp=100 hp=100/100 score=0 phys_us=2 ai_us=195 audio_us=20 net_us=0
[2026-08-16T03:43:52Z INFO  steel_front] size diag: window_inner=2560x1600 hud=2560x1600
[2026-08-16T03:43:52Z INFO  steel_front] size diag: window_inner=2560x1600 hud=2560x1600
[2026-08-16T03:43:52Z INFO  steel_front] size diag: window_inner=2560x1600 hud=2560x1600
[2026-08-16T03:43:52Z INFO  steel_front] size diag: window_inner=2560x1600 hud=2560x1600
[2026-08-16T03:43:52Z INFO  steel_front] size diag: window_inner=2560x1600 hud=2560x1600
[2026-08-16T03:43:52Z INFO  steel_front] size diag: window_inner=2560x1600 hud=2560x1600
[2026-08-16T03:43:52Z INFO  steel_front] size diag: window_inner=2560x1600 hud=2560x1600
[2026-08-16T03:43:52Z INFO  steel_front] size diag: window_inner=2560x1600 hud=2560x1600
[2026-08-16T03:43:52Z INFO  steel_front] size diag: window_inner=2560x1600 hud=2560x1600
[2026-08-16T03:43:52Z INFO  steel_front] size diag: window_inner=2560x1600 hud=2560x1600
[2026-08-16T03:43:52Z INFO  steel_front] size diag: window_inner=2560x1600 hud=2560x1600
[2026-08-16T03:43:52Z INFO  steel_front] size diag: window_inner=2560x1600 hud=2560x1600
[2026-08-16T03:43:52Z INFO  steel_front] size diag: window_inner=2560x1600 hud=2560x1600
[2026-08-16T03:43:52Z INFO  steel_front] size diag: window_inner=2560x1600 hud=2560x1600
[2026-08-16T03:43:52Z INFO  steel_front] size diag: window_inner=2560x1600 hud=2560x1600
[2026-08-16T03:43:52Z INFO  steel_front] size diag: window_inner=2560x1600 hud=2560x1600
[2026-08-16T03:43:52Z INFO  steel_front::engine::game] explosion: at (0.5, -3.4, -199.9) radius=8 dmg=60 knockback=true
[2026-08-16T03:43:52Z INFO  steel_front::engine::game] explosion: at (-0.6, -3.2, -200.0) radius=8 dmg=60 knockback=true
[2026-08-16T03:43:52Z INFO  steel_front] cam: yaw=-2.2 pitch=1.4 dist=3.4 mode=FirstPerson cycle_us=2488 update_us=54 render_us=2433
[2026-08-16T03:43:52Z INFO  steel_front::engine::renderer] visible=65536/65536 near=65536 far=0 fps=396.8 frame_us=2893 cull_us=6 terrain_us=0 wait_fence_us=1108 acquire_us=0 record_us=47 submit_us=62 present_us=602 terrain_lod=high blend=0.000 quality=中画质 marker=36 npc=1017
[2026-08-16T03:43:53Z INFO  steel_front::engine::game] ai: npcs=6 near=6 far=0 idle=0 patrol=3 chase=3 attack=0 tactics=[3, 1, 1, 0, 0, 1, 0, 0]
[2026-08-16T03:43:53Z INFO  steel_front::engine::game] game: wave=1 enemies=6 enemy_hp=100 hp=100/100 score=0 phys_us=2 ai_us=448 audio_us=40 net_us=0
[2026-08-16T03:43:53Z INFO  steel_front] cam: yaw=-2.2 pitch=1.4 dist=3.4 mode=FirstPerson cycle_us=3164 update_us=33 render_us=3131
[2026-08-16T03:43:53Z INFO  steel_front::engine::renderer] visible=65536/65536 near=65536 far=0 fps=400.5 frame_us=1641 cull_us=5 terrain_us=0 wait_fence_us=1795 acquire_us=1 record_us=45 submit_us=50 present_us=329 terrain_lod=high blend=0.000 quality=中画质 marker=36 npc=1017
[2026-08-16T03:43:54Z INFO  steel_front::engine::game] ai: npcs=6 near=6 far=0 idle=0 patrol=3 chase=3 attack=0 tactics=[2, 1, 1, 0, 0, 1, 0, 1]
[2026-08-16T03:43:54Z INFO  steel_front::engine::game] game: wave=1 enemies=6 enemy_hp=100 hp=100/100 score=0 phys_us=1 ai_us=419 audio_us=10 net_us=0
[2026-08-16T03:43:54Z INFO  steel_front] cam: yaw=-2.2 pitch=1.4 dist=3.4 mode=FirstPerson cycle_us=1700 update_us=34 render_us=1666
[2026-08-16T03:43:54Z INFO  steel_front::engine::renderer] visible=65536/65536 near=65536 far=0 fps=400.1 frame_us=2457 cull_us=5 terrain_us=0 wait_fence_us=1329 acquire_us=1 record_us=39 submit_us=59 present_us=605 terrain_lod=high blend=0.000 quality=中画质 marker=36 npc=1017
[2026-08-16T03:43:55Z INFO  steel_front::engine::game] ai: npcs=6 near=5 far=1 idle=0 patrol=2 chase=4 attack=0 tactics=[3, 1, 1, 0, 0, 1, 0, 0]
[2026-08-16T03:43:55Z INFO  steel_front::engine::game] game: wave=1 enemies=6 enemy_hp=100 hp=100/100 score=0 phys_us=1 ai_us=444 audio_us=9 net_us=0
[2026-08-16T03:43:55Z INFO  steel_front] cam: yaw=-3.6 pitch=0.1 dist=3.4 mode=FirstPerson cycle_us=2861 update_us=40 render_us=2821
[2026-08-16T03:43:55Z INFO  steel_front::engine::renderer] visible=65536/65536 near=65536 far=0 fps=397.5 frame_us=1532 cull_us=5 terrain_us=0 wait_fence_us=1706 acquire_us=0 record_us=19 submit_us=15 present_us=110 terrain_lod=high blend=0.000 quality=中画质 marker=36 npc=1017
[2026-08-16T03:43:56Z INFO  steel_front::engine::game] ai: npcs=6 near=5 far=1 idle=0 patrol=2 chase=4 attack=0 tactics=[3, 1, 1, 0, 0, 1, 0, 0]
[2026-08-16T03:43:56Z INFO  steel_front::engine::game] game: wave=1 enemies=6 enemy_hp=100 hp=100/100 score=0 phys_us=2 ai_us=598 audio_us=28 net_us=0
[2026-08-16T03:43:56Z INFO  steel_front::engine::game] npc: #9 stand (7.5, 0.0, 9.3)
[2026-08-16T03:43:56Z INFO  steel_front] cam: yaw=-20.1 pitch=-4.1 dist=3.4 mode=FirstPerson cycle_us=2213 update_us=18 render_us=2194
[2026-08-16T03:43:56Z INFO  steel_front::engine::renderer] visible=65536/65536 near=65536 far=0 fps=403.1 frame_us=1829 cull_us=5 terrain_us=0 wait_fence_us=2228 acquire_us=1 record_us=18 submit_us=15 present_us=92 terrain_lod=high blend=0.000 quality=中画质 marker=36 npc=1017
[2026-08-16T03:43:57Z INFO  steel_front] size diag: window_inner=2560x1600 hud=2560x1600
[2026-08-16T03:43:57Z INFO  steel_front] size diag: window_inner=2560x1600 hud=2560x1600
[2026-08-16T03:43:57Z INFO  steel_front] size diag: window_inner=2560x1600 hud=2560x1600
[2026-08-16T03:43:57Z INFO  steel_front] size diag: window_inner=2560x1600 hud=2560x1600
[2026-08-16T03:43:57Z INFO  steel_front] size diag: window_inner=2560x1600 hud=2560x1600
[2026-08-16T03:43:57Z INFO  steel_front] size diag: window_inner=2560x1600 hud=2560x1600
[2026-08-16T03:43:57Z INFO  steel_front] size diag: window_inner=2560x1600 hud=2560x1600
[2026-08-16T03:43:57Z INFO  steel_front] size diag: window_inner=2560x1600 hud=2560x1600
[2026-08-16T03:43:57Z INFO  steel_front::engine::game] ai: npcs=6 near=5 far=1 idle=0 patrol=2 chase=3 attack=1 tactics=[3, 1, 1, 0, 0, 1, 0, 0]
[2026-08-16T03:43:57Z INFO  steel_front::engine::game] game: wave=1 enemies=6 enemy_hp=100 hp=95/100 score=0 phys_us=2 ai_us=115 audio_us=7 net_us=0
[2026-08-16T03:43:57Z INFO  steel_front] size diag: window_inner=2560x1600 hud=2560x1600
[2026-08-16T03:43:57Z INFO  steel_front] size diag: window_inner=2560x1600 hud=2560x1600
[2026-08-16T03:43:57Z INFO  steel_front] size diag: window_inner=2560x1600 hud=2560x1600
[2026-08-16T03:43:57Z INFO  steel_front] size diag: window_inner=2560x1600 hud=2560x1600
[2026-08-16T03:43:57Z INFO  steel_front] size diag: window_inner=2560x1600 hud=2560x1600
[2026-08-16T03:43:57Z INFO  steel_front] size diag: window_inner=2560x1600 hud=2560x1600
[2026-08-16T03:43:57Z INFO  steel_front] size diag: window_inner=2560x1600 hud=2560x1600
[2026-08-16T03:43:57Z INFO  steel_front] size diag: window_inner=2560x1600 hud=2560x1600
[2026-08-16T03:43:57Z INFO  steel_front] size diag: window_inner=2560x1600 hud=2560x1600
[2026-08-16T03:43:57Z INFO  steel_front] size diag: window_inner=2560x1600 hud=2560x1600
[2026-08-16T03:43:57Z INFO  steel_front] size diag: window_inner=2560x1600 hud=2560x1600
[2026-08-16T03:43:57Z INFO  steel_front] size diag: window_inner=2560x1600 hud=2560x1600
[2026-08-16T03:43:57Z INFO  steel_front] cam: yaw=-20.1 pitch=-4.1 dist=3.4 mode=FirstPerson cycle_us=3267 update_us=16 render_us=3251
[2026-08-16T03:43:58Z INFO  steel_front::engine::renderer] visible=65536/65536 near=65536 far=0 fps=403.2 frame_us=2525 cull_us=10 terrain_us=0 wait_fence_us=1537 acquire_us=1 record_us=40 submit_us=31 present_us=192 terrain_lod=high blend=0.000 quality=中画质 marker=64 npc=1017
[2026-08-16T03:43:58Z INFO  steel_front::engine::game] ai: npcs=6 near=4 far=2 idle=0 patrol=2 chase=3 attack=1 tactics=[3, 1, 1, 0, 0, 1, 0, 0]
[2026-08-16T03:43:58Z INFO  steel_front::engine::game] game: wave=1 enemies=6 enemy_hp=100 hp=90/100 score=0 phys_us=1 ai_us=474 audio_us=15 net_us=0
[2026-08-16T03:43:58Z INFO  steel_front::engine::game] npc: #12 stand (2.0, 0.0, -11.8)
[2026-08-16T03:43:58Z INFO  steel_front] cam: yaw=-20.1 pitch=-4.1 dist=3.4 mode=FirstPerson cycle_us=2341 update_us=18 render_us=2323
[2026-08-16T03:43:59Z INFO  steel_front::engine::renderer] visible=65536/65536 near=65536 far=0 fps=403.5 frame_us=1479 cull_us=5 terrain_us=0 wait_fence_us=1461 acquire_us=1 record_us=39 submit_us=69 present_us=193 terrain_lod=high blend=0.000 quality=中画质 marker=36 npc=1017
[2026-08-16T03:43:59Z INFO  steel_front::engine::game] ai: npcs=6 near=4 far=2 idle=0 patrol=2 chase=2 attack=2 tactics=[4, 1, 1, 0, 0, 0, 0, 0]
[2026-08-16T03:43:59Z INFO  steel_front::engine::game] game: wave=1 enemies=6 enemy_hp=100 hp=85/100 score=0 phys_us=2 ai_us=417 audio_us=23 net_us=0
[2026-08-16T03:43:59Z INFO  steel_front] cam: yaw=-20.1 pitch=-4.1 dist=3.4 mode=FirstPerson cycle_us=2299 update_us=37 render_us=2261
[2026-08-16T03:44:00Z INFO  steel_front::engine::renderer] visible=65536/65536 near=65536 far=0 fps=399.7 frame_us=1639 cull_us=5 terrain_us=0 wait_fence_us=1612 acquire_us=1 record_us=16 submit_us=16 present_us=183 terrain_lod=high blend=0.000 quality=中画质 marker=64 npc=1017
[2026-08-16T03:44:00Z INFO  steel_front::engine::game] ai: npcs=6 near=4 far=2 idle=0 patrol=2 chase=2 attack=2 tactics=[4, 0, 2, 0, 0, 0, 0, 0]
[2026-08-16T03:44:00Z INFO  steel_front::engine::game] game: wave=1 enemies=6 enemy_hp=100 hp=80/100 score=0 phys_us=2 ai_us=459 audio_us=31 net_us=0
[2026-08-16T03:44:00Z INFO  steel_front] cam: yaw=-20.1 pitch=-4.1 dist=3.4 mode=FirstPerson cycle_us=2991 update_us=16 render_us=2974
[2026-08-16T03:44:01Z INFO  steel_front::engine::renderer] visible=65536/65536 near=65536 far=0 fps=399.6 frame_us=1249 cull_us=6 terrain_us=0 wait_fence_us=2072 acquire_us=1 record_us=40 submit_us=33 present_us=216 terrain_lod=high blend=0.000 quality=中画质 marker=36 npc=1017
[2026-08-16T03:44:01Z INFO  steel_front::engine::game] ai: npcs=6 near=4 far=2 idle=0 patrol=2 chase=2 attack=2 tactics=[4, 0, 2, 0, 0, 0, 0, 0]
[2026-08-16T03:44:01Z INFO  steel_front::engine::game] game: wave=1 enemies=6 enemy_hp=100 hp=75/100 score=0 phys_us=5 ai_us=529 audio_us=26 net_us=0
[2026-08-16T03:44:01Z INFO  steel_front] cam: yaw=-20.1 pitch=-4.1 dist=3.4 mode=FirstPerson cycle_us=2529 update_us=43 render_us=2485
[2026-08-16T03:44:02Z INFO  steel_front::engine::renderer] visible=65536/65536 near=65536 far=0 fps=407.0 frame_us=2808 cull_us=8 terrain_us=0 wait_fence_us=1112 acquire_us=0 record_us=49 submit_us=35 present_us=676 terrain_lod=high blend=0.000 quality=中画质 marker=64 npc=1017
[2026-08-16T03:44:02Z INFO  steel_front] size diag: window_inner=2560x1600 hud=2560x1600
[2026-08-16T03:44:02Z INFO  steel_front] size diag: window_inner=2560x1600 hud=2560x1600
[2026-08-16T03:44:02Z INFO  steel_front] size diag: window_inner=2560x1600 hud=2560x1600
[2026-08-16T03:44:02Z INFO  steel_front] size diag: window_inner=2560x1600 hud=2560x1600
[2026-08-16T03:44:02Z INFO  steel_front] size diag: window_inner=2560x1600 hud=2560x1600
[2026-08-16T03:44:02Z INFO  steel_front] size diag: window_inner=2560x1600 hud=2560x1600
[2026-08-16T03:44:02Z INFO  steel_front] size diag: window_inner=2560x1600 hud=2560x1600
[2026-08-16T03:44:02Z INFO  steel_front] size diag: window_inner=2560x1600 hud=2560x1600
[2026-08-16T03:44:02Z INFO  steel_front] size diag: window_inner=2560x1600 hud=2560x1600
[2026-08-16T03:44:02Z INFO  steel_front] size diag: window_inner=2560x1600 hud=2560x1600
[2026-08-16T03:44:02Z INFO  steel_front::engine::game] ai: npcs=6 near=4 far=2 idle=0 patrol=3 chase=1 attack=2 tactics=[4, 0, 2, 0, 0, 0, 0, 0]
[2026-08-16T03:44:02Z INFO  steel_front::engine::game] game: wave=1 enemies=6 enemy_hp=100 hp=70/100 score=0 phys_us=1 ai_us=214 audio_us=9 net_us=0
[2026-08-16T03:44:02Z INFO  steel_front] size diag: window_inner=2560x1600 hud=2560x1600
[2026-08-16T03:44:02Z INFO  steel_front] size diag: window_inner=2560x1600 hud=2560x1600
[2026-08-16T03:44:02Z INFO  steel_front] size diag: window_inner=2560x1600 hud=2560x1600
[2026-08-16T03:44:02Z INFO  steel_front] size diag: window_inner=2560x1600 hud=2560x1600
[2026-08-16T03:44:02Z INFO  steel_front] size diag: window_inner=2560x1600 hud=2560x1600
[2026-08-16T03:44:02Z INFO  steel_front] size diag: window_inner=2560x1600 hud=2560x1600
[2026-08-16T03:44:02Z INFO  steel_front] size diag: window_inner=2560x1600 hud=2560x1600
[2026-08-16T03:44:02Z INFO  steel_front] size diag: window_inner=2560x1600 hud=2560x1600
[2026-08-16T03:44:02Z INFO  steel_front] size diag: window_inner=2560x1600 hud=2560x1600
[2026-08-16T03:44:02Z INFO  steel_front] size diag: window_inner=2560x1600 hud=2560x1600
[2026-08-16T03:44:02Z INFO  steel_front] cam: yaw=-20.1 pitch=-4.1 dist=3.4 mode=FirstPerson cycle_us=2357 update_us=33 render_us=2324
[2026-08-16T03:44:03Z INFO  steel_front::engine::renderer] visible=65536/65536 near=65536 far=0 fps=410.8 frame_us=2370 cull_us=5 terrain_us=0 wait_fence_us=1639 acquire_us=1 record_us=41 submit_us=34 present_us=175 terrain_lod=high blend=0.000 quality=中画质 marker=36 npc=1017
[2026-08-16T03:44:03Z INFO  steel_front::engine::game] ai: npcs=6 near=4 far=2 idle=0 patrol=3 chase=1 attack=2 tactics=[3, 0, 2, 0, 0, 0, 0, 1]
[2026-08-16T03:44:03Z INFO  steel_front::engine::game] game: wave=1 enemies=6 enemy_hp=100 hp=65/100 score=0 phys_us=2 ai_us=511 audio_us=24 net_us=0
[2026-08-16T03:44:03Z INFO  steel_front] cam: yaw=-20.1 pitch=-4.1 dist=3.4 mode=FirstPerson cycle_us=2971 update_us=38 render_us=2932
[2026-08-16T03:44:04Z INFO  steel_front::engine::renderer] visible=65536/65536 near=65536 far=0 fps=410.8 frame_us=2956 cull_us=5 terrain_us=0 wait_fence_us=935 acquire_us=0 record_us=41 submit_us=32 present_us=670 terrain_lod=high blend=0.000 quality=中画质 marker=64 npc=1017
[2026-08-16T03:44:04Z INFO  steel_front::engine::game] ai: npcs=6 near=4 far=2 idle=0 patrol=3 chase=1 attack=2 tactics=[4, 0, 2, 0, 0, 0, 0, 0]
[2026-08-16T03:44:04Z INFO  steel_front::engine::game] game: wave=1 enemies=6 enemy_hp=100 hp=60/100 score=0 phys_us=5 ai_us=481 audio_us=8 net_us=0
[2026-08-16T03:44:04Z INFO  steel_front] cam: yaw=-20.1 pitch=-4.1 dist=3.4 mode=FirstPerson cycle_us=2104 update_us=38 render_us=2066
[2026-08-16T03:44:05Z INFO  steel_front::engine::renderer] visible=65536/65536 near=65536 far=0 fps=410.9 frame_us=1934 cull_us=5 terrain_us=0 wait_fence_us=1530 acquire_us=1 record_us=19 submit_us=24 present_us=116 terrain_lod=high blend=0.000 quality=中画质 marker=36 npc=1017
[2026-08-16T03:44:05Z INFO  steel_front::engine::game] ai: npcs=6 near=5 far=1 idle=0 patrol=2 chase=2 attack=2 tactics=[4, 0, 2, 0, 0, 0, 0, 0]
[2026-08-16T03:44:05Z INFO  steel_front::engine::game] game: wave=1 enemies=6 enemy_hp=100 hp=55/100 score=0 phys_us=2 ai_us=372 audio_us=11 net_us=0
[2026-08-16T03:44:05Z INFO  steel_front] cam: yaw=-20.1 pitch=-4.1 dist=3.4 mode=FirstPerson cycle_us=2086 update_us=21 render_us=2065
[2026-08-16T03:44:05Z INFO  steel_front::engine::game] npc: #10 stand (-12.0, 0.0, 0.4)
[2026-08-16T03:44:06Z INFO  steel_front::engine::renderer] visible=65536/65536 near=65536 far=0 fps=411.3 frame_us=1625 cull_us=6 terrain_us=0 wait_fence_us=1982 acquire_us=1 record_us=39 submit_us=34 present_us=234 terrain_lod=high blend=0.000 quality=中画质 marker=64 npc=1017
[2026-08-16T03:44:06Z INFO  steel_front::engine::game] ai: npcs=6 near=5 far=1 idle=0 patrol=2 chase=1 attack=3 tactics=[4, 1, 1, 0, 0, 0, 0, 0]
[2026-08-16T03:44:06Z INFO  steel_front::engine::game] game: wave=1 enemies=6 enemy_hp=100 hp=50/100 score=0 phys_us=1 ai_us=129 audio_us=26 net_us=0
[2026-08-16T03:44:06Z INFO  steel_front] cam: yaw=-7.4 pitch=5.5 dist=3.4 mode=FirstPerson cycle_us=2104 update_us=20 render_us=2083
[2026-08-16T03:44:06Z INFO  steel_front::engine::game] weapons: shot #6 (1 alive) [M1 Rifle]
[2026-08-16T03:44:07Z INFO  steel_front::engine::renderer] visible=65536/65536 near=65536 far=0 fps=407.4 frame_us=2668 cull_us=5 terrain_us=0 wait_fence_us=961 acquire_us=0 record_us=41 submit_us=32 present_us=670 terrain_lod=high blend=0.000 quality=中画质 marker=37 npc=1017
[2026-08-16T03:44:07Z INFO  steel_front] size diag: window_inner=2560x1600 hud=2560x1600
[2026-08-16T03:44:07Z INFO  steel_front] size diag: window_inner=2560x1600 hud=2560x1600
[2026-08-16T03:44:07Z INFO  steel_front] size diag: window_inner=2560x1600 hud=2560x1600
[2026-08-16T03:44:07Z INFO  steel_front] size diag: window_inner=2560x1600 hud=2560x1600
[2026-08-16T03:44:07Z INFO  steel_front] size diag: window_inner=2560x1600 hud=2560x1600
[2026-08-16T03:44:07Z INFO  steel_front] size diag: window_inner=2560x1600 hud=2560x1600
[2026-08-16T03:44:07Z INFO  steel_front] size diag: window_inner=2560x1600 hud=2560x1600
[2026-08-16T03:44:07Z INFO  steel_front] size diag: window_inner=2560x1600 hud=2560x1600
[2026-08-16T03:44:07Z INFO  steel_front] size diag: window_inner=2560x1600 hud=2560x1600
[2026-08-16T03:44:07Z INFO  steel_front] size diag: window_inner=2560x1600 hud=2560x1600
[2026-08-16T03:44:07Z INFO  steel_front] size diag: window_inner=2560x1600 hud=2560x1600
[2026-08-16T03:44:07Z INFO  steel_front] size diag: window_inner=2560x1600 hud=2560x1600
[2026-08-16T03:44:07Z INFO  steel_front::engine::game] ai: npcs=6 near=5 far=1 idle=0 patrol=2 chase=1 attack=3 tactics=[4, 0, 2, 0, 0, 0, 0, 0]
[2026-08-16T03:44:07Z INFO  steel_front::engine::game] game: wave=1 enemies=6 enemy_hp=100 hp=45/100 score=0 phys_us=1 ai_us=155 audio_us=15 net_us=0
[2026-08-16T03:44:07Z INFO  steel_front] size diag: window_inner=2560x1600 hud=2560x1600
[2026-08-16T03:44:07Z INFO  steel_front] size diag: window_inner=2560x1600 hud=2560x1600
[2026-08-16T03:44:07Z INFO  steel_front] size diag: window_inner=2560x1600 hud=2560x1600
[2026-08-16T03:44:07Z INFO  steel_front] size diag: window_inner=2560x1600 hud=2560x1600
[2026-08-16T03:44:07Z INFO  steel_front] size diag: window_inner=2560x1600 hud=2560x1600
[2026-08-16T03:44:07Z INFO  steel_front] size diag: window_inner=2560x1600 hud=2560x1600
[2026-08-16T03:44:07Z INFO  steel_front] size diag: window_inner=2560x1600 hud=2560x1600
[2026-08-16T03:44:07Z INFO  steel_front] size diag: window_inner=2560x1600 hud=2560x1600
[2026-08-16T03:44:07Z INFO  steel_front::engine::game] weapons: shot #7 (2 alive) [M1 Rifle]
[2026-08-16T03:44:07Z INFO  steel_front::engine::game] kill: npc #12 eliminated (wave 1) score=10
[2026-08-16T03:44:07Z INFO  steel_front::engine::game] weapons: 1 projectile hit(s), total_hits=4
[2026-08-16T03:44:07Z INFO  steel_front] cam: yaw=-9.1 pitch=4.4 dist=3.4 mode=FirstPerson cycle_us=2745 update_us=17 render_us=2727
[2026-08-16T03:44:08Z INFO  steel_front::engine::renderer] visible=65536/65536 near=65536 far=0 fps=406.6 frame_us=1978 cull_us=5 terrain_us=0 wait_fence_us=1447 acquire_us=1 record_us=40 submit_us=34 present_us=165 terrain_lod=high blend=0.000 quality=中画质 marker=64 npc=1017
[2026-08-16T03:44:08Z INFO  steel_front::engine::game] ai: npcs=5 near=4 far=1 idle=0 patrol=2 chase=1 attack=2 tactics=[3, 0, 2, 0, 0, 0, 0, 0]
[2026-08-16T03:44:08Z INFO  steel_front::engine::game] game: wave=1 enemies=5 enemy_hp=100 hp=40/100 score=10 phys_us=1 ai_us=316 audio_us=8 net_us=0
