[2026-08-16T05:58:04Z INFO  steel_front] ========================================
[2026-08-16T05:58:04Z INFO  steel_front]   钢铁前线 (Steel Front) v0.1.0
[2026-08-16T05:58:04Z INFO  steel_front]   二战FPS游戏引擎 - Rust + Vulkan
[2026-08-16T05:58:04Z INFO  steel_front] ========================================
[2026-08-16T05:58:04Z INFO  steel_front::engine::cpu] cpu: vendor=Amd threads=32 primary=[0, 1, 2, 3, 4, 5, 6, 7, 8, 9, 10, 11, 12, 13, 14, 15] secondary=[16, 17, 18, 19, 20, 21, 22, 23, 24, 25, 26, 27, 28, 29, 30, 31] e_cores=0 avx2=true avx512=true scene_set=[0, 1, 2, 3, 4, 5, 6, 7, 8, 9, 10, 11, 12, 13, 14, 15] ai_set=[16, 17, 18, 19, 20, 21, 22, 23, 24, 25, 26, 27, 28, 29, 30, 31] physical_primary=[0, 1, 2, 3, 4, 5, 6, 7, 8, 9, 10, 11, 12, 13, 14, 15] physical_secondary=[16, 17, 18, 19, 20, 21, 22, 23, 24, 25, 26, 27, 28, 29, 30, 31] smt=[]
[2026-08-16T05:58:04Z INFO  steel_front::engine::cpu] cpu: 非 Linux 平台，跳过线程手工绑定（交给系统调度）
[2026-08-16T05:58:04Z INFO  steel_front::engine::cpu] cpu: ai_pool 创建（8 工作线程，绑定 vCPU [16, 17, 18, 19, 20, 21, 22, 23, 24, 25, 26, 27, 28, 29, 30, 31]）
[2026-08-16T05:58:04Z INFO  steel_front::engine::game] map: level 1 generated: 36 obstacle bodies (wall=20 block=0 barrier=0 tree=3 building=6 ruin=7), 203 grid cells blocked
[2026-08-16T05:58:04Z INFO  steel_front] 窗口创建成功: 2560x1600
[2026-08-16T05:58:04Z INFO  steel_front] winit inner_size: 2560x1600 scale_factor=1.50
[2026-08-16T05:58:04Z WARN  steel_front::engine::renderer] 验证层不可用，将不使用
[2026-08-16T05:58:04Z INFO  steel_front::engine::renderer] 选择物理设备: NVIDIA GeForce RTX 5060 Laptop GPU
[2026-08-16T05:58:04Z INFO  steel_front::engine::gpu_caps] gpu-caps: 设备 NVIDIA GeForce RTX 5060 Laptop GPU 硬件能力探测（WSLg/dzn 视角）
[2026-08-16T05:58:04Z INFO  steel_front::engine::gpu_caps] gpu-caps: 可用 device 扩展 280 个
[2026-08-16T05:58:04Z INFO  steel_front::engine::gpu_caps] gpu-caps: -- 光追扩展 --
[2026-08-16T05:58:04Z INFO  steel_front::engine::gpu_caps] gpu-caps:   VK_KHR_ray_tracing_pipeline = true
[2026-08-16T05:58:04Z INFO  steel_front::engine::gpu_caps] gpu-caps:   VK_KHR_acceleration_structure = true
[2026-08-16T05:58:04Z INFO  steel_front::engine::gpu_caps] gpu-caps:   VK_KHR_ray_query = true
[2026-08-16T05:58:04Z INFO  steel_front::engine::gpu_caps] gpu-caps:   VK_KHR_deferred_host_operations = true
[2026-08-16T05:58:04Z INFO  steel_front::engine::gpu_caps] gpu-caps:   VK_KHR_buffer_device_address = true
[2026-08-16T05:58:04Z INFO  steel_front::engine::gpu_caps] gpu-caps:   VK_KHR_ray_tracing_position_fetch = true
[2026-08-16T05:58:04Z INFO  steel_front::engine::gpu_caps] gpu-caps:   VK_NV_ray_tracing = true
[2026-08-16T05:58:04Z INFO  steel_front::engine::gpu_caps] gpu-caps: -- Tensor Core / 协作矩阵 --
[2026-08-16T05:58:04Z INFO  steel_front::engine::gpu_caps] gpu-caps:   VK_KHR_cooperative_matrix = true
[2026-08-16T05:58:04Z INFO  steel_front::engine::gpu_caps] gpu-caps:   VK_NV_cooperative_matrix = true
[2026-08-16T05:58:04Z INFO  steel_front::engine::gpu_caps] gpu-caps:   VK_NV_compute_shader_derivatives = true
[2026-08-16T05:58:04Z INFO  steel_front::engine::gpu_caps] gpu-caps: -- DLSS / NVIDIA 私有 --
[2026-08-16T05:58:04Z INFO  steel_front::engine::gpu_caps] gpu-caps:   VK_NVX_image_view_handle = true
[2026-08-16T05:58:04Z INFO  steel_front::engine::gpu_caps] gpu-caps:   VK_NVX_binary_import = true
[2026-08-16T05:58:04Z INFO  steel_front::engine::gpu_caps] gpu-caps:   VK_NV_cuda_kernel = true
[2026-08-16T05:58:04Z INFO  steel_front::engine::gpu_caps] gpu-caps:   VK_NV_external_memory = true
[2026-08-16T05:58:04Z INFO  steel_front::engine::gpu_caps] gpu-caps: -- 其它新特性 --
[2026-08-16T05:58:04Z INFO  steel_front::engine::gpu_caps] gpu-caps:   VK_EXT_mesh_shader = true
[2026-08-16T05:58:04Z INFO  steel_front::engine::gpu_caps] gpu-caps:   VK_KHR_shader_object = false
[2026-08-16T05:58:04Z INFO  steel_front::engine::gpu_caps] gpu-caps:   VK_KHR_dynamic_rendering = true
[2026-08-16T05:58:04Z INFO  steel_front::engine::gpu_caps] gpu-caps: RT 特性 ray_tracing_pipeline=true acceleration_structure=true buffer_device_address=true ray_query=true
[2026-08-16T05:58:04Z INFO  steel_front::engine::gpu_caps] gpu-caps: RT 管线属性 shaderGroupHandleSize=32B maxRecursionDepth=31 maxRayDispatchInvocationCount=1073741824
[2026-08-16T05:58:04Z INFO  steel_front::engine::gpu_caps] gpu-caps: 【结论】光追探测 device 创建成功 → RT Core 路径可用（dzn→DXR）
[2026-08-16T05:58:04Z INFO  steel_front::engine::gpu_caps] gpu-caps: CUDA 直通（Tensor Core 可编程访问）=false（libcuda in /usr/lib/wsl/lib）
[2026-08-16T05:58:04Z INFO  steel_front::engine::gpu_caps] gpu-caps: 【结论】Vulkan-DLSS（NVIDIA 私有扩展）=true；可直接接 DLSS SDK
[2026-08-16T05:58:04Z INFO  steel_front::engine::renderer] VK_EXT_mesh_shader 可用：启用可选网格着色器渲染路径
[2026-08-16T05:58:04Z INFO  steel_front::engine::renderer] swapchain diag: current_extent=2560x1600 final=2560x1600
[2026-08-16T05:58:04Z INFO  steel_front::engine::renderer] 交换链初始化完成: 2560x1600, 格式: B8G8R8A8_SRGB, 图像数: 3, present_mode: MAILBOX
[2026-08-16T05:58:04Z INFO  steel_front::engine::renderer] 实例缓冲创建完成: 65536 个实例，stride 80 字节，2 帧双缓冲 HOST_VISIBLE|HOST_COHERENT（每帧压缩上传）
[2026-08-16T05:58:04Z INFO  steel_front::engine::renderer] instances=65536 draw_calls=1
[2026-08-16T05:58:04Z INFO  steel_front::engine::renderer] 深度缓冲创建完成: 3 张 2560x1600 D32_SFLOAT
[2026-08-16T05:58:04Z INFO  steel_front::engine::renderer] Descriptor Set Layout: binding 0 = UBO(view/proj), binding 1 = 贴图, binding 2 = 实例 STORAGE_BUFFER, binding 3 = 采样器
[2026-08-16T05:58:04Z INFO  steel_front::engine::renderer] Descriptor 初始化完成（2 帧）
[2026-08-16T05:58:04Z INFO  steel_front::engine::renderer] 远档 LOD 几何创建完成: 8 顶点 / 12 索引（十字双 quad）
[2026-08-16T05:58:04Z INFO  steel_front::engine::renderer] 地面平铺 quad 几何创建完成: 4 顶点 / 6 索引（无侧壁）
[2026-08-16T05:58:04Z INFO  steel_front::engine::renderer] 球体几何创建完成: 325 顶点 / 1728 索引（爆炸球形扩散）
[2026-08-16T05:58:04Z INFO  steel_front::engine::renderer] 地形 LOD[0] 创建完成: 66049 顶点 / 393216 索引（257×257 网格，间距 2）
[2026-08-16T05:58:04Z INFO  steel_front::engine::renderer] 地形 LOD[1] 创建完成: 16641 顶点 / 98304 索引（129×129 网格，间距 4）
[2026-08-16T05:58:04Z INFO  steel_front::engine::renderer] 地形 LOD[2] 创建完成: 4225 顶点 / 24576 索引（65×65 网格，间距 8）
[2026-08-16T05:58:04Z INFO  steel_front::engine::renderer] 地形 3 级 LOD 全部创建完成（高/中/低）
[2026-08-16T05:58:04Z INFO  steel_front::engine::renderer] 图形管线创建完成
[2026-08-16T05:58:04Z INFO  steel_front::engine::renderer] 网格着色器 maxMeshWorkGroupCount[0] = 4194304（地面场 65536 按此分块）
[2026-08-16T05:58:04Z INFO  steel_front::engine::renderer] 网格着色器管线创建完成（VK_EXT_mesh_shader）
[2026-08-16T05:58:04Z INFO  steel_front::engine::renderer] HUD 覆盖层初始化完成（独立 pipeline，容量 4096 quads）
[2026-08-16T05:58:04Z INFO  steel_front::engine::renderer] 纹理初始化完成: 512x512（10 mip，来源=程序化地面材质）
[2026-08-16T05:58:04Z INFO  steel_front::engine::renderer] 程序化皮肤纹理初始化完成: 512x512（marker=木板墙, npc=迷彩军服, RV3D_SKIN_TEX=off（纯色回退））
[2026-08-16T05:58:04Z INFO  steel_front::engine::renderer] 阴影贴图资源创建完成: 2048x2048 D32_SFLOAT
[2026-08-16T05:58:04Z INFO  steel_front::engine::renderer] 阴影 depth-only 管线创建完成
[2026-08-16T05:58:04Z INFO  steel_front] Vulkan 渲染器初始化成功
[2026-08-16T05:58:04Z INFO  steel_front] settings: 分辨率保持 2560x1600
[2026-08-16T05:58:04Z INFO  steel_front] settings: 应用画质 中画质
[2026-08-16T05:58:04Z INFO  steel_front::engine::renderer] 画质预设已切换: 中画质
[2026-08-16T05:58:04Z INFO  steel_front] 窗口大小变化: 1898x1061
[2026-08-16T05:58:04Z INFO  steel_front::engine::renderer] swapchain diag: current_extent=2560x1600 final=2560x1600
[2026-08-16T05:58:04Z INFO  steel_front::engine::renderer] 交换链初始化完成: 2560x1600, 格式: B8G8R8A8_SRGB, 图像数: 3, present_mode: MAILBOX
[2026-08-16T05:58:04Z INFO  steel_front::engine::renderer] 深度缓冲创建完成: 3 张 2560x1600 D32_SFLOAT
[2026-08-16T05:58:04Z INFO  steel_front] 窗口大小变化: 1920x1117
[2026-08-16T05:58:04Z INFO  steel_front::engine::renderer] swapchain diag: current_extent=2560x1600 final=2560x1600
[2026-08-16T05:58:04Z INFO  steel_front::engine::renderer] 交换链初始化完成: 2560x1600, 格式: B8G8R8A8_SRGB, 图像数: 3, present_mode: MAILBOX
[2026-08-16T05:58:04Z INFO  steel_front::engine::renderer] 深度缓冲创建完成: 3 张 2560x1600 D32_SFLOAT
[2026-08-16T05:58:04Z INFO  steel_front] 窗口大小变化: 2560x1600
[2026-08-16T05:58:04Z INFO  steel_front::engine::renderer] swapchain diag: current_extent=2560x1600 final=2560x1600
[2026-08-16T05:58:04Z INFO  steel_front::engine::renderer] 交换链初始化完成: 2560x1600, 格式: B8G8R8A8_SRGB, 图像数: 3, present_mode: MAILBOX
[2026-08-16T05:58:04Z INFO  steel_front::engine::renderer] 深度缓冲创建完成: 3 张 2560x1600 D32_SFLOAT
[2026-08-16T05:58:04Z INFO  steel_front] 窗口大小变化: 2560x1600
[2026-08-16T05:58:04Z INFO  steel_front::engine::renderer] swapchain diag: current_extent=2560x1600 final=2560x1600
[2026-08-16T05:58:04Z INFO  steel_front::engine::renderer] 交换链初始化完成: 2560x1600, 格式: B8G8R8A8_SRGB, 图像数: 3, present_mode: MAILBOX
[2026-08-16T05:58:04Z INFO  steel_front::engine::renderer] 深度缓冲创建完成: 3 张 2560x1600 D32_SFLOAT
[2026-08-16T05:58:05Z INFO  steel_front] cam: yaw=0.0 pitch=0.0 dist=3.4 mode=FirstPerson cycle_us=2378 update_us=28 render_us=2349
[2026-08-16T05:58:05Z INFO  steel_front::engine::renderer] visible=65536/65536 near=65536 far=0 fps=311.5 frame_us=2238 cull_us=0 terrain_us=0 wait_fence_us=2190 acquire_us=1 record_us=34 submit_us=30 present_us=255 terrain_lod=high blend=0.000 quality=中画质 marker=36 npc=56
[2026-08-16T05:58:05Z INFO  steel_front::engine::game] ai: npcs=8 near=8 far=0 idle=0 patrol=0 chase=8 attack=0 tactics=[8, 0, 0, 0, 0, 0, 0, 0]
[2026-08-16T05:58:05Z INFO  steel_front::engine::game] game: wave=1 enemies=8 enemy_hp=100 hp=100/100 score=0 phys_us=2 ai_us=526 audio_us=19 net_us=0
[2026-08-16T05:58:06Z INFO  steel_front] cam: yaw=0.0 pitch=0.0 dist=3.4 mode=FirstPerson cycle_us=2242 update_us=34 render_us=2208
[2026-08-16T05:58:06Z INFO  steel_front::engine::renderer] visible=65536/65536 near=65536 far=0 fps=381.5 frame_us=2623 cull_us=0 terrain_us=0 wait_fence_us=1887 acquire_us=1 record_us=36 submit_us=40 present_us=223 terrain_lod=high blend=0.000 quality=中画质 marker=36 npc=56
[2026-08-16T05:58:06Z INFO  steel_front::engine::game] ai: npcs=8 near=8 far=0 idle=0 patrol=0 chase=8 attack=0 tactics=[8, 0, 0, 0, 0, 0, 0, 0]
[2026-08-16T05:58:06Z INFO  steel_front::engine::game] game: wave=1 enemies=8 enemy_hp=100 hp=100/100 score=0 phys_us=2 ai_us=452 audio_us=7 net_us=0
[2026-08-16T05:58:07Z INFO  steel_front] cam: yaw=0.0 pitch=0.0 dist=3.4 mode=FirstPerson cycle_us=2537 update_us=30 render_us=2506
[2026-08-16T05:58:07Z INFO  steel_front::engine::renderer] visible=65536/65536 near=65536 far=0 fps=380.8 frame_us=2675 cull_us=0 terrain_us=0 wait_fence_us=1817 acquire_us=1 record_us=41 submit_us=34 present_us=242 terrain_lod=high blend=0.000 quality=中画质 marker=36 npc=56
[2026-08-16T05:58:07Z INFO  steel_front::engine::game] ai: npcs=8 near=8 far=0 idle=0 patrol=0 chase=8 attack=0 tactics=[8, 0, 0, 0, 0, 0, 0, 0]
[2026-08-16T05:58:07Z INFO  steel_front::engine::game] game: wave=1 enemies=8 enemy_hp=100 hp=100/100 score=0 phys_us=3 ai_us=424 audio_us=18 net_us=0
[2026-08-16T05:58:08Z INFO  steel_front] cam: yaw=0.0 pitch=0.0 dist=3.4 mode=FirstPerson cycle_us=2288 update_us=23 render_us=2264
[2026-08-16T05:58:08Z INFO  steel_front::engine::renderer] visible=65536/65536 near=65536 far=0 fps=382.1 frame_us=2262 cull_us=0 terrain_us=0 wait_fence_us=2383 acquire_us=1 record_us=21 submit_us=20 present_us=154 terrain_lod=high blend=0.000 quality=中画质 marker=36 npc=56
[2026-08-16T05:58:08Z INFO  steel_front::engine::game] ai: npcs=8 near=8 far=0 idle=0 patrol=0 chase=8 attack=0 tactics=[8, 0, 0, 0, 0, 0, 0, 0]
[2026-08-16T05:58:08Z INFO  steel_front::engine::game] game: wave=1 enemies=8 enemy_hp=100 hp=100/100 score=0 phys_us=3 ai_us=430 audio_us=9 net_us=0
[2026-08-16T05:58:09Z INFO  steel_front] cam: yaw=0.0 pitch=0.0 dist=3.4 mode=FirstPerson cycle_us=2398 update_us=31 render_us=2367
[2026-08-16T05:58:09Z INFO  steel_front::engine::game] npc: #3 stand (3.4, 0.0, 11.5)
[2026-08-16T05:58:09Z INFO  steel_front::engine::renderer] visible=65536/65536 near=65536 far=0 fps=381.3 frame_us=2284 cull_us=0 terrain_us=0 wait_fence_us=1955 acquire_us=1 record_us=36 submit_us=33 present_us=198 terrain_lod=high blend=0.000 quality=中画质 marker=50 npc=56
[2026-08-16T05:58:09Z INFO  steel_front] size diag: window_inner=2560x1600 hud=2560x1600
[2026-08-16T05:58:09Z INFO  steel_front] size diag: window_inner=2560x1600 hud=2560x1600
[2026-08-16T05:58:09Z INFO  steel_front::engine::game] ai: npcs=8 near=8 far=0 idle=0 patrol=0 chase=7 attack=1 tactics=[8, 0, 0, 0, 0, 0, 0, 0]
[2026-08-16T05:58:09Z INFO  steel_front::engine::game] game: wave=1 enemies=8 enemy_hp=100 hp=100/100 score=0 phys_us=3 ai_us=192 audio_us=9 net_us=0
[2026-08-16T05:58:09Z INFO  steel_front] size diag: window_inner=2560x1600 hud=2560x1600
[2026-08-16T05:58:09Z INFO  steel_front] size diag: window_inner=2560x1600 hud=2560x1600
[2026-08-16T05:58:09Z INFO  steel_front] size diag: window_inner=2560x1600 hud=2560x1600
[2026-08-16T05:58:09Z INFO  steel_front] size diag: window_inner=2560x1600 hud=2560x1600
[2026-08-16T05:58:09Z INFO  steel_front] size diag: window_inner=2560x1600 hud=2560x1600
[2026-08-16T05:58:09Z INFO  steel_front] size diag: window_inner=2560x1600 hud=2560x1600
[2026-08-16T05:58:09Z INFO  steel_front] size diag: window_inner=2560x1600 hud=2560x1600
[2026-08-16T05:58:09Z INFO  steel_front] size diag: window_inner=2560x1600 hud=2560x1600
[2026-08-16T05:58:09Z INFO  steel_front] size diag: window_inner=2560x1600 hud=2560x1600
[2026-08-16T05:58:09Z INFO  steel_front] size diag: window_inner=2560x1600 hud=2560x1600
[2026-08-16T05:58:09Z INFO  steel_front] size diag: window_inner=2560x1600 hud=2560x1600
[2026-08-16T05:58:09Z INFO  steel_front] size diag: window_inner=2560x1600 hud=2560x1600
[2026-08-16T05:58:09Z INFO  steel_front] size diag: window_inner=2560x1600 hud=2560x1600
[2026-08-16T05:58:10Z INFO  steel_front] size diag: window_inner=2560x1600 hud=2560x1600
[2026-08-16T05:58:10Z INFO  steel_front] size diag: window_inner=2560x1600 hud=2560x1600
[2026-08-16T05:58:10Z INFO  steel_front] size diag: window_inner=2560x1600 hud=2560x1600
[2026-08-16T05:58:10Z INFO  steel_front] size diag: window_inner=2560x1600 hud=2560x1600
[2026-08-16T05:58:10Z INFO  steel_front::engine::game] npc: #4 stand (4.0, 0.0, -11.3)
[2026-08-16T05:58:10Z INFO  steel_front] cam: yaw=0.0 pitch=0.0 dist=3.4 mode=FirstPerson cycle_us=2257 update_us=34 render_us=2222
[2026-08-16T05:58:10Z INFO  steel_front::engine::renderer] visible=65536/65536 near=65536 far=0 fps=382.3 frame_us=2243 cull_us=0 terrain_us=0 wait_fence_us=1890 acquire_us=0 record_us=35 submit_us=24 present_us=221 terrain_lod=high blend=0.000 quality=中画质 marker=36 npc=56
[2026-08-16T05:58:10Z INFO  steel_front::engine::game] ai: npcs=8 near=8 far=0 idle=0 patrol=0 chase=6 attack=2 tactics=[8, 0, 0, 0, 0, 0, 0, 0]
[2026-08-16T05:58:10Z INFO  steel_front::engine::game] game: wave=1 enemies=8 enemy_hp=100 hp=100/100 score=0 phys_us=1 ai_us=332 audio_us=27 net_us=0
[2026-08-16T05:58:11Z INFO  steel_front::engine::game] npc: #1 stand (-11.4, 0.0, 3.6)
[2026-08-16T05:58:11Z INFO  steel_front] cam: yaw=0.0 pitch=0.0 dist=3.4 mode=FirstPerson cycle_us=2890 update_us=34 render_us=2856
[2026-08-16T05:58:11Z INFO  steel_front::engine::renderer] visible=65536/65536 near=65536 far=0 fps=365.4 frame_us=2078 cull_us=0 terrain_us=0 wait_fence_us=2416 acquire_us=1 record_us=16 submit_us=13 present_us=128 terrain_lod=high blend=0.000 quality=中画质 marker=61 npc=56
[2026-08-16T05:58:11Z INFO  steel_front::engine::game] ai: npcs=8 near=8 far=0 idle=0 patrol=0 chase=5 attack=3 tactics=[8, 0, 0, 0, 0, 0, 0, 0]
[2026-08-16T05:58:11Z INFO  steel_front::engine::game] game: wave=1 enemies=8 enemy_hp=100 hp=100/100 score=0 phys_us=2 ai_us=366 audio_us=8 net_us=0
[2026-08-16T05:58:12Z INFO  steel_front] cam: yaw=0.0 pitch=0.0 dist=3.4 mode=FirstPerson cycle_us=2765 update_us=30 render_us=2734
[2026-08-16T05:58:12Z INFO  steel_front::engine::renderer] visible=65536/65536 near=65536 far=0 fps=375.8 frame_us=2626 cull_us=0 terrain_us=0 wait_fence_us=2011 acquire_us=0 record_us=36 submit_us=26 present_us=218 terrain_lod=high blend=0.000 quality=中画质 marker=52 npc=56
[2026-08-16T05:58:12Z INFO  steel_front::engine::game] ai: npcs=8 near=8 far=0 idle=0 patrol=0 chase=5 attack=3 tactics=[8, 0, 0, 0, 0, 0, 0, 0]
[2026-08-16T05:58:12Z INFO  steel_front::engine::game] game: wave=1 enemies=8 enemy_hp=100 hp=100/100 score=0 phys_us=14 ai_us=449 audio_us=19 net_us=0
[2026-08-16T05:58:13Z INFO  steel_front] cam: yaw=0.0 pitch=0.0 dist=3.4 mode=FirstPerson cycle_us=2371 update_us=36 render_us=2335
[2026-08-16T05:58:13Z INFO  steel_front::engine::renderer] visible=65536/65536 near=65536 far=0 fps=375.9 frame_us=2499 cull_us=0 terrain_us=0 wait_fence_us=2076 acquire_us=0 record_us=34 submit_us=29 present_us=224 terrain_lod=high blend=0.000 quality=中画质 marker=62 npc=56
[2026-08-16T05:58:13Z INFO  steel_front::engine::game] ai: npcs=8 near=8 far=0 idle=0 patrol=0 chase=5 attack=3 tactics=[8, 0, 0, 0, 0, 0, 0, 0]
[2026-08-16T05:58:13Z INFO  steel_front::engine::game] game: wave=1 enemies=8 enemy_hp=100 hp=100/100 score=0 phys_us=2 ai_us=434 audio_us=8 net_us=0
[2026-08-16T05:58:14Z INFO  steel_front] cam: yaw=0.0 pitch=0.0 dist=3.4 mode=FirstPerson cycle_us=2503 update_us=33 render_us=2469
[2026-08-16T05:58:14Z INFO  steel_front::engine::renderer] visible=65536/65536 near=65536 far=0 fps=375.4 frame_us=1963 cull_us=0 terrain_us=0 wait_fence_us=2370 acquire_us=1 record_us=20 submit_us=15 present_us=152 terrain_lod=high blend=0.000 quality=中画质 marker=53 npc=56
[2026-08-16T05:58:14Z INFO  steel_front] size diag: window_inner=2560x1600 hud=2560x1600
[2026-08-16T05:58:14Z INFO  steel_front] size diag: window_inner=2560x1600 hud=2560x1600
[2026-08-16T05:58:14Z INFO  steel_front] size diag: window_inner=2560x1600 hud=2560x1600
[2026-08-16T05:58:14Z INFO  steel_front] size diag: window_inner=2560x1600 hud=2560x1600
[2026-08-16T05:58:14Z INFO  steel_front] size diag: window_inner=2560x1600 hud=2560x1600
[2026-08-16T05:58:14Z INFO  steel_front::engine::game] ai: npcs=8 near=8 far=0 idle=0 patrol=0 chase=5 attack=3 tactics=[8, 0, 0, 0, 0, 0, 0, 0]
[2026-08-16T05:58:14Z INFO  steel_front::engine::game] game: wave=1 enemies=8 enemy_hp=100 hp=100/100 score=0 phys_us=2 ai_us=108 audio_us=21 net_us=0
[2026-08-16T05:58:14Z INFO  steel_front] size diag: window_inner=2560x1600 hud=2560x1600
[2026-08-16T05:58:14Z INFO  steel_front] size diag: window_inner=2560x1600 hud=2560x1600
[2026-08-16T05:58:14Z INFO  steel_front] size diag: window_inner=2560x1600 hud=2560x1600
[2026-08-16T05:58:14Z INFO  steel_front] size diag: window_inner=2560x1600 hud=2560x1600
[2026-08-16T05:58:14Z INFO  steel_front] size diag: window_inner=2560x1600 hud=2560x1600
[2026-08-16T05:58:14Z INFO  steel_front] size diag: window_inner=2560x1600 hud=2560x1600
[2026-08-16T05:58:14Z INFO  steel_front] size diag: window_inner=2560x1600 hud=2560x1600
[2026-08-16T05:58:14Z INFO  steel_front] size diag: window_inner=2560x1600 hud=2560x1600
[2026-08-16T05:58:14Z INFO  steel_front] size diag: window_inner=2560x1600 hud=2560x1600
[2026-08-16T05:58:15Z INFO  steel_front] size diag: window_inner=2560x1600 hud=2560x1600
[2026-08-16T05:58:15Z INFO  steel_front] size diag: window_inner=2560x1600 hud=2560x1600
[2026-08-16T05:58:15Z INFO  steel_front] size diag: window_inner=2560x1600 hud=2560x1600
[2026-08-16T05:58:15Z INFO  steel_front] size diag: window_inner=2560x1600 hud=2560x1600
[2026-08-16T05:58:15Z INFO  steel_front] cam: yaw=0.0 pitch=0.0 dist=3.4 mode=FirstPerson cycle_us=2883 update_us=15 render_us=2868
[2026-08-16T05:58:15Z INFO  steel_front::engine::game] npc: #5 stand (11.8, 0.0, 2.0)
[2026-08-16T05:58:15Z INFO  steel_front::engine::renderer] visible=65536/65536 near=65536 far=0 fps=374.9 frame_us=2830 cull_us=0 terrain_us=0 wait_fence_us=3220 acquire_us=1 record_us=19 submit_us=18 present_us=111 terrain_lod=high blend=0.000 quality=中画质 marker=62 npc=56
[2026-08-16T05:58:15Z INFO  steel_front::engine::game] ai: npcs=8 near=8 far=0 idle=0 patrol=0 chase=4 attack=4 tactics=[8, 0, 0, 0, 0, 0, 0, 0]
[2026-08-16T05:58:15Z INFO  steel_front::engine::game] game: wave=1 enemies=8 enemy_hp=100 hp=100/100 score=0 phys_us=2 ai_us=394 audio_us=21 net_us=0
[2026-08-16T05:58:16Z INFO  steel_front] cam: yaw=0.0 pitch=0.0 dist=3.4 mode=FirstPerson cycle_us=2421 update_us=16 render_us=2404
[2026-08-16T05:58:16Z INFO  steel_front::engine::game] npc: #7 stand (11.5, 0.0, 3.4)
[2026-08-16T05:58:16Z INFO  steel_front::engine::renderer] visible=65536/65536 near=65536 far=0 fps=375.3 frame_us=3218 cull_us=0 terrain_us=0 wait_fence_us=2148 acquire_us=1 record_us=53 submit_us=66 present_us=255 terrain_lod=high blend=0.000 quality=中画质 marker=74 npc=56
[2026-08-16T05:58:16Z INFO  steel_front::engine::game] ai: npcs=8 near=8 far=0 idle=0 patrol=0 chase=3 attack=5 tactics=[8, 0, 0, 0, 0, 0, 0, 0]
[2026-08-16T05:58:16Z INFO  steel_front::engine::game] game: wave=1 enemies=8 enemy_hp=100 hp=100/100 score=0 phys_us=1 ai_us=317 audio_us=25 net_us=0
[2026-08-16T05:58:17Z INFO  steel_front] cam: yaw=0.0 pitch=0.0 dist=3.4 mode=FirstPerson cycle_us=2855 update_us=36 render_us=2819
[2026-08-16T05:58:17Z INFO  steel_front::engine::renderer] visible=65536/65536 near=65536 far=0 fps=374.7 frame_us=2930 cull_us=1 terrain_us=0 wait_fence_us=2667 acquire_us=1 record_us=55 submit_us=45 present_us=365 terrain_lod=high blend=0.000 quality=中画质 marker=79 npc=56
[2026-08-16T05:58:17Z INFO  steel_front::engine::game] ai: npcs=8 near=8 far=0 idle=0 patrol=0 chase=3 attack=5 tactics=[8, 0, 0, 0, 0, 0, 0, 0]
[2026-08-16T05:58:17Z INFO  steel_front::engine::game] game: wave=1 enemies=8 enemy_hp=100 hp=100/100 score=0 phys_us=2 ai_us=423 audio_us=25 net_us=0
[2026-08-16T05:58:18Z INFO  steel_front::engine::game] npc: #2 stand (1.9, 0.0, -11.8)
[2026-08-16T05:58:18Z INFO  steel_front::engine::game] npc: #0 stand (2.9, 0.0, -11.6)
[2026-08-16T05:58:18Z INFO  steel_front] cam: yaw=0.0 pitch=0.0 dist=3.4 mode=FirstPerson cycle_us=2457 update_us=19 render_us=2437
[2026-08-16T05:58:18Z INFO  steel_front::engine::renderer] visible=65536/65536 near=65536 far=0 fps=371.7 frame_us=2497 cull_us=1 terrain_us=0 wait_fence_us=2586 acquire_us=1 record_us=51 submit_us=42 present_us=226 terrain_lod=high blend=0.000 quality=中画质 marker=82 npc=56
[2026-08-16T05:58:18Z INFO  steel_front::engine::game] ai: npcs=8 near=8 far=0 idle=0 patrol=0 chase=1 attack=7 tactics=[8, 0, 0, 0, 0, 0, 0, 0]
[2026-08-16T05:58:18Z INFO  steel_front::engine::game] game: wave=1 enemies=8 enemy_hp=100 hp=100/100 score=0 phys_us=1 ai_us=329 audio_us=26 net_us=0
[2026-08-16T05:58:19Z INFO  steel_front] cam: yaw=0.0 pitch=0.0 dist=3.4 mode=FirstPerson cycle_us=2931 update_us=16 render_us=2915
[2026-08-16T05:58:19Z INFO  steel_front::engine::renderer] visible=65536/65536 near=65536 far=0 fps=376.2 frame_us=2685 cull_us=0 terrain_us=0 wait_fence_us=2493 acquire_us=0 record_us=23 submit_us=20 present_us=105 terrain_lod=high blend=0.000 quality=中画质 marker=84 npc=56
[2026-08-16T05:58:19Z INFO  steel_front] size diag: window_inner=2560x1600 hud=2560x1600
[2026-08-16T05:58:19Z INFO  steel_front] size diag: window_inner=2560x1600 hud=2560x1600
[2026-08-16T05:58:19Z INFO  steel_front] size diag: window_inner=2560x1600 hud=2560x1600
[2026-08-16T05:58:19Z INFO  steel_front] size diag: window_inner=2560x1600 hud=2560x1600
[2026-08-16T05:58:19Z INFO  steel_front] size diag: window_inner=2560x1600 hud=2560x1600
[2026-08-16T05:58:19Z INFO  steel_front] size diag: window_inner=2560x1600 hud=2560x1600
[2026-08-16T05:58:19Z INFO  steel_front] size diag: window_inner=2560x1600 hud=2560x1600
[2026-08-16T05:58:19Z INFO  steel_front] size diag: window_inner=2560x1600 hud=2560x1600
[2026-08-16T05:58:19Z INFO  steel_front] size diag: window_inner=2560x1600 hud=2560x1600
[2026-08-16T05:58:19Z INFO  steel_front::engine::game] ai: npcs=8 near=8 far=0 idle=0 patrol=0 chase=1 attack=7 tactics=[8, 0, 0, 0, 0, 0, 0, 0]
[2026-08-16T05:58:19Z INFO  steel_front::engine::game] game: wave=1 enemies=8 enemy_hp=100 hp=100/100 score=0 phys_us=2 ai_us=132 audio_us=10 net_us=0
[2026-08-16T05:58:19Z INFO  steel_front] size diag: window_inner=2560x1600 hud=2560x1600
[2026-08-16T05:58:19Z INFO  steel_front] size diag: window_inner=2560x1600 hud=2560x1600
[2026-08-16T05:58:19Z INFO  steel_front] size diag: window_inner=2560x1600 hud=2560x1600
[2026-08-16T05:58:19Z INFO  steel_front] size diag: window_inner=2560x1600 hud=2560x1600
[2026-08-16T05:58:19Z INFO  steel_front] size diag: window_inner=2560x1600 hud=2560x1600
[2026-08-16T05:58:19Z INFO  steel_front] size diag: window_inner=2560x1600 hud=2560x1600
[2026-08-16T05:58:20Z INFO  steel_front] size diag: window_inner=2560x1600 hud=2560x1600
[2026-08-16T05:58:20Z INFO  steel_front] size diag: window_inner=2560x1600 hud=2560x1600
[2026-08-16T05:58:20Z INFO  steel_front] size diag: window_inner=2560x1600 hud=2560x1600
[2026-08-16T05:58:20Z INFO  steel_front] size diag: window_inner=2560x1600 hud=2560x1600
[2026-08-16T05:58:20Z INFO  steel_front] cam: yaw=0.0 pitch=0.0 dist=3.4 mode=FirstPerson cycle_us=2720 update_us=15 render_us=2704
[2026-08-16T05:58:20Z INFO  steel_front::engine::renderer] visible=65536/65536 near=65536 far=0 fps=374.9 frame_us=2916 cull_us=0 terrain_us=0 wait_fence_us=2098 acquire_us=1 record_us=50 submit_us=83 present_us=248 terrain_lod=high blend=0.000 quality=中画质 marker=82 npc=56
[2026-08-16T05:58:20Z INFO  steel_front::engine::game] ai: npcs=8 near=8 far=0 idle=0 patrol=0 chase=1 attack=7 tactics=[8, 0, 0, 0, 0, 0, 0, 0]
[2026-08-16T05:58:20Z INFO  steel_front::engine::game] game: wave=1 enemies=8 enemy_hp=100 hp=100/100 score=0 phys_us=2 ai_us=372 audio_us=9 net_us=0
[2026-08-16T05:58:21Z INFO  steel_front] cam: yaw=0.0 pitch=0.0 dist=3.4 mode=FirstPerson cycle_us=2831 update_us=14 render_us=2816
[2026-08-16T05:58:21Z INFO  steel_front::engine::renderer] visible=65536/65536 near=65536 far=0 fps=375.7 frame_us=2391 cull_us=0 terrain_us=0 wait_fence_us=2152 acquire_us=1 record_us=23 submit_us=21 present_us=158 terrain_lod=high blend=0.000 quality=中画质 marker=84 npc=56
[2026-08-16T05:58:21Z INFO  steel_front::engine::game] ai: npcs=8 near=8 far=0 idle=0 patrol=0 chase=1 attack=7 tactics=[8, 0, 0, 0, 0, 0, 0, 0]
[2026-08-16T05:58:21Z INFO  steel_front::engine::game] game: wave=1 enemies=8 enemy_hp=100 hp=100/100 score=0 phys_us=2 ai_us=418 audio_us=22 net_us=0
[2026-08-16T05:58:22Z INFO  steel_front::engine::game] npc: #6 stand (2.1, 0.0, -11.8)
[2026-08-16T05:58:22Z INFO  steel_front] cam: yaw=0.0 pitch=0.0 dist=3.4 mode=FirstPerson cycle_us=3067 update_us=36 render_us=3030
[2026-08-16T05:58:22Z INFO  steel_front::engine::renderer] visible=65536/65536 near=65536 far=0 fps=372.1 frame_us=2608 cull_us=1 terrain_us=0 wait_fence_us=2008 acquire_us=1 record_us=51 submit_us=102 present_us=244 terrain_lod=high blend=0.000 quality=中画质 marker=84 npc=56
[2026-08-16T05:58:22Z INFO  steel_front::engine::game] map: level 1 generated: 36 obstacle bodies (wall=20 block=0 barrier=0 tree=3 building=6 ruin=7), 203 grid cells blocked
[2026-08-16T05:58:22Z INFO  steel_front::engine::game] game: purged 8 leftover npcs on run start
[2026-08-16T05:58:22Z INFO  steel_front::engine::game] wave: npc #8 spawn (65.3, 0.0, 25.3)
[2026-08-16T05:58:22Z INFO  steel_front::engine::game] wave: npc #9 spawn (6.1, 0.0, 39.5)
[2026-08-16T05:58:22Z INFO  steel_front::engine::game] wave: npc #10 spawn (-46.8, 0.0, 37.6)
[2026-08-16T05:58:22Z INFO  steel_front::engine::game] wave: npc #11 spawn (-74.6, 0.0, -28.9)
[2026-08-16T05:58:22Z INFO  steel_front::engine::game] wave: npc #12 spawn (-7.6, 0.0, -49.4)
[2026-08-16T05:58:22Z INFO  steel_front::engine::game] wave: npc #13 spawn (54.6, 0.0, -43.9)
[2026-08-16T05:58:22Z INFO  steel_front::engine::game] wave: wave 1 spawned 6 enemies (kind=Normal total=6 speed=4.0 hp=100 effective=1)
[2026-08-16T05:58:22Z INFO  steel_front::engine::game] game: run started (wave 1)
[2026-08-16T05:58:22Z INFO  steel_front] input: cursor captured (mouse look on, grab=locked, look=relative)
[2026-08-16T05:58:22Z INFO  steel_front::engine::game] physics: 36 events this frame (GroundHit, GroundHit, GroundHit, GroundHit, GroundHit, GroundHit, GroundHit, GroundHit, GroundHit, GroundHit, GroundHit, GroundHit, GroundHit, GroundHit, GroundHit, GroundHit, GroundHit, GroundHit, GroundHit, GroundHit, GroundHit, GroundHit, GroundHit, GroundHit, GroundHit, GroundHit, GroundHit, GroundHit, GroundHit, GroundHit, GroundHit, GroundHit, GroundHit, GroundHit, GroundHit, GroundHit)
[2026-08-16T05:58:22Z INFO  steel_front::engine::game] ai: npcs=6 near=6 far=0 idle=0 patrol=3 chase=3 attack=0 tactics=[4, 1, 1, 0, 0, 0, 0, 0]
[2026-08-16T05:58:22Z INFO  steel_front::engine::game] game: wave=1 enemies=6 enemy_hp=100 hp=100/100 score=0 phys_us=2 ai_us=448 audio_us=25 net_us=0
[2026-08-16T05:58:23Z INFO  steel_front] cam: yaw=0.0 pitch=0.0 dist=3.4 mode=FirstPerson cycle_us=3258 update_us=20 render_us=3237
[2026-08-16T05:58:23Z INFO  steel_front::engine::renderer] visible=65536/65536 near=65536 far=0 fps=388.6 frame_us=1764 cull_us=1 terrain_us=0 wait_fence_us=1772 acquire_us=1 record_us=25 submit_us=23 present_us=259 terrain_lod=high blend=0.000 quality=中画质 marker=36 npc=98
[2026-08-16T05:58:23Z INFO  steel_front::engine::game] ai: npcs=6 near=6 far=0 idle=0 patrol=3 chase=3 attack=0 tactics=[4, 1, 1, 0, 0, 0, 0, 0]
[2026-08-16T05:58:23Z INFO  steel_front::engine::game] game: wave=1 enemies=6 enemy_hp=100 hp=100/100 score=0 phys_us=1 ai_us=322 audio_us=25 net_us=0
[2026-08-16T05:58:24Z INFO  steel_front] cam: yaw=0.0 pitch=0.0 dist=3.4 mode=FirstPerson cycle_us=3003 update_us=42 render_us=2960
[2026-08-16T05:58:24Z INFO  steel_front::engine::renderer] visible=65536/65536 near=65536 far=0 fps=395.6 frame_us=2025 cull_us=1 terrain_us=0 wait_fence_us=1603 acquire_us=1 record_us=46 submit_us=53 present_us=197 terrain_lod=high blend=0.000 quality=中画质 marker=36 npc=98
[2026-08-16T05:58:24Z INFO  steel_front] size diag: window_inner=2560x1600 hud=2560x1600
[2026-08-16T05:58:24Z INFO  steel_front] size diag: window_inner=2560x1600 hud=2560x1600
[2026-08-16T05:58:24Z INFO  steel_front] size diag: window_inner=2560x1600 hud=2560x1600
[2026-08-16T05:58:24Z INFO  steel_front] size diag: window_inner=2560x1600 hud=2560x1600
[2026-08-16T05:58:24Z INFO  steel_front] size diag: window_inner=2560x1600 hud=2560x1600
[2026-08-16T05:58:24Z INFO  steel_front] size diag: window_inner=2560x1600 hud=2560x1600
[2026-08-16T05:58:24Z INFO  steel_front] size diag: window_inner=2560x1600 hud=2560x1600
[2026-08-16T05:58:24Z INFO  steel_front] size diag: window_inner=2560x1600 hud=2560x1600
[2026-08-16T05:58:24Z INFO  steel_front] size diag: window_inner=2560x1600 hud=2560x1600
[2026-08-16T05:58:24Z INFO  steel_front] size diag: window_inner=2560x1600 hud=2560x1600
[2026-08-16T05:58:24Z INFO  steel_front] size diag: window_inner=2560x1600 hud=2560x1600
[2026-08-16T05:58:24Z INFO  steel_front] size diag: window_inner=2560x1600 hud=2560x1600
[2026-08-16T05:58:24Z INFO  steel_front] size diag: window_inner=2560x1600 hud=2560x1600
[2026-08-16T05:58:24Z INFO  steel_front::engine::game] ai: npcs=6 near=6 far=0 idle=0 patrol=3 chase=3 attack=0 tactics=[4, 1, 1, 0, 0, 0, 0, 0]
[2026-08-16T05:58:24Z INFO  steel_front::engine::game] game: wave=1 enemies=6 enemy_hp=100 hp=100/100 score=0 phys_us=3 ai_us=180 audio_us=25 net_us=0
[2026-08-16T05:58:24Z INFO  steel_front] size diag: window_inner=2560x1600 hud=2560x1600
[2026-08-16T05:58:24Z INFO  steel_front] size diag: window_inner=2560x1600 hud=2560x1600
[2026-08-16T05:58:25Z INFO  steel_front] size diag: window_inner=2560x1600 hud=2560x1600
[2026-08-16T05:58:25Z INFO  steel_front] size diag: window_inner=2560x1600 hud=2560x1600
[2026-08-16T05:58:25Z INFO  steel_front] size diag: window_inner=2560x1600 hud=2560x1600
[2026-08-16T05:58:25Z INFO  steel_front] size diag: window_inner=2560x1600 hud=2560x1600
[2026-08-16T05:58:25Z INFO  steel_front] size diag: window_inner=2560x1600 hud=2560x1600
[2026-08-16T05:58:25Z INFO  steel_front] cam: yaw=0.0 pitch=0.0 dist=3.4 mode=FirstPerson cycle_us=2373 update_us=34 render_us=2339
[2026-08-16T05:58:25Z INFO  steel_front::engine::renderer] visible=65536/65536 near=65536 far=0 fps=394.9 frame_us=2407 cull_us=0 terrain_us=0 wait_fence_us=1240 acquire_us=0 record_us=53 submit_us=52 present_us=239 terrain_lod=high blend=0.000 quality=中画质 marker=36 npc=98
[2026-08-16T05:58:25Z INFO  steel_front::engine::game] ai: npcs=6 near=6 far=0 idle=0 patrol=3 chase=3 attack=0 tactics=[3, 1, 1, 0, 0, 0, 0, 1]
[2026-08-16T05:58:25Z INFO  steel_front::engine::game] game: wave=1 enemies=6 enemy_hp=100 hp=100/100 score=0 phys_us=2 ai_us=363 audio_us=25 net_us=0
[2026-08-16T05:58:26Z INFO  steel_front] cam: yaw=0.0 pitch=0.0 dist=3.4 mode=FirstPerson cycle_us=2465 update_us=43 render_us=2422
[2026-08-16T05:58:26Z INFO  steel_front::engine::renderer] visible=65536/65536 near=65536 far=0 fps=395.7 frame_us=2194 cull_us=1 terrain_us=0 wait_fence_us=1318 acquire_us=0 record_us=40 submit_us=33 present_us=205 terrain_lod=high blend=0.000 quality=中画质 marker=36 npc=98
[2026-08-16T05:58:26Z INFO  steel_front::engine::game] ai: npcs=6 near=6 far=0 idle=0 patrol=3 chase=3 attack=0 tactics=[3, 1, 1, 0, 0, 0, 0, 1]
[2026-08-16T05:58:26Z INFO  steel_front::engine::game] game: wave=1 enemies=6 enemy_hp=100 hp=100/100 score=0 phys_us=1 ai_us=356 audio_us=23 net_us=0
[2026-08-16T05:58:27Z INFO  steel_front] cam: yaw=0.0 pitch=0.0 dist=3.4 mode=FirstPerson cycle_us=2385 update_us=38 render_us=2347
[2026-08-16T05:58:27Z INFO  steel_front::engine::renderer] visible=65536/65536 near=65536 far=0 fps=396.3 frame_us=1469 cull_us=1 terrain_us=0 wait_fence_us=2020 acquire_us=1 record_us=19 submit_us=16 present_us=115 terrain_lod=high blend=0.000 quality=中画质 marker=36 npc=98
[2026-08-16T05:58:27Z INFO  steel_front::engine::game] ai: npcs=6 near=6 far=0 idle=0 patrol=3 chase=3 attack=0 tactics=[4, 1, 1, 0, 0, 0, 0, 0]
[2026-08-16T05:58:27Z INFO  steel_front::engine::game] game: wave=1 enemies=6 enemy_hp=100 hp=100/100 score=0 phys_us=2 ai_us=345 audio_us=11 net_us=0
[2026-08-16T05:58:28Z INFO  steel_front] cam: yaw=0.0 pitch=0.0 dist=3.4 mode=FirstPerson cycle_us=2585 update_us=36 render_us=2548
[2026-08-16T05:58:28Z INFO  steel_front::engine::renderer] visible=65536/65536 near=65536 far=0 fps=396.1 frame_us=2130 cull_us=0 terrain_us=0 wait_fence_us=1315 acquire_us=0 record_us=41 submit_us=35 present_us=207 terrain_lod=high blend=0.000 quality=中画质 marker=36 npc=98
[2026-08-16T05:58:28Z INFO  steel_front::engine::game] ai: npcs=6 near=5 far=1 idle=0 patrol=3 chase=3 attack=0 tactics=[4, 1, 1, 0, 0, 0, 0, 0]
[2026-08-16T05:58:29Z INFO  steel_front::engine::game] game: wave=1 enemies=6 enemy_hp=100 hp=100/100 score=0 phys_us=2 ai_us=410 audio_us=27 net_us=0
[2026-08-16T05:58:29Z INFO  steel_front] cam: yaw=0.0 pitch=0.0 dist=3.4 mode=FirstPerson cycle_us=2311 update_us=36 render_us=2273
[2026-08-16T05:58:29Z INFO  steel_front::engine::renderer] visible=65536/65536 near=65536 far=0 fps=396.0 frame_us=2129 cull_us=1 terrain_us=0 wait_fence_us=1216 acquire_us=1 record_us=40 submit_us=33 present_us=202 terrain_lod=high blend=0.000 quality=中画质 marker=36 npc=98
[2026-08-16T05:58:29Z INFO  steel_front] size diag: window_inner=2560x1600 hud=2560x1600
[2026-08-16T05:58:29Z INFO  steel_front] size diag: window_inner=2560x1600 hud=2560x1600
[2026-08-16T05:58:29Z INFO  steel_front] size diag: window_inner=2560x1600 hud=2560x1600
[2026-08-16T05:58:29Z INFO  steel_front] size diag: window_inner=2560x1600 hud=2560x1600
[2026-08-16T05:58:29Z INFO  steel_front] size diag: window_inner=2560x1600 hud=2560x1600
[2026-08-16T05:58:29Z INFO  steel_front] size diag: window_inner=2560x1600 hud=2560x1600
[2026-08-16T05:58:29Z INFO  steel_front] size diag: window_inner=2560x1600 hud=2560x1600
[2026-08-16T05:58:29Z INFO  steel_front] size diag: window_inner=2560x1600 hud=2560x1600
[2026-08-16T05:58:29Z INFO  steel_front] size diag: window_inner=2560x1600 hud=2560x1600
[2026-08-16T05:58:29Z INFO  steel_front] size diag: window_inner=2560x1600 hud=2560x1600
[2026-08-16T05:58:29Z INFO  steel_front] size diag: window_inner=2560x1600 hud=2560x1600
[2026-08-16T05:58:29Z INFO  steel_front] size diag: window_inner=2560x1600 hud=2560x1600
[2026-08-16T05:58:29Z INFO  steel_front] size diag: window_inner=2560x1600 hud=2560x1600
[2026-08-16T05:58:29Z INFO  steel_front] size diag: window_inner=2560x1600 hud=2560x1600
[2026-08-16T05:58:29Z INFO  steel_front] size diag: window_inner=2560x1600 hud=2560x1600
[2026-08-16T05:58:29Z INFO  steel_front] size diag: window_inner=2560x1600 hud=2560x1600
[2026-08-16T05:58:30Z INFO  steel_front::engine::game] ai: npcs=6 near=5 far=1 idle=0 patrol=3 chase=3 attack=0 tactics=[3, 1, 1, 0, 0, 0, 0, 1]
[2026-08-16T05:58:30Z INFO  steel_front::engine::game] game: wave=1 enemies=6 enemy_hp=100 hp=100/100 score=0 phys_us=2 ai_us=168 audio_us=10 net_us=0
[2026-08-16T05:58:30Z INFO  steel_front] size diag: window_inner=2560x1600 hud=2560x1600
[2026-08-16T05:58:30Z INFO  steel_front] size diag: window_inner=2560x1600 hud=2560x1600
[2026-08-16T05:58:30Z INFO  steel_front] size diag: window_inner=2560x1600 hud=2560x1600
[2026-08-16T05:58:30Z INFO  steel_front] size diag: window_inner=2560x1600 hud=2560x1600
[2026-08-16T05:58:30Z INFO  steel_front] cam: yaw=0.0 pitch=0.0 dist=3.4 mode=FirstPerson cycle_us=2748 update_us=24 render_us=2724
[2026-08-16T05:58:30Z INFO  steel_front::engine::renderer] visible=65536/65536 near=65536 far=0 fps=396.5 frame_us=1820 cull_us=1 terrain_us=0 wait_fence_us=1384 acquire_us=1 record_us=40 submit_us=33 present_us=429 terrain_lod=high blend=0.000 quality=中画质 marker=36 npc=98
[2026-08-16T05:58:31Z INFO  steel_front::engine::game] ai: npcs=6 near=5 far=1 idle=0 patrol=3 chase=3 attack=0 tactics=[2, 1, 1, 0, 0, 0, 0, 2]
[2026-08-16T05:58:31Z INFO  steel_front::engine::game] game: wave=1 enemies=6 enemy_hp=100 hp=100/100 score=0 phys_us=2 ai_us=452 audio_us=25 net_us=0
