[2026-08-16T02:36:46Z INFO  steel_front] ========================================
[2026-08-16T02:36:46Z INFO  steel_front]   钢铁前线 (Steel Front) v0.1.0
[2026-08-16T02:36:46Z INFO  steel_front]   二战FPS游戏引擎 - Rust + Vulkan
[2026-08-16T02:36:46Z INFO  steel_front] ========================================
[2026-08-16T02:36:46Z INFO  steel_front::engine::cpu] cpu: vendor=Amd threads=32 primary=[0, 1, 2, 3, 4, 5, 6, 7, 8, 9, 10, 11, 12, 13, 14, 15] secondary=[16, 17, 18, 19, 20, 21, 22, 23, 24, 25, 26, 27, 28, 29, 30, 31] e_cores=0 avx2=true avx512=true scene_set=[0, 1, 2, 3, 4, 5, 6, 7, 8, 9, 10, 11, 12, 13, 14, 15] ai_set=[16, 17, 18, 19, 20, 21, 22, 23, 24, 25, 26, 27, 28, 29, 30, 31] physical_primary=[0, 1, 2, 3, 4, 5, 6, 7, 8, 9, 10, 11, 12, 13, 14, 15] physical_secondary=[16, 17, 18, 19, 20, 21, 22, 23, 24, 25, 26, 27, 28, 29, 30, 31] smt=[]
[2026-08-16T02:36:46Z INFO  steel_front::engine::cpu] cpu: 非 Linux 平台，跳过线程手工绑定（交给系统调度）
[2026-08-16T02:36:46Z INFO  steel_front::engine::cpu] cpu: ai_pool 创建（8 工作线程，绑定 vCPU [16, 17, 18, 19, 20, 21, 22, 23, 24, 25, 26, 27, 28, 29, 30, 31]）
[2026-08-16T02:36:46Z INFO  steel_front::engine::game] map: level 1 generated: 36 obstacle bodies (wall=20 block=0 barrier=0 tree=3 building=6 ruin=7), 203 grid cells blocked
[2026-08-16T02:36:46Z INFO  steel_front] 窗口创建成功: 2560x1600
[2026-08-16T02:36:46Z INFO  steel_front] winit inner_size: 2560x1600 scale_factor=1.50
[2026-08-16T02:36:46Z WARN  steel_front::engine::renderer] 验证层不可用，将不使用
[2026-08-16T02:36:46Z INFO  steel_front::engine::renderer] 选择物理设备: NVIDIA GeForce RTX 5060 Laptop GPU
[2026-08-16T02:36:46Z INFO  steel_front::engine::gpu_caps] gpu-caps: 设备 NVIDIA GeForce RTX 5060 Laptop GPU 硬件能力探测（WSLg/dzn 视角）
[2026-08-16T02:36:46Z INFO  steel_front::engine::gpu_caps] gpu-caps: 可用 device 扩展 280 个
[2026-08-16T02:36:46Z INFO  steel_front::engine::gpu_caps] gpu-caps: -- 光追扩展 --
[2026-08-16T02:36:46Z INFO  steel_front::engine::gpu_caps] gpu-caps:   VK_KHR_ray_tracing_pipeline = true
[2026-08-16T02:36:46Z INFO  steel_front::engine::gpu_caps] gpu-caps:   VK_KHR_acceleration_structure = true
[2026-08-16T02:36:46Z INFO  steel_front::engine::gpu_caps] gpu-caps:   VK_KHR_ray_query = true
[2026-08-16T02:36:46Z INFO  steel_front::engine::gpu_caps] gpu-caps:   VK_KHR_deferred_host_operations = true
[2026-08-16T02:36:46Z INFO  steel_front::engine::gpu_caps] gpu-caps:   VK_KHR_buffer_device_address = true
[2026-08-16T02:36:46Z INFO  steel_front::engine::gpu_caps] gpu-caps:   VK_KHR_ray_tracing_position_fetch = true
[2026-08-16T02:36:46Z INFO  steel_front::engine::gpu_caps] gpu-caps:   VK_NV_ray_tracing = true
[2026-08-16T02:36:46Z INFO  steel_front::engine::gpu_caps] gpu-caps: -- Tensor Core / 协作矩阵 --
[2026-08-16T02:36:46Z INFO  steel_front::engine::gpu_caps] gpu-caps:   VK_KHR_cooperative_matrix = true
[2026-08-16T02:36:46Z INFO  steel_front::engine::gpu_caps] gpu-caps:   VK_NV_cooperative_matrix = true
[2026-08-16T02:36:46Z INFO  steel_front::engine::gpu_caps] gpu-caps:   VK_NV_compute_shader_derivatives = true
[2026-08-16T02:36:46Z INFO  steel_front::engine::gpu_caps] gpu-caps: -- DLSS / NVIDIA 私有 --
[2026-08-16T02:36:46Z INFO  steel_front::engine::gpu_caps] gpu-caps:   VK_NVX_image_view_handle = true
[2026-08-16T02:36:46Z INFO  steel_front::engine::gpu_caps] gpu-caps:   VK_NVX_binary_import = true
[2026-08-16T02:36:46Z INFO  steel_front::engine::gpu_caps] gpu-caps:   VK_NV_cuda_kernel = true
[2026-08-16T02:36:46Z INFO  steel_front::engine::gpu_caps] gpu-caps:   VK_NV_external_memory = true
[2026-08-16T02:36:46Z INFO  steel_front::engine::gpu_caps] gpu-caps: -- 其它新特性 --
[2026-08-16T02:36:46Z INFO  steel_front::engine::gpu_caps] gpu-caps:   VK_EXT_mesh_shader = true
[2026-08-16T02:36:46Z INFO  steel_front::engine::gpu_caps] gpu-caps:   VK_KHR_shader_object = false
[2026-08-16T02:36:46Z INFO  steel_front::engine::gpu_caps] gpu-caps:   VK_KHR_dynamic_rendering = true
[2026-08-16T02:36:46Z INFO  steel_front::engine::gpu_caps] gpu-caps: RT 特性 ray_tracing_pipeline=true acceleration_structure=true buffer_device_address=true ray_query=true
[2026-08-16T02:36:46Z INFO  steel_front::engine::gpu_caps] gpu-caps: RT 管线属性 shaderGroupHandleSize=32B maxRecursionDepth=31 maxRayDispatchInvocationCount=1073741824
[2026-08-16T02:36:46Z INFO  steel_front::engine::gpu_caps] gpu-caps: 【结论】光追探测 device 创建成功 → RT Core 路径可用（dzn→DXR）
[2026-08-16T02:36:46Z INFO  steel_front::engine::gpu_caps] gpu-caps: CUDA 直通（Tensor Core 可编程访问）=false（libcuda in /usr/lib/wsl/lib）
[2026-08-16T02:36:46Z INFO  steel_front::engine::gpu_caps] gpu-caps: 【结论】Vulkan-DLSS（NVIDIA 私有扩展）=true；可直接接 DLSS SDK
[2026-08-16T02:36:46Z INFO  steel_front::engine::renderer] VK_EXT_mesh_shader 可用：启用可选网格着色器渲染路径
[2026-08-16T02:36:46Z INFO  steel_front::engine::renderer] swapchain diag: current_extent=2560x1600 final=2560x1600
[2026-08-16T02:36:46Z INFO  steel_front::engine::renderer] 交换链初始化完成: 2560x1600, 格式: B8G8R8A8_SRGB, 图像数: 3, present_mode: MAILBOX
[2026-08-16T02:36:46Z INFO  steel_front::engine::renderer] 实例缓冲创建完成: 65536 个实例，stride 80 字节，2 帧双缓冲 HOST_VISIBLE|HOST_COHERENT（每帧压缩上传）
[2026-08-16T02:36:46Z INFO  steel_front::engine::renderer] instances=65536 draw_calls=1
[2026-08-16T02:36:46Z INFO  steel_front::engine::renderer] 深度缓冲创建完成: 3 张 2560x1600 D32_SFLOAT
[2026-08-16T02:36:46Z INFO  steel_front::engine::renderer] Descriptor Set Layout: binding 0 = UBO(view/proj), binding 1 = 贴图, binding 2 = 实例 STORAGE_BUFFER, binding 3 = 采样器
[2026-08-16T02:36:46Z INFO  steel_front::engine::renderer] Descriptor 初始化完成（2 帧）
[2026-08-16T02:36:46Z INFO  steel_front::engine::renderer] 远档 LOD 几何创建完成: 8 顶点 / 12 索引（十字双 quad）
[2026-08-16T02:36:46Z INFO  steel_front::engine::renderer] 地面平铺 quad 几何创建完成: 4 顶点 / 6 索引（无侧壁）
[2026-08-16T02:36:46Z INFO  steel_front::engine::renderer] 球体几何创建完成: 325 顶点 / 1728 索引（爆炸球形扩散）
[2026-08-16T02:36:46Z INFO  steel_front::engine::renderer] 地形 LOD[0] 创建完成: 66049 顶点 / 393216 索引（257×257 网格，间距 2）
[2026-08-16T02:36:46Z INFO  steel_front::engine::renderer] 地形 LOD[1] 创建完成: 16641 顶点 / 98304 索引（129×129 网格，间距 4）
[2026-08-16T02:36:46Z INFO  steel_front::engine::renderer] 地形 LOD[2] 创建完成: 4225 顶点 / 24576 索引（65×65 网格，间距 8）
[2026-08-16T02:36:46Z INFO  steel_front::engine::renderer] 地形 3 级 LOD 全部创建完成（高/中/低）
[2026-08-16T02:36:46Z INFO  steel_front::engine::renderer] 图形管线创建完成
[2026-08-16T02:36:46Z INFO  steel_front::engine::renderer] 网格着色器 maxMeshWorkGroupCount[0] = 4194304（地面场 65536 按此分块）
[2026-08-16T02:36:46Z INFO  steel_front::engine::renderer] 网格着色器管线创建完成（VK_EXT_mesh_shader）
[2026-08-16T02:36:46Z INFO  steel_front::engine::renderer] HUD 覆盖层初始化完成（独立 pipeline，容量 4096 quads）
[2026-08-16T02:36:46Z INFO  steel_front::engine::renderer] 纹理初始化完成: 512x512（10 mip，来源=程序化地面材质）
[2026-08-16T02:36:46Z INFO  steel_front::engine::renderer] 程序化皮肤纹理初始化完成: 512x512（marker=木板墙, npc=迷彩军服, RV3D_SKIN_TEX=off（纯色回退））
[2026-08-16T02:36:46Z INFO  steel_front::engine::renderer] 阴影贴图资源创建完成: 2048x2048 D32_SFLOAT
[2026-08-16T02:36:46Z INFO  steel_front::engine::renderer] 阴影 depth-only 管线创建完成
[2026-08-16T02:36:46Z INFO  steel_front] Vulkan 渲染器初始化成功
[2026-08-16T02:36:46Z INFO  steel_front] settings: 分辨率保持 2560x1600
[2026-08-16T02:36:46Z INFO  steel_front] settings: 应用画质 中画质
[2026-08-16T02:36:46Z INFO  steel_front::engine::renderer] 画质预设已切换: 中画质
[2026-08-16T02:36:46Z INFO  steel_front] 窗口大小变化: 1898x1061
[2026-08-16T02:36:46Z INFO  steel_front::engine::renderer] swapchain diag: current_extent=2560x1600 final=2560x1600
[2026-08-16T02:36:46Z INFO  steel_front::engine::renderer] 交换链初始化完成: 2560x1600, 格式: B8G8R8A8_SRGB, 图像数: 3, present_mode: MAILBOX
[2026-08-16T02:36:46Z INFO  steel_front::engine::renderer] 深度缓冲创建完成: 3 张 2560x1600 D32_SFLOAT
[2026-08-16T02:36:46Z INFO  steel_front] 窗口大小变化: 1920x1117
[2026-08-16T02:36:46Z INFO  steel_front::engine::renderer] swapchain diag: current_extent=2560x1600 final=2560x1600
[2026-08-16T02:36:46Z INFO  steel_front::engine::renderer] 交换链初始化完成: 2560x1600, 格式: B8G8R8A8_SRGB, 图像数: 3, present_mode: MAILBOX
[2026-08-16T02:36:46Z INFO  steel_front::engine::renderer] 深度缓冲创建完成: 3 张 2560x1600 D32_SFLOAT
[2026-08-16T02:36:46Z INFO  steel_front] 窗口大小变化: 2560x1600
[2026-08-16T02:36:46Z INFO  steel_front::engine::renderer] swapchain diag: current_extent=2560x1600 final=2560x1600
[2026-08-16T02:36:46Z INFO  steel_front::engine::renderer] 交换链初始化完成: 2560x1600, 格式: B8G8R8A8_SRGB, 图像数: 3, present_mode: MAILBOX
[2026-08-16T02:36:46Z INFO  steel_front::engine::renderer] 深度缓冲创建完成: 3 张 2560x1600 D32_SFLOAT
[2026-08-16T02:36:46Z INFO  steel_front] 窗口大小变化: 2560x1600
[2026-08-16T02:36:46Z INFO  steel_front::engine::renderer] swapchain diag: current_extent=2560x1600 final=2560x1600
[2026-08-16T02:36:46Z INFO  steel_front::engine::renderer] 交换链初始化完成: 2560x1600, 格式: B8G8R8A8_SRGB, 图像数: 3, present_mode: MAILBOX
[2026-08-16T02:36:46Z INFO  steel_front::engine::renderer] 深度缓冲创建完成: 3 张 2560x1600 D32_SFLOAT
[2026-08-16T02:36:47Z INFO  steel_front] cam: yaw=0.0 pitch=0.0 dist=3.4 mode=FirstPerson cycle_us=2988 update_us=29 render_us=2959
[2026-08-16T02:36:47Z INFO  steel_front::engine::renderer] visible=65536/65536 near=65536 far=0 fps=345.4 frame_us=2788 cull_us=5 terrain_us=0 wait_fence_us=1558 acquire_us=4 record_us=39 submit_us=37 present_us=599 terrain_lod=high blend=0.000 quality=中画质 marker=36 npc=1017
[2026-08-16T02:36:47Z INFO  steel_front::engine::game] ai: npcs=8 near=8 far=0 idle=0 patrol=0 chase=8 attack=0 tactics=[8, 0, 0, 0, 0, 0, 0, 0]
[2026-08-16T02:36:47Z INFO  steel_front::engine::game] game: wave=1 enemies=8 enemy_hp=100 hp=100/100 score=0 phys_us=1 ai_us=341 audio_us=19 net_us=0
[2026-08-16T02:36:48Z INFO  steel_front] cam: yaw=0.0 pitch=0.0 dist=3.4 mode=FirstPerson cycle_us=2398 update_us=13 render_us=2385
[2026-08-16T02:36:48Z INFO  steel_front::engine::renderer] visible=65536/65536 near=65536 far=0 fps=406.1 frame_us=2196 cull_us=3 terrain_us=0 wait_fence_us=2221 acquire_us=1 record_us=45 submit_us=41 present_us=193 terrain_lod=high blend=0.000 quality=中画质 marker=36 npc=1017
[2026-08-16T02:36:48Z INFO  steel_front::engine::game] ai: npcs=8 near=8 far=0 idle=0 patrol=0 chase=8 attack=0 tactics=[8, 0, 0, 0, 0, 0, 0, 0]
[2026-08-16T02:36:48Z INFO  steel_front::engine::game] game: wave=1 enemies=8 enemy_hp=100 hp=100/100 score=0 phys_us=1 ai_us=331 audio_us=10 net_us=0
[2026-08-16T02:36:49Z INFO  steel_front] cam: yaw=0.0 pitch=0.0 dist=3.4 mode=FirstPerson cycle_us=2460 update_us=15 render_us=2445
[2026-08-16T02:36:49Z INFO  steel_front::engine::renderer] visible=65536/65536 near=65536 far=0 fps=407.2 frame_us=2490 cull_us=2 terrain_us=0 wait_fence_us=1901 acquire_us=0 record_us=48 submit_us=42 present_us=169 terrain_lod=high blend=0.000 quality=中画质 marker=36 npc=1017
[2026-08-16T02:36:49Z INFO  steel_front::engine::game] ai: npcs=8 near=8 far=0 idle=0 patrol=0 chase=8 attack=0 tactics=[8, 0, 0, 0, 0, 0, 0, 0]
[2026-08-16T02:36:49Z INFO  steel_front::engine::game] game: wave=1 enemies=8 enemy_hp=100 hp=100/100 score=0 phys_us=3 ai_us=370 audio_us=13 net_us=0
[2026-08-16T02:36:50Z INFO  steel_front] cam: yaw=0.0 pitch=0.0 dist=3.4 mode=FirstPerson cycle_us=1924 update_us=17 render_us=1907
[2026-08-16T02:36:50Z INFO  steel_front::engine::renderer] visible=65536/65536 near=65536 far=0 fps=405.2 frame_us=2030 cull_us=3 terrain_us=0 wait_fence_us=1903 acquire_us=1 record_us=34 submit_us=31 present_us=169 terrain_lod=high blend=0.000 quality=中画质 marker=36 npc=1017
[2026-08-16T02:36:50Z INFO  steel_front::engine::game] ai: npcs=8 near=8 far=0 idle=0 patrol=0 chase=8 attack=0 tactics=[8, 0, 0, 0, 0, 0, 0, 0]
[2026-08-16T02:36:50Z INFO  steel_front::engine::game] game: wave=1 enemies=8 enemy_hp=100 hp=100/100 score=0 phys_us=3 ai_us=371 audio_us=7 net_us=0
[2026-08-16T02:36:51Z INFO  steel_front] cam: yaw=0.0 pitch=0.0 dist=3.4 mode=FirstPerson cycle_us=1914 update_us=16 render_us=1898
[2026-08-16T02:36:51Z INFO  steel_front::engine::game] npc: #3 stand (3.4, 0.0, 11.5)
[2026-08-16T02:36:51Z INFO  steel_front::engine::renderer] visible=65536/65536 near=65536 far=0 fps=407.5 frame_us=1831 cull_us=4 terrain_us=0 wait_fence_us=2215 acquire_us=0 record_us=34 submit_us=29 present_us=229 terrain_lod=high blend=0.000 quality=中画质 marker=58 npc=1017
[2026-08-16T02:36:51Z INFO  steel_front] size diag: window_inner=2560x1600 hud=2560x1600
[2026-08-16T02:36:51Z INFO  steel_front] size diag: window_inner=2560x1600 hud=2560x1600
[2026-08-16T02:36:51Z INFO  steel_front::engine::game] ai: npcs=8 near=8 far=0 idle=0 patrol=0 chase=7 attack=1 tactics=[8, 0, 0, 0, 0, 0, 0, 0]
[2026-08-16T02:36:51Z INFO  steel_front::engine::game] game: wave=1 enemies=8 enemy_hp=100 hp=100/100 score=0 phys_us=1 ai_us=93 audio_us=19 net_us=0
[2026-08-16T02:36:51Z INFO  steel_front] size diag: window_inner=2560x1600 hud=2560x1600
[2026-08-16T02:36:51Z INFO  steel_front] size diag: window_inner=2560x1600 hud=2560x1600
[2026-08-16T02:36:51Z INFO  steel_front] size diag: window_inner=2560x1600 hud=2560x1600
[2026-08-16T02:36:51Z INFO  steel_front] size diag: window_inner=2560x1600 hud=2560x1600
[2026-08-16T02:36:51Z INFO  steel_front] size diag: window_inner=2560x1600 hud=2560x1600
[2026-08-16T02:36:51Z INFO  steel_front] size diag: window_inner=2560x1600 hud=2560x1600
[2026-08-16T02:36:51Z INFO  steel_front] size diag: window_inner=2560x1600 hud=2560x1600
[2026-08-16T02:36:51Z INFO  steel_front] size diag: window_inner=2560x1600 hud=2560x1600
[2026-08-16T02:36:51Z INFO  steel_front] size diag: window_inner=2560x1600 hud=2560x1600
[2026-08-16T02:36:51Z INFO  steel_front] size diag: window_inner=2560x1600 hud=2560x1600
[2026-08-16T02:36:51Z INFO  steel_front] size diag: window_inner=2560x1600 hud=2560x1600
[2026-08-16T02:36:51Z INFO  steel_front] size diag: window_inner=2560x1600 hud=2560x1600
[2026-08-16T02:36:51Z INFO  steel_front] size diag: window_inner=2560x1600 hud=2560x1600
[2026-08-16T02:36:51Z INFO  steel_front] size diag: window_inner=2560x1600 hud=2560x1600
[2026-08-16T02:36:51Z INFO  steel_front] size diag: window_inner=2560x1600 hud=2560x1600
[2026-08-16T02:36:51Z INFO  steel_front] size diag: window_inner=2560x1600 hud=2560x1600
[2026-08-16T02:36:51Z INFO  steel_front] size diag: window_inner=2560x1600 hud=2560x1600
[2026-08-16T02:36:51Z INFO  steel_front] size diag: window_inner=2560x1600 hud=2560x1600
[2026-08-16T02:36:52Z INFO  steel_front::engine::game] npc: #4 stand (4.0, 0.0, -11.3)
[2026-08-16T02:36:52Z INFO  steel_front] cam: yaw=0.0 pitch=0.0 dist=3.4 mode=FirstPerson cycle_us=2775 update_us=34 render_us=2741
[2026-08-16T02:36:52Z INFO  steel_front::engine::renderer] visible=65536/65536 near=65536 far=0 fps=407.9 frame_us=1704 cull_us=3 terrain_us=0 wait_fence_us=2358 acquire_us=1 record_us=33 submit_us=27 present_us=183 terrain_lod=high blend=0.000 quality=中画质 marker=36 npc=1017
[2026-08-16T02:36:52Z INFO  steel_front::engine::game] ai: npcs=8 near=8 far=0 idle=0 patrol=0 chase=6 attack=2 tactics=[8, 0, 0, 0, 0, 0, 0, 0]
[2026-08-16T02:36:52Z INFO  steel_front::engine::game] game: wave=1 enemies=8 enemy_hp=100 hp=100/100 score=0 phys_us=2 ai_us=427 audio_us=10 net_us=0
[2026-08-16T02:36:53Z INFO  steel_front::engine::game] npc: #1 stand (-11.5, 0.0, 3.6)
[2026-08-16T02:36:53Z INFO  steel_front] cam: yaw=0.0 pitch=0.0 dist=3.4 mode=FirstPerson cycle_us=2049 update_us=17 render_us=2031
[2026-08-16T02:36:53Z INFO  steel_front::engine::renderer] visible=65536/65536 near=65536 far=0 fps=390.3 frame_us=3055 cull_us=4 terrain_us=0 wait_fence_us=1522 acquire_us=0 record_us=34 submit_us=25 present_us=701 terrain_lod=high blend=0.000 quality=中画质 marker=62 npc=1017
[2026-08-16T02:36:53Z INFO  steel_front::engine::game] ai: npcs=8 near=8 far=0 idle=0 patrol=0 chase=5 attack=3 tactics=[8, 0, 0, 0, 0, 0, 0, 0]
[2026-08-16T02:36:53Z INFO  steel_front::engine::game] game: wave=1 enemies=8 enemy_hp=100 hp=100/100 score=0 phys_us=2 ai_us=415 audio_us=21 net_us=0
[2026-08-16T02:36:54Z INFO  steel_front] cam: yaw=0.0 pitch=0.0 dist=3.4 mode=FirstPerson cycle_us=2342 update_us=19 render_us=2322
[2026-08-16T02:36:54Z INFO  steel_front::engine::renderer] visible=65536/65536 near=65536 far=0 fps=400.7 frame_us=2100 cull_us=2 terrain_us=0 wait_fence_us=2161 acquire_us=0 record_us=15 submit_us=12 present_us=91 terrain_lod=high blend=0.000 quality=中画质 marker=59 npc=1017
[2026-08-16T02:36:54Z INFO  steel_front::engine::game] ai: npcs=8 near=8 far=0 idle=0 patrol=0 chase=5 attack=3 tactics=[8, 0, 0, 0, 0, 0, 0, 0]
[2026-08-16T02:36:54Z INFO  steel_front::engine::game] game: wave=1 enemies=8 enemy_hp=100 hp=100/100 score=0 phys_us=2 ai_us=425 audio_us=7 net_us=0
[2026-08-16T02:36:55Z INFO  steel_front] cam: yaw=0.0 pitch=0.0 dist=3.4 mode=FirstPerson cycle_us=2674 update_us=13 render_us=2661
[2026-08-16T02:36:55Z INFO  steel_front::engine::renderer] visible=65536/65536 near=65536 far=0 fps=400.6 frame_us=2286 cull_us=2 terrain_us=0 wait_fence_us=2247 acquire_us=0 record_us=44 submit_us=48 present_us=190 terrain_lod=high blend=0.000 quality=中画质 marker=64 npc=1017
[2026-08-16T02:36:55Z INFO  steel_front::engine::game] ai: npcs=8 near=8 far=0 idle=0 patrol=0 chase=5 attack=3 tactics=[8, 0, 0, 0, 0, 0, 0, 0]
[2026-08-16T02:36:55Z INFO  steel_front::engine::game] game: wave=1 enemies=8 enemy_hp=100 hp=100/100 score=0 phys_us=1 ai_us=345 audio_us=17 net_us=0
[2026-08-16T02:36:56Z INFO  steel_front] cam: yaw=0.0 pitch=0.0 dist=3.4 mode=FirstPerson cycle_us=2343 update_us=34 render_us=2309
[2026-08-16T02:36:56Z INFO  steel_front::engine::renderer] visible=65536/65536 near=65536 far=0 fps=399.8 frame_us=2442 cull_us=4 terrain_us=0 wait_fence_us=2061 acquire_us=1 record_us=98 submit_us=48 present_us=93 terrain_lod=high blend=0.000 quality=中画质 marker=61 npc=1017
[2026-08-16T02:36:56Z INFO  steel_front] size diag: window_inner=2560x1600 hud=2560x1600
[2026-08-16T02:36:56Z INFO  steel_front] size diag: window_inner=2560x1600 hud=2560x1600
[2026-08-16T02:36:56Z INFO  steel_front] size diag: window_inner=2560x1600 hud=2560x1600
[2026-08-16T02:36:56Z INFO  steel_front] size diag: window_inner=2560x1600 hud=2560x1600
[2026-08-16T02:36:56Z INFO  steel_front] size diag: window_inner=2560x1600 hud=2560x1600
[2026-08-16T02:36:56Z INFO  steel_front::engine::game] ai: npcs=8 near=8 far=0 idle=0 patrol=0 chase=5 attack=3 tactics=[8, 0, 0, 0, 0, 0, 0, 0]
[2026-08-16T02:36:56Z INFO  steel_front::engine::game] game: wave=1 enemies=8 enemy_hp=100 hp=100/100 score=0 phys_us=2 ai_us=199 audio_us=11 net_us=0
[2026-08-16T02:36:56Z INFO  steel_front] size diag: window_inner=2560x1600 hud=2560x1600
[2026-08-16T02:36:56Z INFO  steel_front] size diag: window_inner=2560x1600 hud=2560x1600
[2026-08-16T02:36:56Z INFO  steel_front] size diag: window_inner=2560x1600 hud=2560x1600
[2026-08-16T02:36:56Z INFO  steel_front] size diag: window_inner=2560x1600 hud=2560x1600
[2026-08-16T02:36:56Z INFO  steel_front] size diag: window_inner=2560x1600 hud=2560x1600
[2026-08-16T02:36:56Z INFO  steel_front] size diag: window_inner=2560x1600 hud=2560x1600
[2026-08-16T02:36:56Z INFO  steel_front] size diag: window_inner=2560x1600 hud=2560x1600
[2026-08-16T02:36:56Z INFO  steel_front] size diag: window_inner=2560x1600 hud=2560x1600
[2026-08-16T02:36:56Z INFO  steel_front] size diag: window_inner=2560x1600 hud=2560x1600
[2026-08-16T02:36:56Z INFO  steel_front] size diag: window_inner=2560x1600 hud=2560x1600
[2026-08-16T02:36:56Z INFO  steel_front] size diag: window_inner=2560x1600 hud=2560x1600
[2026-08-16T02:36:56Z INFO  steel_front] size diag: window_inner=2560x1600 hud=2560x1600
[2026-08-16T02:36:56Z INFO  steel_front] size diag: window_inner=2560x1600 hud=2560x1600
[2026-08-16T02:36:56Z INFO  steel_front] size diag: window_inner=2560x1600 hud=2560x1600
[2026-08-16T02:36:56Z INFO  steel_front] size diag: window_inner=2560x1600 hud=2560x1600
[2026-08-16T02:36:57Z INFO  steel_front] cam: yaw=0.0 pitch=0.0 dist=3.4 mode=FirstPerson cycle_us=2819 update_us=14 render_us=2804
[2026-08-16T02:36:57Z INFO  steel_front::engine::game] npc: #5 stand (11.8, 0.0, 2.0)
[2026-08-16T02:36:57Z INFO  steel_front::engine::renderer] visible=65536/65536 near=65536 far=0 fps=400.5 frame_us=2034 cull_us=3 terrain_us=0 wait_fence_us=2125 acquire_us=1 record_us=22 submit_us=18 present_us=94 terrain_lod=high blend=0.000 quality=中画质 marker=64 npc=1017
[2026-08-16T02:36:57Z INFO  steel_front::engine::game] ai: npcs=8 near=8 far=0 idle=0 patrol=0 chase=4 attack=4 tactics=[8, 0, 0, 0, 0, 0, 0, 0]
[2026-08-16T02:36:57Z INFO  steel_front::engine::game] game: wave=1 enemies=8 enemy_hp=100 hp=100/100 score=0 phys_us=2 ai_us=364 audio_us=10 net_us=0
[2026-08-16T02:36:58Z INFO  steel_front] cam: yaw=0.0 pitch=0.0 dist=3.4 mode=FirstPerson cycle_us=2670 update_us=37 render_us=2632
[2026-08-16T02:36:58Z INFO  steel_front::engine::game] npc: #7 stand (11.5, 0.0, 3.4)
[2026-08-16T02:36:58Z INFO  steel_front::engine::renderer] visible=65536/65536 near=65536 far=0 fps=399.9 frame_us=2115 cull_us=2 terrain_us=0 wait_fence_us=1895 acquire_us=0 record_us=49 submit_us=43 present_us=215 terrain_lod=high blend=0.000 quality=中画质 marker=84 npc=1017
[2026-08-16T02:36:58Z INFO  steel_front::engine::game] ai: npcs=8 near=8 far=0 idle=0 patrol=0 chase=3 attack=5 tactics=[8, 0, 0, 0, 0, 0, 0, 0]
[2026-08-16T02:36:58Z INFO  steel_front::engine::game] game: wave=1 enemies=8 enemy_hp=100 hp=100/100 score=0 phys_us=2 ai_us=408 audio_us=9 net_us=0
[2026-08-16T02:36:59Z INFO  steel_front] cam: yaw=0.0 pitch=0.0 dist=3.4 mode=FirstPerson cycle_us=1884 update_us=43 render_us=1840
[2026-08-16T02:36:59Z INFO  steel_front::engine::renderer] visible=65536/65536 near=65536 far=0 fps=399.7 frame_us=3153 cull_us=2 terrain_us=0 wait_fence_us=1780 acquire_us=0 record_us=52 submit_us=49 present_us=693 terrain_lod=high blend=0.000 quality=中画质 marker=84 npc=1017
[2026-08-16T02:36:59Z INFO  steel_front::engine::game] ai: npcs=8 near=8 far=0 idle=0 patrol=0 chase=3 attack=5 tactics=[8, 0, 0, 0, 0, 0, 0, 0]
[2026-08-16T02:36:59Z INFO  steel_front::engine::game] game: wave=1 enemies=8 enemy_hp=100 hp=100/100 score=0 phys_us=1 ai_us=323 audio_us=22 net_us=0
[2026-08-16T02:37:00Z INFO  steel_front::engine::game] npc: #2 stand (1.9, 0.0, -11.8)
[2026-08-16T02:37:00Z INFO  steel_front::engine::game] npc: #0 stand (2.9, 0.0, -11.6)
[2026-08-16T02:37:00Z INFO  steel_front] cam: yaw=0.0 pitch=0.0 dist=3.4 mode=FirstPerson cycle_us=2533 update_us=30 render_us=2503
[2026-08-16T02:37:00Z INFO  steel_front::engine::renderer] visible=65536/65536 near=65536 far=0 fps=396.1 frame_us=2879 cull_us=2 terrain_us=0 wait_fence_us=1476 acquire_us=0 record_us=50 submit_us=24 present_us=703 terrain_lod=high blend=0.000 quality=中画质 marker=84 npc=1017
[2026-08-16T02:37:00Z INFO  steel_front::engine::game] ai: npcs=8 near=8 far=0 idle=0 patrol=0 chase=1 attack=7 tactics=[8, 0, 0, 0, 0, 0, 0, 0]
[2026-08-16T02:37:00Z INFO  steel_front::engine::game] game: wave=1 enemies=8 enemy_hp=100 hp=100/100 score=0 phys_us=2 ai_us=406 audio_us=18 net_us=0
[2026-08-16T02:37:01Z INFO  steel_front] cam: yaw=0.0 pitch=0.0 dist=3.4 mode=FirstPerson cycle_us=3097 update_us=35 render_us=3062
[2026-08-16T02:37:01Z INFO  steel_front::engine::renderer] visible=65536/65536 near=65536 far=0 fps=400.8 frame_us=2379 cull_us=3 terrain_us=0 wait_fence_us=1861 acquire_us=1 record_us=42 submit_us=57 present_us=296 terrain_lod=high blend=0.000 quality=中画质 marker=84 npc=1017
[2026-08-16T02:37:01Z INFO  steel_front] size diag: window_inner=2560x1600 hud=2560x1600
[2026-08-16T02:37:01Z INFO  steel_front] size diag: window_inner=2560x1600 hud=2560x1600
[2026-08-16T02:37:01Z INFO  steel_front] size diag: window_inner=2560x1600 hud=2560x1600
[2026-08-16T02:37:01Z INFO  steel_front] size diag: window_inner=2560x1600 hud=2560x1600
[2026-08-16T02:37:01Z INFO  steel_front] size diag: window_inner=2560x1600 hud=2560x1600
[2026-08-16T02:37:01Z INFO  steel_front] size diag: window_inner=2560x1600 hud=2560x1600
[2026-08-16T02:37:01Z INFO  steel_front] size diag: window_inner=2560x1600 hud=2560x1600
[2026-08-16T02:37:01Z INFO  steel_front::engine::game] ai: npcs=8 near=8 far=0 idle=0 patrol=0 chase=1 attack=7 tactics=[8, 0, 0, 0, 0, 0, 0, 0]
[2026-08-16T02:37:01Z INFO  steel_front::engine::game] game: wave=1 enemies=8 enemy_hp=100 hp=100/100 score=0 phys_us=1 ai_us=164 audio_us=22 net_us=0
[2026-08-16T02:37:01Z INFO  steel_front] size diag: window_inner=2560x1600 hud=2560x1600
[2026-08-16T02:37:01Z INFO  steel_front] size diag: window_inner=2560x1600 hud=2560x1600
[2026-08-16T02:37:01Z INFO  steel_front] size diag: window_inner=2560x1600 hud=2560x1600
[2026-08-16T02:37:01Z INFO  steel_front] size diag: window_inner=2560x1600 hud=2560x1600
[2026-08-16T02:37:01Z INFO  steel_front] size diag: window_inner=2560x1600 hud=2560x1600
[2026-08-16T02:37:01Z INFO  steel_front] size diag: window_inner=2560x1600 hud=2560x1600
[2026-08-16T02:37:01Z INFO  steel_front] size diag: window_inner=2560x1600 hud=2560x1600
[2026-08-16T02:37:01Z INFO  steel_front] size diag: window_inner=2560x1600 hud=2560x1600
[2026-08-16T02:37:01Z INFO  steel_front] size diag: window_inner=2560x1600 hud=2560x1600
[2026-08-16T02:37:01Z INFO  steel_front] size diag: window_inner=2560x1600 hud=2560x1600
[2026-08-16T02:37:01Z INFO  steel_front] size diag: window_inner=2560x1600 hud=2560x1600
[2026-08-16T02:37:01Z INFO  steel_front] size diag: window_inner=2560x1600 hud=2560x1600
[2026-08-16T02:37:01Z INFO  steel_front] size diag: window_inner=2560x1600 hud=2560x1600
[2026-08-16T02:37:02Z INFO  steel_front] cam: yaw=0.0 pitch=0.0 dist=3.4 mode=FirstPerson cycle_us=2154 update_us=18 render_us=2136
[2026-08-16T02:37:02Z INFO  steel_front::engine::renderer] visible=65536/65536 near=65536 far=0 fps=400.4 frame_us=1917 cull_us=4 terrain_us=0 wait_fence_us=2237 acquire_us=1 record_us=49 submit_us=101 present_us=194 terrain_lod=high blend=0.000 quality=中画质 marker=84 npc=1017
[2026-08-16T02:37:02Z INFO  steel_front::engine::game] ai: npcs=8 near=8 far=0 idle=0 patrol=0 chase=1 attack=7 tactics=[8, 0, 0, 0, 0, 0, 0, 0]
[2026-08-16T02:37:02Z INFO  steel_front::engine::game] game: wave=1 enemies=8 enemy_hp=100 hp=100/100 score=0 phys_us=2 ai_us=382 audio_us=26 net_us=0
[2026-08-16T02:37:03Z INFO  steel_front] cam: yaw=0.0 pitch=0.0 dist=3.4 mode=FirstPerson cycle_us=2666 update_us=31 render_us=2634
[2026-08-16T02:37:03Z INFO  steel_front::engine::renderer] visible=65536/65536 near=65536 far=0 fps=400.7 frame_us=2454 cull_us=4 terrain_us=0 wait_fence_us=2151 acquire_us=1 record_us=50 submit_us=60 present_us=271 terrain_lod=high blend=0.000 quality=中画质 marker=84 npc=1017
[2026-08-16T02:37:03Z INFO  steel_front::engine::game] ai: npcs=8 near=8 far=0 idle=0 patrol=0 chase=1 attack=7 tactics=[8, 0, 0, 0, 0, 0, 0, 0]
[2026-08-16T02:37:03Z INFO  steel_front::engine::game] game: wave=1 enemies=8 enemy_hp=100 hp=100/100 score=0 phys_us=2 ai_us=414 audio_us=6 net_us=0
[2026-08-16T02:37:04Z INFO  steel_front::engine::game] npc: #6 stand (2.1, 0.0, -11.8)
[2026-08-16T02:37:04Z INFO  steel_front] cam: yaw=0.0 pitch=0.0 dist=3.4 mode=FirstPerson cycle_us=2849 update_us=12 render_us=2836
[2026-08-16T02:37:04Z INFO  steel_front::engine::renderer] visible=65536/65536 near=65536 far=0 fps=400.9 frame_us=2371 cull_us=2 terrain_us=0 wait_fence_us=2189 acquire_us=0 record_us=33 submit_us=25 present_us=290 terrain_lod=high blend=0.000 quality=中画质 marker=84 npc=1017
[2026-08-16T02:37:04Z INFO  steel_front::engine::game] ai: npcs=8 near=8 far=0 idle=0 patrol=0 chase=0 attack=8 tactics=[8, 0, 0, 0, 0, 0, 0, 0]
[2026-08-16T02:37:04Z INFO  steel_front::engine::game] game: wave=1 enemies=8 enemy_hp=100 hp=100/100 score=0 phys_us=2 ai_us=487 audio_us=6 net_us=0
[2026-08-16T02:37:05Z INFO  steel_front] cam: yaw=0.0 pitch=0.0 dist=3.4 mode=FirstPerson cycle_us=3157 update_us=17 render_us=3139
[2026-08-16T02:37:05Z INFO  steel_front::engine::game] map: level 1 generated: 36 obstacle bodies (wall=20 block=0 barrier=0 tree=3 building=6 ruin=7), 203 grid cells blocked
[2026-08-16T02:37:05Z INFO  steel_front::engine::game] game: purged 8 leftover npcs on run start
[2026-08-16T02:37:05Z INFO  steel_front::engine::game] wave: npc #8 spawn (65.3, 0.0, 25.3)
[2026-08-16T02:37:05Z INFO  steel_front::engine::game] wave: npc #9 spawn (6.1, 0.0, 39.5)
[2026-08-16T02:37:05Z INFO  steel_front::engine::game] wave: npc #10 spawn (-46.8, 0.0, 37.6)
[2026-08-16T02:37:05Z INFO  steel_front::engine::game] wave: npc #11 spawn (-74.6, 0.0, -28.9)
[2026-08-16T02:37:05Z INFO  steel_front::engine::game] wave: npc #12 spawn (-7.6, 0.0, -49.4)
[2026-08-16T02:37:05Z INFO  steel_front::engine::game] wave: npc #13 spawn (54.6, 0.0, -43.9)
[2026-08-16T02:37:05Z INFO  steel_front::engine::game] wave: wave 1 spawned 6 enemies (kind=Normal total=6 speed=4.0 hp=100 effective=1)
[2026-08-16T02:37:05Z INFO  steel_front::engine::game] game: run started (wave 1)
[2026-08-16T02:37:05Z INFO  steel_front] input: cursor captured (mouse look on, grab=locked, look=relative)
[2026-08-16T02:37:05Z INFO  steel_front::engine::game] physics: 36 events this frame (GroundHit, GroundHit, GroundHit, GroundHit, GroundHit, GroundHit, GroundHit, GroundHit, GroundHit, GroundHit, GroundHit, GroundHit, GroundHit, GroundHit, GroundHit, GroundHit, GroundHit, GroundHit, GroundHit, GroundHit, GroundHit, GroundHit, GroundHit, GroundHit, GroundHit, GroundHit, GroundHit, GroundHit, GroundHit, GroundHit, GroundHit, GroundHit, GroundHit, GroundHit, GroundHit, GroundHit)
[2026-08-16T02:37:05Z INFO  steel_front::engine::renderer] visible=65536/65536 near=65536 far=0 fps=395.7 frame_us=2885 cull_us=6 terrain_us=0 wait_fence_us=935 acquire_us=1 record_us=36 submit_us=115 present_us=701 terrain_lod=high blend=0.000 quality=中画质 marker=68 npc=1017
[2026-08-16T02:37:05Z INFO  steel_front::engine::game] ai: npcs=6 near=6 far=0 idle=0 patrol=3 chase=3 attack=0 tactics=[4, 1, 1, 0, 0, 0, 0, 0]
[2026-08-16T02:37:05Z INFO  steel_front::engine::game] game: wave=1 enemies=6 enemy_hp=100 hp=100/100 score=0 phys_us=2 ai_us=420 audio_us=26 net_us=0
[2026-08-16T02:37:06Z INFO  steel_front] cam: yaw=0.0 pitch=0.0 dist=3.4 mode=FirstPerson cycle_us=2695 update_us=15 render_us=2680
[2026-08-16T02:37:06Z INFO  steel_front::engine::renderer] visible=65536/65536 near=65536 far=0 fps=423.4 frame_us=1885 cull_us=10 terrain_us=0 wait_fence_us=1691 acquire_us=1 record_us=16 submit_us=17 present_us=85 terrain_lod=high blend=0.000 quality=中画质 marker=36 npc=1017
[2026-08-16T02:37:06Z INFO  steel_front] size diag: window_inner=2560x1600 hud=2560x1600
[2026-08-16T02:37:06Z INFO  steel_front] size diag: window_inner=2560x1600 hud=2560x1600
[2026-08-16T02:37:06Z INFO  steel_front] size diag: window_inner=2560x1600 hud=2560x1600
[2026-08-16T02:37:06Z INFO  steel_front] size diag: window_inner=2560x1600 hud=2560x1600
[2026-08-16T02:37:06Z INFO  steel_front] size diag: window_inner=2560x1600 hud=2560x1600
[2026-08-16T02:37:06Z INFO  steel_front] size diag: window_inner=2560x1600 hud=2560x1600
[2026-08-16T02:37:06Z INFO  steel_front] size diag: window_inner=2560x1600 hud=2560x1600
[2026-08-16T02:37:06Z INFO  steel_front] size diag: window_inner=2560x1600 hud=2560x1600
[2026-08-16T02:37:06Z INFO  steel_front] size diag: window_inner=2560x1600 hud=2560x1600
[2026-08-16T02:37:06Z INFO  steel_front] size diag: window_inner=2560x1600 hud=2560x1600
[2026-08-16T02:37:06Z INFO  steel_front::engine::game] ai: npcs=6 near=6 far=0 idle=0 patrol=3 chase=3 attack=0 tactics=[4, 1, 1, 0, 0, 0, 0, 0]
[2026-08-16T02:37:06Z INFO  steel_front::engine::game] game: wave=1 enemies=6 enemy_hp=100 hp=100/100 score=0 phys_us=2 ai_us=189 audio_us=19 net_us=0
[2026-08-16T02:37:06Z INFO  steel_front] size diag: window_inner=2560x1600 hud=2560x1600
[2026-08-16T02:37:06Z INFO  steel_front] size diag: window_inner=2560x1600 hud=2560x1600
[2026-08-16T02:37:06Z INFO  steel_front] size diag: window_inner=2560x1600 hud=2560x1600
[2026-08-16T02:37:06Z INFO  steel_front] size diag: window_inner=2560x1600 hud=2560x1600
[2026-08-16T02:37:06Z INFO  steel_front] size diag: window_inner=2560x1600 hud=2560x1600
[2026-08-16T02:37:06Z INFO  steel_front] size diag: window_inner=2560x1600 hud=2560x1600
[2026-08-16T02:37:06Z INFO  steel_front] size diag: window_inner=2560x1600 hud=2560x1600
[2026-08-16T02:37:06Z INFO  steel_front] size diag: window_inner=2560x1600 hud=2560x1600
[2026-08-16T02:37:06Z INFO  steel_front] size diag: window_inner=2560x1600 hud=2560x1600
[2026-08-16T02:37:06Z INFO  steel_front] size diag: window_inner=2560x1600 hud=2560x1600
[2026-08-16T02:37:06Z INFO  steel_front] size diag: window_inner=2560x1600 hud=2560x1600
[2026-08-16T02:37:07Z INFO  steel_front] cam: yaw=0.0 pitch=0.0 dist=3.4 mode=FirstPerson cycle_us=2659 update_us=41 render_us=2618
[2026-08-16T02:37:07Z INFO  steel_front::engine::renderer] visible=65536/65536 near=65536 far=0 fps=423.2 frame_us=1939 cull_us=5 terrain_us=0 wait_fence_us=1937 acquire_us=1 record_us=18 submit_us=16 present_us=79 terrain_lod=high blend=0.000 quality=中画质 marker=36 npc=1017
[2026-08-16T02:37:07Z INFO  steel_front::engine::game] ai: npcs=6 near=6 far=0 idle=0 patrol=3 chase=3 attack=0 tactics=[4, 1, 1, 0, 0, 0, 0, 0]
[2026-08-16T02:37:07Z INFO  steel_front::engine::game] game: wave=1 enemies=6 enemy_hp=100 hp=100/100 score=0 phys_us=1 ai_us=394 audio_us=25 net_us=0
[2026-08-16T02:37:08Z INFO  steel_front] cam: yaw=0.0 pitch=0.0 dist=3.4 mode=FirstPerson cycle_us=2491 update_us=36 render_us=2454
[2026-08-16T02:37:08Z INFO  steel_front::engine::renderer] visible=65536/65536 near=65536 far=0 fps=423.1 frame_us=2279 cull_us=6 terrain_us=0 wait_fence_us=1559 acquire_us=1 record_us=40 submit_us=86 present_us=168 terrain_lod=high blend=0.000 quality=中画质 marker=36 npc=1017
[2026-08-16T02:37:08Z INFO  steel_front::engine::game] ai: npcs=6 near=6 far=0 idle=0 patrol=3 chase=3 attack=0 tactics=[4, 1, 1, 0, 0, 0, 0, 0]
[2026-08-16T02:37:08Z INFO  steel_front::engine::game] game: wave=1 enemies=6 enemy_hp=100 hp=100/100 score=0 phys_us=2 ai_us=405 audio_us=23 net_us=0
[2026-08-16T02:37:09Z INFO  steel_front] cam: yaw=0.0 pitch=0.0 dist=3.4 mode=FirstPerson cycle_us=2409 update_us=33 render_us=2376
[2026-08-16T02:37:09Z INFO  steel_front::engine::renderer] visible=65536/65536 near=65536 far=0 fps=423.4 frame_us=1155 cull_us=5 terrain_us=0 wait_fence_us=1721 acquire_us=1 record_us=40 submit_us=33 present_us=169 terrain_lod=high blend=0.000 quality=中画质 marker=36 npc=1017
[2026-08-16T02:37:09Z INFO  steel_front::engine::game] ai: npcs=6 near=6 far=0 idle=0 patrol=3 chase=3 attack=0 tactics=[4, 1, 1, 0, 0, 0, 0, 0]
[2026-08-16T02:37:09Z INFO  steel_front::engine::game] game: wave=1 enemies=6 enemy_hp=100 hp=100/100 score=0 phys_us=2 ai_us=422 audio_us=22 net_us=0
[2026-08-16T02:37:10Z INFO  steel_front] cam: yaw=0.0 pitch=0.0 dist=3.4 mode=FirstPerson cycle_us=2501 update_us=20 render_us=2481
[2026-08-16T02:37:10Z INFO  steel_front::engine::renderer] visible=65536/65536 near=65536 far=0 fps=423.8 frame_us=2050 cull_us=6 terrain_us=0 wait_fence_us=1621 acquire_us=1 record_us=18 submit_us=16 present_us=581 terrain_lod=high blend=0.000 quality=中画质 marker=36 npc=1017
[2026-08-16T02:37:10Z INFO  steel_front::engine::game] ai: npcs=6 near=6 far=0 idle=0 patrol=3 chase=3 attack=0 tactics=[4, 1, 1, 0, 0, 0, 0, 0]
[2026-08-16T02:37:10Z INFO  steel_front::engine::game] game: wave=1 enemies=6 enemy_hp=100 hp=100/100 score=0 phys_us=2 ai_us=340 audio_us=18 net_us=0
[2026-08-16T02:37:11Z INFO  steel_front] cam: yaw=0.0 pitch=0.0 dist=3.4 mode=FirstPerson cycle_us=1652 update_us=18 render_us=1633
[2026-08-16T02:37:11Z INFO  steel_front::engine::renderer] visible=65536/65536 near=65536 far=0 fps=423.7 frame_us=1737 cull_us=5 terrain_us=0 wait_fence_us=1379 acquire_us=0 record_us=41 submit_us=38 present_us=180 terrain_lod=high blend=0.000 quality=中画质 marker=36 npc=1017
[2026-08-16T02:37:11Z INFO  steel_front] size diag: window_inner=2560x1600 hud=2560x1600
[2026-08-16T02:37:11Z INFO  steel_front] size diag: window_inner=2560x1600 hud=2560x1600
[2026-08-16T02:37:11Z INFO  steel_front] size diag: window_inner=2560x1600 hud=2560x1600
[2026-08-16T02:37:11Z INFO  steel_front] size diag: window_inner=2560x1600 hud=2560x1600
[2026-08-16T02:37:11Z INFO  steel_front] size diag: window_inner=2560x1600 hud=2560x1600
[2026-08-16T02:37:11Z INFO  steel_front] size diag: window_inner=2560x1600 hud=2560x1600
[2026-08-16T02:37:11Z INFO  steel_front] size diag: window_inner=2560x1600 hud=2560x1600
[2026-08-16T02:37:11Z INFO  steel_front] size diag: window_inner=2560x1600 hud=2560x1600
[2026-08-16T02:37:11Z INFO  steel_front] size diag: window_inner=2560x1600 hud=2560x1600
[2026-08-16T02:37:11Z INFO  steel_front] size diag: window_inner=2560x1600 hud=2560x1600
[2026-08-16T02:37:11Z INFO  steel_front] size diag: window_inner=2560x1600 hud=2560x1600
[2026-08-16T02:37:11Z INFO  steel_front] size diag: window_inner=2560x1600 hud=2560x1600
[2026-08-16T02:37:11Z INFO  steel_front] size diag: window_inner=2560x1600 hud=2560x1600
[2026-08-16T02:37:11Z INFO  steel_front::engine::game] ai: npcs=6 near=5 far=1 idle=0 patrol=3 chase=3 attack=0 tactics=[4, 1, 1, 0, 0, 0, 0, 0]
[2026-08-16T02:37:11Z INFO  steel_front::engine::game] game: wave=1 enemies=6 enemy_hp=100 hp=100/100 score=0 phys_us=2 ai_us=194 audio_us=11 net_us=0
[2026-08-16T02:37:11Z INFO  steel_front] size diag: window_inner=2560x1600 hud=2560x1600
[2026-08-16T02:37:11Z INFO  steel_front] size diag: window_inner=2560x1600 hud=2560x1600
[2026-08-16T02:37:11Z INFO  steel_front] size diag: window_inner=2560x1600 hud=2560x1600
[2026-08-16T02:37:11Z INFO  steel_front] size diag: window_inner=2560x1600 hud=2560x1600
[2026-08-16T02:37:11Z INFO  steel_front] size diag: window_inner=2560x1600 hud=2560x1600
[2026-08-16T02:37:11Z INFO  steel_front] size diag: window_inner=2560x1600 hud=2560x1600
[2026-08-16T02:37:11Z INFO  steel_front] size diag: window_inner=2560x1600 hud=2560x1600
[2026-08-16T02:37:11Z INFO  steel_front] size diag: window_inner=2560x1600 hud=2560x1600
[2026-08-16T02:37:12Z INFO  steel_front] cam: yaw=0.0 pitch=0.0 dist=3.4 mode=FirstPerson cycle_us=2895 update_us=39 render_us=2855
[2026-08-16T02:37:12Z INFO  steel_front::engine::renderer] visible=65536/65536 near=65536 far=0 fps=423.8 frame_us=2054 cull_us=5 terrain_us=0 wait_fence_us=1357 acquire_us=0 record_us=40 submit_us=34 present_us=168 terrain_lod=high blend=0.000 quality=中画质 marker=36 npc=1017
[2026-08-16T02:37:12Z INFO  steel_front::engine::game] ai: npcs=6 near=5 far=1 idle=0 patrol=3 chase=3 attack=0 tactics=[4, 1, 1, 0, 0, 0, 0, 0]
[2026-08-16T02:37:12Z INFO  steel_front::engine::game] game: wave=1 enemies=6 enemy_hp=100 hp=100/100 score=0 phys_us=2 ai_us=357 audio_us=10 net_us=0
[2026-08-16T02:37:13Z INFO  steel_front] cam: yaw=0.0 pitch=0.0 dist=3.4 mode=FirstPerson cycle_us=3400 update_us=20 render_us=3380
[2026-08-16T02:37:13Z INFO  steel_front::engine::renderer] visible=65536/65536 near=65536 far=0 fps=423.6 frame_us=1465 cull_us=6 terrain_us=0 wait_fence_us=1528 acquire_us=1 record_us=18 submit_us=15 present_us=79 terrain_lod=high blend=0.000 quality=中画质 marker=36 npc=1017
[2026-08-16T02:37:13Z INFO  steel_front::engine::game] ai: npcs=6 near=5 far=1 idle=0 patrol=3 chase=3 attack=0 tactics=[4, 1, 1, 0, 0, 0, 0, 0]
[2026-08-16T02:37:13Z INFO  steel_front::engine::game] game: wave=1 enemies=6 enemy_hp=100 hp=100/100 score=0 phys_us=1 ai_us=338 audio_us=8 net_us=0
