[2026-08-16T05:39:36Z INFO  steel_front] ========================================
[2026-08-16T05:39:36Z INFO  steel_front]   钢铁前线 (Steel Front) v0.1.0
[2026-08-16T05:39:36Z INFO  steel_front]   二战FPS游戏引擎 - Rust + Vulkan
[2026-08-16T05:39:36Z INFO  steel_front] ========================================
[2026-08-16T05:39:36Z INFO  steel_front::engine::cpu] cpu: vendor=Amd threads=32 primary=[0, 1, 2, 3, 4, 5, 6, 7, 8, 9, 10, 11, 12, 13, 14, 15] secondary=[16, 17, 18, 19, 20, 21, 22, 23, 24, 25, 26, 27, 28, 29, 30, 31] e_cores=0 avx2=true avx512=true scene_set=[0, 1, 2, 3, 4, 5, 6, 7, 8, 9, 10, 11, 12, 13, 14, 15] ai_set=[16, 17, 18, 19, 20, 21, 22, 23, 24, 25, 26, 27, 28, 29, 30, 31] physical_primary=[0, 1, 2, 3, 4, 5, 6, 7, 8, 9, 10, 11, 12, 13, 14, 15] physical_secondary=[16, 17, 18, 19, 20, 21, 22, 23, 24, 25, 26, 27, 28, 29, 30, 31] smt=[]
[2026-08-16T05:39:36Z INFO  steel_front::engine::cpu] cpu: 非 Linux 平台，跳过线程手工绑定（交给系统调度）
[2026-08-16T05:39:36Z INFO  steel_front::engine::cpu] cpu: ai_pool 创建（8 工作线程，绑定 vCPU [16, 17, 18, 19, 20, 21, 22, 23, 24, 25, 26, 27, 28, 29, 30, 31]）
[2026-08-16T05:39:36Z INFO  steel_front::engine::game] map: level 1 generated: 36 obstacle bodies (wall=20 block=0 barrier=0 tree=3 building=6 ruin=7), 203 grid cells blocked
[2026-08-16T05:39:36Z INFO  steel_front] 窗口创建成功: 2560x1600
[2026-08-16T05:39:36Z INFO  steel_front] winit inner_size: 2560x1600 scale_factor=1.50
[2026-08-16T05:39:36Z WARN  steel_front::engine::renderer] 验证层不可用，将不使用
[2026-08-16T05:39:37Z INFO  steel_front::engine::renderer] 选择物理设备: NVIDIA GeForce RTX 5060 Laptop GPU
[2026-08-16T05:39:37Z INFO  steel_front::engine::gpu_caps] gpu-caps: 设备 NVIDIA GeForce RTX 5060 Laptop GPU 硬件能力探测（WSLg/dzn 视角）
[2026-08-16T05:39:37Z INFO  steel_front::engine::gpu_caps] gpu-caps: 可用 device 扩展 280 个
[2026-08-16T05:39:37Z INFO  steel_front::engine::gpu_caps] gpu-caps: -- 光追扩展 --
[2026-08-16T05:39:37Z INFO  steel_front::engine::gpu_caps] gpu-caps:   VK_KHR_ray_tracing_pipeline = true
[2026-08-16T05:39:37Z INFO  steel_front::engine::gpu_caps] gpu-caps:   VK_KHR_acceleration_structure = true
[2026-08-16T05:39:37Z INFO  steel_front::engine::gpu_caps] gpu-caps:   VK_KHR_ray_query = true
[2026-08-16T05:39:37Z INFO  steel_front::engine::gpu_caps] gpu-caps:   VK_KHR_deferred_host_operations = true
[2026-08-16T05:39:37Z INFO  steel_front::engine::gpu_caps] gpu-caps:   VK_KHR_buffer_device_address = true
[2026-08-16T05:39:37Z INFO  steel_front::engine::gpu_caps] gpu-caps:   VK_KHR_ray_tracing_position_fetch = true
[2026-08-16T05:39:37Z INFO  steel_front::engine::gpu_caps] gpu-caps:   VK_NV_ray_tracing = true
[2026-08-16T05:39:37Z INFO  steel_front::engine::gpu_caps] gpu-caps: -- Tensor Core / 协作矩阵 --
[2026-08-16T05:39:37Z INFO  steel_front::engine::gpu_caps] gpu-caps:   VK_KHR_cooperative_matrix = true
[2026-08-16T05:39:37Z INFO  steel_front::engine::gpu_caps] gpu-caps:   VK_NV_cooperative_matrix = true
[2026-08-16T05:39:37Z INFO  steel_front::engine::gpu_caps] gpu-caps:   VK_NV_compute_shader_derivatives = true
[2026-08-16T05:39:37Z INFO  steel_front::engine::gpu_caps] gpu-caps: -- DLSS / NVIDIA 私有 --
[2026-08-16T05:39:37Z INFO  steel_front::engine::gpu_caps] gpu-caps:   VK_NVX_image_view_handle = true
[2026-08-16T05:39:37Z INFO  steel_front::engine::gpu_caps] gpu-caps:   VK_NVX_binary_import = true
[2026-08-16T05:39:37Z INFO  steel_front::engine::gpu_caps] gpu-caps:   VK_NV_cuda_kernel = true
[2026-08-16T05:39:37Z INFO  steel_front::engine::gpu_caps] gpu-caps:   VK_NV_external_memory = true
[2026-08-16T05:39:37Z INFO  steel_front::engine::gpu_caps] gpu-caps: -- 其它新特性 --
[2026-08-16T05:39:37Z INFO  steel_front::engine::gpu_caps] gpu-caps:   VK_EXT_mesh_shader = true
[2026-08-16T05:39:37Z INFO  steel_front::engine::gpu_caps] gpu-caps:   VK_KHR_shader_object = false
[2026-08-16T05:39:37Z INFO  steel_front::engine::gpu_caps] gpu-caps:   VK_KHR_dynamic_rendering = true
[2026-08-16T05:39:37Z INFO  steel_front::engine::gpu_caps] gpu-caps: RT 特性 ray_tracing_pipeline=true acceleration_structure=true buffer_device_address=true ray_query=true
[2026-08-16T05:39:37Z INFO  steel_front::engine::gpu_caps] gpu-caps: RT 管线属性 shaderGroupHandleSize=32B maxRecursionDepth=31 maxRayDispatchInvocationCount=1073741824
[2026-08-16T05:39:37Z INFO  steel_front::engine::gpu_caps] gpu-caps: 【结论】光追探测 device 创建成功 → RT Core 路径可用（dzn→DXR）
[2026-08-16T05:39:37Z INFO  steel_front::engine::gpu_caps] gpu-caps: CUDA 直通（Tensor Core 可编程访问）=false（libcuda in /usr/lib/wsl/lib）
[2026-08-16T05:39:37Z INFO  steel_front::engine::gpu_caps] gpu-caps: 【结论】Vulkan-DLSS（NVIDIA 私有扩展）=true；可直接接 DLSS SDK
[2026-08-16T05:39:37Z INFO  steel_front::engine::renderer] VK_EXT_mesh_shader 可用：启用可选网格着色器渲染路径
[2026-08-16T05:39:37Z INFO  steel_front::engine::renderer] swapchain diag: current_extent=2560x1600 final=2560x1600
[2026-08-16T05:39:37Z INFO  steel_front::engine::renderer] 交换链初始化完成: 2560x1600, 格式: B8G8R8A8_SRGB, 图像数: 3, present_mode: MAILBOX
[2026-08-16T05:39:37Z INFO  steel_front::engine::renderer] 实例缓冲创建完成: 65536 个实例，stride 80 字节，2 帧双缓冲 HOST_VISIBLE|HOST_COHERENT（每帧压缩上传）
[2026-08-16T05:39:37Z INFO  steel_front::engine::renderer] instances=65536 draw_calls=1
[2026-08-16T05:39:37Z INFO  steel_front::engine::renderer] 深度缓冲创建完成: 3 张 2560x1600 D32_SFLOAT
[2026-08-16T05:39:37Z INFO  steel_front::engine::renderer] Descriptor Set Layout: binding 0 = UBO(view/proj), binding 1 = 贴图, binding 2 = 实例 STORAGE_BUFFER, binding 3 = 采样器
[2026-08-16T05:39:37Z INFO  steel_front::engine::renderer] Descriptor 初始化完成（2 帧）
[2026-08-16T05:39:37Z INFO  steel_front::engine::renderer] 远档 LOD 几何创建完成: 8 顶点 / 12 索引（十字双 quad）
[2026-08-16T05:39:37Z INFO  steel_front::engine::renderer] 地面平铺 quad 几何创建完成: 4 顶点 / 6 索引（无侧壁）
[2026-08-16T05:39:37Z INFO  steel_front::engine::renderer] 球体几何创建完成: 325 顶点 / 1728 索引（爆炸球形扩散）
[2026-08-16T05:39:37Z INFO  steel_front::engine::renderer] 地形 LOD[0] 创建完成: 66049 顶点 / 393216 索引（257×257 网格，间距 2）
[2026-08-16T05:39:37Z INFO  steel_front::engine::renderer] 地形 LOD[1] 创建完成: 16641 顶点 / 98304 索引（129×129 网格，间距 4）
[2026-08-16T05:39:37Z INFO  steel_front::engine::renderer] 地形 LOD[2] 创建完成: 4225 顶点 / 24576 索引（65×65 网格，间距 8）
[2026-08-16T05:39:37Z INFO  steel_front::engine::renderer] 地形 3 级 LOD 全部创建完成（高/中/低）
[2026-08-16T05:39:37Z INFO  steel_front::engine::renderer] 图形管线创建完成
[2026-08-16T05:39:37Z INFO  steel_front::engine::renderer] 网格着色器 maxMeshWorkGroupCount[0] = 4194304（地面场 65536 按此分块）
[2026-08-16T05:39:37Z INFO  steel_front::engine::renderer] 网格着色器管线创建完成（VK_EXT_mesh_shader）
[2026-08-16T05:39:37Z INFO  steel_front::engine::renderer] HUD 覆盖层初始化完成（独立 pipeline，容量 4096 quads）
[2026-08-16T05:39:37Z INFO  steel_front::engine::renderer] 纹理初始化完成: 512x512（10 mip，来源=程序化地面材质）
[2026-08-16T05:39:37Z INFO  steel_front::engine::renderer] 程序化皮肤纹理初始化完成: 512x512（marker=木板墙, npc=迷彩军服, RV3D_SKIN_TEX=off（纯色回退））
[2026-08-16T05:39:37Z INFO  steel_front::engine::renderer] 阴影贴图资源创建完成: 2048x2048 D32_SFLOAT
[2026-08-16T05:39:37Z INFO  steel_front::engine::renderer] 阴影 depth-only 管线创建完成
[2026-08-16T05:39:37Z INFO  steel_front] Vulkan 渲染器初始化成功
[2026-08-16T05:39:37Z INFO  steel_front] settings: 分辨率保持 2560x1600
[2026-08-16T05:39:37Z INFO  steel_front] settings: 应用画质 中画质
[2026-08-16T05:39:37Z INFO  steel_front::engine::renderer] 画质预设已切换: 中画质
[2026-08-16T05:39:37Z INFO  steel_front] 窗口大小变化: 1898x1061
[2026-08-16T05:39:37Z INFO  steel_front::engine::renderer] swapchain diag: current_extent=2560x1600 final=2560x1600
[2026-08-16T05:39:37Z INFO  steel_front::engine::renderer] 交换链初始化完成: 2560x1600, 格式: B8G8R8A8_SRGB, 图像数: 3, present_mode: MAILBOX
[2026-08-16T05:39:37Z INFO  steel_front::engine::renderer] 深度缓冲创建完成: 3 张 2560x1600 D32_SFLOAT
[2026-08-16T05:39:37Z INFO  steel_front] 窗口大小变化: 1920x1117
[2026-08-16T05:39:37Z INFO  steel_front::engine::renderer] swapchain diag: current_extent=2560x1600 final=2560x1600
[2026-08-16T05:39:37Z INFO  steel_front::engine::renderer] 交换链初始化完成: 2560x1600, 格式: B8G8R8A8_SRGB, 图像数: 3, present_mode: MAILBOX
[2026-08-16T05:39:37Z INFO  steel_front::engine::renderer] 深度缓冲创建完成: 3 张 2560x1600 D32_SFLOAT
[2026-08-16T05:39:37Z INFO  steel_front] 窗口大小变化: 2560x1600
[2026-08-16T05:39:37Z INFO  steel_front::engine::renderer] swapchain diag: current_extent=2560x1600 final=2560x1600
[2026-08-16T05:39:37Z INFO  steel_front::engine::renderer] 交换链初始化完成: 2560x1600, 格式: B8G8R8A8_SRGB, 图像数: 3, present_mode: MAILBOX
[2026-08-16T05:39:37Z INFO  steel_front::engine::renderer] 深度缓冲创建完成: 3 张 2560x1600 D32_SFLOAT
[2026-08-16T05:39:37Z INFO  steel_front] 窗口大小变化: 2560x1600
[2026-08-16T05:39:37Z INFO  steel_front::engine::renderer] swapchain diag: current_extent=2560x1600 final=2560x1600
[2026-08-16T05:39:37Z INFO  steel_front::engine::renderer] 交换链初始化完成: 2560x1600, 格式: B8G8R8A8_SRGB, 图像数: 3, present_mode: MAILBOX
[2026-08-16T05:39:37Z INFO  steel_front::engine::renderer] 深度缓冲创建完成: 3 张 2560x1600 D32_SFLOAT
[2026-08-16T05:39:37Z INFO  steel_front::engine::renderer] gundbg: mesh verts=1822 indices=5376
[2026-08-16T05:39:37Z INFO  steel_front::engine::renderer] gundbg: DRAW gun verts=1822 idx=5376 v0=(0.28,1.33,-0.17) c=(0.21,0.13,0.06)
[2026-08-16T05:39:37Z INFO  steel_front] cam: yaw=0.0 pitch=0.0 dist=3.4 mode=FirstPerson cycle_us=2284 update_us=14 render_us=2269
[2026-08-16T05:39:38Z INFO  steel_front::engine::renderer] visible=65536/65536 near=65536 far=0 fps=328.0 frame_us=2509 cull_us=0 terrain_us=0 wait_fence_us=2144 acquire_us=1 record_us=21 submit_us=30 present_us=91 terrain_lod=high blend=0.000 quality=中画质 marker=36 npc=56
[2026-08-16T05:39:38Z INFO  steel_front::engine::game] ai: npcs=8 near=8 far=0 idle=0 patrol=0 chase=8 attack=0 tactics=[8, 0, 0, 0, 0, 0, 0, 0]
[2026-08-16T05:39:38Z INFO  steel_front::engine::game] game: wave=1 enemies=8 enemy_hp=100 hp=100/100 score=0 phys_us=4 ai_us=405 audio_us=18 net_us=0
[2026-08-16T05:39:38Z INFO  steel_front] cam: yaw=0.0 pitch=0.0 dist=3.4 mode=FirstPerson cycle_us=2259 update_us=32 render_us=2226
[2026-08-16T05:39:39Z INFO  steel_front::engine::renderer] visible=65536/65536 near=65536 far=0 fps=388.1 frame_us=1933 cull_us=0 terrain_us=0 wait_fence_us=2129 acquire_us=1 record_us=46 submit_us=43 present_us=172 terrain_lod=high blend=0.000 quality=中画质 marker=36 npc=56
[2026-08-16T05:39:39Z INFO  steel_front] gundbg: cam_pos=Vec3(0.0, 1.6, 0.0) v0_world=(0.29,1.33,-0.17) ndc=(1.49,-2.25,0.43)
[2026-08-16T05:39:39Z INFO  steel_front::engine::game] ai: npcs=8 near=8 far=0 idle=0 patrol=0 chase=8 attack=0 tactics=[8, 0, 0, 0, 0, 0, 0, 0]
[2026-08-16T05:39:39Z INFO  steel_front::engine::game] game: wave=1 enemies=8 enemy_hp=100 hp=100/100 score=0 phys_us=1 ai_us=104 audio_us=20 net_us=0
[2026-08-16T05:39:39Z INFO  steel_front] gundbg: cam_pos=Vec3(0.0, 1.6, 0.0) v0_world=(0.29,1.33,-0.17) ndc=(1.49,-2.25,0.43)
[2026-08-16T05:39:39Z INFO  steel_front] gundbg: cam_pos=Vec3(0.0, 1.6, 0.0) v0_world=(0.29,1.33,-0.17) ndc=(1.49,-2.25,0.43)
[2026-08-16T05:39:39Z INFO  steel_front] gundbg: cam_pos=Vec3(0.0, 1.6, 0.0) v0_world=(0.29,1.33,-0.17) ndc=(1.49,-2.25,0.43)
[2026-08-16T05:39:39Z INFO  steel_front] gundbg: cam_pos=Vec3(0.0, 1.6, 0.0) v0_world=(0.29,1.33,-0.17) ndc=(1.49,-2.25,0.43)
[2026-08-16T05:39:39Z INFO  steel_front] gundbg: cam_pos=Vec3(0.0, 1.6, 0.0) v0_world=(0.29,1.33,-0.17) ndc=(1.49,-2.25,0.43)
[2026-08-16T05:39:39Z INFO  steel_front] gundbg: cam_pos=Vec3(0.0, 1.6, 0.0) v0_world=(0.29,1.33,-0.17) ndc=(1.49,-2.25,0.43)
[2026-08-16T05:39:39Z INFO  steel_front] gundbg: cam_pos=Vec3(0.0, 1.6, 0.0) v0_world=(0.29,1.33,-0.17) ndc=(1.49,-2.25,0.43)
[2026-08-16T05:39:39Z INFO  steel_front] gundbg: cam_pos=Vec3(0.0, 1.6, 0.0) v0_world=(0.29,1.33,-0.17) ndc=(1.49,-2.25,0.43)
[2026-08-16T05:39:39Z INFO  steel_front] gundbg: cam_pos=Vec3(0.0, 1.6, 0.0) v0_world=(0.29,1.33,-0.17) ndc=(1.49,-2.25,0.43)
[2026-08-16T05:39:39Z INFO  steel_front] gundbg: cam_pos=Vec3(0.0, 1.6, 0.0) v0_world=(0.29,1.33,-0.17) ndc=(1.49,-2.25,0.43)
[2026-08-16T05:39:39Z INFO  steel_front] gundbg: cam_pos=Vec3(0.0, 1.6, 0.0) v0_world=(0.29,1.33,-0.17) ndc=(1.49,-2.25,0.43)
[2026-08-16T05:39:39Z INFO  steel_front] gundbg: cam_pos=Vec3(0.0, 1.6, 0.0) v0_world=(0.29,1.33,-0.17) ndc=(1.49,-2.25,0.43)
[2026-08-16T05:39:39Z INFO  steel_front] gundbg: cam_pos=Vec3(0.0, 1.6, 0.0) v0_world=(0.29,1.33,-0.17) ndc=(1.49,-2.25,0.43)
[2026-08-16T05:39:39Z INFO  steel_front] gundbg: cam_pos=Vec3(0.0, 1.6, 0.0) v0_world=(0.29,1.33,-0.17) ndc=(1.49,-2.25,0.43)
[2026-08-16T05:39:39Z INFO  steel_front] gundbg: cam_pos=Vec3(0.0, 1.6, 0.0) v0_world=(0.29,1.33,-0.17) ndc=(1.49,-2.25,0.43)
[2026-08-16T05:39:39Z INFO  steel_front] gundbg: cam_pos=Vec3(0.0, 1.6, 0.0) v0_world=(0.29,1.33,-0.17) ndc=(1.49,-2.25,0.43)
[2026-08-16T05:39:39Z INFO  steel_front] gundbg: cam_pos=Vec3(0.0, 1.6, 0.0) v0_world=(0.29,1.33,-0.17) ndc=(1.49,-2.25,0.43)
[2026-08-16T05:39:39Z INFO  steel_front] gundbg: cam_pos=Vec3(0.0, 1.6, 0.0) v0_world=(0.29,1.33,-0.17) ndc=(1.49,-2.25,0.43)
[2026-08-16T05:39:39Z INFO  steel_front] gundbg: cam_pos=Vec3(0.0, 1.6, 0.0) v0_world=(0.29,1.33,-0.17) ndc=(1.49,-2.25,0.43)
[2026-08-16T05:39:39Z INFO  steel_front] cam: yaw=0.0 pitch=0.0 dist=3.4 mode=FirstPerson cycle_us=2950 update_us=26 render_us=2923
[2026-08-16T05:39:40Z INFO  steel_front::engine::renderer] visible=65536/65536 near=65536 far=0 fps=388.7 frame_us=1770 cull_us=0 terrain_us=0 wait_fence_us=2176 acquire_us=1 record_us=30 submit_us=58 present_us=237 terrain_lod=high blend=0.000 quality=中画质 marker=36 npc=56
[2026-08-16T05:39:40Z INFO  steel_front::engine::game] ai: npcs=8 near=8 far=0 idle=0 patrol=0 chase=8 attack=0 tactics=[8, 0, 0, 0, 0, 0, 0, 0]
[2026-08-16T05:39:40Z INFO  steel_front::engine::game] game: wave=1 enemies=8 enemy_hp=100 hp=100/100 score=0 phys_us=1 ai_us=318 audio_us=17 net_us=0
[2026-08-16T05:39:40Z INFO  steel_front] cam: yaw=0.0 pitch=0.0 dist=3.4 mode=FirstPerson cycle_us=2873 update_us=31 render_us=2842
[2026-08-16T05:39:41Z INFO  steel_front::engine::renderer] visible=65536/65536 near=65536 far=0 fps=389.7 frame_us=2133 cull_us=0 terrain_us=0 wait_fence_us=2305 acquire_us=1 record_us=39 submit_us=30 present_us=164 terrain_lod=high blend=0.000 quality=中画质 marker=36 npc=56
[2026-08-16T05:39:41Z INFO  steel_front::engine::game] ai: npcs=8 near=8 far=0 idle=0 patrol=0 chase=8 attack=0 tactics=[8, 0, 0, 0, 0, 0, 0, 0]
[2026-08-16T05:39:41Z INFO  steel_front::engine::game] game: wave=1 enemies=8 enemy_hp=100 hp=100/100 score=0 phys_us=2 ai_us=385 audio_us=8 net_us=0
[2026-08-16T05:39:41Z INFO  steel_front] cam: yaw=0.0 pitch=0.0 dist=3.4 mode=FirstPerson cycle_us=3138 update_us=28 render_us=3109
[2026-08-16T05:39:42Z INFO  steel_front::engine::game] npc: #3 stand (3.4, 0.0, 11.5)
[2026-08-16T05:39:42Z INFO  steel_front::engine::renderer] visible=65536/65536 near=65536 far=0 fps=391.4 frame_us=3291 cull_us=0 terrain_us=0 wait_fence_us=1399 acquire_us=1 record_us=39 submit_us=31 present_us=661 terrain_lod=high blend=0.000 quality=中画质 marker=51 npc=56
[2026-08-16T05:39:42Z INFO  steel_front] size diag: window_inner=2560x1600 hud=2560x1600
[2026-08-16T05:39:42Z INFO  steel_front] size diag: window_inner=2560x1600 hud=2560x1600
[2026-08-16T05:39:42Z INFO  steel_front] size diag: window_inner=2560x1600 hud=2560x1600
[2026-08-16T05:39:42Z INFO  steel_front::engine::game] ai: npcs=8 near=8 far=0 idle=0 patrol=0 chase=7 attack=1 tactics=[8, 0, 0, 0, 0, 0, 0, 0]
[2026-08-16T05:39:42Z INFO  steel_front::engine::game] game: wave=1 enemies=8 enemy_hp=100 hp=100/100 score=0 phys_us=2 ai_us=195 audio_us=14 net_us=0
[2026-08-16T05:39:42Z INFO  steel_front] size diag: window_inner=2560x1600 hud=2560x1600
[2026-08-16T05:39:42Z INFO  steel_front] size diag: window_inner=2560x1600 hud=2560x1600
[2026-08-16T05:39:42Z INFO  steel_front] size diag: window_inner=2560x1600 hud=2560x1600
[2026-08-16T05:39:42Z INFO  steel_front] size diag: window_inner=2560x1600 hud=2560x1600
[2026-08-16T05:39:42Z INFO  steel_front] size diag: window_inner=2560x1600 hud=2560x1600
[2026-08-16T05:39:42Z INFO  steel_front] size diag: window_inner=2560x1600 hud=2560x1600
[2026-08-16T05:39:42Z INFO  steel_front] size diag: window_inner=2560x1600 hud=2560x1600
[2026-08-16T05:39:42Z INFO  steel_front] size diag: window_inner=2560x1600 hud=2560x1600
[2026-08-16T05:39:42Z INFO  steel_front] size diag: window_inner=2560x1600 hud=2560x1600
[2026-08-16T05:39:42Z INFO  steel_front] size diag: window_inner=2560x1600 hud=2560x1600
[2026-08-16T05:39:42Z INFO  steel_front] size diag: window_inner=2560x1600 hud=2560x1600
[2026-08-16T05:39:42Z INFO  steel_front] size diag: window_inner=2560x1600 hud=2560x1600
[2026-08-16T05:39:42Z INFO  steel_front] size diag: window_inner=2560x1600 hud=2560x1600
[2026-08-16T05:39:42Z INFO  steel_front] size diag: window_inner=2560x1600 hud=2560x1600
[2026-08-16T05:39:42Z INFO  steel_front] size diag: window_inner=2560x1600 hud=2560x1600
[2026-08-16T05:39:42Z INFO  steel_front] size diag: window_inner=2560x1600 hud=2560x1600
[2026-08-16T05:39:42Z INFO  steel_front::engine::game] npc: #4 stand (4.0, 0.0, -11.3)
[2026-08-16T05:39:42Z INFO  steel_front] cam: yaw=0.0 pitch=0.0 dist=3.4 mode=FirstPerson cycle_us=2926 update_us=20 render_us=2906
[2026-08-16T05:39:43Z INFO  steel_front::engine::renderer] visible=65536/65536 near=65536 far=0 fps=391.0 frame_us=2786 cull_us=0 terrain_us=0 wait_fence_us=1975 acquire_us=1 record_us=20 submit_us=18 present_us=588 terrain_lod=high blend=0.000 quality=中画质 marker=36 npc=56
[2026-08-16T05:39:43Z INFO  steel_front::engine::game] ai: npcs=8 near=8 far=0 idle=0 patrol=0 chase=6 attack=2 tactics=[8, 0, 0, 0, 0, 0, 0, 0]
[2026-08-16T05:39:43Z INFO  steel_front::engine::game] game: wave=1 enemies=8 enemy_hp=100 hp=100/100 score=0 phys_us=2 ai_us=431 audio_us=11 net_us=0
[2026-08-16T05:39:43Z INFO  steel_front::engine::game] npc: #1 stand (-11.4, 0.0, 3.6)
[2026-08-16T05:39:43Z INFO  steel_front] cam: yaw=0.0 pitch=0.0 dist=3.4 mode=FirstPerson cycle_us=2388 update_us=31 render_us=2356
[2026-08-16T05:39:44Z INFO  steel_front::engine::renderer] visible=65536/65536 near=65536 far=0 fps=372.9 frame_us=2178 cull_us=0 terrain_us=0 wait_fence_us=2341 acquire_us=1 record_us=37 submit_us=26 present_us=179 terrain_lod=high blend=0.000 quality=中画质 marker=62 npc=56
[2026-08-16T05:39:44Z INFO  steel_front] gundbg: cam_pos=Vec3(0.0, 1.6, 0.0) v0_world=(0.29,1.33,-0.17) ndc=(1.48,-2.25,0.43)
[2026-08-16T05:39:44Z INFO  steel_front] gundbg: cam_pos=Vec3(0.0, 1.6, 0.0) v0_world=(0.29,1.33,-0.17) ndc=(1.48,-2.25,0.43)
[2026-08-16T05:39:44Z INFO  steel_front] gundbg: cam_pos=Vec3(0.0, 1.6, 0.0) v0_world=(0.29,1.33,-0.17) ndc=(1.48,-2.25,0.43)
[2026-08-16T05:39:44Z INFO  steel_front::engine::game] ai: npcs=8 near=8 far=0 idle=0 patrol=0 chase=5 attack=3 tactics=[8, 0, 0, 0, 0, 0, 0, 0]
[2026-08-16T05:39:44Z INFO  steel_front::engine::game] game: wave=1 enemies=8 enemy_hp=100 hp=100/100 score=0 phys_us=2 ai_us=185 audio_us=20 net_us=0
[2026-08-16T05:39:44Z INFO  steel_front] gundbg: cam_pos=Vec3(0.0, 1.6, 0.0) v0_world=(0.29,1.33,-0.17) ndc=(1.48,-2.25,0.43)
[2026-08-16T05:39:44Z INFO  steel_front] gundbg: cam_pos=Vec3(0.0, 1.6, 0.0) v0_world=(0.29,1.33,-0.17) ndc=(1.48,-2.25,0.43)
[2026-08-16T05:39:44Z INFO  steel_front] gundbg: cam_pos=Vec3(0.0, 1.6, 0.0) v0_world=(0.29,1.33,-0.17) ndc=(1.48,-2.25,0.43)
[2026-08-16T05:39:44Z INFO  steel_front] gundbg: cam_pos=Vec3(0.0, 1.6, 0.0) v0_world=(0.29,1.33,-0.17) ndc=(1.48,-2.25,0.43)
[2026-08-16T05:39:44Z INFO  steel_front] gundbg: cam_pos=Vec3(0.0, 1.6, 0.0) v0_world=(0.29,1.33,-0.17) ndc=(1.49,-2.25,0.43)
[2026-08-16T05:39:44Z INFO  steel_front] gundbg: cam_pos=Vec3(0.0, 1.6, 0.0) v0_world=(0.29,1.33,-0.17) ndc=(1.49,-2.25,0.43)
[2026-08-16T05:39:44Z INFO  steel_front] gundbg: cam_pos=Vec3(0.0, 1.6, 0.0) v0_world=(0.29,1.33,-0.17) ndc=(1.49,-2.25,0.43)
[2026-08-16T05:39:44Z INFO  steel_front] gundbg: cam_pos=Vec3(0.0, 1.6, 0.0) v0_world=(0.29,1.33,-0.17) ndc=(1.49,-2.25,0.43)
[2026-08-16T05:39:44Z INFO  steel_front] gundbg: cam_pos=Vec3(0.0, 1.6, 0.0) v0_world=(0.29,1.33,-0.17) ndc=(1.49,-2.25,0.43)
[2026-08-16T05:39:44Z INFO  steel_front] gundbg: cam_pos=Vec3(0.0, 1.6, 0.0) v0_world=(0.29,1.33,-0.17) ndc=(1.49,-2.25,0.43)
[2026-08-16T05:39:44Z INFO  steel_front] gundbg: cam_pos=Vec3(0.0, 1.6, 0.0) v0_world=(0.29,1.33,-0.17) ndc=(1.49,-2.25,0.43)
[2026-08-16T05:39:44Z INFO  steel_front] gundbg: cam_pos=Vec3(0.0, 1.6, 0.0) v0_world=(0.29,1.33,-0.17) ndc=(1.49,-2.25,0.43)
[2026-08-16T05:39:44Z INFO  steel_front] gundbg: cam_pos=Vec3(0.0, 1.6, 0.0) v0_world=(0.29,1.33,-0.17) ndc=(1.49,-2.25,0.43)
[2026-08-16T05:39:44Z INFO  steel_front] gundbg: cam_pos=Vec3(0.0, 1.6, 0.0) v0_world=(0.29,1.33,-0.17) ndc=(1.49,-2.25,0.43)
[2026-08-16T05:39:44Z INFO  steel_front] gundbg: cam_pos=Vec3(0.0, 1.6, 0.0) v0_world=(0.29,1.33,-0.17) ndc=(1.49,-2.25,0.43)
[2026-08-16T05:39:44Z INFO  steel_front] gundbg: cam_pos=Vec3(0.0, 1.6, 0.0) v0_world=(0.29,1.33,-0.17) ndc=(1.49,-2.25,0.43)
[2026-08-16T05:39:44Z INFO  steel_front] cam: yaw=0.0 pitch=0.0 dist=3.4 mode=FirstPerson cycle_us=3120 update_us=29 render_us=3090
[2026-08-16T05:39:45Z INFO  steel_front::engine::renderer] visible=65536/65536 near=65536 far=0 fps=384.2 frame_us=3218 cull_us=0 terrain_us=0 wait_fence_us=1614 acquire_us=1 record_us=40 submit_us=25 present_us=618 terrain_lod=high blend=0.000 quality=中画质 marker=53 npc=56
[2026-08-16T05:39:45Z INFO  steel_front::engine::game] ai: npcs=8 near=8 far=0 idle=0 patrol=0 chase=5 attack=3 tactics=[8, 0, 0, 0, 0, 0, 0, 0]
[2026-08-16T05:39:45Z INFO  steel_front::engine::game] game: wave=1 enemies=8 enemy_hp=100 hp=100/100 score=0 phys_us=2 ai_us=401 audio_us=17 net_us=0
[2026-08-16T05:39:45Z INFO  steel_front] cam: yaw=0.0 pitch=0.0 dist=3.4 mode=FirstPerson cycle_us=2500 update_us=31 render_us=2468
[2026-08-16T05:39:46Z INFO  steel_front::engine::renderer] visible=65536/65536 near=65536 far=0 fps=384.2 frame_us=2212 cull_us=0 terrain_us=0 wait_fence_us=2268 acquire_us=1 record_us=40 submit_us=27 present_us=238 terrain_lod=high blend=0.000 quality=中画质 marker=63 npc=56
[2026-08-16T05:39:46Z INFO  steel_front::engine::game] ai: npcs=8 near=8 far=0 idle=0 patrol=0 chase=5 attack=3 tactics=[8, 0, 0, 0, 0, 0, 0, 0]
[2026-08-16T05:39:46Z INFO  steel_front::engine::game] game: wave=1 enemies=8 enemy_hp=100 hp=100/100 score=0 phys_us=2 ai_us=406 audio_us=17 net_us=0
[2026-08-16T05:39:46Z INFO  steel_front] cam: yaw=0.0 pitch=0.0 dist=3.4 mode=FirstPerson cycle_us=2027 update_us=15 render_us=2011
[2026-08-16T05:39:47Z INFO  steel_front::engine::renderer] visible=65536/65536 near=65536 far=0 fps=384.3 frame_us=2138 cull_us=0 terrain_us=0 wait_fence_us=1883 acquire_us=0 record_us=40 submit_us=45 present_us=189 terrain_lod=high blend=0.000 quality=中画质 marker=55 npc=56
[2026-08-16T05:39:47Z INFO  steel_front] size diag: window_inner=2560x1600 hud=2560x1600
[2026-08-16T05:39:47Z INFO  steel_front] size diag: window_inner=2560x1600 hud=2560x1600
[2026-08-16T05:39:47Z INFO  steel_front] size diag: window_inner=2560x1600 hud=2560x1600
[2026-08-16T05:39:47Z INFO  steel_front] size diag: window_inner=2560x1600 hud=2560x1600
[2026-08-16T05:39:47Z INFO  steel_front] size diag: window_inner=2560x1600 hud=2560x1600
[2026-08-16T05:39:47Z INFO  steel_front] size diag: window_inner=2560x1600 hud=2560x1600
[2026-08-16T05:39:47Z INFO  steel_front::engine::game] ai: npcs=8 near=8 far=0 idle=0 patrol=0 chase=5 attack=3 tactics=[8, 0, 0, 0, 0, 0, 0, 0]
[2026-08-16T05:39:47Z INFO  steel_front::engine::game] game: wave=1 enemies=8 enemy_hp=100 hp=100/100 score=0 phys_us=2 ai_us=191 audio_us=18 net_us=0
[2026-08-16T05:39:47Z INFO  steel_front] size diag: window_inner=2560x1600 hud=2560x1600
[2026-08-16T05:39:47Z INFO  steel_front] size diag: window_inner=2560x1600 hud=2560x1600
[2026-08-16T05:39:47Z INFO  steel_front] size diag: window_inner=2560x1600 hud=2560x1600
[2026-08-16T05:39:47Z INFO  steel_front] size diag: window_inner=2560x1600 hud=2560x1600
[2026-08-16T05:39:47Z INFO  steel_front] size diag: window_inner=2560x1600 hud=2560x1600
[2026-08-16T05:39:47Z INFO  steel_front] size diag: window_inner=2560x1600 hud=2560x1600
[2026-08-16T05:39:47Z INFO  steel_front] size diag: window_inner=2560x1600 hud=2560x1600
[2026-08-16T05:39:47Z INFO  steel_front] size diag: window_inner=2560x1600 hud=2560x1600
[2026-08-16T05:39:47Z INFO  steel_front] size diag: window_inner=2560x1600 hud=2560x1600
[2026-08-16T05:39:47Z INFO  steel_front] size diag: window_inner=2560x1600 hud=2560x1600
[2026-08-16T05:39:47Z INFO  steel_front] size diag: window_inner=2560x1600 hud=2560x1600
[2026-08-16T05:39:47Z INFO  steel_front] size diag: window_inner=2560x1600 hud=2560x1600
[2026-08-16T05:39:47Z INFO  steel_front] size diag: window_inner=2560x1600 hud=2560x1600
[2026-08-16T05:39:47Z INFO  steel_front] size diag: window_inner=2560x1600 hud=2560x1600
[2026-08-16T05:39:47Z INFO  steel_front] cam: yaw=0.0 pitch=0.0 dist=3.4 mode=FirstPerson cycle_us=2215 update_us=16 render_us=2198
[2026-08-16T05:39:48Z INFO  steel_front::engine::game] npc: #5 stand (11.8, 0.0, 2.0)
[2026-08-16T05:39:48Z INFO  steel_front::engine::renderer] visible=65536/65536 near=65536 far=0 fps=384.3 frame_us=2219 cull_us=0 terrain_us=0 wait_fence_us=1907 acquire_us=1 record_us=36 submit_us=40 present_us=192 terrain_lod=high blend=0.000 quality=中画质 marker=62 npc=56
[2026-08-16T05:39:48Z INFO  steel_front::engine::game] ai: npcs=8 near=8 far=0 idle=0 patrol=0 chase=4 attack=4 tactics=[8, 0, 0, 0, 0, 0, 0, 0]
[2026-08-16T05:39:48Z INFO  steel_front::engine::game] game: wave=1 enemies=8 enemy_hp=100 hp=100/100 score=0 phys_us=1 ai_us=322 audio_us=22 net_us=0
[2026-08-16T05:39:48Z INFO  steel_front] cam: yaw=0.0 pitch=0.0 dist=3.4 mode=FirstPerson cycle_us=2623 update_us=47 render_us=2576
[2026-08-16T05:39:49Z INFO  steel_front::engine::game] npc: #7 stand (11.5, 0.0, 3.4)
[2026-08-16T05:39:49Z INFO  steel_front::engine::renderer] visible=65536/65536 near=65536 far=0 fps=379.6 frame_us=2012 cull_us=0 terrain_us=0 wait_fence_us=2151 acquire_us=1 record_us=41 submit_us=35 present_us=238 terrain_lod=high blend=0.000 quality=中画质 marker=78 npc=56
[2026-08-16T05:39:49Z INFO  steel_front] gundbg: cam_pos=Vec3(0.0, 1.6, 0.0) v0_world=(0.29,1.33,-0.17) ndc=(1.47,-2.25,0.43)
[2026-08-16T05:39:49Z INFO  steel_front] gundbg: cam_pos=Vec3(0.0, 1.6, 0.0) v0_world=(0.29,1.33,-0.17) ndc=(1.47,-2.25,0.43)
[2026-08-16T05:39:49Z INFO  steel_front] gundbg: cam_pos=Vec3(0.0, 1.6, 0.0) v0_world=(0.29,1.33,-0.17) ndc=(1.47,-2.25,0.43)
[2026-08-16T05:39:49Z INFO  steel_front] gundbg: cam_pos=Vec3(0.0, 1.6, 0.0) v0_world=(0.29,1.33,-0.17) ndc=(1.47,-2.25,0.43)
[2026-08-16T05:39:49Z INFO  steel_front] gundbg: cam_pos=Vec3(0.0, 1.6, 0.0) v0_world=(0.29,1.33,-0.17) ndc=(1.47,-2.25,0.43)
[2026-08-16T05:39:49Z INFO  steel_front] gundbg: cam_pos=Vec3(0.0, 1.6, 0.0) v0_world=(0.29,1.33,-0.17) ndc=(1.47,-2.25,0.43)
[2026-08-16T05:39:49Z INFO  steel_front] gundbg: cam_pos=Vec3(0.0, 1.6, 0.0) v0_world=(0.29,1.33,-0.17) ndc=(1.47,-2.25,0.43)
[2026-08-16T05:39:49Z INFO  steel_front::engine::game] ai: npcs=8 near=8 far=0 idle=0 patrol=0 chase=3 attack=5 tactics=[8, 0, 0, 0, 0, 0, 0, 0]
[2026-08-16T05:39:49Z INFO  steel_front::engine::game] game: wave=1 enemies=8 enemy_hp=100 hp=100/100 score=0 phys_us=1 ai_us=128 audio_us=20 net_us=0
[2026-08-16T05:39:49Z INFO  steel_front] gundbg: cam_pos=Vec3(0.0, 1.6, 0.0) v0_world=(0.29,1.33,-0.17) ndc=(1.47,-2.25,0.43)
[2026-08-16T05:39:49Z INFO  steel_front] gundbg: cam_pos=Vec3(0.0, 1.6, 0.0) v0_world=(0.29,1.33,-0.17) ndc=(1.48,-2.25,0.43)
[2026-08-16T05:39:49Z INFO  steel_front] gundbg: cam_pos=Vec3(0.0, 1.6, 0.0) v0_world=(0.29,1.33,-0.17) ndc=(1.48,-2.25,0.43)
[2026-08-16T05:39:49Z INFO  steel_front] gundbg: cam_pos=Vec3(0.0, 1.6, 0.0) v0_world=(0.29,1.33,-0.17) ndc=(1.48,-2.25,0.43)
[2026-08-16T05:39:49Z INFO  steel_front] gundbg: cam_pos=Vec3(0.0, 1.6, 0.0) v0_world=(0.29,1.33,-0.17) ndc=(1.48,-2.25,0.43)
[2026-08-16T05:39:49Z INFO  steel_front] gundbg: cam_pos=Vec3(0.0, 1.6, 0.0) v0_world=(0.29,1.33,-0.17) ndc=(1.48,-2.25,0.43)
[2026-08-16T05:39:49Z INFO  steel_front] gundbg: cam_pos=Vec3(0.0, 1.6, 0.0) v0_world=(0.29,1.33,-0.17) ndc=(1.48,-2.25,0.43)
[2026-08-16T05:39:49Z INFO  steel_front] gundbg: cam_pos=Vec3(0.0, 1.6, 0.0) v0_world=(0.29,1.33,-0.17) ndc=(1.48,-2.25,0.43)
[2026-08-16T05:39:49Z INFO  steel_front] gundbg: cam_pos=Vec3(0.0, 1.6, 0.0) v0_world=(0.29,1.33,-0.17) ndc=(1.48,-2.25,0.43)
[2026-08-16T05:39:49Z INFO  steel_front] gundbg: cam_pos=Vec3(0.0, 1.6, 0.0) v0_world=(0.29,1.33,-0.17) ndc=(1.48,-2.25,0.43)
[2026-08-16T05:39:49Z INFO  steel_front] gundbg: cam_pos=Vec3(0.0, 1.6, 0.0) v0_world=(0.29,1.33,-0.17) ndc=(1.48,-2.25,0.43)
[2026-08-16T05:39:49Z INFO  steel_front] gundbg: cam_pos=Vec3(0.0, 1.6, 0.0) v0_world=(0.29,1.33,-0.17) ndc=(1.49,-2.25,0.43)
[2026-08-16T05:39:49Z INFO  steel_front] gundbg: cam_pos=Vec3(0.0, 1.6, 0.0) v0_world=(0.29,1.33,-0.17) ndc=(1.49,-2.25,0.43)
[2026-08-16T05:39:49Z INFO  steel_front] cam: yaw=0.0 pitch=0.0 dist=3.4 mode=FirstPerson cycle_us=2159 update_us=18 render_us=2140
[2026-08-16T05:39:50Z INFO  steel_front::engine::renderer] visible=65536/65536 near=65536 far=0 fps=382.9 frame_us=3072 cull_us=0 terrain_us=0 wait_fence_us=2212 acquire_us=0 record_us=22 submit_us=17 present_us=658 terrain_lod=high blend=0.000 quality=中画质 marker=82 npc=56
[2026-08-16T05:39:50Z INFO  steel_front::engine::game] ai: npcs=8 near=8 far=0 idle=0 patrol=0 chase=3 attack=5 tactics=[8, 0, 0, 0, 0, 0, 0, 0]
[2026-08-16T05:39:50Z INFO  steel_front::engine::game] game: wave=1 enemies=8 enemy_hp=100 hp=100/100 score=0 phys_us=1 ai_us=433 audio_us=14 net_us=0
[2026-08-16T05:39:50Z INFO  steel_front::engine::game] npc: #2 stand (1.8, 0.0, -11.9)
[2026-08-16T05:39:50Z INFO  steel_front::engine::game] npc: #0 stand (2.9, 0.0, -11.6)
[2026-08-16T05:39:50Z INFO  steel_front] cam: yaw=0.0 pitch=0.0 dist=3.4 mode=FirstPerson cycle_us=2214 update_us=42 render_us=2171
[2026-08-16T05:39:51Z INFO  steel_front::engine::renderer] visible=65536/65536 near=65536 far=0 fps=379.3 frame_us=2893 cull_us=0 terrain_us=0 wait_fence_us=1711 acquire_us=1 record_us=48 submit_us=42 present_us=601 terrain_lod=high blend=0.000 quality=中画质 marker=84 npc=56
[2026-08-16T05:39:51Z INFO  steel_front::engine::game] ai: npcs=8 near=8 far=0 idle=0 patrol=0 chase=1 attack=7 tactics=[8, 0, 0, 0, 0, 0, 0, 0]
[2026-08-16T05:39:51Z INFO  steel_front::engine::game] game: wave=1 enemies=8 enemy_hp=100 hp=100/100 score=0 phys_us=2 ai_us=408 audio_us=12 net_us=0
[2026-08-16T05:39:51Z INFO  steel_front] cam: yaw=0.0 pitch=0.0 dist=3.4 mode=FirstPerson cycle_us=2205 update_us=42 render_us=2162
[2026-08-16T05:39:52Z INFO  steel_front::engine::renderer] visible=65536/65536 near=65536 far=0 fps=383.5 frame_us=2002 cull_us=1 terrain_us=0 wait_fence_us=2285 acquire_us=1 record_us=51 submit_us=49 present_us=194 terrain_lod=high blend=0.000 quality=中画质 marker=84 npc=56
[2026-08-16T05:39:52Z INFO  steel_front] size diag: window_inner=2560x1600 hud=2560x1600
[2026-08-16T05:39:52Z INFO  steel_front] size diag: window_inner=2560x1600 hud=2560x1600
[2026-08-16T05:39:52Z INFO  steel_front] size diag: window_inner=2560x1600 hud=2560x1600
[2026-08-16T05:39:52Z INFO  steel_front] size diag: window_inner=2560x1600 hud=2560x1600
[2026-08-16T05:39:52Z INFO  steel_front] size diag: window_inner=2560x1600 hud=2560x1600
[2026-08-16T05:39:52Z INFO  steel_front] size diag: window_inner=2560x1600 hud=2560x1600
[2026-08-16T05:39:52Z INFO  steel_front] size diag: window_inner=2560x1600 hud=2560x1600
[2026-08-16T05:39:52Z INFO  steel_front] size diag: window_inner=2560x1600 hud=2560x1600
[2026-08-16T05:39:52Z INFO  steel_front] size diag: window_inner=2560x1600 hud=2560x1600
[2026-08-16T05:39:52Z INFO  steel_front::engine::game] ai: npcs=8 near=8 far=0 idle=0 patrol=0 chase=1 attack=7 tactics=[8, 0, 0, 0, 0, 0, 0, 0]
[2026-08-16T05:39:52Z INFO  steel_front::engine::game] game: wave=1 enemies=8 enemy_hp=100 hp=100/100 score=0 phys_us=1 ai_us=97 audio_us=22 net_us=0
[2026-08-16T05:39:52Z INFO  steel_front] size diag: window_inner=2560x1600 hud=2560x1600
[2026-08-16T05:39:52Z INFO  steel_front] size diag: window_inner=2560x1600 hud=2560x1600
[2026-08-16T05:39:52Z INFO  steel_front] size diag: window_inner=2560x1600 hud=2560x1600
[2026-08-16T05:39:52Z INFO  steel_front] size diag: window_inner=2560x1600 hud=2560x1600
[2026-08-16T05:39:52Z INFO  steel_front] size diag: window_inner=2560x1600 hud=2560x1600
[2026-08-16T05:39:52Z INFO  steel_front] size diag: window_inner=2560x1600 hud=2560x1600
[2026-08-16T05:39:52Z INFO  steel_front] size diag: window_inner=2560x1600 hud=2560x1600
[2026-08-16T05:39:52Z INFO  steel_front] size diag: window_inner=2560x1600 hud=2560x1600
[2026-08-16T05:39:52Z INFO  steel_front] size diag: window_inner=2560x1600 hud=2560x1600
[2026-08-16T05:39:52Z INFO  steel_front] size diag: window_inner=2560x1600 hud=2560x1600
[2026-08-16T05:39:52Z INFO  steel_front] cam: yaw=0.0 pitch=0.0 dist=3.4 mode=FirstPerson cycle_us=2383 update_us=18 render_us=2364
[2026-08-16T05:39:53Z INFO  steel_front::engine::renderer] visible=65536/65536 near=65536 far=0 fps=381.9 frame_us=2715 cull_us=0 terrain_us=0 wait_fence_us=1916 acquire_us=1 record_us=54 submit_us=49 present_us=676 terrain_lod=high blend=0.000 quality=中画质 marker=84 npc=56
[2026-08-16T05:39:53Z INFO  steel_front::engine::game] ai: npcs=8 near=8 far=0 idle=0 patrol=0 chase=1 attack=7 tactics=[8, 0, 0, 0, 0, 0, 0, 0]
[2026-08-16T05:39:53Z INFO  steel_front::engine::game] game: wave=1 enemies=8 enemy_hp=100 hp=100/100 score=0 phys_us=2 ai_us=414 audio_us=22 net_us=0
[2026-08-16T05:39:53Z INFO  steel_front] cam: yaw=0.0 pitch=0.0 dist=3.4 mode=FirstPerson cycle_us=3242 update_us=33 render_us=3209
[2026-08-16T05:39:54Z INFO  steel_front::engine::renderer] visible=65536/65536 near=65536 far=0 fps=382.6 frame_us=2570 cull_us=0 terrain_us=0 wait_fence_us=2133 acquire_us=1 record_us=23 submit_us=21 present_us=113 terrain_lod=high blend=0.000 quality=中画质 marker=84 npc=56
[2026-08-16T05:39:54Z INFO  steel_front] gundbg: cam_pos=Vec3(0.0, 1.6, 0.0) v0_world=(0.28,1.33,-0.17) ndc=(1.45,-2.25,0.43)
[2026-08-16T05:39:54Z INFO  steel_front] gundbg: cam_pos=Vec3(0.0, 1.6, 0.0) v0_world=(0.28,1.33,-0.17) ndc=(1.45,-2.25,0.43)
[2026-08-16T05:39:54Z INFO  steel_front] gundbg: cam_pos=Vec3(0.0, 1.6, 0.0) v0_world=(0.28,1.33,-0.17) ndc=(1.46,-2.25,0.43)
[2026-08-16T05:39:54Z INFO  steel_front] gundbg: cam_pos=Vec3(0.0, 1.6, 0.0) v0_world=(0.28,1.33,-0.17) ndc=(1.46,-2.25,0.43)
[2026-08-16T05:39:54Z INFO  steel_front] gundbg: cam_pos=Vec3(0.0, 1.6, 0.0) v0_world=(0.28,1.33,-0.17) ndc=(1.46,-2.25,0.43)
[2026-08-16T05:39:54Z INFO  steel_front] gundbg: cam_pos=Vec3(0.0, 1.6, 0.0) v0_world=(0.29,1.33,-0.17) ndc=(1.46,-2.25,0.43)
[2026-08-16T05:39:54Z INFO  steel_front] gundbg: cam_pos=Vec3(0.0, 1.6, 0.0) v0_world=(0.29,1.33,-0.17) ndc=(1.46,-2.25,0.43)
[2026-08-16T05:39:54Z INFO  steel_front] gundbg: cam_pos=Vec3(0.0, 1.6, 0.0) v0_world=(0.29,1.33,-0.17) ndc=(1.46,-2.25,0.43)
[2026-08-16T05:39:54Z INFO  steel_front] gundbg: cam_pos=Vec3(0.0, 1.6, 0.0) v0_world=(0.29,1.33,-0.17) ndc=(1.46,-2.25,0.43)
[2026-08-16T05:39:54Z INFO  steel_front] gundbg: cam_pos=Vec3(0.0, 1.6, 0.0) v0_world=(0.29,1.33,-0.17) ndc=(1.47,-2.25,0.43)
[2026-08-16T05:39:54Z INFO  steel_front::engine::game] ai: npcs=8 near=8 far=0 idle=0 patrol=0 chase=1 attack=7 tactics=[8, 0, 0, 0, 0, 0, 0, 0]
[2026-08-16T05:39:54Z INFO  steel_front::engine::game] game: wave=1 enemies=8 enemy_hp=100 hp=100/100 score=0 phys_us=1 ai_us=92 audio_us=13 net_us=0
[2026-08-16T05:39:54Z INFO  steel_front] gundbg: cam_pos=Vec3(0.0, 1.6, 0.0) v0_world=(0.29,1.33,-0.17) ndc=(1.47,-2.25,0.43)
[2026-08-16T05:39:54Z INFO  steel_front] gundbg: cam_pos=Vec3(0.0, 1.6, 0.0) v0_world=(0.29,1.33,-0.17) ndc=(1.47,-2.25,0.43)
[2026-08-16T05:39:54Z INFO  steel_front] gundbg: cam_pos=Vec3(0.0, 1.6, 0.0) v0_world=(0.29,1.33,-0.17) ndc=(1.47,-2.25,0.43)
[2026-08-16T05:39:54Z INFO  steel_front] gundbg: cam_pos=Vec3(0.0, 1.6, 0.0) v0_world=(0.29,1.33,-0.17) ndc=(1.47,-2.25,0.43)
[2026-08-16T05:39:54Z INFO  steel_front] gundbg: cam_pos=Vec3(0.0, 1.6, 0.0) v0_world=(0.29,1.33,-0.17) ndc=(1.47,-2.25,0.43)
[2026-08-16T05:39:54Z INFO  steel_front] gundbg: cam_pos=Vec3(0.0, 1.6, 0.0) v0_world=(0.29,1.33,-0.17) ndc=(1.47,-2.25,0.43)
[2026-08-16T05:39:54Z INFO  steel_front] gundbg: cam_pos=Vec3(0.0, 1.6, 0.0) v0_world=(0.29,1.33,-0.17) ndc=(1.47,-2.25,0.43)
[2026-08-16T05:39:54Z INFO  steel_front] gundbg: cam_pos=Vec3(0.0, 1.6, 0.0) v0_world=(0.29,1.33,-0.17) ndc=(1.48,-2.25,0.43)
[2026-08-16T05:39:54Z INFO  steel_front] gundbg: cam_pos=Vec3(0.0, 1.6, 0.0) v0_world=(0.29,1.33,-0.17) ndc=(1.48,-2.25,0.43)
[2026-08-16T05:39:54Z INFO  steel_front::engine::game] npc: #6 stand (2.1, 0.0, -11.8)
[2026-08-16T05:39:54Z INFO  steel_front] cam: yaw=0.0 pitch=0.0 dist=3.4 mode=FirstPerson cycle_us=2670 update_us=20 render_us=2650
[2026-08-16T05:39:55Z INFO  steel_front::engine::renderer] visible=65536/65536 near=65536 far=0 fps=379.6 frame_us=2790 cull_us=0 terrain_us=0 wait_fence_us=1388 acquire_us=0 record_us=52 submit_us=47 present_us=717 terrain_lod=high blend=0.000 quality=中画质 marker=84 npc=56
[2026-08-16T05:39:55Z INFO  steel_front::engine::game] map: level 1 generated: 36 obstacle bodies (wall=20 block=0 barrier=0 tree=3 building=6 ruin=7), 203 grid cells blocked
[2026-08-16T05:39:55Z INFO  steel_front::engine::game] game: purged 8 leftover npcs on run start
[2026-08-16T05:39:55Z INFO  steel_front::engine::game] wave: npc #8 spawn (65.3, 0.0, 25.3)
[2026-08-16T05:39:55Z INFO  steel_front::engine::game] wave: npc #9 spawn (6.1, 0.0, 39.5)
[2026-08-16T05:39:55Z INFO  steel_front::engine::game] wave: npc #10 spawn (-46.8, 0.0, 37.6)
[2026-08-16T05:39:55Z INFO  steel_front::engine::game] wave: npc #11 spawn (-74.6, 0.0, -28.9)
[2026-08-16T05:39:55Z INFO  steel_front::engine::game] wave: npc #12 spawn (-7.6, 0.0, -49.4)
[2026-08-16T05:39:55Z INFO  steel_front::engine::game] wave: npc #13 spawn (54.6, 0.0, -43.9)
[2026-08-16T05:39:55Z INFO  steel_front::engine::game] wave: wave 1 spawned 6 enemies (kind=Normal total=6 speed=4.0 hp=100 effective=1)
[2026-08-16T05:39:55Z INFO  steel_front::engine::game] game: run started (wave 1)
[2026-08-16T05:39:55Z INFO  steel_front] input: cursor captured (mouse look on, grab=locked, look=relative)
[2026-08-16T05:39:55Z INFO  steel_front::engine::game] physics: 36 events this frame (GroundHit, GroundHit, GroundHit, GroundHit, GroundHit, GroundHit, GroundHit, GroundHit, GroundHit, GroundHit, GroundHit, GroundHit, GroundHit, GroundHit, GroundHit, GroundHit, GroundHit, GroundHit, GroundHit, GroundHit, GroundHit, GroundHit, GroundHit, GroundHit, GroundHit, GroundHit, GroundHit, GroundHit, GroundHit, GroundHit, GroundHit, GroundHit, GroundHit, GroundHit, GroundHit, GroundHit)
[2026-08-16T05:39:55Z INFO  steel_front::engine::game] ai: npcs=6 near=6 far=0 idle=0 patrol=3 chase=3 attack=0 tactics=[4, 1, 1, 0, 0, 0, 0, 0]
[2026-08-16T05:39:55Z INFO  steel_front::engine::game] game: wave=1 enemies=6 enemy_hp=100 hp=100/100 score=0 phys_us=2 ai_us=409 audio_us=13 net_us=0
[2026-08-16T05:39:55Z INFO  steel_front] cam: yaw=0.0 pitch=0.0 dist=3.4 mode=FirstPerson cycle_us=3353 update_us=16 render_us=3337
[2026-08-16T05:39:56Z INFO  steel_front::engine::renderer] visible=65536/65536 near=65536 far=0 fps=397.4 frame_us=2081 cull_us=1 terrain_us=0 wait_fence_us=1774 acquire_us=1 record_us=55 submit_us=48 present_us=212 terrain_lod=high blend=0.000 quality=中画质 marker=36 npc=98
[2026-08-16T05:39:56Z INFO  steel_front::engine::game] ai: npcs=6 near=6 far=0 idle=0 patrol=3 chase=3 attack=0 tactics=[4, 1, 1, 0, 0, 0, 0, 0]
[2026-08-16T05:39:56Z INFO  steel_front::engine::game] game: wave=1 enemies=6 enemy_hp=100 hp=100/100 score=0 phys_us=2 ai_us=415 audio_us=19 net_us=0
[2026-08-16T05:39:56Z INFO  steel_front] cam: yaw=0.0 pitch=0.0 dist=3.4 mode=FirstPerson cycle_us=2488 update_us=19 render_us=2469
[2026-08-16T05:39:57Z INFO  steel_front::engine::renderer] visible=65536/65536 near=65536 far=0 fps=404.6 frame_us=2071 cull_us=1 terrain_us=0 wait_fence_us=1435 acquire_us=1 record_us=52 submit_us=63 present_us=157 terrain_lod=high blend=0.000 quality=中画质 marker=36 npc=98
[2026-08-16T05:39:57Z INFO  steel_front] size diag: window_inner=2560x1600 hud=2560x1600
[2026-08-16T05:39:57Z INFO  steel_front] size diag: window_inner=2560x1600 hud=2560x1600
[2026-08-16T05:39:57Z INFO  steel_front] size diag: window_inner=2560x1600 hud=2560x1600
[2026-08-16T05:39:57Z INFO  steel_front] size diag: window_inner=2560x1600 hud=2560x1600
[2026-08-16T05:39:57Z INFO  steel_front] size diag: window_inner=2560x1600 hud=2560x1600
[2026-08-16T05:39:57Z INFO  steel_front] size diag: window_inner=2560x1600 hud=2560x1600
[2026-08-16T05:39:57Z INFO  steel_front] size diag: window_inner=2560x1600 hud=2560x1600
[2026-08-16T05:39:57Z INFO  steel_front] size diag: window_inner=2560x1600 hud=2560x1600
[2026-08-16T05:39:57Z INFO  steel_front] size diag: window_inner=2560x1600 hud=2560x1600
[2026-08-16T05:39:57Z INFO  steel_front] size diag: window_inner=2560x1600 hud=2560x1600
[2026-08-16T05:39:57Z INFO  steel_front] size diag: window_inner=2560x1600 hud=2560x1600
[2026-08-16T05:39:57Z INFO  steel_front] size diag: window_inner=2560x1600 hud=2560x1600
[2026-08-16T05:39:57Z INFO  steel_front::engine::game] ai: npcs=6 near=6 far=0 idle=0 patrol=3 chase=3 attack=0 tactics=[4, 1, 1, 0, 0, 0, 0, 0]
[2026-08-16T05:39:57Z INFO  steel_front::engine::game] game: wave=1 enemies=6 enemy_hp=100 hp=100/100 score=0 phys_us=1 ai_us=137 audio_us=20 net_us=0
[2026-08-16T05:39:57Z INFO  steel_front] size diag: window_inner=2560x1600 hud=2560x1600
[2026-08-16T05:39:57Z INFO  steel_front] size diag: window_inner=2560x1600 hud=2560x1600
[2026-08-16T05:39:57Z INFO  steel_front] size diag: window_inner=2560x1600 hud=2560x1600
[2026-08-16T05:39:57Z INFO  steel_front] size diag: window_inner=2560x1600 hud=2560x1600
[2026-08-16T05:39:57Z INFO  steel_front] size diag: window_inner=2560x1600 hud=2560x1600
[2026-08-16T05:39:57Z INFO  steel_front] size diag: window_inner=2560x1600 hud=2560x1600
[2026-08-16T05:39:57Z INFO  steel_front] size diag: window_inner=2560x1600 hud=2560x1600
[2026-08-16T05:39:57Z INFO  steel_front] size diag: window_inner=2560x1600 hud=2560x1600
[2026-08-16T05:39:57Z INFO  steel_front] cam: yaw=0.0 pitch=0.0 dist=3.4 mode=FirstPerson cycle_us=2317 update_us=38 render_us=2278
[2026-08-16T05:39:58Z INFO  steel_front::engine::renderer] visible=65536/65536 near=65536 far=0 fps=404.8 frame_us=1827 cull_us=1 terrain_us=0 wait_fence_us=1666 acquire_us=1 record_us=26 submit_us=32 present_us=159 terrain_lod=high blend=0.000 quality=中画质 marker=36 npc=98
[2026-08-16T05:39:58Z INFO  steel_front::engine::game] ai: npcs=6 near=6 far=0 idle=0 patrol=3 chase=3 attack=0 tactics=[4, 1, 1, 0, 0, 0, 0, 0]
[2026-08-16T05:39:58Z INFO  steel_front::engine::game] game: wave=1 enemies=6 enemy_hp=100 hp=100/100 score=0 phys_us=1 ai_us=330 audio_us=30 net_us=0
[2026-08-16T05:39:58Z INFO  steel_front] cam: yaw=0.0 pitch=0.0 dist=3.4 mode=FirstPerson cycle_us=2858 update_us=33 render_us=2824
[2026-08-16T05:39:59Z INFO  steel_front::engine::renderer] visible=65536/65536 near=65536 far=0 fps=404.7 frame_us=1247 cull_us=1 terrain_us=0 wait_fence_us=1716 acquire_us=1 record_us=24 submit_us=36 present_us=89 terrain_lod=high blend=0.000 quality=中画质 marker=36 npc=98
[2026-08-16T05:39:59Z INFO  steel_front] gundbg: cam_pos=Vec3(0.0, 1.6, 0.0) v0_world=(0.28,1.33,-0.17) ndc=(1.44,-2.25,0.43)
[2026-08-16T05:39:59Z INFO  steel_front] gundbg: cam_pos=Vec3(0.0, 1.6, 0.0) v0_world=(0.28,1.33,-0.17) ndc=(1.44,-2.25,0.43)
[2026-08-16T05:39:59Z INFO  steel_front] gundbg: cam_pos=Vec3(0.0, 1.6, 0.0) v0_world=(0.28,1.33,-0.17) ndc=(1.44,-2.25,0.43)
[2026-08-16T05:39:59Z INFO  steel_front] gundbg: cam_pos=Vec3(0.0, 1.6, 0.0) v0_world=(0.28,1.33,-0.17) ndc=(1.44,-2.25,0.43)
[2026-08-16T05:39:59Z INFO  steel_front] gundbg: cam_pos=Vec3(0.0, 1.6, 0.0) v0_world=(0.28,1.33,-0.17) ndc=(1.44,-2.25,0.43)
[2026-08-16T05:39:59Z INFO  steel_front] gundbg: cam_pos=Vec3(0.0, 1.6, 0.0) v0_world=(0.28,1.33,-0.17) ndc=(1.44,-2.25,0.43)
[2026-08-16T05:39:59Z INFO  steel_front] gundbg: cam_pos=Vec3(0.0, 1.6, 0.0) v0_world=(0.28,1.33,-0.17) ndc=(1.45,-2.25,0.43)
[2026-08-16T05:39:59Z INFO  steel_front] gundbg: cam_pos=Vec3(0.0, 1.6, 0.0) v0_world=(0.28,1.33,-0.17) ndc=(1.45,-2.25,0.43)
[2026-08-16T05:39:59Z INFO  steel_front] gundbg: cam_pos=Vec3(0.0, 1.6, 0.0) v0_world=(0.28,1.33,-0.17) ndc=(1.45,-2.25,0.43)
[2026-08-16T05:39:59Z INFO  steel_front] gundbg: cam_pos=Vec3(0.0, 1.6, 0.0) v0_world=(0.28,1.33,-0.17) ndc=(1.45,-2.25,0.43)
[2026-08-16T05:39:59Z INFO  steel_front] gundbg: cam_pos=Vec3(0.0, 1.6, 0.0) v0_world=(0.28,1.33,-0.17) ndc=(1.45,-2.25,0.43)
[2026-08-16T05:39:59Z INFO  steel_front] gundbg: cam_pos=Vec3(0.0, 1.6, 0.0) v0_world=(0.28,1.33,-0.17) ndc=(1.45,-2.25,0.43)
[2026-08-16T05:39:59Z INFO  steel_front] gundbg: cam_pos=Vec3(0.0, 1.6, 0.0) v0_world=(0.28,1.33,-0.17) ndc=(1.45,-2.25,0.43)
[2026-08-16T05:39:59Z INFO  steel_front::engine::game] ai: npcs=6 near=6 far=0 idle=0 patrol=3 chase=3 attack=0 tactics=[3, 1, 1, 0, 0, 0, 0, 1]
[2026-08-16T05:39:59Z INFO  steel_front::engine::game] game: wave=1 enemies=6 enemy_hp=100 hp=100/100 score=0 phys_us=1 ai_us=100 audio_us=26 net_us=0
[2026-08-16T05:39:59Z INFO  steel_front] gundbg: cam_pos=Vec3(0.0, 1.6, 0.0) v0_world=(0.28,1.33,-0.17) ndc=(1.46,-2.25,0.43)
[2026-08-16T05:39:59Z INFO  steel_front] gundbg: cam_pos=Vec3(0.0, 1.6, 0.0) v0_world=(0.28,1.33,-0.17) ndc=(1.46,-2.25,0.43)
[2026-08-16T05:39:59Z INFO  steel_front] gundbg: cam_pos=Vec3(0.0, 1.6, 0.0) v0_world=(0.28,1.33,-0.17) ndc=(1.46,-2.25,0.43)
[2026-08-16T05:39:59Z INFO  steel_front] gundbg: cam_pos=Vec3(0.0, 1.6, 0.0) v0_world=(0.29,1.33,-0.17) ndc=(1.46,-2.25,0.43)
[2026-08-16T05:39:59Z INFO  steel_front] gundbg: cam_pos=Vec3(0.0, 1.6, 0.0) v0_world=(0.29,1.33,-0.17) ndc=(1.46,-2.25,0.43)
[2026-08-16T05:39:59Z INFO  steel_front] gundbg: cam_pos=Vec3(0.0, 1.6, 0.0) v0_world=(0.29,1.33,-0.17) ndc=(1.46,-2.25,0.43)
[2026-08-16T05:39:59Z INFO  steel_front] gundbg: cam_pos=Vec3(0.0, 1.6, 0.0) v0_world=(0.29,1.33,-0.17) ndc=(1.46,-2.25,0.43)
[2026-08-16T05:39:59Z INFO  steel_front] cam: yaw=0.0 pitch=0.0 dist=3.4 mode=FirstPerson cycle_us=3168 update_us=34 render_us=3133
[2026-08-16T05:40:00Z INFO  steel_front::engine::renderer] visible=65536/65536 near=65536 far=0 fps=403.4 frame_us=1962 cull_us=1 terrain_us=0 wait_fence_us=1388 acquire_us=1 record_us=35 submit_us=33 present_us=115 terrain_lod=high blend=0.000 quality=中画质 marker=36 npc=98
[2026-08-16T05:40:00Z INFO  steel_front::engine::game] ai: npcs=6 near=6 far=0 idle=0 patrol=3 chase=3 attack=0 tactics=[3, 1, 1, 0, 0, 0, 0, 1]
[2026-08-16T05:40:00Z INFO  steel_front::engine::game] game: wave=1 enemies=6 enemy_hp=100 hp=100/100 score=0 phys_us=1 ai_us=322 audio_us=9 net_us=0
[2026-08-16T05:40:00Z INFO  steel_front] cam: yaw=0.0 pitch=0.0 dist=3.4 mode=FirstPerson cycle_us=2393 update_us=37 render_us=2356
[2026-08-16T05:40:01Z INFO  steel_front::engine::renderer] visible=65536/65536 near=65536 far=0 fps=404.3 frame_us=2114 cull_us=1 terrain_us=0 wait_fence_us=1350 acquire_us=1 record_us=52 submit_us=66 present_us=202 terrain_lod=high blend=0.000 quality=中画质 marker=36 npc=98
[2026-08-16T05:40:01Z INFO  steel_front::engine::game] ai: npcs=6 near=5 far=1 idle=0 patrol=3 chase=3 attack=0 tactics=[4, 1, 1, 0, 0, 0, 0, 0]
[2026-08-16T05:40:01Z INFO  steel_front::engine::game] game: wave=1 enemies=6 enemy_hp=100 hp=100/100 score=0 phys_us=1 ai_us=339 audio_us=10 net_us=0
[2026-08-16T05:40:01Z INFO  steel_front] cam: yaw=0.0 pitch=0.0 dist=3.4 mode=FirstPerson cycle_us=3170 update_us=35 render_us=3134
[2026-08-16T05:40:02Z INFO  steel_front::engine::renderer] visible=65536/65536 near=65536 far=0 fps=404.4 frame_us=1697 cull_us=1 terrain_us=0 wait_fence_us=1561 acquire_us=1 record_us=53 submit_us=22 present_us=114 terrain_lod=high blend=0.000 quality=中画质 marker=36 npc=98
[2026-08-16T05:40:02Z INFO  steel_front] size diag: window_inner=2560x1600 hud=2560x1600
[2026-08-16T05:40:02Z INFO  steel_front] size diag: window_inner=2560x1600 hud=2560x1600
[2026-08-16T05:40:02Z INFO  steel_front] size diag: window_inner=2560x1600 hud=2560x1600
[2026-08-16T05:40:02Z INFO  steel_front] size diag: window_inner=2560x1600 hud=2560x1600
[2026-08-16T05:40:02Z INFO  steel_front] size diag: window_inner=2560x1600 hud=2560x1600
[2026-08-16T05:40:02Z INFO  steel_front] size diag: window_inner=2560x1600 hud=2560x1600
[2026-08-16T05:40:02Z INFO  steel_front] size diag: window_inner=2560x1600 hud=2560x1600
[2026-08-16T05:40:02Z INFO  steel_front] size diag: window_inner=2560x1600 hud=2560x1600
[2026-08-16T05:40:02Z INFO  steel_front] size diag: window_inner=2560x1600 hud=2560x1600
[2026-08-16T05:40:02Z INFO  steel_front] size diag: window_inner=2560x1600 hud=2560x1600
[2026-08-16T05:40:02Z INFO  steel_front] size diag: window_inner=2560x1600 hud=2560x1600
[2026-08-16T05:40:02Z INFO  steel_front] size diag: window_inner=2560x1600 hud=2560x1600
[2026-08-16T05:40:02Z INFO  steel_front] size diag: window_inner=2560x1600 hud=2560x1600
[2026-08-16T05:40:02Z INFO  steel_front] size diag: window_inner=2560x1600 hud=2560x1600
[2026-08-16T05:40:02Z INFO  steel_front] size diag: window_inner=2560x1600 hud=2560x1600
[2026-08-16T05:40:02Z INFO  steel_front] size diag: window_inner=2560x1600 hud=2560x1600
[2026-08-16T05:40:02Z INFO  steel_front::engine::game] ai: npcs=6 near=5 far=1 idle=0 patrol=3 chase=3 attack=0 tactics=[3, 1, 1, 0, 0, 0, 0, 1]
[2026-08-16T05:40:02Z INFO  steel_front::engine::game] game: wave=1 enemies=6 enemy_hp=100 hp=100/100 score=0 phys_us=1 ai_us=89 audio_us=29 net_us=0
[2026-08-16T05:40:02Z INFO  steel_front] size diag: window_inner=2560x1600 hud=2560x1600
[2026-08-16T05:40:02Z INFO  steel_front] size diag: window_inner=2560x1600 hud=2560x1600
[2026-08-16T05:40:02Z INFO  steel_front] size diag: window_inner=2560x1600 hud=2560x1600
[2026-08-16T05:40:02Z INFO  steel_front] size diag: window_inner=2560x1600 hud=2560x1600
[2026-08-16T05:40:02Z INFO  steel_front] size diag: window_inner=2560x1600 hud=2560x1600
[2026-08-16T05:40:02Z INFO  steel_front] cam: yaw=0.0 pitch=0.0 dist=3.4 mode=FirstPerson cycle_us=2458 update_us=33 render_us=2424
[2026-08-16T05:40:03Z INFO  steel_front::engine::renderer] visible=65536/65536 near=65536 far=0 fps=404.7 frame_us=1242 cull_us=1 terrain_us=0 wait_fence_us=1738 acquire_us=1 record_us=51 submit_us=46 present_us=174 terrain_lod=high blend=0.000 quality=中画质 marker=36 npc=98
[2026-08-16T05:40:03Z INFO  steel_front::engine::game] ai: npcs=6 near=5 far=1 idle=0 patrol=3 chase=3 attack=0 tactics=[2, 1, 1, 0, 0, 0, 0, 2]
[2026-08-16T05:40:03Z INFO  steel_front::engine::game] game: wave=1 enemies=6 enemy_hp=100 hp=100/100 score=0 phys_us=1 ai_us=452 audio_us=20 net_us=0
