[2026-08-16T02:04:44Z INFO  steel_front] ========================================
[2026-08-16T02:04:44Z INFO  steel_front]   钢铁前线 (Steel Front) v0.1.0
[2026-08-16T02:04:44Z INFO  steel_front]   二战FPS游戏引擎 - Rust + Vulkan
[2026-08-16T02:04:44Z INFO  steel_front] ========================================
[2026-08-16T02:04:44Z INFO  steel_front::engine::cpu] cpu: vendor=Amd threads=32 primary=[0, 1, 2, 3, 4, 5, 6, 7, 8, 9, 10, 11, 12, 13, 14, 15] secondary=[16, 17, 18, 19, 20, 21, 22, 23, 24, 25, 26, 27, 28, 29, 30, 31] e_cores=0 avx2=true avx512=true scene_set=[0, 1, 2, 3, 4, 5, 6, 7, 8, 9, 10, 11, 12, 13, 14, 15] ai_set=[16, 17, 18, 19, 20, 21, 22, 23, 24, 25, 26, 27, 28, 29, 30, 31] physical_primary=[0, 1, 2, 3, 4, 5, 6, 7, 8, 9, 10, 11, 12, 13, 14, 15] physical_secondary=[16, 17, 18, 19, 20, 21, 22, 23, 24, 25, 26, 27, 28, 29, 30, 31] smt=[]
[2026-08-16T02:04:44Z INFO  steel_front::engine::cpu] cpu: 非 Linux 平台，跳过线程手工绑定（交给系统调度）
[2026-08-16T02:04:44Z INFO  steel_front::engine::cpu] cpu: ai_pool 创建（8 工作线程，绑定 vCPU [16, 17, 18, 19, 20, 21, 22, 23, 24, 25, 26, 27, 28, 29, 30, 31]）
[2026-08-16T02:04:44Z INFO  steel_front::engine::game] map: level 1 generated: 36 obstacle bodies (wall=20 block=0 barrier=0 tree=3 building=6 ruin=7), 203 grid cells blocked
[2026-08-16T02:04:44Z INFO  steel_front] 窗口创建成功: 2560x1600
[2026-08-16T02:04:44Z INFO  steel_front] winit inner_size: 2560x1600 scale_factor=1.50
[2026-08-16T02:04:44Z WARN  steel_front::engine::renderer] 验证层不可用，将不使用
[2026-08-16T02:04:44Z INFO  steel_front::engine::renderer] 选择物理设备: NVIDIA GeForce RTX 5060 Laptop GPU
[2026-08-16T02:04:44Z INFO  steel_front::engine::gpu_caps] gpu-caps: 设备 NVIDIA GeForce RTX 5060 Laptop GPU 硬件能力探测（WSLg/dzn 视角）
[2026-08-16T02:04:44Z INFO  steel_front::engine::gpu_caps] gpu-caps: 可用 device 扩展 280 个
[2026-08-16T02:04:44Z INFO  steel_front::engine::gpu_caps] gpu-caps: -- 光追扩展 --
[2026-08-16T02:04:44Z INFO  steel_front::engine::gpu_caps] gpu-caps:   VK_KHR_ray_tracing_pipeline = true
[2026-08-16T02:04:44Z INFO  steel_front::engine::gpu_caps] gpu-caps:   VK_KHR_acceleration_structure = true
[2026-08-16T02:04:44Z INFO  steel_front::engine::gpu_caps] gpu-caps:   VK_KHR_ray_query = true
[2026-08-16T02:04:44Z INFO  steel_front::engine::gpu_caps] gpu-caps:   VK_KHR_deferred_host_operations = true
[2026-08-16T02:04:44Z INFO  steel_front::engine::gpu_caps] gpu-caps:   VK_KHR_buffer_device_address = true
[2026-08-16T02:04:44Z INFO  steel_front::engine::gpu_caps] gpu-caps:   VK_KHR_ray_tracing_position_fetch = true
[2026-08-16T02:04:44Z INFO  steel_front::engine::gpu_caps] gpu-caps:   VK_NV_ray_tracing = true
[2026-08-16T02:04:44Z INFO  steel_front::engine::gpu_caps] gpu-caps: -- Tensor Core / 协作矩阵 --
[2026-08-16T02:04:44Z INFO  steel_front::engine::gpu_caps] gpu-caps:   VK_KHR_cooperative_matrix = true
[2026-08-16T02:04:44Z INFO  steel_front::engine::gpu_caps] gpu-caps:   VK_NV_cooperative_matrix = true
[2026-08-16T02:04:44Z INFO  steel_front::engine::gpu_caps] gpu-caps:   VK_NV_compute_shader_derivatives = true
[2026-08-16T02:04:44Z INFO  steel_front::engine::gpu_caps] gpu-caps: -- DLSS / NVIDIA 私有 --
[2026-08-16T02:04:44Z INFO  steel_front::engine::gpu_caps] gpu-caps:   VK_NVX_image_view_handle = true
[2026-08-16T02:04:44Z INFO  steel_front::engine::gpu_caps] gpu-caps:   VK_NVX_binary_import = true
[2026-08-16T02:04:44Z INFO  steel_front::engine::gpu_caps] gpu-caps:   VK_NV_cuda_kernel = true
[2026-08-16T02:04:44Z INFO  steel_front::engine::gpu_caps] gpu-caps:   VK_NV_external_memory = true
[2026-08-16T02:04:44Z INFO  steel_front::engine::gpu_caps] gpu-caps: -- 其它新特性 --
[2026-08-16T02:04:44Z INFO  steel_front::engine::gpu_caps] gpu-caps:   VK_EXT_mesh_shader = true
[2026-08-16T02:04:44Z INFO  steel_front::engine::gpu_caps] gpu-caps:   VK_KHR_shader_object = false
[2026-08-16T02:04:44Z INFO  steel_front::engine::gpu_caps] gpu-caps:   VK_KHR_dynamic_rendering = true
[2026-08-16T02:04:44Z INFO  steel_front::engine::gpu_caps] gpu-caps: RT 特性 ray_tracing_pipeline=true acceleration_structure=true buffer_device_address=true ray_query=true
[2026-08-16T02:04:44Z INFO  steel_front::engine::gpu_caps] gpu-caps: RT 管线属性 shaderGroupHandleSize=32B maxRecursionDepth=31 maxRayDispatchInvocationCount=1073741824
[2026-08-16T02:04:44Z INFO  steel_front::engine::gpu_caps] gpu-caps: 【结论】光追探测 device 创建成功 → RT Core 路径可用（dzn→DXR）
[2026-08-16T02:04:44Z INFO  steel_front::engine::gpu_caps] gpu-caps: CUDA 直通（Tensor Core 可编程访问）=false（libcuda in /usr/lib/wsl/lib）
[2026-08-16T02:04:44Z INFO  steel_front::engine::gpu_caps] gpu-caps: 【结论】Vulkan-DLSS（NVIDIA 私有扩展）=true；可直接接 DLSS SDK
[2026-08-16T02:04:44Z INFO  steel_front::engine::renderer] VK_EXT_mesh_shader 可用：启用可选网格着色器渲染路径
[2026-08-16T02:04:44Z INFO  steel_front::engine::renderer] swapchain diag: current_extent=2560x1600 final=2560x1600
[2026-08-16T02:04:44Z INFO  steel_front::engine::renderer] 交换链初始化完成: 2560x1600, 格式: B8G8R8A8_SRGB, 图像数: 3, present_mode: MAILBOX
[2026-08-16T02:04:44Z INFO  steel_front::engine::renderer] 实例缓冲创建完成: 65536 个实例，stride 80 字节，2 帧双缓冲 HOST_VISIBLE|HOST_COHERENT（每帧压缩上传）
[2026-08-16T02:04:44Z INFO  steel_front::engine::renderer] instances=65536 draw_calls=1
[2026-08-16T02:04:44Z INFO  steel_front::engine::renderer] 深度缓冲创建完成: 3 张 2560x1600 D32_SFLOAT
[2026-08-16T02:04:44Z INFO  steel_front::engine::renderer] Descriptor Set Layout: binding 0 = UBO(view/proj), binding 1 = 贴图, binding 2 = 实例 STORAGE_BUFFER, binding 3 = 采样器
[2026-08-16T02:04:44Z INFO  steel_front::engine::renderer] Descriptor 初始化完成（2 帧）
[2026-08-16T02:04:44Z INFO  steel_front::engine::renderer] 远档 LOD 几何创建完成: 8 顶点 / 12 索引（十字双 quad）
[2026-08-16T02:04:44Z INFO  steel_front::engine::renderer] 地面平铺 quad 几何创建完成: 4 顶点 / 6 索引（无侧壁）
[2026-08-16T02:04:44Z INFO  steel_front::engine::renderer] 球体几何创建完成: 325 顶点 / 1728 索引（爆炸球形扩散）
[2026-08-16T02:04:44Z INFO  steel_front::engine::renderer] 地形 LOD[0] 创建完成: 66049 顶点 / 393216 索引（257×257 网格，间距 2）
[2026-08-16T02:04:44Z INFO  steel_front::engine::renderer] 地形 LOD[1] 创建完成: 16641 顶点 / 98304 索引（129×129 网格，间距 4）
[2026-08-16T02:04:44Z INFO  steel_front::engine::renderer] 地形 LOD[2] 创建完成: 4225 顶点 / 24576 索引（65×65 网格，间距 8）
[2026-08-16T02:04:44Z INFO  steel_front::engine::renderer] 地形 3 级 LOD 全部创建完成（高/中/低）
[2026-08-16T02:04:44Z INFO  steel_front::engine::renderer] 图形管线创建完成
[2026-08-16T02:04:44Z INFO  steel_front::engine::renderer] 网格着色器 maxMeshWorkGroupCount[0] = 4194304（地面场 65536 按此分块）
[2026-08-16T02:04:44Z INFO  steel_front::engine::renderer] 网格着色器管线创建完成（VK_EXT_mesh_shader）
[2026-08-16T02:04:44Z INFO  steel_front::engine::renderer] HUD 覆盖层初始化完成（独立 pipeline，容量 4096 quads）
[2026-08-16T02:04:44Z INFO  steel_front::engine::renderer] 纹理初始化完成: 512x512（10 mip，来源=程序化地面材质）
[2026-08-16T02:04:44Z INFO  steel_front::engine::renderer] 程序化皮肤纹理初始化完成: 512x512（marker=木板墙, npc=迷彩军服, RV3D_SKIN_TEX=off（纯色回退））
[2026-08-16T02:04:44Z INFO  steel_front::engine::renderer] 阴影贴图资源创建完成: 2048x2048 D32_SFLOAT
[2026-08-16T02:04:44Z INFO  steel_front::engine::renderer] 阴影 depth-only 管线创建完成
[2026-08-16T02:04:44Z INFO  steel_front] Vulkan 渲染器初始化成功
[2026-08-16T02:04:44Z INFO  steel_front] settings: 分辨率保持 2560x1600
[2026-08-16T02:04:44Z INFO  steel_front] settings: 应用画质 中画质
[2026-08-16T02:04:44Z INFO  steel_front::engine::renderer] 画质预设已切换: 中画质
[2026-08-16T02:04:44Z INFO  steel_front] 窗口大小变化: 1898x1061
[2026-08-16T02:04:44Z INFO  steel_front::engine::renderer] swapchain diag: current_extent=2560x1600 final=2560x1600
[2026-08-16T02:04:44Z INFO  steel_front::engine::renderer] 交换链初始化完成: 2560x1600, 格式: B8G8R8A8_SRGB, 图像数: 3, present_mode: MAILBOX
[2026-08-16T02:04:44Z INFO  steel_front::engine::renderer] 深度缓冲创建完成: 3 张 2560x1600 D32_SFLOAT
[2026-08-16T02:04:44Z INFO  steel_front] 窗口大小变化: 1920x1117
[2026-08-16T02:04:44Z INFO  steel_front::engine::renderer] swapchain diag: current_extent=2560x1600 final=2560x1600
[2026-08-16T02:04:44Z INFO  steel_front::engine::renderer] 交换链初始化完成: 2560x1600, 格式: B8G8R8A8_SRGB, 图像数: 3, present_mode: MAILBOX
[2026-08-16T02:04:44Z INFO  steel_front::engine::renderer] 深度缓冲创建完成: 3 张 2560x1600 D32_SFLOAT
[2026-08-16T02:04:44Z INFO  steel_front] 窗口大小变化: 2560x1600
[2026-08-16T02:04:44Z INFO  steel_front::engine::renderer] swapchain diag: current_extent=2560x1600 final=2560x1600
[2026-08-16T02:04:44Z INFO  steel_front::engine::renderer] 交换链初始化完成: 2560x1600, 格式: B8G8R8A8_SRGB, 图像数: 3, present_mode: MAILBOX
[2026-08-16T02:04:44Z INFO  steel_front::engine::renderer] 深度缓冲创建完成: 3 张 2560x1600 D32_SFLOAT
[2026-08-16T02:04:44Z INFO  steel_front] 窗口大小变化: 2560x1600
[2026-08-16T02:04:44Z INFO  steel_front::engine::renderer] swapchain diag: current_extent=2560x1600 final=2560x1600
[2026-08-16T02:04:44Z INFO  steel_front::engine::renderer] 交换链初始化完成: 2560x1600, 格式: B8G8R8A8_SRGB, 图像数: 3, present_mode: MAILBOX
[2026-08-16T02:04:44Z INFO  steel_front::engine::renderer] 深度缓冲创建完成: 3 张 2560x1600 D32_SFLOAT
[2026-08-16T02:04:44Z INFO  steel_front::engine::renderer] huddbg: set_hud_quads quads=3147 count=3147 mapped_null=false capacity=4096 first=[px=(0,0,2560x1600) ndc=(-1.000,1.000)-(1.000,-1.000) rgba=(0.00,0.00,0.00,0.72)] last=[px=(1439,1450,2x2) ndc=(0.124,-0.812)-(0.126,-0.815) rgba=(0.60,0.60,0.60,1.00)]
[2026-08-16T02:04:45Z INFO  steel_front::engine::renderer] huddbg: set_hud_quads quads=3147 count=3147 mapped_null=false capacity=4096 first=[px=(0,0,2560x1600) ndc=(-1.000,1.000)-(1.000,-1.000) rgba=(0.00,0.00,0.00,0.72)] last=[px=(1439,1450,2x2) ndc=(0.124,-0.812)-(0.126,-0.815) rgba=(0.60,0.60,0.60,1.00)]
[2026-08-16T02:04:45Z INFO  steel_front] cam: yaw=0.0 pitch=0.0 dist=3.4 mode=FirstPerson cycle_us=3279 update_us=12 render_us=3266
[2026-08-16T02:04:45Z INFO  steel_front::engine::renderer] huddbg: set_hud_quads quads=3147 count=3147 mapped_null=false capacity=4096 first=[px=(0,0,2560x1600) ndc=(-1.000,1.000)-(1.000,-1.000) rgba=(0.00,0.00,0.00,0.72)] last=[px=(1439,1450,2x2) ndc=(0.124,-0.812)-(0.126,-0.815) rgba=(0.60,0.60,0.60,1.00)]
[2026-08-16T02:04:45Z INFO  steel_front::engine::renderer] visible=65536/65536 near=65536 far=0 fps=325.9 frame_us=2748 cull_us=6 terrain_us=0 wait_fence_us=2024 acquire_us=1 record_us=37 submit_us=32 present_us=173 terrain_lod=high blend=0.000 quality=中画质 marker=36 npc=1018
[2026-08-16T02:04:45Z INFO  steel_front::engine::renderer] huddbg: set_hud_quads quads=3147 count=3147 mapped_null=false capacity=4096 first=[px=(0,0,2560x1600) ndc=(-1.000,1.000)-(1.000,-1.000) rgba=(0.00,0.00,0.00,0.72)] last=[px=(1439,1450,2x2) ndc=(0.124,-0.812)-(0.126,-0.815) rgba=(0.60,0.60,0.60,1.00)]
[2026-08-16T02:04:45Z INFO  steel_front::engine::game] ai: npcs=8 near=8 far=0 idle=0 patrol=0 chase=8 attack=0 tactics=[8, 0, 0, 0, 0, 0, 0, 0]
[2026-08-16T02:04:45Z INFO  steel_front::engine::game] game: wave=1 enemies=8 enemy_hp=100 hp=100/100 score=0 phys_us=2 ai_us=409 audio_us=18 net_us=0
[2026-08-16T02:04:45Z INFO  steel_front] huddbg: state=StartMenu quads=3147 gun=10
[2026-08-16T02:04:45Z INFO  steel_front] huddbg: state=StartMenu quads=3147 gun=10
[2026-08-16T02:04:45Z INFO  steel_front] huddbg: state=StartMenu quads=3147 gun=10
[2026-08-16T02:04:45Z INFO  steel_front] huddbg: state=StartMenu quads=3147 gun=10
[2026-08-16T02:04:45Z INFO  steel_front] huddbg: state=StartMenu quads=3147 gun=10
[2026-08-16T02:04:45Z INFO  steel_front] huddbg: state=StartMenu quads=3147 gun=10
[2026-08-16T02:04:45Z INFO  steel_front] huddbg: state=StartMenu quads=3147 gun=10
[2026-08-16T02:04:45Z INFO  steel_front] huddbg: state=StartMenu quads=3147 gun=10
[2026-08-16T02:04:45Z INFO  steel_front] huddbg: state=StartMenu quads=3147 gun=10
[2026-08-16T02:04:45Z INFO  steel_front] huddbg: state=StartMenu quads=3147 gun=10
[2026-08-16T02:04:45Z INFO  steel_front] huddbg: state=StartMenu quads=3147 gun=10
[2026-08-16T02:04:45Z INFO  steel_front] huddbg: state=StartMenu quads=3147 gun=10
[2026-08-16T02:04:46Z INFO  steel_front::engine::renderer] huddbg: set_hud_quads quads=3147 count=3147 mapped_null=false capacity=4096 first=[px=(0,0,2560x1600) ndc=(-1.000,1.000)-(1.000,-1.000) rgba=(0.00,0.00,0.00,0.72)] last=[px=(1439,1450,2x2) ndc=(0.124,-0.812)-(0.126,-0.815) rgba=(0.60,0.60,0.60,1.00)]
[2026-08-16T02:04:46Z INFO  steel_front] cam: yaw=0.0 pitch=0.0 dist=3.4 mode=FirstPerson cycle_us=2298 update_us=33 render_us=2264
[2026-08-16T02:04:46Z INFO  steel_front::engine::renderer] huddbg: set_hud_quads quads=3147 count=3147 mapped_null=false capacity=4096 first=[px=(0,0,2560x1600) ndc=(-1.000,1.000)-(1.000,-1.000) rgba=(0.00,0.00,0.00,0.72)] last=[px=(1439,1450,2x2) ndc=(0.124,-0.812)-(0.126,-0.815) rgba=(0.60,0.60,0.60,1.00)]
[2026-08-16T02:04:46Z INFO  steel_front::engine::renderer] visible=65536/65536 near=65536 far=0 fps=388.6 frame_us=2137 cull_us=2 terrain_us=0 wait_fence_us=2592 acquire_us=0 record_us=22 submit_us=22 present_us=78 terrain_lod=high blend=0.000 quality=中画质 marker=36 npc=1018
[2026-08-16T02:04:46Z INFO  steel_front::engine::renderer] huddbg: set_hud_quads quads=3147 count=3147 mapped_null=false capacity=4096 first=[px=(0,0,2560x1600) ndc=(-1.000,1.000)-(1.000,-1.000) rgba=(0.00,0.00,0.00,0.72)] last=[px=(1439,1450,2x2) ndc=(0.124,-0.812)-(0.126,-0.815) rgba=(0.60,0.60,0.60,1.00)]
[2026-08-16T02:04:46Z INFO  steel_front::engine::game] ai: npcs=8 near=8 far=0 idle=0 patrol=0 chase=8 attack=0 tactics=[8, 0, 0, 0, 0, 0, 0, 0]
[2026-08-16T02:04:46Z INFO  steel_front::engine::game] game: wave=1 enemies=8 enemy_hp=100 hp=100/100 score=0 phys_us=1 ai_us=348 audio_us=8 net_us=0
[2026-08-16T02:04:46Z INFO  steel_front] gundbg: cam_pos=Vec3(0.0, 1.6, 0.0) part0_pos=(0.291,1.300,-0.620)
[2026-08-16T02:04:46Z INFO  steel_front] gundbg: cam_pos=Vec3(0.0, 1.6, 0.0) part0_pos=(0.291,1.300,-0.620)
[2026-08-16T02:04:46Z INFO  steel_front] gundbg: cam_pos=Vec3(0.0, 1.6, 0.0) part0_pos=(0.291,1.300,-0.620)
[2026-08-16T02:04:46Z INFO  steel_front] gundbg: cam_pos=Vec3(0.0, 1.6, 0.0) part0_pos=(0.291,1.300,-0.620)
[2026-08-16T02:04:46Z INFO  steel_front] gundbg: cam_pos=Vec3(0.0, 1.6, 0.0) part0_pos=(0.291,1.300,-0.620)
[2026-08-16T02:04:46Z INFO  steel_front] gundbg: cam_pos=Vec3(0.0, 1.6, 0.0) part0_pos=(0.292,1.300,-0.620)
[2026-08-16T02:04:46Z INFO  steel_front] gundbg: cam_pos=Vec3(0.0, 1.6, 0.0) part0_pos=(0.292,1.300,-0.620)
[2026-08-16T02:04:46Z INFO  steel_front] gundbg: cam_pos=Vec3(0.0, 1.6, 0.0) part0_pos=(0.292,1.300,-0.620)
[2026-08-16T02:04:46Z INFO  steel_front] gundbg: cam_pos=Vec3(0.0, 1.6, 0.0) part0_pos=(0.292,1.300,-0.620)
[2026-08-16T02:04:46Z INFO  steel_front] gundbg: cam_pos=Vec3(0.0, 1.6, 0.0) part0_pos=(0.292,1.300,-0.620)
[2026-08-16T02:04:46Z INFO  steel_front] gundbg: cam_pos=Vec3(0.0, 1.6, 0.0) part0_pos=(0.292,1.300,-0.620)
[2026-08-16T02:04:46Z INFO  steel_front::engine::renderer] huddbg: set_hud_quads quads=3147 count=3147 mapped_null=false capacity=4096 first=[px=(0,0,2560x1600) ndc=(-1.000,1.000)-(1.000,-1.000) rgba=(0.00,0.00,0.00,0.72)] last=[px=(1439,1450,2x2) ndc=(0.124,-0.812)-(0.126,-0.815) rgba=(0.60,0.60,0.60,1.00)]
[2026-08-16T02:04:47Z INFO  steel_front] cam: yaw=0.0 pitch=0.0 dist=3.4 mode=FirstPerson cycle_us=2401 update_us=29 render_us=2371
[2026-08-16T02:04:47Z INFO  steel_front::engine::renderer] huddbg: set_hud_quads quads=3147 count=3147 mapped_null=false capacity=4096 first=[px=(0,0,2560x1600) ndc=(-1.000,1.000)-(1.000,-1.000) rgba=(0.00,0.00,0.00,0.72)] last=[px=(1439,1450,2x2) ndc=(0.124,-0.812)-(0.126,-0.815) rgba=(0.60,0.60,0.60,1.00)]
[2026-08-16T02:04:47Z INFO  steel_front::engine::renderer] huddbg: set_hud_quads quads=3147 count=3147 mapped_null=false capacity=4096 first=[px=(0,0,2560x1600) ndc=(-1.000,1.000)-(1.000,-1.000) rgba=(0.00,0.00,0.00,0.72)] last=[px=(1439,1450,2x2) ndc=(0.124,-0.812)-(0.126,-0.815) rgba=(0.60,0.60,0.60,1.00)]
[2026-08-16T02:04:47Z INFO  steel_front::engine::renderer] visible=65536/65536 near=65536 far=0 fps=388.9 frame_us=2280 cull_us=4 terrain_us=0 wait_fence_us=2416 acquire_us=1 record_us=22 submit_us=24 present_us=204 terrain_lod=high blend=0.000 quality=中画质 marker=36 npc=1018
[2026-08-16T02:04:47Z INFO  steel_front::engine::game] ai: npcs=8 near=8 far=0 idle=0 patrol=0 chase=8 attack=0 tactics=[8, 0, 0, 0, 0, 0, 0, 0]
[2026-08-16T02:04:47Z INFO  steel_front::engine::game] game: wave=1 enemies=8 enemy_hp=100 hp=100/100 score=0 phys_us=3 ai_us=434 audio_us=7 net_us=0
[2026-08-16T02:04:47Z INFO  steel_front::engine::renderer] huddbg: set_hud_quads quads=3147 count=3147 mapped_null=false capacity=4096 first=[px=(0,0,2560x1600) ndc=(-1.000,1.000)-(1.000,-1.000) rgba=(0.00,0.00,0.00,0.72)] last=[px=(1439,1450,2x2) ndc=(0.124,-0.812)-(0.126,-0.815) rgba=(0.60,0.60,0.60,1.00)]
[2026-08-16T02:04:48Z INFO  steel_front::engine::renderer] huddbg: set_hud_quads quads=3147 count=3147 mapped_null=false capacity=4096 first=[px=(0,0,2560x1600) ndc=(-1.000,1.000)-(1.000,-1.000) rgba=(0.00,0.00,0.00,0.72)] last=[px=(1439,1450,2x2) ndc=(0.124,-0.812)-(0.126,-0.815) rgba=(0.60,0.60,0.60,1.00)]
[2026-08-16T02:04:48Z INFO  steel_front] cam: yaw=0.0 pitch=0.0 dist=3.4 mode=FirstPerson cycle_us=2683 update_us=15 render_us=2668
[2026-08-16T02:04:48Z INFO  steel_front::engine::renderer] huddbg: set_hud_quads quads=3147 count=3147 mapped_null=false capacity=4096 first=[px=(0,0,2560x1600) ndc=(-1.000,1.000)-(1.000,-1.000) rgba=(0.00,0.00,0.00,0.72)] last=[px=(1439,1450,2x2) ndc=(0.124,-0.812)-(0.126,-0.815) rgba=(0.60,0.60,0.60,1.00)]
[2026-08-16T02:04:48Z INFO  steel_front::engine::renderer] visible=65536/65536 near=65536 far=0 fps=389.4 frame_us=2329 cull_us=3 terrain_us=0 wait_fence_us=2322 acquire_us=1 record_us=38 submit_us=29 present_us=221 terrain_lod=high blend=0.000 quality=中画质 marker=36 npc=1018
[2026-08-16T02:04:48Z INFO  steel_front] huddbg: state=StartMenu quads=3147 gun=10
[2026-08-16T02:04:48Z INFO  steel_front::engine::game] ai: npcs=8 near=8 far=0 idle=0 patrol=0 chase=8 attack=0 tactics=[8, 0, 0, 0, 0, 0, 0, 0]
[2026-08-16T02:04:48Z INFO  steel_front::engine::game] game: wave=1 enemies=8 enemy_hp=100 hp=100/100 score=0 phys_us=3 ai_us=190 audio_us=7 net_us=0
[2026-08-16T02:04:48Z INFO  steel_front] huddbg: state=StartMenu quads=3147 gun=10
[2026-08-16T02:04:48Z INFO  steel_front] huddbg: state=StartMenu quads=3147 gun=10
[2026-08-16T02:04:48Z INFO  steel_front] huddbg: state=StartMenu quads=3147 gun=10
[2026-08-16T02:04:48Z INFO  steel_front] huddbg: state=StartMenu quads=3147 gun=10
[2026-08-16T02:04:48Z INFO  steel_front] huddbg: state=StartMenu quads=3147 gun=10
[2026-08-16T02:04:48Z INFO  steel_front] huddbg: state=StartMenu quads=3147 gun=10
[2026-08-16T02:04:48Z INFO  steel_front] huddbg: state=StartMenu quads=3147 gun=10
[2026-08-16T02:04:48Z INFO  steel_front] huddbg: state=StartMenu quads=3147 gun=10
[2026-08-16T02:04:48Z INFO  steel_front] huddbg: state=StartMenu quads=3147 gun=10
[2026-08-16T02:04:48Z INFO  steel_front] huddbg: state=StartMenu quads=3147 gun=10
[2026-08-16T02:04:48Z INFO  steel_front] huddbg: state=StartMenu quads=3147 gun=10
[2026-08-16T02:04:48Z INFO  steel_front::engine::renderer] huddbg: set_hud_quads quads=3147 count=3147 mapped_null=false capacity=4096 first=[px=(0,0,2560x1600) ndc=(-1.000,1.000)-(1.000,-1.000) rgba=(0.00,0.00,0.00,0.72)] last=[px=(1439,1450,2x2) ndc=(0.124,-0.812)-(0.126,-0.815) rgba=(0.60,0.60,0.60,1.00)]
[2026-08-16T02:04:49Z INFO  steel_front::engine::renderer] huddbg: set_hud_quads quads=3147 count=3147 mapped_null=false capacity=4096 first=[px=(0,0,2560x1600) ndc=(-1.000,1.000)-(1.000,-1.000) rgba=(0.00,0.00,0.00,0.72)] last=[px=(1439,1450,2x2) ndc=(0.124,-0.812)-(0.126,-0.815) rgba=(0.60,0.60,0.60,1.00)]
[2026-08-16T02:04:49Z INFO  steel_front] cam: yaw=0.0 pitch=0.0 dist=3.4 mode=FirstPerson cycle_us=2712 update_us=28 render_us=2684
[2026-08-16T02:04:49Z INFO  steel_front::engine::renderer] huddbg: set_hud_quads quads=3147 count=3147 mapped_null=false capacity=4096 first=[px=(0,0,2560x1600) ndc=(-1.000,1.000)-(1.000,-1.000) rgba=(0.00,0.00,0.00,0.72)] last=[px=(1439,1450,2x2) ndc=(0.124,-0.812)-(0.126,-0.815) rgba=(0.60,0.60,0.60,1.00)]
[2026-08-16T02:04:49Z INFO  steel_front::engine::game] npc: #3 stand (3.4, 0.0, 11.5)
[2026-08-16T02:04:49Z INFO  steel_front::engine::renderer] visible=65536/65536 near=65536 far=0 fps=389.9 frame_us=3051 cull_us=3 terrain_us=0 wait_fence_us=1674 acquire_us=1 record_us=38 submit_us=29 present_us=577 terrain_lod=high blend=0.000 quality=中画质 marker=50 npc=1018
[2026-08-16T02:04:49Z INFO  steel_front::engine::renderer] huddbg: set_hud_quads quads=3147 count=3147 mapped_null=false capacity=4096 first=[px=(0,0,2560x1600) ndc=(-1.000,1.000)-(1.000,-1.000) rgba=(0.00,0.00,0.00,0.72)] last=[px=(1439,1450,2x2) ndc=(0.124,-0.812)-(0.126,-0.815) rgba=(0.60,0.60,0.60,1.00)]
[2026-08-16T02:04:49Z INFO  steel_front] size diag: window_inner=2560x1600 hud=2560x1600
[2026-08-16T02:04:49Z INFO  steel_front::engine::game] ai: npcs=8 near=8 far=0 idle=0 patrol=0 chase=7 attack=1 tactics=[8, 0, 0, 0, 0, 0, 0, 0]
[2026-08-16T02:04:49Z INFO  steel_front::engine::game] game: wave=1 enemies=8 enemy_hp=100 hp=100/100 score=0 phys_us=1 ai_us=87 audio_us=13 net_us=0
[2026-08-16T02:04:49Z INFO  steel_front] size diag: window_inner=2560x1600 hud=2560x1600
[2026-08-16T02:04:49Z INFO  steel_front] size diag: window_inner=2560x1600 hud=2560x1600
[2026-08-16T02:04:49Z INFO  steel_front] size diag: window_inner=2560x1600 hud=2560x1600
[2026-08-16T02:04:49Z INFO  steel_front] size diag: window_inner=2560x1600 hud=2560x1600
[2026-08-16T02:04:49Z INFO  steel_front] size diag: window_inner=2560x1600 hud=2560x1600
[2026-08-16T02:04:49Z INFO  steel_front] size diag: window_inner=2560x1600 hud=2560x1600
[2026-08-16T02:04:49Z INFO  steel_front] size diag: window_inner=2560x1600 hud=2560x1600
[2026-08-16T02:04:49Z INFO  steel_front] size diag: window_inner=2560x1600 hud=2560x1600
[2026-08-16T02:04:49Z INFO  steel_front] size diag: window_inner=2560x1600 hud=2560x1600
[2026-08-16T02:04:49Z INFO  steel_front] size diag: window_inner=2560x1600 hud=2560x1600
[2026-08-16T02:04:49Z INFO  steel_front] size diag: window_inner=2560x1600 hud=2560x1600
[2026-08-16T02:04:49Z INFO  steel_front] size diag: window_inner=2560x1600 hud=2560x1600
[2026-08-16T02:04:49Z INFO  steel_front] size diag: window_inner=2560x1600 hud=2560x1600
[2026-08-16T02:04:49Z INFO  steel_front] size diag: window_inner=2560x1600 hud=2560x1600
[2026-08-16T02:04:49Z INFO  steel_front] size diag: window_inner=2560x1600 hud=2560x1600
[2026-08-16T02:04:49Z INFO  steel_front] size diag: window_inner=2560x1600 hud=2560x1600
[2026-08-16T02:04:49Z INFO  steel_front] size diag: window_inner=2560x1600 hud=2560x1600
[2026-08-16T02:04:49Z INFO  steel_front] size diag: window_inner=2560x1600 hud=2560x1600
[2026-08-16T02:04:49Z INFO  steel_front::engine::game] npc: #4 stand (4.0, 0.0, -11.3)
[2026-08-16T02:04:50Z INFO  steel_front::engine::renderer] huddbg: set_hud_quads quads=3147 count=3147 mapped_null=false capacity=4096 first=[px=(0,0,2560x1600) ndc=(-1.000,1.000)-(1.000,-1.000) rgba=(0.00,0.00,0.00,0.72)] last=[px=(1439,1450,2x2) ndc=(0.124,-0.812)-(0.126,-0.815) rgba=(0.60,0.60,0.60,1.00)]
[2026-08-16T02:04:50Z INFO  steel_front] cam: yaw=0.0 pitch=0.0 dist=3.4 mode=FirstPerson cycle_us=2777 update_us=161 render_us=2615
[2026-08-16T02:04:50Z INFO  steel_front::engine::renderer] huddbg: set_hud_quads quads=3147 count=3147 mapped_null=false capacity=4096 first=[px=(0,0,2560x1600) ndc=(-1.000,1.000)-(1.000,-1.000) rgba=(0.00,0.00,0.00,0.72)] last=[px=(1439,1450,2x2) ndc=(0.124,-0.812)-(0.126,-0.815) rgba=(0.60,0.60,0.60,1.00)]
[2026-08-16T02:04:50Z INFO  steel_front::engine::renderer] visible=65536/65536 near=65536 far=0 fps=390.2 frame_us=2402 cull_us=5 terrain_us=0 wait_fence_us=2064 acquire_us=1 record_us=38 submit_us=25 present_us=185 terrain_lod=high blend=0.000 quality=中画质 marker=36 npc=1018
[2026-08-16T02:04:50Z INFO  steel_front::engine::renderer] huddbg: set_hud_quads quads=3147 count=3147 mapped_null=false capacity=4096 first=[px=(0,0,2560x1600) ndc=(-1.000,1.000)-(1.000,-1.000) rgba=(0.00,0.00,0.00,0.72)] last=[px=(1439,1450,2x2) ndc=(0.124,-0.812)-(0.126,-0.815) rgba=(0.60,0.60,0.60,1.00)]
[2026-08-16T02:04:50Z INFO  steel_front] gundbg: cam_pos=Vec3(0.0, 1.6, 0.0) part0_pos=(0.276,1.300,-0.620)
[2026-08-16T02:04:50Z INFO  steel_front] gundbg: cam_pos=Vec3(0.0, 1.6, 0.0) part0_pos=(0.276,1.300,-0.620)
[2026-08-16T02:04:50Z INFO  steel_front::engine::game] ai: npcs=8 near=8 far=0 idle=0 patrol=0 chase=6 attack=2 tactics=[8, 0, 0, 0, 0, 0, 0, 0]
[2026-08-16T02:04:50Z INFO  steel_front::engine::game] game: wave=1 enemies=8 enemy_hp=100 hp=100/100 score=0 phys_us=1 ai_us=294 audio_us=12 net_us=0
[2026-08-16T02:04:50Z INFO  steel_front] gundbg: cam_pos=Vec3(0.0, 1.6, 0.0) part0_pos=(0.276,1.300,-0.620)
[2026-08-16T02:04:50Z INFO  steel_front] gundbg: cam_pos=Vec3(0.0, 1.6, 0.0) part0_pos=(0.275,1.300,-0.620)
[2026-08-16T02:04:50Z INFO  steel_front] gundbg: cam_pos=Vec3(0.0, 1.6, 0.0) part0_pos=(0.275,1.300,-0.620)
[2026-08-16T02:04:50Z INFO  steel_front] gundbg: cam_pos=Vec3(0.0, 1.6, 0.0) part0_pos=(0.275,1.300,-0.620)
[2026-08-16T02:04:50Z INFO  steel_front] gundbg: cam_pos=Vec3(0.0, 1.6, 0.0) part0_pos=(0.274,1.300,-0.620)
[2026-08-16T02:04:50Z INFO  steel_front] gundbg: cam_pos=Vec3(0.0, 1.6, 0.0) part0_pos=(0.274,1.300,-0.620)
[2026-08-16T02:04:50Z INFO  steel_front] gundbg: cam_pos=Vec3(0.0, 1.6, 0.0) part0_pos=(0.274,1.300,-0.620)
[2026-08-16T02:04:50Z INFO  steel_front] gundbg: cam_pos=Vec3(0.0, 1.6, 0.0) part0_pos=(0.273,1.300,-0.620)
[2026-08-16T02:04:50Z INFO  steel_front] gundbg: cam_pos=Vec3(0.0, 1.6, 0.0) part0_pos=(0.273,1.300,-0.620)
[2026-08-16T02:04:50Z INFO  steel_front::engine::renderer] huddbg: set_hud_quads quads=3147 count=3147 mapped_null=false capacity=4096 first=[px=(0,0,2560x1600) ndc=(-1.000,1.000)-(1.000,-1.000) rgba=(0.00,0.00,0.00,0.72)] last=[px=(1439,1450,2x2) ndc=(0.124,-0.812)-(0.126,-0.815) rgba=(0.60,0.60,0.60,1.00)]
[2026-08-16T02:04:51Z INFO  steel_front::engine::game] npc: #1 stand (-11.5, 0.0, 3.6)
[2026-08-16T02:04:51Z INFO  steel_front] cam: yaw=0.0 pitch=0.0 dist=3.4 mode=FirstPerson cycle_us=2936 update_us=13 render_us=2922
[2026-08-16T02:04:51Z INFO  steel_front::engine::renderer] huddbg: set_hud_quads quads=3147 count=3147 mapped_null=false capacity=4096 first=[px=(0,0,2560x1600) ndc=(-1.000,1.000)-(1.000,-1.000) rgba=(0.00,0.00,0.00,0.72)] last=[px=(1439,1450,2x2) ndc=(0.124,-0.812)-(0.126,-0.815) rgba=(0.60,0.60,0.60,1.00)]
[2026-08-16T02:04:51Z INFO  steel_front::engine::renderer] huddbg: set_hud_quads quads=3147 count=3147 mapped_null=false capacity=4096 first=[px=(0,0,2560x1600) ndc=(-1.000,1.000)-(1.000,-1.000) rgba=(0.00,0.00,0.00,0.72)] last=[px=(1439,1450,2x2) ndc=(0.124,-0.812)-(0.126,-0.815) rgba=(0.60,0.60,0.60,1.00)]
[2026-08-16T02:04:51Z INFO  steel_front::engine::renderer] visible=65536/65536 near=65536 far=0 fps=373.9 frame_us=2679 cull_us=6 terrain_us=0 wait_fence_us=2018 acquire_us=1 record_us=38 submit_us=25 present_us=594 terrain_lod=high blend=0.000 quality=中画质 marker=61 npc=1018
[2026-08-16T02:04:51Z INFO  steel_front] huddbg: state=StartMenu quads=3147 gun=10
[2026-08-16T02:04:51Z INFO  steel_front] huddbg: state=StartMenu quads=3147 gun=10
[2026-08-16T02:04:51Z INFO  steel_front] huddbg: state=StartMenu quads=3147 gun=10
[2026-08-16T02:04:51Z INFO  steel_front::engine::game] ai: npcs=8 near=8 far=0 idle=0 patrol=0 chase=5 attack=3 tactics=[8, 0, 0, 0, 0, 0, 0, 0]
[2026-08-16T02:04:51Z INFO  steel_front::engine::game] game: wave=1 enemies=8 enemy_hp=100 hp=100/100 score=0 phys_us=4 ai_us=107 audio_us=18 net_us=0
[2026-08-16T02:04:51Z INFO  steel_front] huddbg: state=StartMenu quads=3147 gun=10
[2026-08-16T02:04:51Z INFO  steel_front] huddbg: state=StartMenu quads=3147 gun=10
[2026-08-16T02:04:51Z INFO  steel_front] huddbg: state=StartMenu quads=3147 gun=10
[2026-08-16T02:04:51Z INFO  steel_front] huddbg: state=StartMenu quads=3147 gun=10
[2026-08-16T02:04:51Z INFO  steel_front] huddbg: state=StartMenu quads=3147 gun=10
[2026-08-16T02:04:51Z INFO  steel_front] huddbg: state=StartMenu quads=3147 gun=10
[2026-08-16T02:04:51Z INFO  steel_front] huddbg: state=StartMenu quads=3147 gun=10
[2026-08-16T02:04:51Z INFO  steel_front] huddbg: state=StartMenu quads=3147 gun=10
[2026-08-16T02:04:51Z INFO  steel_front] huddbg: state=StartMenu quads=3147 gun=10
[2026-08-16T02:04:51Z INFO  steel_front::engine::renderer] huddbg: set_hud_quads quads=3147 count=3147 mapped_null=false capacity=4096 first=[px=(0,0,2560x1600) ndc=(-1.000,1.000)-(1.000,-1.000) rgba=(0.00,0.00,0.00,0.72)] last=[px=(1439,1450,2x2) ndc=(0.124,-0.812)-(0.126,-0.815) rgba=(0.60,0.60,0.60,1.00)]
[2026-08-16T02:04:52Z INFO  steel_front] cam: yaw=0.0 pitch=0.0 dist=3.4 mode=FirstPerson cycle_us=2409 update_us=35 render_us=2374
[2026-08-16T02:04:52Z INFO  steel_front::engine::renderer] huddbg: set_hud_quads quads=3147 count=3147 mapped_null=false capacity=4096 first=[px=(0,0,2560x1600) ndc=(-1.000,1.000)-(1.000,-1.000) rgba=(0.00,0.00,0.00,0.72)] last=[px=(1439,1450,2x2) ndc=(0.124,-0.812)-(0.126,-0.815) rgba=(0.60,0.60,0.60,1.00)]
[2026-08-16T02:04:52Z INFO  steel_front::engine::renderer] huddbg: set_hud_quads quads=3147 count=3147 mapped_null=false capacity=4096 first=[px=(0,0,2560x1600) ndc=(-1.000,1.000)-(1.000,-1.000) rgba=(0.00,0.00,0.00,0.72)] last=[px=(1439,1450,2x2) ndc=(0.124,-0.812)-(0.126,-0.815) rgba=(0.60,0.60,0.60,1.00)]
[2026-08-16T02:04:52Z INFO  steel_front::engine::renderer] visible=65536/65536 near=65536 far=0 fps=375.7 frame_us=1733 cull_us=2 terrain_us=0 wait_fence_us=2735 acquire_us=0 record_us=17 submit_us=15 present_us=127 terrain_lod=high blend=0.000 quality=中画质 marker=51 npc=1018
[2026-08-16T02:04:52Z INFO  steel_front::engine::game] ai: npcs=8 near=8 far=0 idle=0 patrol=0 chase=5 attack=3 tactics=[8, 0, 0, 0, 0, 0, 0, 0]
[2026-08-16T02:04:52Z INFO  steel_front::engine::game] game: wave=1 enemies=8 enemy_hp=100 hp=100/100 score=0 phys_us=0 ai_us=326 audio_us=21 net_us=0
[2026-08-16T02:04:52Z INFO  steel_front::engine::renderer] huddbg: set_hud_quads quads=3147 count=3147 mapped_null=false capacity=4096 first=[px=(0,0,2560x1600) ndc=(-1.000,1.000)-(1.000,-1.000) rgba=(0.00,0.00,0.00,0.72)] last=[px=(1439,1450,2x2) ndc=(0.124,-0.812)-(0.126,-0.815) rgba=(0.60,0.60,0.60,1.00)]
[2026-08-16T02:04:53Z INFO  steel_front::engine::renderer] huddbg: set_hud_quads quads=3147 count=3147 mapped_null=false capacity=4096 first=[px=(0,0,2560x1600) ndc=(-1.000,1.000)-(1.000,-1.000) rgba=(0.00,0.00,0.00,0.72)] last=[px=(1439,1450,2x2) ndc=(0.124,-0.812)-(0.126,-0.815) rgba=(0.60,0.60,0.60,1.00)]
[2026-08-16T02:04:53Z INFO  steel_front] cam: yaw=0.0 pitch=0.0 dist=3.4 mode=FirstPerson cycle_us=2427 update_us=29 render_us=2397
[2026-08-16T02:04:53Z INFO  steel_front::engine::renderer] huddbg: set_hud_quads quads=3147 count=3147 mapped_null=false capacity=4096 first=[px=(0,0,2560x1600) ndc=(-1.000,1.000)-(1.000,-1.000) rgba=(0.00,0.00,0.00,0.72)] last=[px=(1439,1450,2x2) ndc=(0.124,-0.812)-(0.126,-0.815) rgba=(0.60,0.60,0.60,1.00)]
[2026-08-16T02:04:53Z INFO  steel_front::engine::renderer] visible=65536/65536 near=65536 far=0 fps=383.3 frame_us=2012 cull_us=5 terrain_us=0 wait_fence_us=2285 acquire_us=1 record_us=17 submit_us=12 present_us=171 terrain_lod=high blend=0.000 quality=中画质 marker=62 npc=1018
[2026-08-16T02:04:53Z INFO  steel_front::engine::game] ai: npcs=8 near=8 far=0 idle=0 patrol=0 chase=5 attack=3 tactics=[8, 0, 0, 0, 0, 0, 0, 0]
[2026-08-16T02:04:53Z INFO  steel_front::engine::game] game: wave=1 enemies=8 enemy_hp=100 hp=100/100 score=0 phys_us=3 ai_us=385 audio_us=16 net_us=0
[2026-08-16T02:04:53Z INFO  steel_front::engine::renderer] huddbg: set_hud_quads quads=3147 count=3147 mapped_null=false capacity=4096 first=[px=(0,0,2560x1600) ndc=(-1.000,1.000)-(1.000,-1.000) rgba=(0.00,0.00,0.00,0.72)] last=[px=(1439,1450,2x2) ndc=(0.124,-0.812)-(0.126,-0.815) rgba=(0.60,0.60,0.60,1.00)]
[2026-08-16T02:04:54Z INFO  steel_front::engine::renderer] huddbg: set_hud_quads quads=3147 count=3147 mapped_null=false capacity=4096 first=[px=(0,0,2560x1600) ndc=(-1.000,1.000)-(1.000,-1.000) rgba=(0.00,0.00,0.00,0.72)] last=[px=(1439,1450,2x2) ndc=(0.124,-0.812)-(0.126,-0.815) rgba=(0.60,0.60,0.60,1.00)]
[2026-08-16T02:04:54Z INFO  steel_front] cam: yaw=0.0 pitch=0.0 dist=3.4 mode=FirstPerson cycle_us=2922 update_us=14 render_us=2908
[2026-08-16T02:04:54Z INFO  steel_front::engine::renderer] huddbg: set_hud_quads quads=3147 count=3147 mapped_null=false capacity=4096 first=[px=(0,0,2560x1600) ndc=(-1.000,1.000)-(1.000,-1.000) rgba=(0.00,0.00,0.00,0.72)] last=[px=(1439,1450,2x2) ndc=(0.124,-0.812)-(0.126,-0.815) rgba=(0.60,0.60,0.60,1.00)]
[2026-08-16T02:04:54Z INFO  steel_front::engine::renderer] visible=65536/65536 near=65536 far=0 fps=383.6 frame_us=2167 cull_us=6 terrain_us=0 wait_fence_us=1918 acquire_us=1 record_us=40 submit_us=29 present_us=188 terrain_lod=high blend=0.000 quality=中画质 marker=53 npc=1018
[2026-08-16T02:04:54Z INFO  steel_front] gundbg: cam_pos=Vec3(0.0, 1.6, 0.0) part0_pos=(0.274,1.300,-0.620)
[2026-08-16T02:04:54Z INFO  steel_front] size diag: window_inner=2560x1600 hud=2560x1600
[2026-08-16T02:04:54Z INFO  steel_front] huddbg: state=StartMenu quads=3147 gun=10
[2026-08-16T02:04:54Z INFO  steel_front] gundbg: cam_pos=Vec3(0.0, 1.6, 0.0) part0_pos=(0.274,1.300,-0.620)
[2026-08-16T02:04:54Z INFO  steel_front] size diag: window_inner=2560x1600 hud=2560x1600
[2026-08-16T02:04:54Z INFO  steel_front] huddbg: state=StartMenu quads=3147 gun=10
[2026-08-16T02:04:54Z INFO  steel_front] gundbg: cam_pos=Vec3(0.0, 1.6, 0.0) part0_pos=(0.275,1.300,-0.620)
[2026-08-16T02:04:54Z INFO  steel_front] size diag: window_inner=2560x1600 hud=2560x1600
[2026-08-16T02:04:54Z INFO  steel_front] huddbg: state=StartMenu quads=3147 gun=10
[2026-08-16T02:04:54Z INFO  steel_front] gundbg: cam_pos=Vec3(0.0, 1.6, 0.0) part0_pos=(0.275,1.300,-0.620)
[2026-08-16T02:04:54Z INFO  steel_front] size diag: window_inner=2560x1600 hud=2560x1600
[2026-08-16T02:04:54Z INFO  steel_front] huddbg: state=StartMenu quads=3147 gun=10
[2026-08-16T02:04:54Z INFO  steel_front::engine::game] ai: npcs=8 near=8 far=0 idle=0 patrol=0 chase=5 attack=3 tactics=[8, 0, 0, 0, 0, 0, 0, 0]
[2026-08-16T02:04:54Z INFO  steel_front::engine::game] game: wave=1 enemies=8 enemy_hp=100 hp=100/100 score=0 phys_us=0 ai_us=94 audio_us=8 net_us=0
[2026-08-16T02:04:54Z INFO  steel_front] gundbg: cam_pos=Vec3(0.0, 1.6, 0.0) part0_pos=(0.275,1.300,-0.620)
[2026-08-16T02:04:54Z INFO  steel_front] size diag: window_inner=2560x1600 hud=2560x1600
[2026-08-16T02:04:54Z INFO  steel_front] huddbg: state=StartMenu quads=3147 gun=10
[2026-08-16T02:04:54Z INFO  steel_front] gundbg: cam_pos=Vec3(0.0, 1.6, 0.0) part0_pos=(0.276,1.300,-0.620)
[2026-08-16T02:04:54Z INFO  steel_front] size diag: window_inner=2560x1600 hud=2560x1600
[2026-08-16T02:04:54Z INFO  steel_front] huddbg: state=StartMenu quads=3147 gun=10
[2026-08-16T02:04:54Z INFO  steel_front] gundbg: cam_pos=Vec3(0.0, 1.6, 0.0) part0_pos=(0.276,1.300,-0.620)
[2026-08-16T02:04:54Z INFO  steel_front] size diag: window_inner=2560x1600 hud=2560x1600
[2026-08-16T02:04:54Z INFO  steel_front] huddbg: state=StartMenu quads=3147 gun=10
[2026-08-16T02:04:54Z INFO  steel_front] gundbg: cam_pos=Vec3(0.0, 1.6, 0.0) part0_pos=(0.276,1.300,-0.620)
[2026-08-16T02:04:54Z INFO  steel_front] size diag: window_inner=2560x1600 hud=2560x1600
[2026-08-16T02:04:54Z INFO  steel_front] huddbg: state=StartMenu quads=3147 gun=10
[2026-08-16T02:04:54Z INFO  steel_front::engine::renderer] huddbg: set_hud_quads quads=3147 count=3147 mapped_null=false capacity=4096 first=[px=(0,0,2560x1600) ndc=(-1.000,1.000)-(1.000,-1.000) rgba=(0.00,0.00,0.00,0.72)] last=[px=(1439,1450,2x2) ndc=(0.124,-0.812)-(0.126,-0.815) rgba=(0.60,0.60,0.60,1.00)]
[2026-08-16T02:04:54Z INFO  steel_front] gundbg: cam_pos=Vec3(0.0, 1.6, 0.0) part0_pos=(0.277,1.300,-0.620)
[2026-08-16T02:04:54Z INFO  steel_front] size diag: window_inner=2560x1600 hud=2560x1600
[2026-08-16T02:04:54Z INFO  steel_front] huddbg: state=StartMenu quads=3147 gun=10
[2026-08-16T02:04:54Z INFO  steel_front] gundbg: cam_pos=Vec3(0.0, 1.6, 0.0) part0_pos=(0.277,1.300,-0.620)
[2026-08-16T02:04:54Z INFO  steel_front] size diag: window_inner=2560x1600 hud=2560x1600
[2026-08-16T02:04:54Z INFO  steel_front] huddbg: state=StartMenu quads=3147 gun=10
[2026-08-16T02:04:54Z INFO  steel_front] gundbg: cam_pos=Vec3(0.0, 1.6, 0.0) part0_pos=(0.277,1.300,-0.620)
[2026-08-16T02:04:54Z INFO  steel_front] size diag: window_inner=2560x1600 hud=2560x1600
[2026-08-16T02:04:54Z INFO  steel_front] huddbg: state=StartMenu quads=3147 gun=10
[2026-08-16T02:04:54Z INFO  steel_front] size diag: window_inner=2560x1600 hud=2560x1600
[2026-08-16T02:04:54Z INFO  steel_front] size diag: window_inner=2560x1600 hud=2560x1600
[2026-08-16T02:04:54Z INFO  steel_front] size diag: window_inner=2560x1600 hud=2560x1600
[2026-08-16T02:04:54Z INFO  steel_front] size diag: window_inner=2560x1600 hud=2560x1600
[2026-08-16T02:04:54Z INFO  steel_front] size diag: window_inner=2560x1600 hud=2560x1600
[2026-08-16T02:04:54Z INFO  steel_front] size diag: window_inner=2560x1600 hud=2560x1600
[2026-08-16T02:04:54Z INFO  steel_front] size diag: window_inner=2560x1600 hud=2560x1600
[2026-08-16T02:04:54Z INFO  steel_front] size diag: window_inner=2560x1600 hud=2560x1600
[2026-08-16T02:04:55Z INFO  steel_front::engine::renderer] huddbg: set_hud_quads quads=3147 count=3147 mapped_null=false capacity=4096 first=[px=(0,0,2560x1600) ndc=(-1.000,1.000)-(1.000,-1.000) rgba=(0.00,0.00,0.00,0.72)] last=[px=(1439,1450,2x2) ndc=(0.124,-0.812)-(0.126,-0.815) rgba=(0.60,0.60,0.60,1.00)]
[2026-08-16T02:04:55Z INFO  steel_front] cam: yaw=0.0 pitch=0.0 dist=3.4 mode=FirstPerson cycle_us=2432 update_us=15 render_us=2416
[2026-08-16T02:04:55Z INFO  steel_front::engine::renderer] huddbg: set_hud_quads quads=3147 count=3147 mapped_null=false capacity=4096 first=[px=(0,0,2560x1600) ndc=(-1.000,1.000)-(1.000,-1.000) rgba=(0.00,0.00,0.00,0.72)] last=[px=(1439,1450,2x2) ndc=(0.124,-0.812)-(0.126,-0.815) rgba=(0.60,0.60,0.60,1.00)]
[2026-08-16T02:04:55Z INFO  steel_front::engine::game] npc: #5 stand (11.8, 0.0, 2.0)
[2026-08-16T02:04:55Z INFO  steel_front::engine::renderer] visible=65536/65536 near=65536 far=0 fps=383.3 frame_us=1894 cull_us=2 terrain_us=0 wait_fence_us=2522 acquire_us=0 record_us=16 submit_us=14 present_us=105 terrain_lod=high blend=0.000 quality=中画质 marker=62 npc=1018
[2026-08-16T02:04:55Z INFO  steel_front::engine::renderer] huddbg: set_hud_quads quads=3147 count=3147 mapped_null=false capacity=4096 first=[px=(0,0,2560x1600) ndc=(-1.000,1.000)-(1.000,-1.000) rgba=(0.00,0.00,0.00,0.72)] last=[px=(1439,1450,2x2) ndc=(0.124,-0.812)-(0.126,-0.815) rgba=(0.60,0.60,0.60,1.00)]
[2026-08-16T02:04:55Z INFO  steel_front::engine::game] ai: npcs=8 near=8 far=0 idle=0 patrol=0 chase=4 attack=4 tactics=[8, 0, 0, 0, 0, 0, 0, 0]
[2026-08-16T02:04:55Z INFO  steel_front::engine::game] game: wave=1 enemies=8 enemy_hp=100 hp=100/100 score=0 phys_us=0 ai_us=322 audio_us=24 net_us=0
[2026-08-16T02:04:56Z INFO  steel_front::engine::renderer] huddbg: set_hud_quads quads=3147 count=3147 mapped_null=false capacity=4096 first=[px=(0,0,2560x1600) ndc=(-1.000,1.000)-(1.000,-1.000) rgba=(0.00,0.00,0.00,0.72)] last=[px=(1439,1450,2x2) ndc=(0.124,-0.812)-(0.126,-0.815) rgba=(0.60,0.60,0.60,1.00)]
[2026-08-16T02:04:56Z INFO  steel_front] cam: yaw=0.0 pitch=0.0 dist=3.4 mode=FirstPerson cycle_us=2888 update_us=22 render_us=2865
[2026-08-16T02:04:56Z INFO  steel_front::engine::renderer] huddbg: set_hud_quads quads=3147 count=3147 mapped_null=false capacity=4096 first=[px=(0,0,2560x1600) ndc=(-1.000,1.000)-(1.000,-1.000) rgba=(0.00,0.00,0.00,0.72)] last=[px=(1439,1450,2x2) ndc=(0.124,-0.812)-(0.126,-0.815) rgba=(0.60,0.60,0.60,1.00)]
[2026-08-16T02:04:56Z INFO  steel_front::engine::game] npc: #7 stand (11.5, 0.0, 3.4)
[2026-08-16T02:04:56Z INFO  steel_front::engine::renderer] visible=65536/65536 near=65536 far=0 fps=382.5 frame_us=2467 cull_us=3 terrain_us=0 wait_fence_us=2435 acquire_us=1 record_us=38 submit_us=26 present_us=243 terrain_lod=high blend=0.000 quality=中画质 marker=72 npc=1018
[2026-08-16T02:04:56Z INFO  steel_front::engine::renderer] huddbg: set_hud_quads quads=3147 count=3147 mapped_null=false capacity=4096 first=[px=(0,0,2560x1600) ndc=(-1.000,1.000)-(1.000,-1.000) rgba=(0.00,0.00,0.00,0.72)] last=[px=(1439,1450,2x2) ndc=(0.124,-0.812)-(0.126,-0.815) rgba=(0.60,0.60,0.60,1.00)]
[2026-08-16T02:04:56Z INFO  steel_front::engine::game] ai: npcs=8 near=8 far=0 idle=0 patrol=0 chase=3 attack=5 tactics=[8, 0, 0, 0, 0, 0, 0, 0]
[2026-08-16T02:04:56Z INFO  steel_front::engine::game] game: wave=1 enemies=8 enemy_hp=100 hp=100/100 score=0 phys_us=1 ai_us=401 audio_us=30 net_us=0
[2026-08-16T02:04:56Z INFO  steel_front::engine::renderer] huddbg: set_hud_quads quads=3147 count=3147 mapped_null=false capacity=4096 first=[px=(0,0,2560x1600) ndc=(-1.000,1.000)-(1.000,-1.000) rgba=(0.00,0.00,0.00,0.72)] last=[px=(1439,1450,2x2) ndc=(0.124,-0.812)-(0.126,-0.815) rgba=(0.60,0.60,0.60,1.00)]
[2026-08-16T02:04:57Z INFO  steel_front] cam: yaw=0.0 pitch=0.0 dist=3.4 mode=FirstPerson cycle_us=2797 update_us=37 render_us=2759
[2026-08-16T02:04:57Z INFO  steel_front::engine::renderer] huddbg: set_hud_quads quads=3147 count=3147 mapped_null=false capacity=4096 first=[px=(0,0,2560x1600) ndc=(-1.000,1.000)-(1.000,-1.000) rgba=(0.00,0.00,0.00,0.72)] last=[px=(1439,1450,2x2) ndc=(0.124,-0.812)-(0.126,-0.815) rgba=(0.60,0.60,0.60,1.00)]
[2026-08-16T02:04:57Z INFO  steel_front::engine::renderer] huddbg: set_hud_quads quads=3147 count=3147 mapped_null=false capacity=4096 first=[px=(0,0,2560x1600) ndc=(-1.000,1.000)-(1.000,-1.000) rgba=(0.00,0.00,0.00,0.72)] last=[px=(1439,1450,2x2) ndc=(0.124,-0.812)-(0.126,-0.815) rgba=(0.60,0.60,0.60,1.00)]
[2026-08-16T02:04:57Z INFO  steel_front::engine::renderer] visible=65536/65536 near=65536 far=0 fps=381.1 frame_us=2291 cull_us=2 terrain_us=0 wait_fence_us=2045 acquire_us=0 record_us=34 submit_us=49 present_us=188 terrain_lod=high blend=0.000 quality=中画质 marker=81 npc=1018
[2026-08-16T02:04:57Z INFO  steel_front] huddbg: state=StartMenu quads=3147 gun=10
[2026-08-16T02:04:57Z INFO  steel_front] huddbg: state=StartMenu quads=3147 gun=10
[2026-08-16T02:04:57Z INFO  steel_front] huddbg: state=StartMenu quads=3147 gun=10
[2026-08-16T02:04:57Z INFO  steel_front] huddbg: state=StartMenu quads=3147 gun=10
[2026-08-16T02:04:57Z INFO  steel_front] huddbg: state=StartMenu quads=3147 gun=10
[2026-08-16T02:04:57Z INFO  steel_front] huddbg: state=StartMenu quads=3147 gun=10
[2026-08-16T02:04:57Z INFO  steel_front::engine::game] ai: npcs=8 near=8 far=0 idle=0 patrol=0 chase=3 attack=5 tactics=[8, 0, 0, 0, 0, 0, 0, 0]
[2026-08-16T02:04:57Z INFO  steel_front::engine::game] game: wave=1 enemies=8 enemy_hp=100 hp=100/100 score=0 phys_us=2 ai_us=193 audio_us=20 net_us=0
[2026-08-16T02:04:57Z INFO  steel_front] huddbg: state=StartMenu quads=3147 gun=10
[2026-08-16T02:04:57Z INFO  steel_front] huddbg: state=StartMenu quads=3147 gun=10
[2026-08-16T02:04:57Z INFO  steel_front] huddbg: state=StartMenu quads=3147 gun=10
[2026-08-16T02:04:57Z INFO  steel_front] huddbg: state=StartMenu quads=3147 gun=10
[2026-08-16T02:04:57Z INFO  steel_front] huddbg: state=StartMenu quads=3147 gun=10
[2026-08-16T02:04:57Z INFO  steel_front::engine::renderer] huddbg: set_hud_quads quads=3147 count=3147 mapped_null=false capacity=4096 first=[px=(0,0,2560x1600) ndc=(-1.000,1.000)-(1.000,-1.000) rgba=(0.00,0.00,0.00,0.72)] last=[px=(1439,1450,2x2) ndc=(0.124,-0.812)-(0.126,-0.815) rgba=(0.60,0.60,0.60,1.00)]
[2026-08-16T02:04:57Z INFO  steel_front::engine::game] npc: #2 stand (1.8, 0.0, -11.9)
[2026-08-16T02:04:58Z INFO  steel_front] cam: yaw=0.0 pitch=0.0 dist=3.4 mode=FirstPerson cycle_us=2403 update_us=38 render_us=2364
[2026-08-16T02:04:58Z INFO  steel_front::engine::renderer] huddbg: set_hud_quads quads=3147 count=3147 mapped_null=false capacity=4096 first=[px=(0,0,2560x1600) ndc=(-1.000,1.000)-(1.000,-1.000) rgba=(0.00,0.00,0.00,0.72)] last=[px=(1439,1450,2x2) ndc=(0.124,-0.812)-(0.126,-0.815) rgba=(0.60,0.60,0.60,1.00)]
[2026-08-16T02:04:58Z INFO  steel_front::engine::game] npc: #0 stand (2.9, 0.0, -11.6)
[2026-08-16T02:04:58Z INFO  steel_front::engine::renderer] huddbg: set_hud_quads quads=3147 count=3147 mapped_null=false capacity=4096 first=[px=(0,0,2560x1600) ndc=(-1.000,1.000)-(1.000,-1.000) rgba=(0.00,0.00,0.00,0.72)] last=[px=(1439,1450,2x2) ndc=(0.124,-0.812)-(0.126,-0.815) rgba=(0.60,0.60,0.60,1.00)]
[2026-08-16T02:04:58Z INFO  steel_front::engine::renderer] visible=65536/65536 near=65536 far=0 fps=379.3 frame_us=1968 cull_us=3 terrain_us=0 wait_fence_us=2437 acquire_us=1 record_us=37 submit_us=30 present_us=271 terrain_lod=high blend=0.000 quality=中画质 marker=82 npc=1018
[2026-08-16T02:04:58Z INFO  steel_front] gundbg: cam_pos=Vec3(0.0, 1.6, 0.0) part0_pos=(0.292,1.300,-0.620)
[2026-08-16T02:04:58Z INFO  steel_front] gundbg: cam_pos=Vec3(0.0, 1.6, 0.0) part0_pos=(0.292,1.300,-0.620)
[2026-08-16T02:04:58Z INFO  steel_front] gundbg: cam_pos=Vec3(0.0, 1.6, 0.0) part0_pos=(0.292,1.300,-0.620)
[2026-08-16T02:04:58Z INFO  steel_front] gundbg: cam_pos=Vec3(0.0, 1.6, 0.0) part0_pos=(0.292,1.300,-0.620)
[2026-08-16T02:04:58Z INFO  steel_front] gundbg: cam_pos=Vec3(0.0, 1.6, 0.0) part0_pos=(0.291,1.300,-0.620)
[2026-08-16T02:04:58Z INFO  steel_front] gundbg: cam_pos=Vec3(0.0, 1.6, 0.0) part0_pos=(0.291,1.300,-0.620)
[2026-08-16T02:04:58Z INFO  steel_front] gundbg: cam_pos=Vec3(0.0, 1.6, 0.0) part0_pos=(0.291,1.300,-0.620)
[2026-08-16T02:04:58Z INFO  steel_front::engine::game] ai: npcs=8 near=8 far=0 idle=0 patrol=0 chase=1 attack=7 tactics=[8, 0, 0, 0, 0, 0, 0, 0]
[2026-08-16T02:04:58Z INFO  steel_front::engine::game] game: wave=1 enemies=8 enemy_hp=100 hp=100/100 score=0 phys_us=2 ai_us=192 audio_us=10 net_us=0
[2026-08-16T02:04:58Z INFO  steel_front] gundbg: cam_pos=Vec3(0.0, 1.6, 0.0) part0_pos=(0.291,1.300,-0.620)
[2026-08-16T02:04:58Z INFO  steel_front] gundbg: cam_pos=Vec3(0.0, 1.6, 0.0) part0_pos=(0.291,1.300,-0.620)
[2026-08-16T02:04:58Z INFO  steel_front] gundbg: cam_pos=Vec3(0.0, 1.6, 0.0) part0_pos=(0.291,1.300,-0.620)
[2026-08-16T02:04:58Z INFO  steel_front] gundbg: cam_pos=Vec3(0.0, 1.6, 0.0) part0_pos=(0.291,1.300,-0.620)
[2026-08-16T02:04:58Z INFO  steel_front] gundbg: cam_pos=Vec3(0.0, 1.6, 0.0) part0_pos=(0.291,1.300,-0.620)
[2026-08-16T02:04:58Z INFO  steel_front::engine::renderer] huddbg: set_hud_quads quads=3147 count=3147 mapped_null=false capacity=4096 first=[px=(0,0,2560x1600) ndc=(-1.000,1.000)-(1.000,-1.000) rgba=(0.00,0.00,0.00,0.72)] last=[px=(1439,1450,2x2) ndc=(0.124,-0.812)-(0.126,-0.815) rgba=(0.60,0.60,0.60,1.00)]
[2026-08-16T02:04:59Z INFO  steel_front::engine::renderer] huddbg: set_hud_quads quads=3147 count=3147 mapped_null=false capacity=4096 first=[px=(0,0,2560x1600) ndc=(-1.000,1.000)-(1.000,-1.000) rgba=(0.00,0.00,0.00,0.72)] last=[px=(1439,1450,2x2) ndc=(0.124,-0.812)-(0.126,-0.815) rgba=(0.60,0.60,0.60,1.00)]
[2026-08-16T02:04:59Z INFO  steel_front] cam: yaw=0.0 pitch=0.0 dist=3.4 mode=FirstPerson cycle_us=2319 update_us=35 render_us=2283
[2026-08-16T02:04:59Z INFO  steel_front::engine::renderer] huddbg: set_hud_quads quads=3147 count=3147 mapped_null=false capacity=4096 first=[px=(0,0,2560x1600) ndc=(-1.000,1.000)-(1.000,-1.000) rgba=(0.00,0.00,0.00,0.72)] last=[px=(1439,1450,2x2) ndc=(0.124,-0.812)-(0.126,-0.815) rgba=(0.60,0.60,0.60,1.00)]
[2026-08-16T02:04:59Z INFO  steel_front::engine::renderer] visible=65536/65536 near=65536 far=0 fps=383.5 frame_us=2498 cull_us=4 terrain_us=0 wait_fence_us=1914 acquire_us=1 record_us=40 submit_us=37 present_us=402 terrain_lod=high blend=0.000 quality=中画质 marker=84 npc=1018
[2026-08-16T02:04:59Z INFO  steel_front] size diag: window_inner=2560x1600 hud=2560x1600
[2026-08-16T02:04:59Z INFO  steel_front] size diag: window_inner=2560x1600 hud=2560x1600
[2026-08-16T02:04:59Z INFO  steel_front] size diag: window_inner=2560x1600 hud=2560x1600
[2026-08-16T02:04:59Z INFO  steel_front] size diag: window_inner=2560x1600 hud=2560x1600
[2026-08-16T02:04:59Z INFO  steel_front] size diag: window_inner=2560x1600 hud=2560x1600
[2026-08-16T02:04:59Z INFO  steel_front] size diag: window_inner=2560x1600 hud=2560x1600
[2026-08-16T02:04:59Z INFO  steel_front] size diag: window_inner=2560x1600 hud=2560x1600
[2026-08-16T02:04:59Z INFO  steel_front::engine::game] ai: npcs=8 near=8 far=0 idle=0 patrol=0 chase=1 attack=7 tactics=[8, 0, 0, 0, 0, 0, 0, 0]
[2026-08-16T02:04:59Z INFO  steel_front::engine::game] game: wave=1 enemies=8 enemy_hp=100 hp=100/100 score=0 phys_us=2 ai_us=193 audio_us=8 net_us=0
[2026-08-16T02:04:59Z INFO  steel_front] size diag: window_inner=2560x1600 hud=2560x1600
[2026-08-16T02:04:59Z INFO  steel_front] size diag: window_inner=2560x1600 hud=2560x1600
[2026-08-16T02:04:59Z INFO  steel_front] size diag: window_inner=2560x1600 hud=2560x1600
[2026-08-16T02:04:59Z INFO  steel_front] size diag: window_inner=2560x1600 hud=2560x1600
[2026-08-16T02:04:59Z INFO  steel_front] size diag: window_inner=2560x1600 hud=2560x1600
[2026-08-16T02:04:59Z INFO  steel_front] size diag: window_inner=2560x1600 hud=2560x1600
[2026-08-16T02:04:59Z INFO  steel_front] size diag: window_inner=2560x1600 hud=2560x1600
[2026-08-16T02:04:59Z INFO  steel_front] size diag: window_inner=2560x1600 hud=2560x1600
[2026-08-16T02:04:59Z INFO  steel_front] size diag: window_inner=2560x1600 hud=2560x1600
[2026-08-16T02:04:59Z INFO  steel_front] size diag: window_inner=2560x1600 hud=2560x1600
[2026-08-16T02:04:59Z INFO  steel_front] size diag: window_inner=2560x1600 hud=2560x1600
[2026-08-16T02:04:59Z INFO  steel_front] size diag: window_inner=2560x1600 hud=2560x1600
[2026-08-16T02:04:59Z INFO  steel_front::engine::renderer] huddbg: set_hud_quads quads=3147 count=3147 mapped_null=false capacity=4096 first=[px=(0,0,2560x1600) ndc=(-1.000,1.000)-(1.000,-1.000) rgba=(0.00,0.00,0.00,0.72)] last=[px=(1439,1450,2x2) ndc=(0.124,-0.812)-(0.126,-0.815) rgba=(0.60,0.60,0.60,1.00)]
[2026-08-16T02:05:00Z INFO  steel_front::engine::renderer] huddbg: set_hud_quads quads=3147 count=3147 mapped_null=false capacity=4096 first=[px=(0,0,2560x1600) ndc=(-1.000,1.000)-(1.000,-1.000) rgba=(0.00,0.00,0.00,0.72)] last=[px=(1439,1450,2x2) ndc=(0.124,-0.812)-(0.126,-0.815) rgba=(0.60,0.60,0.60,1.00)]
[2026-08-16T02:05:00Z INFO  steel_front] cam: yaw=0.0 pitch=0.0 dist=3.4 mode=FirstPerson cycle_us=2735 update_us=28 render_us=2707
[2026-08-16T02:05:00Z INFO  steel_front::engine::renderer] huddbg: set_hud_quads quads=3147 count=3147 mapped_null=false capacity=4096 first=[px=(0,0,2560x1600) ndc=(-1.000,1.000)-(1.000,-1.000) rgba=(0.00,0.00,0.00,0.72)] last=[px=(1439,1450,2x2) ndc=(0.124,-0.812)-(0.126,-0.815) rgba=(0.60,0.60,0.60,1.00)]
[2026-08-16T02:05:00Z INFO  steel_front::engine::renderer] visible=65536/65536 near=65536 far=0 fps=383.4 frame_us=3232 cull_us=2 terrain_us=0 wait_fence_us=1746 acquire_us=0 record_us=19 submit_us=16 present_us=598 terrain_lod=high blend=0.000 quality=中画质 marker=84 npc=1018
[2026-08-16T02:05:00Z INFO  steel_front::engine::renderer] huddbg: set_hud_quads quads=3147 count=3147 mapped_null=false capacity=4096 first=[px=(0,0,2560x1600) ndc=(-1.000,1.000)-(1.000,-1.000) rgba=(0.00,0.00,0.00,0.72)] last=[px=(1439,1450,2x2) ndc=(0.124,-0.812)-(0.126,-0.815) rgba=(0.60,0.60,0.60,1.00)]
[2026-08-16T02:05:00Z INFO  steel_front] huddbg: state=StartMenu quads=3147 gun=10
[2026-08-16T02:05:00Z INFO  steel_front] huddbg: state=StartMenu quads=3147 gun=10
[2026-08-16T02:05:00Z INFO  steel_front] huddbg: state=StartMenu quads=3147 gun=10
[2026-08-16T02:05:00Z INFO  steel_front] huddbg: state=StartMenu quads=3147 gun=10
[2026-08-16T02:05:00Z INFO  steel_front] huddbg: state=StartMenu quads=3147 gun=10
[2026-08-16T02:05:00Z INFO  steel_front] huddbg: state=StartMenu quads=3147 gun=10
[2026-08-16T02:05:00Z INFO  steel_front] huddbg: state=StartMenu quads=3147 gun=10
[2026-08-16T02:05:00Z INFO  steel_front] huddbg: state=StartMenu quads=3147 gun=10
[2026-08-16T02:05:00Z INFO  steel_front::engine::game] ai: npcs=8 near=8 far=0 idle=0 patrol=0 chase=1 attack=7 tactics=[8, 0, 0, 0, 0, 0, 0, 0]
[2026-08-16T02:05:00Z INFO  steel_front::engine::game] game: wave=1 enemies=8 enemy_hp=100 hp=100/100 score=0 phys_us=0 ai_us=125 audio_us=19 net_us=0
[2026-08-16T02:05:00Z INFO  steel_front] huddbg: state=StartMenu quads=3147 gun=10
[2026-08-16T02:05:00Z INFO  steel_front] huddbg: state=StartMenu quads=3147 gun=10
[2026-08-16T02:05:00Z INFO  steel_front] huddbg: state=StartMenu quads=3147 gun=10
[2026-08-16T02:05:01Z INFO  steel_front::engine::renderer] huddbg: set_hud_quads quads=3147 count=3147 mapped_null=false capacity=4096 first=[px=(0,0,2560x1600) ndc=(-1.000,1.000)-(1.000,-1.000) rgba=(0.00,0.00,0.00,0.72)] last=[px=(1439,1450,2x2) ndc=(0.124,-0.812)-(0.126,-0.815) rgba=(0.60,0.60,0.60,1.00)]
[2026-08-16T02:05:01Z INFO  steel_front] cam: yaw=0.0 pitch=0.0 dist=3.4 mode=FirstPerson cycle_us=2238 update_us=34 render_us=2203
[2026-08-16T02:05:01Z INFO  steel_front::engine::renderer] huddbg: set_hud_quads quads=3147 count=3147 mapped_null=false capacity=4096 first=[px=(0,0,2560x1600) ndc=(-1.000,1.000)-(1.000,-1.000) rgba=(0.00,0.00,0.00,0.72)] last=[px=(1439,1450,2x2) ndc=(0.124,-0.812)-(0.126,-0.815) rgba=(0.60,0.60,0.60,1.00)]
[2026-08-16T02:05:01Z INFO  steel_front::engine::renderer] visible=65536/65536 near=65536 far=0 fps=383.5 frame_us=2857 cull_us=2 terrain_us=0 wait_fence_us=1946 acquire_us=0 record_us=33 submit_us=24 present_us=627 terrain_lod=high blend=0.000 quality=中画质 marker=84 npc=1018
[2026-08-16T02:05:01Z INFO  steel_front::engine::renderer] huddbg: set_hud_quads quads=3147 count=3147 mapped_null=false capacity=4096 first=[px=(0,0,2560x1600) ndc=(-1.000,1.000)-(1.000,-1.000) rgba=(0.00,0.00,0.00,0.72)] last=[px=(1439,1450,2x2) ndc=(0.124,-0.812)-(0.126,-0.815) rgba=(0.60,0.60,0.60,1.00)]
[2026-08-16T02:05:01Z INFO  steel_front::engine::game] ai: npcs=8 near=8 far=0 idle=0 patrol=0 chase=1 attack=7 tactics=[8, 0, 0, 0, 0, 0, 0, 0]
[2026-08-16T02:05:01Z INFO  steel_front::engine::game] game: wave=1 enemies=8 enemy_hp=100 hp=100/100 score=0 phys_us=1 ai_us=401 audio_us=18 net_us=0
[2026-08-16T02:05:02Z INFO  steel_front::engine::renderer] huddbg: set_hud_quads quads=3147 count=3147 mapped_null=false capacity=4096 first=[px=(0,0,2560x1600) ndc=(-1.000,1.000)-(1.000,-1.000) rgba=(0.00,0.00,0.00,0.72)] last=[px=(1439,1450,2x2) ndc=(0.124,-0.812)-(0.126,-0.815) rgba=(0.60,0.60,0.60,1.00)]
[2026-08-16T02:05:02Z INFO  steel_front::engine::game] npc: #6 stand (2.1, 0.0, -11.8)
[2026-08-16T02:05:02Z INFO  steel_front] cam: yaw=0.0 pitch=0.0 dist=3.4 mode=FirstPerson cycle_us=2230 update_us=43 render_us=2187
[2026-08-16T02:05:02Z INFO  steel_front::engine::renderer] huddbg: set_hud_quads quads=3147 count=3147 mapped_null=false capacity=4096 first=[px=(0,0,2560x1600) ndc=(-1.000,1.000)-(1.000,-1.000) rgba=(0.00,0.00,0.00,0.72)] last=[px=(1439,1450,2x2) ndc=(0.124,-0.812)-(0.126,-0.815) rgba=(0.60,0.60,0.60,1.00)]
[2026-08-16T02:05:02Z INFO  steel_front::engine::renderer] huddbg: set_hud_quads quads=3147 count=3147 mapped_null=false capacity=4096 first=[px=(0,0,2560x1600) ndc=(-1.000,1.000)-(1.000,-1.000) rgba=(0.00,0.00,0.00,0.72)] last=[px=(1439,1450,2x2) ndc=(0.124,-0.812)-(0.126,-0.815) rgba=(0.60,0.60,0.60,1.00)]
[2026-08-16T02:05:02Z INFO  steel_front::engine::renderer] visible=65536/65536 near=65536 far=0 fps=383.5 frame_us=2339 cull_us=2 terrain_us=0 wait_fence_us=2599 acquire_us=0 record_us=16 submit_us=15 present_us=97 terrain_lod=high blend=0.000 quality=中画质 marker=84 npc=1018
[2026-08-16T02:05:02Z INFO  steel_front] gundbg: cam_pos=Vec3(0.0, 1.6, 0.0) part0_pos=(0.270,1.300,-0.620)
[2026-08-16T02:05:02Z INFO  steel_front] gundbg: cam_pos=Vec3(0.0, 1.6, 0.0) part0_pos=(0.270,1.300,-0.620)
[2026-08-16T02:05:02Z INFO  steel_front] gundbg: cam_pos=Vec3(0.0, 1.6, 0.0) part0_pos=(0.270,1.300,-0.620)
[2026-08-16T02:05:02Z INFO  steel_front] gundbg: cam_pos=Vec3(0.0, 1.6, 0.0) part0_pos=(0.270,1.300,-0.620)
[2026-08-16T02:05:02Z INFO  steel_front] gundbg: cam_pos=Vec3(0.0, 1.6, 0.0) part0_pos=(0.270,1.300,-0.620)
[2026-08-16T02:05:02Z INFO  steel_front] gundbg: cam_pos=Vec3(0.0, 1.6, 0.0) part0_pos=(0.269,1.300,-0.620)
[2026-08-16T02:05:02Z INFO  steel_front] gundbg: cam_pos=Vec3(0.0, 1.6, 0.0) part0_pos=(0.269,1.300,-0.620)
[2026-08-16T02:05:02Z INFO  steel_front] gundbg: cam_pos=Vec3(0.0, 1.6, 0.0) part0_pos=(0.269,1.300,-0.620)
[2026-08-16T02:05:02Z INFO  steel_front] gundbg: cam_pos=Vec3(0.0, 1.6, 0.0) part0_pos=(0.269,1.300,-0.620)
[2026-08-16T02:05:02Z INFO  steel_front::engine::game] ai: npcs=8 near=8 far=0 idle=0 patrol=0 chase=0 attack=8 tactics=[8, 0, 0, 0, 0, 0, 0, 0]
[2026-08-16T02:05:02Z INFO  steel_front::engine::game] game: wave=1 enemies=8 enemy_hp=100 hp=100/100 score=0 phys_us=1 ai_us=147 audio_us=35 net_us=0
[2026-08-16T02:05:02Z INFO  steel_front] gundbg: cam_pos=Vec3(0.0, 1.6, 0.0) part0_pos=(0.269,1.300,-0.620)
[2026-08-16T02:05:02Z INFO  steel_front] gundbg: cam_pos=Vec3(0.0, 1.6, 0.0) part0_pos=(0.269,1.300,-0.620)
[2026-08-16T02:05:02Z INFO  steel_front::engine::renderer] huddbg: set_hud_quads quads=3147 count=3147 mapped_null=false capacity=4096 first=[px=(0,0,2560x1600) ndc=(-1.000,1.000)-(1.000,-1.000) rgba=(0.00,0.00,0.00,0.72)] last=[px=(1439,1450,2x2) ndc=(0.124,-0.812)-(0.126,-0.815) rgba=(0.60,0.60,0.60,1.00)]
[2026-08-16T02:05:03Z INFO  steel_front] cam: yaw=0.0 pitch=0.0 dist=3.4 mode=FirstPerson cycle_us=2861 update_us=14 render_us=2846
[2026-08-16T02:05:03Z INFO  steel_front::engine::renderer] huddbg: set_hud_quads quads=3147 count=3147 mapped_null=false capacity=4096 first=[px=(0,0,2560x1600) ndc=(-1.000,1.000)-(1.000,-1.000) rgba=(0.00,0.00,0.00,0.72)] last=[px=(1439,1450,2x2) ndc=(0.124,-0.812)-(0.126,-0.815) rgba=(0.60,0.60,0.60,1.00)]
[2026-08-16T02:05:03Z INFO  steel_front::engine::renderer] huddbg: set_hud_quads quads=3147 count=3147 mapped_null=false capacity=4096 first=[px=(0,0,2560x1600) ndc=(-1.000,1.000)-(1.000,-1.000) rgba=(0.00,0.00,0.00,0.72)] last=[px=(1439,1450,2x2) ndc=(0.124,-0.812)-(0.126,-0.815) rgba=(0.60,0.60,0.60,1.00)]
[2026-08-16T02:05:03Z INFO  steel_front::engine::game] map: level 1 generated: 36 obstacle bodies (wall=20 block=0 barrier=0 tree=3 building=6 ruin=7), 203 grid cells blocked
[2026-08-16T02:05:03Z INFO  steel_front::engine::game] game: purged 8 leftover npcs on run start
[2026-08-16T02:05:03Z INFO  steel_front::engine::game] wave: npc #8 spawn (65.3, 0.0, 25.3)
[2026-08-16T02:05:03Z INFO  steel_front::engine::game] wave: npc #9 spawn (6.1, 0.0, 39.5)
[2026-08-16T02:05:03Z INFO  steel_front::engine::game] wave: npc #10 spawn (-46.8, 0.0, 37.6)
[2026-08-16T02:05:03Z INFO  steel_front::engine::game] wave: npc #11 spawn (-74.6, 0.0, -28.9)
[2026-08-16T02:05:03Z INFO  steel_front::engine::game] wave: npc #12 spawn (-7.6, 0.0, -49.4)
[2026-08-16T02:05:03Z INFO  steel_front::engine::game] wave: npc #13 spawn (54.6, 0.0, -43.9)
[2026-08-16T02:05:03Z INFO  steel_front::engine::game] wave: wave 1 spawned 6 enemies (kind=Normal total=6 speed=4.0 hp=100 effective=1)
[2026-08-16T02:05:03Z INFO  steel_front::engine::game] game: run started (wave 1)
[2026-08-16T02:05:03Z INFO  steel_front] input: cursor captured (mouse look on, grab=locked, look=relative)
[2026-08-16T02:05:03Z INFO  steel_front::engine::game] physics: 36 events this frame (GroundHit, GroundHit, GroundHit, GroundHit, GroundHit, GroundHit, GroundHit, GroundHit, GroundHit, GroundHit, GroundHit, GroundHit, GroundHit, GroundHit, GroundHit, GroundHit, GroundHit, GroundHit, GroundHit, GroundHit, GroundHit, GroundHit, GroundHit, GroundHit, GroundHit, GroundHit, GroundHit, GroundHit, GroundHit, GroundHit, GroundHit, GroundHit, GroundHit, GroundHit, GroundHit, GroundHit)
[2026-08-16T02:05:03Z INFO  steel_front::engine::renderer] visible=65536/65536 near=65536 far=0 fps=378.6 frame_us=2864 cull_us=6 terrain_us=0 wait_fence_us=902 acquire_us=0 record_us=42 submit_us=46 present_us=754 terrain_lod=high blend=0.000 quality=中画质 marker=50 npc=1018
[2026-08-16T02:05:03Z INFO  steel_front] huddbg: state=Playing quads=2018 gun=10
[2026-08-16T02:05:03Z INFO  steel_front] huddbg: state=Playing quads=2018 gun=10
[2026-08-16T02:05:03Z INFO  steel_front] huddbg: state=Playing quads=2018 gun=10
[2026-08-16T02:05:03Z INFO  steel_front] huddbg: state=Playing quads=2018 gun=10
[2026-08-16T02:05:03Z INFO  steel_front] huddbg: state=Playing quads=2018 gun=10
[2026-08-16T02:05:03Z INFO  steel_front] huddbg: state=Playing quads=2018 gun=10
[2026-08-16T02:05:03Z INFO  steel_front] huddbg: state=Playing quads=2018 gun=10
[2026-08-16T02:05:03Z INFO  steel_front] huddbg: state=Playing quads=2018 gun=10
[2026-08-16T02:05:03Z INFO  steel_front] huddbg: state=Playing quads=2018 gun=10
[2026-08-16T02:05:03Z INFO  steel_front] huddbg: state=Playing quads=2018 gun=10
[2026-08-16T02:05:03Z INFO  steel_front::engine::game] ai: npcs=6 near=6 far=0 idle=0 patrol=3 chase=3 attack=0 tactics=[4, 1, 1, 0, 0, 0, 0, 0]
[2026-08-16T02:05:03Z INFO  steel_front::engine::game] game: wave=1 enemies=6 enemy_hp=100 hp=100/100 score=0 phys_us=2 ai_us=145 audio_us=19 net_us=0
[2026-08-16T02:05:03Z INFO  steel_front] huddbg: state=Playing quads=2018 gun=10
[2026-08-16T02:05:03Z INFO  steel_front] huddbg: state=Playing quads=2018 gun=10
[2026-08-16T02:05:03Z INFO  steel_front::engine::renderer] huddbg: set_hud_quads quads=2018 count=2018 mapped_null=false capacity=4096 first=[px=(48,1508,720x44) ndc=(-0.962,-0.885)-(-0.400,-0.940) rgba=(0.08,0.08,0.10,0.75)] last=[px=(561,140,3x3) ndc=(-0.562,0.826)-(-0.560,0.822) rgba=(0.20,0.80,0.90,1.00)]
[2026-08-16T02:05:04Z INFO  steel_front::engine::renderer] huddbg: set_hud_quads quads=2018 count=2018 mapped_null=false capacity=4096 first=[px=(48,1508,720x44) ndc=(-0.962,-0.885)-(-0.400,-0.940) rgba=(0.08,0.08,0.10,0.75)] last=[px=(561,140,3x3) ndc=(-0.562,0.826)-(-0.560,0.822) rgba=(0.20,0.80,0.90,1.00)]
[2026-08-16T02:05:04Z INFO  steel_front] cam: yaw=0.0 pitch=0.0 dist=3.4 mode=FirstPerson cycle_us=1895 update_us=46 render_us=1848
[2026-08-16T02:05:04Z INFO  steel_front::engine::renderer] huddbg: set_hud_quads quads=2024 count=2024 mapped_null=false capacity=4096 first=[px=(48,1508,720x44) ndc=(-0.962,-0.885)-(-0.400,-0.940) rgba=(0.08,0.08,0.10,0.75)] last=[px=(561,140,3x3) ndc=(-0.562,0.826)-(-0.560,0.822) rgba=(0.20,0.80,0.90,1.00)]
[2026-08-16T02:05:04Z INFO  steel_front::engine::renderer] visible=65536/65536 near=65536 far=0 fps=404.3 frame_us=1878 cull_us=5 terrain_us=0 wait_fence_us=1611 acquire_us=0 record_us=40 submit_us=33 present_us=171 terrain_lod=high blend=0.000 quality=中画质 marker=36 npc=1018
[2026-08-16T02:05:04Z INFO  steel_front] size diag: window_inner=2560x1600 hud=2560x1600
[2026-08-16T02:05:04Z INFO  steel_front] size diag: window_inner=2560x1600 hud=2560x1600
[2026-08-16T02:05:04Z INFO  steel_front] size diag: window_inner=2560x1600 hud=2560x1600
[2026-08-16T02:05:04Z INFO  steel_front] size diag: window_inner=2560x1600 hud=2560x1600
[2026-08-16T02:05:04Z INFO  steel_front] size diag: window_inner=2560x1600 hud=2560x1600
[2026-08-16T02:05:04Z INFO  steel_front::engine::renderer] huddbg: set_hud_quads quads=2024 count=2024 mapped_null=false capacity=4096 first=[px=(48,1508,720x44) ndc=(-0.962,-0.885)-(-0.400,-0.940) rgba=(0.08,0.08,0.10,0.75)] last=[px=(561,140,3x3) ndc=(-0.562,0.826)-(-0.560,0.822) rgba=(0.20,0.80,0.90,1.00)]
[2026-08-16T02:05:04Z INFO  steel_front] size diag: window_inner=2560x1600 hud=2560x1600
[2026-08-16T02:05:04Z INFO  steel_front] size diag: window_inner=2560x1600 hud=2560x1600
[2026-08-16T02:05:04Z INFO  steel_front] size diag: window_inner=2560x1600 hud=2560x1600
[2026-08-16T02:05:04Z INFO  steel_front] size diag: window_inner=2560x1600 hud=2560x1600
[2026-08-16T02:05:04Z INFO  steel_front] size diag: window_inner=2560x1600 hud=2560x1600
[2026-08-16T02:05:04Z INFO  steel_front] size diag: window_inner=2560x1600 hud=2560x1600
[2026-08-16T02:05:04Z INFO  steel_front::engine::game] ai: npcs=6 near=6 far=0 idle=0 patrol=3 chase=3 attack=0 tactics=[4, 1, 1, 0, 0, 0, 0, 0]
[2026-08-16T02:05:04Z INFO  steel_front::engine::game] game: wave=1 enemies=6 enemy_hp=100 hp=100/100 score=0 phys_us=2 ai_us=194 audio_us=20 net_us=0
[2026-08-16T02:05:04Z INFO  steel_front] size diag: window_inner=2560x1600 hud=2560x1600
[2026-08-16T02:05:04Z INFO  steel_front] size diag: window_inner=2560x1600 hud=2560x1600
[2026-08-16T02:05:04Z INFO  steel_front] size diag: window_inner=2560x1600 hud=2560x1600
[2026-08-16T02:05:04Z INFO  steel_front] size diag: window_inner=2560x1600 hud=2560x1600
[2026-08-16T02:05:04Z INFO  steel_front] size diag: window_inner=2560x1600 hud=2560x1600
[2026-08-16T02:05:04Z INFO  steel_front] size diag: window_inner=2560x1600 hud=2560x1600
[2026-08-16T02:05:04Z INFO  steel_front] size diag: window_inner=2560x1600 hud=2560x1600
[2026-08-16T02:05:04Z INFO  steel_front] size diag: window_inner=2560x1600 hud=2560x1600
[2026-08-16T02:05:04Z INFO  steel_front] size diag: window_inner=2560x1600 hud=2560x1600
[2026-08-16T02:05:04Z INFO  steel_front] size diag: window_inner=2560x1600 hud=2560x1600
[2026-08-16T02:05:05Z INFO  steel_front::engine::renderer] huddbg: set_hud_quads quads=2024 count=2024 mapped_null=false capacity=4096 first=[px=(48,1508,720x44) ndc=(-0.962,-0.885)-(-0.400,-0.940) rgba=(0.08,0.08,0.10,0.75)] last=[px=(561,140,3x3) ndc=(-0.562,0.826)-(-0.560,0.822) rgba=(0.20,0.80,0.90,1.00)]
[2026-08-16T02:05:05Z INFO  steel_front] cam: yaw=0.0 pitch=0.0 dist=3.4 mode=FirstPerson cycle_us=1935 update_us=20 render_us=1914
[2026-08-16T02:05:05Z INFO  steel_front::engine::renderer] huddbg: set_hud_quads quads=2025 count=2025 mapped_null=false capacity=4096 first=[px=(48,1508,720x44) ndc=(-0.962,-0.885)-(-0.400,-0.940) rgba=(0.08,0.08,0.10,0.75)] last=[px=(561,140,3x3) ndc=(-0.562,0.826)-(-0.560,0.822) rgba=(0.20,0.80,0.90,1.00)]
[2026-08-16T02:05:05Z INFO  steel_front::engine::renderer] huddbg: set_hud_quads quads=2025 count=2025 mapped_null=false capacity=4096 first=[px=(48,1508,720x44) ndc=(-0.962,-0.885)-(-0.400,-0.940) rgba=(0.08,0.08,0.10,0.75)] last=[px=(561,140,3x3) ndc=(-0.562,0.826)-(-0.560,0.822) rgba=(0.20,0.80,0.90,1.00)]
[2026-08-16T02:05:05Z INFO  steel_front::engine::renderer] visible=65536/65536 near=65536 far=0 fps=405.4 frame_us=708 cull_us=8 terrain_us=0 wait_fence_us=1934 acquire_us=1 record_us=41 submit_us=41 present_us=108 terrain_lod=high blend=0.000 quality=中画质 marker=36 npc=1018
[2026-08-16T02:05:05Z INFO  steel_front::engine::game] ai: npcs=6 near=6 far=0 idle=0 patrol=3 chase=3 attack=0 tactics=[4, 1, 1, 0, 0, 0, 0, 0]
[2026-08-16T02:05:05Z INFO  steel_front::engine::game] game: wave=1 enemies=6 enemy_hp=100 hp=100/100 score=0 phys_us=0 ai_us=373 audio_us=24 net_us=0
[2026-08-16T02:05:05Z INFO  steel_front::engine::renderer] huddbg: set_hud_quads quads=2025 count=2025 mapped_null=false capacity=4096 first=[px=(48,1508,720x44) ndc=(-0.962,-0.885)-(-0.400,-0.940) rgba=(0.08,0.08,0.10,0.75)] last=[px=(561,140,3x3) ndc=(-0.562,0.826)-(-0.560,0.822) rgba=(0.20,0.80,0.90,1.00)]
[2026-08-16T02:05:06Z INFO  steel_front] cam: yaw=0.0 pitch=0.0 dist=3.4 mode=FirstPerson cycle_us=2486 update_us=16 render_us=2469
[2026-08-16T02:05:06Z INFO  steel_front::engine::renderer] huddbg: set_hud_quads quads=2026 count=2026 mapped_null=false capacity=4096 first=[px=(48,1508,720x44) ndc=(-0.962,-0.885)-(-0.400,-0.940) rgba=(0.08,0.08,0.10,0.75)] last=[px=(561,140,3x3) ndc=(-0.562,0.826)-(-0.560,0.822) rgba=(0.20,0.80,0.90,1.00)]
[2026-08-16T02:05:06Z INFO  steel_front::engine::renderer] huddbg: set_hud_quads quads=2026 count=2026 mapped_null=false capacity=4096 first=[px=(48,1508,720x44) ndc=(-0.962,-0.885)-(-0.400,-0.940) rgba=(0.08,0.08,0.10,0.75)] last=[px=(561,140,3x3) ndc=(-0.562,0.826)-(-0.560,0.822) rgba=(0.20,0.80,0.90,1.00)]
[2026-08-16T02:05:06Z INFO  steel_front::engine::renderer] visible=65536/65536 near=65536 far=0 fps=406.0 frame_us=1792 cull_us=6 terrain_us=0 wait_fence_us=1933 acquire_us=0 record_us=40 submit_us=33 present_us=225 terrain_lod=high blend=0.000 quality=中画质 marker=36 npc=1018
[2026-08-16T02:05:06Z INFO  steel_front] gundbg: cam_pos=Vec3(0.0, 1.6, 0.0) part0_pos=(0.281,1.300,-0.620)
[2026-08-16T02:05:06Z INFO  steel_front] huddbg: state=Playing quads=2026 gun=10
[2026-08-16T02:05:06Z INFO  steel_front] gundbg: cam_pos=Vec3(0.0, 1.6, 0.0) part0_pos=(0.281,1.300,-0.620)
[2026-08-16T02:05:06Z INFO  steel_front] huddbg: state=Playing quads=2026 gun=10
[2026-08-16T02:05:06Z INFO  steel_front] gundbg: cam_pos=Vec3(0.0, 1.6, 0.0) part0_pos=(0.282,1.300,-0.620)
[2026-08-16T02:05:06Z INFO  steel_front] huddbg: state=Playing quads=2026 gun=10
[2026-08-16T02:05:06Z INFO  steel_front] gundbg: cam_pos=Vec3(0.0, 1.6, 0.0) part0_pos=(0.282,1.300,-0.620)
[2026-08-16T02:05:06Z INFO  steel_front] huddbg: state=Playing quads=2026 gun=10
[2026-08-16T02:05:06Z INFO  steel_front] gundbg: cam_pos=Vec3(0.0, 1.6, 0.0) part0_pos=(0.282,1.300,-0.620)
[2026-08-16T02:05:06Z INFO  steel_front] huddbg: state=Playing quads=2026 gun=10
[2026-08-16T02:05:06Z INFO  steel_front] gundbg: cam_pos=Vec3(0.0, 1.6, 0.0) part0_pos=(0.283,1.300,-0.620)
[2026-08-16T02:05:06Z INFO  steel_front] huddbg: state=Playing quads=2026 gun=10
[2026-08-16T02:05:06Z INFO  steel_front] gundbg: cam_pos=Vec3(0.0, 1.6, 0.0) part0_pos=(0.283,1.300,-0.620)
[2026-08-16T02:05:06Z INFO  steel_front] huddbg: state=Playing quads=2026 gun=10
[2026-08-16T02:05:06Z INFO  steel_front] gundbg: cam_pos=Vec3(0.0, 1.6, 0.0) part0_pos=(0.283,1.300,-0.620)
[2026-08-16T02:05:06Z INFO  steel_front] huddbg: state=Playing quads=2026 gun=10
[2026-08-16T02:05:06Z INFO  steel_front] gundbg: cam_pos=Vec3(0.0, 1.6, 0.0) part0_pos=(0.284,1.300,-0.620)
[2026-08-16T02:05:06Z INFO  steel_front] huddbg: state=Playing quads=2026 gun=10
[2026-08-16T02:05:06Z INFO  steel_front] gundbg: cam_pos=Vec3(0.0, 1.6, 0.0) part0_pos=(0.284,1.300,-0.620)
[2026-08-16T02:05:06Z INFO  steel_front] huddbg: state=Playing quads=2026 gun=10
[2026-08-16T02:05:06Z INFO  steel_front] gundbg: cam_pos=Vec3(0.0, 1.6, 0.0) part0_pos=(0.284,1.300,-0.620)
[2026-08-16T02:05:06Z INFO  steel_front] huddbg: state=Playing quads=2026 gun=10
[2026-08-16T02:05:06Z INFO  steel_front::engine::game] ai: npcs=6 near=6 far=0 idle=0 patrol=3 chase=3 attack=0 tactics=[4, 1, 1, 0, 0, 0, 0, 0]
[2026-08-16T02:05:06Z INFO  steel_front::engine::game] game: wave=1 enemies=6 enemy_hp=100 hp=100/100 score=0 phys_us=2 ai_us=189 audio_us=8 net_us=0
[2026-08-16T02:05:06Z INFO  steel_front] gundbg: cam_pos=Vec3(0.0, 1.6, 0.0) part0_pos=(0.284,1.300,-0.620)
[2026-08-16T02:05:06Z INFO  steel_front] huddbg: state=Playing quads=2026 gun=10
[2026-08-16T02:05:06Z INFO  steel_front::engine::renderer] huddbg: set_hud_quads quads=2026 count=2026 mapped_null=false capacity=4096 first=[px=(48,1508,720x44) ndc=(-0.962,-0.885)-(-0.400,-0.940) rgba=(0.08,0.08,0.10,0.75)] last=[px=(561,140,3x3) ndc=(-0.562,0.826)-(-0.560,0.822) rgba=(0.20,0.80,0.90,1.00)]
[2026-08-16T02:05:07Z INFO  steel_front::engine::renderer] huddbg: set_hud_quads quads=2026 count=2026 mapped_null=false capacity=4096 first=[px=(48,1508,720x44) ndc=(-0.962,-0.885)-(-0.400,-0.940) rgba=(0.08,0.08,0.10,0.75)] last=[px=(561,140,3x3) ndc=(-0.562,0.826)-(-0.560,0.822) rgba=(0.20,0.80,0.90,1.00)]
[2026-08-16T02:05:07Z INFO  steel_front] cam: yaw=0.0 pitch=0.0 dist=3.4 mode=FirstPerson cycle_us=2811 update_us=15 render_us=2796
[2026-08-16T02:05:07Z INFO  steel_front::engine::renderer] huddbg: set_hud_quads quads=2026 count=2026 mapped_null=false capacity=4096 first=[px=(48,1508,720x44) ndc=(-0.962,-0.885)-(-0.400,-0.940) rgba=(0.08,0.08,0.10,0.75)] last=[px=(561,140,3x3) ndc=(-0.562,0.826)-(-0.560,0.822) rgba=(0.20,0.80,0.90,1.00)]
[2026-08-16T02:05:07Z INFO  steel_front::engine::renderer] visible=65536/65536 near=65536 far=0 fps=405.8 frame_us=1603 cull_us=6 terrain_us=0 wait_fence_us=2164 acquire_us=1 record_us=19 submit_us=17 present_us=84 terrain_lod=high blend=0.000 quality=中画质 marker=36 npc=1018
[2026-08-16T02:05:07Z INFO  steel_front::engine::renderer] huddbg: set_hud_quads quads=2026 count=2026 mapped_null=false capacity=4096 first=[px=(48,1508,720x44) ndc=(-0.962,-0.885)-(-0.400,-0.940) rgba=(0.08,0.08,0.10,0.75)] last=[px=(561,140,3x3) ndc=(-0.562,0.826)-(-0.560,0.822) rgba=(0.20,0.80,0.90,1.00)]
[2026-08-16T02:05:07Z INFO  steel_front::engine::game] ai: npcs=6 near=6 far=0 idle=0 patrol=3 chase=3 attack=0 tactics=[4, 1, 1, 0, 0, 0, 0, 0]
[2026-08-16T02:05:07Z INFO  steel_front::engine::game] game: wave=1 enemies=6 enemy_hp=100 hp=100/100 score=0 phys_us=0 ai_us=323 audio_us=9 net_us=0
[2026-08-16T02:05:08Z INFO  steel_front::engine::renderer] huddbg: set_hud_quads quads=2026 count=2026 mapped_null=false capacity=4096 first=[px=(48,1508,720x44) ndc=(-0.962,-0.885)-(-0.400,-0.940) rgba=(0.08,0.08,0.10,0.75)] last=[px=(561,140,3x3) ndc=(-0.562,0.826)-(-0.560,0.822) rgba=(0.20,0.80,0.90,1.00)]
[2026-08-16T02:05:08Z INFO  steel_front] cam: yaw=0.0 pitch=0.0 dist=3.4 mode=FirstPerson cycle_us=1818 update_us=19 render_us=1799
[2026-08-16T02:05:08Z INFO  steel_front::engine::renderer] huddbg: set_hud_quads quads=2028 count=2028 mapped_null=false capacity=4096 first=[px=(48,1508,720x44) ndc=(-0.962,-0.885)-(-0.400,-0.940) rgba=(0.08,0.08,0.10,0.75)] last=[px=(561,140,3x3) ndc=(-0.562,0.826)-(-0.560,0.822) rgba=(0.20,0.80,0.90,1.00)]
[2026-08-16T02:05:08Z INFO  steel_front::engine::renderer] huddbg: set_hud_quads quads=2028 count=2028 mapped_null=false capacity=4096 first=[px=(48,1508,720x44) ndc=(-0.962,-0.885)-(-0.400,-0.940) rgba=(0.08,0.08,0.10,0.75)] last=[px=(561,140,3x3) ndc=(-0.562,0.826)-(-0.560,0.822) rgba=(0.20,0.80,0.90,1.00)]
[2026-08-16T02:05:08Z INFO  steel_front::engine::renderer] visible=65536/65536 near=65536 far=0 fps=405.7 frame_us=2606 cull_us=5 terrain_us=0 wait_fence_us=1064 acquire_us=0 record_us=39 submit_us=32 present_us=735 terrain_lod=high blend=0.000 quality=中画质 marker=36 npc=1018
[2026-08-16T02:05:08Z INFO  steel_front::engine::game] ai: npcs=6 near=6 far=0 idle=0 patrol=3 chase=3 attack=0 tactics=[4, 1, 1, 0, 0, 0, 0, 0]
[2026-08-16T02:05:08Z INFO  steel_front::engine::game] game: wave=1 enemies=6 enemy_hp=100 hp=100/100 score=0 phys_us=0 ai_us=324 audio_us=24 net_us=0
[2026-08-16T02:05:08Z INFO  steel_front::engine::renderer] huddbg: set_hud_quads quads=2028 count=2028 mapped_null=false capacity=4096 first=[px=(48,1508,720x44) ndc=(-0.962,-0.885)-(-0.400,-0.940) rgba=(0.08,0.08,0.10,0.75)] last=[px=(561,140,3x3) ndc=(-0.562,0.826)-(-0.560,0.822) rgba=(0.20,0.80,0.90,1.00)]
[2026-08-16T02:05:09Z INFO  steel_front::engine::renderer] huddbg: set_hud_quads quads=2028 count=2028 mapped_null=false capacity=4096 first=[px=(48,1508,720x44) ndc=(-0.962,-0.885)-(-0.400,-0.940) rgba=(0.08,0.08,0.10,0.75)] last=[px=(561,140,3x3) ndc=(-0.562,0.826)-(-0.560,0.822) rgba=(0.20,0.80,0.90,1.00)]
[2026-08-16T02:05:09Z INFO  steel_front] cam: yaw=0.0 pitch=0.0 dist=3.4 mode=FirstPerson cycle_us=2363 update_us=38 render_us=2325
[2026-08-16T02:05:09Z INFO  steel_front::engine::renderer] huddbg: set_hud_quads quads=2028 count=2028 mapped_null=false capacity=4096 first=[px=(48,1508,720x44) ndc=(-0.962,-0.885)-(-0.400,-0.940) rgba=(0.08,0.08,0.10,0.75)] last=[px=(561,140,3x3) ndc=(-0.562,0.826)-(-0.560,0.822) rgba=(0.20,0.80,0.90,1.00)]
[2026-08-16T02:05:09Z INFO  steel_front::engine::renderer] visible=65536/65536 near=65536 far=0 fps=406.0 frame_us=2434 cull_us=5 terrain_us=0 wait_fence_us=1697 acquire_us=0 record_us=41 submit_us=37 present_us=173 terrain_lod=high blend=0.000 quality=中画质 marker=36 npc=1018
[2026-08-16T02:05:09Z INFO  steel_front] size diag: window_inner=2560x1600 hud=2560x1600
[2026-08-16T02:05:09Z INFO  steel_front] huddbg: state=Playing quads=2028 gun=10
[2026-08-16T02:05:09Z INFO  steel_front] size diag: window_inner=2560x1600 hud=2560x1600
[2026-08-16T02:05:09Z INFO  steel_front] huddbg: state=Playing quads=2028 gun=10
[2026-08-16T02:05:09Z INFO  steel_front] size diag: window_inner=2560x1600 hud=2560x1600
[2026-08-16T02:05:09Z INFO  steel_front] huddbg: state=Playing quads=2028 gun=10
[2026-08-16T02:05:09Z INFO  steel_front] size diag: window_inner=2560x1600 hud=2560x1600
[2026-08-16T02:05:09Z INFO  steel_front] huddbg: state=Playing quads=2028 gun=10
[2026-08-16T02:05:09Z INFO  steel_front] size diag: window_inner=2560x1600 hud=2560x1600
[2026-08-16T02:05:09Z INFO  steel_front] huddbg: state=Playing quads=2028 gun=10
[2026-08-16T02:05:09Z INFO  steel_front] size diag: window_inner=2560x1600 hud=2560x1600
[2026-08-16T02:05:09Z INFO  steel_front] huddbg: state=Playing quads=2028 gun=10
[2026-08-16T02:05:09Z INFO  steel_front] size diag: window_inner=2560x1600 hud=2560x1600
[2026-08-16T02:05:09Z INFO  steel_front] huddbg: state=Playing quads=2028 gun=10
[2026-08-16T02:05:09Z INFO  steel_front] size diag: window_inner=2560x1600 hud=2560x1600
[2026-08-16T02:05:09Z INFO  steel_front] huddbg: state=Playing quads=2028 gun=10
[2026-08-16T02:05:09Z INFO  steel_front] size diag: window_inner=2560x1600 hud=2560x1600
[2026-08-16T02:05:09Z INFO  steel_front] huddbg: state=Playing quads=2028 gun=10
[2026-08-16T02:05:09Z INFO  steel_front] size diag: window_inner=2560x1600 hud=2560x1600
[2026-08-16T02:05:09Z INFO  steel_front] huddbg: state=Playing quads=2028 gun=10
[2026-08-16T02:05:09Z INFO  steel_front] size diag: window_inner=2560x1600 hud=2560x1600
[2026-08-16T02:05:09Z INFO  steel_front] huddbg: state=Playing quads=2028 gun=10
[2026-08-16T02:05:09Z INFO  steel_front] size diag: window_inner=2560x1600 hud=2560x1600
[2026-08-16T02:05:09Z INFO  steel_front] huddbg: state=Playing quads=2028 gun=10
[2026-08-16T02:05:09Z INFO  steel_front::engine::game] ai: npcs=6 near=5 far=1 idle=0 patrol=3 chase=3 attack=0 tactics=[4, 1, 1, 0, 0, 0, 0, 0]
[2026-08-16T02:05:09Z INFO  steel_front::engine::game] game: wave=1 enemies=6 enemy_hp=100 hp=100/100 score=0 phys_us=0 ai_us=99 audio_us=12 net_us=0
[2026-08-16T02:05:09Z INFO  steel_front] size diag: window_inner=2560x1600 hud=2560x1600
[2026-08-16T02:05:09Z INFO  steel_front] size diag: window_inner=2560x1600 hud=2560x1600
[2026-08-16T02:05:09Z INFO  steel_front] size diag: window_inner=2560x1600 hud=2560x1600
[2026-08-16T02:05:09Z INFO  steel_front] size diag: window_inner=2560x1600 hud=2560x1600
[2026-08-16T02:05:09Z INFO  steel_front::engine::renderer] huddbg: set_hud_quads quads=2028 count=2028 mapped_null=false capacity=4096 first=[px=(48,1508,720x44) ndc=(-0.962,-0.885)-(-0.400,-0.940) rgba=(0.08,0.08,0.10,0.75)] last=[px=(561,140,3x3) ndc=(-0.562,0.826)-(-0.560,0.822) rgba=(0.20,0.80,0.90,1.00)]
[2026-08-16T02:05:09Z INFO  steel_front] size diag: window_inner=2560x1600 hud=2560x1600
[2026-08-16T02:05:09Z INFO  steel_front] size diag: window_inner=2560x1600 hud=2560x1600
[2026-08-16T02:05:09Z INFO  steel_front] size diag: window_inner=2560x1600 hud=2560x1600
[2026-08-16T02:05:09Z INFO  steel_front] size diag: window_inner=2560x1600 hud=2560x1600
[2026-08-16T02:05:10Z INFO  steel_front::engine::renderer] huddbg: set_hud_quads quads=2028 count=2028 mapped_null=false capacity=4096 first=[px=(48,1508,720x44) ndc=(-0.962,-0.885)-(-0.400,-0.940) rgba=(0.08,0.08,0.10,0.75)] last=[px=(561,140,3x3) ndc=(-0.562,0.826)-(-0.560,0.822) rgba=(0.20,0.80,0.90,1.00)]
[2026-08-16T02:05:10Z INFO  steel_front] cam: yaw=0.0 pitch=0.0 dist=3.4 mode=FirstPerson cycle_us=2847 update_us=13 render_us=2834
[2026-08-16T02:05:10Z INFO  steel_front::engine::renderer] huddbg: set_hud_quads quads=2026 count=2026 mapped_null=false capacity=4096 first=[px=(48,1508,720x44) ndc=(-0.962,-0.885)-(-0.400,-0.940) rgba=(0.08,0.08,0.10,0.75)] last=[px=(561,140,3x3) ndc=(-0.562,0.826)-(-0.560,0.822) rgba=(0.20,0.80,0.90,1.00)]
[2026-08-16T02:05:10Z INFO  steel_front::engine::renderer] visible=65536/65536 near=65536 far=0 fps=405.7 frame_us=2555 cull_us=5 terrain_us=0 wait_fence_us=1181 acquire_us=1 record_us=40 submit_us=32 present_us=654 terrain_lod=high blend=0.000 quality=中画质 marker=36 npc=1018
[2026-08-16T02:05:10Z INFO  steel_front::engine::renderer] huddbg: set_hud_quads quads=2026 count=2026 mapped_null=false capacity=4096 first=[px=(48,1508,720x44) ndc=(-0.962,-0.885)-(-0.400,-0.940) rgba=(0.08,0.08,0.10,0.75)] last=[px=(561,140,3x3) ndc=(-0.562,0.826)-(-0.560,0.822) rgba=(0.20,0.80,0.90,1.00)]
[2026-08-16T02:05:10Z INFO  steel_front] gundbg: cam_pos=Vec3(0.0, 1.6, 0.0) part0_pos=(0.288,1.300,-0.620)
[2026-08-16T02:05:10Z INFO  steel_front] gundbg: cam_pos=Vec3(0.0, 1.6, 0.0) part0_pos=(0.288,1.300,-0.620)
[2026-08-16T02:05:10Z INFO  steel_front] gundbg: cam_pos=Vec3(0.0, 1.6, 0.0) part0_pos=(0.288,1.300,-0.620)
[2026-08-16T02:05:10Z INFO  steel_front] gundbg: cam_pos=Vec3(0.0, 1.6, 0.0) part0_pos=(0.288,1.300,-0.620)
[2026-08-16T02:05:10Z INFO  steel_front] gundbg: cam_pos=Vec3(0.0, 1.6, 0.0) part0_pos=(0.287,1.300,-0.620)
[2026-08-16T02:05:10Z INFO  steel_front] gundbg: cam_pos=Vec3(0.0, 1.6, 0.0) part0_pos=(0.287,1.300,-0.620)
[2026-08-16T02:05:10Z INFO  steel_front] gundbg: cam_pos=Vec3(0.0, 1.6, 0.0) part0_pos=(0.287,1.300,-0.620)
[2026-08-16T02:05:10Z INFO  steel_front] gundbg: cam_pos=Vec3(0.0, 1.6, 0.0) part0_pos=(0.287,1.300,-0.620)
[2026-08-16T02:05:10Z INFO  steel_front] gundbg: cam_pos=Vec3(0.0, 1.6, 0.0) part0_pos=(0.286,1.300,-0.620)
[2026-08-16T02:05:10Z INFO  steel_front] gundbg: cam_pos=Vec3(0.0, 1.6, 0.0) part0_pos=(0.286,1.300,-0.620)
[2026-08-16T02:05:10Z INFO  steel_front] gundbg: cam_pos=Vec3(0.0, 1.6, 0.0) part0_pos=(0.286,1.300,-0.620)
[2026-08-16T02:05:10Z INFO  steel_front] gundbg: cam_pos=Vec3(0.0, 1.6, 0.0) part0_pos=(0.286,1.300,-0.620)
[2026-08-16T02:05:10Z INFO  steel_front::engine::game] ai: npcs=6 near=5 far=1 idle=0 patrol=3 chase=3 attack=0 tactics=[4, 1, 1, 0, 0, 0, 0, 0]
[2026-08-16T02:05:10Z INFO  steel_front::engine::game] game: wave=1 enemies=6 enemy_hp=100 hp=100/100 score=0 phys_us=2 ai_us=198 audio_us=26 net_us=0
[2026-08-16T02:05:10Z INFO  steel_front::engine::renderer] huddbg: set_hud_quads quads=2026 count=2026 mapped_null=false capacity=4096 first=[px=(48,1508,720x44) ndc=(-0.962,-0.885)-(-0.400,-0.940) rgba=(0.08,0.08,0.10,0.75)] last=[px=(561,140,3x3) ndc=(-0.562,0.826)-(-0.560,0.822) rgba=(0.20,0.80,0.90,1.00)]
[2026-08-16T02:05:11Z INFO  steel_front] cam: yaw=0.0 pitch=0.0 dist=3.4 mode=FirstPerson cycle_us=1789 update_us=44 render_us=1745
[2026-08-16T02:05:11Z INFO  steel_front::engine::renderer] huddbg: set_hud_quads quads=2028 count=2028 mapped_null=false capacity=4096 first=[px=(48,1508,720x44) ndc=(-0.962,-0.885)-(-0.400,-0.940) rgba=(0.08,0.08,0.10,0.75)] last=[px=(561,140,3x3) ndc=(-0.562,0.826)-(-0.560,0.822) rgba=(0.20,0.80,0.90,1.00)]
[2026-08-16T02:05:11Z INFO  steel_front::engine::renderer] huddbg: set_hud_quads quads=2028 count=2028 mapped_null=false capacity=4096 first=[px=(48,1508,720x44) ndc=(-0.962,-0.885)-(-0.400,-0.940) rgba=(0.08,0.08,0.10,0.75)] last=[px=(561,140,3x3) ndc=(-0.562,0.826)-(-0.560,0.822) rgba=(0.20,0.80,0.90,1.00)]
[2026-08-16T02:05:11Z INFO  steel_front::engine::renderer] visible=65536/65536 near=65536 far=0 fps=406.0 frame_us=1313 cull_us=8 terrain_us=0 wait_fence_us=2219 acquire_us=1 record_us=39 submit_us=33 present_us=166 terrain_lod=high blend=0.000 quality=中画质 marker=36 npc=1018
[2026-08-16T02:05:11Z INFO  steel_front::engine::game] ai: npcs=6 near=5 far=1 idle=0 patrol=3 chase=3 attack=0 tactics=[4, 1, 1, 0, 0, 0, 0, 0]
[2026-08-16T02:05:11Z INFO  steel_front::engine::game] game: wave=1 enemies=6 enemy_hp=100 hp=100/100 score=0 phys_us=2 ai_us=405 audio_us=32 net_us=0
