[2026-08-16T02:43:07Z INFO  steel_front] ========================================
[2026-08-16T02:43:07Z INFO  steel_front]   钢铁前线 (Steel Front) v0.1.0
[2026-08-16T02:43:07Z INFO  steel_front]   二战FPS游戏引擎 - Rust + Vulkan
[2026-08-16T02:43:07Z INFO  steel_front] ========================================
[2026-08-16T02:43:07Z INFO  steel_front::engine::cpu] cpu: vendor=Amd threads=32 primary=[0, 1, 2, 3, 4, 5, 6, 7, 8, 9, 10, 11, 12, 13, 14, 15] secondary=[16, 17, 18, 19, 20, 21, 22, 23, 24, 25, 26, 27, 28, 29, 30, 31] e_cores=0 avx2=true avx512=true scene_set=[0, 1, 2, 3, 4, 5, 6, 7, 8, 9, 10, 11, 12, 13, 14, 15] ai_set=[16, 17, 18, 19, 20, 21, 22, 23, 24, 25, 26, 27, 28, 29, 30, 31] physical_primary=[0, 1, 2, 3, 4, 5, 6, 7, 8, 9, 10, 11, 12, 13, 14, 15] physical_secondary=[16, 17, 18, 19, 20, 21, 22, 23, 24, 25, 26, 27, 28, 29, 30, 31] smt=[]
[2026-08-16T02:43:07Z INFO  steel_front::engine::cpu] cpu: 非 Linux 平台，跳过线程手工绑定（交给系统调度）
[2026-08-16T02:43:07Z INFO  steel_front::engine::cpu] cpu: ai_pool 创建（8 工作线程，绑定 vCPU [16, 17, 18, 19, 20, 21, 22, 23, 24, 25, 26, 27, 28, 29, 30, 31]）
[2026-08-16T02:43:07Z INFO  steel_front::engine::game] map: level 1 generated: 36 obstacle bodies (wall=20 block=0 barrier=0 tree=3 building=6 ruin=7), 203 grid cells blocked
[2026-08-16T02:43:07Z INFO  steel_front] 窗口创建成功: 2560x1600
[2026-08-16T02:43:07Z INFO  steel_front] winit inner_size: 2560x1600 scale_factor=1.50
[2026-08-16T02:43:07Z WARN  steel_front::engine::renderer] 验证层不可用，将不使用
[2026-08-16T02:43:07Z INFO  steel_front::engine::renderer] 选择物理设备: NVIDIA GeForce RTX 5060 Laptop GPU
[2026-08-16T02:43:07Z INFO  steel_front::engine::gpu_caps] gpu-caps: 设备 NVIDIA GeForce RTX 5060 Laptop GPU 硬件能力探测（WSLg/dzn 视角）
[2026-08-16T02:43:07Z INFO  steel_front::engine::gpu_caps] gpu-caps: 可用 device 扩展 280 个
[2026-08-16T02:43:07Z INFO  steel_front::engine::gpu_caps] gpu-caps: -- 光追扩展 --
[2026-08-16T02:43:07Z INFO  steel_front::engine::gpu_caps] gpu-caps:   VK_KHR_ray_tracing_pipeline = true
[2026-08-16T02:43:07Z INFO  steel_front::engine::gpu_caps] gpu-caps:   VK_KHR_acceleration_structure = true
[2026-08-16T02:43:07Z INFO  steel_front::engine::gpu_caps] gpu-caps:   VK_KHR_ray_query = true
[2026-08-16T02:43:07Z INFO  steel_front::engine::gpu_caps] gpu-caps:   VK_KHR_deferred_host_operations = true
[2026-08-16T02:43:07Z INFO  steel_front::engine::gpu_caps] gpu-caps:   VK_KHR_buffer_device_address = true
[2026-08-16T02:43:07Z INFO  steel_front::engine::gpu_caps] gpu-caps:   VK_KHR_ray_tracing_position_fetch = true
[2026-08-16T02:43:07Z INFO  steel_front::engine::gpu_caps] gpu-caps:   VK_NV_ray_tracing = true
[2026-08-16T02:43:07Z INFO  steel_front::engine::gpu_caps] gpu-caps: -- Tensor Core / 协作矩阵 --
[2026-08-16T02:43:07Z INFO  steel_front::engine::gpu_caps] gpu-caps:   VK_KHR_cooperative_matrix = true
[2026-08-16T02:43:07Z INFO  steel_front::engine::gpu_caps] gpu-caps:   VK_NV_cooperative_matrix = true
[2026-08-16T02:43:07Z INFO  steel_front::engine::gpu_caps] gpu-caps:   VK_NV_compute_shader_derivatives = true
[2026-08-16T02:43:07Z INFO  steel_front::engine::gpu_caps] gpu-caps: -- DLSS / NVIDIA 私有 --
[2026-08-16T02:43:07Z INFO  steel_front::engine::gpu_caps] gpu-caps:   VK_NVX_image_view_handle = true
[2026-08-16T02:43:07Z INFO  steel_front::engine::gpu_caps] gpu-caps:   VK_NVX_binary_import = true
[2026-08-16T02:43:07Z INFO  steel_front::engine::gpu_caps] gpu-caps:   VK_NV_cuda_kernel = true
[2026-08-16T02:43:07Z INFO  steel_front::engine::gpu_caps] gpu-caps:   VK_NV_external_memory = true
[2026-08-16T02:43:07Z INFO  steel_front::engine::gpu_caps] gpu-caps: -- 其它新特性 --
[2026-08-16T02:43:07Z INFO  steel_front::engine::gpu_caps] gpu-caps:   VK_EXT_mesh_shader = true
[2026-08-16T02:43:07Z INFO  steel_front::engine::gpu_caps] gpu-caps:   VK_KHR_shader_object = false
[2026-08-16T02:43:07Z INFO  steel_front::engine::gpu_caps] gpu-caps:   VK_KHR_dynamic_rendering = true
[2026-08-16T02:43:07Z INFO  steel_front::engine::gpu_caps] gpu-caps: RT 特性 ray_tracing_pipeline=true acceleration_structure=true buffer_device_address=true ray_query=true
[2026-08-16T02:43:07Z INFO  steel_front::engine::gpu_caps] gpu-caps: RT 管线属性 shaderGroupHandleSize=32B maxRecursionDepth=31 maxRayDispatchInvocationCount=1073741824
[2026-08-16T02:43:08Z INFO  steel_front::engine::gpu_caps] gpu-caps: 【结论】光追探测 device 创建成功 → RT Core 路径可用（dzn→DXR）
[2026-08-16T02:43:08Z INFO  steel_front::engine::gpu_caps] gpu-caps: CUDA 直通（Tensor Core 可编程访问）=false（libcuda in /usr/lib/wsl/lib）
[2026-08-16T02:43:08Z INFO  steel_front::engine::gpu_caps] gpu-caps: 【结论】Vulkan-DLSS（NVIDIA 私有扩展）=true；可直接接 DLSS SDK
[2026-08-16T02:43:08Z INFO  steel_front::engine::renderer] VK_EXT_mesh_shader 可用：启用可选网格着色器渲染路径
[2026-08-16T02:43:08Z INFO  steel_front::engine::renderer] swapchain diag: current_extent=2560x1600 final=2560x1600
[2026-08-16T02:43:08Z INFO  steel_front::engine::renderer] 交换链初始化完成: 2560x1600, 格式: B8G8R8A8_SRGB, 图像数: 3, present_mode: MAILBOX
[2026-08-16T02:43:08Z INFO  steel_front::engine::renderer] 实例缓冲创建完成: 65536 个实例，stride 80 字节，2 帧双缓冲 HOST_VISIBLE|HOST_COHERENT（每帧压缩上传）
[2026-08-16T02:43:08Z INFO  steel_front::engine::renderer] instances=65536 draw_calls=1
[2026-08-16T02:43:08Z INFO  steel_front::engine::renderer] 深度缓冲创建完成: 3 张 2560x1600 D32_SFLOAT
[2026-08-16T02:43:08Z INFO  steel_front::engine::renderer] Descriptor Set Layout: binding 0 = UBO(view/proj), binding 1 = 贴图, binding 2 = 实例 STORAGE_BUFFER, binding 3 = 采样器
[2026-08-16T02:43:08Z INFO  steel_front::engine::renderer] Descriptor 初始化完成（2 帧）
[2026-08-16T02:43:08Z INFO  steel_front::engine::renderer] 远档 LOD 几何创建完成: 8 顶点 / 12 索引（十字双 quad）
[2026-08-16T02:43:08Z INFO  steel_front::engine::renderer] 地面平铺 quad 几何创建完成: 4 顶点 / 6 索引（无侧壁）
[2026-08-16T02:43:08Z INFO  steel_front::engine::renderer] 球体几何创建完成: 325 顶点 / 1728 索引（爆炸球形扩散）
[2026-08-16T02:43:08Z INFO  steel_front::engine::renderer] 地形 LOD[0] 创建完成: 66049 顶点 / 393216 索引（257×257 网格，间距 2）
[2026-08-16T02:43:08Z INFO  steel_front::engine::renderer] 地形 LOD[1] 创建完成: 16641 顶点 / 98304 索引（129×129 网格，间距 4）
[2026-08-16T02:43:08Z INFO  steel_front::engine::renderer] 地形 LOD[2] 创建完成: 4225 顶点 / 24576 索引（65×65 网格，间距 8）
[2026-08-16T02:43:08Z INFO  steel_front::engine::renderer] 地形 3 级 LOD 全部创建完成（高/中/低）
[2026-08-16T02:43:08Z INFO  steel_front::engine::renderer] 图形管线创建完成
[2026-08-16T02:43:08Z INFO  steel_front::engine::renderer] 网格着色器 maxMeshWorkGroupCount[0] = 4194304（地面场 65536 按此分块）
[2026-08-16T02:43:08Z INFO  steel_front::engine::renderer] 网格着色器管线创建完成（VK_EXT_mesh_shader）
[2026-08-16T02:43:08Z INFO  steel_front::engine::renderer] HUD 覆盖层初始化完成（独立 pipeline，容量 4096 quads）
[2026-08-16T02:43:08Z INFO  steel_front::engine::renderer] 纹理初始化完成: 512x512（10 mip，来源=程序化地面材质）
[2026-08-16T02:43:08Z INFO  steel_front::engine::renderer] 程序化皮肤纹理初始化完成: 512x512（marker=木板墙, npc=迷彩军服, RV3D_SKIN_TEX=off（纯色回退））
[2026-08-16T02:43:08Z INFO  steel_front::engine::renderer] 阴影贴图资源创建完成: 2048x2048 D32_SFLOAT
[2026-08-16T02:43:08Z INFO  steel_front::engine::renderer] 阴影 depth-only 管线创建完成
[2026-08-16T02:43:08Z INFO  steel_front] Vulkan 渲染器初始化成功
[2026-08-16T02:43:08Z INFO  steel_front] settings: 分辨率保持 2560x1600
[2026-08-16T02:43:08Z INFO  steel_front] settings: 应用画质 中画质
[2026-08-16T02:43:08Z INFO  steel_front::engine::renderer] 画质预设已切换: 中画质
[2026-08-16T02:43:08Z INFO  steel_front] 窗口大小变化: 1898x1061
[2026-08-16T02:43:08Z INFO  steel_front::engine::renderer] swapchain diag: current_extent=2560x1600 final=2560x1600
[2026-08-16T02:43:08Z INFO  steel_front::engine::renderer] 交换链初始化完成: 2560x1600, 格式: B8G8R8A8_SRGB, 图像数: 3, present_mode: MAILBOX
[2026-08-16T02:43:08Z INFO  steel_front::engine::renderer] 深度缓冲创建完成: 3 张 2560x1600 D32_SFLOAT
[2026-08-16T02:43:08Z INFO  steel_front] 窗口大小变化: 1920x1117
[2026-08-16T02:43:08Z INFO  steel_front::engine::renderer] swapchain diag: current_extent=2560x1600 final=2560x1600
[2026-08-16T02:43:08Z INFO  steel_front::engine::renderer] 交换链初始化完成: 2560x1600, 格式: B8G8R8A8_SRGB, 图像数: 3, present_mode: MAILBOX
[2026-08-16T02:43:08Z INFO  steel_front::engine::renderer] 深度缓冲创建完成: 3 张 2560x1600 D32_SFLOAT
[2026-08-16T02:43:08Z INFO  steel_front] 窗口大小变化: 2560x1600
[2026-08-16T02:43:08Z INFO  steel_front::engine::renderer] swapchain diag: current_extent=2560x1600 final=2560x1600
[2026-08-16T02:43:08Z INFO  steel_front::engine::renderer] 交换链初始化完成: 2560x1600, 格式: B8G8R8A8_SRGB, 图像数: 3, present_mode: MAILBOX
[2026-08-16T02:43:08Z INFO  steel_front::engine::renderer] 深度缓冲创建完成: 3 张 2560x1600 D32_SFLOAT
[2026-08-16T02:43:08Z INFO  steel_front] 窗口大小变化: 2560x1600
[2026-08-16T02:43:08Z INFO  steel_front::engine::renderer] swapchain diag: current_extent=2560x1600 final=2560x1600
[2026-08-16T02:43:08Z INFO  steel_front::engine::renderer] 交换链初始化完成: 2560x1600, 格式: B8G8R8A8_SRGB, 图像数: 3, present_mode: MAILBOX
[2026-08-16T02:43:08Z INFO  steel_front::engine::renderer] 深度缓冲创建完成: 3 张 2560x1600 D32_SFLOAT
[2026-08-16T02:43:08Z INFO  steel_front] cam: yaw=0.0 pitch=0.0 dist=3.4 mode=FirstPerson cycle_us=3279 update_us=11 render_us=3268
[2026-08-16T02:43:09Z INFO  steel_front::engine::renderer] visible=65536/65536 near=65536 far=0 fps=340.9 frame_us=1923 cull_us=3 terrain_us=0 wait_fence_us=1857 acquire_us=1 record_us=47 submit_us=40 present_us=190 terrain_lod=high blend=0.000 quality=中画质 marker=36 npc=1017
[2026-08-16T02:43:09Z INFO  steel_front::engine::game] ai: npcs=8 near=8 far=0 idle=0 patrol=0 chase=8 attack=0 tactics=[8, 0, 0, 0, 0, 0, 0, 0]
[2026-08-16T02:43:09Z INFO  steel_front::engine::game] game: wave=1 enemies=8 enemy_hp=100 hp=100/100 score=0 phys_us=2 ai_us=521 audio_us=9 net_us=0
[2026-08-16T02:43:09Z INFO  steel_front] cam: yaw=0.0 pitch=0.0 dist=3.4 mode=FirstPerson cycle_us=2188 update_us=30 render_us=2157
[2026-08-16T02:43:10Z INFO  steel_front::engine::renderer] visible=65536/65536 near=65536 far=0 fps=405.4 frame_us=3056 cull_us=4 terrain_us=0 wait_fence_us=1450 acquire_us=1 record_us=45 submit_us=52 present_us=675 terrain_lod=high blend=0.000 quality=中画质 marker=36 npc=1017
[2026-08-16T02:43:10Z INFO  steel_front::engine::game] ai: npcs=8 near=8 far=0 idle=0 patrol=0 chase=8 attack=0 tactics=[8, 0, 0, 0, 0, 0, 0, 0]
[2026-08-16T02:43:10Z INFO  steel_front::engine::game] game: wave=1 enemies=8 enemy_hp=100 hp=100/100 score=0 phys_us=4 ai_us=524 audio_us=11 net_us=0
[2026-08-16T02:43:10Z INFO  steel_front] cam: yaw=0.0 pitch=0.0 dist=3.4 mode=FirstPerson cycle_us=2216 update_us=32 render_us=2183
[2026-08-16T02:43:11Z INFO  steel_front::engine::renderer] visible=65536/65536 near=65536 far=0 fps=404.0 frame_us=1769 cull_us=3 terrain_us=0 wait_fence_us=2460 acquire_us=0 record_us=22 submit_us=31 present_us=78 terrain_lod=high blend=0.000 quality=中画质 marker=36 npc=1017
[2026-08-16T02:43:11Z INFO  steel_front::engine::game] ai: npcs=8 near=8 far=0 idle=0 patrol=0 chase=8 attack=0 tactics=[8, 0, 0, 0, 0, 0, 0, 0]
[2026-08-16T02:43:11Z INFO  steel_front::engine::game] game: wave=1 enemies=8 enemy_hp=100 hp=100/100 score=0 phys_us=3 ai_us=499 audio_us=15 net_us=0
[2026-08-16T02:43:11Z INFO  steel_front] cam: yaw=0.0 pitch=0.0 dist=3.4 mode=FirstPerson cycle_us=2202 update_us=29 render_us=2173
[2026-08-16T02:43:12Z INFO  steel_front::engine::renderer] visible=65536/65536 near=65536 far=0 fps=403.3 frame_us=1527 cull_us=3 terrain_us=0 wait_fence_us=2430 acquire_us=1 record_us=15 submit_us=15 present_us=80 terrain_lod=high blend=0.000 quality=中画质 marker=36 npc=1017
[2026-08-16T02:43:12Z INFO  steel_front::engine::game] ai: npcs=8 near=8 far=0 idle=0 patrol=0 chase=8 attack=0 tactics=[8, 0, 0, 0, 0, 0, 0, 0]
[2026-08-16T02:43:12Z INFO  steel_front::engine::game] game: wave=1 enemies=8 enemy_hp=100 hp=100/100 score=0 phys_us=1 ai_us=454 audio_us=11 net_us=0
[2026-08-16T02:43:12Z INFO  steel_front] cam: yaw=0.0 pitch=0.0 dist=3.4 mode=FirstPerson cycle_us=2633 update_us=20 render_us=2612
[2026-08-16T02:43:13Z INFO  steel_front::engine::game] npc: #3 stand (3.4, 0.0, 11.5)
[2026-08-16T02:43:13Z INFO  steel_front::engine::renderer] visible=65536/65536 near=65536 far=0 fps=407.9 frame_us=1711 cull_us=4 terrain_us=0 wait_fence_us=2020 acquire_us=1 record_us=34 submit_us=31 present_us=246 terrain_lod=high blend=0.000 quality=中画质 marker=55 npc=1017
[2026-08-16T02:43:13Z INFO  steel_front] size diag: window_inner=2560x1600 hud=2560x1600
[2026-08-16T02:43:13Z INFO  steel_front::engine::game] ai: npcs=8 near=8 far=0 idle=0 patrol=0 chase=7 attack=1 tactics=[8, 0, 0, 0, 0, 0, 0, 0]
[2026-08-16T02:43:13Z INFO  steel_front::engine::game] game: wave=1 enemies=8 enemy_hp=100 hp=100/100 score=0 phys_us=2 ai_us=193 audio_us=15 net_us=0
[2026-08-16T02:43:13Z INFO  steel_front] size diag: window_inner=2560x1600 hud=2560x1600
[2026-08-16T02:43:13Z INFO  steel_front] size diag: window_inner=2560x1600 hud=2560x1600
[2026-08-16T02:43:13Z INFO  steel_front] size diag: window_inner=2560x1600 hud=2560x1600
[2026-08-16T02:43:13Z INFO  steel_front] size diag: window_inner=2560x1600 hud=2560x1600
[2026-08-16T02:43:13Z INFO  steel_front] size diag: window_inner=2560x1600 hud=2560x1600
[2026-08-16T02:43:13Z INFO  steel_front] size diag: window_inner=2560x1600 hud=2560x1600
[2026-08-16T02:43:13Z INFO  steel_front] size diag: window_inner=2560x1600 hud=2560x1600
[2026-08-16T02:43:13Z INFO  steel_front] size diag: window_inner=2560x1600 hud=2560x1600
[2026-08-16T02:43:13Z INFO  steel_front] size diag: window_inner=2560x1600 hud=2560x1600
[2026-08-16T02:43:13Z INFO  steel_front] size diag: window_inner=2560x1600 hud=2560x1600
[2026-08-16T02:43:13Z INFO  steel_front] size diag: window_inner=2560x1600 hud=2560x1600
[2026-08-16T02:43:13Z INFO  steel_front] size diag: window_inner=2560x1600 hud=2560x1600
[2026-08-16T02:43:13Z INFO  steel_front] size diag: window_inner=2560x1600 hud=2560x1600
[2026-08-16T02:43:13Z INFO  steel_front] size diag: window_inner=2560x1600 hud=2560x1600
[2026-08-16T02:43:13Z INFO  steel_front] size diag: window_inner=2560x1600 hud=2560x1600
[2026-08-16T02:43:13Z INFO  steel_front] size diag: window_inner=2560x1600 hud=2560x1600
[2026-08-16T02:43:13Z INFO  steel_front] size diag: window_inner=2560x1600 hud=2560x1600
[2026-08-16T02:43:13Z INFO  steel_front] size diag: window_inner=2560x1600 hud=2560x1600
[2026-08-16T02:43:13Z INFO  steel_front] size diag: window_inner=2560x1600 hud=2560x1600
[2026-08-16T02:43:13Z INFO  steel_front::engine::game] npc: #4 stand (4.0, 0.0, -11.3)
[2026-08-16T02:43:13Z INFO  steel_front] cam: yaw=0.0 pitch=0.0 dist=3.4 mode=FirstPerson cycle_us=2769 update_us=14 render_us=2754
[2026-08-16T02:43:14Z INFO  steel_front::engine::renderer] visible=65536/65536 near=65536 far=0 fps=407.3 frame_us=2746 cull_us=5 terrain_us=0 wait_fence_us=1738 acquire_us=1 record_us=20 submit_us=21 present_us=603 terrain_lod=high blend=0.000 quality=中画质 marker=36 npc=1017
[2026-08-16T02:43:14Z INFO  steel_front::engine::game] ai: npcs=8 near=8 far=0 idle=0 patrol=0 chase=6 attack=2 tactics=[8, 0, 0, 0, 0, 0, 0, 0]
[2026-08-16T02:43:14Z INFO  steel_front::engine::game] game: wave=1 enemies=8 enemy_hp=100 hp=100/100 score=0 phys_us=2 ai_us=609 audio_us=22 net_us=0
[2026-08-16T02:43:14Z INFO  steel_front::engine::game] npc: #1 stand (-11.4, 0.0, 3.6)
[2026-08-16T02:43:14Z INFO  steel_front] cam: yaw=0.0 pitch=0.0 dist=3.4 mode=FirstPerson cycle_us=2352 update_us=30 render_us=2321
[2026-08-16T02:43:15Z INFO  steel_front::engine::renderer] visible=65536/65536 near=65536 far=0 fps=389.4 frame_us=2669 cull_us=3 terrain_us=0 wait_fence_us=1995 acquire_us=1 record_us=37 submit_us=58 present_us=171 terrain_lod=high blend=0.000 quality=中画质 marker=63 npc=1017
[2026-08-16T02:43:15Z INFO  steel_front::engine::game] ai: npcs=8 near=8 far=0 idle=0 patrol=0 chase=5 attack=3 tactics=[8, 0, 0, 0, 0, 0, 0, 0]
[2026-08-16T02:43:15Z INFO  steel_front::engine::game] game: wave=1 enemies=8 enemy_hp=100 hp=100/100 score=0 phys_us=3 ai_us=464 audio_us=20 net_us=0
[2026-08-16T02:43:15Z INFO  steel_front] cam: yaw=0.0 pitch=0.0 dist=3.4 mode=FirstPerson cycle_us=2445 update_us=29 render_us=2415
[2026-08-16T02:43:16Z INFO  steel_front::engine::renderer] visible=65536/65536 near=65536 far=0 fps=399.6 frame_us=2908 cull_us=2 terrain_us=0 wait_fence_us=1612 acquire_us=0 record_us=33 submit_us=25 present_us=761 terrain_lod=high blend=0.000 quality=中画质 marker=57 npc=1017
[2026-08-16T02:43:16Z INFO  steel_front::engine::game] ai: npcs=8 near=8 far=0 idle=0 patrol=0 chase=5 attack=3 tactics=[8, 0, 0, 0, 0, 0, 0, 0]
[2026-08-16T02:43:16Z INFO  steel_front::engine::game] game: wave=1 enemies=8 enemy_hp=100 hp=100/100 score=0 phys_us=2 ai_us=493 audio_us=10 net_us=0
[2026-08-16T02:43:16Z INFO  steel_front] cam: yaw=0.0 pitch=0.0 dist=3.4 mode=FirstPerson cycle_us=3251 update_us=28 render_us=3223
[2026-08-16T02:43:17Z INFO  steel_front::engine::renderer] visible=65536/65536 near=65536 far=0 fps=399.1 frame_us=1959 cull_us=3 terrain_us=0 wait_fence_us=2173 acquire_us=1 record_us=21 submit_us=24 present_us=105 terrain_lod=high blend=0.000 quality=中画质 marker=63 npc=1017
[2026-08-16T02:43:17Z INFO  steel_front::engine::game] ai: npcs=8 near=8 far=0 idle=0 patrol=0 chase=5 attack=3 tactics=[8, 0, 0, 0, 0, 0, 0, 0]
[2026-08-16T02:43:17Z INFO  steel_front::engine::game] game: wave=1 enemies=8 enemy_hp=100 hp=100/100 score=0 phys_us=2 ai_us=510 audio_us=15 net_us=0
[2026-08-16T02:43:17Z INFO  steel_front] cam: yaw=0.0 pitch=0.0 dist=3.4 mode=FirstPerson cycle_us=1896 update_us=38 render_us=1858
[2026-08-16T02:43:18Z INFO  steel_front::engine::renderer] visible=65536/65536 near=65536 far=0 fps=395.4 frame_us=2229 cull_us=3 terrain_us=0 wait_fence_us=2332 acquire_us=1 record_us=47 submit_us=45 present_us=182 terrain_lod=high blend=0.000 quality=中画质 marker=58 npc=1017
[2026-08-16T02:43:18Z INFO  steel_front] size diag: window_inner=2560x1600 hud=2560x1600
[2026-08-16T02:43:18Z INFO  steel_front] size diag: window_inner=2560x1600 hud=2560x1600
[2026-08-16T02:43:18Z INFO  steel_front] size diag: window_inner=2560x1600 hud=2560x1600
[2026-08-16T02:43:18Z INFO  steel_front::engine::game] ai: npcs=8 near=8 far=0 idle=0 patrol=0 chase=5 attack=3 tactics=[8, 0, 0, 0, 0, 0, 0, 0]
[2026-08-16T02:43:18Z INFO  steel_front::engine::game] game: wave=1 enemies=8 enemy_hp=100 hp=100/100 score=0 phys_us=1 ai_us=143 audio_us=21 net_us=0
[2026-08-16T02:43:18Z INFO  steel_front] size diag: window_inner=2560x1600 hud=2560x1600
[2026-08-16T02:43:18Z INFO  steel_front] size diag: window_inner=2560x1600 hud=2560x1600
[2026-08-16T02:43:18Z INFO  steel_front] size diag: window_inner=2560x1600 hud=2560x1600
[2026-08-16T02:43:18Z INFO  steel_front] size diag: window_inner=2560x1600 hud=2560x1600
[2026-08-16T02:43:18Z INFO  steel_front] size diag: window_inner=2560x1600 hud=2560x1600
[2026-08-16T02:43:18Z INFO  steel_front] size diag: window_inner=2560x1600 hud=2560x1600
[2026-08-16T02:43:18Z INFO  steel_front] size diag: window_inner=2560x1600 hud=2560x1600
[2026-08-16T02:43:18Z INFO  steel_front] size diag: window_inner=2560x1600 hud=2560x1600
[2026-08-16T02:43:18Z INFO  steel_front] size diag: window_inner=2560x1600 hud=2560x1600
[2026-08-16T02:43:18Z INFO  steel_front] size diag: window_inner=2560x1600 hud=2560x1600
[2026-08-16T02:43:18Z INFO  steel_front] size diag: window_inner=2560x1600 hud=2560x1600
[2026-08-16T02:43:18Z INFO  steel_front] size diag: window_inner=2560x1600 hud=2560x1600
[2026-08-16T02:43:18Z INFO  steel_front] size diag: window_inner=2560x1600 hud=2560x1600
[2026-08-16T02:43:18Z INFO  steel_front] size diag: window_inner=2560x1600 hud=2560x1600
[2026-08-16T02:43:18Z INFO  steel_front] size diag: window_inner=2560x1600 hud=2560x1600
[2026-08-16T02:43:18Z INFO  steel_front] size diag: window_inner=2560x1600 hud=2560x1600
[2026-08-16T02:43:18Z INFO  steel_front] size diag: window_inner=2560x1600 hud=2560x1600
[2026-08-16T02:43:18Z INFO  steel_front] cam: yaw=0.0 pitch=0.0 dist=3.4 mode=FirstPerson cycle_us=2272 update_us=27 render_us=2244
[2026-08-16T02:43:19Z INFO  steel_front::engine::game] npc: #5 stand (11.8, 0.0, 2.0)
[2026-08-16T02:43:19Z INFO  steel_front::engine::renderer] visible=65536/65536 near=65536 far=0 fps=395.6 frame_us=2219 cull_us=5 terrain_us=0 wait_fence_us=2361 acquire_us=1 record_us=33 submit_us=25 present_us=215 terrain_lod=high blend=0.000 quality=中画质 marker=64 npc=1017
[2026-08-16T02:43:19Z INFO  steel_front::engine::game] ai: npcs=8 near=8 far=0 idle=0 patrol=0 chase=4 attack=4 tactics=[8, 0, 0, 0, 0, 0, 0, 0]
[2026-08-16T02:43:19Z INFO  steel_front::engine::game] game: wave=1 enemies=8 enemy_hp=100 hp=100/100 score=0 phys_us=2 ai_us=506 audio_us=18 net_us=0
[2026-08-16T02:43:19Z INFO  steel_front] cam: yaw=0.0 pitch=0.0 dist=3.4 mode=FirstPerson cycle_us=2224 update_us=28 render_us=2195
[2026-08-16T02:43:20Z INFO  steel_front::engine::game] npc: #7 stand (11.5, 0.0, 3.4)
[2026-08-16T02:43:20Z INFO  steel_front::engine::renderer] visible=65536/65536 near=65536 far=0 fps=400.1 frame_us=2830 cull_us=3 terrain_us=0 wait_fence_us=1778 acquire_us=24 record_us=15 submit_us=14 present_us=598 terrain_lod=high blend=0.000 quality=中画质 marker=84 npc=1017
[2026-08-16T02:43:20Z INFO  steel_front::engine::game] ai: npcs=8 near=8 far=0 idle=0 patrol=0 chase=3 attack=5 tactics=[8, 0, 0, 0, 0, 0, 0, 0]
[2026-08-16T02:43:20Z INFO  steel_front::engine::game] game: wave=1 enemies=8 enemy_hp=100 hp=100/100 score=0 phys_us=4 ai_us=502 audio_us=9 net_us=0
[2026-08-16T02:43:20Z INFO  steel_front] cam: yaw=0.0 pitch=0.0 dist=3.4 mode=FirstPerson cycle_us=2947 update_us=23 render_us=2923
[2026-08-16T02:43:21Z INFO  steel_front::engine::renderer] visible=65536/65536 near=65536 far=0 fps=399.4 frame_us=2512 cull_us=2 terrain_us=0 wait_fence_us=1984 acquire_us=0 record_us=34 submit_us=26 present_us=182 terrain_lod=high blend=0.000 quality=中画质 marker=84 npc=1017
[2026-08-16T02:43:21Z INFO  steel_front::engine::game] ai: npcs=8 near=8 far=0 idle=0 patrol=0 chase=3 attack=5 tactics=[8, 0, 0, 0, 0, 0, 0, 0]
[2026-08-16T02:43:21Z INFO  steel_front::engine::game] game: wave=1 enemies=8 enemy_hp=100 hp=100/100 score=0 phys_us=5 ai_us=444 audio_us=24 net_us=0
[2026-08-16T02:43:21Z INFO  steel_front::engine::game] npc: #2 stand (1.8, 0.0, -11.9)
[2026-08-16T02:43:21Z INFO  steel_front::engine::game] npc: #0 stand (2.9, 0.0, -11.6)
[2026-08-16T02:43:21Z INFO  steel_front] cam: yaw=0.0 pitch=0.0 dist=3.4 mode=FirstPerson cycle_us=2341 update_us=37 render_us=2303
[2026-08-16T02:43:22Z INFO  steel_front::engine::renderer] visible=65536/65536 near=65536 far=0 fps=395.4 frame_us=1785 cull_us=3 terrain_us=0 wait_fence_us=2363 acquire_us=1 record_us=35 submit_us=68 present_us=111 terrain_lod=high blend=0.000 quality=中画质 marker=84 npc=1017
[2026-08-16T02:43:22Z INFO  steel_front::engine::game] ai: npcs=8 near=8 far=0 idle=0 patrol=0 chase=1 attack=7 tactics=[8, 0, 0, 0, 0, 0, 0, 0]
[2026-08-16T02:43:22Z INFO  steel_front::engine::game] game: wave=1 enemies=8 enemy_hp=100 hp=100/100 score=0 phys_us=1 ai_us=426 audio_us=28 net_us=0
[2026-08-16T02:43:22Z INFO  steel_front] cam: yaw=0.0 pitch=0.0 dist=3.4 mode=FirstPerson cycle_us=2666 update_us=29 render_us=2637
[2026-08-16T02:43:23Z INFO  steel_front::engine::renderer] visible=65536/65536 near=65536 far=0 fps=399.9 frame_us=1735 cull_us=3 terrain_us=0 wait_fence_us=2446 acquire_us=1 record_us=35 submit_us=30 present_us=190 terrain_lod=high blend=0.000 quality=中画质 marker=84 npc=1017
[2026-08-16T02:43:23Z INFO  steel_front] size diag: window_inner=2560x1600 hud=2560x1600
[2026-08-16T02:43:23Z INFO  steel_front] size diag: window_inner=2560x1600 hud=2560x1600
[2026-08-16T02:43:23Z INFO  steel_front] size diag: window_inner=2560x1600 hud=2560x1600
[2026-08-16T02:43:23Z INFO  steel_front] size diag: window_inner=2560x1600 hud=2560x1600
[2026-08-16T02:43:23Z INFO  steel_front] size diag: window_inner=2560x1600 hud=2560x1600
[2026-08-16T02:43:23Z INFO  steel_front::engine::game] ai: npcs=8 near=8 far=0 idle=0 patrol=0 chase=1 attack=7 tactics=[8, 0, 0, 0, 0, 0, 0, 0]
[2026-08-16T02:43:23Z INFO  steel_front::engine::game] game: wave=1 enemies=8 enemy_hp=100 hp=100/100 score=0 phys_us=2 ai_us=189 audio_us=10 net_us=0
[2026-08-16T02:43:23Z INFO  steel_front] size diag: window_inner=2560x1600 hud=2560x1600
[2026-08-16T02:43:23Z INFO  steel_front] size diag: window_inner=2560x1600 hud=2560x1600
[2026-08-16T02:43:23Z INFO  steel_front] size diag: window_inner=2560x1600 hud=2560x1600
[2026-08-16T02:43:23Z INFO  steel_front] size diag: window_inner=2560x1600 hud=2560x1600
[2026-08-16T02:43:23Z INFO  steel_front] size diag: window_inner=2560x1600 hud=2560x1600
[2026-08-16T02:43:23Z INFO  steel_front] size diag: window_inner=2560x1600 hud=2560x1600
[2026-08-16T02:43:23Z INFO  steel_front] size diag: window_inner=2560x1600 hud=2560x1600
[2026-08-16T02:43:23Z INFO  steel_front] size diag: window_inner=2560x1600 hud=2560x1600
[2026-08-16T02:43:23Z INFO  steel_front] size diag: window_inner=2560x1600 hud=2560x1600
[2026-08-16T02:43:23Z INFO  steel_front] size diag: window_inner=2560x1600 hud=2560x1600
[2026-08-16T02:43:23Z INFO  steel_front] size diag: window_inner=2560x1600 hud=2560x1600
[2026-08-16T02:43:23Z INFO  steel_front] size diag: window_inner=2560x1600 hud=2560x1600
[2026-08-16T02:43:23Z INFO  steel_front] size diag: window_inner=2560x1600 hud=2560x1600
[2026-08-16T02:43:23Z INFO  steel_front] size diag: window_inner=2560x1600 hud=2560x1600
[2026-08-16T02:43:23Z INFO  steel_front] size diag: window_inner=2560x1600 hud=2560x1600
[2026-08-16T02:43:23Z INFO  steel_front] cam: yaw=0.0 pitch=0.0 dist=3.4 mode=FirstPerson cycle_us=3206 update_us=16 render_us=3189
[2026-08-16T02:43:24Z INFO  steel_front::engine::renderer] visible=65536/65536 near=65536 far=0 fps=399.8 frame_us=2638 cull_us=5 terrain_us=0 wait_fence_us=1957 acquire_us=1 record_us=45 submit_us=59 present_us=215 terrain_lod=high blend=0.000 quality=中画质 marker=84 npc=1017
[2026-08-16T02:43:24Z INFO  steel_front::engine::game] ai: npcs=8 near=8 far=0 idle=0 patrol=0 chase=1 attack=7 tactics=[8, 0, 0, 0, 0, 0, 0, 0]
[2026-08-16T02:43:24Z INFO  steel_front::engine::game] game: wave=1 enemies=8 enemy_hp=100 hp=100/100 score=0 phys_us=1 ai_us=498 audio_us=27 net_us=0
[2026-08-16T02:43:24Z INFO  steel_front] cam: yaw=0.0 pitch=0.0 dist=3.4 mode=FirstPerson cycle_us=2879 update_us=35 render_us=2844
[2026-08-16T02:43:25Z INFO  steel_front::engine::renderer] visible=65536/65536 near=65536 far=0 fps=395.6 frame_us=1702 cull_us=5 terrain_us=0 wait_fence_us=2242 acquire_us=1 record_us=22 submit_us=23 present_us=121 terrain_lod=high blend=0.000 quality=中画质 marker=84 npc=1017
[2026-08-16T02:43:25Z INFO  steel_front::engine::game] ai: npcs=8 near=8 far=0 idle=0 patrol=0 chase=1 attack=7 tactics=[8, 0, 0, 0, 0, 0, 0, 0]
[2026-08-16T02:43:25Z INFO  steel_front::engine::game] game: wave=1 enemies=8 enemy_hp=100 hp=100/100 score=0 phys_us=2 ai_us=486 audio_us=40 net_us=0
[2026-08-16T02:43:25Z INFO  steel_front::engine::game] npc: #6 stand (2.1, 0.0, -11.8)
[2026-08-16T02:43:25Z INFO  steel_front] cam: yaw=0.0 pitch=0.0 dist=3.4 mode=FirstPerson cycle_us=1935 update_us=20 render_us=1914
[2026-08-16T02:43:26Z INFO  steel_front::engine::game] map: level 1 generated: 36 obstacle bodies (wall=20 block=0 barrier=0 tree=3 building=6 ruin=7), 203 grid cells blocked
[2026-08-16T02:43:26Z INFO  steel_front::engine::game] game: purged 8 leftover npcs on run start
[2026-08-16T02:43:26Z INFO  steel_front::engine::game] wave: npc #8 spawn (65.3, 0.0, 25.3)
[2026-08-16T02:43:26Z INFO  steel_front::engine::game] wave: npc #9 spawn (6.1, 0.0, 39.5)
[2026-08-16T02:43:26Z INFO  steel_front::engine::game] wave: npc #10 spawn (-46.8, 0.0, 37.6)
[2026-08-16T02:43:26Z INFO  steel_front::engine::game] wave: npc #11 spawn (-74.6, 0.0, -28.9)
[2026-08-16T02:43:26Z INFO  steel_front::engine::game] wave: npc #12 spawn (-7.6, 0.0, -49.4)
[2026-08-16T02:43:26Z INFO  steel_front::engine::game] wave: npc #13 spawn (54.6, 0.0, -43.9)
[2026-08-16T02:43:26Z INFO  steel_front::engine::game] wave: wave 1 spawned 6 enemies (kind=Normal total=6 speed=4.0 hp=100 effective=1)
[2026-08-16T02:43:26Z INFO  steel_front::engine::game] game: run started (wave 1)
[2026-08-16T02:43:26Z INFO  steel_front] input: cursor captured (mouse look on, grab=locked, look=relative)
[2026-08-16T02:43:26Z INFO  steel_front::engine::game] physics: 36 events this frame (GroundHit, GroundHit, GroundHit, GroundHit, GroundHit, GroundHit, GroundHit, GroundHit, GroundHit, GroundHit, GroundHit, GroundHit, GroundHit, GroundHit, GroundHit, GroundHit, GroundHit, GroundHit, GroundHit, GroundHit, GroundHit, GroundHit, GroundHit, GroundHit, GroundHit, GroundHit, GroundHit, GroundHit, GroundHit, GroundHit, GroundHit, GroundHit, GroundHit, GroundHit, GroundHit, GroundHit)
[2026-08-16T02:43:26Z INFO  steel_front::engine::renderer] visible=65536/65536 near=65536 far=0 fps=398.0 frame_us=1503 cull_us=13 terrain_us=0 wait_fence_us=1884 acquire_us=1 record_us=17 submit_us=19 present_us=108 terrain_lod=high blend=0.000 quality=中画质 marker=36 npc=1017
[2026-08-16T02:43:26Z INFO  steel_front::engine::game] ai: npcs=6 near=6 far=0 idle=0 patrol=3 chase=3 attack=0 tactics=[4, 1, 1, 0, 0, 0, 0, 0]
[2026-08-16T02:43:26Z INFO  steel_front::engine::game] game: wave=1 enemies=6 enemy_hp=100 hp=100/100 score=0 phys_us=2 ai_us=430 audio_us=13 net_us=0
[2026-08-16T02:43:26Z INFO  steel_front] cam: yaw=0.0 pitch=0.0 dist=3.4 mode=FirstPerson cycle_us=2473 update_us=35 render_us=2438
[2026-08-16T02:43:27Z INFO  steel_front::engine::renderer] visible=65536/65536 near=65536 far=0 fps=414.8 frame_us=2074 cull_us=27 terrain_us=0 wait_fence_us=1441 acquire_us=0 record_us=36 submit_us=34 present_us=681 terrain_lod=high blend=0.000 quality=中画质 marker=36 npc=1017
[2026-08-16T02:43:27Z INFO  steel_front::engine::game] ai: npcs=6 near=6 far=0 idle=0 patrol=3 chase=3 attack=0 tactics=[4, 1, 1, 0, 0, 0, 0, 0]
[2026-08-16T02:43:27Z INFO  steel_front::engine::game] game: wave=1 enemies=6 enemy_hp=100 hp=100/100 score=0 phys_us=1 ai_us=341 audio_us=29 net_us=0
[2026-08-16T02:43:27Z INFO  steel_front] cam: yaw=0.0 pitch=0.0 dist=3.4 mode=FirstPerson cycle_us=2487 update_us=26 render_us=2460
[2026-08-16T02:43:28Z INFO  steel_front::engine::renderer] visible=65536/65536 near=65536 far=0 fps=422.3 frame_us=2104 cull_us=6 terrain_us=0 wait_fence_us=1443 acquire_us=1 record_us=36 submit_us=37 present_us=199 terrain_lod=high blend=0.000 quality=中画质 marker=36 npc=1017
[2026-08-16T02:43:28Z INFO  steel_front] size diag: window_inner=2560x1600 hud=2560x1600
[2026-08-16T02:43:28Z INFO  steel_front] size diag: window_inner=2560x1600 hud=2560x1600
[2026-08-16T02:43:28Z INFO  steel_front] size diag: window_inner=2560x1600 hud=2560x1600
[2026-08-16T02:43:28Z INFO  steel_front] size diag: window_inner=2560x1600 hud=2560x1600
[2026-08-16T02:43:28Z INFO  steel_front] size diag: window_inner=2560x1600 hud=2560x1600
[2026-08-16T02:43:28Z INFO  steel_front] size diag: window_inner=2560x1600 hud=2560x1600
[2026-08-16T02:43:28Z INFO  steel_front] size diag: window_inner=2560x1600 hud=2560x1600
[2026-08-16T02:43:28Z INFO  steel_front] size diag: window_inner=2560x1600 hud=2560x1600
[2026-08-16T02:43:28Z INFO  steel_front] size diag: window_inner=2560x1600 hud=2560x1600
[2026-08-16T02:43:28Z INFO  steel_front::engine::game] ai: npcs=6 near=6 far=0 idle=0 patrol=3 chase=3 attack=0 tactics=[4, 1, 1, 0, 0, 0, 0, 0]
[2026-08-16T02:43:28Z INFO  steel_front::engine::game] game: wave=1 enemies=6 enemy_hp=100 hp=100/100 score=0 phys_us=1 ai_us=109 audio_us=30 net_us=0
[2026-08-16T02:43:28Z INFO  steel_front] size diag: window_inner=2560x1600 hud=2560x1600
[2026-08-16T02:43:28Z INFO  steel_front] size diag: window_inner=2560x1600 hud=2560x1600
[2026-08-16T02:43:28Z INFO  steel_front] size diag: window_inner=2560x1600 hud=2560x1600
[2026-08-16T02:43:28Z INFO  steel_front] size diag: window_inner=2560x1600 hud=2560x1600
[2026-08-16T02:43:28Z INFO  steel_front] size diag: window_inner=2560x1600 hud=2560x1600
[2026-08-16T02:43:28Z INFO  steel_front] size diag: window_inner=2560x1600 hud=2560x1600
[2026-08-16T02:43:28Z INFO  steel_front] size diag: window_inner=2560x1600 hud=2560x1600
[2026-08-16T02:43:28Z INFO  steel_front] size diag: window_inner=2560x1600 hud=2560x1600
[2026-08-16T02:43:28Z INFO  steel_front] size diag: window_inner=2560x1600 hud=2560x1600
[2026-08-16T02:43:28Z INFO  steel_front] size diag: window_inner=2560x1600 hud=2560x1600
[2026-08-16T02:43:28Z INFO  steel_front] size diag: window_inner=2560x1600 hud=2560x1600
[2026-08-16T02:43:28Z INFO  steel_front] size diag: window_inner=2560x1600 hud=2560x1600
[2026-08-16T02:43:28Z INFO  steel_front] cam: yaw=0.0 pitch=0.0 dist=3.4 mode=FirstPerson cycle_us=2658 update_us=39 render_us=2619
[2026-08-16T02:43:29Z INFO  steel_front::engine::renderer] visible=65536/65536 near=65536 far=0 fps=422.4 frame_us=1106 cull_us=5 terrain_us=0 wait_fence_us=1567 acquire_us=1 record_us=16 submit_us=15 present_us=81 terrain_lod=high blend=0.000 quality=中画质 marker=36 npc=1017
[2026-08-16T02:43:29Z INFO  steel_front::engine::game] ai: npcs=6 near=6 far=0 idle=0 patrol=3 chase=3 attack=0 tactics=[3, 1, 1, 0, 0, 0, 0, 1]
[2026-08-16T02:43:29Z INFO  steel_front::engine::game] game: wave=1 enemies=6 enemy_hp=100 hp=100/100 score=0 phys_us=2 ai_us=425 audio_us=11 net_us=0
[2026-08-16T02:43:29Z INFO  steel_front] cam: yaw=0.0 pitch=0.0 dist=3.4 mode=FirstPerson cycle_us=2317 update_us=19 render_us=2297
[2026-08-16T02:43:30Z INFO  steel_front::engine::renderer] visible=65536/65536 near=65536 far=0 fps=422.4 frame_us=1856 cull_us=6 terrain_us=0 wait_fence_us=2003 acquire_us=1 record_us=16 submit_us=17 present_us=80 terrain_lod=high blend=0.000 quality=中画质 marker=36 npc=1017
[2026-08-16T02:43:30Z INFO  steel_front::engine::game] ai: npcs=6 near=6 far=0 idle=0 patrol=3 chase=3 attack=0 tactics=[4, 1, 1, 0, 0, 0, 0, 0]
[2026-08-16T02:43:30Z INFO  steel_front::engine::game] game: wave=1 enemies=6 enemy_hp=100 hp=100/100 score=0 phys_us=2 ai_us=436 audio_us=9 net_us=0
[2026-08-16T02:43:30Z INFO  steel_front] cam: yaw=0.0 pitch=0.0 dist=3.4 mode=FirstPerson cycle_us=2754 update_us=36 render_us=2718
[2026-08-16T02:43:31Z INFO  steel_front::engine::renderer] visible=65536/65536 near=65536 far=0 fps=421.8 frame_us=1340 cull_us=12 terrain_us=0 wait_fence_us=1537 acquire_us=1 record_us=50 submit_us=25 present_us=140 terrain_lod=high blend=0.000 quality=中画质 marker=36 npc=1017
[2026-08-16T02:43:31Z INFO  steel_front::engine::game] ai: npcs=6 near=6 far=0 idle=0 patrol=3 chase=3 attack=0 tactics=[3, 1, 1, 0, 0, 0, 0, 1]
[2026-08-16T02:43:31Z INFO  steel_front::engine::game] game: wave=1 enemies=6 enemy_hp=100 hp=100/100 score=0 phys_us=1 ai_us=134 audio_us=24 net_us=0
[2026-08-16T02:43:31Z INFO  steel_front] cam: yaw=0.0 pitch=0.0 dist=3.4 mode=FirstPerson cycle_us=2693 update_us=16 render_us=2677
[2026-08-16T02:43:32Z INFO  steel_front::engine::renderer] visible=65536/65536 near=65536 far=0 fps=417.5 frame_us=2363 cull_us=5 terrain_us=0 wait_fence_us=1058 acquire_us=0 record_us=50 submit_us=44 present_us=601 terrain_lod=high blend=0.000 quality=中画质 marker=36 npc=1017
[2026-08-16T02:43:32Z INFO  steel_front::engine::game] ai: npcs=6 near=5 far=1 idle=0 patrol=3 chase=3 attack=0 tactics=[3, 1, 1, 0, 0, 0, 0, 1]
[2026-08-16T02:43:32Z INFO  steel_front::engine::game] game: wave=1 enemies=6 enemy_hp=100 hp=100/100 score=0 phys_us=2 ai_us=438 audio_us=18 net_us=0
[2026-08-16T02:43:32Z INFO  steel_front] cam: yaw=0.0 pitch=0.0 dist=3.4 mode=FirstPerson cycle_us=2235 update_us=20 render_us=2215
[2026-08-16T02:43:33Z INFO  steel_front::engine::renderer] visible=65536/65536 near=65536 far=0 fps=420.9 frame_us=1056 cull_us=5 terrain_us=0 wait_fence_us=1557 acquire_us=0 record_us=41 submit_us=34 present_us=170 terrain_lod=high blend=0.000 quality=中画质 marker=36 npc=1017
[2026-08-16T02:43:33Z INFO  steel_front] size diag: window_inner=2560x1600 hud=2560x1600
[2026-08-16T02:43:33Z INFO  steel_front] size diag: window_inner=2560x1600 hud=2560x1600
[2026-08-16T02:43:33Z INFO  steel_front] size diag: window_inner=2560x1600 hud=2560x1600
[2026-08-16T02:43:33Z INFO  steel_front] size diag: window_inner=2560x1600 hud=2560x1600
[2026-08-16T02:43:33Z INFO  steel_front] size diag: window_inner=2560x1600 hud=2560x1600
[2026-08-16T02:43:33Z INFO  steel_front] size diag: window_inner=2560x1600 hud=2560x1600
[2026-08-16T02:43:33Z INFO  steel_front] size diag: window_inner=2560x1600 hud=2560x1600
[2026-08-16T02:43:33Z INFO  steel_front] size diag: window_inner=2560x1600 hud=2560x1600
[2026-08-16T02:43:33Z INFO  steel_front] size diag: window_inner=2560x1600 hud=2560x1600
[2026-08-16T02:43:33Z INFO  steel_front] size diag: window_inner=2560x1600 hud=2560x1600
[2026-08-16T02:43:33Z INFO  steel_front] size diag: window_inner=2560x1600 hud=2560x1600
[2026-08-16T02:43:33Z INFO  steel_front] size diag: window_inner=2560x1600 hud=2560x1600
[2026-08-16T02:43:33Z INFO  steel_front::engine::game] ai: npcs=6 near=5 far=1 idle=0 patrol=3 chase=3 attack=0 tactics=[3, 1, 1, 0, 0, 0, 0, 1]
[2026-08-16T02:43:33Z INFO  steel_front::engine::game] game: wave=1 enemies=6 enemy_hp=100 hp=100/100 score=0 phys_us=3 ai_us=192 audio_us=9 net_us=0
[2026-08-16T02:43:33Z INFO  steel_front] size diag: window_inner=2560x1600 hud=2560x1600
[2026-08-16T02:43:33Z INFO  steel_front] size diag: window_inner=2560x1600 hud=2560x1600
[2026-08-16T02:43:33Z INFO  steel_front] size diag: window_inner=2560x1600 hud=2560x1600
[2026-08-16T02:43:33Z INFO  steel_front] size diag: window_inner=2560x1600 hud=2560x1600
[2026-08-16T02:43:33Z INFO  steel_front] size diag: window_inner=2560x1600 hud=2560x1600
[2026-08-16T02:43:33Z INFO  steel_front] size diag: window_inner=2560x1600 hud=2560x1600
[2026-08-16T02:43:33Z INFO  steel_front] size diag: window_inner=2560x1600 hud=2560x1600
[2026-08-16T02:43:33Z INFO  steel_front] cam: yaw=0.0 pitch=0.0 dist=3.4 mode=FirstPerson cycle_us=2218 update_us=36 render_us=2181
[2026-08-16T02:43:34Z INFO  steel_front::engine::renderer] visible=65536/65536 near=65536 far=0 fps=421.9 frame_us=1131 cull_us=5 terrain_us=0 wait_fence_us=1288 acquire_us=1 record_us=40 submit_us=34 present_us=188 terrain_lod=high blend=0.000 quality=中画质 marker=36 npc=1017
[2026-08-16T02:43:34Z INFO  steel_front::engine::game] ai: npcs=6 near=5 far=1 idle=0 patrol=3 chase=3 attack=0 tactics=[2, 1, 1, 0, 0, 0, 0, 2]
[2026-08-16T02:43:34Z INFO  steel_front::engine::game] game: wave=1 enemies=6 enemy_hp=100 hp=100/100 score=0 phys_us=2 ai_us=432 audio_us=22 net_us=0
