[2026-08-16T03:04:42Z INFO  steel_front] ========================================
[2026-08-16T03:04:42Z INFO  steel_front]   钢铁前线 (Steel Front) v0.1.0
[2026-08-16T03:04:42Z INFO  steel_front]   二战FPS游戏引擎 - Rust + Vulkan
[2026-08-16T03:04:42Z INFO  steel_front] ========================================
[2026-08-16T03:04:42Z INFO  steel_front::engine::cpu] cpu: vendor=Amd threads=32 primary=[0, 1, 2, 3, 4, 5, 6, 7, 8, 9, 10, 11, 12, 13, 14, 15] secondary=[16, 17, 18, 19, 20, 21, 22, 23, 24, 25, 26, 27, 28, 29, 30, 31] e_cores=0 avx2=true avx512=true scene_set=[0, 1, 2, 3, 4, 5, 6, 7, 8, 9, 10, 11, 12, 13, 14, 15] ai_set=[16, 17, 18, 19, 20, 21, 22, 23, 24, 25, 26, 27, 28, 29, 30, 31] physical_primary=[0, 1, 2, 3, 4, 5, 6, 7, 8, 9, 10, 11, 12, 13, 14, 15] physical_secondary=[16, 17, 18, 19, 20, 21, 22, 23, 24, 25, 26, 27, 28, 29, 30, 31] smt=[]
[2026-08-16T03:04:42Z INFO  steel_front::engine::cpu] cpu: 非 Linux 平台，跳过线程手工绑定（交给系统调度）
[2026-08-16T03:04:42Z INFO  steel_front::engine::cpu] cpu: ai_pool 创建（8 工作线程，绑定 vCPU [16, 17, 18, 19, 20, 21, 22, 23, 24, 25, 26, 27, 28, 29, 30, 31]）
[2026-08-16T03:04:42Z INFO  steel_front::engine::game] map: level 1 generated: 36 obstacle bodies (wall=20 block=0 barrier=0 tree=3 building=6 ruin=7), 203 grid cells blocked
[2026-08-16T03:04:42Z INFO  steel_front] 窗口创建成功: 2560x1600
[2026-08-16T03:04:42Z INFO  steel_front] winit inner_size: 2560x1600 scale_factor=1.50
[2026-08-16T03:04:42Z WARN  steel_front::engine::renderer] 验证层不可用，将不使用
[2026-08-16T03:04:42Z INFO  steel_front::engine::renderer] 选择物理设备: NVIDIA GeForce RTX 5060 Laptop GPU
[2026-08-16T03:04:42Z INFO  steel_front::engine::gpu_caps] gpu-caps: 设备 NVIDIA GeForce RTX 5060 Laptop GPU 硬件能力探测（WSLg/dzn 视角）
[2026-08-16T03:04:42Z INFO  steel_front::engine::gpu_caps] gpu-caps: 可用 device 扩展 280 个
[2026-08-16T03:04:42Z INFO  steel_front::engine::gpu_caps] gpu-caps: -- 光追扩展 --
[2026-08-16T03:04:42Z INFO  steel_front::engine::gpu_caps] gpu-caps:   VK_KHR_ray_tracing_pipeline = true
[2026-08-16T03:04:42Z INFO  steel_front::engine::gpu_caps] gpu-caps:   VK_KHR_acceleration_structure = true
[2026-08-16T03:04:42Z INFO  steel_front::engine::gpu_caps] gpu-caps:   VK_KHR_ray_query = true
[2026-08-16T03:04:42Z INFO  steel_front::engine::gpu_caps] gpu-caps:   VK_KHR_deferred_host_operations = true
[2026-08-16T03:04:42Z INFO  steel_front::engine::gpu_caps] gpu-caps:   VK_KHR_buffer_device_address = true
[2026-08-16T03:04:42Z INFO  steel_front::engine::gpu_caps] gpu-caps:   VK_KHR_ray_tracing_position_fetch = true
[2026-08-16T03:04:42Z INFO  steel_front::engine::gpu_caps] gpu-caps:   VK_NV_ray_tracing = true
[2026-08-16T03:04:42Z INFO  steel_front::engine::gpu_caps] gpu-caps: -- Tensor Core / 协作矩阵 --
[2026-08-16T03:04:42Z INFO  steel_front::engine::gpu_caps] gpu-caps:   VK_KHR_cooperative_matrix = true
[2026-08-16T03:04:42Z INFO  steel_front::engine::gpu_caps] gpu-caps:   VK_NV_cooperative_matrix = true
[2026-08-16T03:04:42Z INFO  steel_front::engine::gpu_caps] gpu-caps:   VK_NV_compute_shader_derivatives = true
[2026-08-16T03:04:42Z INFO  steel_front::engine::gpu_caps] gpu-caps: -- DLSS / NVIDIA 私有 --
[2026-08-16T03:04:42Z INFO  steel_front::engine::gpu_caps] gpu-caps:   VK_NVX_image_view_handle = true
[2026-08-16T03:04:42Z INFO  steel_front::engine::gpu_caps] gpu-caps:   VK_NVX_binary_import = true
[2026-08-16T03:04:42Z INFO  steel_front::engine::gpu_caps] gpu-caps:   VK_NV_cuda_kernel = true
[2026-08-16T03:04:42Z INFO  steel_front::engine::gpu_caps] gpu-caps:   VK_NV_external_memory = true
[2026-08-16T03:04:42Z INFO  steel_front::engine::gpu_caps] gpu-caps: -- 其它新特性 --
[2026-08-16T03:04:42Z INFO  steel_front::engine::gpu_caps] gpu-caps:   VK_EXT_mesh_shader = true
[2026-08-16T03:04:42Z INFO  steel_front::engine::gpu_caps] gpu-caps:   VK_KHR_shader_object = false
[2026-08-16T03:04:42Z INFO  steel_front::engine::gpu_caps] gpu-caps:   VK_KHR_dynamic_rendering = true
[2026-08-16T03:04:42Z INFO  steel_front::engine::gpu_caps] gpu-caps: RT 特性 ray_tracing_pipeline=true acceleration_structure=true buffer_device_address=true ray_query=true
[2026-08-16T03:04:42Z INFO  steel_front::engine::gpu_caps] gpu-caps: RT 管线属性 shaderGroupHandleSize=32B maxRecursionDepth=31 maxRayDispatchInvocationCount=1073741824
[2026-08-16T03:04:42Z INFO  steel_front::engine::gpu_caps] gpu-caps: 【结论】光追探测 device 创建成功 → RT Core 路径可用（dzn→DXR）
[2026-08-16T03:04:42Z INFO  steel_front::engine::gpu_caps] gpu-caps: CUDA 直通（Tensor Core 可编程访问）=false（libcuda in /usr/lib/wsl/lib）
[2026-08-16T03:04:42Z INFO  steel_front::engine::gpu_caps] gpu-caps: 【结论】Vulkan-DLSS（NVIDIA 私有扩展）=true；可直接接 DLSS SDK
[2026-08-16T03:04:42Z INFO  steel_front::engine::renderer] VK_EXT_mesh_shader 可用：启用可选网格着色器渲染路径
[2026-08-16T03:04:42Z INFO  steel_front::engine::renderer] swapchain diag: current_extent=2560x1600 final=2560x1600
[2026-08-16T03:04:42Z INFO  steel_front::engine::renderer] 交换链初始化完成: 2560x1600, 格式: B8G8R8A8_SRGB, 图像数: 3, present_mode: MAILBOX
[2026-08-16T03:04:42Z INFO  steel_front::engine::renderer] 实例缓冲创建完成: 65536 个实例，stride 80 字节，2 帧双缓冲 HOST_VISIBLE|HOST_COHERENT（每帧压缩上传）
[2026-08-16T03:04:42Z INFO  steel_front::engine::renderer] instances=65536 draw_calls=1
[2026-08-16T03:04:42Z INFO  steel_front::engine::renderer] 深度缓冲创建完成: 3 张 2560x1600 D32_SFLOAT
[2026-08-16T03:04:42Z INFO  steel_front::engine::renderer] Descriptor Set Layout: binding 0 = UBO(view/proj), binding 1 = 贴图, binding 2 = 实例 STORAGE_BUFFER, binding 3 = 采样器
[2026-08-16T03:04:42Z INFO  steel_front::engine::renderer] Descriptor 初始化完成（2 帧）
[2026-08-16T03:04:42Z INFO  steel_front::engine::renderer] 远档 LOD 几何创建完成: 8 顶点 / 12 索引（十字双 quad）
[2026-08-16T03:04:42Z INFO  steel_front::engine::renderer] 地面平铺 quad 几何创建完成: 4 顶点 / 6 索引（无侧壁）
[2026-08-16T03:04:42Z INFO  steel_front::engine::renderer] 球体几何创建完成: 325 顶点 / 1728 索引（爆炸球形扩散）
[2026-08-16T03:04:42Z INFO  steel_front::engine::renderer] 地形 LOD[0] 创建完成: 66049 顶点 / 393216 索引（257×257 网格，间距 2）
[2026-08-16T03:04:42Z INFO  steel_front::engine::renderer] 地形 LOD[1] 创建完成: 16641 顶点 / 98304 索引（129×129 网格，间距 4）
[2026-08-16T03:04:42Z INFO  steel_front::engine::renderer] 地形 LOD[2] 创建完成: 4225 顶点 / 24576 索引（65×65 网格，间距 8）
[2026-08-16T03:04:42Z INFO  steel_front::engine::renderer] 地形 3 级 LOD 全部创建完成（高/中/低）
[2026-08-16T03:04:42Z INFO  steel_front::engine::renderer] 图形管线创建完成
[2026-08-16T03:04:42Z INFO  steel_front::engine::renderer] 网格着色器 maxMeshWorkGroupCount[0] = 4194304（地面场 65536 按此分块）
[2026-08-16T03:04:42Z INFO  steel_front::engine::renderer] 网格着色器管线创建完成（VK_EXT_mesh_shader）
[2026-08-16T03:04:42Z INFO  steel_front::engine::renderer] HUD 覆盖层初始化完成（独立 pipeline，容量 4096 quads）
[2026-08-16T03:04:42Z INFO  steel_front::engine::renderer] 纹理初始化完成: 512x512（10 mip，来源=程序化地面材质）
[2026-08-16T03:04:42Z INFO  steel_front::engine::renderer] 程序化皮肤纹理初始化完成: 512x512（marker=木板墙, npc=迷彩军服, RV3D_SKIN_TEX=off（纯色回退））
[2026-08-16T03:04:42Z INFO  steel_front::engine::renderer] 阴影贴图资源创建完成: 2048x2048 D32_SFLOAT
[2026-08-16T03:04:42Z INFO  steel_front::engine::renderer] 阴影 depth-only 管线创建完成
[2026-08-16T03:04:42Z INFO  steel_front] Vulkan 渲染器初始化成功
[2026-08-16T03:04:42Z INFO  steel_front] settings: 分辨率保持 2560x1600
[2026-08-16T03:04:42Z INFO  steel_front] settings: 应用画质 中画质
[2026-08-16T03:04:42Z INFO  steel_front::engine::renderer] 画质预设已切换: 中画质
[2026-08-16T03:04:42Z INFO  steel_front] 窗口大小变化: 1898x1061
[2026-08-16T03:04:42Z INFO  steel_front::engine::renderer] swapchain diag: current_extent=2560x1600 final=2560x1600
[2026-08-16T03:04:42Z INFO  steel_front::engine::renderer] 交换链初始化完成: 2560x1600, 格式: B8G8R8A8_SRGB, 图像数: 3, present_mode: MAILBOX
[2026-08-16T03:04:42Z INFO  steel_front::engine::renderer] 深度缓冲创建完成: 3 张 2560x1600 D32_SFLOAT
[2026-08-16T03:04:42Z INFO  steel_front] 窗口大小变化: 1920x1117
[2026-08-16T03:04:42Z INFO  steel_front::engine::renderer] swapchain diag: current_extent=2560x1600 final=2560x1600
[2026-08-16T03:04:42Z INFO  steel_front::engine::renderer] 交换链初始化完成: 2560x1600, 格式: B8G8R8A8_SRGB, 图像数: 3, present_mode: MAILBOX
[2026-08-16T03:04:42Z INFO  steel_front::engine::renderer] 深度缓冲创建完成: 3 张 2560x1600 D32_SFLOAT
[2026-08-16T03:04:42Z INFO  steel_front] 窗口大小变化: 2560x1600
[2026-08-16T03:04:42Z INFO  steel_front::engine::renderer] swapchain diag: current_extent=2560x1600 final=2560x1600
[2026-08-16T03:04:42Z INFO  steel_front::engine::renderer] 交换链初始化完成: 2560x1600, 格式: B8G8R8A8_SRGB, 图像数: 3, present_mode: MAILBOX
[2026-08-16T03:04:42Z INFO  steel_front::engine::renderer] 深度缓冲创建完成: 3 张 2560x1600 D32_SFLOAT
[2026-08-16T03:04:42Z INFO  steel_front] 窗口大小变化: 2560x1600
[2026-08-16T03:04:42Z INFO  steel_front::engine::renderer] swapchain diag: current_extent=2560x1600 final=2560x1600
[2026-08-16T03:04:42Z INFO  steel_front::engine::renderer] 交换链初始化完成: 2560x1600, 格式: B8G8R8A8_SRGB, 图像数: 3, present_mode: MAILBOX
[2026-08-16T03:04:42Z INFO  steel_front::engine::renderer] 深度缓冲创建完成: 3 张 2560x1600 D32_SFLOAT
[2026-08-16T03:04:43Z INFO  steel_front] cam: yaw=0.0 pitch=0.0 dist=3.4 mode=FirstPerson cycle_us=4278 update_us=23 render_us=4254
[2026-08-16T03:04:43Z INFO  steel_front::engine::renderer] visible=65536/65536 near=65536 far=0 fps=265.3 frame_us=167 cull_us=2 terrain_us=0 wait_fence_us=2 acquire_us=0 record_us=23 submit_us=23 present_us=112 terrain_lod=high blend=0.000 quality=中画质 marker=36 npc=1017
[2026-08-16T03:04:43Z INFO  steel_front::engine::game] ai: npcs=8 near=8 far=0 idle=0 patrol=0 chase=8 attack=0 tactics=[8, 0, 0, 0, 0, 0, 0, 0]
[2026-08-16T03:04:43Z INFO  steel_front::engine::game] game: wave=1 enemies=8 enemy_hp=100 hp=100/100 score=0 phys_us=3 ai_us=598 audio_us=10 net_us=0
[2026-08-16T03:04:44Z INFO  steel_front] cam: yaw=0.0 pitch=0.0 dist=3.4 mode=FirstPerson cycle_us=2821 update_us=22 render_us=2799
[2026-08-16T03:04:44Z INFO  steel_front::engine::renderer] visible=65536/65536 near=65536 far=0 fps=342.3 frame_us=152 cull_us=2 terrain_us=0 wait_fence_us=2 acquire_us=0 record_us=21 submit_us=26 present_us=97 terrain_lod=high blend=0.000 quality=中画质 marker=36 npc=1017
[2026-08-16T03:04:44Z INFO  steel_front::engine::game] ai: npcs=8 near=8 far=0 idle=0 patrol=0 chase=8 attack=0 tactics=[8, 0, 0, 0, 0, 0, 0, 0]
[2026-08-16T03:04:44Z INFO  steel_front::engine::game] game: wave=1 enemies=8 enemy_hp=100 hp=100/100 score=0 phys_us=2 ai_us=475 audio_us=21 net_us=0
[2026-08-16T03:04:45Z INFO  steel_front] cam: yaw=0.0 pitch=0.0 dist=3.4 mode=FirstPerson cycle_us=2634 update_us=23 render_us=2610
[2026-08-16T03:04:45Z INFO  steel_front::engine::renderer] visible=65536/65536 near=65536 far=0 fps=359.6 frame_us=663 cull_us=2 terrain_us=0 wait_fence_us=2 acquire_us=0 record_us=19 submit_us=23 present_us=613 terrain_lod=high blend=0.000 quality=中画质 marker=36 npc=1017
[2026-08-16T03:04:45Z INFO  steel_front::engine::game] ai: npcs=8 near=8 far=0 idle=0 patrol=0 chase=8 attack=0 tactics=[8, 0, 0, 0, 0, 0, 0, 0]
[2026-08-16T03:04:45Z INFO  steel_front::engine::game] game: wave=1 enemies=8 enemy_hp=100 hp=100/100 score=0 phys_us=3 ai_us=461 audio_us=38 net_us=0
[2026-08-16T03:04:46Z INFO  steel_front] cam: yaw=0.0 pitch=0.0 dist=3.4 mode=FirstPerson cycle_us=3233 update_us=23 render_us=3210
[2026-08-16T03:04:46Z INFO  steel_front::engine::renderer] visible=65536/65536 near=65536 far=0 fps=363.3 frame_us=745 cull_us=2 terrain_us=0 wait_fence_us=2 acquire_us=0 record_us=18 submit_us=21 present_us=696 terrain_lod=high blend=0.000 quality=中画质 marker=36 npc=1017
[2026-08-16T03:04:46Z INFO  steel_front::engine::game] ai: npcs=8 near=8 far=0 idle=0 patrol=0 chase=8 attack=0 tactics=[8, 0, 0, 0, 0, 0, 0, 0]
[2026-08-16T03:04:46Z INFO  steel_front::engine::game] game: wave=1 enemies=8 enemy_hp=100 hp=100/100 score=0 phys_us=1 ai_us=462 audio_us=11 net_us=0
[2026-08-16T03:04:47Z INFO  steel_front] cam: yaw=0.0 pitch=0.0 dist=3.4 mode=FirstPerson cycle_us=2309 update_us=14 render_us=2294
[2026-08-16T03:04:47Z INFO  steel_front::engine::game] npc: #3 stand (3.4, 0.0, 11.5)
[2026-08-16T03:04:47Z INFO  steel_front::engine::renderer] visible=65536/65536 near=65536 far=0 fps=359.9 frame_us=169 cull_us=2 terrain_us=0 wait_fence_us=2 acquire_us=0 record_us=19 submit_us=28 present_us=115 terrain_lod=high blend=0.000 quality=中画质 marker=53 npc=1017
[2026-08-16T03:04:47Z INFO  steel_front] size diag: window_inner=2560x1600 hud=2560x1600
[2026-08-16T03:04:47Z INFO  steel_front] size diag: window_inner=2560x1600 hud=2560x1600
[2026-08-16T03:04:47Z INFO  steel_front::engine::game] ai: npcs=8 near=8 far=0 idle=0 patrol=0 chase=7 attack=1 tactics=[8, 0, 0, 0, 0, 0, 0, 0]
[2026-08-16T03:04:47Z INFO  steel_front::engine::game] game: wave=1 enemies=8 enemy_hp=100 hp=100/100 score=0 phys_us=1 ai_us=246 audio_us=13 net_us=0
[2026-08-16T03:04:47Z INFO  steel_front] size diag: window_inner=2560x1600 hud=2560x1600
[2026-08-16T03:04:47Z INFO  steel_front] size diag: window_inner=2560x1600 hud=2560x1600
[2026-08-16T03:04:47Z INFO  steel_front] size diag: window_inner=2560x1600 hud=2560x1600
[2026-08-16T03:04:47Z INFO  steel_front] size diag: window_inner=2560x1600 hud=2560x1600
[2026-08-16T03:04:47Z INFO  steel_front] size diag: window_inner=2560x1600 hud=2560x1600
[2026-08-16T03:04:47Z INFO  steel_front] size diag: window_inner=2560x1600 hud=2560x1600
[2026-08-16T03:04:47Z INFO  steel_front] size diag: window_inner=2560x1600 hud=2560x1600
[2026-08-16T03:04:47Z INFO  steel_front] size diag: window_inner=2560x1600 hud=2560x1600
[2026-08-16T03:04:47Z INFO  steel_front] size diag: window_inner=2560x1600 hud=2560x1600
[2026-08-16T03:04:47Z INFO  steel_front] size diag: window_inner=2560x1600 hud=2560x1600
[2026-08-16T03:04:47Z INFO  steel_front] size diag: window_inner=2560x1600 hud=2560x1600
[2026-08-16T03:04:47Z INFO  steel_front] size diag: window_inner=2560x1600 hud=2560x1600
[2026-08-16T03:04:47Z INFO  steel_front] size diag: window_inner=2560x1600 hud=2560x1600
[2026-08-16T03:04:47Z INFO  steel_front] size diag: window_inner=2560x1600 hud=2560x1600
[2026-08-16T03:04:47Z INFO  steel_front::engine::game] npc: #4 stand (4.0, 0.0, -11.3)
[2026-08-16T03:04:48Z INFO  steel_front] cam: yaw=0.0 pitch=0.0 dist=3.4 mode=FirstPerson cycle_us=2501 update_us=15 render_us=2485
[2026-08-16T03:04:48Z INFO  steel_front::engine::renderer] visible=65536/65536 near=65536 far=0 fps=360.4 frame_us=187 cull_us=2 terrain_us=0 wait_fence_us=2 acquire_us=0 record_us=33 submit_us=27 present_us=115 terrain_lod=high blend=0.000 quality=中画质 marker=36 npc=1017
[2026-08-16T03:04:48Z INFO  steel_front::engine::game] ai: npcs=8 near=8 far=0 idle=0 patrol=0 chase=6 attack=2 tactics=[8, 0, 0, 0, 0, 0, 0, 0]
[2026-08-16T03:04:48Z INFO  steel_front::engine::game] game: wave=1 enemies=8 enemy_hp=100 hp=100/100 score=0 phys_us=3 ai_us=602 audio_us=9 net_us=0
[2026-08-16T03:04:49Z INFO  steel_front::engine::game] npc: #1 stand (-11.4, 0.0, 3.6)
[2026-08-16T03:04:49Z INFO  steel_front] cam: yaw=0.0 pitch=0.0 dist=3.4 mode=FirstPerson cycle_us=2480 update_us=21 render_us=2458
[2026-08-16T03:04:49Z INFO  steel_front::engine::renderer] visible=65536/65536 near=65536 far=0 fps=352.4 frame_us=239 cull_us=2 terrain_us=0 wait_fence_us=3 acquire_us=0 record_us=41 submit_us=42 present_us=142 terrain_lod=high blend=0.000 quality=中画质 marker=59 npc=1017
[2026-08-16T03:04:49Z INFO  steel_front::engine::game] ai: npcs=8 near=8 far=0 idle=0 patrol=0 chase=5 attack=3 tactics=[8, 0, 0, 0, 0, 0, 0, 0]
[2026-08-16T03:04:49Z INFO  steel_front::engine::game] game: wave=1 enemies=8 enemy_hp=100 hp=100/100 score=0 phys_us=2 ai_us=554 audio_us=11 net_us=0
[2026-08-16T03:04:50Z INFO  steel_front] cam: yaw=0.0 pitch=0.0 dist=3.4 mode=FirstPerson cycle_us=2355 update_us=17 render_us=2338
[2026-08-16T03:04:50Z INFO  steel_front::engine::renderer] visible=65536/65536 near=65536 far=0 fps=350.2 frame_us=418 cull_us=2 terrain_us=0 wait_fence_us=2 acquire_us=0 record_us=22 submit_us=28 present_us=359 terrain_lod=high blend=0.000 quality=中画质 marker=56 npc=1017
[2026-08-16T03:04:50Z INFO  steel_front::engine::game] ai: npcs=8 near=8 far=0 idle=0 patrol=0 chase=5 attack=3 tactics=[8, 0, 0, 0, 0, 0, 0, 0]
[2026-08-16T03:04:50Z INFO  steel_front::engine::game] game: wave=1 enemies=8 enemy_hp=100 hp=100/100 score=0 phys_us=1 ai_us=409 audio_us=10 net_us=0
[2026-08-16T03:04:51Z INFO  steel_front] cam: yaw=0.0 pitch=0.0 dist=3.4 mode=FirstPerson cycle_us=2391 update_us=18 render_us=2372
[2026-08-16T03:04:51Z INFO  steel_front::engine::renderer] visible=65536/65536 near=65536 far=0 fps=361.6 frame_us=193 cull_us=2 terrain_us=0 wait_fence_us=2 acquire_us=0 record_us=18 submit_us=30 present_us=136 terrain_lod=high blend=0.000 quality=中画质 marker=61 npc=1017
[2026-08-16T03:04:51Z INFO  steel_front::engine::game] ai: npcs=8 near=8 far=0 idle=0 patrol=0 chase=5 attack=3 tactics=[8, 0, 0, 0, 0, 0, 0, 0]
[2026-08-16T03:04:51Z INFO  steel_front::engine::game] game: wave=1 enemies=8 enemy_hp=100 hp=100/100 score=0 phys_us=1 ai_us=422 audio_us=11 net_us=0
[2026-08-16T03:04:52Z INFO  steel_front] cam: yaw=0.0 pitch=0.0 dist=3.4 mode=FirstPerson cycle_us=2828 update_us=16 render_us=2812
[2026-08-16T03:04:52Z INFO  steel_front::engine::renderer] visible=65536/65536 near=65536 far=0 fps=358.5 frame_us=186 cull_us=2 terrain_us=0 wait_fence_us=3 acquire_us=0 record_us=18 submit_us=27 present_us=131 terrain_lod=high blend=0.000 quality=中画质 marker=58 npc=1017
[2026-08-16T03:04:52Z INFO  steel_front] size diag: window_inner=2560x1600 hud=2560x1600
[2026-08-16T03:04:52Z INFO  steel_front] size diag: window_inner=2560x1600 hud=2560x1600
[2026-08-16T03:04:52Z INFO  steel_front] size diag: window_inner=2560x1600 hud=2560x1600
[2026-08-16T03:04:52Z INFO  steel_front] size diag: window_inner=2560x1600 hud=2560x1600
[2026-08-16T03:04:52Z INFO  steel_front] size diag: window_inner=2560x1600 hud=2560x1600
[2026-08-16T03:04:52Z INFO  steel_front::engine::game] ai: npcs=8 near=8 far=0 idle=0 patrol=0 chase=5 attack=3 tactics=[8, 0, 0, 0, 0, 0, 0, 0]
[2026-08-16T03:04:52Z INFO  steel_front::engine::game] game: wave=1 enemies=8 enemy_hp=100 hp=100/100 score=0 phys_us=2 ai_us=196 audio_us=10 net_us=0
[2026-08-16T03:04:52Z INFO  steel_front] size diag: window_inner=2560x1600 hud=2560x1600
[2026-08-16T03:04:52Z INFO  steel_front] size diag: window_inner=2560x1600 hud=2560x1600
[2026-08-16T03:04:52Z INFO  steel_front] size diag: window_inner=2560x1600 hud=2560x1600
[2026-08-16T03:04:52Z INFO  steel_front] size diag: window_inner=2560x1600 hud=2560x1600
[2026-08-16T03:04:52Z INFO  steel_front] size diag: window_inner=2560x1600 hud=2560x1600
[2026-08-16T03:04:52Z INFO  steel_front] size diag: window_inner=2560x1600 hud=2560x1600
[2026-08-16T03:04:52Z INFO  steel_front] size diag: window_inner=2560x1600 hud=2560x1600
[2026-08-16T03:04:52Z INFO  steel_front] size diag: window_inner=2560x1600 hud=2560x1600
[2026-08-16T03:04:52Z INFO  steel_front] size diag: window_inner=2560x1600 hud=2560x1600
[2026-08-16T03:04:52Z INFO  steel_front] size diag: window_inner=2560x1600 hud=2560x1600
[2026-08-16T03:04:52Z INFO  steel_front] size diag: window_inner=2560x1600 hud=2560x1600
[2026-08-16T03:04:53Z INFO  steel_front] cam: yaw=0.0 pitch=0.0 dist=3.4 mode=FirstPerson cycle_us=3411 update_us=27 render_us=3383
[2026-08-16T03:04:53Z INFO  steel_front::engine::game] npc: #5 stand (11.8, 0.0, 2.0)
[2026-08-16T03:04:53Z INFO  steel_front::engine::renderer] visible=65536/65536 near=65536 far=0 fps=356.3 frame_us=235 cull_us=2 terrain_us=0 wait_fence_us=2 acquire_us=0 record_us=19 submit_us=38 present_us=171 terrain_lod=high blend=0.000 quality=中画质 marker=60 npc=1017
[2026-08-16T03:04:53Z INFO  steel_front::engine::game] ai: npcs=8 near=8 far=0 idle=0 patrol=0 chase=4 attack=4 tactics=[8, 0, 0, 0, 0, 0, 0, 0]
[2026-08-16T03:04:53Z INFO  steel_front::engine::game] game: wave=1 enemies=8 enemy_hp=100 hp=100/100 score=0 phys_us=1 ai_us=476 audio_us=11 net_us=0
[2026-08-16T03:04:54Z INFO  steel_front] cam: yaw=0.0 pitch=0.0 dist=3.4 mode=FirstPerson cycle_us=2366 update_us=18 render_us=2348
[2026-08-16T03:04:54Z INFO  steel_front::engine::game] npc: #7 stand (11.5, 0.0, 3.4)
[2026-08-16T03:04:54Z INFO  steel_front::engine::renderer] visible=65536/65536 near=65536 far=0 fps=355.9 frame_us=196 cull_us=2 terrain_us=0 wait_fence_us=2 acquire_us=0 record_us=19 submit_us=32 present_us=137 terrain_lod=high blend=0.000 quality=中画质 marker=80 npc=1017
[2026-08-16T03:04:54Z INFO  steel_front::engine::game] ai: npcs=8 near=8 far=0 idle=0 patrol=0 chase=3 attack=5 tactics=[8, 0, 0, 0, 0, 0, 0, 0]
[2026-08-16T03:04:54Z INFO  steel_front::engine::game] game: wave=1 enemies=8 enemy_hp=100 hp=100/100 score=0 phys_us=2 ai_us=331 audio_us=14 net_us=0
[2026-08-16T03:04:55Z INFO  steel_front] cam: yaw=0.0 pitch=0.0 dist=3.4 mode=FirstPerson cycle_us=2260 update_us=22 render_us=2238
[2026-08-16T03:04:55Z INFO  steel_front::engine::renderer] visible=65536/65536 near=65536 far=0 fps=358.0 frame_us=210 cull_us=2 terrain_us=0 wait_fence_us=3 acquire_us=0 record_us=25 submit_us=33 present_us=144 terrain_lod=high blend=0.000 quality=中画质 marker=84 npc=1017
[2026-08-16T03:04:55Z INFO  steel_front::engine::game] ai: npcs=8 near=8 far=0 idle=0 patrol=0 chase=3 attack=5 tactics=[8, 0, 0, 0, 0, 0, 0, 0]
[2026-08-16T03:04:55Z INFO  steel_front::engine::game] game: wave=1 enemies=8 enemy_hp=100 hp=100/100 score=0 phys_us=2 ai_us=450 audio_us=14 net_us=0
[2026-08-16T03:04:56Z INFO  steel_front::engine::game] npc: #2 stand (1.8, 0.0, -11.9)
[2026-08-16T03:04:56Z INFO  steel_front::engine::game] npc: #0 stand (2.9, 0.0, -11.6)
[2026-08-16T03:04:56Z INFO  steel_front] cam: yaw=0.0 pitch=0.0 dist=3.4 mode=FirstPerson cycle_us=2411 update_us=28 render_us=2383
[2026-08-16T03:04:56Z INFO  steel_front::engine::renderer] visible=65536/65536 near=65536 far=0 fps=323.1 frame_us=199 cull_us=2 terrain_us=0 wait_fence_us=2 acquire_us=0 record_us=19 submit_us=30 present_us=142 terrain_lod=high blend=0.000 quality=中画质 marker=77 npc=1017
[2026-08-16T03:04:56Z INFO  steel_front::engine::game] ai: npcs=8 near=8 far=0 idle=0 patrol=0 chase=1 attack=7 tactics=[8, 0, 0, 0, 0, 0, 0, 0]
[2026-08-16T03:04:56Z INFO  steel_front::engine::game] game: wave=1 enemies=8 enemy_hp=100 hp=100/100 score=0 phys_us=2 ai_us=481 audio_us=13 net_us=0
[2026-08-16T03:04:57Z INFO  steel_front] cam: yaw=0.0 pitch=0.0 dist=3.4 mode=FirstPerson cycle_us=3543 update_us=20 render_us=3522
[2026-08-16T03:04:57Z INFO  steel_front::engine::renderer] visible=65536/65536 near=65536 far=0 fps=336.7 frame_us=665 cull_us=2 terrain_us=0 wait_fence_us=2 acquire_us=0 record_us=18 submit_us=20 present_us=619 terrain_lod=high blend=0.000 quality=中画质 marker=84 npc=1017
[2026-08-16T03:04:57Z INFO  steel_front] size diag: window_inner=2560x1600 hud=2560x1600
[2026-08-16T03:04:57Z INFO  steel_front] size diag: window_inner=2560x1600 hud=2560x1600
[2026-08-16T03:04:57Z INFO  steel_front] size diag: window_inner=2560x1600 hud=2560x1600
[2026-08-16T03:04:57Z INFO  steel_front] size diag: window_inner=2560x1600 hud=2560x1600
[2026-08-16T03:04:57Z INFO  steel_front] size diag: window_inner=2560x1600 hud=2560x1600
[2026-08-16T03:04:57Z INFO  steel_front] size diag: window_inner=2560x1600 hud=2560x1600
[2026-08-16T03:04:57Z INFO  steel_front] size diag: window_inner=2560x1600 hud=2560x1600
[2026-08-16T03:04:57Z INFO  steel_front::engine::game] ai: npcs=8 near=8 far=0 idle=0 patrol=0 chase=1 attack=7 tactics=[8, 0, 0, 0, 0, 0, 0, 0]
[2026-08-16T03:04:57Z INFO  steel_front::engine::game] game: wave=1 enemies=8 enemy_hp=100 hp=100/100 score=0 phys_us=1 ai_us=100 audio_us=17 net_us=0
[2026-08-16T03:04:57Z INFO  steel_front] size diag: window_inner=2560x1600 hud=2560x1600
[2026-08-16T03:04:57Z INFO  steel_front] size diag: window_inner=2560x1600 hud=2560x1600
[2026-08-16T03:04:57Z INFO  steel_front] size diag: window_inner=2560x1600 hud=2560x1600
[2026-08-16T03:04:57Z INFO  steel_front] size diag: window_inner=2560x1600 hud=2560x1600
[2026-08-16T03:04:57Z INFO  steel_front] size diag: window_inner=2560x1600 hud=2560x1600
[2026-08-16T03:04:57Z INFO  steel_front] size diag: window_inner=2560x1600 hud=2560x1600
[2026-08-16T03:04:57Z INFO  steel_front] size diag: window_inner=2560x1600 hud=2560x1600
[2026-08-16T03:04:58Z INFO  steel_front::engine::game] map: level 1 generated: 36 obstacle bodies (wall=20 block=0 barrier=0 tree=3 building=6 ruin=7), 203 grid cells blocked
[2026-08-16T03:04:58Z INFO  steel_front::engine::game] game: purged 8 leftover npcs on run start
[2026-08-16T03:04:58Z INFO  steel_front::engine::game] wave: npc #8 spawn (65.3, 0.0, 25.3)
[2026-08-16T03:04:58Z INFO  steel_front::engine::game] wave: npc #9 spawn (6.1, 0.0, 39.5)
[2026-08-16T03:04:58Z INFO  steel_front::engine::game] wave: npc #10 spawn (-46.8, 0.0, 37.6)
[2026-08-16T03:04:58Z INFO  steel_front::engine::game] wave: npc #11 spawn (-74.6, 0.0, -28.9)
[2026-08-16T03:04:58Z INFO  steel_front::engine::game] wave: npc #12 spawn (-7.6, 0.0, -49.4)
[2026-08-16T03:04:58Z INFO  steel_front::engine::game] wave: npc #13 spawn (54.6, 0.0, -43.9)
[2026-08-16T03:04:58Z INFO  steel_front::engine::game] wave: wave 1 spawned 6 enemies (kind=Normal total=6 speed=4.0 hp=100 effective=1)
[2026-08-16T03:04:58Z INFO  steel_front::engine::game] game: run started (wave 1)
[2026-08-16T03:04:58Z INFO  steel_front] input: cursor captured (mouse look on, grab=locked, look=relative)
[2026-08-16T03:04:58Z INFO  steel_front::engine::game] physics: 36 events this frame (GroundHit, GroundHit, GroundHit, GroundHit, GroundHit, GroundHit, GroundHit, GroundHit, GroundHit, GroundHit, GroundHit, GroundHit, GroundHit, GroundHit, GroundHit, GroundHit, GroundHit, GroundHit, GroundHit, GroundHit, GroundHit, GroundHit, GroundHit, GroundHit, GroundHit, GroundHit, GroundHit, GroundHit, GroundHit, GroundHit, GroundHit, GroundHit, GroundHit, GroundHit, GroundHit, GroundHit)
[2026-08-16T03:04:58Z INFO  steel_front] input: cursor released (window unfocused)
[2026-08-16T03:04:58Z INFO  steel_front] cam: yaw=0.0 pitch=0.0 dist=3.4 mode=FirstPerson cycle_us=2292 update_us=36 render_us=2255
[2026-08-16T03:04:58Z INFO  steel_front::engine::renderer] visible=65536/65536 near=65536 far=0 fps=389.4 frame_us=2769 cull_us=5 terrain_us=0 wait_fence_us=977 acquire_us=1 record_us=37 submit_us=33 present_us=510 terrain_lod=high blend=0.000 quality=中画质 marker=36 npc=1017
[2026-08-16T03:04:58Z INFO  steel_front::engine::game] ai: npcs=6 near=6 far=0 idle=0 patrol=3 chase=3 attack=0 tactics=[4, 1, 1, 0, 0, 0, 0, 0]
[2026-08-16T03:04:58Z INFO  steel_front::engine::game] game: wave=1 enemies=6 enemy_hp=100 hp=100/100 score=0 phys_us=3 ai_us=405 audio_us=21 net_us=0
[2026-08-16T03:04:59Z INFO  steel_front] cam: yaw=0.0 pitch=0.0 dist=3.4 mode=FirstPerson cycle_us=1946 update_us=36 render_us=1909
[2026-08-16T03:04:59Z INFO  steel_front::engine::renderer] visible=65536/65536 near=65536 far=0 fps=404.6 frame_us=1976 cull_us=6 terrain_us=0 wait_fence_us=2180 acquire_us=1 record_us=34 submit_us=60 present_us=166 terrain_lod=high blend=0.000 quality=中画质 marker=36 npc=1017
[2026-08-16T03:04:59Z INFO  steel_front::engine::game] ai: npcs=6 near=6 far=0 idle=0 patrol=3 chase=3 attack=0 tactics=[4, 1, 1, 0, 0, 0, 0, 0]
[2026-08-16T03:04:59Z INFO  steel_front::engine::game] game: wave=1 enemies=6 enemy_hp=100 hp=100/100 score=0 phys_us=1 ai_us=523 audio_us=11 net_us=0
[2026-08-16T03:05:00Z INFO  steel_front] cam: yaw=0.0 pitch=0.0 dist=3.4 mode=FirstPerson cycle_us=2871 update_us=18 render_us=2852
[2026-08-16T03:05:00Z INFO  steel_front::engine::renderer] visible=65536/65536 near=65536 far=0 fps=398.9 frame_us=1828 cull_us=3 terrain_us=0 wait_fence_us=2211 acquire_us=1 record_us=46 submit_us=25 present_us=160 terrain_lod=high blend=0.000 quality=中画质 marker=36 npc=1017
[2026-08-16T03:05:00Z INFO  steel_front::engine::game] ai: npcs=6 near=6 far=0 idle=0 patrol=3 chase=3 attack=0 tactics=[4, 1, 1, 0, 0, 0, 0, 0]
[2026-08-16T03:05:00Z INFO  steel_front::engine::game] game: wave=1 enemies=6 enemy_hp=100 hp=100/100 score=0 phys_us=2 ai_us=245 audio_us=10 net_us=0
[2026-08-16T03:05:01Z INFO  steel_front] cam: yaw=0.0 pitch=0.0 dist=3.4 mode=FirstPerson cycle_us=4005 update_us=46 render_us=3958
[2026-08-16T03:05:01Z INFO  steel_front::engine::renderer] visible=65536/65536 near=65536 far=0 fps=334.7 frame_us=4083 cull_us=11 terrain_us=0 wait_fence_us=3713 acquire_us=1 record_us=27 submit_us=26 present_us=174 terrain_lod=high blend=0.000 quality=中画质 marker=36 npc=1017
[2026-08-16T03:05:01Z INFO  steel_front::engine::game] ai: npcs=6 near=6 far=0 idle=0 patrol=3 chase=3 attack=0 tactics=[4, 1, 1, 0, 0, 0, 0, 0]
[2026-08-16T03:05:01Z INFO  steel_front::engine::game] game: wave=1 enemies=6 enemy_hp=100 hp=100/100 score=0 phys_us=2 ai_us=582 audio_us=14 net_us=0
[2026-08-16T03:05:02Z INFO  steel_front] cam: yaw=0.0 pitch=0.0 dist=3.4 mode=FirstPerson cycle_us=4024 update_us=31 render_us=3992
[2026-08-16T03:05:02Z INFO  steel_front::engine::renderer] visible=65536/65536 near=65536 far=0 fps=331.3 frame_us=2953 cull_us=4 terrain_us=0 wait_fence_us=2294 acquire_us=1 record_us=27 submit_us=50 present_us=179 terrain_lod=high blend=0.000 quality=中画质 marker=36 npc=1017
[2026-08-16T03:05:02Z INFO  steel_front] size diag: window_inner=2560x1600 hud=2560x1600
[2026-08-16T03:05:02Z INFO  steel_front] size diag: window_inner=2560x1600 hud=2560x1600
[2026-08-16T03:05:02Z INFO  steel_front] size diag: window_inner=2560x1600 hud=2560x1600
[2026-08-16T03:05:02Z INFO  steel_front] size diag: window_inner=2560x1600 hud=2560x1600
[2026-08-16T03:05:02Z INFO  steel_front] size diag: window_inner=2560x1600 hud=2560x1600
[2026-08-16T03:05:02Z INFO  steel_front] size diag: window_inner=2560x1600 hud=2560x1600
[2026-08-16T03:05:02Z INFO  steel_front] size diag: window_inner=2560x1600 hud=2560x1600
[2026-08-16T03:05:02Z INFO  steel_front] size diag: window_inner=2560x1600 hud=2560x1600
[2026-08-16T03:05:02Z INFO  steel_front] size diag: window_inner=2560x1600 hud=2560x1600
[2026-08-16T03:05:02Z INFO  steel_front] size diag: window_inner=2560x1600 hud=2560x1600
[2026-08-16T03:05:02Z INFO  steel_front::engine::game] ai: npcs=6 near=6 far=0 idle=0 patrol=3 chase=3 attack=0 tactics=[4, 1, 1, 0, 0, 0, 0, 0]
[2026-08-16T03:05:02Z INFO  steel_front::engine::game] game: wave=1 enemies=6 enemy_hp=100 hp=100/100 score=0 phys_us=2 ai_us=250 audio_us=24 net_us=0
[2026-08-16T03:05:02Z INFO  steel_front] size diag: window_inner=2560x1600 hud=2560x1600
[2026-08-16T03:05:02Z INFO  steel_front] size diag: window_inner=2560x1600 hud=2560x1600
[2026-08-16T03:05:02Z INFO  steel_front] size diag: window_inner=2560x1600 hud=2560x1600
[2026-08-16T03:05:02Z INFO  steel_front] size diag: window_inner=2560x1600 hud=2560x1600
[2026-08-16T03:05:02Z INFO  steel_front] size diag: window_inner=2560x1600 hud=2560x1600
[2026-08-16T03:05:03Z INFO  steel_front] cam: yaw=0.0 pitch=0.0 dist=3.4 mode=FirstPerson cycle_us=3692 update_us=33 render_us=3659
