[2026-08-16T03:10:17Z INFO  steel_front] ========================================
[2026-08-16T03:10:17Z INFO  steel_front]   钢铁前线 (Steel Front) v0.1.0
[2026-08-16T03:10:17Z INFO  steel_front]   二战FPS游戏引擎 - Rust + Vulkan
[2026-08-16T03:10:17Z INFO  steel_front] ========================================
[2026-08-16T03:10:17Z INFO  steel_front::engine::cpu] cpu: vendor=Amd threads=32 primary=[0, 1, 2, 3, 4, 5, 6, 7, 8, 9, 10, 11, 12, 13, 14, 15] secondary=[16, 17, 18, 19, 20, 21, 22, 23, 24, 25, 26, 27, 28, 29, 30, 31] e_cores=0 avx2=true avx512=true scene_set=[0, 1, 2, 3, 4, 5, 6, 7, 8, 9, 10, 11, 12, 13, 14, 15] ai_set=[16, 17, 18, 19, 20, 21, 22, 23, 24, 25, 26, 27, 28, 29, 30, 31] physical_primary=[0, 1, 2, 3, 4, 5, 6, 7, 8, 9, 10, 11, 12, 13, 14, 15] physical_secondary=[16, 17, 18, 19, 20, 21, 22, 23, 24, 25, 26, 27, 28, 29, 30, 31] smt=[]
[2026-08-16T03:10:17Z INFO  steel_front::engine::cpu] cpu: 非 Linux 平台，跳过线程手工绑定（交给系统调度）
[2026-08-16T03:10:17Z INFO  steel_front::engine::cpu] cpu: ai_pool 创建（8 工作线程，绑定 vCPU [16, 17, 18, 19, 20, 21, 22, 23, 24, 25, 26, 27, 28, 29, 30, 31]）
[2026-08-16T03:10:17Z INFO  steel_front::engine::game] map: level 1 generated: 36 obstacle bodies (wall=20 block=0 barrier=0 tree=3 building=6 ruin=7), 203 grid cells blocked
[2026-08-16T03:10:17Z INFO  steel_front] 窗口创建成功: 2560x1600
[2026-08-16T03:10:17Z INFO  steel_front] winit inner_size: 2560x1600 scale_factor=1.50
[2026-08-16T03:10:17Z WARN  steel_front::engine::renderer] 验证层不可用，将不使用
[2026-08-16T03:10:17Z INFO  steel_front::engine::renderer] 选择物理设备: NVIDIA GeForce RTX 5060 Laptop GPU
[2026-08-16T03:10:17Z INFO  steel_front::engine::gpu_caps] gpu-caps: 设备 NVIDIA GeForce RTX 5060 Laptop GPU 硬件能力探测（WSLg/dzn 视角）
[2026-08-16T03:10:17Z INFO  steel_front::engine::gpu_caps] gpu-caps: 可用 device 扩展 280 个
[2026-08-16T03:10:17Z INFO  steel_front::engine::gpu_caps] gpu-caps: -- 光追扩展 --
[2026-08-16T03:10:17Z INFO  steel_front::engine::gpu_caps] gpu-caps:   VK_KHR_ray_tracing_pipeline = true
[2026-08-16T03:10:17Z INFO  steel_front::engine::gpu_caps] gpu-caps:   VK_KHR_acceleration_structure = true
[2026-08-16T03:10:17Z INFO  steel_front::engine::gpu_caps] gpu-caps:   VK_KHR_ray_query = true
[2026-08-16T03:10:17Z INFO  steel_front::engine::gpu_caps] gpu-caps:   VK_KHR_deferred_host_operations = true
[2026-08-16T03:10:17Z INFO  steel_front::engine::gpu_caps] gpu-caps:   VK_KHR_buffer_device_address = true
[2026-08-16T03:10:17Z INFO  steel_front::engine::gpu_caps] gpu-caps:   VK_KHR_ray_tracing_position_fetch = true
[2026-08-16T03:10:17Z INFO  steel_front::engine::gpu_caps] gpu-caps:   VK_NV_ray_tracing = true
[2026-08-16T03:10:17Z INFO  steel_front::engine::gpu_caps] gpu-caps: -- Tensor Core / 协作矩阵 --
[2026-08-16T03:10:17Z INFO  steel_front::engine::gpu_caps] gpu-caps:   VK_KHR_cooperative_matrix = true
[2026-08-16T03:10:17Z INFO  steel_front::engine::gpu_caps] gpu-caps:   VK_NV_cooperative_matrix = true
[2026-08-16T03:10:17Z INFO  steel_front::engine::gpu_caps] gpu-caps:   VK_NV_compute_shader_derivatives = true
[2026-08-16T03:10:17Z INFO  steel_front::engine::gpu_caps] gpu-caps: -- DLSS / NVIDIA 私有 --
[2026-08-16T03:10:17Z INFO  steel_front::engine::gpu_caps] gpu-caps:   VK_NVX_image_view_handle = true
[2026-08-16T03:10:17Z INFO  steel_front::engine::gpu_caps] gpu-caps:   VK_NVX_binary_import = true
[2026-08-16T03:10:17Z INFO  steel_front::engine::gpu_caps] gpu-caps:   VK_NV_cuda_kernel = true
[2026-08-16T03:10:17Z INFO  steel_front::engine::gpu_caps] gpu-caps:   VK_NV_external_memory = true
[2026-08-16T03:10:17Z INFO  steel_front::engine::gpu_caps] gpu-caps: -- 其它新特性 --
[2026-08-16T03:10:17Z INFO  steel_front::engine::gpu_caps] gpu-caps:   VK_EXT_mesh_shader = true
[2026-08-16T03:10:17Z INFO  steel_front::engine::gpu_caps] gpu-caps:   VK_KHR_shader_object = false
[2026-08-16T03:10:17Z INFO  steel_front::engine::gpu_caps] gpu-caps:   VK_KHR_dynamic_rendering = true
[2026-08-16T03:10:17Z INFO  steel_front::engine::gpu_caps] gpu-caps: RT 特性 ray_tracing_pipeline=true acceleration_structure=true buffer_device_address=true ray_query=true
[2026-08-16T03:10:17Z INFO  steel_front::engine::gpu_caps] gpu-caps: RT 管线属性 shaderGroupHandleSize=32B maxRecursionDepth=31 maxRayDispatchInvocationCount=1073741824
[2026-08-16T03:10:17Z INFO  steel_front::engine::gpu_caps] gpu-caps: 【结论】光追探测 device 创建成功 → RT Core 路径可用（dzn→DXR）
[2026-08-16T03:10:17Z INFO  steel_front::engine::gpu_caps] gpu-caps: CUDA 直通（Tensor Core 可编程访问）=false（libcuda in /usr/lib/wsl/lib）
[2026-08-16T03:10:17Z INFO  steel_front::engine::gpu_caps] gpu-caps: 【结论】Vulkan-DLSS（NVIDIA 私有扩展）=true；可直接接 DLSS SDK
[2026-08-16T03:10:17Z INFO  steel_front::engine::renderer] VK_EXT_mesh_shader 可用：启用可选网格着色器渲染路径
[2026-08-16T03:10:17Z INFO  steel_front::engine::renderer] swapchain diag: current_extent=2560x1600 final=2560x1600
[2026-08-16T03:10:17Z INFO  steel_front::engine::renderer] 交换链初始化完成: 2560x1600, 格式: B8G8R8A8_SRGB, 图像数: 3, present_mode: MAILBOX
[2026-08-16T03:10:17Z INFO  steel_front::engine::renderer] 实例缓冲创建完成: 65536 个实例，stride 80 字节，2 帧双缓冲 HOST_VISIBLE|HOST_COHERENT（每帧压缩上传）
[2026-08-16T03:10:17Z INFO  steel_front::engine::renderer] instances=65536 draw_calls=1
[2026-08-16T03:10:17Z INFO  steel_front::engine::renderer] 深度缓冲创建完成: 3 张 2560x1600 D32_SFLOAT
[2026-08-16T03:10:17Z INFO  steel_front::engine::renderer] Descriptor Set Layout: binding 0 = UBO(view/proj), binding 1 = 贴图, binding 2 = 实例 STORAGE_BUFFER, binding 3 = 采样器
[2026-08-16T03:10:17Z INFO  steel_front::engine::renderer] Descriptor 初始化完成（2 帧）
[2026-08-16T03:10:17Z INFO  steel_front::engine::renderer] 远档 LOD 几何创建完成: 8 顶点 / 12 索引（十字双 quad）
[2026-08-16T03:10:17Z INFO  steel_front::engine::renderer] 地面平铺 quad 几何创建完成: 4 顶点 / 6 索引（无侧壁）
[2026-08-16T03:10:17Z INFO  steel_front::engine::renderer] 球体几何创建完成: 325 顶点 / 1728 索引（爆炸球形扩散）
[2026-08-16T03:10:17Z INFO  steel_front::engine::renderer] 地形 LOD[0] 创建完成: 66049 顶点 / 393216 索引（257×257 网格，间距 2）
[2026-08-16T03:10:17Z INFO  steel_front::engine::renderer] 地形 LOD[1] 创建完成: 16641 顶点 / 98304 索引（129×129 网格，间距 4）
[2026-08-16T03:10:17Z INFO  steel_front::engine::renderer] 地形 LOD[2] 创建完成: 4225 顶点 / 24576 索引（65×65 网格，间距 8）
[2026-08-16T03:10:17Z INFO  steel_front::engine::renderer] 地形 3 级 LOD 全部创建完成（高/中/低）
[2026-08-16T03:10:17Z INFO  steel_front::engine::renderer] 图形管线创建完成
[2026-08-16T03:10:17Z INFO  steel_front::engine::renderer] 网格着色器 maxMeshWorkGroupCount[0] = 4194304（地面场 65536 按此分块）
[2026-08-16T03:10:17Z INFO  steel_front::engine::renderer] 网格着色器管线创建完成（VK_EXT_mesh_shader）
[2026-08-16T03:10:17Z INFO  steel_front::engine::renderer] HUD 覆盖层初始化完成（独立 pipeline，容量 4096 quads）
[2026-08-16T03:10:17Z INFO  steel_front::engine::renderer] 纹理初始化完成: 512x512（10 mip，来源=程序化地面材质）
[2026-08-16T03:10:17Z INFO  steel_front::engine::renderer] 程序化皮肤纹理初始化完成: 512x512（marker=木板墙, npc=迷彩军服, RV3D_SKIN_TEX=off（纯色回退））
[2026-08-16T03:10:17Z INFO  steel_front::engine::renderer] 阴影贴图资源创建完成: 2048x2048 D32_SFLOAT
[2026-08-16T03:10:17Z INFO  steel_front::engine::renderer] 阴影 depth-only 管线创建完成
[2026-08-16T03:10:17Z INFO  steel_front] Vulkan 渲染器初始化成功
[2026-08-16T03:10:17Z INFO  steel_front] settings: 分辨率保持 2560x1600
[2026-08-16T03:10:17Z INFO  steel_front] settings: 应用画质 中画质
[2026-08-16T03:10:17Z INFO  steel_front::engine::renderer] 画质预设已切换: 中画质
[2026-08-16T03:10:17Z INFO  steel_front] 窗口大小变化: 1898x1061
[2026-08-16T03:10:17Z INFO  steel_front::engine::renderer] swapchain diag: current_extent=2560x1600 final=2560x1600
[2026-08-16T03:10:17Z INFO  steel_front::engine::renderer] 交换链初始化完成: 2560x1600, 格式: B8G8R8A8_SRGB, 图像数: 3, present_mode: MAILBOX
[2026-08-16T03:10:17Z INFO  steel_front::engine::renderer] 深度缓冲创建完成: 3 张 2560x1600 D32_SFLOAT
[2026-08-16T03:10:17Z INFO  steel_front] 窗口大小变化: 1920x1117
[2026-08-16T03:10:17Z INFO  steel_front::engine::renderer] swapchain diag: current_extent=2560x1600 final=2560x1600
[2026-08-16T03:10:17Z INFO  steel_front::engine::renderer] 交换链初始化完成: 2560x1600, 格式: B8G8R8A8_SRGB, 图像数: 3, present_mode: MAILBOX
[2026-08-16T03:10:17Z INFO  steel_front::engine::renderer] 深度缓冲创建完成: 3 张 2560x1600 D32_SFLOAT
[2026-08-16T03:10:17Z INFO  steel_front] 窗口大小变化: 2560x1600
[2026-08-16T03:10:17Z INFO  steel_front::engine::renderer] swapchain diag: current_extent=2560x1600 final=2560x1600
[2026-08-16T03:10:17Z INFO  steel_front::engine::renderer] 交换链初始化完成: 2560x1600, 格式: B8G8R8A8_SRGB, 图像数: 3, present_mode: MAILBOX
[2026-08-16T03:10:17Z INFO  steel_front::engine::renderer] 深度缓冲创建完成: 3 张 2560x1600 D32_SFLOAT
[2026-08-16T03:10:17Z INFO  steel_front] 窗口大小变化: 2560x1600
[2026-08-16T03:10:17Z INFO  steel_front::engine::renderer] swapchain diag: current_extent=2560x1600 final=2560x1600
[2026-08-16T03:10:17Z INFO  steel_front::engine::renderer] 交换链初始化完成: 2560x1600, 格式: B8G8R8A8_SRGB, 图像数: 3, present_mode: MAILBOX
[2026-08-16T03:10:17Z INFO  steel_front::engine::renderer] 深度缓冲创建完成: 3 张 2560x1600 D32_SFLOAT
[2026-08-16T03:10:18Z INFO  steel_front] cam: yaw=0.0 pitch=0.0 dist=3.4 mode=FirstPerson cycle_us=2746 update_us=11 render_us=2735
[2026-08-16T03:10:18Z INFO  steel_front::engine::renderer] visible=65536/65536 near=65536 far=0 fps=320.9 frame_us=1839 cull_us=3 terrain_us=0 wait_fence_us=2203 acquire_us=1 record_us=36 submit_us=33 present_us=167 terrain_lod=high blend=0.000 quality=中画质 marker=36 npc=1017
[2026-08-16T03:10:18Z INFO  steel_front::engine::game] ai: npcs=8 near=8 far=0 idle=0 patrol=0 chase=8 attack=0 tactics=[8, 0, 0, 0, 0, 0, 0, 0]
[2026-08-16T03:10:18Z INFO  steel_front::engine::game] game: wave=1 enemies=8 enemy_hp=100 hp=100/100 score=0 phys_us=2 ai_us=500 audio_us=17 net_us=0
[2026-08-16T03:10:18Z INFO  steel_front::engine::game] map: level 1 generated: 36 obstacle bodies (wall=20 block=0 barrier=0 tree=3 building=6 ruin=7), 203 grid cells blocked
[2026-08-16T03:10:18Z INFO  steel_front::engine::game] game: purged 8 leftover npcs on run start
[2026-08-16T03:10:18Z INFO  steel_front::engine::game] wave: npc #8 spawn (65.3, 0.0, 25.3)
[2026-08-16T03:10:18Z INFO  steel_front::engine::game] wave: npc #9 spawn (6.1, 0.0, 39.5)
[2026-08-16T03:10:18Z INFO  steel_front::engine::game] wave: npc #10 spawn (-46.8, 0.0, 37.6)
[2026-08-16T03:10:18Z INFO  steel_front::engine::game] wave: npc #11 spawn (-74.6, 0.0, -28.9)
[2026-08-16T03:10:18Z INFO  steel_front::engine::game] wave: npc #12 spawn (-7.6, 0.0, -49.4)
[2026-08-16T03:10:18Z INFO  steel_front::engine::game] wave: npc #13 spawn (54.6, 0.0, -43.9)
[2026-08-16T03:10:18Z INFO  steel_front::engine::game] wave: wave 1 spawned 6 enemies (kind=Normal total=6 speed=4.0 hp=100 effective=1)
[2026-08-16T03:10:18Z INFO  steel_front::engine::game] game: run started (wave 1)
[2026-08-16T03:10:18Z INFO  steel_front] input: cursor captured (mouse look on, grab=locked, look=relative)
[2026-08-16T03:10:18Z INFO  steel_front::engine::game] physics: 36 events this frame (GroundHit, GroundHit, GroundHit, GroundHit, GroundHit, GroundHit, GroundHit, GroundHit, GroundHit, GroundHit, GroundHit, GroundHit, GroundHit, GroundHit, GroundHit, GroundHit, GroundHit, GroundHit, GroundHit, GroundHit, GroundHit, GroundHit, GroundHit, GroundHit, GroundHit, GroundHit, GroundHit, GroundHit, GroundHit, GroundHit, GroundHit, GroundHit, GroundHit, GroundHit, GroundHit, GroundHit)
[2026-08-16T03:10:18Z INFO  steel_front] input: cursor released (window unfocused)
[2026-08-16T03:10:19Z INFO  steel_front] cam: yaw=0.0 pitch=0.0 dist=3.4 mode=FirstPerson cycle_us=3362 update_us=19 render_us=3342
[2026-08-16T03:10:19Z INFO  steel_front::engine::renderer] visible=65536/65536 near=65536 far=0 fps=407.7 frame_us=1404 cull_us=6 terrain_us=0 wait_fence_us=2019 acquire_us=1 record_us=17 submit_us=22 present_us=188 terrain_lod=high blend=0.000 quality=中画质 marker=36 npc=1017
[2026-08-16T03:10:19Z INFO  steel_front::engine::game] ai: npcs=6 near=6 far=0 idle=0 patrol=3 chase=3 attack=0 tactics=[4, 1, 1, 0, 0, 0, 0, 0]
[2026-08-16T03:10:19Z INFO  steel_front::engine::game] game: wave=1 enemies=6 enemy_hp=100 hp=100/100 score=0 phys_us=4 ai_us=544 audio_us=9 net_us=0
[2026-08-16T03:10:20Z INFO  steel_front] cam: yaw=0.0 pitch=0.0 dist=3.4 mode=FirstPerson cycle_us=2877 update_us=26 render_us=2850
[2026-08-16T03:10:20Z INFO  steel_front::engine::renderer] visible=65536/65536 near=65536 far=0 fps=395.1 frame_us=2525 cull_us=17 terrain_us=0 wait_fence_us=901 acquire_us=1 record_us=47 submit_us=48 present_us=698 terrain_lod=high blend=0.000 quality=中画质 marker=36 npc=1017
[2026-08-16T03:10:20Z INFO  steel_front::engine::game] ai: npcs=6 near=6 far=0 idle=0 patrol=3 chase=3 attack=0 tactics=[4, 1, 1, 0, 0, 0, 0, 0]
[2026-08-16T03:10:20Z INFO  steel_front::engine::game] game: wave=1 enemies=6 enemy_hp=100 hp=100/100 score=0 phys_us=3 ai_us=539 audio_us=11 net_us=0
[2026-08-16T03:10:21Z INFO  steel_front] cam: yaw=0.0 pitch=0.0 dist=3.4 mode=FirstPerson cycle_us=3259 update_us=16 render_us=3243
[2026-08-16T03:10:21Z INFO  steel_front::engine::renderer] visible=65536/65536 near=65536 far=0 fps=403.9 frame_us=1987 cull_us=8 terrain_us=0 wait_fence_us=1594 acquire_us=1 record_us=20 submit_us=19 present_us=115 terrain_lod=high blend=0.000 quality=中画质 marker=36 npc=1017
[2026-08-16T03:10:21Z INFO  steel_front::engine::game] ai: npcs=6 near=6 far=0 idle=0 patrol=3 chase=3 attack=0 tactics=[3, 1, 1, 0, 0, 0, 0, 1]
[2026-08-16T03:10:21Z INFO  steel_front::engine::game] game: wave=1 enemies=6 enemy_hp=100 hp=100/100 score=0 phys_us=3 ai_us=548 audio_us=9 net_us=0
[2026-08-16T03:10:22Z INFO  steel_front] cam: yaw=0.0 pitch=0.0 dist=3.4 mode=FirstPerson cycle_us=1960 update_us=29 render_us=1930
[2026-08-16T03:10:22Z INFO  steel_front::engine::renderer] visible=65536/65536 near=65536 far=0 fps=403.5 frame_us=1885 cull_us=6 terrain_us=0 wait_fence_us=1814 acquire_us=0 record_us=66 submit_us=69 present_us=201 terrain_lod=high blend=0.000 quality=中画质 marker=36 npc=1017
[2026-08-16T03:10:22Z INFO  steel_front] size diag: window_inner=2560x1600 hud=2560x1600
[2026-08-16T03:10:22Z INFO  steel_front] size diag: window_inner=2560x1600 hud=2560x1600
[2026-08-16T03:10:22Z INFO  steel_front] size diag: window_inner=2560x1600 hud=2560x1600
[2026-08-16T03:10:22Z INFO  steel_front::engine::game] ai: npcs=6 near=6 far=0 idle=0 patrol=3 chase=3 attack=0 tactics=[4, 1, 1, 0, 0, 0, 0, 0]
[2026-08-16T03:10:22Z INFO  steel_front::engine::game] game: wave=1 enemies=6 enemy_hp=100 hp=100/100 score=0 phys_us=2 ai_us=219 audio_us=13 net_us=0
[2026-08-16T03:10:22Z INFO  steel_front] size diag: window_inner=2560x1600 hud=2560x1600
[2026-08-16T03:10:22Z INFO  steel_front] size diag: window_inner=2560x1600 hud=2560x1600
[2026-08-16T03:10:22Z INFO  steel_front] size diag: window_inner=2560x1600 hud=2560x1600
[2026-08-16T03:10:22Z INFO  steel_front] size diag: window_inner=2560x1600 hud=2560x1600
[2026-08-16T03:10:22Z INFO  steel_front] size diag: window_inner=2560x1600 hud=2560x1600
[2026-08-16T03:10:22Z INFO  steel_front] size diag: window_inner=2560x1600 hud=2560x1600
[2026-08-16T03:10:22Z INFO  steel_front] size diag: window_inner=2560x1600 hud=2560x1600
[2026-08-16T03:10:22Z INFO  steel_front] size diag: window_inner=2560x1600 hud=2560x1600
[2026-08-16T03:10:22Z INFO  steel_front] size diag: window_inner=2560x1600 hud=2560x1600
[2026-08-16T03:10:22Z INFO  steel_front] size diag: window_inner=2560x1600 hud=2560x1600
[2026-08-16T03:10:22Z INFO  steel_front] size diag: window_inner=2560x1600 hud=2560x1600
[2026-08-16T03:10:22Z INFO  steel_front] size diag: window_inner=2560x1600 hud=2560x1600
[2026-08-16T03:10:22Z INFO  steel_front] size diag: window_inner=2560x1600 hud=2560x1600
[2026-08-16T03:10:22Z INFO  steel_front] size diag: window_inner=2560x1600 hud=2560x1600
[2026-08-16T03:10:22Z INFO  steel_front] size diag: window_inner=2560x1600 hud=2560x1600
[2026-08-16T03:10:22Z INFO  steel_front] size diag: window_inner=2560x1600 hud=2560x1600
[2026-08-16T03:10:22Z INFO  steel_front] size diag: window_inner=2560x1600 hud=2560x1600
[2026-08-16T03:10:23Z INFO  steel_front] cam: yaw=0.0 pitch=0.0 dist=3.4 mode=FirstPerson cycle_us=2519 update_us=33 render_us=2485
[2026-08-16T03:10:23Z INFO  steel_front::engine::renderer] visible=65536/65536 near=65536 far=0 fps=403.1 frame_us=2489 cull_us=5 terrain_us=0 wait_fence_us=429 acquire_us=0 record_us=55 submit_us=50 present_us=726 terrain_lod=high blend=0.000 quality=中画质 marker=36 npc=1017
[2026-08-16T03:10:23Z INFO  steel_front::engine::game] ai: npcs=6 near=6 far=0 idle=0 patrol=3 chase=3 attack=0 tactics=[4, 1, 1, 0, 0, 0, 0, 0]
[2026-08-16T03:10:23Z INFO  steel_front::engine::game] game: wave=1 enemies=6 enemy_hp=100 hp=100/100 score=0 phys_us=5 ai_us=591 audio_us=14 net_us=0
[2026-08-16T03:10:24Z INFO  steel_front] cam: yaw=0.0 pitch=0.0 dist=3.4 mode=FirstPerson cycle_us=2145 update_us=16 render_us=2128
[2026-08-16T03:10:24Z INFO  steel_front::engine::renderer] visible=65536/65536 near=65536 far=0 fps=386.3 frame_us=2292 cull_us=4 terrain_us=0 wait_fence_us=1231 acquire_us=2 record_us=56 submit_us=53 present_us=787 terrain_lod=high blend=0.000 quality=中画质 marker=36 npc=1017
[2026-08-16T03:10:24Z INFO  steel_front::engine::game] ai: npcs=6 near=6 far=0 idle=0 patrol=3 chase=3 attack=0 tactics=[3, 1, 1, 0, 0, 0, 0, 1]
[2026-08-16T03:10:24Z INFO  steel_front::engine::game] game: wave=1 enemies=6 enemy_hp=100 hp=100/100 score=0 phys_us=2 ai_us=588 audio_us=25 net_us=0
[2026-08-16T03:10:25Z INFO  steel_front] cam: yaw=0.0 pitch=0.0 dist=3.4 mode=FirstPerson cycle_us=2840 update_us=33 render_us=2806
[2026-08-16T03:10:25Z INFO  steel_front::engine::renderer] visible=65536/65536 near=65536 far=0 fps=391.1 frame_us=2106 cull_us=6 terrain_us=0 wait_fence_us=1884 acquire_us=1 record_us=59 submit_us=58 present_us=270 terrain_lod=high blend=0.000 quality=中画质 marker=36 npc=1017
[2026-08-16T03:10:25Z INFO  steel_front::engine::game] ai: npcs=6 near=6 far=0 idle=0 patrol=3 chase=3 attack=0 tactics=[3, 1, 1, 0, 0, 0, 0, 1]
[2026-08-16T03:10:25Z INFO  steel_front::engine::game] game: wave=1 enemies=6 enemy_hp=100 hp=100/100 score=0 phys_us=2 ai_us=373 audio_us=11 net_us=0
[2026-08-16T03:10:26Z INFO  steel_front] cam: yaw=0.0 pitch=0.0 dist=3.4 mode=FirstPerson cycle_us=1750 update_us=18 render_us=1731
[2026-08-16T03:10:26Z INFO  steel_front::engine::renderer] visible=65536/65536 near=65536 far=0 fps=392.7 frame_us=1819 cull_us=9 terrain_us=0 wait_fence_us=1792 acquire_us=2 record_us=30 submit_us=31 present_us=384 terrain_lod=high blend=0.000 quality=中画质 marker=36 npc=1017
[2026-08-16T03:10:26Z INFO  steel_front::engine::game] ai: npcs=6 near=5 far=1 idle=0 patrol=2 chase=4 attack=0 tactics=[4, 1, 1, 0, 0, 0, 0, 0]
[2026-08-16T03:10:26Z INFO  steel_front::engine::game] game: wave=1 enemies=6 enemy_hp=100 hp=100/100 score=0 phys_us=2 ai_us=549 audio_us=12 net_us=0
[2026-08-16T03:10:27Z INFO  steel_front] cam: yaw=0.0 pitch=0.0 dist=3.4 mode=FirstPerson cycle_us=2977 update_us=17 render_us=2960
[2026-08-16T03:10:27Z INFO  steel_front::engine::renderer] visible=65536/65536 near=65536 far=0 fps=402.7 frame_us=1877 cull_us=7 terrain_us=0 wait_fence_us=1591 acquire_us=1 record_us=51 submit_us=61 present_us=243 terrain_lod=high blend=0.000 quality=中画质 marker=36 npc=1017
[2026-08-16T03:10:27Z INFO  steel_front] size diag: window_inner=2560x1600 hud=2560x1600
[2026-08-16T03:10:27Z INFO  steel_front] size diag: window_inner=2560x1600 hud=2560x1600
[2026-08-16T03:10:27Z INFO  steel_front] size diag: window_inner=2560x1600 hud=2560x1600
[2026-08-16T03:10:27Z INFO  steel_front] size diag: window_inner=2560x1600 hud=2560x1600
[2026-08-16T03:10:27Z INFO  steel_front] size diag: window_inner=2560x1600 hud=2560x1600
[2026-08-16T03:10:27Z INFO  steel_front] size diag: window_inner=2560x1600 hud=2560x1600
[2026-08-16T03:10:27Z INFO  steel_front] size diag: window_inner=2560x1600 hud=2560x1600
[2026-08-16T03:10:27Z INFO  steel_front::engine::game] ai: npcs=6 near=5 far=1 idle=0 patrol=2 chase=4 attack=0 tactics=[4, 1, 1, 0, 0, 0, 0, 0]
[2026-08-16T03:10:27Z INFO  steel_front::engine::game] game: wave=1 enemies=6 enemy_hp=100 hp=100/100 score=0 phys_us=6 ai_us=382 audio_us=18 net_us=0
[2026-08-16T03:10:27Z INFO  steel_front] size diag: window_inner=2560x1600 hud=2560x1600
[2026-08-16T03:10:27Z INFO  steel_front] size diag: window_inner=2560x1600 hud=2560x1600
[2026-08-16T03:10:27Z INFO  steel_front] size diag: window_inner=2560x1600 hud=2560x1600
[2026-08-16T03:10:27Z INFO  steel_front] size diag: window_inner=2560x1600 hud=2560x1600
[2026-08-16T03:10:27Z INFO  steel_front] size diag: window_inner=2560x1600 hud=2560x1600
[2026-08-16T03:10:27Z INFO  steel_front] size diag: window_inner=2560x1600 hud=2560x1600
[2026-08-16T03:10:27Z INFO  steel_front] size diag: window_inner=2560x1600 hud=2560x1600
[2026-08-16T03:10:27Z INFO  steel_front] size diag: window_inner=2560x1600 hud=2560x1600
[2026-08-16T03:10:27Z INFO  steel_front] size diag: window_inner=2560x1600 hud=2560x1600
[2026-08-16T03:10:27Z INFO  steel_front] size diag: window_inner=2560x1600 hud=2560x1600
[2026-08-16T03:10:27Z INFO  steel_front] size diag: window_inner=2560x1600 hud=2560x1600
[2026-08-16T03:10:27Z INFO  steel_front] size diag: window_inner=2560x1600 hud=2560x1600
[2026-08-16T03:10:27Z INFO  steel_front] size diag: window_inner=2560x1600 hud=2560x1600
[2026-08-16T03:10:28Z INFO  steel_front] cam: yaw=0.0 pitch=0.0 dist=3.4 mode=FirstPerson cycle_us=2515 update_us=38 render_us=2476
[2026-08-16T03:10:28Z INFO  steel_front::engine::game] npc: #9 stand (6.6, 0.0, 10.0)
[2026-08-16T03:10:28Z INFO  steel_front::engine::renderer] visible=65536/65536 near=65536 far=0 fps=394.1 frame_us=2970 cull_us=5 terrain_us=0 wait_fence_us=933 acquire_us=0 record_us=53 submit_us=58 present_us=1001 terrain_lod=high blend=0.000 quality=中画质 marker=36 npc=1017
[2026-08-16T03:10:28Z INFO  steel_front::engine::game] ai: npcs=6 near=5 far=1 idle=0 patrol=2 chase=3 attack=1 tactics=[4, 1, 1, 0, 0, 0, 0, 0]
[2026-08-16T03:10:28Z INFO  steel_front::engine::game] game: wave=1 enemies=6 enemy_hp=100 hp=95/100 score=0 phys_us=2 ai_us=573 audio_us=10 net_us=0
[2026-08-16T03:10:29Z INFO  steel_front] cam: yaw=0.0 pitch=0.0 dist=3.4 mode=FirstPerson cycle_us=2683 update_us=21 render_us=2661
[2026-08-16T03:10:29Z INFO  steel_front::engine::renderer] visible=65536/65536 near=65536 far=0 fps=396.7 frame_us=2402 cull_us=29 terrain_us=0 wait_fence_us=975 acquire_us=1 record_us=56 submit_us=56 present_us=629 terrain_lod=high blend=0.000 quality=中画质 marker=41 npc=1017
[2026-08-16T03:10:29Z INFO  steel_front::engine::game] ai: npcs=6 near=4 far=2 idle=0 patrol=2 chase=3 attack=1 tactics=[4, 1, 1, 0, 0, 0, 0, 0]
[2026-08-16T03:10:29Z INFO  steel_front::engine::game] game: wave=1 enemies=6 enemy_hp=100 hp=90/100 score=0 phys_us=3 ai_us=568 audio_us=16 net_us=0
[2026-08-16T03:10:30Z INFO  steel_front] cam: yaw=0.0 pitch=0.0 dist=3.4 mode=FirstPerson cycle_us=2516 update_us=30 render_us=2486
[2026-08-16T03:10:30Z INFO  steel_front::engine::renderer] visible=65536/65536 near=65536 far=0 fps=398.1 frame_us=1942 cull_us=6 terrain_us=0 wait_fence_us=1783 acquire_us=1 record_us=52 submit_us=65 present_us=196 terrain_lod=high blend=0.000 quality=中画质 marker=36 npc=1017
[2026-08-16T03:10:30Z INFO  steel_front::engine::game] ai: npcs=6 near=4 far=2 idle=0 patrol=2 chase=3 attack=1 tactics=[4, 0, 2, 0, 0, 0, 0, 0]
[2026-08-16T03:10:30Z INFO  steel_front::engine::game] game: wave=1 enemies=6 enemy_hp=100 hp=85/100 score=0 phys_us=2 ai_us=481 audio_us=27 net_us=0
[2026-08-16T03:10:31Z INFO  steel_front] cam: yaw=0.0 pitch=0.0 dist=3.4 mode=FirstPerson cycle_us=2834 update_us=15 render_us=2818
[2026-08-16T03:10:31Z INFO  steel_front::engine::renderer] visible=65536/65536 near=65536 far=0 fps=391.5 frame_us=1914 cull_us=6 terrain_us=0 wait_fence_us=1493 acquire_us=1 record_us=52 submit_us=62 present_us=284 terrain_lod=high blend=0.000 quality=中画质 marker=43 npc=1017
[2026-08-16T03:10:31Z INFO  steel_front::engine::game] ai: npcs=6 near=4 far=2 idle=0 patrol=2 chase=3 attack=1 tactics=[4, 0, 2, 0, 0, 0, 0, 0]
[2026-08-16T03:10:31Z INFO  steel_front::engine::game] game: wave=1 enemies=6 enemy_hp=100 hp=80/100 score=0 phys_us=3 ai_us=654 audio_us=16 net_us=0
[2026-08-16T03:10:32Z INFO  steel_front] cam: yaw=0.0 pitch=0.0 dist=3.4 mode=FirstPerson cycle_us=2608 update_us=24 render_us=2583
[2026-08-16T03:10:32Z INFO  steel_front::engine::renderer] visible=65536/65536 near=65536 far=0 fps=399.3 frame_us=1733 cull_us=6 terrain_us=0 wait_fence_us=1503 acquire_us=1 record_us=54 submit_us=65 present_us=248 terrain_lod=high blend=0.000 quality=中画质 marker=36 npc=1017
[2026-08-16T03:10:32Z INFO  steel_front] size diag: window_inner=2560x1600 hud=2560x1600
[2026-08-16T03:10:32Z INFO  steel_front] size diag: window_inner=2560x1600 hud=2560x1600
[2026-08-16T03:10:32Z INFO  steel_front] size diag: window_inner=2560x1600 hud=2560x1600
[2026-08-16T03:10:32Z INFO  steel_front] size diag: window_inner=2560x1600 hud=2560x1600
[2026-08-16T03:10:32Z INFO  steel_front] size diag: window_inner=2560x1600 hud=2560x1600
[2026-08-16T03:10:32Z INFO  steel_front] size diag: window_inner=2560x1600 hud=2560x1600
[2026-08-16T03:10:32Z INFO  steel_front] size diag: window_inner=2560x1600 hud=2560x1600
[2026-08-16T03:10:32Z INFO  steel_front] size diag: window_inner=2560x1600 hud=2560x1600
[2026-08-16T03:10:32Z INFO  steel_front] size diag: window_inner=2560x1600 hud=2560x1600
[2026-08-16T03:10:32Z INFO  steel_front] size diag: window_inner=2560x1600 hud=2560x1600
[2026-08-16T03:10:32Z INFO  steel_front::engine::game] ai: npcs=6 near=4 far=2 idle=0 patrol=2 chase=3 attack=1 tactics=[4, 0, 2, 0, 0, 0, 0, 0]
[2026-08-16T03:10:32Z INFO  steel_front::engine::game] game: wave=1 enemies=6 enemy_hp=100 hp=75/100 score=0 phys_us=3 ai_us=181 audio_us=15 net_us=0
[2026-08-16T03:10:32Z INFO  steel_front] size diag: window_inner=2560x1600 hud=2560x1600
[2026-08-16T03:10:32Z INFO  steel_front] size diag: window_inner=2560x1600 hud=2560x1600
[2026-08-16T03:10:32Z INFO  steel_front] size diag: window_inner=2560x1600 hud=2560x1600
[2026-08-16T03:10:32Z INFO  steel_front] size diag: window_inner=2560x1600 hud=2560x1600
[2026-08-16T03:10:32Z INFO  steel_front] size diag: window_inner=2560x1600 hud=2560x1600
[2026-08-16T03:10:32Z INFO  steel_front] size diag: window_inner=2560x1600 hud=2560x1600
[2026-08-16T03:10:32Z INFO  steel_front] size diag: window_inner=2560x1600 hud=2560x1600
[2026-08-16T03:10:32Z INFO  steel_front] size diag: window_inner=2560x1600 hud=2560x1600
[2026-08-16T03:10:32Z INFO  steel_front] size diag: window_inner=2560x1600 hud=2560x1600
[2026-08-16T03:10:32Z INFO  steel_front] size diag: window_inner=2560x1600 hud=2560x1600
[2026-08-16T03:10:33Z INFO  steel_front] cam: yaw=0.0 pitch=0.0 dist=3.4 mode=FirstPerson cycle_us=2135 update_us=34 render_us=2100
[2026-08-16T03:10:33Z INFO  steel_front::engine::game] npc: #12 stand (2.0, 0.0, -11.8)
[2026-08-16T03:10:33Z INFO  steel_front::engine::renderer] visible=65536/65536 near=65536 far=0 fps=400.2 frame_us=2468 cull_us=8 terrain_us=0 wait_fence_us=1340 acquire_us=1 record_us=133 submit_us=51 present_us=660 terrain_lod=high blend=0.000 quality=中画质 marker=45 npc=1017
[2026-08-16T03:10:33Z INFO  steel_front::engine::game] ai: npcs=6 near=4 far=2 idle=0 patrol=2 chase=2 attack=2 tactics=[4, 0, 2, 0, 0, 0, 0, 0]
[2026-08-16T03:10:33Z INFO  steel_front::engine::game] game: wave=1 enemies=6 enemy_hp=100 hp=70/100 score=0 phys_us=2 ai_us=564 audio_us=12 net_us=0
[2026-08-16T03:10:34Z INFO  steel_front] cam: yaw=0.0 pitch=0.0 dist=3.4 mode=FirstPerson cycle_us=2874 update_us=34 render_us=2839
[2026-08-16T03:10:34Z INFO  steel_front::engine::renderer] visible=65536/65536 near=65536 far=0 fps=399.8 frame_us=1089 cull_us=24 terrain_us=0 wait_fence_us=1964 acquire_us=1 record_us=36 submit_us=29 present_us=139 terrain_lod=high blend=0.000 quality=中画质 marker=54 npc=1017
[2026-08-16T03:10:34Z INFO  steel_front::engine::game] ai: npcs=6 near=4 far=2 idle=0 patrol=3 chase=1 attack=2 tactics=[4, 0, 2, 0, 0, 0, 0, 0]
[2026-08-16T03:10:34Z INFO  steel_front::engine::game] game: wave=1 enemies=6 enemy_hp=100 hp=65/100 score=0 phys_us=6 ai_us=947 audio_us=16 net_us=0
[2026-08-16T03:10:35Z INFO  steel_front] cam: yaw=0.0 pitch=0.0 dist=3.4 mode=FirstPerson cycle_us=2914 update_us=56 render_us=2857
[2026-08-16T03:10:35Z INFO  steel_front] input: cursor captured (mouse look on, grab=locked, look=relative)
[2026-08-16T03:10:35Z INFO  steel_front::engine::renderer] visible=65536/65536 near=65536 far=0 fps=387.5 frame_us=2076 cull_us=7 terrain_us=0 wait_fence_us=1313 acquire_us=1 record_us=57 submit_us=53 present_us=243 terrain_lod=high blend=0.000 quality=中画质 marker=47 npc=1017
[2026-08-16T03:10:35Z INFO  steel_front::engine::game] ai: npcs=6 near=4 far=2 idle=0 patrol=3 chase=1 attack=2 tactics=[3, 0, 2, 0, 0, 0, 0, 1]
[2026-08-16T03:10:35Z INFO  steel_front::engine::game] game: wave=1 enemies=6 enemy_hp=100 hp=60/100 score=0 phys_us=2 ai_us=130 audio_us=22 net_us=0
[2026-08-16T03:10:36Z INFO  steel_front] cam: yaw=11.2 pitch=-5.6 dist=3.4 mode=FirstPerson cycle_us=2266 update_us=26 render_us=2239
[2026-08-16T03:10:36Z INFO  steel_front::engine::renderer] visible=65536/65536 near=65536 far=0 fps=412.0 frame_us=1097 cull_us=5 terrain_us=0 wait_fence_us=2011 acquire_us=0 record_us=26 submit_us=23 present_us=122 terrain_lod=high blend=0.000 quality=中画质 marker=53 npc=1017
[2026-08-16T03:10:36Z INFO  steel_front::engine::game] ai: npcs=6 near=5 far=1 idle=0 patrol=3 chase=1 attack=2 tactics=[3, 0, 2, 0, 0, 0, 0, 1]
[2026-08-16T03:10:36Z INFO  steel_front::engine::game] game: wave=1 enemies=6 enemy_hp=100 hp=55/100 score=0 phys_us=2 ai_us=471 audio_us=14 net_us=0
[2026-08-16T03:10:37Z INFO  steel_front] cam: yaw=-11.2 pitch=1.1 dist=3.4 mode=FirstPerson cycle_us=1939 update_us=18 render_us=1920
[2026-08-16T03:10:37Z INFO  steel_front::engine::renderer] visible=65536/65536 near=65536 far=0 fps=419.8 frame_us=1727 cull_us=6 terrain_us=0 wait_fence_us=1842 acquire_us=1 record_us=53 submit_us=54 present_us=187 terrain_lod=high blend=0.000 quality=中画质 marker=48 npc=1017
[2026-08-16T03:10:37Z INFO  steel_front] size diag: window_inner=2560x1600 hud=2560x1600
[2026-08-16T03:10:37Z INFO  steel_front] size diag: window_inner=2560x1600 hud=2560x1600
[2026-08-16T03:10:37Z INFO  steel_front] size diag: window_inner=2560x1600 hud=2560x1600
[2026-08-16T03:10:37Z INFO  steel_front] size diag: window_inner=2560x1600 hud=2560x1600
[2026-08-16T03:10:37Z INFO  steel_front] size diag: window_inner=2560x1600 hud=2560x1600
[2026-08-16T03:10:37Z INFO  steel_front] size diag: window_inner=2560x1600 hud=2560x1600
[2026-08-16T03:10:37Z INFO  steel_front] size diag: window_inner=2560x1600 hud=2560x1600
[2026-08-16T03:10:37Z INFO  steel_front] size diag: window_inner=2560x1600 hud=2560x1600
[2026-08-16T03:10:37Z INFO  steel_front] size diag: window_inner=2560x1600 hud=2560x1600
[2026-08-16T03:10:37Z INFO  steel_front] size diag: window_inner=2560x1600 hud=2560x1600
[2026-08-16T03:10:37Z INFO  steel_front] size diag: window_inner=2560x1600 hud=2560x1600
[2026-08-16T03:10:37Z INFO  steel_front] size diag: window_inner=2560x1600 hud=2560x1600
[2026-08-16T03:10:37Z INFO  steel_front::engine::game] ai: npcs=6 near=5 far=1 idle=0 patrol=2 chase=2 attack=2 tactics=[4, 0, 2, 0, 0, 0, 0, 0]
[2026-08-16T03:10:37Z INFO  steel_front::engine::game] game: wave=1 enemies=6 enemy_hp=100 hp=50/100 score=0 phys_us=2 ai_us=144 audio_us=8 net_us=0
[2026-08-16T03:10:37Z INFO  steel_front] size diag: window_inner=2560x1600 hud=2560x1600
[2026-08-16T03:10:37Z INFO  steel_front] size diag: window_inner=2560x1600 hud=2560x1600
[2026-08-16T03:10:37Z INFO  steel_front] size diag: window_inner=2560x1600 hud=2560x1600
[2026-08-16T03:10:37Z INFO  steel_front] size diag: window_inner=2560x1600 hud=2560x1600
[2026-08-16T03:10:37Z INFO  steel_front] size diag: window_inner=2560x1600 hud=2560x1600
[2026-08-16T03:10:37Z INFO  steel_front] size diag: window_inner=2560x1600 hud=2560x1600
[2026-08-16T03:10:37Z INFO  steel_front] size diag: window_inner=2560x1600 hud=2560x1600
[2026-08-16T03:10:37Z INFO  steel_front] size diag: window_inner=2560x1600 hud=2560x1600
[2026-08-16T03:10:37Z INFO  steel_front] size diag: window_inner=2560x1600 hud=2560x1600
[2026-08-16T03:10:37Z INFO  steel_front::engine::game] weapons: shot #1 (1 alive) [M1 Rifle]
[2026-08-16T03:10:38Z INFO  steel_front::engine::game] weapons: 1 projectile hit(s), total_hits=1
[2026-08-16T03:10:38Z INFO  steel_front] cam: yaw=-10.1 pitch=6.5 dist=3.4 mode=FirstPerson cycle_us=2224 update_us=40 render_us=2184
[2026-08-16T03:10:38Z INFO  steel_front::engine::game] npc: #10 stand (-12.0, 0.0, 0.3)
[2026-08-16T03:10:38Z INFO  steel_front::engine::game] weapons: shot #2 (1 alive) [M1 Rifle]
[2026-08-16T03:10:38Z INFO  steel_front::engine::game] weapons: 1 projectile hit(s), total_hits=2
[2026-08-16T03:10:38Z INFO  steel_front::engine::renderer] visible=65536/65536 near=65536 far=0 fps=420.5 frame_us=2321 cull_us=6 terrain_us=0 wait_fence_us=1465 acquire_us=1 record_us=53 submit_us=49 present_us=243 terrain_lod=high blend=0.000 quality=中画质 marker=53 npc=1017
[2026-08-16T03:10:38Z INFO  steel_front::engine::game] ai: npcs=6 near=5 far=1 idle=0 patrol=2 chase=1 attack=3 tactics=[4, 0, 2, 0, 0, 0, 0, 0]
[2026-08-16T03:10:38Z INFO  steel_front::engine::game] game: wave=1 enemies=6 enemy_hp=100 hp=45/100 score=0 phys_us=2 ai_us=413 audio_us=26 net_us=0
[2026-08-16T03:10:38Z INFO  steel_front::engine::game] weapons: shot #3 (1 alive) [M1 Rifle]
[2026-08-16T03:10:38Z INFO  steel_front::engine::game] weapons: 1 projectile hit(s), total_hits=3
[2026-08-16T03:10:39Z INFO  steel_front] cam: yaw=-10.0 pitch=6.4 dist=3.4 mode=FirstPerson cycle_us=2219 update_us=25 render_us=2193
[2026-08-16T03:10:39Z INFO  steel_front::engine::game] weapons: shot #4 (1 alive) [M1 Rifle]
[2026-08-16T03:10:39Z INFO  steel_front::engine::game] kill: npc #12 eliminated (wave 1) score=10
[2026-08-16T03:10:39Z INFO  steel_front::engine::game] weapons: 1 projectile hit(s), total_hits=4
[2026-08-16T03:10:39Z INFO  steel_front::engine::renderer] visible=65536/65536 near=65536 far=0 fps=417.7 frame_us=2373 cull_us=6 terrain_us=0 wait_fence_us=1012 acquire_us=1 record_us=24 submit_us=45 present_us=604 terrain_lod=high blend=0.000 quality=中画质 marker=68 npc=1017
[2026-08-16T03:10:39Z INFO  steel_front::engine::game] weapons: shot #5 (1 alive) [M1 Rifle]
[2026-08-16T03:10:39Z INFO  steel_front::engine::game] ai: npcs=5 near=3 far=2 idle=0 patrol=2 chase=1 attack=2 tactics=[3, 0, 2, 0, 0, 0, 0, 0]
[2026-08-16T03:10:39Z INFO  steel_front::engine::game] game: wave=1 enemies=5 enemy_hp=100 hp=40/100 score=10 phys_us=1 ai_us=388 audio_us=12 net_us=0
[2026-08-16T03:10:40Z INFO  steel_front] cam: yaw=-10.1 pitch=6.3 dist=3.4 mode=FirstPerson cycle_us=2675 update_us=38 render_us=2636
[2026-08-16T03:10:40Z INFO  steel_front::engine::renderer] visible=65536/65536 near=65536 far=0 fps=416.7 frame_us=2006 cull_us=5 terrain_us=0 wait_fence_us=1044 acquire_us=0 record_us=24 submit_us=33 present_us=594 terrain_lod=high blend=0.000 quality=中画质 marker=36 npc=1017
[2026-08-16T03:10:40Z INFO  steel_front::engine::game] ai: npcs=5 near=3 far=2 idle=0 patrol=2 chase=1 attack=2 tactics=[3, 0, 2, 0, 0, 0, 0, 0]
[2026-08-16T03:10:40Z INFO  steel_front::engine::game] game: wave=1 enemies=5 enemy_hp=100 hp=35/100 score=10 phys_us=1 ai_us=349 audio_us=22 net_us=0
[2026-08-16T03:10:41Z INFO  steel_front] cam: yaw=-10.1 pitch=5.1 dist=3.4 mode=FirstPerson cycle_us=2189 update_us=37 render_us=2151
[2026-08-16T03:10:41Z INFO  steel_front] input: cursor released (window unfocused)
[2026-08-16T03:10:41Z INFO  steel_front::engine::renderer] visible=65536/65536 near=65536 far=0 fps=411.8 frame_us=1296 cull_us=3 terrain_us=0 wait_fence_us=1042 acquire_us=1 record_us=40 submit_us=78 present_us=677 terrain_lod=high blend=0.000 quality=中画质 marker=64 npc=1017
[2026-08-16T03:10:41Z INFO  steel_front::engine::game] ai: npcs=5 near=3 far=2 idle=0 patrol=2 chase=1 attack=2 tactics=[3, 0, 2, 0, 0, 0, 0, 0]
[2026-08-16T03:10:41Z INFO  steel_front::engine::game] game: wave=1 enemies=5 enemy_hp=100 hp=30/100 score=10 phys_us=3 ai_us=494 audio_us=25 net_us=0
[2026-08-16T03:10:42Z INFO  steel_front] cam: yaw=-10.1 pitch=5.1 dist=3.4 mode=FirstPerson cycle_us=2363 update_us=24 render_us=2339
[2026-08-16T03:10:42Z INFO  steel_front::engine::renderer] visible=65536/65536 near=65536 far=0 fps=407.2 frame_us=1912 cull_us=3 terrain_us=0 wait_fence_us=2117 acquire_us=1 record_us=36 submit_us=66 present_us=160 terrain_lod=high blend=0.000 quality=中画质 marker=36 npc=1017
[2026-08-16T03:10:42Z INFO  steel_front] size diag: window_inner=2560x1600 hud=2560x1600
[2026-08-16T03:10:42Z INFO  steel_front] size diag: window_inner=2560x1600 hud=2560x1600
[2026-08-16T03:10:42Z INFO  steel_front] size diag: window_inner=2560x1600 hud=2560x1600
[2026-08-16T03:10:42Z INFO  steel_front] size diag: window_inner=2560x1600 hud=2560x1600
[2026-08-16T03:10:42Z INFO  steel_front] size diag: window_inner=2560x1600 hud=2560x1600
[2026-08-16T03:10:42Z INFO  steel_front] size diag: window_inner=2560x1600 hud=2560x1600
[2026-08-16T03:10:42Z INFO  steel_front] size diag: window_inner=2560x1600 hud=2560x1600
[2026-08-16T03:10:42Z INFO  steel_front] size diag: window_inner=2560x1600 hud=2560x1600
[2026-08-16T03:10:42Z INFO  steel_front] size diag: window_inner=2560x1600 hud=2560x1600
[2026-08-16T03:10:42Z INFO  steel_front] size diag: window_inner=2560x1600 hud=2560x1600
[2026-08-16T03:10:42Z INFO  steel_front] size diag: window_inner=2560x1600 hud=2560x1600
[2026-08-16T03:10:42Z INFO  steel_front] size diag: window_inner=2560x1600 hud=2560x1600
[2026-08-16T03:10:42Z INFO  steel_front] size diag: window_inner=2560x1600 hud=2560x1600
[2026-08-16T03:10:42Z INFO  steel_front] size diag: window_inner=2560x1600 hud=2560x1600
[2026-08-16T03:10:42Z INFO  steel_front::engine::game] ai: npcs=5 near=3 far=2 idle=0 patrol=3 chase=0 attack=2 tactics=[3, 0, 2, 0, 0, 0, 0, 0]
[2026-08-16T03:10:42Z INFO  steel_front::engine::game] game: wave=1 enemies=5 enemy_hp=100 hp=25/100 score=10 phys_us=2 ai_us=128 audio_us=25 net_us=0
[2026-08-16T03:10:42Z INFO  steel_front] size diag: window_inner=2560x1600 hud=2560x1600
[2026-08-16T03:10:42Z INFO  steel_front] size diag: window_inner=2560x1600 hud=2560x1600
[2026-08-16T03:10:42Z INFO  steel_front] size diag: window_inner=2560x1600 hud=2560x1600
[2026-08-16T03:10:42Z INFO  steel_front] size diag: window_inner=2560x1600 hud=2560x1600
[2026-08-16T03:10:42Z INFO  steel_front] size diag: window_inner=2560x1600 hud=2560x1600
[2026-08-16T03:10:42Z INFO  steel_front] size diag: window_inner=2560x1600 hud=2560x1600
[2026-08-16T03:10:42Z INFO  steel_front::engine::game] explosion: at (34.6, -20.4, -195.8) radius=8 dmg=60 knockback=true
[2026-08-16T03:10:43Z INFO  steel_front] cam: yaw=-10.1 pitch=5.1 dist=3.4 mode=FirstPerson cycle_us=2508 update_us=44 render_us=2463
[2026-08-16T03:10:43Z INFO  steel_front::engine::renderer] visible=65536/65536 near=65536 far=0 fps=403.5 frame_us=2060 cull_us=8 terrain_us=0 wait_fence_us=1747 acquire_us=0 record_us=33 submit_us=52 present_us=344 terrain_lod=high blend=0.000 quality=中画质 marker=64 npc=1017
[2026-08-16T03:10:43Z INFO  steel_front::engine::game] ai: npcs=5 near=3 far=2 idle=0 patrol=3 chase=0 attack=2 tactics=[3, 0, 2, 0, 0, 0, 0, 0]
[2026-08-16T03:10:43Z INFO  steel_front::engine::game] game: wave=1 enemies=5 enemy_hp=100 hp=20/100 score=10 phys_us=6 ai_us=934 audio_us=27 net_us=0
