[2026-08-16T01:48:17Z INFO  steel_front] ========================================
[2026-08-16T01:48:17Z INFO  steel_front]   钢铁前线 (Steel Front) v0.1.0
[2026-08-16T01:48:17Z INFO  steel_front]   二战FPS游戏引擎 - Rust + Vulkan
[2026-08-16T01:48:17Z INFO  steel_front] ========================================
[2026-08-16T01:48:17Z INFO  steel_front::engine::cpu] cpu: vendor=Amd threads=32 primary=[0, 1, 2, 3, 4, 5, 6, 7, 8, 9, 10, 11, 12, 13, 14, 15] secondary=[16, 17, 18, 19, 20, 21, 22, 23, 24, 25, 26, 27, 28, 29, 30, 31] e_cores=0 avx2=true avx512=true scene_set=[0, 1, 2, 3, 4, 5, 6, 7, 8, 9, 10, 11, 12, 13, 14, 15] ai_set=[16, 17, 18, 19, 20, 21, 22, 23, 24, 25, 26, 27, 28, 29, 30, 31] physical_primary=[0, 1, 2, 3, 4, 5, 6, 7, 8, 9, 10, 11, 12, 13, 14, 15] physical_secondary=[16, 17, 18, 19, 20, 21, 22, 23, 24, 25, 26, 27, 28, 29, 30, 31] smt=[]
[2026-08-16T01:48:17Z INFO  steel_front::engine::cpu] cpu: 非 Linux 平台，跳过线程手工绑定（交给系统调度）
[2026-08-16T01:48:17Z INFO  steel_front::engine::cpu] cpu: ai_pool 创建（8 工作线程，绑定 vCPU [16, 17, 18, 19, 20, 21, 22, 23, 24, 25, 26, 27, 28, 29, 30, 31]）
[2026-08-16T01:48:17Z INFO  steel_front::engine::game] map: level 1 generated: 36 obstacle bodies (wall=20 block=0 barrier=0 tree=3 building=6 ruin=7), 203 grid cells blocked
[2026-08-16T01:48:18Z INFO  steel_front] 窗口创建成功: 2560x1600
[2026-08-16T01:48:18Z INFO  steel_front] winit inner_size: 2560x1600 scale_factor=1.50
[2026-08-16T01:48:18Z WARN  steel_front::engine::renderer] 验证层不可用，将不使用
[2026-08-16T01:48:18Z INFO  steel_front::engine::renderer] 选择物理设备: NVIDIA GeForce RTX 5060 Laptop GPU
[2026-08-16T01:48:18Z INFO  steel_front::engine::gpu_caps] gpu-caps: 设备 NVIDIA GeForce RTX 5060 Laptop GPU 硬件能力探测（WSLg/dzn 视角）
[2026-08-16T01:48:18Z INFO  steel_front::engine::gpu_caps] gpu-caps: 可用 device 扩展 280 个
[2026-08-16T01:48:18Z INFO  steel_front::engine::gpu_caps] gpu-caps: -- 光追扩展 --
[2026-08-16T01:48:18Z INFO  steel_front::engine::gpu_caps] gpu-caps:   VK_KHR_ray_tracing_pipeline = true
[2026-08-16T01:48:18Z INFO  steel_front::engine::gpu_caps] gpu-caps:   VK_KHR_acceleration_structure = true
[2026-08-16T01:48:18Z INFO  steel_front::engine::gpu_caps] gpu-caps:   VK_KHR_ray_query = true
[2026-08-16T01:48:18Z INFO  steel_front::engine::gpu_caps] gpu-caps:   VK_KHR_deferred_host_operations = true
[2026-08-16T01:48:18Z INFO  steel_front::engine::gpu_caps] gpu-caps:   VK_KHR_buffer_device_address = true
[2026-08-16T01:48:18Z INFO  steel_front::engine::gpu_caps] gpu-caps:   VK_KHR_ray_tracing_position_fetch = true
[2026-08-16T01:48:18Z INFO  steel_front::engine::gpu_caps] gpu-caps:   VK_NV_ray_tracing = true
[2026-08-16T01:48:18Z INFO  steel_front::engine::gpu_caps] gpu-caps: -- Tensor Core / 协作矩阵 --
[2026-08-16T01:48:18Z INFO  steel_front::engine::gpu_caps] gpu-caps:   VK_KHR_cooperative_matrix = true
[2026-08-16T01:48:18Z INFO  steel_front::engine::gpu_caps] gpu-caps:   VK_NV_cooperative_matrix = true
[2026-08-16T01:48:18Z INFO  steel_front::engine::gpu_caps] gpu-caps:   VK_NV_compute_shader_derivatives = true
[2026-08-16T01:48:18Z INFO  steel_front::engine::gpu_caps] gpu-caps: -- DLSS / NVIDIA 私有 --
[2026-08-16T01:48:18Z INFO  steel_front::engine::gpu_caps] gpu-caps:   VK_NVX_image_view_handle = true
[2026-08-16T01:48:18Z INFO  steel_front::engine::gpu_caps] gpu-caps:   VK_NVX_binary_import = true
[2026-08-16T01:48:18Z INFO  steel_front::engine::gpu_caps] gpu-caps:   VK_NV_cuda_kernel = true
[2026-08-16T01:48:18Z INFO  steel_front::engine::gpu_caps] gpu-caps:   VK_NV_external_memory = true
[2026-08-16T01:48:18Z INFO  steel_front::engine::gpu_caps] gpu-caps: -- 其它新特性 --
[2026-08-16T01:48:18Z INFO  steel_front::engine::gpu_caps] gpu-caps:   VK_EXT_mesh_shader = true
[2026-08-16T01:48:18Z INFO  steel_front::engine::gpu_caps] gpu-caps:   VK_KHR_shader_object = false
[2026-08-16T01:48:18Z INFO  steel_front::engine::gpu_caps] gpu-caps:   VK_KHR_dynamic_rendering = true
[2026-08-16T01:48:18Z INFO  steel_front::engine::gpu_caps] gpu-caps: RT 特性 ray_tracing_pipeline=true acceleration_structure=true buffer_device_address=true ray_query=true
[2026-08-16T01:48:18Z INFO  steel_front::engine::gpu_caps] gpu-caps: RT 管线属性 shaderGroupHandleSize=32B maxRecursionDepth=31 maxRayDispatchInvocationCount=1073741824
[2026-08-16T01:48:18Z INFO  steel_front::engine::gpu_caps] gpu-caps: 【结论】光追探测 device 创建成功 → RT Core 路径可用（dzn→DXR）
[2026-08-16T01:48:18Z INFO  steel_front::engine::gpu_caps] gpu-caps: CUDA 直通（Tensor Core 可编程访问）=false（libcuda in /usr/lib/wsl/lib）
[2026-08-16T01:48:18Z INFO  steel_front::engine::gpu_caps] gpu-caps: 【结论】Vulkan-DLSS（NVIDIA 私有扩展）=true；可直接接 DLSS SDK
[2026-08-16T01:48:18Z INFO  steel_front::engine::renderer] VK_EXT_mesh_shader 可用：启用可选网格着色器渲染路径
[2026-08-16T01:48:18Z INFO  steel_front::engine::renderer] swapchain diag: current_extent=2560x1600 final=2560x1600
[2026-08-16T01:48:18Z INFO  steel_front::engine::renderer] 交换链初始化完成: 2560x1600, 格式: B8G8R8A8_SRGB, 图像数: 3, present_mode: MAILBOX
[2026-08-16T01:48:18Z INFO  steel_front::engine::renderer] 实例缓冲创建完成: 65536 个实例，stride 80 字节，2 帧双缓冲 HOST_VISIBLE|HOST_COHERENT（每帧压缩上传）
[2026-08-16T01:48:18Z INFO  steel_front::engine::renderer] instances=65536 draw_calls=1
[2026-08-16T01:48:18Z INFO  steel_front::engine::renderer] 深度缓冲创建完成: 3 张 2560x1600 D32_SFLOAT
[2026-08-16T01:48:18Z INFO  steel_front::engine::renderer] Descriptor Set Layout: binding 0 = UBO(view/proj), binding 1 = 贴图, binding 2 = 实例 STORAGE_BUFFER, binding 3 = 采样器
[2026-08-16T01:48:18Z INFO  steel_front::engine::renderer] Descriptor 初始化完成（2 帧）
[2026-08-16T01:48:18Z INFO  steel_front::engine::renderer] 远档 LOD 几何创建完成: 8 顶点 / 12 索引（十字双 quad）
[2026-08-16T01:48:18Z INFO  steel_front::engine::renderer] 地面平铺 quad 几何创建完成: 4 顶点 / 6 索引（无侧壁）
[2026-08-16T01:48:18Z INFO  steel_front::engine::renderer] 球体几何创建完成: 325 顶点 / 1728 索引（爆炸球形扩散）
[2026-08-16T01:48:18Z INFO  steel_front::engine::renderer] 地形 LOD[0] 创建完成: 66049 顶点 / 393216 索引（257×257 网格，间距 2）
[2026-08-16T01:48:18Z INFO  steel_front::engine::renderer] 地形 LOD[1] 创建完成: 16641 顶点 / 98304 索引（129×129 网格，间距 4）
[2026-08-16T01:48:18Z INFO  steel_front::engine::renderer] 地形 LOD[2] 创建完成: 4225 顶点 / 24576 索引（65×65 网格，间距 8）
[2026-08-16T01:48:18Z INFO  steel_front::engine::renderer] 地形 3 级 LOD 全部创建完成（高/中/低）
[2026-08-16T01:48:18Z INFO  steel_front::engine::renderer] 图形管线创建完成
[2026-08-16T01:48:18Z INFO  steel_front::engine::renderer] 网格着色器 maxMeshWorkGroupCount[0] = 4194304（地面场 65536 按此分块）
[2026-08-16T01:48:18Z INFO  steel_front::engine::renderer] 网格着色器管线创建完成（VK_EXT_mesh_shader）
[2026-08-16T01:48:18Z INFO  steel_front::engine::renderer] HUD 覆盖层初始化完成（独立 pipeline，容量 4096 quads）
[2026-08-16T01:48:18Z INFO  steel_front::engine::renderer] 纹理初始化完成: 512x512（10 mip，来源=程序化地面材质）
[2026-08-16T01:48:18Z INFO  steel_front::engine::renderer] 程序化皮肤纹理初始化完成: 512x512（marker=木板墙, npc=迷彩军服, RV3D_SKIN_TEX=off（纯色回退））
[2026-08-16T01:48:18Z INFO  steel_front::engine::renderer] 阴影贴图资源创建完成: 2048x2048 D32_SFLOAT
[2026-08-16T01:48:18Z INFO  steel_front::engine::renderer] 阴影 depth-only 管线创建完成
[2026-08-16T01:48:18Z INFO  steel_front] Vulkan 渲染器初始化成功
[2026-08-16T01:48:18Z INFO  steel_front] settings: 分辨率保持 2560x1600
[2026-08-16T01:48:18Z INFO  steel_front] settings: 应用画质 中画质
[2026-08-16T01:48:18Z INFO  steel_front::engine::renderer] 画质预设已切换: 中画质
[2026-08-16T01:48:18Z INFO  steel_front] 窗口大小变化: 1898x1061
[2026-08-16T01:48:18Z INFO  steel_front::engine::renderer] swapchain diag: current_extent=2560x1600 final=2560x1600
[2026-08-16T01:48:18Z INFO  steel_front::engine::renderer] 交换链初始化完成: 2560x1600, 格式: B8G8R8A8_SRGB, 图像数: 3, present_mode: MAILBOX
[2026-08-16T01:48:18Z INFO  steel_front::engine::renderer] 深度缓冲创建完成: 3 张 2560x1600 D32_SFLOAT
[2026-08-16T01:48:18Z INFO  steel_front] 窗口大小变化: 1920x1117
[2026-08-16T01:48:18Z INFO  steel_front::engine::renderer] swapchain diag: current_extent=2560x1600 final=2560x1600
[2026-08-16T01:48:18Z INFO  steel_front::engine::renderer] 交换链初始化完成: 2560x1600, 格式: B8G8R8A8_SRGB, 图像数: 3, present_mode: MAILBOX
[2026-08-16T01:48:18Z INFO  steel_front::engine::renderer] 深度缓冲创建完成: 3 张 2560x1600 D32_SFLOAT
[2026-08-16T01:48:18Z INFO  steel_front] 窗口大小变化: 2560x1600
[2026-08-16T01:48:18Z INFO  steel_front::engine::renderer] swapchain diag: current_extent=2560x1600 final=2560x1600
[2026-08-16T01:48:18Z INFO  steel_front::engine::renderer] 交换链初始化完成: 2560x1600, 格式: B8G8R8A8_SRGB, 图像数: 3, present_mode: MAILBOX
[2026-08-16T01:48:18Z INFO  steel_front::engine::renderer] 深度缓冲创建完成: 3 张 2560x1600 D32_SFLOAT
[2026-08-16T01:48:18Z INFO  steel_front] 窗口大小变化: 2560x1600
[2026-08-16T01:48:18Z INFO  steel_front::engine::renderer] swapchain diag: current_extent=2560x1600 final=2560x1600
[2026-08-16T01:48:18Z INFO  steel_front::engine::renderer] 交换链初始化完成: 2560x1600, 格式: B8G8R8A8_SRGB, 图像数: 3, present_mode: MAILBOX
[2026-08-16T01:48:18Z INFO  steel_front::engine::renderer] 深度缓冲创建完成: 3 张 2560x1600 D32_SFLOAT
[2026-08-16T01:48:18Z INFO  steel_front::engine::renderer] huddbg: set_hud_quads quads=3147 count=3147 mapped_null=false capacity=4096 first=[px=(0,0,2560x1600) ndc=(-1.000,1.000)-(1.000,-1.000) rgba=(0.00,0.00,0.00,0.72)] last=[px=(1439,1450,2x2) ndc=(0.124,-0.812)-(0.126,-0.815) rgba=(0.60,0.60,0.60,1.00)]
[2026-08-16T01:48:18Z INFO  steel_front::engine::renderer] huddbg: set_hud_quads quads=3147 count=3147 mapped_null=false capacity=4096 first=[px=(0,0,2560x1600) ndc=(-1.000,1.000)-(1.000,-1.000) rgba=(0.00,0.00,0.00,0.72)] last=[px=(1439,1450,2x2) ndc=(0.124,-0.812)-(0.126,-0.815) rgba=(0.60,0.60,0.60,1.00)]
[2026-08-16T01:48:18Z INFO  steel_front] cam: yaw=0.0 pitch=0.0 dist=3.4 mode=FirstPerson cycle_us=2501 update_us=35 render_us=2465
[2026-08-16T01:48:19Z INFO  steel_front::engine::renderer] huddbg: set_hud_quads quads=3147 count=3147 mapped_null=false capacity=4096 first=[px=(0,0,2560x1600) ndc=(-1.000,1.000)-(1.000,-1.000) rgba=(0.00,0.00,0.00,0.72)] last=[px=(1439,1450,2x2) ndc=(0.124,-0.812)-(0.126,-0.815) rgba=(0.60,0.60,0.60,1.00)]
[2026-08-16T01:48:19Z INFO  steel_front::engine::renderer] visible=65536/65536 near=65536 far=0 fps=326.3 frame_us=1733 cull_us=3 terrain_us=0 wait_fence_us=2151 acquire_us=1 record_us=31 submit_us=16 present_us=99 terrain_lod=high blend=0.000 quality=中画质 marker=36 npc=1017
[2026-08-16T01:48:19Z INFO  steel_front::engine::renderer] huddbg: set_hud_quads quads=3147 count=3147 mapped_null=false capacity=4096 first=[px=(0,0,2560x1600) ndc=(-1.000,1.000)-(1.000,-1.000) rgba=(0.00,0.00,0.00,0.72)] last=[px=(1439,1450,2x2) ndc=(0.124,-0.812)-(0.126,-0.815) rgba=(0.60,0.60,0.60,1.00)]
[2026-08-16T01:48:19Z INFO  steel_front::engine::game] ai: npcs=8 near=8 far=0 idle=0 patrol=0 chase=8 attack=0 tactics=[8, 0, 0, 0, 0, 0, 0, 0]
[2026-08-16T01:48:19Z INFO  steel_front::engine::game] game: wave=1 enemies=8 enemy_hp=100 hp=100/100 score=0 phys_us=1 ai_us=103 audio_us=6 net_us=0
[2026-08-16T01:48:19Z INFO  steel_front] huddbg: state=StartMenu quads=3147 gun=9
[2026-08-16T01:48:19Z INFO  steel_front] huddbg: state=StartMenu quads=3147 gun=9
[2026-08-16T01:48:19Z INFO  steel_front] huddbg: state=StartMenu quads=3147 gun=9
[2026-08-16T01:48:19Z INFO  steel_front] huddbg: state=StartMenu quads=3147 gun=9
[2026-08-16T01:48:19Z INFO  steel_front] huddbg: state=StartMenu quads=3147 gun=9
[2026-08-16T01:48:19Z INFO  steel_front] huddbg: state=StartMenu quads=3147 gun=9
[2026-08-16T01:48:19Z INFO  steel_front] huddbg: state=StartMenu quads=3147 gun=9
[2026-08-16T01:48:19Z INFO  steel_front] huddbg: state=StartMenu quads=3147 gun=9
[2026-08-16T01:48:19Z INFO  steel_front] huddbg: state=StartMenu quads=3147 gun=9
[2026-08-16T01:48:19Z INFO  steel_front] huddbg: state=StartMenu quads=3147 gun=9
[2026-08-16T01:48:19Z INFO  steel_front] huddbg: state=StartMenu quads=3147 gun=9
[2026-08-16T01:48:19Z INFO  steel_front] huddbg: state=StartMenu quads=3147 gun=9
[2026-08-16T01:48:19Z INFO  steel_front::engine::renderer] huddbg: set_hud_quads quads=3147 count=3147 mapped_null=false capacity=4096 first=[px=(0,0,2560x1600) ndc=(-1.000,1.000)-(1.000,-1.000) rgba=(0.00,0.00,0.00,0.72)] last=[px=(1439,1450,2x2) ndc=(0.124,-0.812)-(0.126,-0.815) rgba=(0.60,0.60,0.60,1.00)]
[2026-08-16T01:48:20Z INFO  steel_front] cam: yaw=0.0 pitch=0.0 dist=3.4 mode=FirstPerson cycle_us=3052 update_us=32 render_us=3019
[2026-08-16T01:48:20Z INFO  steel_front::engine::renderer] huddbg: set_hud_quads quads=3147 count=3147 mapped_null=false capacity=4096 first=[px=(0,0,2560x1600) ndc=(-1.000,1.000)-(1.000,-1.000) rgba=(0.00,0.00,0.00,0.72)] last=[px=(1439,1450,2x2) ndc=(0.124,-0.812)-(0.126,-0.815) rgba=(0.60,0.60,0.60,1.00)]
[2026-08-16T01:48:20Z INFO  steel_front::engine::renderer] visible=65536/65536 near=65536 far=0 fps=388.2 frame_us=2649 cull_us=2 terrain_us=0 wait_fence_us=2167 acquire_us=1 record_us=46 submit_us=50 present_us=159 terrain_lod=high blend=0.000 quality=中画质 marker=36 npc=1017
[2026-08-16T01:48:20Z INFO  steel_front::engine::renderer] huddbg: set_hud_quads quads=3147 count=3147 mapped_null=false capacity=4096 first=[px=(0,0,2560x1600) ndc=(-1.000,1.000)-(1.000,-1.000) rgba=(0.00,0.00,0.00,0.72)] last=[px=(1439,1450,2x2) ndc=(0.124,-0.812)-(0.126,-0.815) rgba=(0.60,0.60,0.60,1.00)]
[2026-08-16T01:48:20Z INFO  steel_front::engine::game] ai: npcs=8 near=8 far=0 idle=0 patrol=0 chase=8 attack=0 tactics=[8, 0, 0, 0, 0, 0, 0, 0]
[2026-08-16T01:48:20Z INFO  steel_front::engine::game] game: wave=1 enemies=8 enemy_hp=100 hp=100/100 score=0 phys_us=2 ai_us=485 audio_us=17 net_us=0
[2026-08-16T01:48:20Z INFO  steel_front] gundbg: cam_pos=Vec3(0.0, 1.6, 0.0) part0_pos=(0.292,1.280,-0.340)
[2026-08-16T01:48:20Z INFO  steel_front] gundbg: cam_pos=Vec3(0.0, 1.6, 0.0) part0_pos=(0.292,1.280,-0.340)
[2026-08-16T01:48:20Z INFO  steel_front] gundbg: cam_pos=Vec3(0.0, 1.6, 0.0) part0_pos=(0.292,1.280,-0.340)
[2026-08-16T01:48:20Z INFO  steel_front] gundbg: cam_pos=Vec3(0.0, 1.6, 0.0) part0_pos=(0.293,1.280,-0.340)
[2026-08-16T01:48:20Z INFO  steel_front] gundbg: cam_pos=Vec3(0.0, 1.6, 0.0) part0_pos=(0.293,1.280,-0.340)
[2026-08-16T01:48:20Z INFO  steel_front] gundbg: cam_pos=Vec3(0.0, 1.6, 0.0) part0_pos=(0.293,1.280,-0.340)
[2026-08-16T01:48:20Z INFO  steel_front] gundbg: cam_pos=Vec3(0.0, 1.6, 0.0) part0_pos=(0.293,1.280,-0.340)
[2026-08-16T01:48:20Z INFO  steel_front] gundbg: cam_pos=Vec3(0.0, 1.6, 0.0) part0_pos=(0.293,1.280,-0.340)
[2026-08-16T01:48:20Z INFO  steel_front] gundbg: cam_pos=Vec3(0.0, 1.6, 0.0) part0_pos=(0.293,1.280,-0.340)
[2026-08-16T01:48:20Z INFO  steel_front] gundbg: cam_pos=Vec3(0.0, 1.6, 0.0) part0_pos=(0.293,1.280,-0.340)
[2026-08-16T01:48:20Z INFO  steel_front] gundbg: cam_pos=Vec3(0.0, 1.6, 0.0) part0_pos=(0.293,1.280,-0.340)
[2026-08-16T01:48:20Z INFO  steel_front] gundbg: cam_pos=Vec3(0.0, 1.6, 0.0) part0_pos=(0.293,1.280,-0.340)
[2026-08-16T01:48:20Z INFO  steel_front::engine::renderer] huddbg: set_hud_quads quads=3147 count=3147 mapped_null=false capacity=4096 first=[px=(0,0,2560x1600) ndc=(-1.000,1.000)-(1.000,-1.000) rgba=(0.00,0.00,0.00,0.72)] last=[px=(1439,1450,2x2) ndc=(0.124,-0.812)-(0.126,-0.815) rgba=(0.60,0.60,0.60,1.00)]
[2026-08-16T01:48:21Z INFO  steel_front] cam: yaw=0.0 pitch=0.0 dist=3.4 mode=FirstPerson cycle_us=1971 update_us=16 render_us=1954
[2026-08-16T01:48:21Z INFO  steel_front::engine::renderer] huddbg: set_hud_quads quads=3147 count=3147 mapped_null=false capacity=4096 first=[px=(0,0,2560x1600) ndc=(-1.000,1.000)-(1.000,-1.000) rgba=(0.00,0.00,0.00,0.72)] last=[px=(1439,1450,2x2) ndc=(0.124,-0.812)-(0.126,-0.815) rgba=(0.60,0.60,0.60,1.00)]
[2026-08-16T01:48:21Z INFO  steel_front::engine::renderer] huddbg: set_hud_quads quads=3147 count=3147 mapped_null=false capacity=4096 first=[px=(0,0,2560x1600) ndc=(-1.000,1.000)-(1.000,-1.000) rgba=(0.00,0.00,0.00,0.72)] last=[px=(1439,1450,2x2) ndc=(0.124,-0.812)-(0.126,-0.815) rgba=(0.60,0.60,0.60,1.00)]
[2026-08-16T01:48:21Z INFO  steel_front::engine::renderer] visible=65536/65536 near=65536 far=0 fps=388.4 frame_us=2812 cull_us=2 terrain_us=0 wait_fence_us=1475 acquire_us=0 record_us=50 submit_us=44 present_us=669 terrain_lod=high blend=0.000 quality=中画质 marker=36 npc=1017
[2026-08-16T01:48:21Z INFO  steel_front::engine::game] ai: npcs=8 near=8 far=0 idle=0 patrol=0 chase=8 attack=0 tactics=[8, 0, 0, 0, 0, 0, 0, 0]
[2026-08-16T01:48:21Z INFO  steel_front::engine::game] game: wave=1 enemies=8 enemy_hp=100 hp=100/100 score=0 phys_us=1 ai_us=320 audio_us=20 net_us=0
[2026-08-16T01:48:21Z INFO  steel_front::engine::renderer] huddbg: set_hud_quads quads=3147 count=3147 mapped_null=false capacity=4096 first=[px=(0,0,2560x1600) ndc=(-1.000,1.000)-(1.000,-1.000) rgba=(0.00,0.00,0.00,0.72)] last=[px=(1439,1450,2x2) ndc=(0.124,-0.812)-(0.126,-0.815) rgba=(0.60,0.60,0.60,1.00)]
[2026-08-16T01:48:21Z INFO  steel_front::engine::renderer] huddbg: set_hud_quads quads=3147 count=3147 mapped_null=false capacity=4096 first=[px=(0,0,2560x1600) ndc=(-1.000,1.000)-(1.000,-1.000) rgba=(0.00,0.00,0.00,0.72)] last=[px=(1439,1450,2x2) ndc=(0.124,-0.812)-(0.126,-0.815) rgba=(0.60,0.60,0.60,1.00)]
[2026-08-16T01:48:22Z INFO  steel_front] cam: yaw=0.0 pitch=0.0 dist=3.4 mode=FirstPerson cycle_us=2673 update_us=29 render_us=2643
[2026-08-16T01:48:22Z INFO  steel_front::engine::renderer] huddbg: set_hud_quads quads=3147 count=3147 mapped_null=false capacity=4096 first=[px=(0,0,2560x1600) ndc=(-1.000,1.000)-(1.000,-1.000) rgba=(0.00,0.00,0.00,0.72)] last=[px=(1439,1450,2x2) ndc=(0.124,-0.812)-(0.126,-0.815) rgba=(0.60,0.60,0.60,1.00)]
[2026-08-16T01:48:22Z INFO  steel_front::engine::renderer] visible=65536/65536 near=65536 far=0 fps=389.0 frame_us=2330 cull_us=3 terrain_us=0 wait_fence_us=2072 acquire_us=1 record_us=34 submit_us=28 present_us=160 terrain_lod=high blend=0.000 quality=中画质 marker=36 npc=1017
[2026-08-16T01:48:22Z INFO  steel_front] huddbg: state=StartMenu quads=3147 gun=9
[2026-08-16T01:48:22Z INFO  steel_front] huddbg: state=StartMenu quads=3147 gun=9
[2026-08-16T01:48:22Z INFO  steel_front::engine::game] ai: npcs=8 near=8 far=0 idle=0 patrol=0 chase=8 attack=0 tactics=[8, 0, 0, 0, 0, 0, 0, 0]
[2026-08-16T01:48:22Z INFO  steel_front::engine::game] game: wave=1 enemies=8 enemy_hp=100 hp=100/100 score=0 phys_us=2 ai_us=184 audio_us=11 net_us=0
[2026-08-16T01:48:22Z INFO  steel_front] huddbg: state=StartMenu quads=3147 gun=9
[2026-08-16T01:48:22Z INFO  steel_front] huddbg: state=StartMenu quads=3147 gun=9
[2026-08-16T01:48:22Z INFO  steel_front] huddbg: state=StartMenu quads=3147 gun=9
[2026-08-16T01:48:22Z INFO  steel_front] huddbg: state=StartMenu quads=3147 gun=9
[2026-08-16T01:48:22Z INFO  steel_front] huddbg: state=StartMenu quads=3147 gun=9
[2026-08-16T01:48:22Z INFO  steel_front] huddbg: state=StartMenu quads=3147 gun=9
[2026-08-16T01:48:22Z INFO  steel_front] huddbg: state=StartMenu quads=3147 gun=9
[2026-08-16T01:48:22Z INFO  steel_front] huddbg: state=StartMenu quads=3147 gun=9
[2026-08-16T01:48:22Z INFO  steel_front] huddbg: state=StartMenu quads=3147 gun=9
[2026-08-16T01:48:22Z INFO  steel_front] huddbg: state=StartMenu quads=3147 gun=9
[2026-08-16T01:48:22Z INFO  steel_front::engine::renderer] huddbg: set_hud_quads quads=3147 count=3147 mapped_null=false capacity=4096 first=[px=(0,0,2560x1600) ndc=(-1.000,1.000)-(1.000,-1.000) rgba=(0.00,0.00,0.00,0.72)] last=[px=(1439,1450,2x2) ndc=(0.124,-0.812)-(0.126,-0.815) rgba=(0.60,0.60,0.60,1.00)]
[2026-08-16T01:48:22Z INFO  steel_front::engine::renderer] huddbg: set_hud_quads quads=3147 count=3147 mapped_null=false capacity=4096 first=[px=(0,0,2560x1600) ndc=(-1.000,1.000)-(1.000,-1.000) rgba=(0.00,0.00,0.00,0.72)] last=[px=(1439,1450,2x2) ndc=(0.124,-0.812)-(0.126,-0.815) rgba=(0.60,0.60,0.60,1.00)]
[2026-08-16T01:48:23Z INFO  steel_front] cam: yaw=0.0 pitch=0.0 dist=3.4 mode=FirstPerson cycle_us=2888 update_us=13 render_us=2874
[2026-08-16T01:48:23Z INFO  steel_front::engine::renderer] huddbg: set_hud_quads quads=3147 count=3147 mapped_null=false capacity=4096 first=[px=(0,0,2560x1600) ndc=(-1.000,1.000)-(1.000,-1.000) rgba=(0.00,0.00,0.00,0.72)] last=[px=(1439,1450,2x2) ndc=(0.124,-0.812)-(0.126,-0.815) rgba=(0.60,0.60,0.60,1.00)]
[2026-08-16T01:48:23Z INFO  steel_front::engine::game] npc: #3 stand (3.4, 0.0, 11.5)
[2026-08-16T01:48:23Z INFO  steel_front::engine::renderer] visible=65536/65536 near=65536 far=0 fps=390.1 frame_us=2247 cull_us=3 terrain_us=0 wait_fence_us=2377 acquire_us=1 record_us=35 submit_us=30 present_us=163 terrain_lod=high blend=0.000 quality=中画质 marker=58 npc=1017
[2026-08-16T01:48:23Z INFO  steel_front::engine::renderer] huddbg: set_hud_quads quads=3147 count=3147 mapped_null=false capacity=4096 first=[px=(0,0,2560x1600) ndc=(-1.000,1.000)-(1.000,-1.000) rgba=(0.00,0.00,0.00,0.72)] last=[px=(1439,1450,2x2) ndc=(0.124,-0.812)-(0.126,-0.815) rgba=(0.60,0.60,0.60,1.00)]
[2026-08-16T01:48:23Z INFO  steel_front] size diag: window_inner=2560x1600 hud=2560x1600
[2026-08-16T01:48:23Z INFO  steel_front] size diag: window_inner=2560x1600 hud=2560x1600
[2026-08-16T01:48:23Z INFO  steel_front::engine::game] ai: npcs=8 near=8 far=0 idle=0 patrol=0 chase=7 attack=1 tactics=[8, 0, 0, 0, 0, 0, 0, 0]
[2026-08-16T01:48:23Z INFO  steel_front::engine::game] game: wave=1 enemies=8 enemy_hp=100 hp=100/100 score=0 phys_us=1 ai_us=112 audio_us=25 net_us=0
[2026-08-16T01:48:23Z INFO  steel_front] size diag: window_inner=2560x1600 hud=2560x1600
[2026-08-16T01:48:23Z INFO  steel_front] size diag: window_inner=2560x1600 hud=2560x1600
[2026-08-16T01:48:23Z INFO  steel_front] size diag: window_inner=2560x1600 hud=2560x1600
[2026-08-16T01:48:23Z INFO  steel_front] size diag: window_inner=2560x1600 hud=2560x1600
[2026-08-16T01:48:23Z INFO  steel_front] size diag: window_inner=2560x1600 hud=2560x1600
[2026-08-16T01:48:23Z INFO  steel_front] size diag: window_inner=2560x1600 hud=2560x1600
[2026-08-16T01:48:23Z INFO  steel_front] size diag: window_inner=2560x1600 hud=2560x1600
[2026-08-16T01:48:23Z INFO  steel_front] size diag: window_inner=2560x1600 hud=2560x1600
[2026-08-16T01:48:23Z INFO  steel_front] size diag: window_inner=2560x1600 hud=2560x1600
[2026-08-16T01:48:23Z INFO  steel_front] size diag: window_inner=2560x1600 hud=2560x1600
[2026-08-16T01:48:23Z INFO  steel_front] size diag: window_inner=2560x1600 hud=2560x1600
[2026-08-16T01:48:23Z INFO  steel_front] size diag: window_inner=2560x1600 hud=2560x1600
[2026-08-16T01:48:23Z INFO  steel_front] size diag: window_inner=2560x1600 hud=2560x1600
[2026-08-16T01:48:23Z INFO  steel_front] size diag: window_inner=2560x1600 hud=2560x1600
[2026-08-16T01:48:23Z INFO  steel_front] size diag: window_inner=2560x1600 hud=2560x1600
[2026-08-16T01:48:23Z INFO  steel_front] size diag: window_inner=2560x1600 hud=2560x1600
[2026-08-16T01:48:23Z INFO  steel_front] size diag: window_inner=2560x1600 hud=2560x1600
[2026-08-16T01:48:23Z INFO  steel_front] size diag: window_inner=2560x1600 hud=2560x1600
[2026-08-16T01:48:23Z INFO  steel_front::engine::game] npc: #4 stand (4.0, 0.0, -11.3)
[2026-08-16T01:48:23Z INFO  steel_front::engine::renderer] huddbg: set_hud_quads quads=3147 count=3147 mapped_null=false capacity=4096 first=[px=(0,0,2560x1600) ndc=(-1.000,1.000)-(1.000,-1.000) rgba=(0.00,0.00,0.00,0.72)] last=[px=(1439,1450,2x2) ndc=(0.124,-0.812)-(0.126,-0.815) rgba=(0.60,0.60,0.60,1.00)]
[2026-08-16T01:48:24Z INFO  steel_front] cam: yaw=0.0 pitch=0.0 dist=3.4 mode=FirstPerson cycle_us=2525 update_us=29 render_us=2495
[2026-08-16T01:48:24Z INFO  steel_front::engine::renderer] huddbg: set_hud_quads quads=3147 count=3147 mapped_null=false capacity=4096 first=[px=(0,0,2560x1600) ndc=(-1.000,1.000)-(1.000,-1.000) rgba=(0.00,0.00,0.00,0.72)] last=[px=(1439,1450,2x2) ndc=(0.124,-0.812)-(0.126,-0.815) rgba=(0.60,0.60,0.60,1.00)]
[2026-08-16T01:48:24Z INFO  steel_front::engine::renderer] visible=65536/65536 near=65536 far=0 fps=390.2 frame_us=2376 cull_us=3 terrain_us=0 wait_fence_us=1974 acquire_us=1 record_us=44 submit_us=56 present_us=324 terrain_lod=high blend=0.000 quality=中画质 marker=36 npc=1017
[2026-08-16T01:48:24Z INFO  steel_front::engine::renderer] huddbg: set_hud_quads quads=3147 count=3147 mapped_null=false capacity=4096 first=[px=(0,0,2560x1600) ndc=(-1.000,1.000)-(1.000,-1.000) rgba=(0.00,0.00,0.00,0.72)] last=[px=(1439,1450,2x2) ndc=(0.124,-0.812)-(0.126,-0.815) rgba=(0.60,0.60,0.60,1.00)]
[2026-08-16T01:48:24Z INFO  steel_front] gundbg: cam_pos=Vec3(0.0, 1.6, 0.0) part0_pos=(0.277,1.280,-0.340)
[2026-08-16T01:48:24Z INFO  steel_front] gundbg: cam_pos=Vec3(0.0, 1.6, 0.0) part0_pos=(0.277,1.280,-0.340)
[2026-08-16T01:48:24Z INFO  steel_front::engine::game] ai: npcs=8 near=8 far=0 idle=0 patrol=0 chase=6 attack=2 tactics=[8, 0, 0, 0, 0, 0, 0, 0]
[2026-08-16T01:48:24Z INFO  steel_front::engine::game] game: wave=1 enemies=8 enemy_hp=100 hp=100/100 score=0 phys_us=1 ai_us=101 audio_us=10 net_us=0
[2026-08-16T01:48:24Z INFO  steel_front] gundbg: cam_pos=Vec3(0.0, 1.6, 0.0) part0_pos=(0.277,1.280,-0.340)
[2026-08-16T01:48:24Z INFO  steel_front] gundbg: cam_pos=Vec3(0.0, 1.6, 0.0) part0_pos=(0.277,1.280,-0.340)
[2026-08-16T01:48:24Z INFO  steel_front] gundbg: cam_pos=Vec3(0.0, 1.6, 0.0) part0_pos=(0.276,1.280,-0.340)
[2026-08-16T01:48:24Z INFO  steel_front] gundbg: cam_pos=Vec3(0.0, 1.6, 0.0) part0_pos=(0.276,1.280,-0.340)
[2026-08-16T01:48:24Z INFO  steel_front] gundbg: cam_pos=Vec3(0.0, 1.6, 0.0) part0_pos=(0.276,1.280,-0.340)
[2026-08-16T01:48:24Z INFO  steel_front] gundbg: cam_pos=Vec3(0.0, 1.6, 0.0) part0_pos=(0.275,1.280,-0.340)
[2026-08-16T01:48:24Z INFO  steel_front] gundbg: cam_pos=Vec3(0.0, 1.6, 0.0) part0_pos=(0.275,1.280,-0.340)
[2026-08-16T01:48:24Z INFO  steel_front] gundbg: cam_pos=Vec3(0.0, 1.6, 0.0) part0_pos=(0.275,1.280,-0.340)
[2026-08-16T01:48:24Z INFO  steel_front] gundbg: cam_pos=Vec3(0.0, 1.6, 0.0) part0_pos=(0.274,1.280,-0.340)
[2026-08-16T01:48:24Z INFO  steel_front::engine::renderer] huddbg: set_hud_quads quads=3147 count=3147 mapped_null=false capacity=4096 first=[px=(0,0,2560x1600) ndc=(-1.000,1.000)-(1.000,-1.000) rgba=(0.00,0.00,0.00,0.72)] last=[px=(1439,1450,2x2) ndc=(0.124,-0.812)-(0.126,-0.815) rgba=(0.60,0.60,0.60,1.00)]
[2026-08-16T01:48:24Z INFO  steel_front::engine::game] npc: #1 stand (-11.5, 0.0, 3.6)
[2026-08-16T01:48:25Z INFO  steel_front] cam: yaw=0.0 pitch=0.0 dist=3.4 mode=FirstPerson cycle_us=2774 update_us=34 render_us=2740
[2026-08-16T01:48:25Z INFO  steel_front::engine::renderer] huddbg: set_hud_quads quads=3147 count=3147 mapped_null=false capacity=4096 first=[px=(0,0,2560x1600) ndc=(-1.000,1.000)-(1.000,-1.000) rgba=(0.00,0.00,0.00,0.72)] last=[px=(1439,1450,2x2) ndc=(0.124,-0.812)-(0.126,-0.815) rgba=(0.60,0.60,0.60,1.00)]
[2026-08-16T01:48:25Z INFO  steel_front::engine::game] map: level 1 generated: 36 obstacle bodies (wall=20 block=0 barrier=0 tree=3 building=6 ruin=7), 203 grid cells blocked
[2026-08-16T01:48:25Z INFO  steel_front::engine::game] game: purged 8 leftover npcs on run start
[2026-08-16T01:48:25Z INFO  steel_front::engine::game] wave: npc #8 spawn (65.3, 0.0, 25.3)
[2026-08-16T01:48:25Z INFO  steel_front::engine::game] wave: npc #9 spawn (6.1, 0.0, 39.5)
[2026-08-16T01:48:25Z INFO  steel_front::engine::game] wave: npc #10 spawn (-46.8, 0.0, 37.6)
[2026-08-16T01:48:25Z INFO  steel_front::engine::game] wave: npc #11 spawn (-74.6, 0.0, -28.9)
[2026-08-16T01:48:25Z INFO  steel_front::engine::game] wave: npc #12 spawn (-7.6, 0.0, -49.4)
[2026-08-16T01:48:25Z INFO  steel_front::engine::game] wave: npc #13 spawn (54.6, 0.0, -43.9)
[2026-08-16T01:48:25Z INFO  steel_front::engine::game] wave: wave 1 spawned 6 enemies (kind=Normal total=6 speed=4.0 hp=100 effective=1)
[2026-08-16T01:48:25Z INFO  steel_front::engine::game] game: run started (wave 1)
[2026-08-16T01:48:25Z INFO  steel_front] input: cursor captured (mouse look on, grab=locked, look=relative)
[2026-08-16T01:48:25Z INFO  steel_front::engine::game] physics: 36 events this frame (GroundHit, GroundHit, GroundHit, GroundHit, GroundHit, GroundHit, GroundHit, GroundHit, GroundHit, GroundHit, GroundHit, GroundHit, GroundHit, GroundHit, GroundHit, GroundHit, GroundHit, GroundHit, GroundHit, GroundHit, GroundHit, GroundHit, GroundHit, GroundHit, GroundHit, GroundHit, GroundHit, GroundHit, GroundHit, GroundHit, GroundHit, GroundHit, GroundHit, GroundHit, GroundHit, GroundHit)
[2026-08-16T01:48:25Z INFO  steel_front::engine::renderer] huddbg: set_hud_quads quads=2028 count=2028 mapped_null=false capacity=4096 first=[px=(48,1508,720x44) ndc=(-0.962,-0.885)-(-0.400,-0.940) rgba=(0.08,0.08,0.10,0.75)] last=[px=(561,140,3x3) ndc=(-0.562,0.826)-(-0.560,0.822) rgba=(0.20,0.80,0.90,1.00)]
[2026-08-16T01:48:25Z INFO  steel_front::engine::renderer] visible=65536/65536 near=65536 far=0 fps=376.6 frame_us=2540 cull_us=7 terrain_us=0 wait_fence_us=1539 acquire_us=1 record_us=36 submit_us=46 present_us=193 terrain_lod=high blend=0.000 quality=中画质 marker=36 npc=1017
[2026-08-16T01:48:25Z INFO  steel_front] huddbg: state=Playing quads=2028 gun=9
[2026-08-16T01:48:25Z INFO  steel_front] huddbg: state=Playing quads=2028 gun=9
[2026-08-16T01:48:25Z INFO  steel_front] huddbg: state=Playing quads=2028 gun=9
[2026-08-16T01:48:25Z INFO  steel_front::engine::game] ai: npcs=6 near=6 far=0 idle=0 patrol=3 chase=3 attack=0 tactics=[4, 1, 1, 0, 0, 0, 0, 0]
[2026-08-16T01:48:25Z INFO  steel_front::engine::game] game: wave=1 enemies=6 enemy_hp=100 hp=100/100 score=0 phys_us=1 ai_us=95 audio_us=21 net_us=0
[2026-08-16T01:48:25Z INFO  steel_front] huddbg: state=Playing quads=2028 gun=9
[2026-08-16T01:48:25Z INFO  steel_front] huddbg: state=Playing quads=2028 gun=9
[2026-08-16T01:48:25Z INFO  steel_front] huddbg: state=Playing quads=2028 gun=9
[2026-08-16T01:48:25Z INFO  steel_front] huddbg: state=Playing quads=2028 gun=9
[2026-08-16T01:48:25Z INFO  steel_front] huddbg: state=Playing quads=2028 gun=9
[2026-08-16T01:48:25Z INFO  steel_front] huddbg: state=Playing quads=2028 gun=9
[2026-08-16T01:48:25Z INFO  steel_front] huddbg: state=Playing quads=2028 gun=9
[2026-08-16T01:48:25Z INFO  steel_front] huddbg: state=Playing quads=2028 gun=9
[2026-08-16T01:48:25Z INFO  steel_front] huddbg: state=Playing quads=2028 gun=9
[2026-08-16T01:48:25Z INFO  steel_front::engine::renderer] huddbg: set_hud_quads quads=2028 count=2028 mapped_null=false capacity=4096 first=[px=(48,1508,720x44) ndc=(-0.962,-0.885)-(-0.400,-0.940) rgba=(0.08,0.08,0.10,0.75)] last=[px=(561,140,3x3) ndc=(-0.562,0.826)-(-0.560,0.822) rgba=(0.20,0.80,0.90,1.00)]
[2026-08-16T01:48:26Z INFO  steel_front::engine::renderer] huddbg: set_hud_quads quads=2026 count=2026 mapped_null=false capacity=4096 first=[px=(48,1508,720x44) ndc=(-0.962,-0.885)-(-0.400,-0.940) rgba=(0.08,0.08,0.10,0.75)] last=[px=(561,140,3x3) ndc=(-0.562,0.826)-(-0.560,0.822) rgba=(0.20,0.80,0.90,1.00)]
[2026-08-16T01:48:26Z INFO  steel_front] cam: yaw=-13.1 pitch=0.9 dist=3.4 mode=FirstPerson cycle_us=2866 update_us=14 render_us=2851
[2026-08-16T01:48:26Z INFO  steel_front::engine::renderer] huddbg: set_hud_quads quads=2026 count=2026 mapped_null=false capacity=4096 first=[px=(48,1508,720x44) ndc=(-0.962,-0.885)-(-0.400,-0.940) rgba=(0.08,0.08,0.10,0.75)] last=[px=(561,140,3x3) ndc=(-0.562,0.826)-(-0.560,0.822) rgba=(0.20,0.80,0.90,1.00)]
[2026-08-16T01:48:26Z INFO  steel_front::engine::renderer] visible=65536/65536 near=65536 far=0 fps=397.2 frame_us=1183 cull_us=6 terrain_us=0 wait_fence_us=1926 acquire_us=1 record_us=17 submit_us=16 present_us=96 terrain_lod=high blend=0.000 quality=中画质 marker=36 npc=1017
[2026-08-16T01:48:26Z INFO  steel_front::engine::game] ai: npcs=6 near=6 far=0 idle=0 patrol=3 chase=3 attack=0 tactics=[4, 1, 1, 0, 0, 0, 0, 0]
[2026-08-16T01:48:26Z INFO  steel_front::engine::game] game: wave=1 enemies=6 enemy_hp=100 hp=100/100 score=0 phys_us=2 ai_us=357 audio_us=7 net_us=0
[2026-08-16T01:48:26Z INFO  steel_front::engine::renderer] huddbg: set_hud_quads quads=2026 count=2026 mapped_null=false capacity=4096 first=[px=(48,1508,720x44) ndc=(-0.962,-0.885)-(-0.400,-0.940) rgba=(0.08,0.08,0.10,0.75)] last=[px=(561,140,3x3) ndc=(-0.562,0.826)-(-0.560,0.822) rgba=(0.20,0.80,0.90,1.00)]
[2026-08-16T01:48:26Z INFO  steel_front::engine::renderer] huddbg: set_hud_quads quads=2026 count=2026 mapped_null=false capacity=4096 first=[px=(48,1508,720x44) ndc=(-0.962,-0.885)-(-0.400,-0.940) rgba=(0.08,0.08,0.10,0.75)] last=[px=(561,140,3x3) ndc=(-0.562,0.826)-(-0.560,0.822) rgba=(0.20,0.80,0.90,1.00)]
[2026-08-16T01:48:27Z INFO  steel_front] cam: yaw=-17.8 pitch=0.5 dist=3.4 mode=FirstPerson cycle_us=2029 update_us=16 render_us=2013
[2026-08-16T01:48:27Z INFO  steel_front::engine::renderer] huddbg: set_hud_quads quads=2018 count=2018 mapped_null=false capacity=4096 first=[px=(48,1508,720x44) ndc=(-0.962,-0.885)-(-0.400,-0.940) rgba=(0.08,0.08,0.10,0.75)] last=[px=(561,140,3x3) ndc=(-0.562,0.826)-(-0.560,0.822) rgba=(0.20,0.80,0.90,1.00)]
[2026-08-16T01:48:27Z INFO  steel_front::engine::renderer] visible=65536/65536 near=65536 far=0 fps=398.4 frame_us=2211 cull_us=5 terrain_us=0 wait_fence_us=1630 acquire_us=1 record_us=47 submit_us=49 present_us=108 terrain_lod=high blend=0.000 quality=中画质 marker=36 npc=1017
[2026-08-16T01:48:27Z INFO  steel_front::engine::renderer] huddbg: set_hud_quads quads=2018 count=2018 mapped_null=false capacity=4096 first=[px=(48,1508,720x44) ndc=(-0.962,-0.885)-(-0.400,-0.940) rgba=(0.08,0.08,0.10,0.75)] last=[px=(561,140,3x3) ndc=(-0.562,0.826)-(-0.560,0.822) rgba=(0.20,0.80,0.90,1.00)]
[2026-08-16T01:48:27Z INFO  steel_front::engine::game] ai: npcs=6 near=6 far=0 idle=0 patrol=3 chase=3 attack=0 tactics=[4, 0, 2, 0, 0, 0, 0, 0]
[2026-08-16T01:48:27Z INFO  steel_front::engine::game] game: wave=1 enemies=6 enemy_hp=100 hp=100/100 score=0 phys_us=1 ai_us=311 audio_us=15 net_us=0
[2026-08-16T01:48:27Z INFO  steel_front::engine::renderer] huddbg: set_hud_quads quads=2018 count=2018 mapped_null=false capacity=4096 first=[px=(48,1508,720x44) ndc=(-0.962,-0.885)-(-0.400,-0.940) rgba=(0.08,0.08,0.10,0.75)] last=[px=(561,140,3x3) ndc=(-0.562,0.826)-(-0.560,0.822) rgba=(0.20,0.80,0.90,1.00)]
[2026-08-16T01:48:28Z INFO  steel_front] cam: yaw=-27.3 pitch=2.1 dist=3.4 mode=FirstPerson cycle_us=1693 update_us=19 render_us=1674
[2026-08-16T01:48:28Z INFO  steel_front::engine::renderer] huddbg: set_hud_quads quads=2024 count=2024 mapped_null=false capacity=4096 first=[px=(48,1508,720x44) ndc=(-0.962,-0.885)-(-0.400,-0.940) rgba=(0.08,0.08,0.10,0.75)] last=[px=(561,140,3x3) ndc=(-0.562,0.826)-(-0.560,0.822) rgba=(0.20,0.80,0.90,1.00)]
[2026-08-16T01:48:28Z INFO  steel_front::engine::renderer] huddbg: set_hud_quads quads=2024 count=2024 mapped_null=false capacity=4096 first=[px=(48,1508,720x44) ndc=(-0.962,-0.885)-(-0.400,-0.940) rgba=(0.08,0.08,0.10,0.75)] last=[px=(561,140,3x3) ndc=(-0.562,0.826)-(-0.560,0.822) rgba=(0.20,0.80,0.90,1.00)]
[2026-08-16T01:48:28Z INFO  steel_front::engine::renderer] visible=65536/65536 near=65536 far=0 fps=397.8 frame_us=925 cull_us=2 terrain_us=0 wait_fence_us=1609 acquire_us=1 record_us=43 submit_us=52 present_us=212 terrain_lod=high blend=0.000 quality=中画质 marker=36 npc=1017
[2026-08-16T01:48:28Z INFO  steel_front] gundbg: cam_pos=Vec3(3.8751347, 1.6, -12.454764) part0_pos=(4.191,1.274,-12.751)
[2026-08-16T01:48:28Z INFO  steel_front] size diag: window_inner=2560x1600 hud=2560x1600
[2026-08-16T01:48:28Z INFO  steel_front] huddbg: state=Playing quads=2024 gun=9
[2026-08-16T01:48:28Z INFO  steel_front] gundbg: cam_pos=Vec3(3.8768206, 1.6, -12.467761) part0_pos=(4.193,1.274,-12.764)
[2026-08-16T01:48:28Z INFO  steel_front] size diag: window_inner=2560x1600 hud=2560x1600
[2026-08-16T01:48:28Z INFO  steel_front] huddbg: state=Playing quads=2024 gun=9
[2026-08-16T01:48:28Z INFO  steel_front] gundbg: cam_pos=Vec3(3.8791559, 1.6, -12.4857645) part0_pos=(4.196,1.274,-12.782)
[2026-08-16T01:48:28Z INFO  steel_front] size diag: window_inner=2560x1600 hud=2560x1600
[2026-08-16T01:48:28Z INFO  steel_front] huddbg: state=Playing quads=2024 gun=9
[2026-08-16T01:48:28Z INFO  steel_front] gundbg: cam_pos=Vec3(3.8807802, 1.6, -12.498287) part0_pos=(4.198,1.274,-12.795)
[2026-08-16T01:48:28Z INFO  steel_front] size diag: window_inner=2560x1600 hud=2560x1600
[2026-08-16T01:48:28Z INFO  steel_front] huddbg: state=Playing quads=2024 gun=9
[2026-08-16T01:48:28Z INFO  steel_front] gundbg: cam_pos=Vec3(3.8826694, 1.6, -12.512851) part0_pos=(4.200,1.274,-12.809)
[2026-08-16T01:48:28Z INFO  steel_front] size diag: window_inner=2560x1600 hud=2560x1600
[2026-08-16T01:48:28Z INFO  steel_front] huddbg: state=Playing quads=2024 gun=9
[2026-08-16T01:48:28Z INFO  steel_front::engine::game] ai: npcs=6 near=6 far=0 idle=0 patrol=4 chase=2 attack=0 tactics=[4, 1, 1, 0, 0, 0, 0, 0]
[2026-08-16T01:48:28Z INFO  steel_front::engine::game] game: wave=1 enemies=6 enemy_hp=100 hp=100/100 score=0 phys_us=2 ai_us=139 audio_us=20 net_us=0
[2026-08-16T01:48:28Z INFO  steel_front] gundbg: cam_pos=Vec3(3.8847115, 1.6, -12.528592) part0_pos=(4.202,1.274,-12.825)
[2026-08-16T01:48:28Z INFO  steel_front] size diag: window_inner=2560x1600 hud=2560x1600
[2026-08-16T01:48:28Z INFO  steel_front] huddbg: state=Playing quads=2024 gun=9
[2026-08-16T01:48:28Z INFO  steel_front] gundbg: cam_pos=Vec3(3.886926, 1.6, -12.545663) part0_pos=(4.205,1.274,-12.842)
[2026-08-16T01:48:28Z INFO  steel_front] size diag: window_inner=2560x1600 hud=2560x1600
[2026-08-16T01:48:28Z INFO  steel_front] huddbg: state=Playing quads=2024 gun=9
[2026-08-16T01:48:28Z INFO  steel_front] gundbg: cam_pos=Vec3(3.8884325, 1.6, -12.557277) part0_pos=(4.206,1.274,-12.854)
[2026-08-16T01:48:28Z INFO  steel_front] size diag: window_inner=2560x1600 hud=2560x1600
[2026-08-16T01:48:28Z INFO  steel_front] huddbg: state=Playing quads=2024 gun=9
[2026-08-16T01:48:28Z INFO  steel_front] gundbg: cam_pos=Vec3(3.8906558, 1.6, -12.574416) part0_pos=(4.209,1.274,-12.871)
[2026-08-16T01:48:28Z INFO  steel_front] size diag: window_inner=2560x1600 hud=2560x1600
[2026-08-16T01:48:28Z INFO  steel_front] huddbg: state=Playing quads=2024 gun=9
[2026-08-16T01:48:28Z INFO  steel_front] gundbg: cam_pos=Vec3(3.8922997, 1.6, -12.587089) part0_pos=(4.211,1.274,-12.883)
[2026-08-16T01:48:28Z INFO  steel_front] size diag: window_inner=2560x1600 hud=2560x1600
[2026-08-16T01:48:28Z INFO  steel_front] huddbg: state=Playing quads=2024 gun=9
[2026-08-16T01:48:28Z INFO  steel_front] gundbg: cam_pos=Vec3(3.8948007, 1.6, -12.606368) part0_pos=(4.214,1.274,-12.902)
[2026-08-16T01:48:28Z INFO  steel_front] size diag: window_inner=2560x1600 hud=2560x1600
[2026-08-16T01:48:28Z INFO  steel_front] huddbg: state=Playing quads=2024 gun=9
[2026-08-16T01:48:28Z INFO  steel_front] gundbg: cam_pos=Vec3(3.896173, 1.6, -12.616948) part0_pos=(4.215,1.274,-12.913)
[2026-08-16T01:48:28Z INFO  steel_front] size diag: window_inner=2560x1600 hud=2560x1600
[2026-08-16T01:48:28Z INFO  steel_front] huddbg: state=Playing quads=2024 gun=9
[2026-08-16T01:48:28Z INFO  steel_front] size diag: window_inner=2560x1600 hud=2560x1600
[2026-08-16T01:48:28Z INFO  steel_front] size diag: window_inner=2560x1600 hud=2560x1600
[2026-08-16T01:48:28Z INFO  steel_front] size diag: window_inner=2560x1600 hud=2560x1600
[2026-08-16T01:48:28Z INFO  steel_front] size diag: window_inner=2560x1600 hud=2560x1600
[2026-08-16T01:48:28Z INFO  steel_front] size diag: window_inner=2560x1600 hud=2560x1600
[2026-08-16T01:48:28Z INFO  steel_front] size diag: window_inner=2560x1600 hud=2560x1600
[2026-08-16T01:48:28Z INFO  steel_front] size diag: window_inner=2560x1600 hud=2560x1600
[2026-08-16T01:48:28Z INFO  steel_front] size diag: window_inner=2560x1600 hud=2560x1600
[2026-08-16T01:48:28Z INFO  steel_front::engine::renderer] huddbg: set_hud_quads quads=2024 count=2024 mapped_null=false capacity=4096 first=[px=(48,1508,720x44) ndc=(-0.962,-0.885)-(-0.400,-0.940) rgba=(0.08,0.08,0.10,0.75)] last=[px=(561,140,3x3) ndc=(-0.562,0.826)-(-0.560,0.822) rgba=(0.20,0.80,0.90,1.00)]
[2026-08-16T01:48:29Z INFO  steel_front] cam: yaw=0.1 pitch=0.6 dist=3.4 mode=FirstPerson cycle_us=3150 update_us=16 render_us=3134
[2026-08-16T01:48:29Z INFO  steel_front::engine::renderer] huddbg: set_hud_quads quads=2024 count=2024 mapped_null=false capacity=4096 first=[px=(48,1508,720x44) ndc=(-0.962,-0.885)-(-0.400,-0.940) rgba=(0.08,0.08,0.10,0.75)] last=[px=(561,140,3x3) ndc=(-0.562,0.826)-(-0.560,0.822) rgba=(0.20,0.80,0.90,1.00)]
[2026-08-16T01:48:29Z INFO  steel_front::engine::renderer] huddbg: set_hud_quads quads=2024 count=2024 mapped_null=false capacity=4096 first=[px=(48,1508,720x44) ndc=(-0.962,-0.885)-(-0.400,-0.940) rgba=(0.08,0.08,0.10,0.75)] last=[px=(561,140,3x3) ndc=(-0.562,0.826)-(-0.560,0.822) rgba=(0.20,0.80,0.90,1.00)]
[2026-08-16T01:48:29Z INFO  steel_front::engine::renderer] visible=65536/65536 near=65536 far=0 fps=397.9 frame_us=1968 cull_us=5 terrain_us=0 wait_fence_us=1750 acquire_us=0 record_us=36 submit_us=54 present_us=107 terrain_lod=high blend=0.000 quality=中画质 marker=36 npc=1017
[2026-08-16T01:48:29Z INFO  steel_front::engine::game] weapons: shot #1 (1 alive) [M1 Rifle]
[2026-08-16T01:48:29Z INFO  steel_front::engine::game] ai: npcs=6 near=6 far=0 idle=0 patrol=4 chase=2 attack=0 tactics=[3, 1, 1, 0, 0, 0, 0, 1]
[2026-08-16T01:48:29Z INFO  steel_front::engine::game] game: wave=1 enemies=6 enemy_hp=100 hp=100/100 score=0 phys_us=2 ai_us=417 audio_us=13 net_us=0
[2026-08-16T01:48:29Z INFO  steel_front::engine::renderer] huddbg: set_hud_quads quads=1998 count=1998 mapped_null=false capacity=4096 first=[px=(48,1508,720x44) ndc=(-0.962,-0.885)-(-0.400,-0.940) rgba=(0.08,0.08,0.10,0.75)] last=[px=(545,140,3x3) ndc=(-0.574,0.826)-(-0.572,0.822) rgba=(0.20,0.80,0.90,1.00)]
[2026-08-16T01:48:29Z INFO  steel_front::engine::renderer] huddbg: set_hud_quads quads=1998 count=1998 mapped_null=false capacity=4096 first=[px=(48,1508,720x44) ndc=(-0.962,-0.885)-(-0.400,-0.940) rgba=(0.08,0.08,0.10,0.75)] last=[px=(545,140,3x3) ndc=(-0.574,0.826)-(-0.572,0.822) rgba=(0.20,0.80,0.90,1.00)]
[2026-08-16T01:48:30Z INFO  steel_front] cam: yaw=-4.1 pitch=1.1 dist=3.4 mode=FirstPerson cycle_us=2375 update_us=40 render_us=2334
[2026-08-16T01:48:30Z INFO  steel_front::engine::renderer] huddbg: set_hud_quads quads=1998 count=1998 mapped_null=false capacity=4096 first=[px=(48,1508,720x44) ndc=(-0.962,-0.885)-(-0.400,-0.940) rgba=(0.08,0.08,0.10,0.75)] last=[px=(545,140,3x3) ndc=(-0.574,0.826)-(-0.572,0.822) rgba=(0.20,0.80,0.90,1.00)]
[2026-08-16T01:48:30Z INFO  steel_front::engine::renderer] visible=65536/65536 near=65536 far=0 fps=398.6 frame_us=1354 cull_us=5 terrain_us=0 wait_fence_us=1393 acquire_us=1 record_us=41 submit_us=47 present_us=194 terrain_lod=high blend=0.000 quality=中画质 marker=36 npc=1017
[2026-08-16T01:48:30Z INFO  steel_front::engine::renderer] huddbg: set_hud_quads quads=1998 count=1998 mapped_null=false capacity=4096 first=[px=(48,1508,720x44) ndc=(-0.962,-0.885)-(-0.400,-0.940) rgba=(0.08,0.08,0.10,0.75)] last=[px=(545,140,3x3) ndc=(-0.574,0.826)-(-0.572,0.822) rgba=(0.20,0.80,0.90,1.00)]
[2026-08-16T01:48:30Z INFO  steel_front::engine::game] ai: npcs=6 near=6 far=0 idle=0 patrol=4 chase=2 attack=0 tactics=[3, 1, 1, 0, 0, 0, 0, 1]
[2026-08-16T01:48:30Z INFO  steel_front::engine::game] game: wave=1 enemies=6 enemy_hp=100 hp=100/100 score=0 phys_us=1 ai_us=118 audio_us=8 net_us=0
[2026-08-16T01:48:30Z INFO  steel_front::engine::game] weapons: shot #2 (2 alive) [M1 Rifle]
[2026-08-16T01:48:30Z INFO  steel_front::engine::renderer] huddbg: set_hud_quads quads=2003 count=2003 mapped_null=false capacity=4096 first=[px=(48,1508,720x44) ndc=(-0.962,-0.885)-(-0.400,-0.940) rgba=(0.08,0.08,0.10,0.75)] last=[px=(545,140,3x3) ndc=(-0.574,0.826)-(-0.572,0.822) rgba=(0.20,0.80,0.90,1.00)]
[2026-08-16T01:48:30Z INFO  steel_front::engine::game] weapons: 1 projectile hit(s), total_hits=1
[2026-08-16T01:48:31Z INFO  steel_front] cam: yaw=7.3 pitch=1.9 dist=3.4 mode=FirstPerson cycle_us=2369 update_us=33 render_us=2336
[2026-08-16T01:48:31Z INFO  steel_front::engine::renderer] huddbg: set_hud_quads quads=1992 count=1992 mapped_null=false capacity=4096 first=[px=(48,1508,720x44) ndc=(-0.962,-0.885)-(-0.400,-0.940) rgba=(0.08,0.08,0.10,0.75)] last=[px=(545,140,3x3) ndc=(-0.574,0.826)-(-0.572,0.822) rgba=(0.20,0.80,0.90,1.00)]
[2026-08-16T01:48:31Z INFO  steel_front::engine::game] weapons: shot #3 (2 alive) [M1 Rifle]
[2026-08-16T01:48:31Z INFO  steel_front::engine::game] npc: #12 stand (3.4, 0.0, -41.0)
[2026-08-16T01:48:31Z INFO  steel_front::engine::renderer] visible=65536/65536 near=65536 far=0 fps=398.8 frame_us=1801 cull_us=5 terrain_us=0 wait_fence_us=1686 acquire_us=1 record_us=41 submit_us=41 present_us=194 terrain_lod=high blend=0.000 quality=中画质 marker=37 npc=1017
[2026-08-16T01:48:31Z INFO  steel_front::engine::renderer] huddbg: set_hud_quads quads=1962 count=1962 mapped_null=false capacity=4096 first=[px=(48,1508,720x44) ndc=(-0.962,-0.885)-(-0.400,-0.940) rgba=(0.08,0.08,0.10,0.75)] last=[px=(545,140,3x3) ndc=(-0.574,0.826)-(-0.572,0.822) rgba=(0.20,0.80,0.90,1.00)]
[2026-08-16T01:48:31Z INFO  steel_front::engine::game] weapons: 1 projectile hit(s), total_hits=2
[2026-08-16T01:48:31Z INFO  steel_front] huddbg: state=Playing quads=1970 gun=9
[2026-08-16T01:48:31Z INFO  steel_front] huddbg: state=Playing quads=1970 gun=9
[2026-08-16T01:48:31Z INFO  steel_front] huddbg: state=Playing quads=1970 gun=9
[2026-08-16T01:48:31Z INFO  steel_front] huddbg: state=Playing quads=1970 gun=9
[2026-08-16T01:48:31Z INFO  steel_front] huddbg: state=Playing quads=1970 gun=9
[2026-08-16T01:48:31Z INFO  steel_front] huddbg: state=Playing quads=1970 gun=9
[2026-08-16T01:48:31Z INFO  steel_front::engine::game] ai: npcs=6 near=5 far=1 idle=0 patrol=4 chase=1 attack=1 tactics=[4, 0, 2, 0, 0, 0, 0, 0]
[2026-08-16T01:48:31Z INFO  steel_front::engine::game] game: wave=1 enemies=6 enemy_hp=100 hp=95/100 score=0 phys_us=2 ai_us=154 audio_us=30 net_us=0
[2026-08-16T01:48:31Z INFO  steel_front] huddbg: state=Playing quads=1970 gun=9
[2026-08-16T01:48:31Z INFO  steel_front] huddbg: state=Playing quads=1970 gun=9
[2026-08-16T01:48:31Z INFO  steel_front] huddbg: state=Playing quads=1970 gun=9
[2026-08-16T01:48:31Z INFO  steel_front] huddbg: state=Playing quads=1970 gun=9
[2026-08-16T01:48:31Z INFO  steel_front] huddbg: state=Playing quads=1970 gun=9
[2026-08-16T01:48:31Z INFO  steel_front] huddbg: state=Playing quads=1970 gun=9
[2026-08-16T01:48:31Z INFO  steel_front::engine::renderer] huddbg: set_hud_quads quads=1979 count=1979 mapped_null=false capacity=4096 first=[px=(48,1508,720x44) ndc=(-0.962,-0.885)-(-0.400,-0.940) rgba=(0.08,0.08,0.10,0.75)] last=[px=(545,140,3x3) ndc=(-0.574,0.826)-(-0.572,0.822) rgba=(0.20,0.80,0.90,1.00)]
[2026-08-16T01:48:31Z INFO  steel_front::engine::game] weapons: shot #4 (2 alive) [M1 Rifle]
[2026-08-16T01:48:32Z INFO  steel_front] cam: yaw=0.5 pitch=2.3 dist=3.4 mode=FirstPerson cycle_us=2631 update_us=34 render_us=2596
[2026-08-16T01:48:32Z INFO  steel_front::engine::renderer] huddbg: set_hud_quads quads=1979 count=1979 mapped_null=false capacity=4096 first=[px=(48,1508,720x44) ndc=(-0.962,-0.885)-(-0.400,-0.940) rgba=(0.08,0.08,0.10,0.75)] last=[px=(545,140,3x3) ndc=(-0.574,0.826)-(-0.572,0.822) rgba=(0.20,0.80,0.90,1.00)]
[2026-08-16T01:48:32Z INFO  steel_front::engine::renderer] huddbg: set_hud_quads quads=1979 count=1979 mapped_null=false capacity=4096 first=[px=(48,1508,720x44) ndc=(-0.962,-0.885)-(-0.400,-0.940) rgba=(0.08,0.08,0.10,0.75)] last=[px=(545,140,3x3) ndc=(-0.574,0.826)-(-0.572,0.822) rgba=(0.20,0.80,0.90,1.00)]
[2026-08-16T01:48:32Z INFO  steel_front::engine::renderer] visible=65536/65536 near=65536 far=0 fps=395.3 frame_us=2294 cull_us=5 terrain_us=0 wait_fence_us=1176 acquire_us=0 record_us=44 submit_us=53 present_us=205 terrain_lod=high blend=0.000 quality=中画质 marker=36 npc=1017
[2026-08-16T01:48:32Z INFO  steel_front] gundbg: cam_pos=Vec3(3.4447377, 1.6, -23.935492) part0_pos=(3.772,1.271,-24.233)
[2026-08-16T01:48:32Z INFO  steel_front] gundbg: cam_pos=Vec3(3.4426649, 1.6, -23.916634) part0_pos=(3.770,1.271,-24.214)
[2026-08-16T01:48:32Z INFO  steel_front] gundbg: cam_pos=Vec3(3.4413967, 1.6, -23.90477) part0_pos=(3.768,1.272,-24.204)
[2026-08-16T01:48:32Z INFO  steel_front] gundbg: cam_pos=Vec3(3.4397705, 1.6, -23.889555) part0_pos=(3.766,1.272,-24.189)
[2026-08-16T01:48:32Z INFO  steel_front] gundbg: cam_pos=Vec3(3.4383965, 1.6, -23.876701) part0_pos=(3.765,1.272,-24.176)
[2026-08-16T01:48:32Z INFO  steel_front] gundbg: cam_pos=Vec3(3.4367354, 1.6, -23.860708) part0_pos=(3.762,1.272,-24.161)
[2026-08-16T01:48:32Z INFO  steel_front] gundbg: cam_pos=Vec3(3.4349132, 1.6, -23.843164) part0_pos=(3.760,1.272,-24.143)
[2026-08-16T01:48:32Z INFO  steel_front::engine::game] ai: npcs=6 near=5 far=1 idle=0 patrol=3 chase=3 attack=0 tactics=[4, 0, 2, 0, 0, 0, 0, 0]
[2026-08-16T01:48:32Z INFO  steel_front::engine::game] game: wave=1 enemies=6 enemy_hp=100 hp=95/100 score=0 phys_us=3 ai_us=194 audio_us=13 net_us=0
[2026-08-16T01:48:32Z INFO  steel_front] gundbg: cam_pos=Vec3(3.4336486, 1.6, -23.83099) part0_pos=(3.759,1.272,-24.131)
[2026-08-16T01:48:32Z INFO  steel_front] gundbg: cam_pos=Vec3(3.4320376, 1.6, -23.815012) part0_pos=(3.756,1.272,-24.116)
[2026-08-16T01:48:32Z INFO  steel_front] gundbg: cam_pos=Vec3(3.4306684, 1.6, -23.801434) part0_pos=(3.755,1.272,-24.103)
[2026-08-16T01:48:32Z INFO  steel_front] gundbg: cam_pos=Vec3(3.4292235, 1.6, -23.787104) part0_pos=(3.753,1.272,-24.088)
[2026-08-16T01:48:32Z INFO  steel_front] gundbg: cam_pos=Vec3(3.4273067, 1.6, -23.767195) part0_pos=(3.750,1.272,-24.070)
[2026-08-16T01:48:32Z INFO  steel_front::engine::renderer] huddbg: set_hud_quads quads=1979 count=1979 mapped_null=false capacity=4096 first=[px=(48,1508,720x44) ndc=(-0.962,-0.885)-(-0.400,-0.940) rgba=(0.08,0.08,0.10,0.75)] last=[px=(545,140,3x3) ndc=(-0.574,0.826)-(-0.572,0.822) rgba=(0.20,0.80,0.90,1.00)]
[2026-08-16T01:48:32Z INFO  steel_front::engine::game] weapons: shot #5 (3 alive) [M1 Rifle]
[2026-08-16T01:48:32Z INFO  steel_front::engine::game] explosion: at (16.5, -1.4, -217.9) radius=8 dmg=60 knockback=true
[2026-08-16T01:48:32Z INFO  steel_front::engine::renderer] huddbg: set_hud_quads quads=1984 count=1984 mapped_null=false capacity=4096 first=[px=(48,1508,720x44) ndc=(-0.962,-0.885)-(-0.400,-0.940) rgba=(0.08,0.08,0.10,0.75)] last=[px=(545,140,3x3) ndc=(-0.574,0.826)-(-0.572,0.822) rgba=(0.20,0.80,0.90,1.00)]
[2026-08-16T01:48:33Z INFO  steel_front] cam: yaw=9.0 pitch=1.7 dist=3.4 mode=FirstPerson cycle_us=2363 update_us=54 render_us=2308
[2026-08-16T01:48:33Z INFO  steel_front::engine::renderer] huddbg: set_hud_quads quads=1982 count=1982 mapped_null=false capacity=4096 first=[px=(48,1508,720x44) ndc=(-0.962,-0.885)-(-0.400,-0.940) rgba=(0.08,0.08,0.10,0.75)] last=[px=(545,140,3x3) ndc=(-0.574,0.826)-(-0.572,0.822) rgba=(0.20,0.80,0.90,1.00)]
[2026-08-16T01:48:33Z INFO  steel_front::engine::renderer] visible=65536/65536 near=65536 far=0 fps=399.1 frame_us=1543 cull_us=10 terrain_us=0 wait_fence_us=1632 acquire_us=1 record_us=19 submit_us=34 present_us=121 terrain_lod=high blend=0.000 quality=中画质 marker=36 npc=1017
[2026-08-16T01:48:33Z INFO  steel_front] size diag: window_inner=2560x1600 hud=2560x1600
[2026-08-16T01:48:33Z INFO  steel_front] size diag: window_inner=2560x1600 hud=2560x1600
[2026-08-16T01:48:33Z INFO  steel_front] size diag: window_inner=2560x1600 hud=2560x1600
[2026-08-16T01:48:33Z INFO  steel_front] size diag: window_inner=2560x1600 hud=2560x1600
[2026-08-16T01:48:33Z INFO  steel_front] size diag: window_inner=2560x1600 hud=2560x1600
[2026-08-16T01:48:33Z INFO  steel_front] size diag: window_inner=2560x1600 hud=2560x1600
[2026-08-16T01:48:33Z INFO  steel_front] size diag: window_inner=2560x1600 hud=2560x1600
[2026-08-16T01:48:33Z INFO  steel_front] size diag: window_inner=2560x1600 hud=2560x1600
[2026-08-16T01:48:33Z INFO  steel_front::engine::game] ai: npcs=6 near=5 far=1 idle=0 patrol=4 chase=2 attack=0 tactics=[3, 1, 1, 0, 0, 0, 0, 1]
[2026-08-16T01:48:33Z INFO  steel_front::engine::game] game: wave=1 enemies=6 enemy_hp=100 hp=95/100 score=0 phys_us=2 ai_us=201 audio_us=11 net_us=0
[2026-08-16T01:48:33Z INFO  steel_front] size diag: window_inner=2560x1600 hud=2560x1600
[2026-08-16T01:48:33Z INFO  steel_front] size diag: window_inner=2560x1600 hud=2560x1600
[2026-08-16T01:48:33Z INFO  steel_front] size diag: window_inner=2560x1600 hud=2560x1600
[2026-08-16T01:48:33Z INFO  steel_front::engine::renderer] huddbg: set_hud_quads quads=1982 count=1982 mapped_null=false capacity=4096 first=[px=(48,1508,720x44) ndc=(-0.962,-0.885)-(-0.400,-0.940) rgba=(0.08,0.08,0.10,0.75)] last=[px=(545,140,3x3) ndc=(-0.574,0.826)-(-0.572,0.822) rgba=(0.20,0.80,0.90,1.00)]
[2026-08-16T01:48:33Z INFO  steel_front] size diag: window_inner=2560x1600 hud=2560x1600
[2026-08-16T01:48:33Z INFO  steel_front] size diag: window_inner=2560x1600 hud=2560x1600
[2026-08-16T01:48:33Z INFO  steel_front] size diag: window_inner=2560x1600 hud=2560x1600
[2026-08-16T01:48:33Z INFO  steel_front] size diag: window_inner=2560x1600 hud=2560x1600
[2026-08-16T01:48:33Z INFO  steel_front] size diag: window_inner=2560x1600 hud=2560x1600
[2026-08-16T01:48:33Z INFO  steel_front] size diag: window_inner=2560x1600 hud=2560x1600
[2026-08-16T01:48:33Z INFO  steel_front] size diag: window_inner=2560x1600 hud=2560x1600
[2026-08-16T01:48:33Z INFO  steel_front] size diag: window_inner=2560x1600 hud=2560x1600
[2026-08-16T01:48:33Z INFO  steel_front] size diag: window_inner=2560x1600 hud=2560x1600
[2026-08-16T01:48:33Z INFO  steel_front::engine::game] weapons: shot #6 (3 alive) [M1 Rifle]
[2026-08-16T01:48:33Z INFO  steel_front::engine::renderer] huddbg: set_hud_quads quads=1984 count=1984 mapped_null=false capacity=4096 first=[px=(48,1508,720x44) ndc=(-0.962,-0.885)-(-0.400,-0.940) rgba=(0.08,0.08,0.10,0.75)] last=[px=(545,140,3x3) ndc=(-0.574,0.826)-(-0.572,0.822) rgba=(0.20,0.80,0.90,1.00)]
[2026-08-16T01:48:34Z INFO  steel_front] cam: yaw=35.5 pitch=2.1 dist=3.4 mode=FirstPerson cycle_us=2187 update_us=37 render_us=2149
[2026-08-16T01:48:34Z INFO  steel_front::engine::renderer] huddbg: set_hud_quads quads=1984 count=1984 mapped_null=false capacity=4096 first=[px=(48,1508,720x44) ndc=(-0.962,-0.885)-(-0.400,-0.940) rgba=(0.08,0.08,0.10,0.75)] last=[px=(545,140,3x3) ndc=(-0.574,0.826)-(-0.572,0.822) rgba=(0.20,0.80,0.90,1.00)]
[2026-08-16T01:48:34Z INFO  steel_front::engine::game] weapons: shot #7 (4 alive) [M1 Rifle]
[2026-08-16T01:48:34Z INFO  steel_front::engine::renderer] visible=65536/65536 near=65536 far=0 fps=398.8 frame_us=1688 cull_us=5 terrain_us=0 wait_fence_us=1240 acquire_us=1 record_us=19 submit_us=15 present_us=313 terrain_lod=high blend=0.000 quality=中画质 marker=38 npc=1017
[2026-08-16T01:48:34Z INFO  steel_front::engine::renderer] huddbg: set_hud_quads quads=1970 count=1970 mapped_null=false capacity=4096 first=[px=(48,1508,720x44) ndc=(-0.962,-0.885)-(-0.400,-0.940) rgba=(0.08,0.08,0.10,0.75)] last=[px=(545,140,3x3) ndc=(-0.574,0.826)-(-0.572,0.822) rgba=(0.20,0.80,0.90,1.00)]
[2026-08-16T01:48:34Z INFO  steel_front] huddbg: state=Playing quads=1970 gun=9
[2026-08-16T01:48:34Z INFO  steel_front] huddbg: state=Playing quads=1970 gun=9
[2026-08-16T01:48:34Z INFO  steel_front] huddbg: state=Playing quads=1970 gun=9
[2026-08-16T01:48:34Z INFO  steel_front] huddbg: state=Playing quads=1970 gun=9
[2026-08-16T01:48:34Z INFO  steel_front] huddbg: state=Playing quads=1970 gun=9
[2026-08-16T01:48:34Z INFO  steel_front] huddbg: state=Playing quads=1970 gun=9
[2026-08-16T01:48:34Z INFO  steel_front] huddbg: state=Playing quads=1970 gun=9
[2026-08-16T01:48:34Z INFO  steel_front] huddbg: state=Playing quads=1970 gun=9
[2026-08-16T01:48:34Z INFO  steel_front::engine::game] ai: npcs=6 near=5 far=1 idle=0 patrol=4 chase=2 attack=0 tactics=[3, 1, 1, 0, 0, 0, 0, 1]
[2026-08-16T01:48:34Z INFO  steel_front::engine::game] game: wave=1 enemies=6 enemy_hp=100 hp=95/100 score=0 phys_us=1 ai_us=123 audio_us=20 net_us=0
[2026-08-16T01:48:34Z INFO  steel_front] huddbg: state=Playing quads=1970 gun=9
[2026-08-16T01:48:34Z INFO  steel_front] huddbg: state=Playing quads=1970 gun=9
[2026-08-16T01:48:34Z INFO  steel_front] huddbg: state=Playing quads=1970 gun=9
[2026-08-16T01:48:34Z INFO  steel_front] huddbg: state=Playing quads=1970 gun=9
[2026-08-16T01:48:34Z INFO  steel_front::engine::game] weapons: 1 projectile hit(s), total_hits=3
[2026-08-16T01:48:34Z INFO  steel_front::engine::renderer] huddbg: set_hud_quads quads=1970 count=1970 mapped_null=false capacity=4096 first=[px=(48,1508,720x44) ndc=(-0.962,-0.885)-(-0.400,-0.940) rgba=(0.08,0.08,0.10,0.75)] last=[px=(545,140,3x3) ndc=(-0.574,0.826)-(-0.572,0.822) rgba=(0.20,0.80,0.90,1.00)]
[2026-08-16T01:48:34Z INFO  steel_front::engine::game] explosion: at (-28.0, 0.3, -90.3) radius=8 dmg=60 knockback=false
[2026-08-16T01:48:34Z INFO  steel_front::engine::game] weapons: 1 projectile hit(s), total_hits=4
[2026-08-16T01:48:35Z INFO  steel_front] cam: yaw=40.8 pitch=0.5 dist=3.4 mode=FirstPerson cycle_us=2901 update_us=38 render_us=2862
[2026-08-16T01:48:35Z INFO  steel_front::engine::renderer] huddbg: set_hud_quads quads=1976 count=1976 mapped_null=false capacity=4096 first=[px=(48,1508,720x44) ndc=(-0.962,-0.885)-(-0.400,-0.940) rgba=(0.08,0.08,0.10,0.75)] last=[px=(545,140,3x3) ndc=(-0.574,0.826)-(-0.572,0.822) rgba=(0.20,0.80,0.90,1.00)]
[2026-08-16T01:48:35Z INFO  steel_front::engine::game] weapons: shot #8 (3 alive) [M1 Rifle]
[2026-08-16T01:48:35Z INFO  steel_front::engine::game] explosion: at (0.2, -5.6, -227.7) radius=8 dmg=60 knockback=true
[2026-08-16T01:48:35Z INFO  steel_front::engine::renderer] huddbg: set_hud_quads quads=1975 count=1975 mapped_null=false capacity=4096 first=[px=(48,1508,720x44) ndc=(-0.962,-0.885)-(-0.400,-0.940) rgba=(0.08,0.08,0.10,0.75)] last=[px=(545,140,3x3) ndc=(-0.574,0.826)-(-0.572,0.822) rgba=(0.20,0.80,0.90,1.00)]
[2026-08-16T01:48:35Z INFO  steel_front::engine::renderer] visible=65536/65536 near=65536 far=0 fps=398.5 frame_us=1211 cull_us=8 terrain_us=0 wait_fence_us=1905 acquire_us=1 record_us=20 submit_us=17 present_us=391 terrain_lod=high blend=0.000 quality=中画质 marker=41 npc=1017
[2026-08-16T01:48:35Z INFO  steel_front::engine::game] kill: npc #12 eliminated (wave 1) score=10
[2026-08-16T01:48:35Z INFO  steel_front::engine::game] weapons: 1 projectile hit(s), total_hits=5
[2026-08-16T01:48:35Z INFO  steel_front::engine::game] ai: npcs=5 near=4 far=1 idle=0 patrol=4 chase=1 attack=0 tactics=[2, 1, 1, 0, 0, 0, 0, 1]
[2026-08-16T01:48:35Z INFO  steel_front::engine::game] game: wave=1 enemies=5 enemy_hp=100 hp=95/100 score=10 phys_us=3 ai_us=412 audio_us=40 net_us=0
[2026-08-16T01:48:35Z INFO  steel_front::engine::renderer] huddbg: set_hud_quads quads=2194 count=2194 mapped_null=false capacity=4096 first=[px=(48,1508,720x44) ndc=(-0.962,-0.885)-(-0.400,-0.940) rgba=(0.08,0.08,0.10,0.75)] last=[px=(545,140,3x3) ndc=(-0.574,0.826)-(-0.572,0.822) rgba=(0.20,0.80,0.90,1.00)]
[2026-08-16T01:48:35Z INFO  steel_front::engine::renderer] huddbg: set_hud_quads quads=2198 count=2198 mapped_null=false capacity=4096 first=[px=(48,1508,720x44) ndc=(-0.962,-0.885)-(-0.400,-0.940) rgba=(0.08,0.08,0.10,0.75)] last=[px=(545,140,3x3) ndc=(-0.574,0.826)-(-0.572,0.822) rgba=(0.20,0.80,0.90,1.00)]
[2026-08-16T01:48:36Z INFO  steel_front] cam: yaw=82.7 pitch=2.1 dist=3.4 mode=FirstPerson cycle_us=2814 update_us=38 render_us=2775
[2026-08-16T01:48:36Z INFO  steel_front::engine::game] explosion: at (3.3, -1.4, -222.9) radius=8 dmg=60 knockback=true
[2026-08-16T01:48:36Z INFO  steel_front::engine::renderer] huddbg: set_hud_quads quads=2198 count=2198 mapped_null=false capacity=4096 first=[px=(48,1508,720x44) ndc=(-0.962,-0.885)-(-0.400,-0.940) rgba=(0.08,0.08,0.10,0.75)] last=[px=(545,140,3x3) ndc=(-0.574,0.826)-(-0.572,0.822) rgba=(0.20,0.80,0.90,1.00)]
[2026-08-16T01:48:36Z INFO  steel_front::engine::renderer] visible=65536/65536 near=65536 far=0 fps=396.8 frame_us=1873 cull_us=5 terrain_us=0 wait_fence_us=1500 acquire_us=0 record_us=35 submit_us=32 present_us=191 terrain_lod=high blend=0.000 quality=中画质 marker=40 npc=1017
[2026-08-16T01:48:36Z INFO  steel_front] gundbg: cam_pos=Vec3(14.962084, 1.6, -19.00105) part0_pos=(14.527,1.281,-19.007)
[2026-08-16T01:48:36Z INFO  steel_front] gundbg: cam_pos=Vec3(14.948098, 1.6, -18.990202) part0_pos=(14.513,1.281,-18.996)
[2026-08-16T01:48:36Z INFO  steel_front] gundbg: cam_pos=Vec3(14.936803, 1.6, -18.98144) part0_pos=(14.501,1.281,-18.987)
[2026-08-16T01:48:36Z INFO  steel_front] gundbg: cam_pos=Vec3(14.922035, 1.6, -18.969984) part0_pos=(14.487,1.281,-18.975)
[2026-08-16T01:48:36Z INFO  steel_front] gundbg: cam_pos=Vec3(14.913615, 1.6, -18.963453) part0_pos=(14.478,1.281,-18.969)
[2026-08-16T01:48:36Z INFO  steel_front] gundbg: cam_pos=Vec3(14.899995, 1.6, -18.952888) part0_pos=(14.465,1.281,-18.958)
[2026-08-16T01:48:36Z INFO  steel_front] gundbg: cam_pos=Vec3(14.8887, 1.6, -18.944126) part0_pos=(14.454,1.281,-18.949)
[2026-08-16T01:48:36Z INFO  steel_front] gundbg: cam_pos=Vec3(14.876932, 1.6, -18.934998) part0_pos=(14.442,1.281,-18.940)
[2026-08-16T01:48:36Z INFO  steel_front] gundbg: cam_pos=Vec3(14.861805, 1.6, -18.923264) part0_pos=(14.427,1.281,-18.928)
[2026-08-16T01:48:36Z INFO  steel_front::engine::game] ai: npcs=5 near=4 far=1 idle=0 patrol=3 chase=2 attack=0 tactics=[2, 1, 1, 0, 0, 0, 0, 1]
[2026-08-16T01:48:36Z INFO  steel_front::engine::game] game: wave=1 enemies=5 enemy_hp=100 hp=95/100 score=10 phys_us=1 ai_us=129 audio_us=28 net_us=0
[2026-08-16T01:48:36Z INFO  steel_front] gundbg: cam_pos=Vec3(14.852837, 1.6, -18.916307) part0_pos=(14.418,1.281,-18.921)
[2026-08-16T01:48:36Z INFO  steel_front] gundbg: cam_pos=Vec3(14.839745, 1.6, -18.906153) part0_pos=(14.405,1.281,-18.911)
[2026-08-16T01:48:36Z INFO  steel_front] gundbg: cam_pos=Vec3(14.82857, 1.6, -18.897486) part0_pos=(14.394,1.281,-18.902)
[2026-08-16T01:48:36Z INFO  steel_front::engine::renderer] huddbg: set_hud_quads quads=2198 count=2198 mapped_null=false capacity=4096 first=[px=(48,1508,720x44) ndc=(-0.962,-0.885)-(-0.400,-0.940) rgba=(0.08,0.08,0.10,0.75)] last=[px=(545,140,3x3) ndc=(-0.574,0.826)-(-0.572,0.822) rgba=(0.20,0.80,0.90,1.00)]
[2026-08-16T01:48:36Z INFO  steel_front::engine::renderer] huddbg: set_hud_quads quads=2198 count=2198 mapped_null=false capacity=4096 first=[px=(48,1508,720x44) ndc=(-0.962,-0.885)-(-0.400,-0.940) rgba=(0.08,0.08,0.10,0.75)] last=[px=(545,140,3x3) ndc=(-0.574,0.826)-(-0.572,0.822) rgba=(0.20,0.80,0.90,1.00)]
[2026-08-16T01:48:37Z INFO  steel_front] cam: yaw=113.6 pitch=0.1 dist=3.4 mode=FirstPerson cycle_us=2865 update_us=15 render_us=2849
[2026-08-16T01:48:37Z INFO  steel_front::engine::renderer] huddbg: set_hud_quads quads=2198 count=2198 mapped_null=false capacity=4096 first=[px=(48,1508,720x44) ndc=(-0.962,-0.885)-(-0.400,-0.940) rgba=(0.08,0.08,0.10,0.75)] last=[px=(545,140,3x3) ndc=(-0.574,0.826)-(-0.572,0.822) rgba=(0.20,0.80,0.90,1.00)]
[2026-08-16T01:48:37Z INFO  steel_front::engine::renderer] visible=65536/65536 near=65536 far=0 fps=394.6 frame_us=1746 cull_us=5 terrain_us=0 wait_fence_us=1419 acquire_us=0 record_us=102 submit_us=33 present_us=224 terrain_lod=high blend=0.000 quality=中画质 marker=36 npc=1017
[2026-08-16T01:48:37Z INFO  steel_front::engine::game] weapons: shot #9 (1 alive) [M1 Rifle]
[2026-08-16T01:48:37Z INFO  steel_front::engine::renderer] huddbg: set_hud_quads quads=2199 count=2199 mapped_null=false capacity=4096 first=[px=(48,1508,720x44) ndc=(-0.962,-0.885)-(-0.400,-0.940) rgba=(0.08,0.08,0.10,0.75)] last=[px=(545,140,3x3) ndc=(-0.574,0.826)-(-0.572,0.822) rgba=(0.20,0.80,0.90,1.00)]
[2026-08-16T01:48:37Z INFO  steel_front] huddbg: state=Playing quads=2199 gun=9
[2026-08-16T01:48:37Z INFO  steel_front] huddbg: state=Playing quads=2199 gun=9
[2026-08-16T01:48:37Z INFO  steel_front] huddbg: state=Playing quads=2199 gun=9
[2026-08-16T01:48:37Z INFO  steel_front] huddbg: state=Playing quads=2199 gun=9
[2026-08-16T01:48:37Z INFO  steel_front] huddbg: state=Playing quads=2199 gun=9
[2026-08-16T01:48:37Z INFO  steel_front] huddbg: state=Playing quads=2199 gun=9
[2026-08-16T01:48:37Z INFO  steel_front] huddbg: state=Playing quads=2199 gun=9
[2026-08-16T01:48:37Z INFO  steel_front] huddbg: state=Playing quads=2199 gun=9
[2026-08-16T01:48:37Z INFO  steel_front] huddbg: state=Playing quads=2199 gun=9
[2026-08-16T01:48:37Z INFO  steel_front] huddbg: state=Playing quads=2199 gun=9
[2026-08-16T01:48:37Z INFO  steel_front::engine::game] ai: npcs=5 near=4 far=1 idle=0 patrol=3 chase=2 attack=0 tactics=[2, 1, 1, 0, 0, 0, 0, 1]
[2026-08-16T01:48:37Z INFO  steel_front::engine::game] game: wave=1 enemies=5 enemy_hp=100 hp=95/100 score=10 phys_us=2 ai_us=306 audio_us=11 net_us=0
[2026-08-16T01:48:37Z INFO  steel_front] huddbg: state=Playing quads=2199 gun=9
[2026-08-16T01:48:37Z INFO  steel_front] huddbg: state=Playing quads=2199 gun=9
[2026-08-16T01:48:37Z INFO  steel_front::engine::renderer] huddbg: set_hud_quads quads=2199 count=2199 mapped_null=false capacity=4096 first=[px=(48,1508,720x44) ndc=(-0.962,-0.885)-(-0.400,-0.940) rgba=(0.08,0.08,0.10,0.75)] last=[px=(545,140,3x3) ndc=(-0.574,0.826)-(-0.572,0.822) rgba=(0.20,0.80,0.90,1.00)]
[2026-08-16T01:48:38Z INFO  steel_front] cam: yaw=130.7 pitch=3.2 dist=3.4 mode=FirstPerson cycle_us=2078 update_us=22 render_us=2055
[2026-08-16T01:48:38Z INFO  steel_front::engine::renderer] huddbg: set_hud_quads quads=2197 count=2197 mapped_null=false capacity=4096 first=[px=(48,1508,720x44) ndc=(-0.962,-0.885)-(-0.400,-0.940) rgba=(0.08,0.08,0.10,0.75)] last=[px=(545,140,3x3) ndc=(-0.574,0.826)-(-0.572,0.822) rgba=(0.20,0.80,0.90,1.00)]
[2026-08-16T01:48:38Z INFO  steel_front::engine::game] weapons: shot #10 (2 alive) [M1 Rifle]
[2026-08-16T01:48:38Z INFO  steel_front::engine::renderer] huddbg: set_hud_quads quads=2202 count=2202 mapped_null=false capacity=4096 first=[px=(48,1508,720x44) ndc=(-0.962,-0.885)-(-0.400,-0.940) rgba=(0.08,0.08,0.10,0.75)] last=[px=(545,140,3x3) ndc=(-0.574,0.826)-(-0.572,0.822) rgba=(0.20,0.80,0.90,1.00)]
[2026-08-16T01:48:38Z INFO  steel_front::engine::renderer] visible=65536/65536 near=65536 far=0 fps=397.9 frame_us=1564 cull_us=10 terrain_us=0 wait_fence_us=1745 acquire_us=1 record_us=40 submit_us=32 present_us=194 terrain_lod=high blend=0.000 quality=中画质 marker=38 npc=1017
[2026-08-16T01:48:38Z INFO  steel_front] size diag: window_inner=2560x1600 hud=2560x1600
[2026-08-16T01:48:38Z INFO  steel_front] size diag: window_inner=2560x1600 hud=2560x1600
[2026-08-16T01:48:38Z INFO  steel_front] size diag: window_inner=2560x1600 hud=2560x1600
[2026-08-16T01:48:38Z INFO  steel_front] size diag: window_inner=2560x1600 hud=2560x1600
[2026-08-16T01:48:38Z INFO  steel_front] size diag: window_inner=2560x1600 hud=2560x1600
[2026-08-16T01:48:38Z INFO  steel_front] size diag: window_inner=2560x1600 hud=2560x1600
[2026-08-16T01:48:38Z INFO  steel_front] size diag: window_inner=2560x1600 hud=2560x1600
[2026-08-16T01:48:38Z INFO  steel_front] size diag: window_inner=2560x1600 hud=2560x1600
[2026-08-16T01:48:38Z INFO  steel_front] size diag: window_inner=2560x1600 hud=2560x1600
[2026-08-16T01:48:38Z INFO  steel_front] size diag: window_inner=2560x1600 hud=2560x1600
[2026-08-16T01:48:38Z INFO  steel_front] size diag: window_inner=2560x1600 hud=2560x1600
[2026-08-16T01:48:38Z INFO  steel_front::engine::game] ai: npcs=5 near=4 far=1 idle=0 patrol=3 chase=2 attack=0 tactics=[2, 2, 0, 0, 0, 0, 0, 1]
[2026-08-16T01:48:38Z INFO  steel_front::engine::game] game: wave=1 enemies=5 enemy_hp=100 hp=95/100 score=10 phys_us=2 ai_us=193 audio_us=24 net_us=0
[2026-08-16T01:48:38Z INFO  steel_front] size diag: window_inner=2560x1600 hud=2560x1600
[2026-08-16T01:48:38Z INFO  steel_front] size diag: window_inner=2560x1600 hud=2560x1600
[2026-08-16T01:48:38Z INFO  steel_front] size diag: window_inner=2560x1600 hud=2560x1600
[2026-08-16T01:48:38Z INFO  steel_front] size diag: window_inner=2560x1600 hud=2560x1600
[2026-08-16T01:48:38Z INFO  steel_front] size diag: window_inner=2560x1600 hud=2560x1600
[2026-08-16T01:48:38Z INFO  steel_front] size diag: window_inner=2560x1600 hud=2560x1600
[2026-08-16T01:48:38Z INFO  steel_front] size diag: window_inner=2560x1600 hud=2560x1600
[2026-08-16T01:48:38Z INFO  steel_front] size diag: window_inner=2560x1600 hud=2560x1600
[2026-08-16T01:48:38Z INFO  steel_front] size diag: window_inner=2560x1600 hud=2560x1600
[2026-08-16T01:48:38Z INFO  steel_front] size diag: window_inner=2560x1600 hud=2560x1600
[2026-08-16T01:48:38Z INFO  steel_front::engine::renderer] huddbg: set_hud_quads quads=2202 count=2202 mapped_null=false capacity=4096 first=[px=(48,1508,720x44) ndc=(-0.962,-0.885)-(-0.400,-0.940) rgba=(0.08,0.08,0.10,0.75)] last=[px=(545,140,3x3) ndc=(-0.574,0.826)-(-0.572,0.822) rgba=(0.20,0.80,0.90,1.00)]
[2026-08-16T01:48:38Z INFO  steel_front::engine::game] weapons: shot #11 (3 alive) [M1 Rifle]
[2026-08-16T01:48:38Z INFO  steel_front::engine::game] npc: #9 stand (4.4, 0.0, -0.8)
[2026-08-16T01:48:38Z INFO  steel_front::engine::renderer] huddbg: set_hud_quads quads=2186 count=2186 mapped_null=false capacity=4096 first=[px=(48,1508,720x44) ndc=(-0.962,-0.885)-(-0.400,-0.940) rgba=(0.08,0.08,0.10,0.75)] last=[px=(545,140,3x3) ndc=(-0.574,0.826)-(-0.572,0.822) rgba=(0.20,0.80,0.90,1.00)]
[2026-08-16T01:48:39Z INFO  steel_front] cam: yaw=164.9 pitch=2.5 dist=3.4 mode=FirstPerson cycle_us=3195 update_us=43 render_us=3151
[2026-08-16T01:48:39Z INFO  steel_front::engine::game] weapons: 1 projectile hit(s), total_hits=6
[2026-08-16T01:48:39Z INFO  steel_front::engine::renderer] huddbg: set_hud_quads quads=2188 count=2188 mapped_null=false capacity=4096 first=[px=(48,1508,720x44) ndc=(-0.962,-0.885)-(-0.400,-0.940) rgba=(0.08,0.08,0.10,0.75)] last=[px=(545,140,3x3) ndc=(-0.574,0.826)-(-0.572,0.822) rgba=(0.20,0.80,0.90,1.00)]
[2026-08-16T01:48:39Z INFO  steel_front::engine::renderer] visible=65536/65536 near=65536 far=0 fps=400.7 frame_us=1441 cull_us=5 terrain_us=0 wait_fence_us=1592 acquire_us=0 record_us=40 submit_us=32 present_us=166 terrain_lod=high blend=0.000 quality=中画质 marker=37 npc=1017
[2026-08-16T01:48:39Z INFO  steel_front::engine::game] weapons: shot #12 (3 alive) [M1 Rifle]
[2026-08-16T01:48:39Z INFO  steel_front::engine::game] ai: npcs=5 near=3 far=2 idle=0 patrol=3 chase=1 attack=1 tactics=[3, 2, 0, 0, 0, 0, 0, 0]
[2026-08-16T01:48:39Z INFO  steel_front::engine::game] game: wave=1 enemies=5 enemy_hp=100 hp=90/100 score=10 phys_us=2 ai_us=138 audio_us=38 net_us=0
[2026-08-16T01:48:39Z INFO  steel_front::engine::renderer] huddbg: set_hud_quads quads=2191 count=2191 mapped_null=false capacity=4096 first=[px=(48,1508,720x44) ndc=(-0.962,-0.885)-(-0.400,-0.940) rgba=(0.08,0.08,0.10,0.75)] last=[px=(545,140,3x3) ndc=(-0.574,0.826)-(-0.572,0.822) rgba=(0.20,0.80,0.90,1.00)]
[2026-08-16T01:48:39Z INFO  steel_front::engine::game] weapons: 1 projectile hit(s), total_hits=7
[2026-08-16T01:48:39Z INFO  steel_front::engine::renderer] huddbg: set_hud_quads quads=2187 count=2187 mapped_null=false capacity=4096 first=[px=(48,1508,720x44) ndc=(-0.962,-0.885)-(-0.400,-0.940) rgba=(0.08,0.08,0.10,0.75)] last=[px=(545,140,3x3) ndc=(-0.574,0.826)-(-0.572,0.822) rgba=(0.20,0.80,0.90,1.00)]
[2026-08-16T01:48:40Z INFO  steel_front] cam: yaw=162.4 pitch=2.4 dist=3.4 mode=FirstPerson cycle_us=2555 update_us=17 render_us=2537
[2026-08-16T01:48:40Z INFO  steel_front::engine::renderer] huddbg: set_hud_quads quads=2199 count=2199 mapped_null=false capacity=4096 first=[px=(48,1508,720x44) ndc=(-0.962,-0.885)-(-0.400,-0.940) rgba=(0.08,0.08,0.10,0.75)] last=[px=(545,140,3x3) ndc=(-0.574,0.826)-(-0.572,0.822) rgba=(0.20,0.80,0.90,1.00)]
[2026-08-16T01:48:40Z INFO  steel_front::engine::game] weapons: shot #13 (3 alive) [M1 Rifle]
[2026-08-16T01:48:40Z INFO  steel_front::engine::renderer] visible=65536/65536 near=65536 far=0 fps=400.4 frame_us=1897 cull_us=8 terrain_us=0 wait_fence_us=1799 acquire_us=1 record_us=41 submit_us=36 present_us=313 terrain_lod=high blend=0.000 quality=中画质 marker=37 npc=1017
[2026-08-16T01:48:40Z INFO  steel_front::engine::renderer] huddbg: set_hud_quads quads=2187 count=2187 mapped_null=false capacity=4096 first=[px=(48,1508,720x44) ndc=(-0.962,-0.885)-(-0.400,-0.940) rgba=(0.08,0.08,0.10,0.75)] last=[px=(545,140,3x3) ndc=(-0.574,0.826)-(-0.572,0.822) rgba=(0.20,0.80,0.90,1.00)]
[2026-08-16T01:48:40Z INFO  steel_front] gundbg: cam_pos=Vec3(8.863684, 1.6, -14.310298) part0_pos=(8.500,1.236,-14.120)
[2026-08-16T01:48:40Z INFO  steel_front] huddbg: state=Playing quads=2187 gun=9
[2026-08-16T01:48:40Z INFO  steel_front] gundbg: cam_pos=Vec3(8.869633, 1.6, -14.327739) part0_pos=(8.509,1.227,-14.145)
[2026-08-16T01:48:40Z INFO  steel_front] huddbg: state=Playing quads=2187 gun=9
[2026-08-16T01:48:40Z INFO  steel_front] gundbg: cam_pos=Vec3(8.873787, 1.6, -14.339624) part0_pos=(8.513,1.222,-14.164)
[2026-08-16T01:48:40Z INFO  steel_front] huddbg: state=Playing quads=2187 gun=9
[2026-08-16T01:48:40Z INFO  steel_front] gundbg: cam_pos=Vec3(8.8778, 1.6, -14.351107) part0_pos=(8.518,1.217,-14.180)
[2026-08-16T01:48:40Z INFO  steel_front] huddbg: state=Playing quads=2187 gun=9
[2026-08-16T01:48:40Z INFO  steel_front] gundbg: cam_pos=Vec3(8.883324, 1.6, -14.366914) part0_pos=(8.525,1.211,-14.201)
[2026-08-16T01:48:40Z INFO  steel_front] huddbg: state=Playing quads=2187 gun=9
[2026-08-16T01:48:40Z INFO  steel_front] gundbg: cam_pos=Vec3(8.887916, 1.6, -14.379743) part0_pos=(8.529,1.207,-14.220)
[2026-08-16T01:48:40Z INFO  steel_front] huddbg: state=Playing quads=2187 gun=9
[2026-08-16T01:48:40Z INFO  steel_front] gundbg: cam_pos=Vec3(8.894267, 1.6, -14.397488) part0_pos=(8.537,1.203,-14.242)
[2026-08-16T01:48:40Z INFO  steel_front] huddbg: state=Playing quads=2187 gun=9
[2026-08-16T01:48:40Z INFO  steel_front] gundbg: cam_pos=Vec3(8.897983, 1.6, -14.407867) part0_pos=(8.541,1.201,-14.254)
[2026-08-16T01:48:40Z INFO  steel_front] huddbg: state=Playing quads=2187 gun=9
[2026-08-16T01:48:40Z INFO  steel_front] gundbg: cam_pos=Vec3(8.904144, 1.6, -14.424608) part0_pos=(8.546,1.199,-14.276)
[2026-08-16T01:48:40Z INFO  steel_front] huddbg: state=Playing quads=2187 gun=9
[2026-08-16T01:48:40Z INFO  steel_front] gundbg: cam_pos=Vec3(8.909075, 1.6, -14.438004) part0_pos=(8.551,1.198,-14.290)
[2026-08-16T01:48:40Z INFO  steel_front] huddbg: state=Playing quads=2187 gun=9
[2026-08-16T01:48:40Z INFO  steel_front] gundbg: cam_pos=Vec3(8.91389, 1.6, -14.451083) part0_pos=(8.555,1.198,-14.303)
[2026-08-16T01:48:40Z INFO  steel_front] huddbg: state=Playing quads=2187 gun=9
[2026-08-16T01:48:40Z INFO  steel_front] gundbg: cam_pos=Vec3(8.920635, 1.6, -14.46883) part0_pos=(8.560,1.200,-14.323)
[2026-08-16T01:48:40Z INFO  steel_front] huddbg: state=Playing quads=2187 gun=9
[2026-08-16T01:48:40Z INFO  steel_front::engine::game] ai: npcs=5 near=3 far=2 idle=0 patrol=3 chase=2 attack=0 tactics=[2, 2, 0, 0, 0, 0, 0, 1]
[2026-08-16T01:48:40Z INFO  steel_front::engine::game] game: wave=1 enemies=5 enemy_hp=100 hp=85/100 score=10 phys_us=2 ai_us=101 audio_us=13 net_us=0
[2026-08-16T01:48:40Z INFO  steel_front::engine::renderer] huddbg: set_hud_quads quads=2187 count=2187 mapped_null=false capacity=4096 first=[px=(48,1508,720x44) ndc=(-0.962,-0.885)-(-0.400,-0.940) rgba=(0.08,0.08,0.10,0.75)] last=[px=(545,140,3x3) ndc=(-0.574,0.826)-(-0.572,0.822) rgba=(0.20,0.80,0.90,1.00)]
[2026-08-16T01:48:40Z INFO  steel_front::engine::game] explosion: at (-171.3, -0.7, 65.0) radius=8 dmg=60 knockback=true
[2026-08-16T01:48:40Z INFO  steel_front::engine::game] weapons: shot #14 (3 alive) [M1 Rifle]
[2026-08-16T01:48:41Z INFO  steel_front] cam: yaw=150.0 pitch=2.6 dist=3.4 mode=FirstPerson cycle_us=2047 update_us=45 render_us=2001
[2026-08-16T01:48:41Z INFO  steel_front::engine::renderer] huddbg: set_hud_quads quads=2203 count=2203 mapped_null=false capacity=4096 first=[px=(48,1508,720x44) ndc=(-0.962,-0.885)-(-0.400,-0.940) rgba=(0.08,0.08,0.10,0.75)] last=[px=(545,140,3x3) ndc=(-0.574,0.826)-(-0.572,0.822) rgba=(0.20,0.80,0.90,1.00)]
[2026-08-16T01:48:41Z INFO  steel_front::engine::renderer] huddbg: set_hud_quads quads=2203 count=2203 mapped_null=false capacity=4096 first=[px=(48,1508,720x44) ndc=(-0.962,-0.885)-(-0.400,-0.940) rgba=(0.08,0.08,0.10,0.75)] last=[px=(545,140,3x3) ndc=(-0.574,0.826)-(-0.572,0.822) rgba=(0.20,0.80,0.90,1.00)]
[2026-08-16T01:48:41Z INFO  steel_front::engine::renderer] visible=65536/65536 near=65536 far=0 fps=399.0 frame_us=2055 cull_us=8 terrain_us=0 wait_fence_us=1487 acquire_us=0 record_us=43 submit_us=37 present_us=394 terrain_lod=high blend=0.000 quality=中画质 marker=36 npc=1017
[2026-08-16T01:48:41Z INFO  steel_front::engine::game] weapons: shot #15 (4 alive) [M1 Rifle]
[2026-08-16T01:48:41Z INFO  steel_front::engine::game] ai: npcs=5 near=3 far=2 idle=0 patrol=3 chase=2 attack=0 tactics=[2, 2, 0, 0, 0, 0, 0, 1]
[2026-08-16T01:48:41Z INFO  steel_front::engine::game] game: wave=1 enemies=5 enemy_hp=100 hp=85/100 score=10 phys_us=1 ai_us=328 audio_us=25 net_us=0
[2026-08-16T01:48:41Z INFO  steel_front::engine::renderer] huddbg: set_hud_quads quads=1991 count=1991 mapped_null=false capacity=4096 first=[px=(48,1508,720x44) ndc=(-0.962,-0.885)-(-0.400,-0.940) rgba=(0.08,0.08,0.10,0.75)] last=[px=(545,140,3x3) ndc=(-0.574,0.826)-(-0.572,0.822) rgba=(0.20,0.80,0.90,1.00)]
[2026-08-16T01:48:41Z INFO  steel_front::engine::game] explosion: at (-71.2, -4.7, 168.1) radius=8 dmg=60 knockback=true
[2026-08-16T01:48:41Z INFO  steel_front::engine::renderer] huddbg: set_hud_quads quads=1991 count=1991 mapped_null=false capacity=4096 first=[px=(48,1508,720x44) ndc=(-0.962,-0.885)-(-0.400,-0.940) rgba=(0.08,0.08,0.10,0.75)] last=[px=(545,140,3x3) ndc=(-0.574,0.826)-(-0.572,0.822) rgba=(0.20,0.80,0.90,1.00)]
[2026-08-16T01:48:42Z INFO  steel_front] cam: yaw=149.4 pitch=1.4 dist=3.4 mode=FirstPerson cycle_us=2649 update_us=45 render_us=2604
[2026-08-16T01:48:42Z INFO  steel_front::engine::game] weapons: shot #16 (4 alive) [M1 Rifle]
[2026-08-16T01:48:42Z INFO  steel_front::engine::renderer] huddbg: set_hud_quads quads=1977 count=1977 mapped_null=false capacity=4096 first=[px=(48,1508,720x44) ndc=(-0.962,-0.885)-(-0.400,-0.940) rgba=(0.08,0.08,0.10,0.75)] last=[px=(545,140,3x3) ndc=(-0.574,0.826)-(-0.572,0.822) rgba=(0.20,0.80,0.90,1.00)]
[2026-08-16T01:48:42Z INFO  steel_front::engine::renderer] visible=65536/65536 near=65536 far=0 fps=400.4 frame_us=2446 cull_us=5 terrain_us=0 wait_fence_us=868 acquire_us=1 record_us=19 submit_us=17 present_us=667 terrain_lod=high blend=0.000 quality=中画质 marker=37 npc=1017
[2026-08-16T01:48:42Z INFO  steel_front::engine::game] ai: npcs=5 near=3 far=2 idle=0 patrol=3 chase=2 attack=0 tactics=[2, 2, 0, 0, 0, 0, 0, 1]
[2026-08-16T01:48:42Z INFO  steel_front::engine::game] game: wave=1 enemies=5 enemy_hp=100 hp=85/100 score=10 phys_us=2 ai_us=513 audio_us=17 net_us=0
[2026-08-16T01:48:42Z INFO  steel_front::engine::renderer] huddbg: set_hud_quads quads=1977 count=1977 mapped_null=false capacity=4096 first=[px=(48,1508,720x44) ndc=(-0.962,-0.885)-(-0.400,-0.940) rgba=(0.08,0.08,0.10,0.75)] last=[px=(545,140,3x3) ndc=(-0.574,0.826)-(-0.572,0.822) rgba=(0.20,0.80,0.90,1.00)]
[2026-08-16T01:48:42Z INFO  steel_front::engine::game] weapons: shot #17 (5 alive) [M1 Rifle]
[2026-08-16T01:48:42Z INFO  steel_front::engine::renderer] huddbg: set_hud_quads quads=1980 count=1980 mapped_null=false capacity=4096 first=[px=(48,1508,720x44) ndc=(-0.962,-0.885)-(-0.400,-0.940) rgba=(0.08,0.08,0.10,0.75)] last=[px=(545,140,3x3) ndc=(-0.574,0.826)-(-0.572,0.822) rgba=(0.20,0.80,0.90,1.00)]
[2026-08-16T01:48:43Z INFO  steel_front] cam: yaw=136.2 pitch=1.9 dist=3.4 mode=FirstPerson cycle_us=1966 update_us=23 render_us=1942
[2026-08-16T01:48:43Z INFO  steel_front::engine::game] weapons: 1 projectile hit(s), total_hits=8
[2026-08-16T01:48:43Z INFO  steel_front::engine::renderer] huddbg: set_hud_quads quads=1990 count=1990 mapped_null=false capacity=4096 first=[px=(48,1508,720x44) ndc=(-0.962,-0.885)-(-0.400,-0.940) rgba=(0.08,0.08,0.10,0.75)] last=[px=(545,140,3x3) ndc=(-0.574,0.826)-(-0.572,0.822) rgba=(0.20,0.80,0.90,1.00)]
[2026-08-16T01:48:43Z INFO  steel_front::engine::renderer] visible=65536/65536 near=65536 far=0 fps=400.2 frame_us=1206 cull_us=5 terrain_us=0 wait_fence_us=1441 acquire_us=0 record_us=41 submit_us=34 present_us=194 terrain_lod=high blend=0.000 quality=中画质 marker=36 npc=1017
[2026-08-16T01:48:43Z INFO  steel_front::engine::renderer] huddbg: set_hud_quads quads=1986 count=1986 mapped_null=false capacity=4096 first=[px=(48,1508,720x44) ndc=(-0.962,-0.885)-(-0.400,-0.940) rgba=(0.08,0.08,0.10,0.75)] last=[px=(545,140,3x3) ndc=(-0.574,0.826)-(-0.572,0.822) rgba=(0.20,0.80,0.90,1.00)]
[2026-08-16T01:48:43Z INFO  steel_front] size diag: window_inner=2560x1600 hud=2560x1600
[2026-08-16T01:48:43Z INFO  steel_front] huddbg: state=Playing quads=1986 gun=9
[2026-08-16T01:48:43Z INFO  steel_front] size diag: window_inner=2560x1600 hud=2560x1600
[2026-08-16T01:48:43Z INFO  steel_front] huddbg: state=Playing quads=1986 gun=9
[2026-08-16T01:48:43Z INFO  steel_front] size diag: window_inner=2560x1600 hud=2560x1600
[2026-08-16T01:48:43Z INFO  steel_front] huddbg: state=Playing quads=1986 gun=9
[2026-08-16T01:48:43Z INFO  steel_front] size diag: window_inner=2560x1600 hud=2560x1600
[2026-08-16T01:48:43Z INFO  steel_front] huddbg: state=Playing quads=1986 gun=9
[2026-08-16T01:48:43Z INFO  steel_front] size diag: window_inner=2560x1600 hud=2560x1600
[2026-08-16T01:48:43Z INFO  steel_front] huddbg: state=Playing quads=1986 gun=9
[2026-08-16T01:48:43Z INFO  steel_front] size diag: window_inner=2560x1600 hud=2560x1600
[2026-08-16T01:48:43Z INFO  steel_front] huddbg: state=Playing quads=1986 gun=9
[2026-08-16T01:48:43Z INFO  steel_front::engine::game] weapons: shot #18 (5 alive) [M1 Rifle]
[2026-08-16T01:48:43Z INFO  steel_front] size diag: window_inner=2560x1600 hud=2560x1600
[2026-08-16T01:48:43Z INFO  steel_front] huddbg: state=Playing quads=1991 gun=9
[2026-08-16T01:48:43Z INFO  steel_front] size diag: window_inner=2560x1600 hud=2560x1600
[2026-08-16T01:48:43Z INFO  steel_front] huddbg: state=Playing quads=1991 gun=9
[2026-08-16T01:48:43Z INFO  steel_front] size diag: window_inner=2560x1600 hud=2560x1600
[2026-08-16T01:48:43Z INFO  steel_front] huddbg: state=Playing quads=1991 gun=9
[2026-08-16T01:48:43Z INFO  steel_front] size diag: window_inner=2560x1600 hud=2560x1600
[2026-08-16T01:48:43Z INFO  steel_front] huddbg: state=Playing quads=1991 gun=9
[2026-08-16T01:48:43Z INFO  steel_front] size diag: window_inner=2560x1600 hud=2560x1600
[2026-08-16T01:48:43Z INFO  steel_front] huddbg: state=Playing quads=1991 gun=9
[2026-08-16T01:48:43Z INFO  steel_front] size diag: window_inner=2560x1600 hud=2560x1600
[2026-08-16T01:48:43Z INFO  steel_front] huddbg: state=Playing quads=1991 gun=9
[2026-08-16T01:48:43Z INFO  steel_front] size diag: window_inner=2560x1600 hud=2560x1600
[2026-08-16T01:48:43Z INFO  steel_front::engine::game] ai: npcs=5 near=4 far=1 idle=0 patrol=3 chase=2 attack=0 tactics=[2, 2, 0, 0, 0, 1, 0, 0]
[2026-08-16T01:48:43Z INFO  steel_front::engine::game] game: wave=1 enemies=5 enemy_hp=100 hp=85/100 score=10 phys_us=1 ai_us=95 audio_us=13 net_us=0
[2026-08-16T01:48:43Z INFO  steel_front] size diag: window_inner=2560x1600 hud=2560x1600
[2026-08-16T01:48:43Z INFO  steel_front::engine::game] explosion: at (-53.1, -6.8, 177.5) radius=8 dmg=60 knockback=true
[2026-08-16T01:48:43Z INFO  steel_front] size diag: window_inner=2560x1600 hud=2560x1600
[2026-08-16T01:48:43Z INFO  steel_front] size diag: window_inner=2560x1600 hud=2560x1600
[2026-08-16T01:48:43Z INFO  steel_front] size diag: window_inner=2560x1600 hud=2560x1600
[2026-08-16T01:48:43Z INFO  steel_front] size diag: window_inner=2560x1600 hud=2560x1600
[2026-08-16T01:48:43Z INFO  steel_front] size diag: window_inner=2560x1600 hud=2560x1600
[2026-08-16T01:48:43Z INFO  steel_front] size diag: window_inner=2560x1600 hud=2560x1600
[2026-08-16T01:48:43Z INFO  steel_front::engine::renderer] huddbg: set_hud_quads quads=1991 count=1991 mapped_null=false capacity=4096 first=[px=(48,1508,720x44) ndc=(-0.962,-0.885)-(-0.400,-0.940) rgba=(0.08,0.08,0.10,0.75)] last=[px=(545,140,3x3) ndc=(-0.574,0.826)-(-0.572,0.822) rgba=(0.20,0.80,0.90,1.00)]
[2026-08-16T01:48:44Z INFO  steel_front] cam: yaw=141.6 pitch=0.7 dist=3.4 mode=FirstPerson cycle_us=2507 update_us=23 render_us=2484
[2026-08-16T01:48:44Z INFO  steel_front::engine::renderer] huddbg: set_hud_quads quads=1991 count=1991 mapped_null=false capacity=4096 first=[px=(48,1508,720x44) ndc=(-0.962,-0.885)-(-0.400,-0.940) rgba=(0.08,0.08,0.10,0.75)] last=[px=(545,140,3x3) ndc=(-0.574,0.826)-(-0.572,0.822) rgba=(0.20,0.80,0.90,1.00)]
[2026-08-16T01:48:44Z INFO  steel_front::engine::game] explosion: at (-89.9, -7.5, 156.9) radius=8 dmg=60 knockback=true
[2026-08-16T01:48:44Z INFO  steel_front::engine::game] weapons: shot #19 (4 alive) [M1 Rifle]
[2026-08-16T01:48:44Z INFO  steel_front::engine::renderer] huddbg: set_hud_quads quads=1979 count=1979 mapped_null=false capacity=4096 first=[px=(48,1508,720x44) ndc=(-0.962,-0.885)-(-0.400,-0.940) rgba=(0.08,0.08,0.10,0.75)] last=[px=(545,140,3x3) ndc=(-0.574,0.826)-(-0.572,0.822) rgba=(0.20,0.80,0.90,1.00)]
[2026-08-16T01:48:44Z INFO  steel_front::engine::renderer] visible=65536/65536 near=65536 far=0 fps=400.0 frame_us=2054 cull_us=7 terrain_us=0 wait_fence_us=1746 acquire_us=1 record_us=41 submit_us=95 present_us=180 terrain_lod=high blend=0.000 quality=中画质 marker=41 npc=1017
[2026-08-16T01:48:44Z INFO  steel_front] gundbg: cam_pos=Vec3(16.036592, 1.6, -25.916828) part0_pos=(15.631,1.221,-25.880)
[2026-08-16T01:48:44Z INFO  steel_front] gundbg: cam_pos=Vec3(16.024784, 1.6, -25.90246) part0_pos=(15.623,1.215,-25.869)
[2026-08-16T01:48:44Z INFO  steel_front] gundbg: cam_pos=Vec3(16.018097, 1.6, -25.894323) part0_pos=(15.619,1.212,-25.863)
[2026-08-16T01:48:44Z INFO  steel_front] gundbg: cam_pos=Vec3(16.007145, 1.6, -25.880999) part0_pos=(15.610,1.208,-25.853)
[2026-08-16T01:48:44Z INFO  steel_front] gundbg: cam_pos=Vec3(15.998724, 1.6, -25.870752) part0_pos=(15.603,1.205,-25.844)
[2026-08-16T01:48:44Z INFO  steel_front] gundbg: cam_pos=Vec3(15.98963, 1.6, -25.859688) part0_pos=(15.595,1.204,-25.834)
[2026-08-16T01:48:44Z INFO  steel_front] gundbg: cam_pos=Vec3(15.977238, 1.6, -25.84461) part0_pos=(15.583,1.203,-25.819)
[2026-08-16T01:48:44Z INFO  steel_front] gundbg: cam_pos=Vec3(15.969854, 1.6, -25.835627) part0_pos=(15.576,1.203,-25.810)
[2026-08-16T01:48:44Z INFO  steel_front] gundbg: cam_pos=Vec3(15.960014, 1.6, -25.823654) part0_pos=(15.566,1.205,-25.796)
[2026-08-16T01:48:44Z INFO  steel_front] gundbg: cam_pos=Vec3(15.951087, 1.6, -25.812792) part0_pos=(15.556,1.207,-25.784)
[2026-08-16T01:48:44Z INFO  steel_front] gundbg: cam_pos=Vec3(15.942175, 1.6, -25.801949) part0_pos=(15.545,1.210,-25.771)
[2026-08-16T01:48:44Z INFO  steel_front] gundbg: cam_pos=Vec3(15.92984, 1.6, -25.78694) part0_pos=(15.530,1.215,-25.752)
[2026-08-16T01:48:44Z INFO  steel_front::engine::game] ai: npcs=5 near=5 far=0 idle=0 patrol=3 chase=2 attack=0 tactics=[2, 2, 0, 0, 0, 1, 0, 0]
[2026-08-16T01:48:44Z INFO  steel_front::engine::game] game: wave=1 enemies=5 enemy_hp=100 hp=85/100 score=10 phys_us=2 ai_us=193 audio_us=14 net_us=0
[2026-08-16T01:48:44Z INFO  steel_front::engine::renderer] huddbg: set_hud_quads quads=1979 count=1979 mapped_null=false capacity=4096 first=[px=(48,1508,720x44) ndc=(-0.962,-0.885)-(-0.400,-0.940) rgba=(0.08,0.08,0.10,0.75)] last=[px=(545,140,3x3) ndc=(-0.574,0.826)-(-0.572,0.822) rgba=(0.20,0.80,0.90,1.00)]
[2026-08-16T01:48:44Z INFO  steel_front::engine::game] explosion: at (-72.9, -4.5, 161.6) radius=8 dmg=60 knockback=true
[2026-08-16T01:48:44Z INFO  steel_front::engine::renderer] huddbg: set_hud_quads quads=2124 count=2124 mapped_null=false capacity=4096 first=[px=(48,1508,720x44) ndc=(-0.962,-0.885)-(-0.400,-0.940) rgba=(0.08,0.08,0.10,0.75)] last=[px=(545,140,3x3) ndc=(-0.574,0.826)-(-0.572,0.822) rgba=(0.20,0.80,0.90,1.00)]
[2026-08-16T01:48:45Z INFO  steel_front] cam: yaw=141.0 pitch=-1.5 dist=3.4 mode=FirstPerson cycle_us=3466 update_us=64 render_us=3401
[2026-08-16T01:48:45Z INFO  steel_front::engine::renderer] huddbg: set_hud_quads quads=2115 count=2115 mapped_null=false capacity=4096 first=[px=(48,1508,720x44) ndc=(-0.962,-0.885)-(-0.400,-0.940) rgba=(0.08,0.08,0.10,0.75)] last=[px=(545,140,3x3) ndc=(-0.574,0.826)-(-0.572,0.822) rgba=(0.20,0.80,0.90,1.00)]
[2026-08-16T01:48:45Z INFO  steel_front::engine::renderer] visible=65536/65536 near=65536 far=0 fps=401.1 frame_us=1284 cull_us=8 terrain_us=0 wait_fence_us=1456 acquire_us=1 record_us=20 submit_us=20 present_us=151 terrain_lod=high blend=0.000 quality=中画质 marker=36 npc=1017
[2026-08-16T01:48:45Z INFO  steel_front::engine::game] explosion: at (-93.7, -3.2, 146.1) radius=8 dmg=60 knockback=true
[2026-08-16T01:48:45Z INFO  steel_front::engine::game] npc: #9 stand (2.0, 0.0, -15.1)
[2026-08-16T01:48:45Z INFO  steel_front::engine::game] ai: npcs=5 near=4 far=1 idle=0 patrol=3 chase=1 attack=1 tactics=[2, 2, 0, 0, 0, 0, 0, 1]
[2026-08-16T01:48:45Z INFO  steel_front::engine::game] game: wave=1 enemies=5 enemy_hp=100 hp=80/100 score=10 phys_us=1 ai_us=323 audio_us=16 net_us=0
[2026-08-16T01:48:45Z INFO  steel_front::engine::renderer] huddbg: set_hud_quads quads=2104 count=2104 mapped_null=false capacity=4096 first=[px=(48,1508,720x44) ndc=(-0.962,-0.885)-(-0.400,-0.940) rgba=(0.08,0.08,0.10,0.75)] last=[px=(545,140,3x3) ndc=(-0.574,0.826)-(-0.572,0.822) rgba=(0.20,0.80,0.90,1.00)]
[2026-08-16T01:48:45Z INFO  steel_front::engine::renderer] huddbg: set_hud_quads quads=2117 count=2117 mapped_null=false capacity=4096 first=[px=(48,1508,720x44) ndc=(-0.962,-0.885)-(-0.400,-0.940) rgba=(0.08,0.08,0.10,0.75)] last=[px=(545,140,3x3) ndc=(-0.574,0.826)-(-0.572,0.822) rgba=(0.20,0.80,0.90,1.00)]
[2026-08-16T01:48:46Z INFO  steel_front] cam: yaw=101.9 pitch=4.6 dist=3.4 mode=FirstPerson cycle_us=2470 update_us=65 render_us=2404
[2026-08-16T01:48:46Z INFO  steel_front::engine::renderer] huddbg: set_hud_quads quads=2117 count=2117 mapped_null=false capacity=4096 first=[px=(48,1508,720x44) ndc=(-0.962,-0.885)-(-0.400,-0.940) rgba=(0.08,0.08,0.10,0.75)] last=[px=(545,140,3x3) ndc=(-0.574,0.826)-(-0.572,0.822) rgba=(0.20,0.80,0.90,1.00)]
[2026-08-16T01:48:46Z INFO  steel_front::engine::renderer] visible=65536/65536 near=65536 far=0 fps=400.6 frame_us=1995 cull_us=13 terrain_us=0 wait_fence_us=1961 acquire_us=1 record_us=39 submit_us=30 present_us=164 terrain_lod=high blend=0.000 quality=中画质 marker=36 npc=1017
[2026-08-16T01:48:46Z INFO  steel_front::engine::renderer] huddbg: set_hud_quads quads=2117 count=2117 mapped_null=false capacity=4096 first=[px=(48,1508,720x44) ndc=(-0.962,-0.885)-(-0.400,-0.940) rgba=(0.08,0.08,0.10,0.75)] last=[px=(545,140,3x3) ndc=(-0.574,0.826)-(-0.572,0.822) rgba=(0.20,0.80,0.90,1.00)]
[2026-08-16T01:48:46Z INFO  steel_front] huddbg: state=Playing quads=2117 gun=9
[2026-08-16T01:48:46Z INFO  steel_front] huddbg: state=Playing quads=2117 gun=9
[2026-08-16T01:48:46Z INFO  steel_front] huddbg: state=Playing quads=2117 gun=9
[2026-08-16T01:48:46Z INFO  steel_front] huddbg: state=Playing quads=2117 gun=9
[2026-08-16T01:48:46Z INFO  steel_front] huddbg: state=Playing quads=2117 gun=9
[2026-08-16T01:48:46Z INFO  steel_front] huddbg: state=Playing quads=2117 gun=9
[2026-08-16T01:48:46Z INFO  steel_front] huddbg: state=Playing quads=2117 gun=9
[2026-08-16T01:48:46Z INFO  steel_front] huddbg: state=Playing quads=2117 gun=9
[2026-08-16T01:48:46Z INFO  steel_front] huddbg: state=Playing quads=2117 gun=9
[2026-08-16T01:48:46Z INFO  steel_front] huddbg: state=Playing quads=2117 gun=9
[2026-08-16T01:48:46Z INFO  steel_front] huddbg: state=Playing quads=2117 gun=9
[2026-08-16T01:48:46Z INFO  steel_front] huddbg: state=Playing quads=2117 gun=9
[2026-08-16T01:48:46Z INFO  steel_front::engine::game] ai: npcs=5 near=5 far=0 idle=0 patrol=3 chase=2 attack=0 tactics=[2, 1, 1, 0, 0, 1, 0, 0]
[2026-08-16T01:48:46Z INFO  steel_front::engine::game] game: wave=1 enemies=5 enemy_hp=100 hp=80/100 score=10 phys_us=0 ai_us=108 audio_us=34 net_us=0
[2026-08-16T01:48:46Z INFO  steel_front::engine::renderer] huddbg: set_hud_quads quads=2117 count=2117 mapped_null=false capacity=4096 first=[px=(48,1508,720x44) ndc=(-0.962,-0.885)-(-0.400,-0.940) rgba=(0.08,0.08,0.10,0.75)] last=[px=(545,140,3x3) ndc=(-0.574,0.826)-(-0.572,0.822) rgba=(0.20,0.80,0.90,1.00)]
[2026-08-16T01:48:46Z INFO  steel_front::engine::game] explosion: at (-98.7, 1.1, 142.4) radius=8 dmg=60 knockback=true
[2026-08-16T01:48:47Z INFO  steel_front] cam: yaw=109.1 pitch=0.2 dist=3.4 mode=FirstPerson cycle_us=2725 update_us=30 render_us=2694
[2026-08-16T01:48:47Z INFO  steel_front::engine::renderer] huddbg: set_hud_quads quads=2008 count=2008 mapped_null=false capacity=4096 first=[px=(48,1508,720x44) ndc=(-0.962,-0.885)-(-0.400,-0.940) rgba=(0.08,0.08,0.10,0.75)] last=[px=(561,140,3x3) ndc=(-0.562,0.826)-(-0.560,0.822) rgba=(0.20,0.80,0.90,1.00)]
[2026-08-16T01:48:47Z INFO  steel_front::engine::game] weapons: shot #20 (2 alive) [M1 Rifle]
[2026-08-16T01:48:47Z INFO  steel_front::engine::renderer] huddbg: set_hud_quads quads=1982 count=1982 mapped_null=false capacity=4096 first=[px=(48,1508,720x44) ndc=(-0.962,-0.885)-(-0.400,-0.940) rgba=(0.08,0.08,0.10,0.75)] last=[px=(545,140,3x3) ndc=(-0.574,0.826)-(-0.572,0.822) rgba=(0.20,0.80,0.90,1.00)]
[2026-08-16T01:48:47Z INFO  steel_front::engine::renderer] visible=65536/65536 near=65536 far=0 fps=402.7 frame_us=1876 cull_us=5 terrain_us=0 wait_fence_us=1749 acquire_us=1 record_us=40 submit_us=32 present_us=232 terrain_lod=high blend=0.000 quality=中画质 marker=37 npc=1017
[2026-08-16T01:48:47Z INFO  steel_front::engine::game] ai: npcs=5 near=5 far=0 idle=0 patrol=3 chase=2 attack=0 tactics=[2, 1, 1, 0, 0, 1, 0, 0]
[2026-08-16T01:48:47Z INFO  steel_front::engine::game] game: wave=1 enemies=5 enemy_hp=100 hp=80/100 score=10 phys_us=1 ai_us=482 audio_us=21 net_us=0
[2026-08-16T01:48:47Z INFO  steel_front::engine::game] explosion: at (-111.1, -3.2, 128.2) radius=8 dmg=60 knockback=true
[2026-08-16T01:48:47Z INFO  steel_front::engine::game] weapons: shot #21 (2 alive) [M1 Rifle]
[2026-08-16T01:48:47Z INFO  steel_front::engine::renderer] huddbg: set_hud_quads quads=1987 count=1987 mapped_null=false capacity=4096 first=[px=(48,1508,720x44) ndc=(-0.962,-0.885)-(-0.400,-0.940) rgba=(0.08,0.08,0.10,0.75)] last=[px=(545,140,3x3) ndc=(-0.574,0.826)-(-0.572,0.822) rgba=(0.20,0.80,0.90,1.00)]
[2026-08-16T01:48:47Z INFO  steel_front::engine::game] kill: npc #9 eliminated (wave 1) score=20
[2026-08-16T01:48:47Z INFO  steel_front::engine::game] weapons: 1 projectile hit(s), total_hits=9
[2026-08-16T01:48:47Z INFO  steel_front::engine::renderer] huddbg: set_hud_quads quads=2203 count=2203 mapped_null=false capacity=4096 first=[px=(48,1508,720x44) ndc=(-0.962,-0.885)-(-0.400,-0.940) rgba=(0.08,0.08,0.10,0.75)] last=[px=(545,140,3x3) ndc=(-0.574,0.826)-(-0.572,0.822) rgba=(0.20,0.80,0.90,1.00)]
[2026-08-16T01:48:48Z INFO  steel_front] cam: yaw=114.8 pitch=0.8 dist=3.4 mode=FirstPerson cycle_us=1703 update_us=65 render_us=1637
[2026-08-16T01:48:48Z INFO  steel_front::engine::renderer] huddbg: set_hud_quads quads=2199 count=2199 mapped_null=false capacity=4096 first=[px=(48,1508,720x44) ndc=(-0.962,-0.885)-(-0.400,-0.940) rgba=(0.08,0.08,0.10,0.75)] last=[px=(545,140,3x3) ndc=(-0.574,0.826)-(-0.572,0.822) rgba=(0.20,0.80,0.90,1.00)]
[2026-08-16T01:48:48Z INFO  steel_front::engine::renderer] visible=65536/65536 near=65536 far=0 fps=398.6 frame_us=1771 cull_us=8 terrain_us=0 wait_fence_us=1477 acquire_us=1 record_us=42 submit_us=35 present_us=186 terrain_lod=high blend=0.000 quality=中画质 marker=36 npc=1017
