[2026-08-16T01:52:22Z INFO  steel_front] ========================================
[2026-08-16T01:52:22Z INFO  steel_front]   钢铁前线 (Steel Front) v0.1.0
[2026-08-16T01:52:22Z INFO  steel_front]   二战FPS游戏引擎 - Rust + Vulkan
[2026-08-16T01:52:22Z INFO  steel_front] ========================================
[2026-08-16T01:52:22Z INFO  steel_front::engine::cpu] cpu: vendor=Amd threads=32 primary=[0, 1, 2, 3, 4, 5, 6, 7, 8, 9, 10, 11, 12, 13, 14, 15] secondary=[16, 17, 18, 19, 20, 21, 22, 23, 24, 25, 26, 27, 28, 29, 30, 31] e_cores=0 avx2=true avx512=true scene_set=[0, 1, 2, 3, 4, 5, 6, 7, 8, 9, 10, 11, 12, 13, 14, 15] ai_set=[16, 17, 18, 19, 20, 21, 22, 23, 24, 25, 26, 27, 28, 29, 30, 31] physical_primary=[0, 1, 2, 3, 4, 5, 6, 7, 8, 9, 10, 11, 12, 13, 14, 15] physical_secondary=[16, 17, 18, 19, 20, 21, 22, 23, 24, 25, 26, 27, 28, 29, 30, 31] smt=[]
[2026-08-16T01:52:22Z INFO  steel_front::engine::cpu] cpu: 非 Linux 平台，跳过线程手工绑定（交给系统调度）
[2026-08-16T01:52:22Z INFO  steel_front::engine::cpu] cpu: ai_pool 创建（8 工作线程，绑定 vCPU [16, 17, 18, 19, 20, 21, 22, 23, 24, 25, 26, 27, 28, 29, 30, 31]）
[2026-08-16T01:52:22Z INFO  steel_front::engine::game] map: level 1 generated: 36 obstacle bodies (wall=20 block=0 barrier=0 tree=3 building=6 ruin=7), 203 grid cells blocked
[2026-08-16T01:52:22Z INFO  steel_front] 窗口创建成功: 2560x1600
[2026-08-16T01:52:22Z INFO  steel_front] winit inner_size: 2560x1600 scale_factor=1.50
[2026-08-16T01:52:22Z WARN  steel_front::engine::renderer] 验证层不可用，将不使用
[2026-08-16T01:52:23Z INFO  steel_front::engine::renderer] 选择物理设备: NVIDIA GeForce RTX 5060 Laptop GPU
[2026-08-16T01:52:23Z INFO  steel_front::engine::gpu_caps] gpu-caps: 设备 NVIDIA GeForce RTX 5060 Laptop GPU 硬件能力探测（WSLg/dzn 视角）
[2026-08-16T01:52:23Z INFO  steel_front::engine::gpu_caps] gpu-caps: 可用 device 扩展 280 个
[2026-08-16T01:52:23Z INFO  steel_front::engine::gpu_caps] gpu-caps: -- 光追扩展 --
[2026-08-16T01:52:23Z INFO  steel_front::engine::gpu_caps] gpu-caps:   VK_KHR_ray_tracing_pipeline = true
[2026-08-16T01:52:23Z INFO  steel_front::engine::gpu_caps] gpu-caps:   VK_KHR_acceleration_structure = true
[2026-08-16T01:52:23Z INFO  steel_front::engine::gpu_caps] gpu-caps:   VK_KHR_ray_query = true
[2026-08-16T01:52:23Z INFO  steel_front::engine::gpu_caps] gpu-caps:   VK_KHR_deferred_host_operations = true
[2026-08-16T01:52:23Z INFO  steel_front::engine::gpu_caps] gpu-caps:   VK_KHR_buffer_device_address = true
[2026-08-16T01:52:23Z INFO  steel_front::engine::gpu_caps] gpu-caps:   VK_KHR_ray_tracing_position_fetch = true
[2026-08-16T01:52:23Z INFO  steel_front::engine::gpu_caps] gpu-caps:   VK_NV_ray_tracing = true
[2026-08-16T01:52:23Z INFO  steel_front::engine::gpu_caps] gpu-caps: -- Tensor Core / 协作矩阵 --
[2026-08-16T01:52:23Z INFO  steel_front::engine::gpu_caps] gpu-caps:   VK_KHR_cooperative_matrix = true
[2026-08-16T01:52:23Z INFO  steel_front::engine::gpu_caps] gpu-caps:   VK_NV_cooperative_matrix = true
[2026-08-16T01:52:23Z INFO  steel_front::engine::gpu_caps] gpu-caps:   VK_NV_compute_shader_derivatives = true
[2026-08-16T01:52:23Z INFO  steel_front::engine::gpu_caps] gpu-caps: -- DLSS / NVIDIA 私有 --
[2026-08-16T01:52:23Z INFO  steel_front::engine::gpu_caps] gpu-caps:   VK_NVX_image_view_handle = true
[2026-08-16T01:52:23Z INFO  steel_front::engine::gpu_caps] gpu-caps:   VK_NVX_binary_import = true
[2026-08-16T01:52:23Z INFO  steel_front::engine::gpu_caps] gpu-caps:   VK_NV_cuda_kernel = true
[2026-08-16T01:52:23Z INFO  steel_front::engine::gpu_caps] gpu-caps:   VK_NV_external_memory = true
[2026-08-16T01:52:23Z INFO  steel_front::engine::gpu_caps] gpu-caps: -- 其它新特性 --
[2026-08-16T01:52:23Z INFO  steel_front::engine::gpu_caps] gpu-caps:   VK_EXT_mesh_shader = true
[2026-08-16T01:52:23Z INFO  steel_front::engine::gpu_caps] gpu-caps:   VK_KHR_shader_object = false
[2026-08-16T01:52:23Z INFO  steel_front::engine::gpu_caps] gpu-caps:   VK_KHR_dynamic_rendering = true
[2026-08-16T01:52:23Z INFO  steel_front::engine::gpu_caps] gpu-caps: RT 特性 ray_tracing_pipeline=true acceleration_structure=true buffer_device_address=true ray_query=true
[2026-08-16T01:52:23Z INFO  steel_front::engine::gpu_caps] gpu-caps: RT 管线属性 shaderGroupHandleSize=32B maxRecursionDepth=31 maxRayDispatchInvocationCount=1073741824
[2026-08-16T01:52:23Z INFO  steel_front::engine::gpu_caps] gpu-caps: 【结论】光追探测 device 创建成功 → RT Core 路径可用（dzn→DXR）
[2026-08-16T01:52:23Z INFO  steel_front::engine::gpu_caps] gpu-caps: CUDA 直通（Tensor Core 可编程访问）=false（libcuda in /usr/lib/wsl/lib）
[2026-08-16T01:52:23Z INFO  steel_front::engine::gpu_caps] gpu-caps: 【结论】Vulkan-DLSS（NVIDIA 私有扩展）=true；可直接接 DLSS SDK
[2026-08-16T01:52:23Z INFO  steel_front::engine::renderer] VK_EXT_mesh_shader 可用：启用可选网格着色器渲染路径
[2026-08-16T01:52:23Z INFO  steel_front::engine::renderer] swapchain diag: current_extent=2560x1600 final=2560x1600
[2026-08-16T01:52:23Z INFO  steel_front::engine::renderer] 交换链初始化完成: 2560x1600, 格式: B8G8R8A8_SRGB, 图像数: 3, present_mode: MAILBOX
[2026-08-16T01:52:23Z INFO  steel_front::engine::renderer] 实例缓冲创建完成: 65536 个实例，stride 80 字节，2 帧双缓冲 HOST_VISIBLE|HOST_COHERENT（每帧压缩上传）
[2026-08-16T01:52:23Z INFO  steel_front::engine::renderer] instances=65536 draw_calls=1
[2026-08-16T01:52:23Z INFO  steel_front::engine::renderer] 深度缓冲创建完成: 3 张 2560x1600 D32_SFLOAT
[2026-08-16T01:52:23Z INFO  steel_front::engine::renderer] Descriptor Set Layout: binding 0 = UBO(view/proj), binding 1 = 贴图, binding 2 = 实例 STORAGE_BUFFER, binding 3 = 采样器
[2026-08-16T01:52:23Z INFO  steel_front::engine::renderer] Descriptor 初始化完成（2 帧）
[2026-08-16T01:52:23Z INFO  steel_front::engine::renderer] 远档 LOD 几何创建完成: 8 顶点 / 12 索引（十字双 quad）
[2026-08-16T01:52:23Z INFO  steel_front::engine::renderer] 地面平铺 quad 几何创建完成: 4 顶点 / 6 索引（无侧壁）
[2026-08-16T01:52:23Z INFO  steel_front::engine::renderer] 球体几何创建完成: 325 顶点 / 1728 索引（爆炸球形扩散）
[2026-08-16T01:52:23Z INFO  steel_front::engine::renderer] 地形 LOD[0] 创建完成: 66049 顶点 / 393216 索引（257×257 网格，间距 2）
[2026-08-16T01:52:23Z INFO  steel_front::engine::renderer] 地形 LOD[1] 创建完成: 16641 顶点 / 98304 索引（129×129 网格，间距 4）
[2026-08-16T01:52:23Z INFO  steel_front::engine::renderer] 地形 LOD[2] 创建完成: 4225 顶点 / 24576 索引（65×65 网格，间距 8）
[2026-08-16T01:52:23Z INFO  steel_front::engine::renderer] 地形 3 级 LOD 全部创建完成（高/中/低）
[2026-08-16T01:52:23Z INFO  steel_front::engine::renderer] 图形管线创建完成
[2026-08-16T01:52:23Z INFO  steel_front::engine::renderer] 网格着色器 maxMeshWorkGroupCount[0] = 4194304（地面场 65536 按此分块）
[2026-08-16T01:52:23Z INFO  steel_front::engine::renderer] 网格着色器管线创建完成（VK_EXT_mesh_shader）
[2026-08-16T01:52:23Z INFO  steel_front::engine::renderer] HUD 覆盖层初始化完成（独立 pipeline，容量 4096 quads）
[2026-08-16T01:52:23Z INFO  steel_front::engine::renderer] 纹理初始化完成: 512x512（10 mip，来源=程序化地面材质）
[2026-08-16T01:52:23Z INFO  steel_front::engine::renderer] 程序化皮肤纹理初始化完成: 512x512（marker=木板墙, npc=迷彩军服, RV3D_SKIN_TEX=off（纯色回退））
[2026-08-16T01:52:23Z INFO  steel_front::engine::renderer] 阴影贴图资源创建完成: 2048x2048 D32_SFLOAT
[2026-08-16T01:52:23Z INFO  steel_front::engine::renderer] 阴影 depth-only 管线创建完成
[2026-08-16T01:52:23Z INFO  steel_front] Vulkan 渲染器初始化成功
[2026-08-16T01:52:23Z INFO  steel_front] settings: 分辨率保持 2560x1600
[2026-08-16T01:52:23Z INFO  steel_front] settings: 应用画质 中画质
[2026-08-16T01:52:23Z INFO  steel_front::engine::renderer] 画质预设已切换: 中画质
[2026-08-16T01:52:23Z INFO  steel_front] 窗口大小变化: 1898x1061
[2026-08-16T01:52:23Z INFO  steel_front::engine::renderer] swapchain diag: current_extent=2560x1600 final=2560x1600
[2026-08-16T01:52:23Z INFO  steel_front::engine::renderer] 交换链初始化完成: 2560x1600, 格式: B8G8R8A8_SRGB, 图像数: 3, present_mode: MAILBOX
[2026-08-16T01:52:23Z INFO  steel_front::engine::renderer] 深度缓冲创建完成: 3 张 2560x1600 D32_SFLOAT
[2026-08-16T01:52:23Z INFO  steel_front] 窗口大小变化: 1920x1117
[2026-08-16T01:52:23Z INFO  steel_front::engine::renderer] swapchain diag: current_extent=2560x1600 final=2560x1600
[2026-08-16T01:52:23Z INFO  steel_front::engine::renderer] 交换链初始化完成: 2560x1600, 格式: B8G8R8A8_SRGB, 图像数: 3, present_mode: MAILBOX
[2026-08-16T01:52:23Z INFO  steel_front::engine::renderer] 深度缓冲创建完成: 3 张 2560x1600 D32_SFLOAT
[2026-08-16T01:52:23Z INFO  steel_front] 窗口大小变化: 2560x1600
[2026-08-16T01:52:23Z INFO  steel_front::engine::renderer] swapchain diag: current_extent=2560x1600 final=2560x1600
[2026-08-16T01:52:23Z INFO  steel_front::engine::renderer] 交换链初始化完成: 2560x1600, 格式: B8G8R8A8_SRGB, 图像数: 3, present_mode: MAILBOX
[2026-08-16T01:52:23Z INFO  steel_front::engine::renderer] 深度缓冲创建完成: 3 张 2560x1600 D32_SFLOAT
[2026-08-16T01:52:23Z INFO  steel_front] 窗口大小变化: 2560x1600
[2026-08-16T01:52:23Z INFO  steel_front::engine::renderer] swapchain diag: current_extent=2560x1600 final=2560x1600
[2026-08-16T01:52:23Z INFO  steel_front::engine::renderer] 交换链初始化完成: 2560x1600, 格式: B8G8R8A8_SRGB, 图像数: 3, present_mode: MAILBOX
[2026-08-16T01:52:23Z INFO  steel_front::engine::renderer] 深度缓冲创建完成: 3 张 2560x1600 D32_SFLOAT
[2026-08-16T01:52:23Z INFO  steel_front::engine::renderer] huddbg: set_hud_quads quads=3147 count=3147 mapped_null=false capacity=4096 first=[px=(0,0,2560x1600) ndc=(-1.000,1.000)-(1.000,-1.000) rgba=(0.00,0.00,0.00,0.72)] last=[px=(1439,1450,2x2) ndc=(0.124,-0.812)-(0.126,-0.815) rgba=(0.60,0.60,0.60,1.00)]
[2026-08-16T01:52:23Z INFO  steel_front::engine::renderer] huddbg: set_hud_quads quads=3147 count=3147 mapped_null=false capacity=4096 first=[px=(0,0,2560x1600) ndc=(-1.000,1.000)-(1.000,-1.000) rgba=(0.00,0.00,0.00,0.72)] last=[px=(1439,1450,2x2) ndc=(0.124,-0.812)-(0.126,-0.815) rgba=(0.60,0.60,0.60,1.00)]
[2026-08-16T01:52:23Z INFO  steel_front] cam: yaw=0.0 pitch=0.0 dist=3.4 mode=FirstPerson cycle_us=2500 update_us=27 render_us=2472
[2026-08-16T01:52:24Z INFO  steel_front::engine::renderer] huddbg: set_hud_quads quads=3147 count=3147 mapped_null=false capacity=4096 first=[px=(0,0,2560x1600) ndc=(-1.000,1.000)-(1.000,-1.000) rgba=(0.00,0.00,0.00,0.72)] last=[px=(1439,1450,2x2) ndc=(0.124,-0.812)-(0.126,-0.815) rgba=(0.60,0.60,0.60,1.00)]
[2026-08-16T01:52:24Z INFO  steel_front::engine::renderer] visible=65536/65536 near=65536 far=0 fps=329.6 frame_us=2666 cull_us=1 terrain_us=0 wait_fence_us=1703 acquire_us=0 record_us=16 submit_us=14 present_us=600 terrain_lod=high blend=0.000 quality=中画质 marker=36 npc=1018
[2026-08-16T01:52:24Z INFO  steel_front::engine::renderer] huddbg: set_hud_quads quads=3147 count=3147 mapped_null=false capacity=4096 first=[px=(0,0,2560x1600) ndc=(-1.000,1.000)-(1.000,-1.000) rgba=(0.00,0.00,0.00,0.72)] last=[px=(1439,1450,2x2) ndc=(0.124,-0.812)-(0.126,-0.815) rgba=(0.60,0.60,0.60,1.00)]
[2026-08-16T01:52:24Z INFO  steel_front::engine::game] ai: npcs=8 near=8 far=0 idle=0 patrol=0 chase=8 attack=0 tactics=[8, 0, 0, 0, 0, 0, 0, 0]
[2026-08-16T01:52:24Z INFO  steel_front::engine::game] game: wave=1 enemies=8 enemy_hp=100 hp=100/100 score=0 phys_us=2 ai_us=406 audio_us=20 net_us=0
[2026-08-16T01:52:24Z INFO  steel_front] huddbg: state=StartMenu quads=3147 gun=10
[2026-08-16T01:52:24Z INFO  steel_front] huddbg: state=StartMenu quads=3147 gun=10
[2026-08-16T01:52:24Z INFO  steel_front] huddbg: state=StartMenu quads=3147 gun=10
[2026-08-16T01:52:24Z INFO  steel_front] huddbg: state=StartMenu quads=3147 gun=10
[2026-08-16T01:52:24Z INFO  steel_front] huddbg: state=StartMenu quads=3147 gun=10
[2026-08-16T01:52:24Z INFO  steel_front] huddbg: state=StartMenu quads=3147 gun=10
[2026-08-16T01:52:24Z INFO  steel_front] huddbg: state=StartMenu quads=3147 gun=10
[2026-08-16T01:52:24Z INFO  steel_front] huddbg: state=StartMenu quads=3147 gun=10
[2026-08-16T01:52:24Z INFO  steel_front] huddbg: state=StartMenu quads=3147 gun=10
[2026-08-16T01:52:24Z INFO  steel_front] huddbg: state=StartMenu quads=3147 gun=10
[2026-08-16T01:52:24Z INFO  steel_front] huddbg: state=StartMenu quads=3147 gun=10
[2026-08-16T01:52:24Z INFO  steel_front] huddbg: state=StartMenu quads=3147 gun=10
[2026-08-16T01:52:24Z INFO  steel_front::engine::renderer] huddbg: set_hud_quads quads=3147 count=3147 mapped_null=false capacity=4096 first=[px=(0,0,2560x1600) ndc=(-1.000,1.000)-(1.000,-1.000) rgba=(0.00,0.00,0.00,0.72)] last=[px=(1439,1450,2x2) ndc=(0.124,-0.812)-(0.126,-0.815) rgba=(0.60,0.60,0.60,1.00)]
[2026-08-16T01:52:24Z INFO  steel_front] cam: yaw=0.0 pitch=0.0 dist=3.4 mode=FirstPerson cycle_us=2539 update_us=14 render_us=2524
[2026-08-16T01:52:24Z INFO  steel_front::engine::renderer] huddbg: set_hud_quads quads=3147 count=3147 mapped_null=false capacity=4096 first=[px=(0,0,2560x1600) ndc=(-1.000,1.000)-(1.000,-1.000) rgba=(0.00,0.00,0.00,0.72)] last=[px=(1439,1450,2x2) ndc=(0.124,-0.812)-(0.126,-0.815) rgba=(0.60,0.60,0.60,1.00)]
[2026-08-16T01:52:25Z INFO  steel_front::engine::renderer] visible=65536/65536 near=65536 far=0 fps=386.0 frame_us=2848 cull_us=3 terrain_us=0 wait_fence_us=1898 acquire_us=1 record_us=46 submit_us=43 present_us=676 terrain_lod=high blend=0.000 quality=中画质 marker=36 npc=1018
[2026-08-16T01:52:25Z INFO  steel_front::engine::renderer] huddbg: set_hud_quads quads=3147 count=3147 mapped_null=false capacity=4096 first=[px=(0,0,2560x1600) ndc=(-1.000,1.000)-(1.000,-1.000) rgba=(0.00,0.00,0.00,0.72)] last=[px=(1439,1450,2x2) ndc=(0.124,-0.812)-(0.126,-0.815) rgba=(0.60,0.60,0.60,1.00)]
[2026-08-16T01:52:25Z INFO  steel_front::engine::game] ai: npcs=8 near=8 far=0 idle=0 patrol=0 chase=8 attack=0 tactics=[8, 0, 0, 0, 0, 0, 0, 0]
[2026-08-16T01:52:25Z INFO  steel_front::engine::game] game: wave=1 enemies=8 enemy_hp=100 hp=100/100 score=0 phys_us=2 ai_us=468 audio_us=18 net_us=0
[2026-08-16T01:52:25Z INFO  steel_front] gundbg: cam_pos=Vec3(0.0, 1.6, 0.0) part0_pos=(0.291,1.300,-0.620)
[2026-08-16T01:52:25Z INFO  steel_front] gundbg: cam_pos=Vec3(0.0, 1.6, 0.0) part0_pos=(0.291,1.300,-0.620)
[2026-08-16T01:52:25Z INFO  steel_front] gundbg: cam_pos=Vec3(0.0, 1.6, 0.0) part0_pos=(0.291,1.300,-0.620)
[2026-08-16T01:52:25Z INFO  steel_front] gundbg: cam_pos=Vec3(0.0, 1.6, 0.0) part0_pos=(0.291,1.300,-0.620)
[2026-08-16T01:52:25Z INFO  steel_front] gundbg: cam_pos=Vec3(0.0, 1.6, 0.0) part0_pos=(0.291,1.300,-0.620)
[2026-08-16T01:52:25Z INFO  steel_front] gundbg: cam_pos=Vec3(0.0, 1.6, 0.0) part0_pos=(0.292,1.300,-0.620)
[2026-08-16T01:52:25Z INFO  steel_front] gundbg: cam_pos=Vec3(0.0, 1.6, 0.0) part0_pos=(0.292,1.300,-0.620)
[2026-08-16T01:52:25Z INFO  steel_front] gundbg: cam_pos=Vec3(0.0, 1.6, 0.0) part0_pos=(0.292,1.300,-0.620)
[2026-08-16T01:52:25Z INFO  steel_front] gundbg: cam_pos=Vec3(0.0, 1.6, 0.0) part0_pos=(0.292,1.300,-0.620)
[2026-08-16T01:52:25Z INFO  steel_front] gundbg: cam_pos=Vec3(0.0, 1.6, 0.0) part0_pos=(0.292,1.300,-0.620)
[2026-08-16T01:52:25Z INFO  steel_front] gundbg: cam_pos=Vec3(0.0, 1.6, 0.0) part0_pos=(0.292,1.300,-0.620)
[2026-08-16T01:52:25Z INFO  steel_front::engine::renderer] huddbg: set_hud_quads quads=3147 count=3147 mapped_null=false capacity=4096 first=[px=(0,0,2560x1600) ndc=(-1.000,1.000)-(1.000,-1.000) rgba=(0.00,0.00,0.00,0.72)] last=[px=(1439,1450,2x2) ndc=(0.124,-0.812)-(0.126,-0.815) rgba=(0.60,0.60,0.60,1.00)]
[2026-08-16T01:52:25Z INFO  steel_front] cam: yaw=0.0 pitch=0.0 dist=3.4 mode=FirstPerson cycle_us=2543 update_us=18 render_us=2525
[2026-08-16T01:52:25Z INFO  steel_front::engine::renderer] huddbg: set_hud_quads quads=3147 count=3147 mapped_null=false capacity=4096 first=[px=(0,0,2560x1600) ndc=(-1.000,1.000)-(1.000,-1.000) rgba=(0.00,0.00,0.00,0.72)] last=[px=(1439,1450,2x2) ndc=(0.124,-0.812)-(0.126,-0.815) rgba=(0.60,0.60,0.60,1.00)]
[2026-08-16T01:52:26Z INFO  steel_front::engine::renderer] huddbg: set_hud_quads quads=3147 count=3147 mapped_null=false capacity=4096 first=[px=(0,0,2560x1600) ndc=(-1.000,1.000)-(1.000,-1.000) rgba=(0.00,0.00,0.00,0.72)] last=[px=(1439,1450,2x2) ndc=(0.124,-0.812)-(0.126,-0.815) rgba=(0.60,0.60,0.60,1.00)]
[2026-08-16T01:52:26Z INFO  steel_front::engine::renderer] visible=65536/65536 near=65536 far=0 fps=386.3 frame_us=2387 cull_us=3 terrain_us=0 wait_fence_us=2133 acquire_us=1 record_us=99 submit_us=76 present_us=189 terrain_lod=high blend=0.000 quality=中画质 marker=36 npc=1018
[2026-08-16T01:52:26Z INFO  steel_front::engine::game] ai: npcs=8 near=8 far=0 idle=0 patrol=0 chase=8 attack=0 tactics=[8, 0, 0, 0, 0, 0, 0, 0]
[2026-08-16T01:52:26Z INFO  steel_front::engine::game] game: wave=1 enemies=8 enemy_hp=100 hp=100/100 score=0 phys_us=1 ai_us=324 audio_us=13 net_us=0
[2026-08-16T01:52:26Z INFO  steel_front::engine::renderer] huddbg: set_hud_quads quads=3147 count=3147 mapped_null=false capacity=4096 first=[px=(0,0,2560x1600) ndc=(-1.000,1.000)-(1.000,-1.000) rgba=(0.00,0.00,0.00,0.72)] last=[px=(1439,1450,2x2) ndc=(0.124,-0.812)-(0.126,-0.815) rgba=(0.60,0.60,0.60,1.00)]
[2026-08-16T01:52:26Z INFO  steel_front::engine::renderer] huddbg: set_hud_quads quads=3147 count=3147 mapped_null=false capacity=4096 first=[px=(0,0,2560x1600) ndc=(-1.000,1.000)-(1.000,-1.000) rgba=(0.00,0.00,0.00,0.72)] last=[px=(1439,1450,2x2) ndc=(0.124,-0.812)-(0.126,-0.815) rgba=(0.60,0.60,0.60,1.00)]
[2026-08-16T01:52:26Z INFO  steel_front] cam: yaw=0.0 pitch=0.0 dist=3.4 mode=FirstPerson cycle_us=2977 update_us=27 render_us=2950
[2026-08-16T01:52:27Z INFO  steel_front::engine::renderer] huddbg: set_hud_quads quads=3147 count=3147 mapped_null=false capacity=4096 first=[px=(0,0,2560x1600) ndc=(-1.000,1.000)-(1.000,-1.000) rgba=(0.00,0.00,0.00,0.72)] last=[px=(1439,1450,2x2) ndc=(0.124,-0.812)-(0.126,-0.815) rgba=(0.60,0.60,0.60,1.00)]
[2026-08-16T01:52:27Z INFO  steel_front::engine::renderer] visible=65536/65536 near=65536 far=0 fps=386.7 frame_us=2608 cull_us=2 terrain_us=0 wait_fence_us=2159 acquire_us=1 record_us=18 submit_us=20 present_us=244 terrain_lod=high blend=0.000 quality=中画质 marker=36 npc=1018
[2026-08-16T01:52:27Z INFO  steel_front] huddbg: state=StartMenu quads=3147 gun=10
[2026-08-16T01:52:27Z INFO  steel_front::engine::game] ai: npcs=8 near=8 far=0 idle=0 patrol=0 chase=8 attack=0 tactics=[8, 0, 0, 0, 0, 0, 0, 0]
[2026-08-16T01:52:27Z INFO  steel_front::engine::game] game: wave=1 enemies=8 enemy_hp=100 hp=100/100 score=0 phys_us=3 ai_us=212 audio_us=18 net_us=0
[2026-08-16T01:52:27Z INFO  steel_front] huddbg: state=StartMenu quads=3147 gun=10
[2026-08-16T01:52:27Z INFO  steel_front] huddbg: state=StartMenu quads=3147 gun=10
[2026-08-16T01:52:27Z INFO  steel_front] huddbg: state=StartMenu quads=3147 gun=10
[2026-08-16T01:52:27Z INFO  steel_front] huddbg: state=StartMenu quads=3147 gun=10
[2026-08-16T01:52:27Z INFO  steel_front] huddbg: state=StartMenu quads=3147 gun=10
[2026-08-16T01:52:27Z INFO  steel_front] huddbg: state=StartMenu quads=3147 gun=10
[2026-08-16T01:52:27Z INFO  steel_front] huddbg: state=StartMenu quads=3147 gun=10
[2026-08-16T01:52:27Z INFO  steel_front] huddbg: state=StartMenu quads=3147 gun=10
[2026-08-16T01:52:27Z INFO  steel_front] huddbg: state=StartMenu quads=3147 gun=10
[2026-08-16T01:52:27Z INFO  steel_front] huddbg: state=StartMenu quads=3147 gun=10
[2026-08-16T01:52:27Z INFO  steel_front] huddbg: state=StartMenu quads=3147 gun=10
[2026-08-16T01:52:27Z INFO  steel_front::engine::renderer] huddbg: set_hud_quads quads=3147 count=3147 mapped_null=false capacity=4096 first=[px=(0,0,2560x1600) ndc=(-1.000,1.000)-(1.000,-1.000) rgba=(0.00,0.00,0.00,0.72)] last=[px=(1439,1450,2x2) ndc=(0.124,-0.812)-(0.126,-0.815) rgba=(0.60,0.60,0.60,1.00)]
[2026-08-16T01:52:27Z INFO  steel_front::engine::renderer] huddbg: set_hud_quads quads=3147 count=3147 mapped_null=false capacity=4096 first=[px=(0,0,2560x1600) ndc=(-1.000,1.000)-(1.000,-1.000) rgba=(0.00,0.00,0.00,0.72)] last=[px=(1439,1450,2x2) ndc=(0.124,-0.812)-(0.126,-0.815) rgba=(0.60,0.60,0.60,1.00)]
[2026-08-16T01:52:27Z INFO  steel_front] cam: yaw=0.0 pitch=0.0 dist=3.4 mode=FirstPerson cycle_us=2193 update_us=18 render_us=2175
[2026-08-16T01:52:28Z INFO  steel_front::engine::renderer] huddbg: set_hud_quads quads=3147 count=3147 mapped_null=false capacity=4096 first=[px=(0,0,2560x1600) ndc=(-1.000,1.000)-(1.000,-1.000) rgba=(0.00,0.00,0.00,0.72)] last=[px=(1439,1450,2x2) ndc=(0.124,-0.812)-(0.126,-0.815) rgba=(0.60,0.60,0.60,1.00)]
[2026-08-16T01:52:28Z INFO  steel_front::engine::game] npc: #3 stand (3.4, 0.0, 11.5)
[2026-08-16T01:52:28Z INFO  steel_front::engine::renderer] visible=65536/65536 near=65536 far=0 fps=391.4 frame_us=2261 cull_us=3 terrain_us=0 wait_fence_us=2044 acquire_us=1 record_us=37 submit_us=27 present_us=159 terrain_lod=high blend=0.000 quality=中画质 marker=55 npc=1018
[2026-08-16T01:52:28Z INFO  steel_front::engine::renderer] huddbg: set_hud_quads quads=3147 count=3147 mapped_null=false capacity=4096 first=[px=(0,0,2560x1600) ndc=(-1.000,1.000)-(1.000,-1.000) rgba=(0.00,0.00,0.00,0.72)] last=[px=(1439,1450,2x2) ndc=(0.124,-0.812)-(0.126,-0.815) rgba=(0.60,0.60,0.60,1.00)]
[2026-08-16T01:52:28Z INFO  steel_front] size diag: window_inner=2560x1600 hud=2560x1600
[2026-08-16T01:52:28Z INFO  steel_front] size diag: window_inner=2560x1600 hud=2560x1600
[2026-08-16T01:52:28Z INFO  steel_front::engine::game] ai: npcs=8 near=8 far=0 idle=0 patrol=0 chase=7 attack=1 tactics=[8, 0, 0, 0, 0, 0, 0, 0]
[2026-08-16T01:52:28Z INFO  steel_front::engine::game] game: wave=1 enemies=8 enemy_hp=100 hp=100/100 score=0 phys_us=1 ai_us=94 audio_us=19 net_us=0
[2026-08-16T01:52:28Z INFO  steel_front] size diag: window_inner=2560x1600 hud=2560x1600
[2026-08-16T01:52:28Z INFO  steel_front] size diag: window_inner=2560x1600 hud=2560x1600
[2026-08-16T01:52:28Z INFO  steel_front] size diag: window_inner=2560x1600 hud=2560x1600
[2026-08-16T01:52:28Z INFO  steel_front] size diag: window_inner=2560x1600 hud=2560x1600
[2026-08-16T01:52:28Z INFO  steel_front] size diag: window_inner=2560x1600 hud=2560x1600
[2026-08-16T01:52:28Z INFO  steel_front] size diag: window_inner=2560x1600 hud=2560x1600
[2026-08-16T01:52:28Z INFO  steel_front] size diag: window_inner=2560x1600 hud=2560x1600
[2026-08-16T01:52:28Z INFO  steel_front] size diag: window_inner=2560x1600 hud=2560x1600
[2026-08-16T01:52:28Z INFO  steel_front] size diag: window_inner=2560x1600 hud=2560x1600
[2026-08-16T01:52:28Z INFO  steel_front] size diag: window_inner=2560x1600 hud=2560x1600
[2026-08-16T01:52:28Z INFO  steel_front] size diag: window_inner=2560x1600 hud=2560x1600
[2026-08-16T01:52:28Z INFO  steel_front] size diag: window_inner=2560x1600 hud=2560x1600
[2026-08-16T01:52:28Z INFO  steel_front] size diag: window_inner=2560x1600 hud=2560x1600
[2026-08-16T01:52:28Z INFO  steel_front] size diag: window_inner=2560x1600 hud=2560x1600
[2026-08-16T01:52:28Z INFO  steel_front] size diag: window_inner=2560x1600 hud=2560x1600
[2026-08-16T01:52:28Z INFO  steel_front] size diag: window_inner=2560x1600 hud=2560x1600
[2026-08-16T01:52:28Z INFO  steel_front] size diag: window_inner=2560x1600 hud=2560x1600
[2026-08-16T01:52:28Z INFO  steel_front::engine::game] npc: #4 stand (4.0, 0.0, -11.3)
[2026-08-16T01:52:28Z INFO  steel_front::engine::renderer] huddbg: set_hud_quads quads=3147 count=3147 mapped_null=false capacity=4096 first=[px=(0,0,2560x1600) ndc=(-1.000,1.000)-(1.000,-1.000) rgba=(0.00,0.00,0.00,0.72)] last=[px=(1439,1450,2x2) ndc=(0.124,-0.812)-(0.126,-0.815) rgba=(0.60,0.60,0.60,1.00)]
[2026-08-16T01:52:28Z INFO  steel_front] cam: yaw=0.0 pitch=0.0 dist=3.4 mode=FirstPerson cycle_us=2454 update_us=32 render_us=2421
[2026-08-16T01:52:28Z INFO  steel_front::engine::renderer] huddbg: set_hud_quads quads=3147 count=3147 mapped_null=false capacity=4096 first=[px=(0,0,2560x1600) ndc=(-1.000,1.000)-(1.000,-1.000) rgba=(0.00,0.00,0.00,0.72)] last=[px=(1439,1450,2x2) ndc=(0.124,-0.812)-(0.126,-0.815) rgba=(0.60,0.60,0.60,1.00)]
[2026-08-16T01:52:29Z INFO  steel_front::engine::renderer] visible=65536/65536 near=65536 far=0 fps=390.6 frame_us=2399 cull_us=2 terrain_us=0 wait_fence_us=2336 acquire_us=1 record_us=38 submit_us=26 present_us=183 terrain_lod=high blend=0.000 quality=中画质 marker=36 npc=1018
[2026-08-16T01:52:29Z INFO  steel_front::engine::renderer] huddbg: set_hud_quads quads=3147 count=3147 mapped_null=false capacity=4096 first=[px=(0,0,2560x1600) ndc=(-1.000,1.000)-(1.000,-1.000) rgba=(0.00,0.00,0.00,0.72)] last=[px=(1439,1450,2x2) ndc=(0.124,-0.812)-(0.126,-0.815) rgba=(0.60,0.60,0.60,1.00)]
[2026-08-16T01:52:29Z INFO  steel_front] gundbg: cam_pos=Vec3(0.0, 1.6, 0.0) part0_pos=(0.276,1.300,-0.620)
[2026-08-16T01:52:29Z INFO  steel_front] gundbg: cam_pos=Vec3(0.0, 1.6, 0.0) part0_pos=(0.276,1.300,-0.620)
[2026-08-16T01:52:29Z INFO  steel_front::engine::game] ai: npcs=8 near=8 far=0 idle=0 patrol=0 chase=6 attack=2 tactics=[8, 0, 0, 0, 0, 0, 0, 0]
[2026-08-16T01:52:29Z INFO  steel_front::engine::game] game: wave=1 enemies=8 enemy_hp=100 hp=100/100 score=0 phys_us=0 ai_us=92 audio_us=34 net_us=0
[2026-08-16T01:52:29Z INFO  steel_front] gundbg: cam_pos=Vec3(0.0, 1.6, 0.0) part0_pos=(0.275,1.300,-0.620)
[2026-08-16T01:52:29Z INFO  steel_front] gundbg: cam_pos=Vec3(0.0, 1.6, 0.0) part0_pos=(0.275,1.300,-0.620)
[2026-08-16T01:52:29Z INFO  steel_front] gundbg: cam_pos=Vec3(0.0, 1.6, 0.0) part0_pos=(0.275,1.300,-0.620)
[2026-08-16T01:52:29Z INFO  steel_front] gundbg: cam_pos=Vec3(0.0, 1.6, 0.0) part0_pos=(0.274,1.300,-0.620)
[2026-08-16T01:52:29Z INFO  steel_front] gundbg: cam_pos=Vec3(0.0, 1.6, 0.0) part0_pos=(0.274,1.300,-0.620)
[2026-08-16T01:52:29Z INFO  steel_front] gundbg: cam_pos=Vec3(0.0, 1.6, 0.0) part0_pos=(0.274,1.300,-0.620)
[2026-08-16T01:52:29Z INFO  steel_front] gundbg: cam_pos=Vec3(0.0, 1.6, 0.0) part0_pos=(0.274,1.300,-0.620)
[2026-08-16T01:52:29Z INFO  steel_front] gundbg: cam_pos=Vec3(0.0, 1.6, 0.0) part0_pos=(0.273,1.300,-0.620)
[2026-08-16T01:52:29Z INFO  steel_front] gundbg: cam_pos=Vec3(0.0, 1.6, 0.0) part0_pos=(0.273,1.300,-0.620)
[2026-08-16T01:52:29Z INFO  steel_front::engine::renderer] huddbg: set_hud_quads quads=3147 count=3147 mapped_null=false capacity=4096 first=[px=(0,0,2560x1600) ndc=(-1.000,1.000)-(1.000,-1.000) rgba=(0.00,0.00,0.00,0.72)] last=[px=(1439,1450,2x2) ndc=(0.124,-0.812)-(0.126,-0.815) rgba=(0.60,0.60,0.60,1.00)]
[2026-08-16T01:52:29Z INFO  steel_front::engine::game] npc: #1 stand (-11.4, 0.0, 3.6)
[2026-08-16T01:52:29Z INFO  steel_front] cam: yaw=0.0 pitch=0.0 dist=3.4 mode=FirstPerson cycle_us=2762 update_us=32 render_us=2730
[2026-08-16T01:52:29Z INFO  steel_front::engine::renderer] huddbg: set_hud_quads quads=3147 count=3147 mapped_null=false capacity=4096 first=[px=(0,0,2560x1600) ndc=(-1.000,1.000)-(1.000,-1.000) rgba=(0.00,0.00,0.00,0.72)] last=[px=(1439,1450,2x2) ndc=(0.124,-0.812)-(0.126,-0.815) rgba=(0.60,0.60,0.60,1.00)]
[2026-08-16T01:52:30Z INFO  steel_front::engine::renderer] huddbg: set_hud_quads quads=3147 count=3147 mapped_null=false capacity=4096 first=[px=(0,0,2560x1600) ndc=(-1.000,1.000)-(1.000,-1.000) rgba=(0.00,0.00,0.00,0.72)] last=[px=(1439,1450,2x2) ndc=(0.124,-0.812)-(0.126,-0.815) rgba=(0.60,0.60,0.60,1.00)]
[2026-08-16T01:52:30Z INFO  steel_front::engine::renderer] visible=65536/65536 near=65536 far=0 fps=374.1 frame_us=1451 cull_us=3 terrain_us=0 wait_fence_us=2351 acquire_us=1 record_us=41 submit_us=94 present_us=210 terrain_lod=high blend=0.000 quality=中画质 marker=62 npc=1018
[2026-08-16T01:52:30Z INFO  steel_front] huddbg: state=StartMenu quads=3147 gun=10
[2026-08-16T01:52:30Z INFO  steel_front] huddbg: state=StartMenu quads=3147 gun=10
[2026-08-16T01:52:30Z INFO  steel_front] huddbg: state=StartMenu quads=3147 gun=10
[2026-08-16T01:52:30Z INFO  steel_front::engine::game] ai: npcs=8 near=8 far=0 idle=0 patrol=0 chase=5 attack=3 tactics=[8, 0, 0, 0, 0, 0, 0, 0]
[2026-08-16T01:52:30Z INFO  steel_front::engine::game] game: wave=1 enemies=8 enemy_hp=100 hp=100/100 score=0 phys_us=2 ai_us=201 audio_us=9 net_us=0
[2026-08-16T01:52:30Z INFO  steel_front] huddbg: state=StartMenu quads=3147 gun=10
[2026-08-16T01:52:30Z INFO  steel_front] huddbg: state=StartMenu quads=3147 gun=10
[2026-08-16T01:52:30Z INFO  steel_front] huddbg: state=StartMenu quads=3147 gun=10
[2026-08-16T01:52:30Z INFO  steel_front] huddbg: state=StartMenu quads=3147 gun=10
[2026-08-16T01:52:30Z INFO  steel_front] huddbg: state=StartMenu quads=3147 gun=10
[2026-08-16T01:52:30Z INFO  steel_front] huddbg: state=StartMenu quads=3147 gun=10
[2026-08-16T01:52:30Z INFO  steel_front] huddbg: state=StartMenu quads=3147 gun=10
[2026-08-16T01:52:30Z INFO  steel_front] huddbg: state=StartMenu quads=3147 gun=10
[2026-08-16T01:52:30Z INFO  steel_front::engine::renderer] huddbg: set_hud_quads quads=3147 count=3147 mapped_null=false capacity=4096 first=[px=(0,0,2560x1600) ndc=(-1.000,1.000)-(1.000,-1.000) rgba=(0.00,0.00,0.00,0.72)] last=[px=(1439,1450,2x2) ndc=(0.124,-0.812)-(0.126,-0.815) rgba=(0.60,0.60,0.60,1.00)]
[2026-08-16T01:52:30Z INFO  steel_front] cam: yaw=0.0 pitch=0.0 dist=3.4 mode=FirstPerson cycle_us=2322 update_us=15 render_us=2307
[2026-08-16T01:52:30Z INFO  steel_front::engine::renderer] huddbg: set_hud_quads quads=3147 count=3147 mapped_null=false capacity=4096 first=[px=(0,0,2560x1600) ndc=(-1.000,1.000)-(1.000,-1.000) rgba=(0.00,0.00,0.00,0.72)] last=[px=(1439,1450,2x2) ndc=(0.124,-0.812)-(0.126,-0.815) rgba=(0.60,0.60,0.60,1.00)]
[2026-08-16T01:52:31Z INFO  steel_front::engine::renderer] huddbg: set_hud_quads quads=3147 count=3147 mapped_null=false capacity=4096 first=[px=(0,0,2560x1600) ndc=(-1.000,1.000)-(1.000,-1.000) rgba=(0.00,0.00,0.00,0.72)] last=[px=(1439,1450,2x2) ndc=(0.124,-0.812)-(0.126,-0.815) rgba=(0.60,0.60,0.60,1.00)]
[2026-08-16T01:52:31Z INFO  steel_front::engine::renderer] visible=65536/65536 near=65536 far=0 fps=384.0 frame_us=2015 cull_us=2 terrain_us=0 wait_fence_us=2347 acquire_us=0 record_us=38 submit_us=24 present_us=184 terrain_lod=high blend=0.000 quality=中画质 marker=58 npc=1018
[2026-08-16T01:52:31Z INFO  steel_front::engine::game] ai: npcs=8 near=8 far=0 idle=0 patrol=0 chase=5 attack=3 tactics=[8, 0, 0, 0, 0, 0, 0, 0]
[2026-08-16T01:52:31Z INFO  steel_front::engine::game] game: wave=1 enemies=8 enemy_hp=100 hp=100/100 score=0 phys_us=0 ai_us=317 audio_us=11 net_us=0
[2026-08-16T01:52:31Z INFO  steel_front::engine::renderer] huddbg: set_hud_quads quads=3147 count=3147 mapped_null=false capacity=4096 first=[px=(0,0,2560x1600) ndc=(-1.000,1.000)-(1.000,-1.000) rgba=(0.00,0.00,0.00,0.72)] last=[px=(1439,1450,2x2) ndc=(0.124,-0.812)-(0.126,-0.815) rgba=(0.60,0.60,0.60,1.00)]
[2026-08-16T01:52:31Z INFO  steel_front::engine::renderer] huddbg: set_hud_quads quads=3147 count=3147 mapped_null=false capacity=4096 first=[px=(0,0,2560x1600) ndc=(-1.000,1.000)-(1.000,-1.000) rgba=(0.00,0.00,0.00,0.72)] last=[px=(1439,1450,2x2) ndc=(0.124,-0.812)-(0.126,-0.815) rgba=(0.60,0.60,0.60,1.00)]
[2026-08-16T01:52:31Z INFO  steel_front] cam: yaw=0.0 pitch=0.0 dist=3.4 mode=FirstPerson cycle_us=2580 update_us=19 render_us=2560
[2026-08-16T01:52:32Z INFO  steel_front::engine::renderer] huddbg: set_hud_quads quads=3147 count=3147 mapped_null=false capacity=4096 first=[px=(0,0,2560x1600) ndc=(-1.000,1.000)-(1.000,-1.000) rgba=(0.00,0.00,0.00,0.72)] last=[px=(1439,1450,2x2) ndc=(0.124,-0.812)-(0.126,-0.815) rgba=(0.60,0.60,0.60,1.00)]
[2026-08-16T01:52:32Z INFO  steel_front::engine::renderer] visible=65536/65536 near=65536 far=0 fps=383.9 frame_us=1889 cull_us=2 terrain_us=0 wait_fence_us=2404 acquire_us=0 record_us=38 submit_us=23 present_us=184 terrain_lod=high blend=0.000 quality=中画质 marker=62 npc=1018
[2026-08-16T01:52:32Z INFO  steel_front::engine::game] ai: npcs=8 near=8 far=0 idle=0 patrol=0 chase=5 attack=3 tactics=[8, 0, 0, 0, 0, 0, 0, 0]
[2026-08-16T01:52:32Z INFO  steel_front::engine::game] game: wave=1 enemies=8 enemy_hp=100 hp=100/100 score=0 phys_us=2 ai_us=406 audio_us=14 net_us=0
[2026-08-16T01:52:32Z INFO  steel_front::engine::renderer] huddbg: set_hud_quads quads=3147 count=3147 mapped_null=false capacity=4096 first=[px=(0,0,2560x1600) ndc=(-1.000,1.000)-(1.000,-1.000) rgba=(0.00,0.00,0.00,0.72)] last=[px=(1439,1450,2x2) ndc=(0.124,-0.812)-(0.126,-0.815) rgba=(0.60,0.60,0.60,1.00)]
[2026-08-16T01:52:32Z INFO  steel_front::engine::renderer] huddbg: set_hud_quads quads=3147 count=3147 mapped_null=false capacity=4096 first=[px=(0,0,2560x1600) ndc=(-1.000,1.000)-(1.000,-1.000) rgba=(0.00,0.00,0.00,0.72)] last=[px=(1439,1450,2x2) ndc=(0.124,-0.812)-(0.126,-0.815) rgba=(0.60,0.60,0.60,1.00)]
[2026-08-16T01:52:32Z INFO  steel_front] cam: yaw=0.0 pitch=0.0 dist=3.4 mode=FirstPerson cycle_us=3249 update_us=31 render_us=3218
[2026-08-16T01:52:33Z INFO  steel_front::engine::renderer] huddbg: set_hud_quads quads=3147 count=3147 mapped_null=false capacity=4096 first=[px=(0,0,2560x1600) ndc=(-1.000,1.000)-(1.000,-1.000) rgba=(0.00,0.00,0.00,0.72)] last=[px=(1439,1450,2x2) ndc=(0.124,-0.812)-(0.126,-0.815) rgba=(0.60,0.60,0.60,1.00)]
[2026-08-16T01:52:33Z INFO  steel_front::engine::renderer] visible=65536/65536 near=65536 far=0 fps=384.2 frame_us=2816 cull_us=3 terrain_us=0 wait_fence_us=2002 acquire_us=1 record_us=43 submit_us=54 present_us=205 terrain_lod=high blend=0.000 quality=中画质 marker=59 npc=1018
[2026-08-16T01:52:33Z INFO  steel_front] gundbg: cam_pos=Vec3(0.0, 1.6, 0.0) part0_pos=(0.274,1.300,-0.620)
[2026-08-16T01:52:33Z INFO  steel_front] size diag: window_inner=2560x1600 hud=2560x1600
[2026-08-16T01:52:33Z INFO  steel_front] huddbg: state=StartMenu quads=3147 gun=10
[2026-08-16T01:52:33Z INFO  steel_front] gundbg: cam_pos=Vec3(0.0, 1.6, 0.0) part0_pos=(0.274,1.300,-0.620)
[2026-08-16T01:52:33Z INFO  steel_front] size diag: window_inner=2560x1600 hud=2560x1600
[2026-08-16T01:52:33Z INFO  steel_front] huddbg: state=StartMenu quads=3147 gun=10
[2026-08-16T01:52:33Z INFO  steel_front] gundbg: cam_pos=Vec3(0.0, 1.6, 0.0) part0_pos=(0.275,1.300,-0.620)
[2026-08-16T01:52:33Z INFO  steel_front] size diag: window_inner=2560x1600 hud=2560x1600
[2026-08-16T01:52:33Z INFO  steel_front] huddbg: state=StartMenu quads=3147 gun=10
[2026-08-16T01:52:33Z INFO  steel_front] gundbg: cam_pos=Vec3(0.0, 1.6, 0.0) part0_pos=(0.275,1.300,-0.620)
[2026-08-16T01:52:33Z INFO  steel_front] size diag: window_inner=2560x1600 hud=2560x1600
[2026-08-16T01:52:33Z INFO  steel_front] huddbg: state=StartMenu quads=3147 gun=10
[2026-08-16T01:52:33Z INFO  steel_front::engine::game] ai: npcs=8 near=8 far=0 idle=0 patrol=0 chase=5 attack=3 tactics=[8, 0, 0, 0, 0, 0, 0, 0]
[2026-08-16T01:52:33Z INFO  steel_front::engine::game] game: wave=1 enemies=8 enemy_hp=100 hp=100/100 score=0 phys_us=2 ai_us=186 audio_us=20 net_us=0
[2026-08-16T01:52:33Z INFO  steel_front] gundbg: cam_pos=Vec3(0.0, 1.6, 0.0) part0_pos=(0.275,1.300,-0.620)
[2026-08-16T01:52:33Z INFO  steel_front] size diag: window_inner=2560x1600 hud=2560x1600
[2026-08-16T01:52:33Z INFO  steel_front] huddbg: state=StartMenu quads=3147 gun=10
[2026-08-16T01:52:33Z INFO  steel_front::engine::renderer] huddbg: set_hud_quads quads=3147 count=3147 mapped_null=false capacity=4096 first=[px=(0,0,2560x1600) ndc=(-1.000,1.000)-(1.000,-1.000) rgba=(0.00,0.00,0.00,0.72)] last=[px=(1439,1450,2x2) ndc=(0.124,-0.812)-(0.126,-0.815) rgba=(0.60,0.60,0.60,1.00)]
[2026-08-16T01:52:33Z INFO  steel_front] gundbg: cam_pos=Vec3(0.0, 1.6, 0.0) part0_pos=(0.275,1.300,-0.620)
[2026-08-16T01:52:33Z INFO  steel_front] size diag: window_inner=2560x1600 hud=2560x1600
[2026-08-16T01:52:33Z INFO  steel_front] huddbg: state=StartMenu quads=3147 gun=10
[2026-08-16T01:52:33Z INFO  steel_front] gundbg: cam_pos=Vec3(0.0, 1.6, 0.0) part0_pos=(0.276,1.300,-0.620)
[2026-08-16T01:52:33Z INFO  steel_front] size diag: window_inner=2560x1600 hud=2560x1600
[2026-08-16T01:52:33Z INFO  steel_front] huddbg: state=StartMenu quads=3147 gun=10
[2026-08-16T01:52:33Z INFO  steel_front] gundbg: cam_pos=Vec3(0.0, 1.6, 0.0) part0_pos=(0.276,1.300,-0.620)
[2026-08-16T01:52:33Z INFO  steel_front] size diag: window_inner=2560x1600 hud=2560x1600
[2026-08-16T01:52:33Z INFO  steel_front] huddbg: state=StartMenu quads=3147 gun=10
[2026-08-16T01:52:33Z INFO  steel_front] gundbg: cam_pos=Vec3(0.0, 1.6, 0.0) part0_pos=(0.276,1.300,-0.620)
[2026-08-16T01:52:33Z INFO  steel_front] size diag: window_inner=2560x1600 hud=2560x1600
[2026-08-16T01:52:33Z INFO  steel_front] huddbg: state=StartMenu quads=3147 gun=10
[2026-08-16T01:52:33Z INFO  steel_front] gundbg: cam_pos=Vec3(0.0, 1.6, 0.0) part0_pos=(0.277,1.300,-0.620)
[2026-08-16T01:52:33Z INFO  steel_front] size diag: window_inner=2560x1600 hud=2560x1600
[2026-08-16T01:52:33Z INFO  steel_front] huddbg: state=StartMenu quads=3147 gun=10
[2026-08-16T01:52:33Z INFO  steel_front] gundbg: cam_pos=Vec3(0.0, 1.6, 0.0) part0_pos=(0.277,1.300,-0.620)
[2026-08-16T01:52:33Z INFO  steel_front] size diag: window_inner=2560x1600 hud=2560x1600
[2026-08-16T01:52:33Z INFO  steel_front] huddbg: state=StartMenu quads=3147 gun=10
[2026-08-16T01:52:33Z INFO  steel_front] gundbg: cam_pos=Vec3(0.0, 1.6, 0.0) part0_pos=(0.277,1.300,-0.620)
[2026-08-16T01:52:33Z INFO  steel_front] size diag: window_inner=2560x1600 hud=2560x1600
[2026-08-16T01:52:33Z INFO  steel_front] huddbg: state=StartMenu quads=3147 gun=10
[2026-08-16T01:52:33Z INFO  steel_front] size diag: window_inner=2560x1600 hud=2560x1600
[2026-08-16T01:52:33Z INFO  steel_front] size diag: window_inner=2560x1600 hud=2560x1600
[2026-08-16T01:52:33Z INFO  steel_front] size diag: window_inner=2560x1600 hud=2560x1600
[2026-08-16T01:52:33Z INFO  steel_front] size diag: window_inner=2560x1600 hud=2560x1600
[2026-08-16T01:52:33Z INFO  steel_front] size diag: window_inner=2560x1600 hud=2560x1600
[2026-08-16T01:52:33Z INFO  steel_front] size diag: window_inner=2560x1600 hud=2560x1600
[2026-08-16T01:52:33Z INFO  steel_front] size diag: window_inner=2560x1600 hud=2560x1600
[2026-08-16T01:52:33Z INFO  steel_front] size diag: window_inner=2560x1600 hud=2560x1600
[2026-08-16T01:52:33Z INFO  steel_front::engine::renderer] huddbg: set_hud_quads quads=3147 count=3147 mapped_null=false capacity=4096 first=[px=(0,0,2560x1600) ndc=(-1.000,1.000)-(1.000,-1.000) rgba=(0.00,0.00,0.00,0.72)] last=[px=(1439,1450,2x2) ndc=(0.124,-0.812)-(0.126,-0.815) rgba=(0.60,0.60,0.60,1.00)]
[2026-08-16T01:52:33Z INFO  steel_front] cam: yaw=0.0 pitch=0.0 dist=3.4 mode=FirstPerson cycle_us=2005 update_us=17 render_us=1987
[2026-08-16T01:52:33Z INFO  steel_front::engine::renderer] huddbg: set_hud_quads quads=3147 count=3147 mapped_null=false capacity=4096 first=[px=(0,0,2560x1600) ndc=(-1.000,1.000)-(1.000,-1.000) rgba=(0.00,0.00,0.00,0.72)] last=[px=(1439,1450,2x2) ndc=(0.124,-0.812)-(0.126,-0.815) rgba=(0.60,0.60,0.60,1.00)]
[2026-08-16T01:52:34Z INFO  steel_front::engine::game] npc: #5 stand (11.8, 0.0, 2.0)
[2026-08-16T01:52:34Z INFO  steel_front::engine::renderer] visible=65536/65536 near=65536 far=0 fps=383.8 frame_us=2815 cull_us=2 terrain_us=0 wait_fence_us=2071 acquire_us=0 record_us=33 submit_us=27 present_us=186 terrain_lod=high blend=0.000 quality=中画质 marker=62 npc=1018
[2026-08-16T01:52:34Z INFO  steel_front::engine::renderer] huddbg: set_hud_quads quads=3147 count=3147 mapped_null=false capacity=4096 first=[px=(0,0,2560x1600) ndc=(-1.000,1.000)-(1.000,-1.000) rgba=(0.00,0.00,0.00,0.72)] last=[px=(1439,1450,2x2) ndc=(0.124,-0.812)-(0.126,-0.815) rgba=(0.60,0.60,0.60,1.00)]
[2026-08-16T01:52:34Z INFO  steel_front::engine::game] ai: npcs=8 near=8 far=0 idle=0 patrol=0 chase=4 attack=4 tactics=[8, 0, 0, 0, 0, 0, 0, 0]
[2026-08-16T01:52:34Z INFO  steel_front::engine::game] game: wave=1 enemies=8 enemy_hp=100 hp=100/100 score=0 phys_us=1 ai_us=317 audio_us=26 net_us=0
[2026-08-16T01:52:34Z INFO  steel_front::engine::renderer] huddbg: set_hud_quads quads=3147 count=3147 mapped_null=false capacity=4096 first=[px=(0,0,2560x1600) ndc=(-1.000,1.000)-(1.000,-1.000) rgba=(0.00,0.00,0.00,0.72)] last=[px=(1439,1450,2x2) ndc=(0.124,-0.812)-(0.126,-0.815) rgba=(0.60,0.60,0.60,1.00)]
[2026-08-16T01:52:34Z INFO  steel_front] cam: yaw=0.0 pitch=0.0 dist=3.4 mode=FirstPerson cycle_us=3416 update_us=35 render_us=3381
[2026-08-16T01:52:34Z INFO  steel_front::engine::renderer] huddbg: set_hud_quads quads=3147 count=3147 mapped_null=false capacity=4096 first=[px=(0,0,2560x1600) ndc=(-1.000,1.000)-(1.000,-1.000) rgba=(0.00,0.00,0.00,0.72)] last=[px=(1439,1450,2x2) ndc=(0.124,-0.812)-(0.126,-0.815) rgba=(0.60,0.60,0.60,1.00)]
[2026-08-16T01:52:35Z INFO  steel_front::engine::game] npc: #7 stand (11.5, 0.0, 3.4)
[2026-08-16T01:52:35Z INFO  steel_front::engine::renderer] visible=65536/65536 near=65536 far=0 fps=379.6 frame_us=2810 cull_us=3 terrain_us=0 wait_fence_us=2059 acquire_us=1 record_us=38 submit_us=43 present_us=187 terrain_lod=high blend=0.000 quality=中画质 marker=82 npc=1018
[2026-08-16T01:52:35Z INFO  steel_front::engine::renderer] huddbg: set_hud_quads quads=3147 count=3147 mapped_null=false capacity=4096 first=[px=(0,0,2560x1600) ndc=(-1.000,1.000)-(1.000,-1.000) rgba=(0.00,0.00,0.00,0.72)] last=[px=(1439,1450,2x2) ndc=(0.124,-0.812)-(0.126,-0.815) rgba=(0.60,0.60,0.60,1.00)]
[2026-08-16T01:52:35Z INFO  steel_front::engine::game] ai: npcs=8 near=8 far=0 idle=0 patrol=0 chase=3 attack=5 tactics=[8, 0, 0, 0, 0, 0, 0, 0]
[2026-08-16T01:52:35Z INFO  steel_front::engine::game] game: wave=1 enemies=8 enemy_hp=100 hp=100/100 score=0 phys_us=2 ai_us=401 audio_us=23 net_us=0
[2026-08-16T01:52:35Z INFO  steel_front::engine::renderer] huddbg: set_hud_quads quads=3147 count=3147 mapped_null=false capacity=4096 first=[px=(0,0,2560x1600) ndc=(-1.000,1.000)-(1.000,-1.000) rgba=(0.00,0.00,0.00,0.72)] last=[px=(1439,1450,2x2) ndc=(0.124,-0.812)-(0.126,-0.815) rgba=(0.60,0.60,0.60,1.00)]
[2026-08-16T01:52:35Z INFO  steel_front] cam: yaw=0.0 pitch=0.0 dist=3.4 mode=FirstPerson cycle_us=3306 update_us=16 render_us=3289
[2026-08-16T01:52:35Z INFO  steel_front::engine::renderer] huddbg: set_hud_quads quads=3147 count=3147 mapped_null=false capacity=4096 first=[px=(0,0,2560x1600) ndc=(-1.000,1.000)-(1.000,-1.000) rgba=(0.00,0.00,0.00,0.72)] last=[px=(1439,1450,2x2) ndc=(0.124,-0.812)-(0.126,-0.815) rgba=(0.60,0.60,0.60,1.00)]
[2026-08-16T01:52:36Z INFO  steel_front::engine::renderer] huddbg: set_hud_quads quads=3147 count=3147 mapped_null=false capacity=4096 first=[px=(0,0,2560x1600) ndc=(-1.000,1.000)-(1.000,-1.000) rgba=(0.00,0.00,0.00,0.72)] last=[px=(1439,1450,2x2) ndc=(0.124,-0.812)-(0.126,-0.815) rgba=(0.60,0.60,0.60,1.00)]
[2026-08-16T01:52:36Z INFO  steel_front::engine::renderer] visible=65536/65536 near=65536 far=0 fps=379.5 frame_us=2075 cull_us=3 terrain_us=0 wait_fence_us=2226 acquire_us=1 record_us=41 submit_us=35 present_us=203 terrain_lod=high blend=0.000 quality=中画质 marker=84 npc=1018
[2026-08-16T01:52:36Z INFO  steel_front] huddbg: state=StartMenu quads=3147 gun=10
[2026-08-16T01:52:36Z INFO  steel_front] huddbg: state=StartMenu quads=3147 gun=10
[2026-08-16T01:52:36Z INFO  steel_front] huddbg: state=StartMenu quads=3147 gun=10
[2026-08-16T01:52:36Z INFO  steel_front] huddbg: state=StartMenu quads=3147 gun=10
[2026-08-16T01:52:36Z INFO  steel_front] huddbg: state=StartMenu quads=3147 gun=10
[2026-08-16T01:52:36Z INFO  steel_front::engine::game] ai: npcs=8 near=8 far=0 idle=0 patrol=0 chase=3 attack=5 tactics=[8, 0, 0, 0, 0, 0, 0, 0]
[2026-08-16T01:52:36Z INFO  steel_front::engine::game] game: wave=1 enemies=8 enemy_hp=100 hp=100/100 score=0 phys_us=2 ai_us=191 audio_us=12 net_us=0
[2026-08-16T01:52:36Z INFO  steel_front] huddbg: state=StartMenu quads=3147 gun=10
[2026-08-16T01:52:36Z INFO  steel_front] huddbg: state=StartMenu quads=3147 gun=10
[2026-08-16T01:52:36Z INFO  steel_front] huddbg: state=StartMenu quads=3147 gun=10
[2026-08-16T01:52:36Z INFO  steel_front] huddbg: state=StartMenu quads=3147 gun=10
[2026-08-16T01:52:36Z INFO  steel_front] huddbg: state=StartMenu quads=3147 gun=10
[2026-08-16T01:52:36Z INFO  steel_front] huddbg: state=StartMenu quads=3147 gun=10
[2026-08-16T01:52:36Z INFO  steel_front::engine::renderer] huddbg: set_hud_quads quads=3147 count=3147 mapped_null=false capacity=4096 first=[px=(0,0,2560x1600) ndc=(-1.000,1.000)-(1.000,-1.000) rgba=(0.00,0.00,0.00,0.72)] last=[px=(1439,1450,2x2) ndc=(0.124,-0.812)-(0.126,-0.815) rgba=(0.60,0.60,0.60,1.00)]
[2026-08-16T01:52:36Z INFO  steel_front::engine::game] npc: #2 stand (1.8, 0.0, -11.9)
[2026-08-16T01:52:36Z INFO  steel_front::engine::renderer] huddbg: set_hud_quads quads=3147 count=3147 mapped_null=false capacity=4096 first=[px=(0,0,2560x1600) ndc=(-1.000,1.000)-(1.000,-1.000) rgba=(0.00,0.00,0.00,0.72)] last=[px=(1439,1450,2x2) ndc=(0.124,-0.812)-(0.126,-0.815) rgba=(0.60,0.60,0.60,1.00)]
[2026-08-16T01:52:36Z INFO  steel_front::engine::game] npc: #0 stand (2.9, 0.0, -11.6)
[2026-08-16T01:52:36Z INFO  steel_front] cam: yaw=0.0 pitch=0.0 dist=3.4 mode=FirstPerson cycle_us=2914 update_us=13 render_us=2900
[2026-08-16T01:52:37Z INFO  steel_front::engine::renderer] huddbg: set_hud_quads quads=3147 count=3147 mapped_null=false capacity=4096 first=[px=(0,0,2560x1600) ndc=(-1.000,1.000)-(1.000,-1.000) rgba=(0.00,0.00,0.00,0.72)] last=[px=(1439,1450,2x2) ndc=(0.124,-0.812)-(0.126,-0.815) rgba=(0.60,0.60,0.60,1.00)]
[2026-08-16T01:52:37Z INFO  steel_front::engine::renderer] visible=65536/65536 near=65536 far=0 fps=380.2 frame_us=1949 cull_us=3 terrain_us=0 wait_fence_us=2240 acquire_us=1 record_us=19 submit_us=17 present_us=98 terrain_lod=high blend=0.000 quality=中画质 marker=84 npc=1018
[2026-08-16T01:52:37Z INFO  steel_front] gundbg: cam_pos=Vec3(0.0, 1.6, 0.0) part0_pos=(0.292,1.300,-0.620)
[2026-08-16T01:52:37Z INFO  steel_front] gundbg: cam_pos=Vec3(0.0, 1.6, 0.0) part0_pos=(0.292,1.300,-0.620)
[2026-08-16T01:52:37Z INFO  steel_front] gundbg: cam_pos=Vec3(0.0, 1.6, 0.0) part0_pos=(0.292,1.300,-0.620)
[2026-08-16T01:52:37Z INFO  steel_front] gundbg: cam_pos=Vec3(0.0, 1.6, 0.0) part0_pos=(0.291,1.300,-0.620)
[2026-08-16T01:52:37Z INFO  steel_front] gundbg: cam_pos=Vec3(0.0, 1.6, 0.0) part0_pos=(0.291,1.300,-0.620)
[2026-08-16T01:52:37Z INFO  steel_front] gundbg: cam_pos=Vec3(0.0, 1.6, 0.0) part0_pos=(0.291,1.300,-0.620)
[2026-08-16T01:52:37Z INFO  steel_front::engine::game] ai: npcs=8 near=8 far=0 idle=0 patrol=0 chase=1 attack=7 tactics=[8, 0, 0, 0, 0, 0, 0, 0]
[2026-08-16T01:52:37Z INFO  steel_front::engine::game] game: wave=1 enemies=8 enemy_hp=100 hp=100/100 score=0 phys_us=2 ai_us=194 audio_us=22 net_us=0
[2026-08-16T01:52:37Z INFO  steel_front] gundbg: cam_pos=Vec3(0.0, 1.6, 0.0) part0_pos=(0.291,1.300,-0.620)
[2026-08-16T01:52:37Z INFO  steel_front] gundbg: cam_pos=Vec3(0.0, 1.6, 0.0) part0_pos=(0.291,1.300,-0.620)
[2026-08-16T01:52:37Z INFO  steel_front] gundbg: cam_pos=Vec3(0.0, 1.6, 0.0) part0_pos=(0.291,1.300,-0.620)
[2026-08-16T01:52:37Z INFO  steel_front] gundbg: cam_pos=Vec3(0.0, 1.6, 0.0) part0_pos=(0.291,1.300,-0.620)
[2026-08-16T01:52:37Z INFO  steel_front] gundbg: cam_pos=Vec3(0.0, 1.6, 0.0) part0_pos=(0.291,1.300,-0.620)
[2026-08-16T01:52:37Z INFO  steel_front::engine::renderer] huddbg: set_hud_quads quads=3147 count=3147 mapped_null=false capacity=4096 first=[px=(0,0,2560x1600) ndc=(-1.000,1.000)-(1.000,-1.000) rgba=(0.00,0.00,0.00,0.72)] last=[px=(1439,1450,2x2) ndc=(0.124,-0.812)-(0.126,-0.815) rgba=(0.60,0.60,0.60,1.00)]
[2026-08-16T01:52:37Z INFO  steel_front::engine::renderer] huddbg: set_hud_quads quads=3147 count=3147 mapped_null=false capacity=4096 first=[px=(0,0,2560x1600) ndc=(-1.000,1.000)-(1.000,-1.000) rgba=(0.00,0.00,0.00,0.72)] last=[px=(1439,1450,2x2) ndc=(0.124,-0.812)-(0.126,-0.815) rgba=(0.60,0.60,0.60,1.00)]
[2026-08-16T01:52:37Z INFO  steel_front] cam: yaw=0.0 pitch=0.0 dist=3.4 mode=FirstPerson cycle_us=2618 update_us=16 render_us=2602
[2026-08-16T01:52:38Z INFO  steel_front::engine::renderer] huddbg: set_hud_quads quads=3147 count=3147 mapped_null=false capacity=4096 first=[px=(0,0,2560x1600) ndc=(-1.000,1.000)-(1.000,-1.000) rgba=(0.00,0.00,0.00,0.72)] last=[px=(1439,1450,2x2) ndc=(0.124,-0.812)-(0.126,-0.815) rgba=(0.60,0.60,0.60,1.00)]
[2026-08-16T01:52:38Z INFO  steel_front::engine::renderer] visible=65536/65536 near=65536 far=0 fps=384.3 frame_us=2490 cull_us=2 terrain_us=0 wait_fence_us=2070 acquire_us=0 record_us=39 submit_us=25 present_us=186 terrain_lod=high blend=0.000 quality=中画质 marker=84 npc=1018
[2026-08-16T01:52:38Z INFO  steel_front] size diag: window_inner=2560x1600 hud=2560x1600
[2026-08-16T01:52:38Z INFO  steel_front] size diag: window_inner=2560x1600 hud=2560x1600
[2026-08-16T01:52:38Z INFO  steel_front] size diag: window_inner=2560x1600 hud=2560x1600
[2026-08-16T01:52:38Z INFO  steel_front] size diag: window_inner=2560x1600 hud=2560x1600
[2026-08-16T01:52:38Z INFO  steel_front] size diag: window_inner=2560x1600 hud=2560x1600
[2026-08-16T01:52:38Z INFO  steel_front] size diag: window_inner=2560x1600 hud=2560x1600
[2026-08-16T01:52:38Z INFO  steel_front] size diag: window_inner=2560x1600 hud=2560x1600
[2026-08-16T01:52:38Z INFO  steel_front::engine::game] ai: npcs=8 near=8 far=0 idle=0 patrol=0 chase=1 attack=7 tactics=[8, 0, 0, 0, 0, 0, 0, 0]
[2026-08-16T01:52:38Z INFO  steel_front::engine::game] game: wave=1 enemies=8 enemy_hp=100 hp=100/100 score=0 phys_us=4 ai_us=199 audio_us=9 net_us=0
[2026-08-16T01:52:38Z INFO  steel_front] size diag: window_inner=2560x1600 hud=2560x1600
[2026-08-16T01:52:38Z INFO  steel_front] size diag: window_inner=2560x1600 hud=2560x1600
[2026-08-16T01:52:38Z INFO  steel_front] size diag: window_inner=2560x1600 hud=2560x1600
[2026-08-16T01:52:38Z INFO  steel_front] size diag: window_inner=2560x1600 hud=2560x1600
[2026-08-16T01:52:38Z INFO  steel_front] size diag: window_inner=2560x1600 hud=2560x1600
[2026-08-16T01:52:38Z INFO  steel_front] size diag: window_inner=2560x1600 hud=2560x1600
[2026-08-16T01:52:38Z INFO  steel_front] size diag: window_inner=2560x1600 hud=2560x1600
[2026-08-16T01:52:38Z INFO  steel_front] size diag: window_inner=2560x1600 hud=2560x1600
[2026-08-16T01:52:38Z INFO  steel_front] size diag: window_inner=2560x1600 hud=2560x1600
[2026-08-16T01:52:38Z INFO  steel_front] size diag: window_inner=2560x1600 hud=2560x1600
[2026-08-16T01:52:38Z INFO  steel_front] size diag: window_inner=2560x1600 hud=2560x1600
[2026-08-16T01:52:38Z INFO  steel_front::engine::renderer] huddbg: set_hud_quads quads=3147 count=3147 mapped_null=false capacity=4096 first=[px=(0,0,2560x1600) ndc=(-1.000,1.000)-(1.000,-1.000) rgba=(0.00,0.00,0.00,0.72)] last=[px=(1439,1450,2x2) ndc=(0.124,-0.812)-(0.126,-0.815) rgba=(0.60,0.60,0.60,1.00)]
[2026-08-16T01:52:38Z INFO  steel_front] size diag: window_inner=2560x1600 hud=2560x1600
[2026-08-16T01:52:38Z INFO  steel_front::engine::renderer] huddbg: set_hud_quads quads=3147 count=3147 mapped_null=false capacity=4096 first=[px=(0,0,2560x1600) ndc=(-1.000,1.000)-(1.000,-1.000) rgba=(0.00,0.00,0.00,0.72)] last=[px=(1439,1450,2x2) ndc=(0.124,-0.812)-(0.126,-0.815) rgba=(0.60,0.60,0.60,1.00)]
[2026-08-16T01:52:38Z INFO  steel_front] cam: yaw=0.0 pitch=0.0 dist=3.4 mode=FirstPerson cycle_us=2784 update_us=13 render_us=2770
[2026-08-16T01:52:39Z INFO  steel_front::engine::renderer] huddbg: set_hud_quads quads=3147 count=3147 mapped_null=false capacity=4096 first=[px=(0,0,2560x1600) ndc=(-1.000,1.000)-(1.000,-1.000) rgba=(0.00,0.00,0.00,0.72)] last=[px=(1439,1450,2x2) ndc=(0.124,-0.812)-(0.126,-0.815) rgba=(0.60,0.60,0.60,1.00)]
[2026-08-16T01:52:39Z INFO  steel_front::engine::renderer] visible=65536/65536 near=65536 far=0 fps=384.0 frame_us=1941 cull_us=3 terrain_us=0 wait_fence_us=2068 acquire_us=1 record_us=44 submit_us=40 present_us=196 terrain_lod=high blend=0.000 quality=中画质 marker=84 npc=1018
[2026-08-16T01:52:39Z INFO  steel_front::engine::renderer] huddbg: set_hud_quads quads=3147 count=3147 mapped_null=false capacity=4096 first=[px=(0,0,2560x1600) ndc=(-1.000,1.000)-(1.000,-1.000) rgba=(0.00,0.00,0.00,0.72)] last=[px=(1439,1450,2x2) ndc=(0.124,-0.812)-(0.126,-0.815) rgba=(0.60,0.60,0.60,1.00)]
[2026-08-16T01:52:39Z INFO  steel_front] huddbg: state=StartMenu quads=3147 gun=10
[2026-08-16T01:52:39Z INFO  steel_front] huddbg: state=StartMenu quads=3147 gun=10
[2026-08-16T01:52:39Z INFO  steel_front] huddbg: state=StartMenu quads=3147 gun=10
[2026-08-16T01:52:39Z INFO  steel_front] huddbg: state=StartMenu quads=3147 gun=10
[2026-08-16T01:52:39Z INFO  steel_front] huddbg: state=StartMenu quads=3147 gun=10
[2026-08-16T01:52:39Z INFO  steel_front] huddbg: state=StartMenu quads=3147 gun=10
[2026-08-16T01:52:39Z INFO  steel_front] huddbg: state=StartMenu quads=3147 gun=10
[2026-08-16T01:52:39Z INFO  steel_front::engine::game] ai: npcs=8 near=8 far=0 idle=0 patrol=0 chase=1 attack=7 tactics=[8, 0, 0, 0, 0, 0, 0, 0]
[2026-08-16T01:52:39Z INFO  steel_front::engine::game] game: wave=1 enemies=8 enemy_hp=100 hp=100/100 score=0 phys_us=1 ai_us=106 audio_us=19 net_us=0
[2026-08-16T01:52:39Z INFO  steel_front] huddbg: state=StartMenu quads=3147 gun=10
[2026-08-16T01:52:39Z INFO  steel_front] huddbg: state=StartMenu quads=3147 gun=10
[2026-08-16T01:52:39Z INFO  steel_front] huddbg: state=StartMenu quads=3147 gun=10
[2026-08-16T01:52:39Z INFO  steel_front] huddbg: state=StartMenu quads=3147 gun=10
[2026-08-16T01:52:39Z INFO  steel_front::engine::renderer] huddbg: set_hud_quads quads=3147 count=3147 mapped_null=false capacity=4096 first=[px=(0,0,2560x1600) ndc=(-1.000,1.000)-(1.000,-1.000) rgba=(0.00,0.00,0.00,0.72)] last=[px=(1439,1450,2x2) ndc=(0.124,-0.812)-(0.126,-0.815) rgba=(0.60,0.60,0.60,1.00)]
[2026-08-16T01:52:39Z INFO  steel_front] cam: yaw=0.0 pitch=0.0 dist=3.4 mode=FirstPerson cycle_us=2854 update_us=29 render_us=2825
[2026-08-16T01:52:39Z INFO  steel_front::engine::renderer] huddbg: set_hud_quads quads=3147 count=3147 mapped_null=false capacity=4096 first=[px=(0,0,2560x1600) ndc=(-1.000,1.000)-(1.000,-1.000) rgba=(0.00,0.00,0.00,0.72)] last=[px=(1439,1450,2x2) ndc=(0.124,-0.812)-(0.126,-0.815) rgba=(0.60,0.60,0.60,1.00)]
[2026-08-16T01:52:40Z INFO  steel_front::engine::renderer] visible=65536/65536 near=65536 far=0 fps=384.2 frame_us=2787 cull_us=3 terrain_us=0 wait_fence_us=1901 acquire_us=1 record_us=46 submit_us=40 present_us=305 terrain_lod=high blend=0.000 quality=中画质 marker=84 npc=1018
[2026-08-16T01:52:40Z INFO  steel_front::engine::renderer] huddbg: set_hud_quads quads=3147 count=3147 mapped_null=false capacity=4096 first=[px=(0,0,2560x1600) ndc=(-1.000,1.000)-(1.000,-1.000) rgba=(0.00,0.00,0.00,0.72)] last=[px=(1439,1450,2x2) ndc=(0.124,-0.812)-(0.126,-0.815) rgba=(0.60,0.60,0.60,1.00)]
[2026-08-16T01:52:40Z INFO  steel_front::engine::game] ai: npcs=8 near=8 far=0 idle=0 patrol=0 chase=1 attack=7 tactics=[8, 0, 0, 0, 0, 0, 0, 0]
[2026-08-16T01:52:40Z INFO  steel_front::engine::game] game: wave=1 enemies=8 enemy_hp=100 hp=100/100 score=0 phys_us=1 ai_us=407 audio_us=18 net_us=0
[2026-08-16T01:52:40Z INFO  steel_front::engine::renderer] huddbg: set_hud_quads quads=3147 count=3147 mapped_null=false capacity=4096 first=[px=(0,0,2560x1600) ndc=(-1.000,1.000)-(1.000,-1.000) rgba=(0.00,0.00,0.00,0.72)] last=[px=(1439,1450,2x2) ndc=(0.124,-0.812)-(0.126,-0.815) rgba=(0.60,0.60,0.60,1.00)]
[2026-08-16T01:52:40Z INFO  steel_front::engine::game] npc: #6 stand (2.1, 0.0, -11.8)
[2026-08-16T01:52:40Z INFO  steel_front] cam: yaw=0.0 pitch=0.0 dist=3.4 mode=FirstPerson cycle_us=2409 update_us=38 render_us=2370
[2026-08-16T01:52:40Z INFO  steel_front::engine::renderer] huddbg: set_hud_quads quads=3147 count=3147 mapped_null=false capacity=4096 first=[px=(0,0,2560x1600) ndc=(-1.000,1.000)-(1.000,-1.000) rgba=(0.00,0.00,0.00,0.72)] last=[px=(1439,1450,2x2) ndc=(0.124,-0.812)-(0.126,-0.815) rgba=(0.60,0.60,0.60,1.00)]
[2026-08-16T01:52:41Z INFO  steel_front::engine::renderer] huddbg: set_hud_quads quads=3147 count=3147 mapped_null=false capacity=4096 first=[px=(0,0,2560x1600) ndc=(-1.000,1.000)-(1.000,-1.000) rgba=(0.00,0.00,0.00,0.72)] last=[px=(1439,1450,2x2) ndc=(0.124,-0.812)-(0.126,-0.815) rgba=(0.60,0.60,0.60,1.00)]
[2026-08-16T01:52:41Z INFO  steel_front::engine::renderer] visible=65536/65536 near=65536 far=0 fps=384.1 frame_us=2308 cull_us=3 terrain_us=0 wait_fence_us=2072 acquire_us=1 record_us=38 submit_us=25 present_us=186 terrain_lod=high blend=0.000 quality=中画质 marker=84 npc=1018
[2026-08-16T01:52:41Z INFO  steel_front] gundbg: cam_pos=Vec3(0.0, 1.6, 0.0) part0_pos=(0.270,1.300,-0.620)
[2026-08-16T01:52:41Z INFO  steel_front] gundbg: cam_pos=Vec3(0.0, 1.6, 0.0) part0_pos=(0.270,1.300,-0.620)
[2026-08-16T01:52:41Z INFO  steel_front] gundbg: cam_pos=Vec3(0.0, 1.6, 0.0) part0_pos=(0.270,1.300,-0.620)
[2026-08-16T01:52:41Z INFO  steel_front] gundbg: cam_pos=Vec3(0.0, 1.6, 0.0) part0_pos=(0.270,1.300,-0.620)
[2026-08-16T01:52:41Z INFO  steel_front] gundbg: cam_pos=Vec3(0.0, 1.6, 0.0) part0_pos=(0.270,1.300,-0.620)
[2026-08-16T01:52:41Z INFO  steel_front] gundbg: cam_pos=Vec3(0.0, 1.6, 0.0) part0_pos=(0.269,1.300,-0.620)
[2026-08-16T01:52:41Z INFO  steel_front] gundbg: cam_pos=Vec3(0.0, 1.6, 0.0) part0_pos=(0.269,1.300,-0.620)
[2026-08-16T01:52:41Z INFO  steel_front::engine::game] ai: npcs=8 near=8 far=0 idle=0 patrol=0 chase=0 attack=8 tactics=[8, 0, 0, 0, 0, 0, 0, 0]
[2026-08-16T01:52:41Z INFO  steel_front::engine::game] game: wave=1 enemies=8 enemy_hp=100 hp=100/100 score=0 phys_us=2 ai_us=189 audio_us=7 net_us=0
[2026-08-16T01:52:41Z INFO  steel_front] gundbg: cam_pos=Vec3(0.0, 1.6, 0.0) part0_pos=(0.269,1.300,-0.620)
[2026-08-16T01:52:41Z INFO  steel_front] gundbg: cam_pos=Vec3(0.0, 1.6, 0.0) part0_pos=(0.269,1.300,-0.620)
[2026-08-16T01:52:41Z INFO  steel_front] gundbg: cam_pos=Vec3(0.0, 1.6, 0.0) part0_pos=(0.269,1.300,-0.620)
[2026-08-16T01:52:41Z INFO  steel_front] gundbg: cam_pos=Vec3(0.0, 1.6, 0.0) part0_pos=(0.269,1.300,-0.620)
[2026-08-16T01:52:41Z INFO  steel_front::engine::renderer] huddbg: set_hud_quads quads=3147 count=3147 mapped_null=false capacity=4096 first=[px=(0,0,2560x1600) ndc=(-1.000,1.000)-(1.000,-1.000) rgba=(0.00,0.00,0.00,0.72)] last=[px=(1439,1450,2x2) ndc=(0.124,-0.812)-(0.126,-0.815) rgba=(0.60,0.60,0.60,1.00)]
[2026-08-16T01:52:41Z INFO  steel_front::engine::renderer] huddbg: set_hud_quads quads=3147 count=3147 mapped_null=false capacity=4096 first=[px=(0,0,2560x1600) ndc=(-1.000,1.000)-(1.000,-1.000) rgba=(0.00,0.00,0.00,0.72)] last=[px=(1439,1450,2x2) ndc=(0.124,-0.812)-(0.126,-0.815) rgba=(0.60,0.60,0.60,1.00)]
[2026-08-16T01:52:41Z INFO  steel_front] cam: yaw=0.0 pitch=0.0 dist=3.4 mode=FirstPerson cycle_us=3345 update_us=22 render_us=3323
[2026-08-16T01:52:42Z INFO  steel_front::engine::renderer] huddbg: set_hud_quads quads=3147 count=3147 mapped_null=false capacity=4096 first=[px=(0,0,2560x1600) ndc=(-1.000,1.000)-(1.000,-1.000) rgba=(0.00,0.00,0.00,0.72)] last=[px=(1439,1450,2x2) ndc=(0.124,-0.812)-(0.126,-0.815) rgba=(0.60,0.60,0.60,1.00)]
[2026-08-16T01:52:42Z INFO  steel_front::engine::renderer] visible=65536/65536 near=65536 far=0 fps=384.0 frame_us=3094 cull_us=5 terrain_us=0 wait_fence_us=1888 acquire_us=1 record_us=40 submit_us=30 present_us=779 terrain_lod=high blend=0.000 quality=中画质 marker=84 npc=1018
[2026-08-16T01:52:42Z INFO  steel_front] huddbg: state=StartMenu quads=3147 gun=10
[2026-08-16T01:52:42Z INFO  steel_front] huddbg: state=StartMenu quads=3147 gun=10
[2026-08-16T01:52:42Z INFO  steel_front] huddbg: state=StartMenu quads=3147 gun=10
[2026-08-16T01:52:42Z INFO  steel_front] huddbg: state=StartMenu quads=3147 gun=10
[2026-08-16T01:52:42Z INFO  steel_front] huddbg: state=StartMenu quads=3147 gun=10
[2026-08-16T01:52:42Z INFO  steel_front] huddbg: state=StartMenu quads=3147 gun=10
[2026-08-16T01:52:42Z INFO  steel_front] huddbg: state=StartMenu quads=3147 gun=10
[2026-08-16T01:52:42Z INFO  steel_front] huddbg: state=StartMenu quads=3147 gun=10
[2026-08-16T01:52:42Z INFO  steel_front::engine::game] ai: npcs=8 near=8 far=0 idle=0 patrol=0 chase=0 attack=8 tactics=[8, 0, 0, 0, 0, 0, 0, 0]
[2026-08-16T01:52:42Z INFO  steel_front::engine::game] game: wave=1 enemies=8 enemy_hp=100 hp=100/100 score=0 phys_us=2 ai_us=188 audio_us=8 net_us=0
[2026-08-16T01:52:42Z INFO  steel_front] huddbg: state=StartMenu quads=3147 gun=10
[2026-08-16T01:52:42Z INFO  steel_front] huddbg: state=StartMenu quads=3147 gun=10
[2026-08-16T01:52:42Z INFO  steel_front] huddbg: state=StartMenu quads=3147 gun=10
[2026-08-16T01:52:42Z INFO  steel_front] huddbg: state=StartMenu quads=3147 gun=10
[2026-08-16T01:52:42Z INFO  steel_front::engine::renderer] huddbg: set_hud_quads quads=3147 count=3147 mapped_null=false capacity=4096 first=[px=(0,0,2560x1600) ndc=(-1.000,1.000)-(1.000,-1.000) rgba=(0.00,0.00,0.00,0.72)] last=[px=(1439,1450,2x2) ndc=(0.124,-0.812)-(0.126,-0.815) rgba=(0.60,0.60,0.60,1.00)]
[2026-08-16T01:52:42Z INFO  steel_front::engine::renderer] huddbg: set_hud_quads quads=3147 count=3147 mapped_null=false capacity=4096 first=[px=(0,0,2560x1600) ndc=(-1.000,1.000)-(1.000,-1.000) rgba=(0.00,0.00,0.00,0.72)] last=[px=(1439,1450,2x2) ndc=(0.124,-0.812)-(0.126,-0.815) rgba=(0.60,0.60,0.60,1.00)]
[2026-08-16T01:52:42Z INFO  steel_front] cam: yaw=0.0 pitch=0.0 dist=3.4 mode=FirstPerson cycle_us=2884 update_us=14 render_us=2869
[2026-08-16T01:52:43Z INFO  steel_front::engine::renderer] huddbg: set_hud_quads quads=3147 count=3147 mapped_null=false capacity=4096 first=[px=(0,0,2560x1600) ndc=(-1.000,1.000)-(1.000,-1.000) rgba=(0.00,0.00,0.00,0.72)] last=[px=(1439,1450,2x2) ndc=(0.124,-0.812)-(0.126,-0.815) rgba=(0.60,0.60,0.60,1.00)]
[2026-08-16T01:52:43Z INFO  steel_front::engine::game] map: level 1 generated: 36 obstacle bodies (wall=20 block=0 barrier=0 tree=3 building=6 ruin=7), 203 grid cells blocked
[2026-08-16T01:52:43Z INFO  steel_front::engine::game] game: purged 8 leftover npcs on run start
[2026-08-16T01:52:43Z INFO  steel_front::engine::game] wave: npc #8 spawn (65.3, 0.0, 25.3)
[2026-08-16T01:52:43Z INFO  steel_front::engine::game] wave: npc #9 spawn (6.1, 0.0, 39.5)
[2026-08-16T01:52:43Z INFO  steel_front::engine::game] wave: npc #10 spawn (-46.8, 0.0, 37.6)
[2026-08-16T01:52:43Z INFO  steel_front::engine::game] wave: npc #11 spawn (-74.6, 0.0, -28.9)
[2026-08-16T01:52:43Z INFO  steel_front::engine::game] wave: npc #12 spawn (-7.6, 0.0, -49.4)
[2026-08-16T01:52:43Z INFO  steel_front::engine::game] wave: npc #13 spawn (54.6, 0.0, -43.9)
[2026-08-16T01:52:43Z INFO  steel_front::engine::game] wave: wave 1 spawned 6 enemies (kind=Normal total=6 speed=4.0 hp=100 effective=1)
[2026-08-16T01:52:43Z INFO  steel_front::engine::game] game: run started (wave 1)
[2026-08-16T01:52:43Z INFO  steel_front] input: cursor captured (mouse look on, grab=locked, look=relative)
[2026-08-16T01:52:43Z INFO  steel_front::engine::game] physics: 36 events this frame (GroundHit, GroundHit, GroundHit, GroundHit, GroundHit, GroundHit, GroundHit, GroundHit, GroundHit, GroundHit, GroundHit, GroundHit, GroundHit, GroundHit, GroundHit, GroundHit, GroundHit, GroundHit, GroundHit, GroundHit, GroundHit, GroundHit, GroundHit, GroundHit, GroundHit, GroundHit, GroundHit, GroundHit, GroundHit, GroundHit, GroundHit, GroundHit, GroundHit, GroundHit, GroundHit, GroundHit)
[2026-08-16T01:52:43Z INFO  steel_front::engine::renderer] visible=65536/65536 near=65536 far=0 fps=393.5 frame_us=2571 cull_us=5 terrain_us=0 wait_fence_us=1462 acquire_us=0 record_us=39 submit_us=33 present_us=238 terrain_lod=high blend=0.000 quality=中画质 marker=36 npc=1018
[2026-08-16T01:52:43Z INFO  steel_front] size diag: window_inner=2560x1600 hud=2560x1600
[2026-08-16T01:52:43Z INFO  steel_front] size diag: window_inner=2560x1600 hud=2560x1600
[2026-08-16T01:52:43Z INFO  steel_front] size diag: window_inner=2560x1600 hud=2560x1600
[2026-08-16T01:52:43Z INFO  steel_front] size diag: window_inner=2560x1600 hud=2560x1600
[2026-08-16T01:52:43Z INFO  steel_front] size diag: window_inner=2560x1600 hud=2560x1600
[2026-08-16T01:52:43Z INFO  steel_front] size diag: window_inner=2560x1600 hud=2560x1600
[2026-08-16T01:52:43Z INFO  steel_front] size diag: window_inner=2560x1600 hud=2560x1600
[2026-08-16T01:52:43Z INFO  steel_front::engine::renderer] huddbg: set_hud_quads quads=2026 count=2026 mapped_null=false capacity=4096 first=[px=(48,1508,720x44) ndc=(-0.962,-0.885)-(-0.400,-0.940) rgba=(0.08,0.08,0.10,0.75)] last=[px=(561,140,3x3) ndc=(-0.562,0.826)-(-0.560,0.822) rgba=(0.20,0.80,0.90,1.00)]
[2026-08-16T01:52:43Z INFO  steel_front] size diag: window_inner=2560x1600 hud=2560x1600
[2026-08-16T01:52:43Z INFO  steel_front::engine::game] ai: npcs=6 near=6 far=0 idle=0 patrol=3 chase=3 attack=0 tactics=[4, 1, 1, 0, 0, 0, 0, 0]
[2026-08-16T01:52:43Z INFO  steel_front::engine::game] game: wave=1 enemies=6 enemy_hp=100 hp=100/100 score=0 phys_us=1 ai_us=190 audio_us=18 net_us=0
[2026-08-16T01:52:43Z INFO  steel_front] size diag: window_inner=2560x1600 hud=2560x1600
[2026-08-16T01:52:43Z INFO  steel_front] size diag: window_inner=2560x1600 hud=2560x1600
[2026-08-16T01:52:43Z INFO  steel_front] size diag: window_inner=2560x1600 hud=2560x1600
[2026-08-16T01:52:43Z INFO  steel_front] size diag: window_inner=2560x1600 hud=2560x1600
[2026-08-16T01:52:43Z INFO  steel_front] size diag: window_inner=2560x1600 hud=2560x1600
[2026-08-16T01:52:43Z INFO  steel_front] size diag: window_inner=2560x1600 hud=2560x1600
[2026-08-16T01:52:43Z INFO  steel_front] size diag: window_inner=2560x1600 hud=2560x1600
[2026-08-16T01:52:43Z INFO  steel_front] size diag: window_inner=2560x1600 hud=2560x1600
[2026-08-16T01:52:43Z INFO  steel_front] size diag: window_inner=2560x1600 hud=2560x1600
[2026-08-16T01:52:43Z INFO  steel_front] size diag: window_inner=2560x1600 hud=2560x1600
[2026-08-16T01:52:43Z INFO  steel_front] size diag: window_inner=2560x1600 hud=2560x1600
[2026-08-16T01:52:43Z INFO  steel_front] size diag: window_inner=2560x1600 hud=2560x1600
[2026-08-16T01:52:43Z INFO  steel_front::engine::renderer] huddbg: set_hud_quads quads=2026 count=2026 mapped_null=false capacity=4096 first=[px=(48,1508,720x44) ndc=(-0.962,-0.885)-(-0.400,-0.940) rgba=(0.08,0.08,0.10,0.75)] last=[px=(561,140,3x3) ndc=(-0.562,0.826)-(-0.560,0.822) rgba=(0.20,0.80,0.90,1.00)]
[2026-08-16T01:52:43Z INFO  steel_front] cam: yaw=0.0 pitch=0.0 dist=3.4 mode=FirstPerson cycle_us=1861 update_us=43 render_us=1817
[2026-08-16T01:52:43Z INFO  steel_front::engine::renderer] huddbg: set_hud_quads quads=2025 count=2025 mapped_null=false capacity=4096 first=[px=(48,1508,720x44) ndc=(-0.962,-0.885)-(-0.400,-0.940) rgba=(0.08,0.08,0.10,0.75)] last=[px=(561,140,3x3) ndc=(-0.562,0.826)-(-0.560,0.822) rgba=(0.20,0.80,0.90,1.00)]
[2026-08-16T01:52:44Z INFO  steel_front::engine::renderer] huddbg: set_hud_quads quads=2025 count=2025 mapped_null=false capacity=4096 first=[px=(48,1508,720x44) ndc=(-0.962,-0.885)-(-0.400,-0.940) rgba=(0.08,0.08,0.10,0.75)] last=[px=(561,140,3x3) ndc=(-0.562,0.826)-(-0.560,0.822) rgba=(0.20,0.80,0.90,1.00)]
[2026-08-16T01:52:44Z INFO  steel_front::engine::renderer] visible=65536/65536 near=65536 far=0 fps=405.7 frame_us=2732 cull_us=6 terrain_us=0 wait_fence_us=1354 acquire_us=1 record_us=19 submit_us=15 present_us=589 terrain_lod=high blend=0.000 quality=中画质 marker=36 npc=1018
[2026-08-16T01:52:44Z INFO  steel_front::engine::game] ai: npcs=6 near=6 far=0 idle=0 patrol=3 chase=3 attack=0 tactics=[4, 1, 1, 0, 0, 0, 0, 0]
[2026-08-16T01:52:44Z INFO  steel_front::engine::game] game: wave=1 enemies=6 enemy_hp=100 hp=100/100 score=0 phys_us=0 ai_us=320 audio_us=11 net_us=0
[2026-08-16T01:52:44Z INFO  steel_front::engine::renderer] huddbg: set_hud_quads quads=2025 count=2025 mapped_null=false capacity=4096 first=[px=(48,1508,720x44) ndc=(-0.962,-0.885)-(-0.400,-0.940) rgba=(0.08,0.08,0.10,0.75)] last=[px=(561,140,3x3) ndc=(-0.562,0.826)-(-0.560,0.822) rgba=(0.20,0.80,0.90,1.00)]
[2026-08-16T01:52:44Z INFO  steel_front::engine::renderer] huddbg: set_hud_quads quads=2025 count=2025 mapped_null=false capacity=4096 first=[px=(48,1508,720x44) ndc=(-0.962,-0.885)-(-0.400,-0.940) rgba=(0.08,0.08,0.10,0.75)] last=[px=(561,140,3x3) ndc=(-0.562,0.826)-(-0.560,0.822) rgba=(0.20,0.80,0.90,1.00)]
[2026-08-16T01:52:44Z INFO  steel_front] cam: yaw=0.0 pitch=0.0 dist=3.4 mode=FirstPerson cycle_us=2442 update_us=17 render_us=2424
[2026-08-16T01:52:45Z INFO  steel_front::engine::renderer] huddbg: set_hud_quads quads=2026 count=2026 mapped_null=false capacity=4096 first=[px=(48,1508,720x44) ndc=(-0.962,-0.885)-(-0.400,-0.940) rgba=(0.08,0.08,0.10,0.75)] last=[px=(561,140,3x3) ndc=(-0.562,0.826)-(-0.560,0.822) rgba=(0.20,0.80,0.90,1.00)]
[2026-08-16T01:52:45Z INFO  steel_front::engine::renderer] visible=65536/65536 near=65536 far=0 fps=405.8 frame_us=1619 cull_us=5 terrain_us=0 wait_fence_us=1630 acquire_us=0 record_us=41 submit_us=34 present_us=169 terrain_lod=high blend=0.000 quality=中画质 marker=36 npc=1018
[2026-08-16T01:52:45Z INFO  steel_front] gundbg: cam_pos=Vec3(0.0, 1.6, 0.0) part0_pos=(0.281,1.300,-0.620)
[2026-08-16T01:52:45Z INFO  steel_front] huddbg: state=Playing quads=2026 gun=10
[2026-08-16T01:52:45Z INFO  steel_front] gundbg: cam_pos=Vec3(0.0, 1.6, 0.0) part0_pos=(0.282,1.300,-0.620)
[2026-08-16T01:52:45Z INFO  steel_front] huddbg: state=Playing quads=2026 gun=10
[2026-08-16T01:52:45Z INFO  steel_front] gundbg: cam_pos=Vec3(0.0, 1.6, 0.0) part0_pos=(0.282,1.300,-0.620)
[2026-08-16T01:52:45Z INFO  steel_front] huddbg: state=Playing quads=2026 gun=10
[2026-08-16T01:52:45Z INFO  steel_front] gundbg: cam_pos=Vec3(0.0, 1.6, 0.0) part0_pos=(0.282,1.300,-0.620)
[2026-08-16T01:52:45Z INFO  steel_front] huddbg: state=Playing quads=2026 gun=10
[2026-08-16T01:52:45Z INFO  steel_front] gundbg: cam_pos=Vec3(0.0, 1.6, 0.0) part0_pos=(0.282,1.300,-0.620)
[2026-08-16T01:52:45Z INFO  steel_front] huddbg: state=Playing quads=2026 gun=10
[2026-08-16T01:52:45Z INFO  steel_front] gundbg: cam_pos=Vec3(0.0, 1.6, 0.0) part0_pos=(0.283,1.300,-0.620)
[2026-08-16T01:52:45Z INFO  steel_front] huddbg: state=Playing quads=2026 gun=10
[2026-08-16T01:52:45Z INFO  steel_front] gundbg: cam_pos=Vec3(0.0, 1.6, 0.0) part0_pos=(0.283,1.300,-0.620)
[2026-08-16T01:52:45Z INFO  steel_front] huddbg: state=Playing quads=2026 gun=10
[2026-08-16T01:52:45Z INFO  steel_front] gundbg: cam_pos=Vec3(0.0, 1.6, 0.0) part0_pos=(0.283,1.300,-0.620)
[2026-08-16T01:52:45Z INFO  steel_front] huddbg: state=Playing quads=2026 gun=10
[2026-08-16T01:52:45Z INFO  steel_front] gundbg: cam_pos=Vec3(0.0, 1.6, 0.0) part0_pos=(0.284,1.300,-0.620)
[2026-08-16T01:52:45Z INFO  steel_front] huddbg: state=Playing quads=2026 gun=10
[2026-08-16T01:52:45Z INFO  steel_front::engine::game] ai: npcs=6 near=6 far=0 idle=0 patrol=3 chase=3 attack=0 tactics=[4, 1, 1, 0, 0, 0, 0, 0]
[2026-08-16T01:52:45Z INFO  steel_front::engine::game] game: wave=1 enemies=6 enemy_hp=100 hp=100/100 score=0 phys_us=2 ai_us=242 audio_us=10 net_us=0
[2026-08-16T01:52:45Z INFO  steel_front] gundbg: cam_pos=Vec3(0.0, 1.6, 0.0) part0_pos=(0.284,1.300,-0.620)
[2026-08-16T01:52:45Z INFO  steel_front] huddbg: state=Playing quads=2026 gun=10
[2026-08-16T01:52:45Z INFO  steel_front] gundbg: cam_pos=Vec3(0.0, 1.6, 0.0) part0_pos=(0.284,1.300,-0.620)
[2026-08-16T01:52:45Z INFO  steel_front] huddbg: state=Playing quads=2026 gun=10
[2026-08-16T01:52:45Z INFO  steel_front] gundbg: cam_pos=Vec3(0.0, 1.6, 0.0) part0_pos=(0.284,1.300,-0.620)
[2026-08-16T01:52:45Z INFO  steel_front] huddbg: state=Playing quads=2026 gun=10
[2026-08-16T01:52:45Z INFO  steel_front::engine::renderer] huddbg: set_hud_quads quads=2026 count=2026 mapped_null=false capacity=4096 first=[px=(48,1508,720x44) ndc=(-0.962,-0.885)-(-0.400,-0.940) rgba=(0.08,0.08,0.10,0.75)] last=[px=(561,140,3x3) ndc=(-0.562,0.826)-(-0.560,0.822) rgba=(0.20,0.80,0.90,1.00)]
[2026-08-16T01:52:45Z INFO  steel_front::engine::renderer] huddbg: set_hud_quads quads=2026 count=2026 mapped_null=false capacity=4096 first=[px=(48,1508,720x44) ndc=(-0.962,-0.885)-(-0.400,-0.940) rgba=(0.08,0.08,0.10,0.75)] last=[px=(561,140,3x3) ndc=(-0.562,0.826)-(-0.560,0.822) rgba=(0.20,0.80,0.90,1.00)]
[2026-08-16T01:52:45Z INFO  steel_front] cam: yaw=0.0 pitch=0.0 dist=3.4 mode=FirstPerson cycle_us=1778 update_us=20 render_us=1757
[2026-08-16T01:52:46Z INFO  steel_front::engine::renderer] huddbg: set_hud_quads quads=2026 count=2026 mapped_null=false capacity=4096 first=[px=(48,1508,720x44) ndc=(-0.962,-0.885)-(-0.400,-0.940) rgba=(0.08,0.08,0.10,0.75)] last=[px=(561,140,3x3) ndc=(-0.562,0.826)-(-0.560,0.822) rgba=(0.20,0.80,0.90,1.00)]
[2026-08-16T01:52:46Z INFO  steel_front::engine::renderer] visible=65536/65536 near=65536 far=0 fps=405.7 frame_us=1302 cull_us=5 terrain_us=0 wait_fence_us=1938 acquire_us=0 record_us=40 submit_us=31 present_us=168 terrain_lod=high blend=0.000 quality=中画质 marker=36 npc=1018
[2026-08-16T01:52:46Z INFO  steel_front::engine::renderer] huddbg: set_hud_quads quads=2026 count=2026 mapped_null=false capacity=4096 first=[px=(48,1508,720x44) ndc=(-0.962,-0.885)-(-0.400,-0.940) rgba=(0.08,0.08,0.10,0.75)] last=[px=(561,140,3x3) ndc=(-0.562,0.826)-(-0.560,0.822) rgba=(0.20,0.80,0.90,1.00)]
[2026-08-16T01:52:46Z INFO  steel_front::engine::game] ai: npcs=6 near=6 far=0 idle=0 patrol=3 chase=3 attack=0 tactics=[3, 1, 1, 0, 0, 0, 0, 1]
[2026-08-16T01:52:46Z INFO  steel_front::engine::game] game: wave=1 enemies=6 enemy_hp=100 hp=100/100 score=0 phys_us=0 ai_us=316 audio_us=31 net_us=0
[2026-08-16T01:52:46Z INFO  steel_front::engine::renderer] huddbg: set_hud_quads quads=2026 count=2026 mapped_null=false capacity=4096 first=[px=(48,1508,720x44) ndc=(-0.962,-0.885)-(-0.400,-0.940) rgba=(0.08,0.08,0.10,0.75)] last=[px=(561,140,3x3) ndc=(-0.562,0.826)-(-0.560,0.822) rgba=(0.20,0.80,0.90,1.00)]
[2026-08-16T01:52:46Z INFO  steel_front] cam: yaw=0.0 pitch=0.0 dist=3.4 mode=FirstPerson cycle_us=3025 update_us=35 render_us=2990
[2026-08-16T01:52:46Z INFO  steel_front::engine::renderer] huddbg: set_hud_quads quads=2026 count=2026 mapped_null=false capacity=4096 first=[px=(48,1508,720x44) ndc=(-0.962,-0.885)-(-0.400,-0.940) rgba=(0.08,0.08,0.10,0.75)] last=[px=(561,140,3x3) ndc=(-0.562,0.826)-(-0.560,0.822) rgba=(0.20,0.80,0.90,1.00)]
[2026-08-16T01:52:47Z INFO  steel_front::engine::renderer] huddbg: set_hud_quads quads=2026 count=2026 mapped_null=false capacity=4096 first=[px=(48,1508,720x44) ndc=(-0.962,-0.885)-(-0.400,-0.940) rgba=(0.08,0.08,0.10,0.75)] last=[px=(561,140,3x3) ndc=(-0.562,0.826)-(-0.560,0.822) rgba=(0.20,0.80,0.90,1.00)]
[2026-08-16T01:52:47Z INFO  steel_front::engine::renderer] visible=65536/65536 near=65536 far=0 fps=405.9 frame_us=1808 cull_us=8 terrain_us=0 wait_fence_us=1963 acquire_us=1 record_us=39 submit_us=38 present_us=225 terrain_lod=high blend=0.000 quality=中画质 marker=36 npc=1018
[2026-08-16T01:52:47Z INFO  steel_front::engine::game] ai: npcs=6 near=6 far=0 idle=0 patrol=3 chase=3 attack=0 tactics=[3, 1, 1, 0, 0, 0, 0, 1]
[2026-08-16T01:52:47Z INFO  steel_front::engine::game] game: wave=1 enemies=6 enemy_hp=100 hp=100/100 score=0 phys_us=1 ai_us=389 audio_us=11 net_us=0
[2026-08-16T01:52:47Z INFO  steel_front::engine::renderer] huddbg: set_hud_quads quads=2026 count=2026 mapped_null=false capacity=4096 first=[px=(48,1508,720x44) ndc=(-0.962,-0.885)-(-0.400,-0.940) rgba=(0.08,0.08,0.10,0.75)] last=[px=(561,140,3x3) ndc=(-0.562,0.826)-(-0.560,0.822) rgba=(0.20,0.80,0.90,1.00)]
[2026-08-16T01:52:47Z INFO  steel_front::engine::renderer] huddbg: set_hud_quads quads=2026 count=2026 mapped_null=false capacity=4096 first=[px=(48,1508,720x44) ndc=(-0.962,-0.885)-(-0.400,-0.940) rgba=(0.08,0.08,0.10,0.75)] last=[px=(561,140,3x3) ndc=(-0.562,0.826)-(-0.560,0.822) rgba=(0.20,0.80,0.90,1.00)]
[2026-08-16T01:52:47Z INFO  steel_front] cam: yaw=0.0 pitch=0.0 dist=3.4 mode=FirstPerson cycle_us=2323 update_us=36 render_us=2286
[2026-08-16T01:52:48Z INFO  steel_front::engine::renderer] huddbg: set_hud_quads quads=2026 count=2026 mapped_null=false capacity=4096 first=[px=(48,1508,720x44) ndc=(-0.962,-0.885)-(-0.400,-0.940) rgba=(0.08,0.08,0.10,0.75)] last=[px=(561,140,3x3) ndc=(-0.562,0.826)-(-0.560,0.822) rgba=(0.20,0.80,0.90,1.00)]
[2026-08-16T01:52:48Z INFO  steel_front::engine::renderer] visible=65536/65536 near=65536 far=0 fps=403.3 frame_us=2010 cull_us=5 terrain_us=0 wait_fence_us=1553 acquire_us=1 record_us=46 submit_us=43 present_us=172 terrain_lod=high blend=0.000 quality=中画质 marker=36 npc=1018
[2026-08-16T01:52:48Z INFO  steel_front] size diag: window_inner=2560x1600 hud=2560x1600
[2026-08-16T01:52:48Z INFO  steel_front] huddbg: state=Playing quads=2026 gun=10
[2026-08-16T01:52:48Z INFO  steel_front] size diag: window_inner=2560x1600 hud=2560x1600
[2026-08-16T01:52:48Z INFO  steel_front] huddbg: state=Playing quads=2026 gun=10
[2026-08-16T01:52:48Z INFO  steel_front] size diag: window_inner=2560x1600 hud=2560x1600
[2026-08-16T01:52:48Z INFO  steel_front] huddbg: state=Playing quads=2026 gun=10
[2026-08-16T01:52:48Z INFO  steel_front] size diag: window_inner=2560x1600 hud=2560x1600
[2026-08-16T01:52:48Z INFO  steel_front] huddbg: state=Playing quads=2026 gun=10
[2026-08-16T01:52:48Z INFO  steel_front] size diag: window_inner=2560x1600 hud=2560x1600
[2026-08-16T01:52:48Z INFO  steel_front] huddbg: state=Playing quads=2026 gun=10
[2026-08-16T01:52:48Z INFO  steel_front] size diag: window_inner=2560x1600 hud=2560x1600
[2026-08-16T01:52:48Z INFO  steel_front] huddbg: state=Playing quads=2026 gun=10
[2026-08-16T01:52:48Z INFO  steel_front] size diag: window_inner=2560x1600 hud=2560x1600
[2026-08-16T01:52:48Z INFO  steel_front] huddbg: state=Playing quads=2026 gun=10
[2026-08-16T01:52:48Z INFO  steel_front] size diag: window_inner=2560x1600 hud=2560x1600
[2026-08-16T01:52:48Z INFO  steel_front] huddbg: state=Playing quads=2026 gun=10
[2026-08-16T01:52:48Z INFO  steel_front] size diag: window_inner=2560x1600 hud=2560x1600
[2026-08-16T01:52:48Z INFO  steel_front] huddbg: state=Playing quads=2026 gun=10
[2026-08-16T01:52:48Z INFO  steel_front] size diag: window_inner=2560x1600 hud=2560x1600
[2026-08-16T01:52:48Z INFO  steel_front] huddbg: state=Playing quads=2026 gun=10
[2026-08-16T01:52:48Z INFO  steel_front::engine::game] ai: npcs=6 near=6 far=0 idle=0 patrol=3 chase=3 attack=0 tactics=[4, 1, 1, 0, 0, 0, 0, 0]
[2026-08-16T01:52:48Z INFO  steel_front::engine::game] game: wave=1 enemies=6 enemy_hp=100 hp=100/100 score=0 phys_us=1 ai_us=197 audio_us=24 net_us=0
[2026-08-16T01:52:48Z INFO  steel_front] size diag: window_inner=2560x1600 hud=2560x1600
[2026-08-16T01:52:48Z INFO  steel_front] huddbg: state=Playing quads=2026 gun=10
[2026-08-16T01:52:48Z INFO  steel_front] size diag: window_inner=2560x1600 hud=2560x1600
[2026-08-16T01:52:48Z INFO  steel_front] huddbg: state=Playing quads=2026 gun=10
[2026-08-16T01:52:48Z INFO  steel_front] size diag: window_inner=2560x1600 hud=2560x1600
[2026-08-16T01:52:48Z INFO  steel_front] size diag: window_inner=2560x1600 hud=2560x1600
[2026-08-16T01:52:48Z INFO  steel_front] size diag: window_inner=2560x1600 hud=2560x1600
[2026-08-16T01:52:48Z INFO  steel_front] size diag: window_inner=2560x1600 hud=2560x1600
[2026-08-16T01:52:48Z INFO  steel_front] size diag: window_inner=2560x1600 hud=2560x1600
[2026-08-16T01:52:48Z INFO  steel_front] size diag: window_inner=2560x1600 hud=2560x1600
[2026-08-16T01:52:48Z INFO  steel_front] size diag: window_inner=2560x1600 hud=2560x1600
[2026-08-16T01:52:48Z INFO  steel_front::engine::renderer] huddbg: set_hud_quads quads=2026 count=2026 mapped_null=false capacity=4096 first=[px=(48,1508,720x44) ndc=(-0.962,-0.885)-(-0.400,-0.940) rgba=(0.08,0.08,0.10,0.75)] last=[px=(561,140,3x3) ndc=(-0.562,0.826)-(-0.560,0.822) rgba=(0.20,0.80,0.90,1.00)]
[2026-08-16T01:52:48Z INFO  steel_front::engine::renderer] huddbg: set_hud_quads quads=2026 count=2026 mapped_null=false capacity=4096 first=[px=(48,1508,720x44) ndc=(-0.962,-0.885)-(-0.400,-0.940) rgba=(0.08,0.08,0.10,0.75)] last=[px=(561,140,3x3) ndc=(-0.562,0.826)-(-0.560,0.822) rgba=(0.20,0.80,0.90,1.00)]
[2026-08-16T01:52:48Z INFO  steel_front] cam: yaw=0.0 pitch=0.0 dist=3.4 mode=FirstPerson cycle_us=2424 update_us=35 render_us=2389
[2026-08-16T01:52:48Z INFO  steel_front::engine::renderer] huddbg: set_hud_quads quads=2021 count=2021 mapped_null=false capacity=4096 first=[px=(48,1508,720x44) ndc=(-0.962,-0.885)-(-0.400,-0.940) rgba=(0.08,0.08,0.10,0.75)] last=[px=(561,140,3x3) ndc=(-0.562,0.826)-(-0.560,0.822) rgba=(0.20,0.80,0.90,1.00)]
[2026-08-16T01:52:49Z INFO  steel_front::engine::renderer] visible=65536/65536 near=65536 far=0 fps=401.0 frame_us=2660 cull_us=5 terrain_us=0 wait_fence_us=1499 acquire_us=1 record_us=51 submit_us=45 present_us=595 terrain_lod=high blend=0.000 quality=中画质 marker=36 npc=1018
[2026-08-16T01:52:49Z INFO  steel_front::engine::renderer] huddbg: set_hud_quads quads=2021 count=2021 mapped_null=false capacity=4096 first=[px=(48,1508,720x44) ndc=(-0.962,-0.885)-(-0.400,-0.940) rgba=(0.08,0.08,0.10,0.75)] last=[px=(561,140,3x3) ndc=(-0.562,0.826)-(-0.560,0.822) rgba=(0.20,0.80,0.90,1.00)]
[2026-08-16T01:52:49Z INFO  steel_front] gundbg: cam_pos=Vec3(0.0, 1.6, 0.0) part0_pos=(0.288,1.300,-0.620)
[2026-08-16T01:52:49Z INFO  steel_front] gundbg: cam_pos=Vec3(0.0, 1.6, 0.0) part0_pos=(0.288,1.300,-0.620)
[2026-08-16T01:52:49Z INFO  steel_front] gundbg: cam_pos=Vec3(0.0, 1.6, 0.0) part0_pos=(0.287,1.300,-0.620)
[2026-08-16T01:52:49Z INFO  steel_front] gundbg: cam_pos=Vec3(0.0, 1.6, 0.0) part0_pos=(0.287,1.300,-0.620)
[2026-08-16T01:52:49Z INFO  steel_front] gundbg: cam_pos=Vec3(0.0, 1.6, 0.0) part0_pos=(0.287,1.300,-0.620)
[2026-08-16T01:52:49Z INFO  steel_front] gundbg: cam_pos=Vec3(0.0, 1.6, 0.0) part0_pos=(0.287,1.300,-0.620)
[2026-08-16T01:52:49Z INFO  steel_front] gundbg: cam_pos=Vec3(0.0, 1.6, 0.0) part0_pos=(0.287,1.300,-0.620)
[2026-08-16T01:52:49Z INFO  steel_front] gundbg: cam_pos=Vec3(0.0, 1.6, 0.0) part0_pos=(0.286,1.300,-0.620)
[2026-08-16T01:52:49Z INFO  steel_front] gundbg: cam_pos=Vec3(0.0, 1.6, 0.0) part0_pos=(0.286,1.300,-0.620)
[2026-08-16T01:52:49Z INFO  steel_front] gundbg: cam_pos=Vec3(0.0, 1.6, 0.0) part0_pos=(0.286,1.300,-0.620)
[2026-08-16T01:52:49Z INFO  steel_front::engine::game] ai: npcs=6 near=5 far=1 idle=0 patrol=3 chase=3 attack=0 tactics=[3, 1, 1, 0, 0, 0, 0, 1]
[2026-08-16T01:52:49Z INFO  steel_front::engine::game] game: wave=1 enemies=6 enemy_hp=100 hp=100/100 score=0 phys_us=2 ai_us=273 audio_us=22 net_us=0
[2026-08-16T01:52:49Z INFO  steel_front] gundbg: cam_pos=Vec3(0.0, 1.6, 0.0) part0_pos=(0.285,1.300,-0.620)
[2026-08-16T01:52:49Z INFO  steel_front::engine::renderer] huddbg: set_hud_quads quads=2021 count=2021 mapped_null=false capacity=4096 first=[px=(48,1508,720x44) ndc=(-0.962,-0.885)-(-0.400,-0.940) rgba=(0.08,0.08,0.10,0.75)] last=[px=(561,140,3x3) ndc=(-0.562,0.826)-(-0.560,0.822) rgba=(0.20,0.80,0.90,1.00)]
[2026-08-16T01:52:49Z INFO  steel_front::engine::renderer] huddbg: set_hud_quads quads=2021 count=2021 mapped_null=false capacity=4096 first=[px=(48,1508,720x44) ndc=(-0.962,-0.885)-(-0.400,-0.940) rgba=(0.08,0.08,0.10,0.75)] last=[px=(561,140,3x3) ndc=(-0.562,0.826)-(-0.560,0.822) rgba=(0.20,0.80,0.90,1.00)]
[2026-08-16T01:52:49Z INFO  steel_front] cam: yaw=0.0 pitch=0.0 dist=3.4 mode=FirstPerson cycle_us=2956 update_us=37 render_us=2918
[2026-08-16T01:52:50Z INFO  steel_front::engine::renderer] huddbg: set_hud_quads quads=2021 count=2021 mapped_null=false capacity=4096 first=[px=(48,1508,720x44) ndc=(-0.962,-0.885)-(-0.400,-0.940) rgba=(0.08,0.08,0.10,0.75)] last=[px=(561,140,3x3) ndc=(-0.562,0.826)-(-0.560,0.822) rgba=(0.20,0.80,0.90,1.00)]
[2026-08-16T01:52:50Z INFO  steel_front::engine::renderer] visible=65536/65536 near=65536 far=0 fps=404.3 frame_us=2937 cull_us=5 terrain_us=0 wait_fence_us=1076 acquire_us=0 record_us=35 submit_us=32 present_us=652 terrain_lod=high blend=0.000 quality=中画质 marker=36 npc=1018
[2026-08-16T01:52:50Z INFO  steel_front::engine::game] ai: npcs=6 near=5 far=1 idle=0 patrol=3 chase=3 attack=0 tactics=[3, 1, 1, 0, 0, 0, 0, 1]
[2026-08-16T01:52:50Z INFO  steel_front::engine::game] game: wave=1 enemies=6 enemy_hp=100 hp=100/100 score=0 phys_us=1 ai_us=412 audio_us=27 net_us=0
[2026-08-16T01:52:50Z INFO  steel_front::engine::renderer] huddbg: set_hud_quads quads=2021 count=2021 mapped_null=false capacity=4096 first=[px=(48,1508,720x44) ndc=(-0.962,-0.885)-(-0.400,-0.940) rgba=(0.08,0.08,0.10,0.75)] last=[px=(561,140,3x3) ndc=(-0.562,0.826)-(-0.560,0.822) rgba=(0.20,0.80,0.90,1.00)]
[2026-08-16T01:52:50Z INFO  steel_front::engine::renderer] huddbg: set_hud_quads quads=2021 count=2021 mapped_null=false capacity=4096 first=[px=(48,1508,720x44) ndc=(-0.962,-0.885)-(-0.400,-0.940) rgba=(0.08,0.08,0.10,0.75)] last=[px=(561,140,3x3) ndc=(-0.562,0.826)-(-0.560,0.822) rgba=(0.20,0.80,0.90,1.00)]
[2026-08-16T01:52:50Z INFO  steel_front] cam: yaw=0.0 pitch=0.0 dist=3.4 mode=FirstPerson cycle_us=2335 update_us=41 render_us=2293
[2026-08-16T01:52:51Z INFO  steel_front::engine::renderer] huddbg: set_hud_quads quads=2026 count=2026 mapped_null=false capacity=4096 first=[px=(48,1508,720x44) ndc=(-0.962,-0.885)-(-0.400,-0.940) rgba=(0.08,0.08,0.10,0.75)] last=[px=(561,140,3x3) ndc=(-0.562,0.826)-(-0.560,0.822) rgba=(0.20,0.80,0.90,1.00)]
[2026-08-16T01:52:51Z INFO  steel_front::engine::renderer] visible=65536/65536 near=65536 far=0 fps=405.7 frame_us=2081 cull_us=13 terrain_us=0 wait_fence_us=2019 acquire_us=1 record_us=17 submit_us=21 present_us=98 terrain_lod=high blend=0.000 quality=中画质 marker=36 npc=1018
[2026-08-16T01:52:51Z INFO  steel_front] huddbg: state=Playing quads=2026 gun=10
[2026-08-16T01:52:51Z INFO  steel_front] huddbg: state=Playing quads=2026 gun=10
[2026-08-16T01:52:51Z INFO  steel_front] huddbg: state=Playing quads=2026 gun=10
[2026-08-16T01:52:51Z INFO  steel_front] huddbg: state=Playing quads=2026 gun=10
[2026-08-16T01:52:51Z INFO  steel_front] huddbg: state=Playing quads=2026 gun=10
[2026-08-16T01:52:51Z INFO  steel_front] huddbg: state=Playing quads=2026 gun=10
[2026-08-16T01:52:51Z INFO  steel_front] huddbg: state=Playing quads=2026 gun=10
[2026-08-16T01:52:51Z INFO  steel_front] huddbg: state=Playing quads=2026 gun=10
[2026-08-16T01:52:51Z INFO  steel_front] huddbg: state=Playing quads=2026 gun=10
[2026-08-16T01:52:51Z INFO  steel_front] huddbg: state=Playing quads=2026 gun=10
[2026-08-16T01:52:51Z INFO  steel_front] huddbg: state=Playing quads=2026 gun=10
[2026-08-16T01:52:51Z INFO  steel_front] huddbg: state=Playing quads=2026 gun=10
[2026-08-16T01:52:51Z INFO  steel_front::engine::renderer] huddbg: set_hud_quads quads=2026 count=2026 mapped_null=false capacity=4096 first=[px=(48,1508,720x44) ndc=(-0.962,-0.885)-(-0.400,-0.940) rgba=(0.08,0.08,0.10,0.75)] last=[px=(561,140,3x3) ndc=(-0.562,0.826)-(-0.560,0.822) rgba=(0.20,0.80,0.90,1.00)]
[2026-08-16T01:52:51Z INFO  steel_front] huddbg: state=Playing quads=2026 gun=10
[2026-08-16T01:52:51Z INFO  steel_front::engine::game] ai: npcs=6 near=5 far=1 idle=0 patrol=3 chase=3 attack=0 tactics=[2, 1, 1, 0, 0, 0, 0, 2]
[2026-08-16T01:52:51Z INFO  steel_front::engine::game] game: wave=1 enemies=6 enemy_hp=100 hp=100/100 score=0 phys_us=2 ai_us=184 audio_us=11 net_us=0
[2026-08-16T01:52:51Z INFO  steel_front::engine::renderer] huddbg: set_hud_quads quads=2026 count=2026 mapped_null=false capacity=4096 first=[px=(48,1508,720x44) ndc=(-0.962,-0.885)-(-0.400,-0.940) rgba=(0.08,0.08,0.10,0.75)] last=[px=(561,140,3x3) ndc=(-0.562,0.826)-(-0.560,0.822) rgba=(0.20,0.80,0.90,1.00)]
[2026-08-16T01:52:51Z INFO  steel_front] cam: yaw=0.0 pitch=0.0 dist=3.4 mode=FirstPerson cycle_us=2316 update_us=41 render_us=2274
[2026-08-16T01:52:51Z INFO  steel_front::engine::renderer] huddbg: set_hud_quads quads=2026 count=2026 mapped_null=false capacity=4096 first=[px=(48,1508,720x44) ndc=(-0.962,-0.885)-(-0.400,-0.940) rgba=(0.08,0.08,0.10,0.75)] last=[px=(561,140,3x3) ndc=(-0.562,0.826)-(-0.560,0.822) rgba=(0.20,0.80,0.90,1.00)]
[2026-08-16T01:52:52Z INFO  steel_front::engine::renderer] huddbg: set_hud_quads quads=2026 count=2026 mapped_null=false capacity=4096 first=[px=(48,1508,720x44) ndc=(-0.962,-0.885)-(-0.400,-0.940) rgba=(0.08,0.08,0.10,0.75)] last=[px=(561,140,3x3) ndc=(-0.562,0.826)-(-0.560,0.822) rgba=(0.20,0.80,0.90,1.00)]
[2026-08-16T01:52:52Z INFO  steel_front::engine::renderer] visible=65536/65536 near=65536 far=0 fps=405.8 frame_us=1626 cull_us=5 terrain_us=0 wait_fence_us=1817 acquire_us=0 record_us=24 submit_us=27 present_us=113 terrain_lod=high blend=0.000 quality=中画质 marker=36 npc=1018
[2026-08-16T01:52:52Z INFO  steel_front::engine::game] ai: npcs=6 near=5 far=1 idle=0 patrol=3 chase=3 attack=0 tactics=[2, 1, 1, 0, 0, 0, 0, 2]
[2026-08-16T01:52:52Z INFO  steel_front::engine::game] game: wave=1 enemies=6 enemy_hp=100 hp=100/100 score=0 phys_us=1 ai_us=468 audio_us=13 net_us=0
[2026-08-16T01:52:52Z INFO  steel_front::engine::renderer] huddbg: set_hud_quads quads=2026 count=2026 mapped_null=false capacity=4096 first=[px=(48,1508,720x44) ndc=(-0.962,-0.885)-(-0.400,-0.940) rgba=(0.08,0.08,0.10,0.75)] last=[px=(561,140,3x3) ndc=(-0.562,0.826)-(-0.560,0.822) rgba=(0.20,0.80,0.90,1.00)]
[2026-08-16T01:52:52Z INFO  steel_front::engine::game] npc: #9 stand (5.8, 0.0, 10.5)
[2026-08-16T01:52:52Z INFO  steel_front::engine::renderer] huddbg: set_hud_quads quads=2001 count=2001 mapped_null=false capacity=4096 first=[px=(48,1508,720x44) ndc=(-0.962,-0.885)-(-0.400,-0.940) rgba=(0.08,0.08,0.10,0.75)] last=[px=(561,140,3x3) ndc=(-0.562,0.826)-(-0.560,0.822) rgba=(0.20,0.80,0.90,1.00)]
[2026-08-16T01:52:52Z INFO  steel_front] cam: yaw=0.0 pitch=0.0 dist=3.4 mode=FirstPerson cycle_us=2181 update_us=42 render_us=2138
[2026-08-16T01:52:53Z INFO  steel_front::engine::renderer] huddbg: set_hud_quads quads=2003 count=2003 mapped_null=false capacity=4096 first=[px=(48,1508,720x44) ndc=(-0.962,-0.885)-(-0.400,-0.940) rgba=(0.08,0.08,0.10,0.75)] last=[px=(561,140,3x3) ndc=(-0.562,0.826)-(-0.560,0.822) rgba=(0.20,0.80,0.90,1.00)]
[2026-08-16T01:52:53Z INFO  steel_front::engine::renderer] visible=65536/65536 near=65536 far=0 fps=402.8 frame_us=2031 cull_us=8 terrain_us=0 wait_fence_us=1221 acquire_us=1 record_us=36 submit_us=32 present_us=191 terrain_lod=high blend=0.000 quality=中画质 marker=64 npc=1018
[2026-08-16T01:52:53Z INFO  steel_front] gundbg: cam_pos=Vec3(0.0, 1.6, 0.0) part0_pos=(0.268,1.300,-0.620)
[2026-08-16T01:52:53Z INFO  steel_front] size diag: window_inner=2560x1600 hud=2560x1600
[2026-08-16T01:52:53Z INFO  steel_front] gundbg: cam_pos=Vec3(0.0, 1.6, 0.0) part0_pos=(0.268,1.300,-0.620)
[2026-08-16T01:52:53Z INFO  steel_front] size diag: window_inner=2560x1600 hud=2560x1600
[2026-08-16T01:52:53Z INFO  steel_front] gundbg: cam_pos=Vec3(0.0, 1.6, 0.0) part0_pos=(0.268,1.300,-0.620)
[2026-08-16T01:52:53Z INFO  steel_front] size diag: window_inner=2560x1600 hud=2560x1600
[2026-08-16T01:52:53Z INFO  steel_front] gundbg: cam_pos=Vec3(0.0, 1.6, 0.0) part0_pos=(0.268,1.300,-0.620)
[2026-08-16T01:52:53Z INFO  steel_front] size diag: window_inner=2560x1600 hud=2560x1600
[2026-08-16T01:52:53Z INFO  steel_front] gundbg: cam_pos=Vec3(0.0, 1.6, 0.0) part0_pos=(0.268,1.300,-0.620)
[2026-08-16T01:52:53Z INFO  steel_front] size diag: window_inner=2560x1600 hud=2560x1600
[2026-08-16T01:52:53Z INFO  steel_front] gundbg: cam_pos=Vec3(0.0, 1.6, 0.0) part0_pos=(0.268,1.300,-0.620)
[2026-08-16T01:52:53Z INFO  steel_front] size diag: window_inner=2560x1600 hud=2560x1600
