.\target\release\steel-front.exe : [2026-08-15T05:32:00Z INFO  steel_front] ==========
==============================
At line:1 char:185
+ ... ; $env:RUST_LOG="info"; .\target\release\steel-front.exe 2>&1 | Out-F ...
+                             ~~~~~~~~~~~~~~~~~~~~~~~~~~~~~~~~~~~~~
    + CategoryInfo          : NotSpecified: ([2026-08-15T05:...===============:String 
   ) [], RemoteException
    + FullyQualifiedErrorId : NativeCommandError
 
[2026-08-15T05:32:00Z INFO  steel_front]   钢铁前线 (Steel Front) v0.1.0
[2026-08-15T05:32:00Z INFO  steel_front]   二战FPS游戏引擎 - Rust + Vulkan
[2026-08-15T05:32:00Z INFO  steel_front] ========================================
[2026-08-15T05:32:00Z INFO  steel_front::engine::cpu] cpu: vendor=Amd threads=32 prima
ry=[0, 1, 2, 3, 4, 5, 6, 7, 8, 9, 10, 11, 12, 13, 14, 15] secondary=[16, 17, 18, 19, 2
0, 21, 22, 23, 24, 25, 26, 27, 28, 29, 30, 31] e_cores=0 avx2=true avx512=true scene_s
et=[0, 1, 2, 3, 4, 5, 6, 7, 8, 9, 10, 11, 12, 13, 14, 15] ai_set=[16, 17, 18, 19, 20, 
21, 22, 23, 24, 25, 26, 27, 28, 29, 30, 31] physical_primary=[0, 1, 2, 3, 4, 5, 6, 7, 
8, 9, 10, 11, 12, 13, 14, 15] physical_secondary=[16, 17, 18, 19, 20, 21, 22, 23, 24, 
25, 26, 27, 28, 29, 30, 31] smt=[]
[2026-08-15T05:32:00Z INFO  steel_front::engine::cpu] cpu: 非 Linux 平台，跳过线程手工绑定（交给系统调度）
[2026-08-15T05:32:00Z INFO  steel_front::engine::cpu] cpu: ai_pool 创建（8 工作线程，绑定 vCPU [
16, 17, 18, 19, 20, 21, 22, 23, 24, 25, 26, 27, 28, 29, 30, 31]）
[2026-08-15T05:32:00Z INFO  steel_front::engine::game] map: level 1 generated: 20 obst
acle bodies (wall=20 block=0 barrier=0), 60 grid cells blocked
[2026-08-15T05:32:00Z INFO  steel_front] 显示器: 2560x1600 aspect=1.600
[2026-08-15T05:32:00Z INFO  steel_front] 默认分辨率: 1280x800
[2026-08-15T05:32:00Z INFO  steel_front] 窗口创建成功: 1280x800
[2026-08-15T05:32:00Z WARN  steel_front::engine::renderer] 验证层不可用，将不使用
[2026-08-15T05:32:01Z INFO  steel_front::engine::renderer] 选择物理设备: NVIDIA GeForce RTX 
5060 Laptop GPU
[2026-08-15T05:32:01Z INFO  steel_front::engine::gpu_caps] gpu-caps: 设备 NVIDIA GeForce
 RTX 5060 Laptop GPU 硬件能力探测（WSLg/dzn 视角）
[2026-08-15T05:32:01Z INFO  steel_front::engine::gpu_caps] gpu-caps: 可用 device 扩展 280 
个
[2026-08-15T05:32:01Z INFO  steel_front::engine::gpu_caps] gpu-caps: -- 光追扩展 --
[2026-08-15T05:32:01Z INFO  steel_front::engine::gpu_caps] gpu-caps:   VK_KHR_ray_trac
ing_pipeline = true
[2026-08-15T05:32:01Z INFO  steel_front::engine::gpu_caps] gpu-caps:   VK_KHR_accelera
tion_structure = true
[2026-08-15T05:32:01Z INFO  steel_front::engine::gpu_caps] gpu-caps:   VK_KHR_ray_quer
y = true
[2026-08-15T05:32:01Z INFO  steel_front::engine::gpu_caps] gpu-caps:   VK_KHR_deferred
_host_operations = true
[2026-08-15T05:32:01Z INFO  steel_front::engine::gpu_caps] gpu-caps:   VK_KHR_buffer_d
evice_address = true
[2026-08-15T05:32:01Z INFO  steel_front::engine::gpu_caps] gpu-caps:   VK_KHR_ray_trac
ing_position_fetch = true
[2026-08-15T05:32:01Z INFO  steel_front::engine::gpu_caps] gpu-caps:   VK_NV_ray_traci
ng = true
[2026-08-15T05:32:01Z INFO  steel_front::engine::gpu_caps] gpu-caps: -- Tensor Core / 
协作矩阵 --
[2026-08-15T05:32:01Z INFO  steel_front::engine::gpu_caps] gpu-caps:   VK_KHR_cooperat
ive_matrix = true
[2026-08-15T05:32:01Z INFO  steel_front::engine::gpu_caps] gpu-caps:   VK_NV_cooperati
ve_matrix = true
[2026-08-15T05:32:01Z INFO  steel_front::engine::gpu_caps] gpu-caps:   VK_NV_compute_s
hader_derivatives = true
[2026-08-15T05:32:01Z INFO  steel_front::engine::gpu_caps] gpu-caps: -- DLSS / NVIDIA 
私有 --
[2026-08-15T05:32:01Z INFO  steel_front::engine::gpu_caps] gpu-caps:   VK_NVX_image_vi
ew_handle = true
[2026-08-15T05:32:01Z INFO  steel_front::engine::gpu_caps] gpu-caps:   VK_NVX_binary_i
mport = true
[2026-08-15T05:32:01Z INFO  steel_front::engine::gpu_caps] gpu-caps:   VK_NV_cuda_kern
el = true
[2026-08-15T05:32:01Z INFO  steel_front::engine::gpu_caps] gpu-caps:   VK_NV_external_
memory = true
[2026-08-15T05:32:01Z INFO  steel_front::engine::gpu_caps] gpu-caps: -- 其它新特性 --
[2026-08-15T05:32:01Z INFO  steel_front::engine::gpu_caps] gpu-caps:   VK_EXT_mesh_sha
der = true
[2026-08-15T05:32:01Z INFO  steel_front::engine::gpu_caps] gpu-caps:   VK_KHR_shader_o
bject = false
[2026-08-15T05:32:01Z INFO  steel_front::engine::gpu_caps] gpu-caps:   VK_KHR_dynamic_
rendering = true
[2026-08-15T05:32:01Z INFO  steel_front::engine::gpu_caps] gpu-caps: RT 特性 ray_tracing
_pipeline=true acceleration_structure=true buffer_device_address=true ray_query=true
[2026-08-15T05:32:01Z INFO  steel_front::engine::gpu_caps] gpu-caps: RT 管线属性 shaderGro
upHandleSize=32B maxRecursionDepth=31 maxRayDispatchInvocationCount=1073741824
[2026-08-15T05:32:01Z INFO  steel_front::engine::gpu_caps] gpu-caps: 【结论】光追探测 device 创
建成功 → RT Core 路径可用（dzn→DXR）
[2026-08-15T05:32:01Z INFO  steel_front::engine::gpu_caps] gpu-caps: CUDA 直通（Tensor Co
re 可编程访问）=false（libcuda in /usr/lib/wsl/lib）
[2026-08-15T05:32:01Z INFO  steel_front::engine::gpu_caps] gpu-caps: 【结论】Vulkan-DLSS（N
VIDIA 私有扩展）=true；可直接接 DLSS SDK
[2026-08-15T05:32:01Z INFO  steel_front::engine::renderer] VK_EXT_mesh_shader 可用：启用可选网
格着色器渲染路径
[2026-08-15T05:32:01Z INFO  steel_front::engine::renderer] 交换链初始化完成: 1280x800, 格式: B8G
8R8A8_SRGB, 图像数: 3, present_mode: MAILBOX
[2026-08-15T05:32:01Z INFO  steel_front::engine::renderer] 实例缓冲创建完成: 65536 个实例，stride 
80 字节，2 帧双缓冲 HOST_VISIBLE|HOST_COHERENT（每帧压缩上传）
[2026-08-15T05:32:01Z INFO  steel_front::engine::renderer] instances=65536 draw_calls=
1
[2026-08-15T05:32:01Z INFO  steel_front::engine::renderer] 深度缓冲创建完成: 3 张 1280x800 D32_
SFLOAT
[2026-08-15T05:32:01Z INFO  steel_front::engine::renderer] Descriptor Set Layout: bind
ing 0 = UBO(view/proj), binding 1 = 贴图, binding 2 = 实例 STORAGE_BUFFER, binding 3 = 采样器
[2026-08-15T05:32:01Z INFO  steel_front::engine::renderer] Descriptor 初始化完成（2 帧）
[2026-08-15T05:32:01Z INFO  steel_front::engine::renderer] 远档 LOD 几何创建完成: 8 顶点 / 12 索引
（十字双 quad）
[2026-08-15T05:32:01Z INFO  steel_front::engine::renderer] 地面平铺 quad 几何创建完成: 4 顶点 / 6 
索引（无侧壁）
[2026-08-15T05:32:01Z INFO  steel_front::engine::renderer] 地形 LOD[0] 创建完成: 66049 顶点 / 
393216 索引（257×257 网格，间距 2）
[2026-08-15T05:32:01Z INFO  steel_front::engine::renderer] 地形 LOD[1] 创建完成: 16641 顶点 / 
98304 索引（129×129 网格，间距 4）
[2026-08-15T05:32:01Z INFO  steel_front::engine::renderer] 地形 LOD[2] 创建完成: 4225 顶点 / 2
4576 索引（65×65 网格，间距 8）
[2026-08-15T05:32:01Z INFO  steel_front::engine::renderer] 地形 3 级 LOD 全部创建完成（高/中/低）
[2026-08-15T05:32:01Z INFO  steel_front::engine::renderer] 图形管线创建完成
[2026-08-15T05:32:01Z INFO  steel_front::engine::renderer] 网格着色器 maxMeshWorkGroupCount
[0] = 4194304（地面场 65536 按此分块）
[2026-08-15T05:32:01Z INFO  steel_front::engine::renderer] 网格着色器管线创建完成（VK_EXT_mesh_sha
der）
[2026-08-15T05:32:01Z INFO  steel_front::engine::renderer] HUD 覆盖层初始化完成（独立 pipeline，容量
 4096 quads）
[2026-08-15T05:32:01Z INFO  steel_front::engine::renderer] 纹理初始化完成: 512x512（10 mip，来源=
程序化地面材质）
[2026-08-15T05:32:01Z INFO  steel_front::engine::renderer] 程序化皮肤纹理初始化完成: 512x512（marke
r=木板墙, npc=迷彩军服, RV3D_SKIN_TEX=off（纯色回退））
[2026-08-15T05:32:01Z INFO  steel_front::engine::renderer] 阴影贴图资源创建完成: 2048x2048 D32_S
FLOAT
[2026-08-15T05:32:01Z INFO  steel_front::engine::renderer] 阴影 depth-only 管线创建完成
[2026-08-15T05:32:01Z INFO  steel_front] Vulkan 渲染器初始化成功
[2026-08-15T05:32:01Z INFO  steel_front] settings: 分辨率保持 1280x800
[2026-08-15T05:32:01Z INFO  steel_front] settings: 应用画质 中画质
[2026-08-15T05:32:01Z INFO  steel_front::engine::renderer] 画质预设已切换: 中画质
[2026-08-15T05:32:01Z INFO  steel_front] 窗口大小变化: 1898x1061
[2026-08-15T05:32:01Z INFO  steel_front::engine::renderer] 交换链初始化完成: 1280x800, 格式: B8G
8R8A8_SRGB, 图像数: 3, present_mode: MAILBOX
[2026-08-15T05:32:01Z INFO  steel_front::engine::renderer] 深度缓冲创建完成: 3 张 1280x800 D32_
SFLOAT
[2026-08-15T05:32:01Z INFO  steel_front] 窗口大小变化: 1280x800
[2026-08-15T05:32:01Z INFO  steel_front::engine::renderer] 交换链初始化完成: 1280x800, 格式: B8G
8R8A8_SRGB, 图像数: 3, present_mode: MAILBOX
[2026-08-15T05:32:01Z INFO  steel_front::engine::renderer] 深度缓冲创建完成: 3 张 1280x800 D32_
SFLOAT
[2026-08-15T05:32:01Z INFO  steel_front] 窗口大小变化: 1280x800
[2026-08-15T05:32:01Z INFO  steel_front::engine::renderer] 交换链初始化完成: 1280x800, 格式: B8G
8R8A8_SRGB, 图像数: 3, present_mode: MAILBOX
[2026-08-15T05:32:01Z INFO  steel_front::engine::renderer] 深度缓冲创建完成: 3 张 1280x800 D32_
SFLOAT
[2026-08-15T05:32:01Z INFO  steel_front] cam: yaw=0.0 pitch=0.0 dist=3.4 mode=FirstPer
son cycle_us=0 update_us=0 render_us=0
[2026-08-15T05:32:02Z INFO  steel_front::engine::renderer] visible=65536/65536 near=65
536 far=0 fps=165.4 frame_us=2210 cull_us=0 terrain_us=0 wait_fence_us=3619 acquire_us
=1 record_us=21 submit_us=21 present_us=139 terrain_lod=high blend=0.000 quality=中画质 m
arker=20 npc=56
[2026-08-15T05:32:02Z INFO  steel_front::engine::game] ai: npcs=8 near=8 far=0 idle=0 
patrol=0 chase=8 attack=0 tactics=[8, 0, 0, 0, 0, 0, 0, 0]
[2026-08-15T05:32:02Z INFO  steel_front::engine::game] game: wave=1 enemies=8 enemy_hp
=100 hp=100/100 score=0 phys_us=3 ai_us=70 audio_us=19 net_us=0
[2026-08-15T05:32:02Z INFO  steel_front] cam: yaw=0.0 pitch=0.0 dist=3.4 mode=FirstPer
son cycle_us=4974 update_us=44 render_us=4929
[2026-08-15T05:32:03Z INFO  steel_front::engine::renderer] visible=65536/65536 near=65
536 far=0 fps=279.5 frame_us=3611 cull_us=0 terrain_us=0 wait_fence_us=2 acquire_us=1 
record_us=40 submit_us=40 present_us=1030 terrain_lod=high blend=0.000 quality=中画质 mar
ker=20 npc=56
[2026-08-15T05:32:03Z INFO  steel_front::engine::game] ai: npcs=8 near=8 far=0 idle=0 
patrol=0 chase=8 attack=0 tactics=[8, 0, 0, 0, 0, 0, 0, 0]
[2026-08-15T05:32:03Z INFO  steel_front::engine::game] game: wave=1 enemies=8 enemy_hp
=100 hp=100/100 score=0 phys_us=2 ai_us=45 audio_us=7 net_us=0
[2026-08-15T05:32:03Z INFO  steel_front] cam: yaw=0.0 pitch=0.0 dist=3.4 mode=FirstPer
son cycle_us=2901 update_us=28 render_us=2872
[2026-08-15T05:32:04Z INFO  steel_front::engine::game] map: level 1 generated: 20 obst
acle bodies (wall=20 block=0 barrier=0), 60 grid cells blocked
[2026-08-15T05:32:04Z INFO  steel_front::engine::game] game: purged 8 leftover npcs on
 run start
[2026-08-15T05:32:04Z INFO  steel_front::engine::game] wave: npc #8 spawn (65.3, 0.0, 
25.3)
[2026-08-15T05:32:04Z INFO  steel_front::engine::game] wave: npc #9 spawn (6.1, 0.0, 3
9.5)
[2026-08-15T05:32:04Z INFO  steel_front::engine::game] wave: npc #10 spawn (-46.8, 0.0
, 37.6)
[2026-08-15T05:32:04Z INFO  steel_front::engine::game] wave: npc #11 spawn (-74.6, 0.0
, -28.9)
[2026-08-15T05:32:04Z INFO  steel_front::engine::game] wave: npc #12 spawn (-7.6, 0.0,
 -49.4)
[2026-08-15T05:32:04Z INFO  steel_front::engine::game] wave: npc #13 spawn (54.6, 0.0,
 -43.9)
[2026-08-15T05:32:04Z INFO  steel_front::engine::game] wave: wave 1 spawned 6 enemies 
(kind=Normal total=6 speed=4.0 hp=100 effective=1)
[2026-08-15T05:32:04Z INFO  steel_front::engine::game] game: run started (wave 1)
[2026-08-15T05:32:04Z INFO  steel_front] input: cursor captured (mouse look on, grab=l
ocked, look=relative)
[2026-08-15T05:32:04Z INFO  steel_front::engine::game] physics: 20 events this frame (
GroundHit, GroundHit, GroundHit, GroundHit, GroundHit, GroundHit, GroundHit, GroundHit
, GroundHit, GroundHit, GroundHit, GroundHit, GroundHit, GroundHit, GroundHit, GroundH
it, GroundHit, GroundHit, GroundHit, GroundHit)
[2026-08-15T05:32:04Z INFO  steel_front::engine::renderer] visible=65536/65536 near=65
536 far=0 fps=327.6 frame_us=3504 cull_us=0 terrain_us=0 wait_fence_us=2017 acquire_us
=1 record_us=19 submit_us=23 present_us=109 terrain_lod=high blend=0.000 quality=中画质 m
arker=20 npc=42
[2026-08-15T05:32:04Z INFO  steel_front::engine::game] ai: npcs=6 near=6 far=0 idle=0 
patrol=3 chase=3 attack=0 tactics=[4, 1, 1, 0, 0, 0, 0, 0]
[2026-08-15T05:32:04Z INFO  steel_front::engine::game] game: wave=1 enemies=6 enemy_hp
=100 hp=100/100 score=0 phys_us=1 ai_us=51 audio_us=20 net_us=0
[2026-08-15T05:32:04Z INFO  steel_front] cam: yaw=-5.8 pitch=-1.0 dist=3.4 mode=FirstP
erson cycle_us=2188 update_us=18 render_us=2170
[2026-08-15T05:32:05Z INFO  steel_front::engine::renderer] visible=65536/65536 near=65
536 far=0 fps=334.8 frame_us=3348 cull_us=0 terrain_us=0 wait_fence_us=2579 acquire_us
=1 record_us=25 submit_us=28 present_us=241 terrain_lod=high blend=0.000 quality=中画质 m
arker=20 npc=42
[2026-08-15T05:32:05Z INFO  steel_front::engine::game] ai: npcs=6 near=6 far=0 idle=0 
patrol=3 chase=3 attack=0 tactics=[4, 1, 1, 0, 0, 0, 0, 0]
[2026-08-15T05:32:05Z INFO  steel_front::engine::game] game: wave=1 enemies=6 enemy_hp
=100 hp=100/100 score=0 phys_us=1 ai_us=52 audio_us=20 net_us=0
[2026-08-15T05:32:05Z INFO  steel_front] cam: yaw=3.4 pitch=-0.9 dist=3.4 mode=FirstPe
rson cycle_us=4468 update_us=14 render_us=4453
[2026-08-15T05:32:06Z INFO  steel_front::engine::renderer] visible=65536/65536 near=65
536 far=0 fps=332.4 frame_us=2369 cull_us=0 terrain_us=0 wait_fence_us=2211 acquire_us
=0 record_us=66 submit_us=36 present_us=205 terrain_lod=high blend=0.000 quality=中画质 m
arker=20 npc=42
[2026-08-15T05:32:06Z INFO  steel_front::engine::game] ai: npcs=6 near=6 far=0 idle=0 
patrol=3 chase=3 attack=0 tactics=[4, 1, 1, 0, 0, 0, 0, 0]
[2026-08-15T05:32:06Z INFO  steel_front::engine::game] game: wave=1 enemies=6 enemy_hp
=100 hp=100/100 score=0 phys_us=1 ai_us=29 audio_us=10 net_us=0
[2026-08-15T05:32:06Z INFO  steel_front] cam: yaw=-30.2 pitch=1.5 dist=3.4 mode=FirstP
erson cycle_us=3710 update_us=29 render_us=3680
[2026-08-15T05:32:07Z INFO  steel_front::engine::renderer] visible=65536/65536 near=65
536 far=0 fps=329.6 frame_us=2217 cull_us=0 terrain_us=0 wait_fence_us=3279 acquire_us
=0 record_us=53 submit_us=17 present_us=266 terrain_lod=high blend=0.000 quality=中画质 m
arker=20 npc=42
[2026-08-15T05:32:07Z INFO  steel_front::engine::game] ai: npcs=6 near=6 far=0 idle=0 
patrol=3 chase=3 attack=0 tactics=[4, 1, 1, 0, 0, 0, 0, 0]
[2026-08-15T05:32:07Z INFO  steel_front::engine::game] game: wave=1 enemies=6 enemy_hp
=100 hp=100/100 score=0 phys_us=0 ai_us=25 audio_us=10 net_us=0
[2026-08-15T05:32:07Z INFO  steel_front] cam: yaw=30.4 pitch=1.9 dist=3.4 mode=FirstPe
rson cycle_us=2340 update_us=20 render_us=2319
[2026-08-15T05:32:08Z INFO  steel_front::engine::renderer] visible=65536/65536 near=65
536 far=0 fps=330.9 frame_us=3576 cull_us=0 terrain_us=0 wait_fence_us=3216 acquire_us
=0 record_us=78 submit_us=56 present_us=313 terrain_lod=high blend=0.000 quality=中画质 m
arker=20 npc=42
[2026-08-15T05:32:08Z INFO  steel_front::engine::game] ai: npcs=6 near=6 far=0 idle=0 
patrol=2 chase=4 attack=0 tactics=[4, 1, 1, 0, 0, 0, 0, 0]
[2026-08-15T05:32:08Z INFO  steel_front::engine::game] game: wave=1 enemies=6 enemy_hp
=100 hp=100/100 score=0 phys_us=0 ai_us=40 audio_us=19 net_us=0
[2026-08-15T05:32:08Z INFO  steel_front] cam: yaw=70.7 pitch=1.5 dist=3.4 mode=FirstPe
rson cycle_us=3248 update_us=44 render_us=3204
[2026-08-15T05:32:09Z INFO  steel_front::engine::renderer] visible=65536/65536 near=65
536 far=0 fps=326.3 frame_us=2811 cull_us=0 terrain_us=0 wait_fence_us=3009 acquire_us
=0 record_us=22 submit_us=24 present_us=106 terrain_lod=high blend=0.000 quality=中画质 m
arker=20 npc=42
[2026-08-15T05:32:09Z INFO  steel_front::engine::game] ai: npcs=6 near=5 far=1 idle=0 
patrol=2 chase=4 attack=0 tactics=[4, 1, 1, 0, 0, 0, 0, 0]
[2026-08-15T05:32:09Z INFO  steel_front::engine::game] game: wave=1 enemies=6 enemy_hp
=100 hp=100/100 score=0 phys_us=1 ai_us=40 audio_us=20 net_us=0
[2026-08-15T05:32:09Z INFO  steel_front] cam: yaw=41.4 pitch=1.2 dist=3.4 mode=FirstPe
rson cycle_us=2842 update_us=18 render_us=2823
[2026-08-15T05:32:10Z INFO  steel_front::engine::renderer] visible=65536/65536 near=65
536 far=0 fps=331.7 frame_us=2331 cull_us=0 terrain_us=0 wait_fence_us=3904 acquire_us
=0 record_us=21 submit_us=21 present_us=101 terrain_lod=high blend=0.000 quality=中画质 m
arker=20 npc=42
[2026-08-15T05:32:10Z INFO  steel_front::engine::game] ai: npcs=6 near=5 far=1 idle=0 
patrol=2 chase=4 attack=0 tactics=[4, 1, 1, 0, 0, 0, 0, 0]
[2026-08-15T05:32:10Z INFO  steel_front::engine::game] game: wave=1 enemies=6 enemy_hp
=100 hp=100/100 score=0 phys_us=1 ai_us=31 audio_us=8 net_us=0
[2026-08-15T05:32:10Z INFO  steel_front] cam: yaw=33.2 pitch=2.4 dist=3.4 mode=FirstPe
rson cycle_us=2417 update_us=17 render_us=2400
[2026-08-15T05:32:11Z INFO  steel_front::engine::renderer] visible=65536/65536 near=65
536 far=0 fps=329.0 frame_us=2427 cull_us=0 terrain_us=0 wait_fence_us=3116 acquire_us
=0 record_us=54 submit_us=51 present_us=373 terrain_lod=high blend=0.000 quality=中画质 m
arker=20 npc=42
[2026-08-15T05:32:11Z INFO  steel_front::engine::game] ai: npcs=6 near=5 far=1 idle=0 
patrol=2 chase=4 attack=0 tactics=[4, 1, 1, 0, 0, 0, 0, 0]
[2026-08-15T05:32:11Z INFO  steel_front::engine::game] game: wave=1 enemies=6 enemy_hp
=100 hp=100/100 score=0 phys_us=0 ai_us=25 audio_us=12 net_us=0
[2026-08-15T05:32:11Z INFO  steel_front] cam: yaw=-34.9 pitch=-4.0 dist=3.4 mode=First
Person cycle_us=3192 update_us=29 render_us=3162
[2026-08-15T05:32:12Z INFO  steel_front::engine::renderer] visible=65536/65536 near=65
536 far=0 fps=331.0 frame_us=2064 cull_us=0 terrain_us=0 wait_fence_us=2475 acquire_us
=0 record_us=46 submit_us=43 present_us=207 terrain_lod=high blend=0.000 quality=中画质 m
arker=20 npc=42
[2026-08-15T05:32:12Z INFO  steel_front::engine::game] ai: npcs=6 near=5 far=1 idle=0 
patrol=2 chase=4 attack=0 tactics=[4, 1, 1, 0, 0, 0, 0, 0]
[2026-08-15T05:32:12Z INFO  steel_front::engine::game] game: wave=1 enemies=6 enemy_hp
=100 hp=100/100 score=0 phys_us=0 ai_us=23 audio_us=10 net_us=0
[2026-08-15T05:32:12Z INFO  steel_front] cam: yaw=-55.2 pitch=-0.2 dist=3.4 mode=First
Person cycle_us=2355 update_us=21 render_us=2334
[2026-08-15T05:32:13Z INFO  steel_front::engine::renderer] visible=65536/65536 near=65
536 far=0 fps=330.4 frame_us=3239 cull_us=0 terrain_us=0 wait_fence_us=1915 acquire_us
=0 record_us=22 submit_us=24 present_us=187 terrain_lod=high blend=0.000 quality=中画质 m
arker=20 npc=42
[2026-08-15T05:32:13Z INFO  steel_front::engine::game] ai: npcs=6 near=5 far=1 idle=0 
patrol=2 chase=4 attack=0 tactics=[4, 1, 1, 0, 0, 0, 0, 0]
[2026-08-15T05:32:13Z INFO  steel_front::engine::game] game: wave=1 enemies=6 enemy_hp
=100 hp=100/100 score=0 phys_us=0 ai_us=25 audio_us=21 net_us=0
[2026-08-15T05:32:13Z INFO  steel_front] cam: yaw=-42.6 pitch=1.0 dist=3.4 mode=FirstP
erson cycle_us=2947 update_us=19 render_us=2928
[2026-08-15T05:32:14Z INFO  steel_front::engine::game] weapons: shot #1 (1 alive) [M1 
Rifle]
[2026-08-15T05:32:14Z INFO  steel_front::engine::renderer] visible=65536/65536 near=65
536 far=0 fps=329.9 frame_us=3116 cull_us=0 terrain_us=0 wait_fence_us=1943 acquire_us
=1 record_us=24 submit_us=52 present_us=136 terrain_lod=high blend=0.000 quality=中画质 m
arker=20 npc=42
[2026-08-15T05:32:14Z INFO  steel_front::engine::game] ai: npcs=6 near=4 far=2 idle=0 
patrol=2 chase=4 attack=0 tactics=[4, 1, 1, 0, 0, 0, 0, 0]
[2026-08-15T05:32:14Z INFO  steel_front::engine::game] game: wave=1 enemies=6 enemy_hp
=100 hp=100/100 score=0 phys_us=0 ai_us=20 audio_us=10 net_us=0
[2026-08-15T05:32:14Z INFO  steel_front] cam: yaw=-61.5 pitch=1.0 dist=3.4 mode=FirstP
erson cycle_us=3089 update_us=17 render_us=3072
[2026-08-15T05:32:15Z INFO  steel_front::engine::renderer] visible=65536/65536 near=65
536 far=0 fps=329.4 frame_us=2504 cull_us=0 terrain_us=0 wait_fence_us=2072 acquire_us
=0 record_us=44 submit_us=42 present_us=197 terrain_lod=high blend=0.000 quality=中画质 m
arker=20 npc=42
[2026-08-15T05:32:15Z INFO  steel_front::engine::game] weapons: shot #2 (2 alive) [M1 
Rifle]
[2026-08-15T05:32:15Z INFO  steel_front::engine::game] ai: npcs=6 near=4 far=2 idle=0 
patrol=2 chase=4 attack=0 tactics=[4, 1, 1, 0, 0, 0, 0, 0]
[2026-08-15T05:32:15Z INFO  steel_front::engine::game] game: wave=1 enemies=6 enemy_hp
=100 hp=100/100 score=0 phys_us=1 ai_us=34 audio_us=14 net_us=0
[2026-08-15T05:32:15Z INFO  steel_front] cam: yaw=-77.1 pitch=-0.1 dist=3.4 mode=First
Person cycle_us=4192 update_us=27 render_us=4165
[2026-08-15T05:32:16Z INFO  steel_front::engine::game] weapons: shot #3 (3 alive) [M1 
Rifle]
[2026-08-15T05:32:16Z INFO  steel_front::engine::renderer] visible=65536/65536 near=65
536 far=0 fps=332.4 frame_us=2109 cull_us=0 terrain_us=0 wait_fence_us=3406 acquire_us
=0 record_us=17 submit_us=18 present_us=101 terrain_lod=high blend=0.000 quality=中画质 m
arker=20 npc=42
[2026-08-15T05:32:16Z INFO  steel_front::engine::game] weapons: shot #4 (4 alive) [M1 
Rifle]
[2026-08-15T05:32:16Z INFO  steel_front::engine::game] ai: npcs=6 near=4 far=2 idle=0 
patrol=2 chase=4 attack=0 tactics=[4, 1, 1, 0, 0, 0, 0, 0]
[2026-08-15T05:32:16Z INFO  steel_front::engine::game] game: wave=1 enemies=6 enemy_hp
=100 hp=100/100 score=0 phys_us=0 ai_us=18 audio_us=18 net_us=0
[2026-08-15T05:32:16Z INFO  steel_front] cam: yaw=-77.2 pitch=0.8 dist=3.4 mode=FirstP
erson cycle_us=3921 update_us=39 render_us=3881
[2026-08-15T05:32:17Z INFO  steel_front::engine::renderer] visible=65536/65536 near=65
536 far=0 fps=329.1 frame_us=3043 cull_us=0 terrain_us=0 wait_fence_us=2980 acquire_us
=1 record_us=61 submit_us=39 present_us=205 terrain_lod=high blend=0.000 quality=中画质 m
arker=20 npc=42
[2026-08-15T05:32:17Z INFO  steel_front::engine::game] explosion: at (156.2, -2.0, -12
6.1) radius=8 dmg=60 knockback=true
