[2026-08-15T11:55:41Z INFO  steel_front] ========================================
[2026-08-15T11:55:41Z INFO  steel_front]   钢铁前线 (Steel Front) v0.1.0
[2026-08-15T11:55:41Z INFO  steel_front]   二战FPS游戏引擎 - Rust + Vulkan
[2026-08-15T11:55:41Z INFO  steel_front] ========================================
[2026-08-15T11:55:41Z INFO  steel_front::engine::cpu] cpu: vendor=Amd threads=32 primary=[0, 1, 2, 3, 4, 5, 6, 7, 8, 9, 10, 11, 12, 13, 14, 15] secondary=[16, 17, 18, 19, 20, 21, 22, 23, 24, 25, 26, 27, 28, 29, 30, 31] e_cores=0 avx2=true avx512=true scene_set=[0, 1, 2, 3, 4, 5, 6, 7, 8, 9, 10, 11, 12, 13, 14, 15] ai_set=[16, 17, 18, 19, 20, 21, 22, 23, 24, 25, 26, 27, 28, 29, 30, 31] physical_primary=[0, 1, 2, 3, 4, 5, 6, 7, 8, 9, 10, 11, 12, 13, 14, 15] physical_secondary=[16, 17, 18, 19, 20, 21, 22, 23, 24, 25, 26, 27, 28, 29, 30, 31] smt=[]
[2026-08-15T11:55:41Z INFO  steel_front::engine::cpu] cpu: 非 Linux 平台，跳过线程手工绑定（交给系统调度）
[2026-08-15T11:55:41Z INFO  steel_front::engine::cpu] cpu: ai_pool 创建（8 工作线程，绑定 vCPU [16, 17, 18, 19, 20, 21, 22, 23, 24, 25, 26, 27, 28, 29, 30, 31]）
[2026-08-15T11:55:41Z INFO  steel_front::engine::game] map: level 1 generated: 20 obstacle bodies (wall=20 block=0 barrier=0), 60 grid cells blocked
[2026-08-15T11:55:41Z INFO  steel_front] 窗口创建成功: 2560x1600
[2026-08-15T11:55:41Z WARN  steel_front::engine::renderer] 验证层不可用，将不使用
[2026-08-15T11:55:41Z INFO  steel_front::engine::renderer] 选择物理设备: NVIDIA GeForce RTX 5060 Laptop GPU
[2026-08-15T11:55:41Z INFO  steel_front::engine::gpu_caps] gpu-caps: 设备 NVIDIA GeForce RTX 5060 Laptop GPU 硬件能力探测（WSLg/dzn 视角）
[2026-08-15T11:55:41Z INFO  steel_front::engine::gpu_caps] gpu-caps: 可用 device 扩展 280 个
[2026-08-15T11:55:41Z INFO  steel_front::engine::gpu_caps] gpu-caps: -- 光追扩展 --
[2026-08-15T11:55:41Z INFO  steel_front::engine::gpu_caps] gpu-caps:   VK_KHR_ray_tracing_pipeline = true
[2026-08-15T11:55:41Z INFO  steel_front::engine::gpu_caps] gpu-caps:   VK_KHR_acceleration_structure = true
[2026-08-15T11:55:41Z INFO  steel_front::engine::gpu_caps] gpu-caps:   VK_KHR_ray_query = true
[2026-08-15T11:55:41Z INFO  steel_front::engine::gpu_caps] gpu-caps:   VK_KHR_deferred_host_operations = true
[2026-08-15T11:55:41Z INFO  steel_front::engine::gpu_caps] gpu-caps:   VK_KHR_buffer_device_address = true
[2026-08-15T11:55:41Z INFO  steel_front::engine::gpu_caps] gpu-caps:   VK_KHR_ray_tracing_position_fetch = true
[2026-08-15T11:55:41Z INFO  steel_front::engine::gpu_caps] gpu-caps:   VK_NV_ray_tracing = true
[2026-08-15T11:55:41Z INFO  steel_front::engine::gpu_caps] gpu-caps: -- Tensor Core / 协作矩阵 --
[2026-08-15T11:55:41Z INFO  steel_front::engine::gpu_caps] gpu-caps:   VK_KHR_cooperative_matrix = true
[2026-08-15T11:55:41Z INFO  steel_front::engine::gpu_caps] gpu-caps:   VK_NV_cooperative_matrix = true
[2026-08-15T11:55:41Z INFO  steel_front::engine::gpu_caps] gpu-caps:   VK_NV_compute_shader_derivatives = true
[2026-08-15T11:55:41Z INFO  steel_front::engine::gpu_caps] gpu-caps: -- DLSS / NVIDIA 私有 --
[2026-08-15T11:55:41Z INFO  steel_front::engine::gpu_caps] gpu-caps:   VK_NVX_image_view_handle = true
[2026-08-15T11:55:41Z INFO  steel_front::engine::gpu_caps] gpu-caps:   VK_NVX_binary_import = true
[2026-08-15T11:55:41Z INFO  steel_front::engine::gpu_caps] gpu-caps:   VK_NV_cuda_kernel = true
[2026-08-15T11:55:41Z INFO  steel_front::engine::gpu_caps] gpu-caps:   VK_NV_external_memory = true
[2026-08-15T11:55:41Z INFO  steel_front::engine::gpu_caps] gpu-caps: -- 其它新特性 --
[2026-08-15T11:55:41Z INFO  steel_front::engine::gpu_caps] gpu-caps:   VK_EXT_mesh_shader = true
[2026-08-15T11:55:41Z INFO  steel_front::engine::gpu_caps] gpu-caps:   VK_KHR_shader_object = false
[2026-08-15T11:55:41Z INFO  steel_front::engine::gpu_caps] gpu-caps:   VK_KHR_dynamic_rendering = true
[2026-08-15T11:55:41Z INFO  steel_front::engine::gpu_caps] gpu-caps: RT 特性 ray_tracing_pipeline=true acceleration_structure=true buffer_device_address=true ray_query=true
[2026-08-15T11:55:41Z INFO  steel_front::engine::gpu_caps] gpu-caps: RT 管线属性 shaderGroupHandleSize=32B maxRecursionDepth=31 maxRayDispatchInvocationCount=1073741824
[2026-08-15T11:55:41Z INFO  steel_front::engine::gpu_caps] gpu-caps: 【结论】光追探测 device 创建成功 → RT Core 路径可用（dzn→DXR）
[2026-08-15T11:55:41Z INFO  steel_front::engine::gpu_caps] gpu-caps: CUDA 直通（Tensor Core 可编程访问）=false（libcuda in /usr/lib/wsl/lib）
[2026-08-15T11:55:41Z INFO  steel_front::engine::gpu_caps] gpu-caps: 【结论】Vulkan-DLSS（NVIDIA 私有扩展）=true；可直接接 DLSS SDK
[2026-08-15T11:55:41Z INFO  steel_front::engine::renderer] VK_EXT_mesh_shader 可用：启用可选网格着色器渲染路径
[2026-08-15T11:55:41Z INFO  steel_front::engine::renderer] 交换链初始化完成: 2560x1600, 格式: B8G8R8A8_SRGB, 图像数: 3, present_mode: MAILBOX
[2026-08-15T11:55:41Z INFO  steel_front::engine::renderer] 实例缓冲创建完成: 65536 个实例，stride 80 字节，2 帧双缓冲 HOST_VISIBLE|HOST_COHERENT（每帧压缩上传）
[2026-08-15T11:55:41Z INFO  steel_front::engine::renderer] instances=65536 draw_calls=1
[2026-08-15T11:55:41Z INFO  steel_front::engine::renderer] 深度缓冲创建完成: 3 张 2560x1600 D32_SFLOAT
[2026-08-15T11:55:41Z INFO  steel_front::engine::renderer] Descriptor Set Layout: binding 0 = UBO(view/proj), binding 1 = 贴图, binding 2 = 实例 STORAGE_BUFFER, binding 3 = 采样器
[2026-08-15T11:55:41Z INFO  steel_front::engine::renderer] Descriptor 初始化完成（2 帧）
[2026-08-15T11:55:41Z INFO  steel_front::engine::renderer] 远档 LOD 几何创建完成: 8 顶点 / 12 索引（十字双 quad）
[2026-08-15T11:55:41Z INFO  steel_front::engine::renderer] 地面平铺 quad 几何创建完成: 4 顶点 / 6 索引（无侧壁）
[2026-08-15T11:55:41Z INFO  steel_front::engine::renderer] 地形 LOD[0] 创建完成: 66049 顶点 / 393216 索引（257×257 网格，间距 2）
[2026-08-15T11:55:41Z INFO  steel_front::engine::renderer] 地形 LOD[1] 创建完成: 16641 顶点 / 98304 索引（129×129 网格，间距 4）
[2026-08-15T11:55:41Z INFO  steel_front::engine::renderer] 地形 LOD[2] 创建完成: 4225 顶点 / 24576 索引（65×65 网格，间距 8）
[2026-08-15T11:55:41Z INFO  steel_front::engine::renderer] 地形 3 级 LOD 全部创建完成（高/中/低）
[2026-08-15T11:55:41Z INFO  steel_front::engine::renderer] 图形管线创建完成
[2026-08-15T11:55:41Z INFO  steel_front::engine::renderer] 网格着色器 maxMeshWorkGroupCount[0] = 4194304（地面场 65536 按此分块）
[2026-08-15T11:55:41Z INFO  steel_front::engine::renderer] 网格着色器管线创建完成（VK_EXT_mesh_shader）
[2026-08-15T11:55:41Z INFO  steel_front::engine::renderer] HUD 覆盖层初始化完成（独立 pipeline，容量 4096 quads）
[2026-08-15T11:55:41Z INFO  steel_front::engine::renderer] 纹理初始化完成: 512x512（10 mip，来源=程序化地面材质）
[2026-08-15T11:55:41Z INFO  steel_front::engine::renderer] 程序化皮肤纹理初始化完成: 512x512（marker=木板墙, npc=迷彩军服, RV3D_SKIN_TEX=off（纯色回退））
[2026-08-15T11:55:41Z INFO  steel_front::engine::renderer] 阴影贴图资源创建完成: 2048x2048 D32_SFLOAT
[2026-08-15T11:55:41Z INFO  steel_front::engine::renderer] 阴影 depth-only 管线创建完成
[2026-08-15T11:55:41Z INFO  steel_front] Vulkan 渲染器初始化成功
[2026-08-15T11:55:41Z INFO  steel_front] settings: 分辨率保持 2560x1600
[2026-08-15T11:55:41Z INFO  steel_front] settings: 应用画质 中画质
[2026-08-15T11:55:41Z INFO  steel_front::engine::renderer] 画质预设已切换: 中画质
[2026-08-15T11:55:41Z INFO  steel_front] 窗口大小变化: 1898x1061
[2026-08-15T11:55:41Z INFO  steel_front::engine::renderer] 交换链初始化完成: 2560x1600, 格式: B8G8R8A8_SRGB, 图像数: 3, present_mode: MAILBOX
[2026-08-15T11:55:41Z INFO  steel_front::engine::renderer] 深度缓冲创建完成: 3 张 2560x1600 D32_SFLOAT
[2026-08-15T11:55:41Z INFO  steel_front] 窗口大小变化: 2560x1600
[2026-08-15T11:55:41Z INFO  steel_front::engine::renderer] 交换链初始化完成: 2560x1600, 格式: B8G8R8A8_SRGB, 图像数: 3, present_mode: MAILBOX
[2026-08-15T11:55:42Z INFO  steel_front::engine::renderer] 深度缓冲创建完成: 3 张 2560x1600 D32_SFLOAT
[2026-08-15T11:55:42Z INFO  steel_front] 窗口大小变化: 2560x1600
[2026-08-15T11:55:42Z INFO  steel_front::engine::renderer] 交换链初始化完成: 2560x1600, 格式: B8G8R8A8_SRGB, 图像数: 3, present_mode: MAILBOX
[2026-08-15T11:55:42Z INFO  steel_front::engine::renderer] 深度缓冲创建完成: 3 张 2560x1600 D32_SFLOAT
[2026-08-15T11:55:42Z INFO  steel_front] cam: yaw=0.0 pitch=0.0 dist=3.4 mode=FirstPerson cycle_us=2634 update_us=33 render_us=2600
[2026-08-15T11:55:42Z INFO  steel_front::engine::renderer] visible=65536/65536 near=65536 far=0 fps=233.8 frame_us=2965 cull_us=0 terrain_us=0 wait_fence_us=3424 acquire_us=0 record_us=38 submit_us=38 present_us=329 terrain_lod=high blend=0.000 quality=中画质 marker=20 npc=56
[2026-08-15T11:55:42Z INFO  steel_front::engine::game] ai: npcs=8 near=8 far=0 idle=0 patrol=0 chase=8 attack=0 tactics=[8, 0, 0, 0, 0, 0, 0, 0]
[2026-08-15T11:55:42Z INFO  steel_front::engine::game] game: wave=1 enemies=8 enemy_hp=100 hp=100/100 score=0 phys_us=1 ai_us=287 audio_us=21 net_us=0
[2026-08-15T11:55:43Z INFO  steel_front] cam: yaw=0.0 pitch=0.0 dist=3.4 mode=FirstPerson cycle_us=2948 update_us=17 render_us=2931
[2026-08-15T11:55:43Z INFO  steel_front::engine::renderer] visible=65536/65536 near=65536 far=0 fps=275.4 frame_us=4170 cull_us=0 terrain_us=0 wait_fence_us=2693 acquire_us=1 record_us=20 submit_us=24 present_us=161 terrain_lod=high blend=0.000 quality=中画质 marker=20 npc=56
[2026-08-15T11:55:43Z INFO  steel_front::engine::game] ai: npcs=8 near=8 far=0 idle=0 patrol=0 chase=8 attack=0 tactics=[8, 0, 0, 0, 0, 0, 0, 0]
[2026-08-15T11:55:43Z INFO  steel_front::engine::game] game: wave=1 enemies=8 enemy_hp=100 hp=100/100 score=0 phys_us=2 ai_us=516 audio_us=10 net_us=0
[2026-08-15T11:55:44Z INFO  steel_front] cam: yaw=0.0 pitch=0.0 dist=3.4 mode=FirstPerson cycle_us=4014 update_us=14 render_us=4000
[2026-08-15T11:55:44Z INFO  steel_front::engine::renderer] visible=65536/65536 near=65536 far=0 fps=269.7 frame_us=3928 cull_us=0 terrain_us=0 wait_fence_us=3606 acquire_us=1 record_us=52 submit_us=40 present_us=333 terrain_lod=high blend=0.000 quality=中画质 marker=20 npc=56
[2026-08-15T11:55:44Z INFO  steel_front::engine::game] ai: npcs=8 near=8 far=0 idle=0 patrol=0 chase=8 attack=0 tactics=[8, 0, 0, 0, 0, 0, 0, 0]
[2026-08-15T11:55:44Z INFO  steel_front::engine::game] game: wave=1 enemies=8 enemy_hp=100 hp=100/100 score=0 phys_us=1 ai_us=434 audio_us=8 net_us=0
[2026-08-15T11:55:45Z INFO  steel_front] cam: yaw=0.0 pitch=0.0 dist=3.4 mode=FirstPerson cycle_us=2394 update_us=38 render_us=2355
[2026-08-15T11:55:45Z INFO  steel_front::engine::renderer] visible=65536/65536 near=65536 far=0 fps=276.4 frame_us=2439 cull_us=0 terrain_us=0 wait_fence_us=2054 acquire_us=0 record_us=45 submit_us=37 present_us=321 terrain_lod=high blend=0.000 quality=中画质 marker=20 npc=56
[2026-08-15T11:55:45Z INFO  steel_front::engine::game] ai: npcs=8 near=8 far=0 idle=0 patrol=0 chase=8 attack=0 tactics=[8, 0, 0, 0, 0, 0, 0, 0]
[2026-08-15T11:55:45Z INFO  steel_front::engine::game] game: wave=1 enemies=8 enemy_hp=100 hp=100/100 score=0 phys_us=1 ai_us=510 audio_us=25 net_us=0
[2026-08-15T11:55:46Z INFO  steel_front] cam: yaw=0.0 pitch=0.0 dist=3.4 mode=FirstPerson cycle_us=2788 update_us=48 render_us=2739
[2026-08-15T11:55:46Z INFO  steel_front::engine::game] npc: #3 stand (3.4, 0.0, 11.5)
[2026-08-15T11:55:46Z INFO  steel_front::engine::renderer] visible=65536/65536 near=65536 far=0 fps=279.8 frame_us=4291 cull_us=1 terrain_us=0 wait_fence_us=2075 acquire_us=0 record_us=106 submit_us=48 present_us=317 terrain_lod=high blend=0.000 quality=中画质 marker=35 npc=56
[2026-08-15T11:55:46Z INFO  steel_front::engine::game] ai: npcs=8 near=8 far=0 idle=0 patrol=0 chase=7 attack=1 tactics=[8, 0, 0, 0, 0, 0, 0, 0]
[2026-08-15T11:55:46Z INFO  steel_front::engine::game] game: wave=1 enemies=8 enemy_hp=100 hp=100/100 score=0 phys_us=1 ai_us=527 audio_us=17 net_us=0
[2026-08-15T11:55:47Z INFO  steel_front::engine::game] npc: #4 stand (4.0, 0.0, -11.3)
[2026-08-15T11:55:47Z INFO  steel_front] cam: yaw=0.0 pitch=0.0 dist=3.4 mode=FirstPerson cycle_us=3825 update_us=32 render_us=3793
[2026-08-15T11:55:47Z INFO  steel_front::engine::renderer] visible=65536/65536 near=65536 far=0 fps=274.4 frame_us=2761 cull_us=2 terrain_us=0 wait_fence_us=3170 acquire_us=3 record_us=73 submit_us=42 present_us=520 terrain_lod=high blend=0.000 quality=中画质 marker=20 npc=56
[2026-08-15T11:55:47Z INFO  steel_front::engine::game] ai: npcs=8 near=8 far=0 idle=0 patrol=0 chase=6 attack=2 tactics=[8, 0, 0, 0, 0, 0, 0, 0]
[2026-08-15T11:55:47Z INFO  steel_front::engine::game] game: wave=1 enemies=8 enemy_hp=100 hp=100/100 score=0 phys_us=1 ai_us=519 audio_us=34 net_us=0
[2026-08-15T11:55:48Z INFO  steel_front::engine::game] npc: #1 stand (-11.5, 0.0, 3.6)
[2026-08-15T11:55:48Z INFO  steel_front] cam: yaw=0.0 pitch=0.0 dist=3.4 mode=FirstPerson cycle_us=4987 update_us=19 render_us=4968
[2026-08-15T11:55:48Z INFO  steel_front::engine::renderer] visible=65536/65536 near=65536 far=0 fps=259.5 frame_us=3983 cull_us=2 terrain_us=0 wait_fence_us=2677 acquire_us=4 record_us=43 submit_us=70 present_us=283 terrain_lod=high blend=0.000 quality=中画质 marker=37 npc=56
[2026-08-15T11:55:49Z INFO  steel_front::engine::game] ai: npcs=8 near=8 far=0 idle=0 patrol=0 chase=5 attack=3 tactics=[8, 0, 0, 0, 0, 0, 0, 0]
[2026-08-15T11:55:49Z INFO  steel_front::engine::game] game: wave=1 enemies=8 enemy_hp=100 hp=100/100 score=0 phys_us=2 ai_us=530 audio_us=22 net_us=0
[2026-08-15T11:55:49Z INFO  steel_front] cam: yaw=0.0 pitch=0.0 dist=3.4 mode=FirstPerson cycle_us=6021 update_us=22 render_us=5998
[2026-08-15T11:55:49Z INFO  steel_front::engine::renderer] visible=65536/65536 near=65536 far=0 fps=271.6 frame_us=2567 cull_us=3 terrain_us=0 wait_fence_us=3160 acquire_us=4 record_us=64 submit_us=40 present_us=267 terrain_lod=high blend=0.000 quality=中画质 marker=35 npc=56
[2026-08-15T11:55:50Z INFO  steel_front::engine::game] ai: npcs=8 near=8 far=0 idle=0 patrol=0 chase=5 attack=3 tactics=[8, 0, 0, 0, 0, 0, 0, 0]
[2026-08-15T11:55:50Z INFO  steel_front::engine::game] game: wave=1 enemies=8 enemy_hp=100 hp=100/100 score=0 phys_us=1 ai_us=413 audio_us=13 net_us=0
[2026-08-15T11:55:50Z INFO  steel_front] cam: yaw=0.0 pitch=0.0 dist=3.4 mode=FirstPerson cycle_us=4147 update_us=18 render_us=4128
[2026-08-15T11:55:50Z INFO  steel_front::engine::renderer] visible=65536/65536 near=65536 far=0 fps=276.6 frame_us=3825 cull_us=0 terrain_us=0 wait_fence_us=2420 acquire_us=1 record_us=72 submit_us=43 present_us=298 terrain_lod=high blend=0.000 quality=中画质 marker=39 npc=56
[2026-08-15T11:55:51Z INFO  steel_front::engine::game] ai: npcs=8 near=8 far=0 idle=0 patrol=0 chase=5 attack=3 tactics=[8, 0, 0, 0, 0, 0, 0, 0]
[2026-08-15T11:55:51Z INFO  steel_front::engine::game] game: wave=1 enemies=8 enemy_hp=100 hp=100/100 score=0 phys_us=0 ai_us=526 audio_us=22 net_us=0
[2026-08-15T11:55:51Z INFO  steel_front] cam: yaw=0.0 pitch=0.0 dist=3.4 mode=FirstPerson cycle_us=2958 update_us=19 render_us=2938
[2026-08-15T11:55:51Z INFO  steel_front::engine::renderer] visible=65536/65536 near=65536 far=0 fps=275.6 frame_us=2046 cull_us=0 terrain_us=0 wait_fence_us=4469 acquire_us=1 record_us=48 submit_us=33 present_us=191 terrain_lod=high blend=0.000 quality=中画质 marker=39 npc=56
[2026-08-15T11:55:52Z INFO  steel_front::engine::game] ai: npcs=8 near=8 far=0 idle=0 patrol=0 chase=5 attack=3 tactics=[8, 0, 0, 0, 0, 0, 0, 0]
[2026-08-15T11:55:52Z INFO  steel_front::engine::game] game: wave=1 enemies=8 enemy_hp=100 hp=100/100 score=0 phys_us=1 ai_us=509 audio_us=23 net_us=0
[2026-08-15T11:55:52Z INFO  steel_front] cam: yaw=0.0 pitch=0.0 dist=3.4 mode=FirstPerson cycle_us=4540 update_us=14 render_us=4526
[2026-08-15T11:55:52Z INFO  steel_front::engine::game] npc: #5 stand (11.8, 0.0, 1.9)
[2026-08-15T11:55:52Z INFO  steel_front::engine::renderer] visible=65536/65536 near=65536 far=0 fps=272.8 frame_us=2886 cull_us=1 terrain_us=0 wait_fence_us=5552 acquire_us=1 record_us=51 submit_us=38 present_us=325 terrain_lod=high blend=0.000 quality=中画质 marker=40 npc=56
[2026-08-15T11:55:53Z INFO  steel_front::engine::game] ai: npcs=8 near=8 far=0 idle=0 patrol=0 chase=4 attack=4 tactics=[8, 0, 0, 0, 0, 0, 0, 0]
[2026-08-15T11:55:53Z INFO  steel_front::engine::game] game: wave=1 enemies=8 enemy_hp=100 hp=100/100 score=0 phys_us=1 ai_us=519 audio_us=15 net_us=0
[2026-08-15T11:55:53Z INFO  steel_front] cam: yaw=0.0 pitch=0.0 dist=3.4 mode=FirstPerson cycle_us=2825 update_us=60 render_us=2764
[2026-08-15T11:55:53Z INFO  steel_front::engine::game] npc: #7 stand (11.5, 0.0, 3.4)
[2026-08-15T11:55:53Z INFO  steel_front::engine::renderer] visible=65536/65536 near=65536 far=0 fps=274.9 frame_us=3385 cull_us=1 terrain_us=0 wait_fence_us=2286 acquire_us=1 record_us=50 submit_us=97 present_us=318 terrain_lod=high blend=0.000 quality=中画质 marker=60 npc=56
[2026-08-15T11:55:54Z INFO  steel_front::engine::game] ai: npcs=8 near=8 far=0 idle=0 patrol=0 chase=3 attack=5 tactics=[8, 0, 0, 0, 0, 0, 0, 0]
[2026-08-15T11:55:54Z INFO  steel_front::engine::game] game: wave=1 enemies=8 enemy_hp=100 hp=100/100 score=0 phys_us=1 ai_us=502 audio_us=34 net_us=0
[2026-08-15T11:55:54Z INFO  steel_front] cam: yaw=0.0 pitch=0.0 dist=3.4 mode=FirstPerson cycle_us=4612 update_us=47 render_us=4565
[2026-08-15T11:55:54Z INFO  steel_front::engine::renderer] visible=65536/65536 near=65536 far=0 fps=280.9 frame_us=2840 cull_us=1 terrain_us=0 wait_fence_us=2231 acquire_us=2 record_us=55 submit_us=66 present_us=301 terrain_lod=high blend=0.000 quality=中画质 marker=56 npc=56
[2026-08-15T11:55:55Z INFO  steel_front::engine::game] ai: npcs=8 near=8 far=0 idle=0 patrol=0 chase=3 attack=5 tactics=[8, 0, 0, 0, 0, 0, 0, 0]
[2026-08-15T11:55:55Z INFO  steel_front::engine::game] game: wave=1 enemies=8 enemy_hp=100 hp=100/100 score=0 phys_us=2 ai_us=626 audio_us=14 net_us=0
[2026-08-15T11:55:55Z INFO  steel_front::engine::game] npc: #2 stand (1.9, 0.0, -11.8)
[2026-08-15T11:55:55Z INFO  steel_front::engine::game] npc: #0 stand (2.9, 0.0, -11.6)
[2026-08-15T11:55:55Z INFO  steel_front] cam: yaw=0.0 pitch=0.0 dist=3.4 mode=FirstPerson cycle_us=2577 update_us=54 render_us=2522
[2026-08-15T11:55:55Z INFO  steel_front::engine::renderer] visible=65536/65536 near=65536 far=0 fps=267.7 frame_us=3933 cull_us=5 terrain_us=0 wait_fence_us=3847 acquire_us=3 record_us=222 submit_us=94 present_us=492 terrain_lod=high blend=0.000 quality=中画质 marker=60 npc=56
[2026-08-15T11:55:56Z INFO  steel_front::engine::game] ai: npcs=8 near=8 far=0 idle=0 patrol=0 chase=1 attack=7 tactics=[8, 0, 0, 0, 0, 0, 0, 0]
[2026-08-15T11:55:56Z INFO  steel_front::engine::game] game: wave=1 enemies=8 enemy_hp=100 hp=100/100 score=0 phys_us=2 ai_us=709 audio_us=39 net_us=0
[2026-08-15T11:55:56Z INFO  steel_front] cam: yaw=0.0 pitch=0.0 dist=3.4 mode=FirstPerson cycle_us=4153 update_us=52 render_us=4100
[2026-08-15T11:55:56Z INFO  steel_front::engine::renderer] visible=65536/65536 near=65536 far=0 fps=264.6 frame_us=5069 cull_us=1 terrain_us=0 wait_fence_us=2064 acquire_us=0 record_us=305 submit_us=213 present_us=835 terrain_lod=high blend=0.000 quality=中画质 marker=54 npc=56
[2026-08-15T11:55:57Z INFO  steel_front::engine::game] ai: npcs=8 near=8 far=0 idle=0 patrol=0 chase=1 attack=7 tactics=[8, 0, 0, 0, 0, 0, 0, 0]
[2026-08-15T11:55:57Z INFO  steel_front::engine::game] game: wave=1 enemies=8 enemy_hp=100 hp=100/100 score=0 phys_us=2 ai_us=523 audio_us=25 net_us=0
[2026-08-15T11:55:57Z INFO  steel_front] cam: yaw=0.0 pitch=0.0 dist=3.4 mode=FirstPerson cycle_us=3673 update_us=47 render_us=3626
[2026-08-15T11:55:57Z INFO  steel_front::engine::renderer] visible=65536/65536 near=65536 far=0 fps=279.2 frame_us=4676 cull_us=0 terrain_us=0 wait_fence_us=3212 acquire_us=0 record_us=186 submit_us=49 present_us=269 terrain_lod=high blend=0.000 quality=中画质 marker=58 npc=56
[2026-08-15T11:55:58Z INFO  steel_front::engine::game] ai: npcs=8 near=8 far=0 idle=0 patrol=0 chase=1 attack=7 tactics=[8, 0, 0, 0, 0, 0, 0, 0]
[2026-08-15T11:55:58Z INFO  steel_front::engine::game] game: wave=1 enemies=8 enemy_hp=100 hp=100/100 score=0 phys_us=0 ai_us=698 audio_us=35 net_us=0
[2026-08-15T11:55:58Z INFO  steel_front] cam: yaw=0.0 pitch=0.0 dist=3.4 mode=FirstPerson cycle_us=4282 update_us=56 render_us=4225
[2026-08-15T11:55:58Z INFO  steel_front::engine::renderer] visible=65536/65536 near=65536 far=0 fps=271.6 frame_us=2749 cull_us=0 terrain_us=0 wait_fence_us=5038 acquire_us=0 record_us=75 submit_us=50 present_us=250 terrain_lod=high blend=0.000 quality=中画质 marker=62 npc=56
[2026-08-15T11:55:59Z INFO  steel_front::engine::game] ai: npcs=8 near=8 far=0 idle=0 patrol=0 chase=1 attack=7 tactics=[8, 0, 0, 0, 0, 0, 0, 0]
[2026-08-15T11:55:59Z INFO  steel_front::engine::game] game: wave=1 enemies=8 enemy_hp=100 hp=100/100 score=0 phys_us=2 ai_us=559 audio_us=36 net_us=0
[2026-08-15T11:55:59Z INFO  steel_front::engine::game] npc: #6 stand (2.1, 0.0, -11.8)
[2026-08-15T11:55:59Z INFO  steel_front] cam: yaw=0.0 pitch=0.0 dist=3.4 mode=FirstPerson cycle_us=4285 update_us=19 render_us=4265
[2026-08-15T11:55:59Z INFO  steel_front::engine::renderer] visible=65536/65536 near=65536 far=0 fps=268.9 frame_us=2742 cull_us=1 terrain_us=0 wait_fence_us=3857 acquire_us=1 record_us=108 submit_us=57 present_us=300 terrain_lod=high blend=0.000 quality=中画质 marker=54 npc=56
[2026-08-15T11:56:00Z INFO  steel_front::engine::game] ai: npcs=8 near=8 far=0 idle=0 patrol=0 chase=0 attack=8 tactics=[8, 0, 0, 0, 0, 0, 0, 0]
[2026-08-15T11:56:00Z INFO  steel_front::engine::game] game: wave=1 enemies=8 enemy_hp=100 hp=100/100 score=0 phys_us=1 ai_us=476 audio_us=34 net_us=0
[2026-08-15T11:56:00Z INFO  steel_front] cam: yaw=0.0 pitch=0.0 dist=3.4 mode=FirstPerson cycle_us=4162 update_us=46 render_us=4115
[2026-08-15T11:56:00Z INFO  steel_front::engine::renderer] visible=65536/65536 near=65536 far=0 fps=275.5 frame_us=3268 cull_us=1 terrain_us=0 wait_fence_us=2278 acquire_us=1 record_us=62 submit_us=43 present_us=248 terrain_lod=high blend=0.000 quality=中画质 marker=60 npc=56
[2026-08-15T11:56:01Z INFO  steel_front::engine::game] ai: npcs=8 near=8 far=0 idle=0 patrol=0 chase=0 attack=8 tactics=[8, 0, 0, 0, 0, 0, 0, 0]
[2026-08-15T11:56:01Z INFO  steel_front::engine::game] game: wave=1 enemies=8 enemy_hp=100 hp=100/100 score=0 phys_us=3 ai_us=693 audio_us=26 net_us=0
[2026-08-15T11:56:01Z INFO  steel_front] cam: yaw=0.0 pitch=0.0 dist=3.4 mode=FirstPerson cycle_us=5330 update_us=27 render_us=5303
[2026-08-15T11:56:01Z INFO  steel_front::engine::renderer] visible=65536/65536 near=65536 far=0 fps=276.8 frame_us=3926 cull_us=0 terrain_us=0 wait_fence_us=3395 acquire_us=1 record_us=63 submit_us=65 present_us=425 terrain_lod=high blend=0.000 quality=中画质 marker=56 npc=56
[2026-08-15T11:56:02Z INFO  steel_front::engine::game] ai: npcs=8 near=8 far=0 idle=0 patrol=0 chase=0 attack=8 tactics=[8, 0, 0, 0, 0, 0, 0, 0]
[2026-08-15T11:56:02Z INFO  steel_front::engine::game] game: wave=1 enemies=8 enemy_hp=100 hp=100/100 score=0 phys_us=1 ai_us=473 audio_us=25 net_us=0
[2026-08-15T11:56:02Z INFO  steel_front] cam: yaw=0.0 pitch=0.0 dist=3.4 mode=FirstPerson cycle_us=3888 update_us=47 render_us=3841
[2026-08-15T11:56:02Z INFO  steel_front::engine::renderer] visible=65536/65536 near=65536 far=0 fps=275.6 frame_us=2532 cull_us=2 terrain_us=0 wait_fence_us=3612 acquire_us=4 record_us=32 submit_us=22 present_us=126 terrain_lod=high blend=0.000 quality=中画质 marker=54 npc=56
[2026-08-15T11:56:03Z INFO  steel_front::engine::game] ai: npcs=8 near=8 far=0 idle=0 patrol=0 chase=0 attack=8 tactics=[8, 0, 0, 0, 0, 0, 0, 0]
[2026-08-15T11:56:03Z INFO  steel_front::engine::game] game: wave=1 enemies=8 enemy_hp=100 hp=100/100 score=0 phys_us=2 ai_us=486 audio_us=42 net_us=0
[2026-08-15T11:56:03Z INFO  steel_front] cam: yaw=0.0 pitch=0.0 dist=3.4 mode=FirstPerson cycle_us=2839 update_us=37 render_us=2802
[2026-08-15T11:56:03Z INFO  steel_front::engine::renderer] visible=65536/65536 near=65536 far=0 fps=271.8 frame_us=5990 cull_us=0 terrain_us=0 wait_fence_us=2766 acquire_us=0 record_us=86 submit_us=56 present_us=302 terrain_lod=high blend=0.000 quality=中画质 marker=56 npc=56
[2026-08-15T11:56:04Z INFO  steel_front::engine::game] ai: npcs=8 near=8 far=0 idle=0 patrol=0 chase=0 attack=8 tactics=[8, 0, 0, 0, 0, 0, 0, 0]
[2026-08-15T11:56:04Z INFO  steel_front::engine::game] game: wave=1 enemies=8 enemy_hp=100 hp=100/100 score=0 phys_us=0 ai_us=637 audio_us=46 net_us=0
[2026-08-15T11:56:04Z INFO  steel_front] cam: yaw=0.0 pitch=0.0 dist=3.4 mode=FirstPerson cycle_us=6421 update_us=35 render_us=6386
[2026-08-15T11:56:04Z INFO  steel_front::engine::renderer] visible=65536/65536 near=65536 far=0 fps=270.5 frame_us=2917 cull_us=5 terrain_us=0 wait_fence_us=3463 acquire_us=4 record_us=75 submit_us=53 present_us=211 terrain_lod=high blend=0.000 quality=中画质 marker=56 npc=56
[2026-08-15T11:56:05Z INFO  steel_front::engine::game] ai: npcs=8 near=8 far=0 idle=0 patrol=0 chase=0 attack=8 tactics=[8, 0, 0, 0, 0, 0, 0, 0]
[2026-08-15T11:56:05Z INFO  steel_front::engine::game] game: wave=1 enemies=8 enemy_hp=100 hp=100/100 score=0 phys_us=1 ai_us=497 audio_us=30 net_us=0
[2026-08-15T11:56:05Z INFO  steel_front] cam: yaw=0.0 pitch=0.0 dist=3.4 mode=FirstPerson cycle_us=7094 update_us=37 render_us=7056
[2026-08-15T11:56:05Z INFO  steel_front::engine::renderer] visible=65536/65536 near=65536 far=0 fps=270.2 frame_us=3349 cull_us=2 terrain_us=0 wait_fence_us=2980 acquire_us=1 record_us=156 submit_us=89 present_us=451 terrain_lod=high blend=0.000 quality=中画质 marker=56 npc=56
[2026-08-15T11:56:06Z INFO  steel_front::engine::game] ai: npcs=8 near=8 far=0 idle=0 patrol=0 chase=0 attack=8 tactics=[8, 0, 0, 0, 0, 0, 0, 0]
[2026-08-15T11:56:06Z INFO  steel_front::engine::game] game: wave=1 enemies=8 enemy_hp=100 hp=100/100 score=0 phys_us=0 ai_us=473 audio_us=45 net_us=0
[2026-08-15T11:56:06Z INFO  steel_front] cam: yaw=0.0 pitch=0.0 dist=3.4 mode=FirstPerson cycle_us=4503 update_us=39 render_us=4463
[2026-08-15T11:56:06Z INFO  steel_front::engine::renderer] visible=65536/65536 near=65536 far=0 fps=272.7 frame_us=3045 cull_us=0 terrain_us=0 wait_fence_us=3388 acquire_us=0 record_us=48 submit_us=53 present_us=234 terrain_lod=high blend=0.000 quality=中画质 marker=56 npc=56
[2026-08-15T11:56:07Z INFO  steel_front::engine::game] ai: npcs=8 near=8 far=0 idle=0 patrol=0 chase=0 attack=8 tactics=[8, 0, 0, 0, 0, 0, 0, 0]
[2026-08-15T11:56:07Z INFO  steel_front::engine::game] game: wave=1 enemies=8 enemy_hp=100 hp=100/100 score=0 phys_us=2 ai_us=627 audio_us=17 net_us=0
[2026-08-15T11:56:07Z INFO  steel_front] cam: yaw=0.0 pitch=0.0 dist=3.4 mode=FirstPerson cycle_us=4532 update_us=48 render_us=4483
[2026-08-15T11:56:07Z INFO  steel_front::engine::renderer] visible=65536/65536 near=65536 far=0 fps=281.0 frame_us=2836 cull_us=0 terrain_us=0 wait_fence_us=3214 acquire_us=1 record_us=65 submit_us=63 present_us=337 terrain_lod=high blend=0.000 quality=中画质 marker=58 npc=56
[2026-08-15T11:56:08Z INFO  steel_front::engine::game] ai: npcs=8 near=8 far=0 idle=0 patrol=0 chase=0 attack=8 tactics=[8, 0, 0, 0, 0, 0, 0, 0]
[2026-08-15T11:56:08Z INFO  steel_front::engine::game] game: wave=1 enemies=8 enemy_hp=100 hp=100/100 score=0 phys_us=2 ai_us=571 audio_us=28 net_us=0
[2026-08-15T11:56:08Z INFO  steel_front] cam: yaw=0.0 pitch=0.0 dist=3.4 mode=FirstPerson cycle_us=2412 update_us=43 render_us=2368
[2026-08-15T11:56:08Z INFO  steel_front::engine::renderer] visible=65536/65536 near=65536 far=0 fps=274.1 frame_us=2529 cull_us=2 terrain_us=0 wait_fence_us=3255 acquire_us=2 record_us=114 submit_us=60 present_us=342 terrain_lod=high blend=0.000 quality=中画质 marker=56 npc=56
[2026-08-15T11:56:09Z INFO  steel_front::engine::game] ai: npcs=8 near=8 far=0 idle=0 patrol=0 chase=0 attack=8 tactics=[8, 0, 0, 0, 0, 0, 0, 0]
[2026-08-15T11:56:09Z INFO  steel_front::engine::game] game: wave=1 enemies=8 enemy_hp=100 hp=100/100 score=0 phys_us=0 ai_us=504 audio_us=30 net_us=0
[2026-08-15T11:56:09Z INFO  steel_front] cam: yaw=0.0 pitch=0.0 dist=3.4 mode=FirstPerson cycle_us=4453 update_us=40 render_us=4413
[2026-08-15T11:56:09Z INFO  steel_front::engine::renderer] visible=65536/65536 near=65536 far=0 fps=281.3 frame_us=3973 cull_us=0 terrain_us=0 wait_fence_us=2283 acquire_us=1 record_us=64 submit_us=36 present_us=250 terrain_lod=high blend=0.000 quality=中画质 marker=62 npc=56
[2026-08-15T11:56:10Z INFO  steel_front::engine::game] ai: npcs=8 near=8 far=0 idle=0 patrol=0 chase=0 attack=8 tactics=[8, 0, 0, 0, 0, 0, 0, 0]
[2026-08-15T11:56:10Z INFO  steel_front::engine::game] game: wave=1 enemies=8 enemy_hp=100 hp=100/100 score=0 phys_us=1 ai_us=422 audio_us=13 net_us=0
[2026-08-15T11:56:10Z INFO  steel_front] cam: yaw=0.0 pitch=0.0 dist=3.4 mode=FirstPerson cycle_us=4268 update_us=59 render_us=4208
[2026-08-15T11:56:10Z INFO  steel_front::engine::renderer] visible=65536/65536 near=65536 far=0 fps=278.7 frame_us=2827 cull_us=0 terrain_us=0 wait_fence_us=3335 acquire_us=0 record_us=43 submit_us=32 present_us=218 terrain_lod=high blend=0.000 quality=中画质 marker=58 npc=56
[2026-08-15T11:56:11Z INFO  steel_front::engine::game] ai: npcs=8 near=8 far=0 idle=0 patrol=0 chase=0 attack=8 tactics=[8, 0, 0, 0, 0, 0, 0, 0]
[2026-08-15T11:56:11Z INFO  steel_front::engine::game] game: wave=1 enemies=8 enemy_hp=100 hp=100/100 score=0 phys_us=3 ai_us=561 audio_us=14 net_us=0
[2026-08-15T11:56:11Z INFO  steel_front] cam: yaw=0.0 pitch=0.0 dist=3.4 mode=FirstPerson cycle_us=2834 update_us=27 render_us=2806
[2026-08-15T11:56:11Z INFO  steel_front::engine::renderer] visible=65536/65536 near=65536 far=0 fps=275.2 frame_us=2454 cull_us=2 terrain_us=0 wait_fence_us=3996 acquire_us=3 record_us=44 submit_us=33 present_us=220 terrain_lod=high blend=0.000 quality=中画质 marker=60 npc=56
[2026-08-15T11:56:12Z INFO  steel_front::engine::game] ai: npcs=8 near=8 far=0 idle=0 patrol=0 chase=0 attack=8 tactics=[8, 0, 0, 0, 0, 0, 0, 0]
[2026-08-15T11:56:12Z INFO  steel_front::engine::game] game: wave=1 enemies=8 enemy_hp=100 hp=100/100 score=0 phys_us=1 ai_us=487 audio_us=61 net_us=0
[2026-08-15T11:56:12Z INFO  steel_front] cam: yaw=0.0 pitch=0.0 dist=3.4 mode=FirstPerson cycle_us=4648 update_us=55 render_us=4593
[2026-08-15T11:56:12Z INFO  steel_front::engine::renderer] visible=65536/65536 near=65536 far=0 fps=274.0 frame_us=3104 cull_us=2 terrain_us=0 wait_fence_us=3046 acquire_us=0 record_us=99 submit_us=51 present_us=396 terrain_lod=high blend=0.000 quality=中画质 marker=56 npc=56
[2026-08-15T11:56:13Z INFO  steel_front::engine::game] ai: npcs=8 near=8 far=0 idle=0 patrol=0 chase=0 attack=8 tactics=[8, 0, 0, 0, 0, 0, 0, 0]
[2026-08-15T11:56:13Z INFO  steel_front::engine::game] game: wave=1 enemies=8 enemy_hp=100 hp=100/100 score=0 phys_us=2 ai_us=619 audio_us=41 net_us=0
[2026-08-15T11:56:13Z INFO  steel_front] cam: yaw=0.0 pitch=0.0 dist=3.4 mode=FirstPerson cycle_us=4066 update_us=27 render_us=4038
[2026-08-15T11:56:13Z INFO  steel_front::engine::renderer] visible=65536/65536 near=65536 far=0 fps=277.2 frame_us=2335 cull_us=1 terrain_us=0 wait_fence_us=3010 acquire_us=1 record_us=58 submit_us=38 present_us=251 terrain_lod=high blend=0.000 quality=中画质 marker=58 npc=56
[2026-08-15T11:56:14Z INFO  steel_front::engine::game] ai: npcs=8 near=8 far=0 idle=0 patrol=0 chase=0 attack=8 tactics=[8, 0, 0, 0, 0, 0, 0, 0]
[2026-08-15T11:56:14Z INFO  steel_front::engine::game] game: wave=1 enemies=8 enemy_hp=100 hp=100/100 score=0 phys_us=3 ai_us=477 audio_us=25 net_us=0
[2026-08-15T11:56:14Z INFO  steel_front] cam: yaw=0.0 pitch=0.0 dist=3.4 mode=FirstPerson cycle_us=2755 update_us=43 render_us=2712
[2026-08-15T11:56:14Z INFO  steel_front::engine::renderer] visible=65536/65536 near=65536 far=0 fps=272.3 frame_us=2291 cull_us=5 terrain_us=0 wait_fence_us=2921 acquire_us=8 record_us=72 submit_us=39 present_us=255 terrain_lod=high blend=0.000 quality=中画质 marker=60 npc=56
[2026-08-15T11:56:15Z INFO  steel_front::engine::game] ai: npcs=8 near=8 far=0 idle=0 patrol=0 chase=0 attack=8 tactics=[8, 0, 0, 0, 0, 0, 0, 0]
[2026-08-15T11:56:15Z INFO  steel_front::engine::game] game: wave=1 enemies=8 enemy_hp=100 hp=100/100 score=0 phys_us=3 ai_us=838 audio_us=15 net_us=0
[2026-08-15T11:56:15Z INFO  steel_front] cam: yaw=0.0 pitch=0.0 dist=3.4 mode=FirstPerson cycle_us=4830 update_us=57 render_us=4773
[2026-08-15T11:56:15Z INFO  steel_front::engine::renderer] visible=65536/65536 near=65536 far=0 fps=273.8 frame_us=4131 cull_us=1 terrain_us=0 wait_fence_us=4035 acquire_us=2 record_us=35 submit_us=26 present_us=322 terrain_lod=high blend=0.000 quality=中画质 marker=58 npc=56
[2026-08-15T11:56:16Z INFO  steel_front::engine::game] ai: npcs=8 near=8 far=0 idle=0 patrol=0 chase=0 attack=8 tactics=[8, 0, 0, 0, 0, 0, 0, 0]
[2026-08-15T11:56:16Z INFO  steel_front::engine::game] game: wave=1 enemies=8 enemy_hp=100 hp=100/100 score=0 phys_us=1 ai_us=570 audio_us=56 net_us=0
[2026-08-15T11:56:16Z INFO  steel_front] cam: yaw=0.0 pitch=0.0 dist=3.4 mode=FirstPerson cycle_us=4203 update_us=89 render_us=4114
[2026-08-15T11:56:16Z INFO  steel_front::engine::renderer] visible=65536/65536 near=65536 far=0 fps=277.0 frame_us=5507 cull_us=1 terrain_us=0 wait_fence_us=2294 acquire_us=2 record_us=38 submit_us=21 present_us=296 terrain_lod=high blend=0.000 quality=中画质 marker=58 npc=56
[2026-08-15T11:56:17Z INFO  steel_front::engine::game] ai: npcs=8 near=8 far=0 idle=0 patrol=0 chase=0 attack=8 tactics=[8, 0, 0, 0, 0, 0, 0, 0]
[2026-08-15T11:56:17Z INFO  steel_front::engine::game] game: wave=1 enemies=8 enemy_hp=100 hp=100/100 score=0 phys_us=2 ai_us=614 audio_us=30 net_us=0
[2026-08-15T11:56:17Z INFO  steel_front] cam: yaw=0.0 pitch=0.0 dist=3.4 mode=FirstPerson cycle_us=3445 update_us=70 render_us=3374
[2026-08-15T11:56:17Z INFO  steel_front::engine::renderer] visible=65536/65536 near=65536 far=0 fps=280.5 frame_us=2381 cull_us=0 terrain_us=0 wait_fence_us=3611 acquire_us=1 record_us=19 submit_us=15 present_us=162 terrain_lod=high blend=0.000 quality=中画质 marker=58 npc=56
[2026-08-15T11:56:18Z INFO  steel_front::engine::game] ai: npcs=8 near=8 far=0 idle=0 patrol=0 chase=0 attack=8 tactics=[8, 0, 0, 0, 0, 0, 0, 0]
[2026-08-15T11:56:18Z INFO  steel_front::engine::game] game: wave=1 enemies=8 enemy_hp=100 hp=100/100 score=0 phys_us=1 ai_us=412 audio_us=14 net_us=0
[2026-08-15T11:56:18Z INFO  steel_front] cam: yaw=0.0 pitch=0.0 dist=3.4 mode=FirstPerson cycle_us=2709 update_us=44 render_us=2664
[2026-08-15T11:56:18Z INFO  steel_front::engine::renderer] visible=65536/65536 near=65536 far=0 fps=276.5 frame_us=3583 cull_us=1 terrain_us=0 wait_fence_us=2529 acquire_us=1 record_us=28 submit_us=19 present_us=113 terrain_lod=high blend=0.000 quality=中画质 marker=58 npc=56
[2026-08-15T11:56:19Z INFO  steel_front::engine::game] ai: npcs=8 near=8 far=0 idle=0 patrol=0 chase=0 attack=8 tactics=[8, 0, 0, 0, 0, 0, 0, 0]
[2026-08-15T11:56:19Z INFO  steel_front::engine::game] game: wave=1 enemies=8 enemy_hp=100 hp=100/100 score=0 phys_us=1 ai_us=416 audio_us=29 net_us=0
[2026-08-15T11:56:19Z INFO  steel_front] cam: yaw=0.0 pitch=0.0 dist=3.4 mode=FirstPerson cycle_us=2798 update_us=65 render_us=2732
[2026-08-15T11:56:19Z INFO  steel_front::engine::renderer] visible=65536/65536 near=65536 far=0 fps=277.9 frame_us=5460 cull_us=2 terrain_us=0 wait_fence_us=2295 acquire_us=2 record_us=44 submit_us=37 present_us=264 terrain_lod=high blend=0.000 quality=中画质 marker=58 npc=56
[2026-08-15T11:56:20Z INFO  steel_front::engine::game] ai: npcs=8 near=8 far=0 idle=0 patrol=0 chase=0 attack=8 tactics=[8, 0, 0, 0, 0, 0, 0, 0]
[2026-08-15T11:56:20Z INFO  steel_front::engine::game] game: wave=1 enemies=8 enemy_hp=100 hp=100/100 score=0 phys_us=1 ai_us=357 audio_us=14 net_us=0
[2026-08-15T11:56:20Z INFO  steel_front] cam: yaw=0.0 pitch=0.0 dist=3.4 mode=FirstPerson cycle_us=4531 update_us=43 render_us=4487
[2026-08-15T11:56:20Z INFO  steel_front::engine::renderer] visible=65536/65536 near=65536 far=0 fps=275.1 frame_us=2456 cull_us=0 terrain_us=0 wait_fence_us=2357 acquire_us=1 record_us=85 submit_us=45 present_us=328 terrain_lod=high blend=0.000 quality=中画质 marker=58 npc=56
[2026-08-15T11:56:21Z INFO  steel_front::engine::game] ai: npcs=8 near=8 far=0 idle=0 patrol=0 chase=0 attack=8 tactics=[8, 0, 0, 0, 0, 0, 0, 0]
[2026-08-15T11:56:21Z INFO  steel_front::engine::game] game: wave=1 enemies=8 enemy_hp=100 hp=100/100 score=0 phys_us=2 ai_us=589 audio_us=14 net_us=0
[2026-08-15T11:56:21Z INFO  steel_front] cam: yaw=0.0 pitch=0.0 dist=3.4 mode=FirstPerson cycle_us=5632 update_us=36 render_us=5595
[2026-08-15T11:56:21Z INFO  steel_front::engine::renderer] visible=65536/65536 near=65536 far=0 fps=271.3 frame_us=2050 cull_us=1 terrain_us=0 wait_fence_us=3507 acquire_us=1 record_us=29 submit_us=27 present_us=170 terrain_lod=high blend=0.000 quality=中画质 marker=56 npc=56
[2026-08-15T11:56:22Z INFO  steel_front::engine::game] ai: npcs=8 near=8 far=0 idle=0 patrol=0 chase=0 attack=8 tactics=[8, 0, 0, 0, 0, 0, 0, 0]
[2026-08-15T11:56:22Z INFO  steel_front::engine::game] game: wave=1 enemies=8 enemy_hp=100 hp=100/100 score=0 phys_us=2 ai_us=516 audio_us=32 net_us=0
[2026-08-15T11:56:22Z INFO  steel_front::engine::game] map: level 1 generated: 20 obstacle bodies (wall=20 block=0 barrier=0), 60 grid cells blocked
[2026-08-15T11:56:22Z INFO  steel_front::engine::game] game: purged 8 leftover npcs on run start
[2026-08-15T11:56:22Z INFO  steel_front::engine::game] wave: npc #8 spawn (65.3, 0.0, 25.3)
[2026-08-15T11:56:22Z INFO  steel_front::engine::game] wave: npc #9 spawn (6.1, 0.0, 39.5)
[2026-08-15T11:56:22Z INFO  steel_front::engine::game] wave: npc #10 spawn (-46.8, 0.0, 37.6)
[2026-08-15T11:56:22Z INFO  steel_front::engine::game] wave: npc #11 spawn (-74.6, 0.0, -28.9)
[2026-08-15T11:56:22Z INFO  steel_front::engine::game] wave: npc #12 spawn (-7.6, 0.0, -49.4)
[2026-08-15T11:56:22Z INFO  steel_front::engine::game] wave: npc #13 spawn (54.6, 0.0, -43.9)
[2026-08-15T11:56:22Z INFO  steel_front::engine::game] wave: wave 1 spawned 6 enemies (kind=Normal total=6 speed=4.0 hp=100 effective=1)
[2026-08-15T11:56:22Z INFO  steel_front::engine::game] game: run started (wave 1)
[2026-08-15T11:56:22Z INFO  steel_front] input: cursor captured (mouse look on, grab=locked, look=relative)
[2026-08-15T11:56:22Z INFO  steel_front::engine::game] physics: 20 events this frame (GroundHit, GroundHit, GroundHit, GroundHit, GroundHit, GroundHit, GroundHit, GroundHit, GroundHit, GroundHit, GroundHit, GroundHit, GroundHit, GroundHit, GroundHit, GroundHit, GroundHit, GroundHit, GroundHit, GroundHit)
[2026-08-15T11:56:22Z INFO  steel_front] cam: yaw=-11.6 pitch=1.4 dist=3.4 mode=FirstPerson cycle_us=3755 update_us=19 render_us=3736
[2026-08-15T11:56:22Z INFO  steel_front::engine::renderer] visible=65536/65536 near=65536 far=0 fps=280.9 frame_us=1929 cull_us=0 terrain_us=0 wait_fence_us=3880 acquire_us=0 record_us=20 submit_us=16 present_us=101 terrain_lod=high blend=0.000 quality=中画质 marker=20 npc=98
[2026-08-15T11:56:23Z INFO  steel_front::engine::game] ai: npcs=6 near=6 far=0 idle=0 patrol=3 chase=3 attack=0 tactics=[4, 1, 1, 0, 0, 0, 0, 0]
[2026-08-15T11:56:23Z INFO  steel_front::engine::game] game: wave=1 enemies=6 enemy_hp=100 hp=100/100 score=0 phys_us=0 ai_us=389 audio_us=37 net_us=0
[2026-08-15T11:56:23Z INFO  steel_front::engine::game] weapons: shot #1 (1 alive) [M1 Rifle]
[2026-08-15T11:56:23Z INFO  steel_front] cam: yaw=1.9 pitch=0.4 dist=3.4 mode=FirstPerson cycle_us=2975 update_us=22 render_us=2953
[2026-08-15T11:56:23Z INFO  steel_front::engine::game] weapons: shot #2 (2 alive) [M1 Rifle]
[2026-08-15T11:56:23Z INFO  steel_front::engine::renderer] visible=65536/65536 near=65536 far=0 fps=307.4 frame_us=3690 cull_us=0 terrain_us=0 wait_fence_us=2734 acquire_us=1 record_us=34 submit_us=27 present_us=132 terrain_lod=high blend=0.000 quality=中画质 marker=24 npc=98
[2026-08-15T11:56:24Z INFO  steel_front::engine::game] ai: npcs=6 near=6 far=0 idle=0 patrol=3 chase=3 attack=0 tactics=[4, 1, 1, 0, 0, 0, 0, 0]
[2026-08-15T11:56:24Z INFO  steel_front::engine::game] game: wave=1 enemies=6 enemy_hp=100 hp=100/100 score=0 phys_us=1 ai_us=462 audio_us=13 net_us=0
[2026-08-15T11:56:24Z INFO  steel_front::engine::game] weapons: shot #3 (3 alive) [M1 Rifle]
[2026-08-15T11:56:24Z INFO  steel_front] cam: yaw=-4.7 pitch=0.5 dist=3.4 mode=FirstPerson cycle_us=3621 update_us=54 render_us=3567
[2026-08-15T11:56:24Z INFO  steel_front::engine::game] weapons: shot #4 (4 alive) [M1 Rifle]
[2026-08-15T11:56:24Z INFO  steel_front::engine::renderer] visible=65536/65536 near=65536 far=0 fps=307.5 frame_us=3559 cull_us=0 terrain_us=0 wait_fence_us=4940 acquire_us=0 record_us=40 submit_us=24 present_us=190 terrain_lod=high blend=0.000 quality=中画质 marker=22 npc=98
[2026-08-15T11:56:25Z INFO  steel_front::engine::game] ai: npcs=6 near=6 far=0 idle=0 patrol=3 chase=3 attack=0 tactics=[3, 1, 1, 0, 0, 0, 0, 1]
[2026-08-15T11:56:25Z INFO  steel_front::engine::game] game: wave=1 enemies=6 enemy_hp=100 hp=100/100 score=0 phys_us=0 ai_us=453 audio_us=10 net_us=0
[2026-08-15T11:56:25Z INFO  steel_front::engine::game] weapons: 1 projectile hit(s), total_hits=1
[2026-08-15T11:56:25Z INFO  steel_front::engine::game] weapons: shot #5 (4 alive) [M1 Rifle]
[2026-08-15T11:56:25Z INFO  steel_front::engine::game] weapons: 1 projectile hit(s), total_hits=2
[2026-08-15T11:56:25Z INFO  steel_front] cam: yaw=-2.6 pitch=0.2 dist=3.4 mode=FirstPerson cycle_us=3625 update_us=36 render_us=3589
[2026-08-15T11:56:25Z INFO  steel_front::engine::game] weapons: shot #6 (4 alive) [M1 Rifle]
[2026-08-15T11:56:25Z INFO  steel_front::engine::renderer] visible=65536/65536 near=65536 far=0 fps=309.5 frame_us=2097 cull_us=0 terrain_us=0 wait_fence_us=2453 acquire_us=1 record_us=20 submit_us=21 present_us=104 terrain_lod=high blend=0.000 quality=中画质 marker=23 npc=98
[2026-08-15T11:56:26Z INFO  steel_front::engine::game] weapons: shot #7 (5 alive) [M1 Rifle]
[2026-08-15T11:56:26Z INFO  steel_front::engine::game] ai: npcs=6 near=6 far=0 idle=0 patrol=3 chase=3 attack=0 tactics=[4, 1, 1, 0, 0, 0, 0, 0]
[2026-08-15T11:56:26Z INFO  steel_front::engine::game] game: wave=1 enemies=6 enemy_hp=100 hp=100/100 score=0 phys_us=1 ai_us=419 audio_us=31 net_us=0
[2026-08-15T11:56:26Z INFO  steel_front::engine::game] weapons: 1 projectile hit(s), total_hits=3
[2026-08-15T11:56:26Z INFO  steel_front::engine::game] weapons: shot #8 (5 alive) [M1 Rifle]
[2026-08-15T11:56:26Z INFO  steel_front] cam: yaw=-2.8 pitch=0.1 dist=3.4 mode=FirstPerson cycle_us=3101 update_us=22 render_us=3079
[2026-08-15T11:56:26Z INFO  steel_front::engine::game] kill: npc #12 eliminated (wave 1) score=10
[2026-08-15T11:56:26Z INFO  steel_front::engine::game] weapons: 1 projectile hit(s), total_hits=4
[2026-08-15T11:56:26Z INFO  steel_front::engine::game] weapons: shot #9 (5 alive) [M1 Rifle]
[2026-08-15T11:56:26Z INFO  steel_front::engine::game] explosion: at (-8.4, 0.1, -199.9) radius=8 dmg=60 knockback=true
[2026-08-15T11:56:26Z INFO  steel_front::engine::renderer] visible=65536/65536 near=65536 far=0 fps=308.7 frame_us=3433 cull_us=1 terrain_us=0 wait_fence_us=2804 acquire_us=1 record_us=59 submit_us=41 present_us=159 terrain_lod=high blend=0.000 quality=中画质 marker=28 npc=98
[2026-08-15T11:56:27Z INFO  steel_front::engine::game] ai: npcs=5 near=5 far=0 idle=0 patrol=2 chase=3 attack=0 tactics=[3, 1, 1, 0, 0, 0, 0, 0]
[2026-08-15T11:56:27Z INFO  steel_front::engine::game] game: wave=1 enemies=5 enemy_hp=100 hp=100/100 score=10 phys_us=0 ai_us=367 audio_us=37 net_us=0
[2026-08-15T11:56:27Z INFO  steel_front::engine::game] explosion: at (-3.7, 0.6, -200.2) radius=8 dmg=60 knockback=true
[2026-08-15T11:56:27Z INFO  steel_front] cam: yaw=-34.3 pitch=-0.7 dist=3.4 mode=FirstPerson cycle_us=2327 update_us=44 render_us=2282
[2026-08-15T11:56:27Z INFO  steel_front::engine::game] weapons: shot #10 (4 alive) [M1 Rifle]
[2026-08-15T11:56:27Z INFO  steel_front::engine::renderer] visible=65536/65536 near=65536 far=0 fps=309.4 frame_us=2666 cull_us=0 terrain_us=0 wait_fence_us=3381 acquire_us=0 record_us=27 submit_us=30 present_us=132 terrain_lod=high blend=0.000 quality=中画质 marker=22 npc=98
[2026-08-15T11:56:28Z INFO  steel_front::engine::game] ai: npcs=5 near=5 far=0 idle=0 patrol=2 chase=3 attack=0 tactics=[3, 1, 1, 0, 0, 0, 0, 0]
[2026-08-15T11:56:28Z INFO  steel_front::engine::game] game: wave=1 enemies=5 enemy_hp=100 hp=100/100 score=10 phys_us=1 ai_us=403 audio_us=14 net_us=0
[2026-08-15T11:56:28Z INFO  steel_front::engine::game] weapons: shot #11 (5 alive) [M1 Rifle]
[2026-08-15T11:56:28Z INFO  steel_front::engine::game] explosion: at (11.4, 0.7, -199.7) radius=8 dmg=60 knockback=true
[2026-08-15T11:56:28Z INFO  steel_front] cam: yaw=-35.3 pitch=0.5 dist=3.4 mode=FirstPerson cycle_us=3913 update_us=20 render_us=3893
[2026-08-15T11:56:28Z INFO  steel_front::engine::game] weapons: shot #12 (5 alive) [M1 Rifle]
[2026-08-15T11:56:28Z INFO  steel_front::engine::renderer] visible=65536/65536 near=65536 far=0 fps=309.5 frame_us=3820 cull_us=0 terrain_us=0 wait_fence_us=2699 acquire_us=1 record_us=28 submit_us=47 present_us=160 terrain_lod=high blend=0.000 quality=中画质 marker=22 npc=98
[2026-08-15T11:56:29Z INFO  steel_front::engine::game] ai: npcs=5 near=5 far=0 idle=0 patrol=2 chase=3 attack=0 tactics=[3, 2, 0, 0, 0, 0, 0, 0]
[2026-08-15T11:56:29Z INFO  steel_front::engine::game] game: wave=1 enemies=5 enemy_hp=100 hp=100/100 score=10 phys_us=1 ai_us=455 audio_us=61 net_us=0
[2026-08-15T11:56:29Z INFO  steel_front::engine::game] weapons: shot #13 (6 alive) [M1 Rifle]
[2026-08-15T11:56:29Z INFO  steel_front] cam: yaw=-31.9 pitch=-0.4 dist=3.4 mode=FirstPerson cycle_us=4055 update_us=43 render_us=4011
[2026-08-15T11:56:29Z INFO  steel_front::engine::game] explosion: at (9.4, 1.2, -199.9) radius=8 dmg=60 knockback=true
[2026-08-15T11:56:29Z INFO  steel_front::engine::game] weapons: shot #14 (6 alive) [M1 Rifle]
[2026-08-15T11:56:29Z INFO  steel_front::engine::renderer] visible=65536/65536 near=65536 far=0 fps=308.9 frame_us=1894 cull_us=0 terrain_us=0 wait_fence_us=1871 acquire_us=0 record_us=55 submit_us=51 present_us=210 terrain_lod=high blend=0.000 quality=中画质 marker=27 npc=98
[2026-08-15T11:56:30Z INFO  steel_front::engine::game] ai: npcs=5 near=5 far=0 idle=0 patrol=1 chase=4 attack=0 tactics=[3, 2, 0, 0, 0, 0, 0, 0]
[2026-08-15T11:56:30Z INFO  steel_front::engine::game] game: wave=1 enemies=5 enemy_hp=100 hp=100/100 score=10 phys_us=1 ai_us=368 audio_us=51 net_us=0
[2026-08-15T11:56:30Z INFO  steel_front::engine::game] explosion: at (9.6, 1.4, -199.8) radius=8 dmg=60 knockback=true
[2026-08-15T11:56:30Z INFO  steel_front::engine::game] weapons: shot #15 (6 alive) [M1 Rifle]
[2026-08-15T11:56:30Z INFO  steel_front] cam: yaw=-28.6 pitch=-0.3 dist=3.4 mode=FirstPerson cycle_us=2962 update_us=58 render_us=2903
[2026-08-15T11:56:30Z INFO  steel_front::engine::game] weapons: shot #16 (7 alive) [M1 Rifle]
[2026-08-15T11:56:30Z INFO  steel_front::engine::renderer] visible=65536/65536 near=65536 far=0 fps=307.0 frame_us=2757 cull_us=0 terrain_us=0 wait_fence_us=1901 acquire_us=1 record_us=83 submit_us=44 present_us=186 terrain_lod=high blend=0.000 quality=中画质 marker=23 npc=98
[2026-08-15T11:56:31Z INFO  steel_front::engine::game] ai: npcs=5 near=5 far=0 idle=0 patrol=1 chase=4 attack=0 tactics=[3, 2, 0, 0, 0, 0, 0, 0]
[2026-08-15T11:56:31Z INFO  steel_front::engine::game] game: wave=1 enemies=5 enemy_hp=100 hp=100/100 score=10 phys_us=0 ai_us=353 audio_us=21 net_us=0
[2026-08-15T11:56:31Z INFO  steel_front::engine::game] explosion: at (118.8, 1.4, -161.0) radius=8 dmg=60 knockback=true
[2026-08-15T11:56:31Z INFO  steel_front::engine::game] npc: #9 stand (5.6, 0.0, 10.6)
[2026-08-15T11:56:31Z INFO  steel_front::engine::game] weapons: shot #17 (7 alive) [M1 Rifle]
[2026-08-15T11:56:31Z INFO  steel_front] cam: yaw=-25.6 pitch=0.1 dist=3.4 mode=FirstPerson cycle_us=2582 update_us=63 render_us=2518
[2026-08-15T11:56:31Z INFO  steel_front::engine::game] explosion: at (117.3, 0.3, -162.2) radius=8 dmg=60 knockback=true
[2026-08-15T11:56:31Z INFO  steel_front::engine::game] weapons: shot #18 (7 alive) [M1 Rifle]
[2026-08-15T11:56:31Z INFO  steel_front::engine::renderer] visible=65536/65536 near=65536 far=0 fps=306.6 frame_us=3779 cull_us=2 terrain_us=0 wait_fence_us=2690 acquire_us=5 record_us=30 submit_us=27 present_us=147 terrain_lod=high blend=0.000 quality=中画质 marker=49 npc=98
[2026-08-15T11:56:32Z INFO  steel_front::engine::game] ai: npcs=5 near=4 far=1 idle=0 patrol=1 chase=3 attack=1 tactics=[3, 2, 0, 0, 0, 0, 0, 0]
[2026-08-15T11:56:32Z INFO  steel_front::engine::game] game: wave=1 enemies=5 enemy_hp=100 hp=95/100 score=10 phys_us=1 ai_us=478 audio_us=49 net_us=0
[2026-08-15T11:56:32Z INFO  steel_front::engine::game] explosion: at (114.0, -0.4, -164.4) radius=8 dmg=60 knockback=true
[2026-08-15T11:56:32Z INFO  steel_front::engine::game] weapons: shot #19 (7 alive) [M1 Rifle]
