[2026-08-16T03:39:49Z INFO  steel_front] ========================================
[2026-08-16T03:39:49Z INFO  steel_front]   钢铁前线 (Steel Front) v0.1.0
[2026-08-16T03:39:49Z INFO  steel_front]   二战FPS游戏引擎 - Rust + Vulkan
[2026-08-16T03:39:49Z INFO  steel_front] ========================================
[2026-08-16T03:39:49Z INFO  steel_front::engine::cpu] cpu: vendor=Amd threads=32 primary=[0, 1, 2, 3, 4, 5, 6, 7, 8, 9, 10, 11, 12, 13, 14, 15] secondary=[16, 17, 18, 19, 20, 21, 22, 23, 24, 25, 26, 27, 28, 29, 30, 31] e_cores=0 avx2=true avx512=true scene_set=[0, 1, 2, 3, 4, 5, 6, 7, 8, 9, 10, 11, 12, 13, 14, 15] ai_set=[16, 17, 18, 19, 20, 21, 22, 23, 24, 25, 26, 27, 28, 29, 30, 31] physical_primary=[0, 1, 2, 3, 4, 5, 6, 7, 8, 9, 10, 11, 12, 13, 14, 15] physical_secondary=[16, 17, 18, 19, 20, 21, 22, 23, 24, 25, 26, 27, 28, 29, 30, 31] smt=[]
[2026-08-16T03:39:49Z INFO  steel_front::engine::cpu] cpu: 非 Linux 平台，跳过线程手工绑定（交给系统调度）
[2026-08-16T03:39:49Z INFO  steel_front::engine::cpu] cpu: ai_pool 创建（8 工作线程，绑定 vCPU [16, 17, 18, 19, 20, 21, 22, 23, 24, 25, 26, 27, 28, 29, 30, 31]）
[2026-08-16T03:39:49Z INFO  steel_front::engine::game] map: level 1 generated: 36 obstacle bodies (wall=20 block=0 barrier=0 tree=3 building=6 ruin=7), 203 grid cells blocked
[2026-08-16T03:39:49Z INFO  steel_front] 窗口创建成功: 2560x1600
[2026-08-16T03:39:49Z INFO  steel_front] winit inner_size: 2560x1600 scale_factor=1.50
[2026-08-16T03:39:49Z WARN  steel_front::engine::renderer] 验证层不可用，将不使用
[2026-08-16T03:39:49Z INFO  steel_front::engine::renderer] 选择物理设备: NVIDIA GeForce RTX 5060 Laptop GPU
[2026-08-16T03:39:49Z INFO  steel_front::engine::gpu_caps] gpu-caps: 设备 NVIDIA GeForce RTX 5060 Laptop GPU 硬件能力探测（WSLg/dzn 视角）
[2026-08-16T03:39:49Z INFO  steel_front::engine::gpu_caps] gpu-caps: 可用 device 扩展 280 个
[2026-08-16T03:39:49Z INFO  steel_front::engine::gpu_caps] gpu-caps: -- 光追扩展 --
[2026-08-16T03:39:49Z INFO  steel_front::engine::gpu_caps] gpu-caps:   VK_KHR_ray_tracing_pipeline = true
[2026-08-16T03:39:49Z INFO  steel_front::engine::gpu_caps] gpu-caps:   VK_KHR_acceleration_structure = true
[2026-08-16T03:39:49Z INFO  steel_front::engine::gpu_caps] gpu-caps:   VK_KHR_ray_query = true
[2026-08-16T03:39:49Z INFO  steel_front::engine::gpu_caps] gpu-caps:   VK_KHR_deferred_host_operations = true
[2026-08-16T03:39:49Z INFO  steel_front::engine::gpu_caps] gpu-caps:   VK_KHR_buffer_device_address = true
[2026-08-16T03:39:49Z INFO  steel_front::engine::gpu_caps] gpu-caps:   VK_KHR_ray_tracing_position_fetch = true
[2026-08-16T03:39:49Z INFO  steel_front::engine::gpu_caps] gpu-caps:   VK_NV_ray_tracing = true
[2026-08-16T03:39:49Z INFO  steel_front::engine::gpu_caps] gpu-caps: -- Tensor Core / 协作矩阵 --
[2026-08-16T03:39:49Z INFO  steel_front::engine::gpu_caps] gpu-caps:   VK_KHR_cooperative_matrix = true
[2026-08-16T03:39:49Z INFO  steel_front::engine::gpu_caps] gpu-caps:   VK_NV_cooperative_matrix = true
[2026-08-16T03:39:49Z INFO  steel_front::engine::gpu_caps] gpu-caps:   VK_NV_compute_shader_derivatives = true
[2026-08-16T03:39:49Z INFO  steel_front::engine::gpu_caps] gpu-caps: -- DLSS / NVIDIA 私有 --
[2026-08-16T03:39:49Z INFO  steel_front::engine::gpu_caps] gpu-caps:   VK_NVX_image_view_handle = true
[2026-08-16T03:39:49Z INFO  steel_front::engine::gpu_caps] gpu-caps:   VK_NVX_binary_import = true
[2026-08-16T03:39:49Z INFO  steel_front::engine::gpu_caps] gpu-caps:   VK_NV_cuda_kernel = true
[2026-08-16T03:39:49Z INFO  steel_front::engine::gpu_caps] gpu-caps:   VK_NV_external_memory = true
[2026-08-16T03:39:49Z INFO  steel_front::engine::gpu_caps] gpu-caps: -- 其它新特性 --
[2026-08-16T03:39:49Z INFO  steel_front::engine::gpu_caps] gpu-caps:   VK_EXT_mesh_shader = true
[2026-08-16T03:39:49Z INFO  steel_front::engine::gpu_caps] gpu-caps:   VK_KHR_shader_object = false
[2026-08-16T03:39:49Z INFO  steel_front::engine::gpu_caps] gpu-caps:   VK_KHR_dynamic_rendering = true
[2026-08-16T03:39:49Z INFO  steel_front::engine::gpu_caps] gpu-caps: RT 特性 ray_tracing_pipeline=true acceleration_structure=true buffer_device_address=true ray_query=true
[2026-08-16T03:39:49Z INFO  steel_front::engine::gpu_caps] gpu-caps: RT 管线属性 shaderGroupHandleSize=32B maxRecursionDepth=31 maxRayDispatchInvocationCount=1073741824
[2026-08-16T03:39:49Z INFO  steel_front::engine::gpu_caps] gpu-caps: 【结论】光追探测 device 创建成功 → RT Core 路径可用（dzn→DXR）
[2026-08-16T03:39:49Z INFO  steel_front::engine::gpu_caps] gpu-caps: CUDA 直通（Tensor Core 可编程访问）=false（libcuda in /usr/lib/wsl/lib）
[2026-08-16T03:39:49Z INFO  steel_front::engine::gpu_caps] gpu-caps: 【结论】Vulkan-DLSS（NVIDIA 私有扩展）=true；可直接接 DLSS SDK
[2026-08-16T03:39:49Z INFO  steel_front::engine::renderer] VK_EXT_mesh_shader 可用：启用可选网格着色器渲染路径
[2026-08-16T03:39:49Z INFO  steel_front::engine::renderer] swapchain diag: current_extent=2560x1600 final=2560x1600
[2026-08-16T03:39:49Z INFO  steel_front::engine::renderer] 交换链初始化完成: 2560x1600, 格式: B8G8R8A8_SRGB, 图像数: 3, present_mode: MAILBOX
[2026-08-16T03:39:49Z INFO  steel_front::engine::renderer] 实例缓冲创建完成: 65536 个实例，stride 80 字节，2 帧双缓冲 HOST_VISIBLE|HOST_COHERENT（每帧压缩上传）
[2026-08-16T03:39:49Z INFO  steel_front::engine::renderer] instances=65536 draw_calls=1
[2026-08-16T03:39:49Z INFO  steel_front::engine::renderer] 深度缓冲创建完成: 3 张 2560x1600 D32_SFLOAT
[2026-08-16T03:39:49Z INFO  steel_front::engine::renderer] Descriptor Set Layout: binding 0 = UBO(view/proj), binding 1 = 贴图, binding 2 = 实例 STORAGE_BUFFER, binding 3 = 采样器
[2026-08-16T03:39:49Z INFO  steel_front::engine::renderer] Descriptor 初始化完成（2 帧）
[2026-08-16T03:39:49Z INFO  steel_front::engine::renderer] 远档 LOD 几何创建完成: 8 顶点 / 12 索引（十字双 quad）
[2026-08-16T03:39:49Z INFO  steel_front::engine::renderer] 地面平铺 quad 几何创建完成: 4 顶点 / 6 索引（无侧壁）
[2026-08-16T03:39:49Z INFO  steel_front::engine::renderer] 球体几何创建完成: 325 顶点 / 1728 索引（爆炸球形扩散）
[2026-08-16T03:39:49Z INFO  steel_front::engine::renderer] 地形 LOD[0] 创建完成: 66049 顶点 / 393216 索引（257×257 网格，间距 2）
[2026-08-16T03:39:49Z INFO  steel_front::engine::renderer] 地形 LOD[1] 创建完成: 16641 顶点 / 98304 索引（129×129 网格，间距 4）
[2026-08-16T03:39:49Z INFO  steel_front::engine::renderer] 地形 LOD[2] 创建完成: 4225 顶点 / 24576 索引（65×65 网格，间距 8）
[2026-08-16T03:39:49Z INFO  steel_front::engine::renderer] 地形 3 级 LOD 全部创建完成（高/中/低）
[2026-08-16T03:39:49Z INFO  steel_front::engine::renderer] 图形管线创建完成
[2026-08-16T03:39:49Z INFO  steel_front::engine::renderer] 网格着色器 maxMeshWorkGroupCount[0] = 4194304（地面场 65536 按此分块）
[2026-08-16T03:39:49Z INFO  steel_front::engine::renderer] 网格着色器管线创建完成（VK_EXT_mesh_shader）
[2026-08-16T03:39:49Z INFO  steel_front::engine::renderer] HUD 覆盖层初始化完成（独立 pipeline，容量 4096 quads）
[2026-08-16T03:39:49Z INFO  steel_front::engine::renderer] 纹理初始化完成: 512x512（10 mip，来源=程序化地面材质）
[2026-08-16T03:39:49Z INFO  steel_front::engine::renderer] 程序化皮肤纹理初始化完成: 512x512（marker=木板墙, npc=迷彩军服, RV3D_SKIN_TEX=off（纯色回退））
[2026-08-16T03:39:49Z INFO  steel_front::engine::renderer] 阴影贴图资源创建完成: 2048x2048 D32_SFLOAT
[2026-08-16T03:39:49Z INFO  steel_front::engine::renderer] 阴影 depth-only 管线创建完成
[2026-08-16T03:39:49Z INFO  steel_front] Vulkan 渲染器初始化成功
[2026-08-16T03:39:49Z INFO  steel_front] settings: 分辨率保持 2560x1600
[2026-08-16T03:39:49Z INFO  steel_front] settings: 应用画质 中画质
[2026-08-16T03:39:49Z INFO  steel_front::engine::renderer] 画质预设已切换: 中画质
[2026-08-16T03:39:49Z INFO  steel_front] 窗口大小变化: 1898x1061
[2026-08-16T03:39:49Z INFO  steel_front::engine::renderer] swapchain diag: current_extent=2560x1600 final=2560x1600
[2026-08-16T03:39:49Z INFO  steel_front::engine::renderer] 交换链初始化完成: 2560x1600, 格式: B8G8R8A8_SRGB, 图像数: 3, present_mode: MAILBOX
[2026-08-16T03:39:49Z INFO  steel_front::engine::renderer] 深度缓冲创建完成: 3 张 2560x1600 D32_SFLOAT
[2026-08-16T03:39:49Z INFO  steel_front] 窗口大小变化: 1920x1117
[2026-08-16T03:39:49Z INFO  steel_front::engine::renderer] swapchain diag: current_extent=2560x1600 final=2560x1600
[2026-08-16T03:39:49Z INFO  steel_front::engine::renderer] 交换链初始化完成: 2560x1600, 格式: B8G8R8A8_SRGB, 图像数: 3, present_mode: MAILBOX
[2026-08-16T03:39:49Z INFO  steel_front::engine::renderer] 深度缓冲创建完成: 3 张 2560x1600 D32_SFLOAT
[2026-08-16T03:39:49Z INFO  steel_front] 窗口大小变化: 2560x1600
[2026-08-16T03:39:49Z INFO  steel_front::engine::renderer] swapchain diag: current_extent=2560x1600 final=2560x1600
[2026-08-16T03:39:49Z INFO  steel_front::engine::renderer] 交换链初始化完成: 2560x1600, 格式: B8G8R8A8_SRGB, 图像数: 3, present_mode: MAILBOX
[2026-08-16T03:39:49Z INFO  steel_front::engine::renderer] 深度缓冲创建完成: 3 张 2560x1600 D32_SFLOAT
[2026-08-16T03:39:49Z INFO  steel_front] 窗口大小变化: 2560x1600
[2026-08-16T03:39:49Z INFO  steel_front::engine::renderer] swapchain diag: current_extent=2560x1600 final=2560x1600
[2026-08-16T03:39:49Z INFO  steel_front::engine::renderer] 交换链初始化完成: 2560x1600, 格式: B8G8R8A8_SRGB, 图像数: 3, present_mode: MAILBOX
[2026-08-16T03:39:49Z INFO  steel_front::engine::renderer] 深度缓冲创建完成: 3 张 2560x1600 D32_SFLOAT
[2026-08-16T03:39:50Z INFO  steel_front] cam: yaw=0.0 pitch=0.0 dist=3.4 mode=FirstPerson cycle_us=2786 update_us=28 render_us=2758
[2026-08-16T03:39:50Z INFO  steel_front::engine::renderer] visible=65536/65536 near=65536 far=0 fps=330.8 frame_us=3252 cull_us=4 terrain_us=0 wait_fence_us=1493 acquire_us=0 record_us=34 submit_us=31 present_us=730 terrain_lod=high blend=0.000 quality=中画质 marker=36 npc=1017
[2026-08-16T03:39:50Z INFO  steel_front::engine::game] ai: npcs=8 near=8 far=0 idle=0 patrol=0 chase=8 attack=0 tactics=[8, 0, 0, 0, 0, 0, 0, 0]
[2026-08-16T03:39:50Z INFO  steel_front::engine::game] game: wave=1 enemies=8 enemy_hp=100 hp=100/100 score=0 phys_us=1 ai_us=347 audio_us=19 net_us=0
[2026-08-16T03:39:51Z INFO  steel_front] cam: yaw=0.0 pitch=0.0 dist=3.4 mode=FirstPerson cycle_us=2404 update_us=15 render_us=2389
[2026-08-16T03:39:51Z INFO  steel_front::engine::renderer] visible=65536/65536 near=65536 far=0 fps=388.9 frame_us=2087 cull_us=3 terrain_us=0 wait_fence_us=2346 acquire_us=1 record_us=46 submit_us=47 present_us=171 terrain_lod=high blend=0.000 quality=中画质 marker=36 npc=1017
[2026-08-16T03:39:51Z INFO  steel_front::engine::game] ai: npcs=8 near=8 far=0 idle=0 patrol=0 chase=8 attack=0 tactics=[8, 0, 0, 0, 0, 0, 0, 0]
[2026-08-16T03:39:51Z INFO  steel_front::engine::game] game: wave=1 enemies=8 enemy_hp=100 hp=100/100 score=0 phys_us=2 ai_us=444 audio_us=17 net_us=0
[2026-08-16T03:39:52Z INFO  steel_front] cam: yaw=0.0 pitch=0.0 dist=3.4 mode=FirstPerson cycle_us=2780 update_us=12 render_us=2767
[2026-08-16T03:39:52Z INFO  steel_front::engine::renderer] visible=65536/65536 near=65536 far=0 fps=389.6 frame_us=1650 cull_us=3 terrain_us=0 wait_fence_us=2532 acquire_us=1 record_us=21 submit_us=19 present_us=99 terrain_lod=high blend=0.000 quality=中画质 marker=36 npc=1017
[2026-08-16T03:39:52Z INFO  steel_front::engine::game] ai: npcs=8 near=8 far=0 idle=0 patrol=0 chase=8 attack=0 tactics=[8, 0, 0, 0, 0, 0, 0, 0]
[2026-08-16T03:39:52Z INFO  steel_front::engine::game] game: wave=1 enemies=8 enemy_hp=100 hp=100/100 score=0 phys_us=3 ai_us=417 audio_us=21 net_us=0
[2026-08-16T03:39:53Z INFO  steel_front] cam: yaw=0.0 pitch=0.0 dist=3.4 mode=FirstPerson cycle_us=3305 update_us=14 render_us=3291
[2026-08-16T03:39:53Z INFO  steel_front::engine::renderer] visible=65536/65536 near=65536 far=0 fps=389.4 frame_us=3061 cull_us=3 terrain_us=0 wait_fence_us=1511 acquire_us=0 record_us=39 submit_us=40 present_us=688 terrain_lod=high blend=0.000 quality=中画质 marker=36 npc=1017
[2026-08-16T03:39:53Z INFO  steel_front::engine::game] ai: npcs=8 near=8 far=0 idle=0 patrol=0 chase=8 attack=0 tactics=[8, 0, 0, 0, 0, 0, 0, 0]
[2026-08-16T03:39:53Z INFO  steel_front::engine::game] game: wave=1 enemies=8 enemy_hp=100 hp=100/100 score=0 phys_us=2 ai_us=149 audio_us=17 net_us=0
[2026-08-16T03:39:54Z INFO  steel_front] cam: yaw=0.0 pitch=0.0 dist=3.4 mode=FirstPerson cycle_us=1865 update_us=38 render_us=1826
[2026-08-16T03:39:54Z INFO  steel_front::engine::game] map: level 1 generated: 36 obstacle bodies (wall=20 block=0 barrier=0 tree=3 building=6 ruin=7), 203 grid cells blocked
[2026-08-16T03:39:54Z INFO  steel_front::engine::game] game: purged 8 leftover npcs on run start
[2026-08-16T03:39:54Z INFO  steel_front::engine::game] wave: npc #8 spawn (65.3, 0.0, 25.3)
[2026-08-16T03:39:54Z INFO  steel_front::engine::game] wave: npc #9 spawn (6.1, 0.0, 39.5)
[2026-08-16T03:39:54Z INFO  steel_front::engine::game] wave: npc #10 spawn (-46.8, 0.0, 37.6)
[2026-08-16T03:39:54Z INFO  steel_front::engine::game] wave: npc #11 spawn (-74.6, 0.0, -28.9)
[2026-08-16T03:39:54Z INFO  steel_front::engine::game] wave: npc #12 spawn (-7.6, 0.0, -49.4)
[2026-08-16T03:39:54Z INFO  steel_front::engine::game] wave: npc #13 spawn (54.6, 0.0, -43.9)
[2026-08-16T03:39:54Z INFO  steel_front::engine::game] wave: wave 1 spawned 6 enemies (kind=Normal total=6 speed=4.0 hp=100 effective=1)
[2026-08-16T03:39:54Z INFO  steel_front::engine::game] game: run started (wave 1)
[2026-08-16T03:39:54Z INFO  steel_front] input: cursor captured (mouse look on, grab=locked, look=relative)
[2026-08-16T03:39:54Z INFO  steel_front::engine::game] physics: 36 events this frame (GroundHit, GroundHit, GroundHit, GroundHit, GroundHit, GroundHit, GroundHit, GroundHit, GroundHit, GroundHit, GroundHit, GroundHit, GroundHit, GroundHit, GroundHit, GroundHit, GroundHit, GroundHit, GroundHit, GroundHit, GroundHit, GroundHit, GroundHit, GroundHit, GroundHit, GroundHit, GroundHit, GroundHit, GroundHit, GroundHit, GroundHit, GroundHit, GroundHit, GroundHit, GroundHit, GroundHit)
[2026-08-16T03:39:54Z INFO  steel_front::engine::renderer] visible=65536/65536 near=65536 far=0 fps=392.5 frame_us=3027 cull_us=5 terrain_us=0 wait_fence_us=1010 acquire_us=0 record_us=37 submit_us=35 present_us=672 terrain_lod=high blend=0.000 quality=中画质 marker=36 npc=1017
[2026-08-16T03:39:54Z INFO  steel_front] size diag: window_inner=2560x1600 hud=2560x1600
[2026-08-16T03:39:54Z INFO  steel_front] size diag: window_inner=2560x1600 hud=2560x1600
[2026-08-16T03:39:54Z INFO  steel_front] size diag: window_inner=2560x1600 hud=2560x1600
[2026-08-16T03:39:54Z INFO  steel_front::engine::game] ai: npcs=6 near=6 far=0 idle=0 patrol=3 chase=3 attack=0 tactics=[4, 1, 1, 0, 0, 0, 0, 0]
[2026-08-16T03:39:54Z INFO  steel_front::engine::game] game: wave=1 enemies=6 enemy_hp=100 hp=100/100 score=0 phys_us=1 ai_us=93 audio_us=24 net_us=0
[2026-08-16T03:39:54Z INFO  steel_front] size diag: window_inner=2560x1600 hud=2560x1600
[2026-08-16T03:39:54Z INFO  steel_front] size diag: window_inner=2560x1600 hud=2560x1600
[2026-08-16T03:39:54Z INFO  steel_front] size diag: window_inner=2560x1600 hud=2560x1600
[2026-08-16T03:39:54Z INFO  steel_front] size diag: window_inner=2560x1600 hud=2560x1600
[2026-08-16T03:39:54Z INFO  steel_front] size diag: window_inner=2560x1600 hud=2560x1600
[2026-08-16T03:39:54Z INFO  steel_front] size diag: window_inner=2560x1600 hud=2560x1600
[2026-08-16T03:39:54Z INFO  steel_front] size diag: window_inner=2560x1600 hud=2560x1600
[2026-08-16T03:39:54Z INFO  steel_front] size diag: window_inner=2560x1600 hud=2560x1600
[2026-08-16T03:39:54Z INFO  steel_front] size diag: window_inner=2560x1600 hud=2560x1600
[2026-08-16T03:39:54Z INFO  steel_front] size diag: window_inner=2560x1600 hud=2560x1600
[2026-08-16T03:39:54Z INFO  steel_front] size diag: window_inner=2560x1600 hud=2560x1600
[2026-08-16T03:39:54Z INFO  steel_front] size diag: window_inner=2560x1600 hud=2560x1600
[2026-08-16T03:39:54Z INFO  steel_front] size diag: window_inner=2560x1600 hud=2560x1600
[2026-08-16T03:39:54Z INFO  steel_front] size diag: window_inner=2560x1600 hud=2560x1600
[2026-08-16T03:39:54Z INFO  steel_front] size diag: window_inner=2560x1600 hud=2560x1600
[2026-08-16T03:39:54Z INFO  steel_front] size diag: window_inner=2560x1600 hud=2560x1600
[2026-08-16T03:39:54Z INFO  steel_front] size diag: window_inner=2560x1600 hud=2560x1600
[2026-08-16T03:39:55Z INFO  steel_front] cam: yaw=-2.0 pitch=-1.0 dist=3.4 mode=FirstPerson cycle_us=3166 update_us=31 render_us=3134
[2026-08-16T03:39:55Z INFO  steel_front::engine::renderer] visible=65536/65536 near=65536 far=0 fps=407.5 frame_us=1764 cull_us=5 terrain_us=0 wait_fence_us=1773 acquire_us=1 record_us=37 submit_us=49 present_us=221 terrain_lod=high blend=0.000 quality=中画质 marker=36 npc=1017
[2026-08-16T03:39:55Z INFO  steel_front::engine::game] ai: npcs=6 near=6 far=0 idle=0 patrol=3 chase=3 attack=0 tactics=[4, 1, 1, 0, 0, 0, 0, 0]
[2026-08-16T03:39:55Z INFO  steel_front::engine::game] game: wave=1 enemies=6 enemy_hp=100 hp=100/100 score=0 phys_us=1 ai_us=323 audio_us=28 net_us=0
[2026-08-16T03:39:56Z INFO  steel_front] cam: yaw=-9.1 pitch=-1.0 dist=3.4 mode=FirstPerson cycle_us=2309 update_us=36 render_us=2273
[2026-08-16T03:39:56Z INFO  steel_front::engine::renderer] visible=65536/65536 near=65536 far=0 fps=390.5 frame_us=1154 cull_us=5 terrain_us=0 wait_fence_us=2482 acquire_us=1 record_us=18 submit_us=17 present_us=158 terrain_lod=high blend=0.000 quality=中画质 marker=36 npc=1017
[2026-08-16T03:39:56Z INFO  steel_front::engine::game] ai: npcs=6 near=6 far=0 idle=0 patrol=3 chase=3 attack=0 tactics=[4, 1, 1, 0, 0, 0, 0, 0]
[2026-08-16T03:39:56Z INFO  steel_front::engine::game] game: wave=1 enemies=6 enemy_hp=100 hp=100/100 score=0 phys_us=1 ai_us=365 audio_us=17 net_us=0
[2026-08-16T03:39:57Z INFO  steel_front] cam: yaw=-1.0 pitch=4.1 dist=3.4 mode=FirstPerson cycle_us=2208 update_us=32 render_us=2176
[2026-08-16T03:39:57Z INFO  steel_front::engine::game] weapons: shot #1 (1 alive) [M1 Rifle]
[2026-08-16T03:39:57Z INFO  steel_front::engine::renderer] visible=65536/65536 near=65536 far=0 fps=399.1 frame_us=2031 cull_us=5 terrain_us=0 wait_fence_us=1450 acquire_us=0 record_us=35 submit_us=30 present_us=194 terrain_lod=high blend=0.000 quality=中画质 marker=37 npc=1017
[2026-08-16T03:39:57Z INFO  steel_front::engine::game] ai: npcs=6 near=6 far=0 idle=0 patrol=3 chase=3 attack=0 tactics=[4, 1, 1, 0, 0, 0, 0, 0]
[2026-08-16T03:39:57Z INFO  steel_front::engine::game] game: wave=1 enemies=6 enemy_hp=100 hp=100/100 score=0 phys_us=2 ai_us=367 audio_us=6 net_us=0
[2026-08-16T03:39:58Z INFO  steel_front::engine::game] weapons: shot #2 (2 alive) [M1 Rifle]
[2026-08-16T03:39:58Z INFO  steel_front] cam: yaw=-2.0 pitch=4.3 dist=3.4 mode=FirstPerson cycle_us=2617 update_us=36 render_us=2580
[2026-08-16T03:39:58Z INFO  steel_front::engine::renderer] visible=65536/65536 near=65536 far=0 fps=398.5 frame_us=2025 cull_us=5 terrain_us=0 wait_fence_us=1651 acquire_us=0 record_us=47 submit_us=44 present_us=199 terrain_lod=high blend=0.000 quality=中画质 marker=37 npc=1017
[2026-08-16T03:39:58Z INFO  steel_front::engine::game] ai: npcs=6 near=6 far=0 idle=0 patrol=3 chase=3 attack=0 tactics=[3, 1, 1, 0, 0, 0, 0, 1]
[2026-08-16T03:39:58Z INFO  steel_front::engine::game] game: wave=1 enemies=6 enemy_hp=100 hp=100/100 score=0 phys_us=2 ai_us=362 audio_us=19 net_us=0
[2026-08-16T03:39:59Z INFO  steel_front::engine::game] weapons: shot #3 (3 alive) [M1 Rifle]
[2026-08-16T03:39:59Z INFO  steel_front] cam: yaw=-2.6 pitch=3.7 dist=3.4 mode=FirstPerson cycle_us=2460 update_us=23 render_us=2436
[2026-08-16T03:39:59Z INFO  steel_front::engine::game] weapons: shot #4 (4 alive) [M1 Rifle]
[2026-08-16T03:39:59Z INFO  steel_front::engine::renderer] visible=65536/65536 near=65536 far=0 fps=398.3 frame_us=2396 cull_us=6 terrain_us=0 wait_fence_us=1446 acquire_us=1 record_us=50 submit_us=50 present_us=197 terrain_lod=high blend=0.000 quality=中画质 marker=38 npc=1017
[2026-08-16T03:39:59Z INFO  steel_front] size diag: window_inner=2560x1600 hud=2560x1600
[2026-08-16T03:39:59Z INFO  steel_front] size diag: window_inner=2560x1600 hud=2560x1600
[2026-08-16T03:39:59Z INFO  steel_front] size diag: window_inner=2560x1600 hud=2560x1600
[2026-08-16T03:39:59Z INFO  steel_front] size diag: window_inner=2560x1600 hud=2560x1600
[2026-08-16T03:39:59Z INFO  steel_front] size diag: window_inner=2560x1600 hud=2560x1600
[2026-08-16T03:39:59Z INFO  steel_front::engine::game] ai: npcs=6 near=6 far=0 idle=0 patrol=3 chase=3 attack=0 tactics=[3, 1, 1, 0, 0, 0, 0, 1]
[2026-08-16T03:39:59Z INFO  steel_front::engine::game] game: wave=1 enemies=6 enemy_hp=100 hp=100/100 score=0 phys_us=2 ai_us=96 audio_us=13 net_us=0
[2026-08-16T03:39:59Z INFO  steel_front] size diag: window_inner=2560x1600 hud=2560x1600
[2026-08-16T03:39:59Z INFO  steel_front] size diag: window_inner=2560x1600 hud=2560x1600
[2026-08-16T03:39:59Z INFO  steel_front] size diag: window_inner=2560x1600 hud=2560x1600
[2026-08-16T03:39:59Z INFO  steel_front] size diag: window_inner=2560x1600 hud=2560x1600
[2026-08-16T03:39:59Z INFO  steel_front] size diag: window_inner=2560x1600 hud=2560x1600
[2026-08-16T03:39:59Z INFO  steel_front] size diag: window_inner=2560x1600 hud=2560x1600
[2026-08-16T03:39:59Z INFO  steel_front] size diag: window_inner=2560x1600 hud=2560x1600
[2026-08-16T03:39:59Z INFO  steel_front] size diag: window_inner=2560x1600 hud=2560x1600
[2026-08-16T03:39:59Z INFO  steel_front] size diag: window_inner=2560x1600 hud=2560x1600
[2026-08-16T03:39:59Z INFO  steel_front] size diag: window_inner=2560x1600 hud=2560x1600
[2026-08-16T03:39:59Z INFO  steel_front] size diag: window_inner=2560x1600 hud=2560x1600
[2026-08-16T03:39:59Z INFO  steel_front] size diag: window_inner=2560x1600 hud=2560x1600
[2026-08-16T03:39:59Z INFO  steel_front] size diag: window_inner=2560x1600 hud=2560x1600
[2026-08-16T03:39:59Z INFO  steel_front] size diag: window_inner=2560x1600 hud=2560x1600
[2026-08-16T03:39:59Z INFO  steel_front] size diag: window_inner=2560x1600 hud=2560x1600
[2026-08-16T03:40:00Z INFO  steel_front] cam: yaw=-6.3 pitch=2.9 dist=3.4 mode=FirstPerson cycle_us=2214 update_us=28 render_us=2185
[2026-08-16T03:40:00Z INFO  steel_front::engine::game] weapons: shot #5 (5 alive) [M1 Rifle]
[2026-08-16T03:40:00Z INFO  steel_front::engine::renderer] visible=65536/65536 near=65536 far=0 fps=399.5 frame_us=1557 cull_us=6 terrain_us=0 wait_fence_us=1281 acquire_us=0 record_us=19 submit_us=17 present_us=100 terrain_lod=high blend=0.000 quality=中画质 marker=37 npc=1017
[2026-08-16T03:40:00Z INFO  steel_front::engine::game] ai: npcs=6 near=6 far=0 idle=0 patrol=3 chase=3 attack=0 tactics=[3, 1, 1, 0, 0, 0, 0, 1]
[2026-08-16T03:40:00Z INFO  steel_front::engine::game] game: wave=1 enemies=6 enemy_hp=100 hp=100/100 score=0 phys_us=2 ai_us=414 audio_us=13 net_us=0
[2026-08-16T03:40:00Z INFO  steel_front::engine::game] explosion: at (6.9, -13.8, -199.3) radius=8 dmg=60 knockback=true
[2026-08-16T03:40:01Z INFO  steel_front::engine::game] weapons: shot #6 (5 alive) [M1 Rifle]
[2026-08-16T03:40:01Z INFO  steel_front] cam: yaw=-1.2 pitch=0.4 dist=3.4 mode=FirstPerson cycle_us=3042 update_us=65 render_us=2976
[2026-08-16T03:40:01Z INFO  steel_front::engine::game] explosion: at (6.9, -13.6, -199.3) radius=8 dmg=60 knockback=true
[2026-08-16T03:40:01Z INFO  steel_front::engine::game] weapons: 1 projectile hit(s), total_hits=1
[2026-08-16T03:40:01Z INFO  steel_front::engine::renderer] visible=65536/65536 near=65536 far=0 fps=401.1 frame_us=1810 cull_us=11 terrain_us=0 wait_fence_us=1643 acquire_us=1 record_us=39 submit_us=31 present_us=247 terrain_lod=high blend=0.000 quality=中画质 marker=40 npc=1017
[2026-08-16T03:40:01Z INFO  steel_front::engine::game] weapons: shot #7 (4 alive) [M1 Rifle]
[2026-08-16T03:40:01Z INFO  steel_front::engine::game] ai: npcs=6 near=6 far=0 idle=0 patrol=3 chase=3 attack=0 tactics=[4, 1, 1, 0, 0, 0, 0, 0]
[2026-08-16T03:40:01Z INFO  steel_front::engine::game] game: wave=1 enemies=6 enemy_hp=100 hp=100/100 score=0 phys_us=2 ai_us=204 audio_us=18 net_us=0
[2026-08-16T03:40:02Z INFO  steel_front::engine::game] explosion: at (9.3, -11.4, -199.5) radius=8 dmg=60 knockback=true
[2026-08-16T03:40:02Z INFO  steel_front] cam: yaw=-3.5 pitch=-0.3 dist=3.4 mode=FirstPerson cycle_us=2414 update_us=52 render_us=2361
[2026-08-16T03:40:02Z INFO  steel_front::engine::game] weapons: shot #8 (4 alive) [M1 Rifle]
[2026-08-16T03:40:02Z INFO  steel_front::engine::renderer] visible=65536/65536 near=65536 far=0 fps=400.6 frame_us=2461 cull_us=5 terrain_us=0 wait_fence_us=1535 acquire_us=0 record_us=40 submit_us=84 present_us=193 terrain_lod=high blend=0.000 quality=中画质 marker=37 npc=1017
[2026-08-16T03:40:02Z INFO  steel_front::engine::game] ai: npcs=6 near=5 far=1 idle=0 patrol=2 chase=4 attack=0 tactics=[4, 1, 1, 0, 0, 0, 0, 0]
[2026-08-16T03:40:02Z INFO  steel_front::engine::game] game: wave=1 enemies=6 enemy_hp=100 hp=100/100 score=0 phys_us=1 ai_us=330 audio_us=36 net_us=0
[2026-08-16T03:40:02Z INFO  steel_front::engine::game] explosion: at (9.2, -11.2, -199.5) radius=8 dmg=60 knockback=true
[2026-08-16T03:40:03Z INFO  steel_front::engine::game] weapons: shot #9 (4 alive) [M1 Rifle]
[2026-08-16T03:40:03Z INFO  steel_front] cam: yaw=-6.5 pitch=1.0 dist=3.4 mode=FirstPerson cycle_us=1750 update_us=31 render_us=1718
[2026-08-16T03:40:03Z INFO  steel_front::engine::game] weapons: 1 projectile hit(s), total_hits=2
[2026-08-16T03:40:03Z INFO  steel_front::engine::game] explosion: at (22.0, -8.5, -198.6) radius=8 dmg=60 knockback=true
[2026-08-16T03:40:03Z INFO  steel_front::engine::renderer] visible=65536/65536 near=65536 far=0 fps=397.4 frame_us=2801 cull_us=5 terrain_us=0 wait_fence_us=1190 acquire_us=1 record_us=28 submit_us=63 present_us=642 terrain_lod=high blend=0.000 quality=中画质 marker=40 npc=1017
[2026-08-16T03:40:03Z INFO  steel_front::engine::game] weapons: shot #10 (3 alive) [M1 Rifle]
[2026-08-16T03:40:03Z INFO  steel_front::engine::game] ai: npcs=6 near=5 far=1 idle=0 patrol=2 chase=4 attack=0 tactics=[4, 1, 1, 0, 0, 0, 0, 0]
[2026-08-16T03:40:03Z INFO  steel_front::engine::game] game: wave=1 enemies=6 enemy_hp=100 hp=100/100 score=0 phys_us=1 ai_us=324 audio_us=20 net_us=0
[2026-08-16T03:40:04Z INFO  steel_front::engine::game] npc: #9 stand (7.0, 0.0, 9.7)
[2026-08-16T03:40:04Z INFO  steel_front::engine::game] weapons: 1 projectile hit(s), total_hits=3
[2026-08-16T03:40:04Z INFO  steel_front] cam: yaw=-6.3 pitch=0.1 dist=3.4 mode=FirstPerson cycle_us=3163 update_us=38 render_us=3124
[2026-08-16T03:40:04Z INFO  steel_front::engine::game] weapons: shot #11 (3 alive) [M1 Rifle]
[2026-08-16T03:40:04Z INFO  steel_front::engine::renderer] visible=65536/65536 near=65536 far=0 fps=401.0 frame_us=1943 cull_us=5 terrain_us=0 wait_fence_us=2044 acquire_us=1 record_us=40 submit_us=33 present_us=276 terrain_lod=high blend=0.000 quality=中画质 marker=37 npc=1017
[2026-08-16T03:40:04Z INFO  steel_front] size diag: window_inner=2560x1600 hud=2560x1600
[2026-08-16T03:40:04Z INFO  steel_front] size diag: window_inner=2560x1600 hud=2560x1600
[2026-08-16T03:40:04Z INFO  steel_front] size diag: window_inner=2560x1600 hud=2560x1600
[2026-08-16T03:40:04Z INFO  steel_front] size diag: window_inner=2560x1600 hud=2560x1600
[2026-08-16T03:40:04Z INFO  steel_front] size diag: window_inner=2560x1600 hud=2560x1600
[2026-08-16T03:40:04Z INFO  steel_front] size diag: window_inner=2560x1600 hud=2560x1600
[2026-08-16T03:40:04Z INFO  steel_front] size diag: window_inner=2560x1600 hud=2560x1600
[2026-08-16T03:40:04Z INFO  steel_front] size diag: window_inner=2560x1600 hud=2560x1600
[2026-08-16T03:40:04Z INFO  steel_front::engine::game] ai: npcs=6 near=5 far=1 idle=0 patrol=2 chase=3 attack=1 tactics=[3, 1, 1, 0, 0, 1, 0, 0]
[2026-08-16T03:40:04Z INFO  steel_front::engine::game] game: wave=1 enemies=6 enemy_hp=100 hp=95/100 score=0 phys_us=4 ai_us=385 audio_us=26 net_us=0
[2026-08-16T03:40:04Z INFO  steel_front] size diag: window_inner=2560x1600 hud=2560x1600
[2026-08-16T03:40:04Z INFO  steel_front] size diag: window_inner=2560x1600 hud=2560x1600
[2026-08-16T03:40:04Z INFO  steel_front] size diag: window_inner=2560x1600 hud=2560x1600
[2026-08-16T03:40:04Z INFO  steel_front] size diag: window_inner=2560x1600 hud=2560x1600
[2026-08-16T03:40:04Z INFO  steel_front] size diag: window_inner=2560x1600 hud=2560x1600
[2026-08-16T03:40:04Z INFO  steel_front] size diag: window_inner=2560x1600 hud=2560x1600
[2026-08-16T03:40:04Z INFO  steel_front] size diag: window_inner=2560x1600 hud=2560x1600
[2026-08-16T03:40:04Z INFO  steel_front] size diag: window_inner=2560x1600 hud=2560x1600
[2026-08-16T03:40:04Z INFO  steel_front] size diag: window_inner=2560x1600 hud=2560x1600
[2026-08-16T03:40:04Z INFO  steel_front] size diag: window_inner=2560x1600 hud=2560x1600
[2026-08-16T03:40:04Z INFO  steel_front] size diag: window_inner=2560x1600 hud=2560x1600
[2026-08-16T03:40:04Z INFO  steel_front] size diag: window_inner=2560x1600 hud=2560x1600
[2026-08-16T03:40:05Z INFO  steel_front::engine::game] weapons: shot #12 (4 alive) [M1 Rifle]
[2026-08-16T03:40:05Z INFO  steel_front::engine::game] explosion: at (-4.9, -1.2, -199.9) radius=8 dmg=60 knockback=true
[2026-08-16T03:40:05Z INFO  steel_front::engine::game] explosion: at (11.6, 1.9, -166.7) radius=8 dmg=60 knockback=false
[2026-08-16T03:40:05Z INFO  steel_front::engine::game] weapons: 1 projectile hit(s), total_hits=4
[2026-08-16T03:40:05Z INFO  steel_front] cam: yaw=-142.3 pitch=-4.2 dist=3.4 mode=FirstPerson cycle_us=3026 update_us=49 render_us=2976
[2026-08-16T03:40:05Z INFO  steel_front::engine::renderer] visible=65536/65536 near=65536 far=0 fps=400.7 frame_us=2407 cull_us=5 terrain_us=0 wait_fence_us=1247 acquire_us=0 record_us=40 submit_us=48 present_us=196 terrain_lod=high blend=0.000 quality=中画质 marker=63 npc=1017
[2026-08-16T03:40:05Z INFO  steel_front::engine::game] ai: npcs=6 near=4 far=2 idle=0 patrol=2 chase=3 attack=1 tactics=[3, 1, 1, 0, 0, 1, 0, 0]
[2026-08-16T03:40:05Z INFO  steel_front::engine::game] game: wave=1 enemies=6 enemy_hp=100 hp=90/100 score=0 phys_us=5 ai_us=453 audio_us=8 net_us=0
[2026-08-16T03:40:05Z INFO  steel_front::engine::game] weapons: shot #13 (3 alive) [M1 Rifle]
[2026-08-16T03:40:06Z INFO  steel_front] cam: yaw=-104.3 pitch=-14.3 dist=3.4 mode=FirstPerson cycle_us=3071 update_us=21 render_us=3050
[2026-08-16T03:40:06Z INFO  steel_front::engine::renderer] visible=65536/65536 near=65536 far=0 fps=398.2 frame_us=1999 cull_us=5 terrain_us=0 wait_fence_us=1559 acquire_us=1 record_us=90 submit_us=32 present_us=203 terrain_lod=high blend=0.000 quality=中画质 marker=36 npc=1017
[2026-08-16T03:40:06Z INFO  steel_front::engine::game] ai: npcs=6 near=4 far=2 idle=0 patrol=2 chase=3 attack=1 tactics=[3, 1, 1, 0, 0, 1, 0, 0]
[2026-08-16T03:40:06Z INFO  steel_front::engine::game] game: wave=1 enemies=6 enemy_hp=100 hp=85/100 score=0 phys_us=2 ai_us=399 audio_us=9 net_us=0
[2026-08-16T03:40:07Z INFO  steel_front::engine::game] explosion: at (17.2, 1.2, -154.9) radius=8 dmg=60 knockback=false
[2026-08-16T03:40:07Z INFO  steel_front::engine::game] weapons: 1 projectile hit(s), total_hits=5
[2026-08-16T03:40:07Z INFO  steel_front::engine::game] weapons: shot #14 (3 alive) [M1 Rifle]
[2026-08-16T03:40:07Z INFO  steel_front] cam: yaw=-143.9 pitch=-32.4 dist=3.4 mode=FirstPerson cycle_us=1783 update_us=21 render_us=1762
[2026-08-16T03:40:07Z INFO  steel_front::engine::renderer] visible=65536/65536 near=65536 far=0 fps=405.2 frame_us=2051 cull_us=5 terrain_us=0 wait_fence_us=2074 acquire_us=1 record_us=35 submit_us=31 present_us=187 terrain_lod=high blend=0.000 quality=中画质 marker=64 npc=1017
[2026-08-16T03:40:07Z INFO  steel_front::engine::game] ai: npcs=6 near=4 far=2 idle=0 patrol=2 chase=3 attack=1 tactics=[3, 1, 1, 0, 0, 1, 0, 0]
[2026-08-16T03:40:07Z INFO  steel_front::engine::game] game: wave=1 enemies=6 enemy_hp=100 hp=80/100 score=0 phys_us=2 ai_us=420 audio_us=12 net_us=0
[2026-08-16T03:40:08Z INFO  steel_front::engine::game] weapons: shot #15 (4 alive) [M1 Rifle]
[2026-08-16T03:40:08Z INFO  steel_front] cam: yaw=-144.0 pitch=-68.6 dist=3.4 mode=FirstPerson cycle_us=3279 update_us=34 render_us=3244
[2026-08-16T03:40:08Z INFO  steel_front::engine::game] explosion: at (118.7, 14.7, 160.5) radius=8 dmg=60 knockback=true
[2026-08-16T03:40:08Z INFO  steel_front::engine::game] npc: #12 stand (2.0, 0.0, -11.8)
[2026-08-16T03:40:08Z INFO  steel_front::engine::renderer] visible=65536/65536 near=65536 far=0 fps=412.7 frame_us=2164 cull_us=5 terrain_us=0 wait_fence_us=1380 acquire_us=1 record_us=41 submit_us=47 present_us=176 terrain_lod=high blend=0.000 quality=中画质 marker=40 npc=1017
[2026-08-16T03:40:08Z INFO  steel_front::engine::game] ai: npcs=6 near=4 far=2 idle=0 patrol=2 chase=2 attack=2 tactics=[4, 1, 1, 0, 0, 0, 0, 0]
[2026-08-16T03:40:08Z INFO  steel_front::engine::game] game: wave=1 enemies=6 enemy_hp=100 hp=75/100 score=0 phys_us=2 ai_us=415 audio_us=19 net_us=0
[2026-08-16T03:40:09Z INFO  steel_front::engine::game] weapons: shot #16 (4 alive) [M1 Rifle]
[2026-08-16T03:40:09Z INFO  steel_front::engine::game] explosion: at (159.9, 22.4, 118.5) radius=8 dmg=60 knockback=true
[2026-08-16T03:40:09Z INFO  steel_front] cam: yaw=-160.8 pitch=-75.3 dist=3.4 mode=FirstPerson cycle_us=3246 update_us=48 render_us=3198
[2026-08-16T03:40:09Z INFO  steel_front::engine::renderer] visible=65536/65536 near=65536 far=0 fps=413.7 frame_us=1534 cull_us=5 terrain_us=0 wait_fence_us=1262 acquire_us=1 record_us=47 submit_us=45 present_us=175 terrain_lod=high blend=0.000 quality=中画质 marker=65 npc=1017
[2026-08-16T03:40:09Z INFO  steel_front] size diag: window_inner=2560x1600 hud=2560x1600
[2026-08-16T03:40:09Z INFO  steel_front] size diag: window_inner=2560x1600 hud=2560x1600
[2026-08-16T03:40:09Z INFO  steel_front] size diag: window_inner=2560x1600 hud=2560x1600
[2026-08-16T03:40:09Z INFO  steel_front] size diag: window_inner=2560x1600 hud=2560x1600
[2026-08-16T03:40:09Z INFO  steel_front] size diag: window_inner=2560x1600 hud=2560x1600
[2026-08-16T03:40:09Z INFO  steel_front] size diag: window_inner=2560x1600 hud=2560x1600
[2026-08-16T03:40:09Z INFO  steel_front] size diag: window_inner=2560x1600 hud=2560x1600
[2026-08-16T03:40:09Z INFO  steel_front] size diag: window_inner=2560x1600 hud=2560x1600
[2026-08-16T03:40:09Z INFO  steel_front] size diag: window_inner=2560x1600 hud=2560x1600
[2026-08-16T03:40:09Z INFO  steel_front] size diag: window_inner=2560x1600 hud=2560x1600
[2026-08-16T03:40:09Z INFO  steel_front] size diag: window_inner=2560x1600 hud=2560x1600
[2026-08-16T03:40:09Z INFO  steel_front] size diag: window_inner=2560x1600 hud=2560x1600
[2026-08-16T03:40:09Z INFO  steel_front::engine::game] ai: npcs=6 near=4 far=2 idle=0 patrol=2 chase=2 attack=2 tactics=[4, 2, 0, 0, 0, 0, 0, 0]
[2026-08-16T03:40:09Z INFO  steel_front::engine::game] game: wave=1 enemies=6 enemy_hp=100 hp=70/100 score=0 phys_us=1 ai_us=155 audio_us=11 net_us=0
[2026-08-16T03:40:09Z INFO  steel_front] size diag: window_inner=2560x1600 hud=2560x1600
[2026-08-16T03:40:09Z INFO  steel_front] size diag: window_inner=2560x1600 hud=2560x1600
[2026-08-16T03:40:09Z INFO  steel_front] size diag: window_inner=2560x1600 hud=2560x1600
[2026-08-16T03:40:09Z INFO  steel_front] size diag: window_inner=2560x1600 hud=2560x1600
[2026-08-16T03:40:09Z INFO  steel_front] size diag: window_inner=2560x1600 hud=2560x1600
[2026-08-16T03:40:09Z INFO  steel_front] size diag: window_inner=2560x1600 hud=2560x1600
[2026-08-16T03:40:09Z INFO  steel_front] size diag: window_inner=2560x1600 hud=2560x1600
[2026-08-16T03:40:09Z INFO  steel_front] size diag: window_inner=2560x1600 hud=2560x1600
[2026-08-16T03:40:09Z INFO  steel_front] size diag: window_inner=2560x1600 hud=2560x1600
[2026-08-16T03:40:10Z INFO  steel_front::engine::game] weapons: shot #17 (4 alive) [M1 Rifle]
[2026-08-16T03:40:10Z INFO  steel_front::engine::game] explosion: at (188.1, 50.9, 47.0) radius=8 dmg=60 knockback=true
[2026-08-16T03:40:10Z INFO  steel_front] cam: yaw=-156.1 pitch=-50.2 dist=3.4 mode=FirstPerson cycle_us=2503 update_us=21 render_us=2481
[2026-08-16T03:40:10Z INFO  steel_front::engine::renderer] visible=65536/65536 near=65536 far=0 fps=419.3 frame_us=2153 cull_us=5 terrain_us=0 wait_fence_us=1244 acquire_us=0 record_us=48 submit_us=149 present_us=654 terrain_lod=high blend=0.000 quality=中画质 marker=37 npc=1017
[2026-08-16T03:40:10Z INFO  steel_front::engine::game] ai: npcs=6 near=4 far=2 idle=0 patrol=3 chase=1 attack=2 tactics=[4, 1, 1, 0, 0, 0, 0, 0]
[2026-08-16T03:40:10Z INFO  steel_front::engine::game] game: wave=1 enemies=6 enemy_hp=100 hp=65/100 score=0 phys_us=1 ai_us=337 audio_us=33 net_us=0
[2026-08-16T03:40:11Z INFO  steel_front] cam: yaw=-163.4 pitch=-89.0 dist=3.4 mode=FirstPerson cycle_us=2596 update_us=34 render_us=2562
[2026-08-16T03:40:11Z INFO  steel_front::engine::game] explosion: at (99.6, 108.8, 136.4) radius=8 dmg=60 knockback=true
[2026-08-16T03:40:11Z INFO  steel_front::engine::game] weapons: shot #18 (3 alive) [M1 Rifle]
[2026-08-16T03:40:11Z INFO  steel_front::engine::renderer] visible=65536/65536 near=65536 far=0 fps=428.1 frame_us=2533 cull_us=5 terrain_us=0 wait_fence_us=1317 acquire_us=0 record_us=47 submit_us=46 present_us=197 terrain_lod=high blend=0.000 quality=中画质 marker=70 npc=1017
[2026-08-16T03:40:11Z INFO  steel_front::engine::game] ai: npcs=6 near=4 far=2 idle=0 patrol=3 chase=1 attack=2 tactics=[4, 1, 1, 0, 0, 0, 0, 0]
[2026-08-16T03:40:11Z INFO  steel_front::engine::game] game: wave=1 enemies=6 enemy_hp=100 hp=60/100 score=0 phys_us=1 ai_us=327 audio_us=40 net_us=0
[2026-08-16T03:40:12Z INFO  steel_front] cam: yaw=-149.6 pitch=20.1 dist=3.4 mode=FirstPerson cycle_us=2119 update_us=41 render_us=2077
[2026-08-16T03:40:12Z INFO  steel_front::engine::game] explosion: at (66.2, 12.1, 188.4) radius=8 dmg=60 knockback=true
[2026-08-16T03:40:12Z INFO  steel_front::engine::game] weapons: shot #19 (3 alive) [M1 Rifle]
[2026-08-16T03:40:12Z INFO  steel_front::engine::renderer] visible=65536/65536 near=65536 far=0 fps=397.6 frame_us=2066 cull_us=5 terrain_us=0 wait_fence_us=1370 acquire_us=1 record_us=157 submit_us=45 present_us=361 terrain_lod=high blend=0.000 quality=中画质 marker=41 npc=1017
[2026-08-16T03:40:12Z INFO  steel_front::engine::game] ai: npcs=6 near=5 far=1 idle=0 patrol=2 chase=2 attack=2 tactics=[4, 1, 1, 0, 0, 0, 0, 0]
[2026-08-16T03:40:12Z INFO  steel_front::engine::game] game: wave=1 enemies=6 enemy_hp=100 hp=55/100 score=0 phys_us=2 ai_us=404 audio_us=19 net_us=0
[2026-08-16T03:40:13Z INFO  steel_front] cam: yaw=-143.6 pitch=17.4 dist=3.4 mode=FirstPerson cycle_us=2047 update_us=42 render_us=2005
[2026-08-16T03:40:13Z INFO  steel_front::engine::game] npc: #10 stand (-12.0, 0.0, 0.5)
[2026-08-16T03:40:13Z INFO  steel_front::engine::game] explosion: at (26.2, -18.0, 197.4) radius=8 dmg=60 knockback=true
[2026-08-16T03:40:13Z INFO  steel_front::engine::game] weapons: shot #20 (3 alive) [M1 Rifle]
[2026-08-16T03:40:13Z INFO  steel_front::engine::renderer] visible=65536/65536 near=65536 far=0 fps=396.4 frame_us=1217 cull_us=8 terrain_us=0 wait_fence_us=1965 acquire_us=1 record_us=23 submit_us=24 present_us=107 terrain_lod=high blend=0.000 quality=中画质 marker=69 npc=1017
[2026-08-16T03:40:13Z INFO  steel_front::engine::game] ai: npcs=6 near=5 far=1 idle=0 patrol=2 chase=1 attack=3 tactics=[4, 1, 1, 0, 0, 0, 0, 0]
[2026-08-16T03:40:13Z INFO  steel_front::engine::game] game: wave=1 enemies=6 enemy_hp=100 hp=50/100 score=0 phys_us=2 ai_us=415 audio_us=21 net_us=0
[2026-08-16T03:40:14Z INFO  steel_front] cam: yaw=-143.2 pitch=-1.8 dist=3.4 mode=FirstPerson cycle_us=1869 update_us=24 render_us=1844
[2026-08-16T03:40:14Z INFO  steel_front::engine::renderer] visible=65536/65536 near=65536 far=0 fps=398.3 frame_us=2271 cull_us=5 terrain_us=0 wait_fence_us=1832 acquire_us=0 record_us=25 submit_us=31 present_us=112 terrain_lod=high blend=0.000 quality=中画质 marker=36 npc=1017
[2026-08-16T03:40:14Z INFO  steel_front::engine::game] weapons: shot #21 (4 alive) [M1 Rifle]
[2026-08-16T03:40:14Z INFO  steel_front::engine::game] explosion: at (1.0, 201.6, 3.3) radius=8 dmg=60 knockback=true
[2026-08-16T03:40:14Z INFO  steel_front::engine::game] explosion: 玩家自伤 12（dist 3.5m fall 0.56）→ hp 33
[2026-08-16T03:40:14Z INFO  steel_front::engine::game] npc: #10 stand (-12.0, 0.0, 0.5)
[2026-08-16T03:40:14Z INFO  steel_front] size diag: window_inner=2560x1600 hud=2560x1600
[2026-08-16T03:40:14Z INFO  steel_front] size diag: window_inner=2560x1600 hud=2560x1600
[2026-08-16T03:40:14Z INFO  steel_front] size diag: window_inner=2560x1600 hud=2560x1600
[2026-08-16T03:40:14Z INFO  steel_front] size diag: window_inner=2560x1600 hud=2560x1600
[2026-08-16T03:40:14Z INFO  steel_front] size diag: window_inner=2560x1600 hud=2560x1600
[2026-08-16T03:40:14Z INFO  steel_front] size diag: window_inner=2560x1600 hud=2560x1600
[2026-08-16T03:40:14Z INFO  steel_front] size diag: window_inner=2560x1600 hud=2560x1600
[2026-08-16T03:40:14Z INFO  steel_front] size diag: window_inner=2560x1600 hud=2560x1600
[2026-08-16T03:40:14Z INFO  steel_front::engine::game] npc: #9 stand (7.1, 0.0, 9.7)
[2026-08-16T03:40:14Z INFO  steel_front] size diag: window_inner=2560x1600 hud=2560x1600
[2026-08-16T03:40:14Z INFO  steel_front] size diag: window_inner=2560x1600 hud=2560x1600
[2026-08-16T03:40:14Z INFO  steel_front] size diag: window_inner=2560x1600 hud=2560x1600
[2026-08-16T03:40:14Z INFO  steel_front] size diag: window_inner=2560x1600 hud=2560x1600
[2026-08-16T03:40:14Z INFO  steel_front] size diag: window_inner=2560x1600 hud=2560x1600
[2026-08-16T03:40:14Z INFO  steel_front] size diag: window_inner=2560x1600 hud=2560x1600
[2026-08-16T03:40:14Z INFO  steel_front::engine::game] ai: npcs=6 near=5 far=1 idle=0 patrol=2 chase=2 attack=2 tactics=[3, 1, 1, 0, 0, 1, 0, 0]
[2026-08-16T03:40:14Z INFO  steel_front::engine::game] game: wave=1 enemies=6 enemy_hp=100 hp=33/100 score=0 phys_us=2 ai_us=122 audio_us=35 net_us=0
[2026-08-16T03:40:14Z INFO  steel_front] size diag: window_inner=2560x1600 hud=2560x1600
[2026-08-16T03:40:14Z INFO  steel_front] size diag: window_inner=2560x1600 hud=2560x1600
[2026-08-16T03:40:14Z INFO  steel_front] size diag: window_inner=2560x1600 hud=2560x1600
[2026-08-16T03:40:14Z INFO  steel_front] size diag: window_inner=2560x1600 hud=2560x1600
[2026-08-16T03:40:14Z INFO  steel_front] size diag: window_inner=2560x1600 hud=2560x1600
[2026-08-16T03:40:14Z INFO  steel_front] size diag: window_inner=2560x1600 hud=2560x1600
[2026-08-16T03:40:14Z INFO  steel_front] size diag: window_inner=2560x1600 hud=2560x1600
[2026-08-16T03:40:14Z INFO  steel_front::engine::game] npc: #12 stand (2.0, 0.0, -11.6)
[2026-08-16T03:40:14Z INFO  steel_front::engine::game] npc: #9 stand (7.2, 0.0, 9.6)
[2026-08-16T03:40:14Z INFO  steel_front::engine::game] npc: #10 stand (-11.8, 0.0, 0.6)
[2026-08-16T03:40:15Z INFO  steel_front::engine::game] npc: #9 stand (7.4, 0.0, 9.4)
[2026-08-16T03:40:15Z INFO  steel_front] cam: yaw=-145.3 pitch=4.5 dist=3.4 mode=FirstPerson cycle_us=3221 update_us=20 render_us=3200
[2026-08-16T03:40:15Z INFO  steel_front::engine::renderer] visible=65536/65536 near=65536 far=0 fps=404.1 frame_us=1299 cull_us=5 terrain_us=0 wait_fence_us=1733 acquire_us=0 record_us=47 submit_us=48 present_us=174 terrain_lod=high blend=0.000 quality=中画质 marker=64 npc=1017
[2026-08-16T03:40:15Z INFO  steel_front::engine::game] ai: npcs=6 near=5 far=1 idle=0 patrol=2 chase=1 attack=3 tactics=[4, 1, 1, 0, 0, 0, 0, 0]
[2026-08-16T03:40:15Z INFO  steel_front::engine::game] game: wave=1 enemies=6 enemy_hp=100 hp=28/100 score=0 phys_us=2 ai_us=417 audio_us=19 net_us=0
[2026-08-16T03:40:15Z INFO  steel_front::engine::game] explosion: at (95.0, -67.2, 162.0) radius=8 dmg=60 knockback=true
[2026-08-16T03:40:16Z INFO  steel_front] cam: yaw=-139.9 pitch=5.5 dist=3.4 mode=FirstPerson cycle_us=2992 update_us=57 render_us=2934
[2026-08-16T03:40:16Z INFO  steel_front::engine::game] weapons: shot #22 (3 alive) [M1 Rifle]
[2026-08-16T03:40:16Z INFO  steel_front::engine::game] weapons: 1 projectile hit(s), total_hits=6
[2026-08-16T03:40:16Z INFO  steel_front::engine::renderer] visible=65536/65536 near=65536 far=0 fps=400.6 frame_us=1353 cull_us=15 terrain_us=0 wait_fence_us=2123 acquire_us=1 record_us=44 submit_us=41 present_us=185 terrain_lod=high blend=0.000 quality=中画质 marker=37 npc=1017
[2026-08-16T03:40:16Z INFO  steel_front::engine::game] ai: npcs=6 near=5 far=1 idle=0 patrol=2 chase=1 attack=3 tactics=[4, 0, 2, 0, 0, 0, 0, 0]
[2026-08-16T03:40:16Z INFO  steel_front::engine::game] game: wave=1 enemies=6 enemy_hp=100 hp=23/100 score=0 phys_us=2 ai_us=359 audio_us=23 net_us=0
[2026-08-16T03:40:17Z INFO  steel_front::engine::game] explosion: at (116.3, -34.9, 158.7) radius=8 dmg=60 knockback=true
[2026-08-16T03:40:17Z INFO  steel_front] cam: yaw=-10.8 pitch=6.8 dist=3.4 mode=FirstPerson cycle_us=2625 update_us=44 render_us=2581
[2026-08-16T03:40:17Z INFO  steel_front::engine::game] weapons: shot #23 (2 alive) [M1 Rifle]
[2026-08-16T03:40:17Z INFO  steel_front::engine::renderer] visible=65536/65536 near=65536 far=0 fps=404.9 frame_us=2326 cull_us=5 terrain_us=0 wait_fence_us=1604 acquire_us=0 record_us=45 submit_us=46 present_us=173 terrain_lod=high blend=0.000 quality=中画质 marker=66 npc=1017
[2026-08-16T03:40:17Z INFO  steel_front::engine::game] ai: npcs=6 near=5 far=1 idle=0 patrol=2 chase=1 attack=3 tactics=[4, 0, 2, 0, 0, 0, 0, 0]
[2026-08-16T03:40:17Z INFO  steel_front::engine::game] game: wave=1 enemies=6 enemy_hp=100 hp=18/100 score=0 phys_us=2 ai_us=410 audio_us=28 net_us=0
[2026-08-16T03:40:17Z INFO  steel_front::engine::game] kill: npc #12 eliminated (wave 1) score=10
[2026-08-16T03:40:17Z INFO  steel_front::engine::game] weapons: 1 projectile hit(s), total_hits=7
[2026-08-16T03:40:18Z INFO  steel_front::engine::game] explosion: at (119.5, 9.7, 160.4) radius=8 dmg=60 knockback=true
[2026-08-16T03:40:18Z INFO  steel_front] cam: yaw=-9.8 pitch=9.6 dist=3.4 mode=FirstPerson cycle_us=3275 update_us=22 render_us=3253
[2026-08-16T03:40:18Z INFO  steel_front::engine::renderer] visible=65536/65536 near=65536 far=0 fps=403.3 frame_us=2443 cull_us=5 terrain_us=0 wait_fence_us=1110 acquire_us=1 record_us=21 submit_us=30 present_us=587 terrain_lod=high blend=0.000 quality=中画质 marker=36 npc=1017
[2026-08-16T03:40:18Z INFO  steel_front::engine::game] weapons: shot #24 (1 alive) [M1 Rifle]
[2026-08-16T03:40:18Z INFO  steel_front::engine::game] ai: npcs=5 near=4 far=1 idle=0 patrol=3 chase=0 attack=2 tactics=[3, 0, 2, 0, 0, 0, 0, 0]
[2026-08-16T03:40:18Z INFO  steel_front::engine::game] game: wave=1 enemies=5 enemy_hp=100 hp=13/100 score=10 phys_us=1 ai_us=319 audio_us=20 net_us=0
[2026-08-16T03:40:19Z INFO  steel_front] cam: yaw=-9.7 pitch=15.2 dist=3.4 mode=FirstPerson cycle_us=2400 update_us=37 render_us=2362
[2026-08-16T03:40:19Z INFO  steel_front::engine::renderer] visible=65536/65536 near=65536 far=0 fps=401.3 frame_us=1150 cull_us=5 terrain_us=0 wait_fence_us=1707 acquire_us=1 record_us=21 submit_us=32 present_us=79 terrain_lod=high blend=0.000 quality=中画质 marker=64 npc=1017
[2026-08-16T03:40:19Z INFO  steel_front] size diag: window_inner=2560x1600 hud=2560x1600
[2026-08-16T03:40:19Z INFO  steel_front] size diag: window_inner=2560x1600 hud=2560x1600
[2026-08-16T03:40:19Z INFO  steel_front] size diag: window_inner=2560x1600 hud=2560x1600
[2026-08-16T03:40:19Z INFO  steel_front] size diag: window_inner=2560x1600 hud=2560x1600
[2026-08-16T03:40:19Z INFO  steel_front] size diag: window_inner=2560x1600 hud=2560x1600
[2026-08-16T03:40:19Z INFO  steel_front] size diag: window_inner=2560x1600 hud=2560x1600
[2026-08-16T03:40:19Z INFO  steel_front] size diag: window_inner=2560x1600 hud=2560x1600
[2026-08-16T03:40:19Z INFO  steel_front] size diag: window_inner=2560x1600 hud=2560x1600
[2026-08-16T03:40:19Z INFO  steel_front] size diag: window_inner=2560x1600 hud=2560x1600
[2026-08-16T03:40:19Z INFO  steel_front] size diag: window_inner=2560x1600 hud=2560x1600
[2026-08-16T03:40:19Z INFO  steel_front] size diag: window_inner=2560x1600 hud=2560x1600
[2026-08-16T03:40:19Z INFO  steel_front] size diag: window_inner=2560x1600 hud=2560x1600
[2026-08-16T03:40:19Z INFO  steel_front] size diag: window_inner=2560x1600 hud=2560x1600
[2026-08-16T03:40:19Z INFO  steel_front] size diag: window_inner=2560x1600 hud=2560x1600
[2026-08-16T03:40:19Z INFO  steel_front] size diag: window_inner=2560x1600 hud=2560x1600
[2026-08-16T03:40:19Z INFO  steel_front::engine::game] ai: npcs=5 near=4 far=1 idle=0 patrol=3 chase=0 attack=2 tactics=[3, 0, 2, 0, 0, 0, 0, 0]
[2026-08-16T03:40:19Z INFO  steel_front::engine::game] game: wave=1 enemies=5 enemy_hp=100 hp=8/100 score=10 phys_us=1 ai_us=103 audio_us=15 net_us=0
[2026-08-16T03:40:19Z INFO  steel_front] size diag: window_inner=2560x1600 hud=2560x1600
[2026-08-16T03:40:19Z INFO  steel_front] size diag: window_inner=2560x1600 hud=2560x1600
[2026-08-16T03:40:19Z INFO  steel_front::engine::game] weapons: shot #25 (2 alive) [M1 Rifle]
[2026-08-16T03:40:19Z INFO  steel_front] size diag: window_inner=2560x1600 hud=2560x1600
[2026-08-16T03:40:19Z INFO  steel_front] size diag: window_inner=2560x1600 hud=2560x1600
[2026-08-16T03:40:19Z INFO  steel_front] size diag: window_inner=2560x1600 hud=2560x1600
[2026-08-16T03:40:19Z INFO  steel_front] size diag: window_inner=2560x1600 hud=2560x1600
[2026-08-16T03:40:20Z INFO  steel_front] cam: yaw=-9.7 pitch=26.4 dist=3.4 mode=FirstPerson cycle_us=3129 update_us=35 render_us=3094
[2026-08-16T03:40:20Z INFO  steel_front::engine::renderer] visible=65536/65536 near=65536 far=0 fps=396.3 frame_us=2682 cull_us=9 terrain_us=0 wait_fence_us=1281 acquire_us=1 record_us=22 submit_us=24 present_us=593 terrain_lod=high blend=0.000 quality=中画质 marker=36 npc=1017
[2026-08-16T03:40:20Z INFO  steel_front::engine::game] ai: npcs=5 near=4 far=1 idle=0 patrol=3 chase=0 attack=2 tactics=[3, 0, 2, 0, 0, 0, 0, 0]
[2026-08-16T03:40:20Z INFO  steel_front::engine::game] game: wave=1 enemies=5 enemy_hp=100 hp=3/100 score=10 phys_us=2 ai_us=368 audio_us=21 net_us=0
[2026-08-16T03:40:20Z INFO  steel_front::engine::game] weapons: shot #26 (3 alive) [M1 Rifle]
[2026-08-16T03:40:21Z INFO  steel_front::engine::game] game: player down, score=10 wave=1 (GameOver: gameplay frozen, projectiles coast without kills)
[2026-08-16T03:40:21Z INFO  steel_front] input: cursor released
[2026-08-16T03:40:21Z INFO  steel_front] cam: yaw=-9.7 pitch=48.9 dist=3.4 mode=FirstPerson cycle_us=2767 update_us=11 render_us=2755
[2026-08-16T03:40:21Z INFO  steel_front::engine::renderer] visible=65536/65536 near=65536 far=0 fps=397.4 frame_us=2541 cull_us=3 terrain_us=0 wait_fence_us=2089 acquire_us=1 record_us=44 submit_us=40 present_us=184 terrain_lod=high blend=0.000 quality=中画质 marker=63 npc=1017
[2026-08-16T03:40:21Z INFO  steel_front::engine::game] game: wave=1 enemies=5 enemy_hp=100 hp=0/100 score=10 phys_us=1 ai_us=0 audio_us=14 net_us=0
[2026-08-16T03:40:22Z INFO  steel_front::engine::game] explosion: at (33.4, -31.8, -194.5) radius=8 dmg=0 knockback=true
[2026-08-16T03:40:22Z INFO  steel_front] cam: yaw=-9.7 pitch=48.9 dist=3.4 mode=FirstPerson cycle_us=2237 update_us=55 render_us=2181
[2026-08-16T03:40:22Z INFO  steel_front::engine::renderer] visible=65536/65536 near=65536 far=0 fps=395.3 frame_us=2514 cull_us=2 terrain_us=0 wait_fence_us=2321 acquire_us=1 record_us=47 submit_us=53 present_us=228 terrain_lod=high blend=0.000 quality=中画质 marker=36 npc=1017
[2026-08-16T03:40:22Z INFO  steel_front::engine::game] game: wave=1 enemies=5 enemy_hp=100 hp=0/100 score=10 phys_us=1 ai_us=0 audio_us=29 net_us=0
[2026-08-16T03:40:23Z INFO  steel_front::engine::game] explosion: at (32.6, -50.9, -190.3) radius=8 dmg=0 knockback=true
[2026-08-16T03:40:23Z INFO  steel_front] cam: yaw=-9.7 pitch=48.9 dist=3.4 mode=FirstPerson cycle_us=1686 update_us=28 render_us=1657
[2026-08-16T03:40:23Z INFO  steel_front::engine::renderer] visible=65536/65536 near=65536 far=0 fps=396.0 frame_us=2376 cull_us=3 terrain_us=0 wait_fence_us=2334 acquire_us=1 record_us=35 submit_us=32 present_us=229 terrain_lod=high blend=0.000 quality=中画质 marker=63 npc=1017
[2026-08-16T03:40:23Z INFO  steel_front::engine::game] game: wave=1 enemies=5 enemy_hp=100 hp=0/100 score=10 phys_us=2 ai_us=0 audio_us=30 net_us=0
[2026-08-16T03:40:24Z INFO  steel_front::engine::game] explosion: at (30.2, -87.4, -176.6) radius=8 dmg=0 knockback=true
[2026-08-16T03:40:24Z INFO  steel_front] cam: yaw=-9.7 pitch=48.9 dist=3.4 mode=FirstPerson cycle_us=3241 update_us=29 render_us=3211
[2026-08-16T03:40:24Z INFO  steel_front::engine::renderer] visible=65536/65536 near=65536 far=0 fps=396.2 frame_us=2613 cull_us=4 terrain_us=0 wait_fence_us=2136 acquire_us=1 record_us=33 submit_us=27 present_us=156 terrain_lod=high blend=0.000 quality=中画质 marker=36 npc=1017
[2026-08-16T03:40:24Z INFO  steel_front] size diag: window_inner=2560x1600 hud=2560x1600
[2026-08-16T03:40:24Z INFO  steel_front] size diag: window_inner=2560x1600 hud=2560x1600
[2026-08-16T03:40:24Z INFO  steel_front] size diag: window_inner=2560x1600 hud=2560x1600
[2026-08-16T03:40:24Z INFO  steel_front] size diag: window_inner=2560x1600 hud=2560x1600
[2026-08-16T03:40:24Z INFO  steel_front] size diag: window_inner=2560x1600 hud=2560x1600
[2026-08-16T03:40:24Z INFO  steel_front] size diag: window_inner=2560x1600 hud=2560x1600
[2026-08-16T03:40:24Z INFO  steel_front] size diag: window_inner=2560x1600 hud=2560x1600
[2026-08-16T03:40:24Z INFO  steel_front] size diag: window_inner=2560x1600 hud=2560x1600
[2026-08-16T03:40:24Z INFO  steel_front] size diag: window_inner=2560x1600 hud=2560x1600
[2026-08-16T03:40:24Z INFO  steel_front] size diag: window_inner=2560x1600 hud=2560x1600
[2026-08-16T03:40:24Z INFO  steel_front] size diag: window_inner=2560x1600 hud=2560x1600
[2026-08-16T03:40:24Z INFO  steel_front] size diag: window_inner=2560x1600 hud=2560x1600
[2026-08-16T03:40:24Z INFO  steel_front] size diag: window_inner=2560x1600 hud=2560x1600
[2026-08-16T03:40:24Z INFO  steel_front] size diag: window_inner=2560x1600 hud=2560x1600
[2026-08-16T03:40:24Z INFO  steel_front] size diag: window_inner=2560x1600 hud=2560x1600
[2026-08-16T03:40:24Z INFO  steel_front] size diag: window_inner=2560x1600 hud=2560x1600
[2026-08-16T03:40:24Z INFO  steel_front] size diag: window_inner=2560x1600 hud=2560x1600
[2026-08-16T03:40:24Z INFO  steel_front] size diag: window_inner=2560x1600 hud=2560x1600
[2026-08-16T03:40:24Z INFO  steel_front::engine::game] game: wave=1 enemies=5 enemy_hp=100 hp=0/100 score=10 phys_us=1 ai_us=0 audio_us=17 net_us=0
[2026-08-16T03:40:24Z INFO  steel_front] size diag: window_inner=2560x1600 hud=2560x1600
[2026-08-16T03:40:24Z INFO  steel_front] size diag: window_inner=2560x1600 hud=2560x1600
[2026-08-16T03:40:25Z INFO  steel_front] cam: yaw=-9.7 pitch=48.9 dist=3.4 mode=FirstPerson cycle_us=2409 update_us=15 render_us=2393
[2026-08-16T03:40:25Z INFO  steel_front::engine::renderer] visible=65536/65536 near=65536 far=0 fps=396.3 frame_us=2376 cull_us=3 terrain_us=0 wait_fence_us=2381 acquire_us=1 record_us=33 submit_us=27 present_us=164 terrain_lod=high blend=0.000 quality=中画质 marker=63 npc=1017
[2026-08-16T03:40:25Z INFO  steel_front::engine::game] game: wave=1 enemies=5 enemy_hp=100 hp=0/100 score=10 phys_us=2 ai_us=0 audio_us=21 net_us=0
[2026-08-16T03:40:26Z INFO  steel_front] cam: yaw=-9.7 pitch=48.9 dist=3.4 mode=FirstPerson cycle_us=2408 update_us=4 render_us=2403
[2026-08-16T03:40:26Z INFO  steel_front::engine::renderer] visible=65536/65536 near=65536 far=0 fps=396.6 frame_us=2263 cull_us=3 terrain_us=0 wait_fence_us=2236 acquire_us=1 record_us=36 submit_us=34 present_us=348 terrain_lod=high blend=0.000 quality=中画质 marker=36 npc=1017
[2026-08-16T03:40:26Z INFO  steel_front::engine::game] game: wave=1 enemies=5 enemy_hp=100 hp=0/100 score=10 phys_us=1 ai_us=0 audio_us=31 net_us=0
[2026-08-16T03:40:27Z INFO  steel_front] cam: yaw=-9.7 pitch=48.9 dist=3.4 mode=FirstPerson cycle_us=2654 update_us=30 render_us=2624
[2026-08-16T03:40:27Z INFO  steel_front::engine::renderer] visible=65536/65536 near=65536 far=0 fps=396.3 frame_us=3104 cull_us=3 terrain_us=0 wait_fence_us=1687 acquire_us=1 record_us=17 submit_us=39 present_us=601 terrain_lod=high blend=0.000 quality=中画质 marker=63 npc=1017
[2026-08-16T03:40:27Z INFO  steel_front::engine::game] game: wave=1 enemies=5 enemy_hp=100 hp=0/100 score=10 phys_us=1 ai_us=0 audio_us=23 net_us=0
[2026-08-16T03:40:28Z INFO  steel_front] cam: yaw=-9.7 pitch=48.9 dist=3.4 mode=FirstPerson cycle_us=3161 update_us=31 render_us=3129
[2026-08-16T03:40:28Z INFO  steel_front::engine::renderer] visible=65536/65536 near=65536 far=0 fps=396.0 frame_us=2362 cull_us=3 terrain_us=0 wait_fence_us=2333 acquire_us=1 record_us=46 submit_us=44 present_us=167 terrain_lod=high blend=0.000 quality=中画质 marker=36 npc=1017
[2026-08-16T03:40:28Z INFO  steel_front::engine::game] game: wave=1 enemies=5 enemy_hp=100 hp=0/100 score=10 phys_us=2 ai_us=0 audio_us=15 net_us=0
[2026-08-16T03:40:29Z INFO  steel_front] cam: yaw=-9.7 pitch=48.9 dist=3.4 mode=FirstPerson cycle_us=2046 update_us=18 render_us=2028
[2026-08-16T03:40:29Z INFO  steel_front::engine::renderer] visible=65536/65536 near=65536 far=0 fps=395.5 frame_us=2209 cull_us=3 terrain_us=0 wait_fence_us=2512 acquire_us=1 record_us=21 submit_us=29 present_us=103 terrain_lod=high blend=0.000 quality=中画质 marker=63 npc=1017
[2026-08-16T03:40:29Z INFO  steel_front] size diag: window_inner=2560x1600 hud=2560x1600
[2026-08-16T03:40:29Z INFO  steel_front] size diag: window_inner=2560x1600 hud=2560x1600
[2026-08-16T03:40:29Z INFO  steel_front] size diag: window_inner=2560x1600 hud=2560x1600
[2026-08-16T03:40:29Z INFO  steel_front] size diag: window_inner=2560x1600 hud=2560x1600
[2026-08-16T03:40:29Z INFO  steel_front] size diag: window_inner=2560x1600 hud=2560x1600
[2026-08-16T03:40:29Z INFO  steel_front] size diag: window_inner=2560x1600 hud=2560x1600
[2026-08-16T03:40:29Z INFO  steel_front] size diag: window_inner=2560x1600 hud=2560x1600
[2026-08-16T03:40:29Z INFO  steel_front] size diag: window_inner=2560x1600 hud=2560x1600
[2026-08-16T03:40:29Z INFO  steel_front] size diag: window_inner=2560x1600 hud=2560x1600
[2026-08-16T03:40:29Z INFO  steel_front] size diag: window_inner=2560x1600 hud=2560x1600
[2026-08-16T03:40:29Z INFO  steel_front] size diag: window_inner=2560x1600 hud=2560x1600
[2026-08-16T03:40:29Z INFO  steel_front] size diag: window_inner=2560x1600 hud=2560x1600
[2026-08-16T03:40:29Z INFO  steel_front] size diag: window_inner=2560x1600 hud=2560x1600
[2026-08-16T03:40:29Z INFO  steel_front] size diag: window_inner=2560x1600 hud=2560x1600
[2026-08-16T03:40:29Z INFO  steel_front] size diag: window_inner=2560x1600 hud=2560x1600
[2026-08-16T03:40:29Z INFO  steel_front] size diag: window_inner=2560x1600 hud=2560x1600
[2026-08-16T03:40:29Z INFO  steel_front] size diag: window_inner=2560x1600 hud=2560x1600
[2026-08-16T03:40:29Z INFO  steel_front] size diag: window_inner=2560x1600 hud=2560x1600
[2026-08-16T03:40:29Z INFO  steel_front] size diag: window_inner=2560x1600 hud=2560x1600
[2026-08-16T03:40:29Z INFO  steel_front] size diag: window_inner=2560x1600 hud=2560x1600
[2026-08-16T03:40:29Z INFO  steel_front::engine::game] game: wave=1 enemies=5 enemy_hp=100 hp=0/100 score=10 phys_us=1 ai_us=0 audio_us=24 net_us=0
[2026-08-16T03:40:30Z INFO  steel_front] cam: yaw=-9.7 pitch=48.9 dist=3.4 mode=FirstPerson cycle_us=1891 update_us=36 render_us=1854
[2026-08-16T03:40:30Z INFO  steel_front::engine::renderer] visible=65536/65536 near=65536 far=0 fps=396.3 frame_us=2982 cull_us=3 terrain_us=0 wait_fence_us=1692 acquire_us=1 record_us=33 submit_us=31 present_us=577 terrain_lod=high blend=0.000 quality=中画质 marker=36 npc=1017
[2026-08-16T03:40:30Z INFO  steel_front::engine::game] game: wave=1 enemies=5 enemy_hp=100 hp=0/100 score=10 phys_us=2 ai_us=0 audio_us=25 net_us=0
[2026-08-16T03:40:31Z INFO  steel_front] cam: yaw=-9.7 pitch=48.9 dist=3.4 mode=FirstPerson cycle_us=3137 update_us=33 render_us=3104
[2026-08-16T03:40:31Z INFO  steel_front::engine::renderer] visible=65536/65536 near=65536 far=0 fps=396.4 frame_us=1686 cull_us=3 terrain_us=0 wait_fence_us=2239 acquire_us=1 record_us=17 submit_us=16 present_us=84 terrain_lod=high blend=0.000 quality=中画质 marker=63 npc=1017
[2026-08-16T03:40:31Z INFO  steel_front::engine::game] game: wave=1 enemies=5 enemy_hp=100 hp=0/100 score=10 phys_us=1 ai_us=0 audio_us=16 net_us=0
[2026-08-16T03:40:32Z INFO  steel_front] cam: yaw=-9.7 pitch=48.9 dist=3.4 mode=FirstPerson cycle_us=3425 update_us=33 render_us=3391
[2026-08-16T03:40:32Z INFO  steel_front::engine::renderer] visible=65536/65536 near=65536 far=0 fps=396.4 frame_us=2286 cull_us=2 terrain_us=0 wait_fence_us=2494 acquire_us=1 record_us=21 submit_us=20 present_us=148 terrain_lod=high blend=0.000 quality=中画质 marker=36 npc=1017
[2026-08-16T03:40:32Z INFO  steel_front::engine::game] game: wave=1 enemies=5 enemy_hp=100 hp=0/100 score=10 phys_us=2 ai_us=0 audio_us=9 net_us=0
[2026-08-16T03:40:33Z INFO  steel_front] cam: yaw=-9.7 pitch=48.9 dist=3.4 mode=FirstPerson cycle_us=2052 update_us=18 render_us=2034
[2026-08-16T03:40:33Z INFO  steel_front::engine::renderer] visible=65536/65536 near=65536 far=0 fps=396.5 frame_us=3052 cull_us=3 terrain_us=0 wait_fence_us=1772 acquire_us=1 record_us=34 submit_us=94 present_us=577 terrain_lod=high blend=0.000 quality=中画质 marker=63 npc=1017
[2026-08-16T03:40:33Z INFO  steel_front::engine::game] game: wave=1 enemies=5 enemy_hp=100 hp=0/100 score=10 phys_us=1 ai_us=0 audio_us=23 net_us=0
