[2026-08-15T10:51:54Z INFO  steel_front] ========================================
[2026-08-15T10:51:54Z INFO  steel_front]   钢铁前线 (Steel Front) v0.1.0
[2026-08-15T10:51:54Z INFO  steel_front]   二战FPS游戏引擎 - Rust + Vulkan
[2026-08-15T10:51:54Z INFO  steel_front] ========================================
[2026-08-15T10:51:54Z INFO  steel_front::engine::cpu] cpu: vendor=Amd threads=32 primary=[0, 1, 2, 3, 4, 5, 6, 7, 8, 9, 10, 11, 12, 13, 14, 15] secondary=[16, 17, 18, 19, 20, 21, 22, 23, 24, 25, 26, 27, 28, 29, 30, 31] e_cores=0 avx2=true avx512=true scene_set=[0, 1, 2, 3, 4, 5, 6, 7, 8, 9, 10, 11, 12, 13, 14, 15] ai_set=[16, 17, 18, 19, 20, 21, 22, 23, 24, 25, 26, 27, 28, 29, 30, 31] physical_primary=[0, 1, 2, 3, 4, 5, 6, 7, 8, 9, 10, 11, 12, 13, 14, 15] physical_secondary=[16, 17, 18, 19, 20, 21, 22, 23, 24, 25, 26, 27, 28, 29, 30, 31] smt=[]
[2026-08-15T10:51:54Z INFO  steel_front::engine::cpu] cpu: 非 Linux 平台，跳过线程手工绑定（交给系统调度）
[2026-08-15T10:51:54Z INFO  steel_front::engine::cpu] cpu: ai_pool 创建（8 工作线程，绑定 vCPU [16, 17, 18, 19, 20, 21, 22, 23, 24, 25, 26, 27, 28, 29, 30, 31]）
[2026-08-15T10:51:54Z INFO  steel_front::engine::game] map: level 1 generated: 20 obstacle bodies (wall=20 block=0 barrier=0), 60 grid cells blocked
[2026-08-15T10:51:54Z INFO  steel_front] 显示器: 2560x1600 aspect=1.600
[2026-08-15T10:51:54Z INFO  steel_front] 默认分辨率: 1280x800
[2026-08-15T10:51:54Z INFO  steel_front] 窗口创建成功: 1280x800
[2026-08-15T10:51:54Z WARN  steel_front::engine::renderer] 验证层不可用，将不使用
[2026-08-15T10:51:54Z INFO  steel_front::engine::renderer] 选择物理设备: NVIDIA GeForce RTX 5060 Laptop GPU
[2026-08-15T10:51:54Z INFO  steel_front::engine::gpu_caps] gpu-caps: 设备 NVIDIA GeForce RTX 5060 Laptop GPU 硬件能力探测（WSLg/dzn 视角）
[2026-08-15T10:51:54Z INFO  steel_front::engine::gpu_caps] gpu-caps: 可用 device 扩展 280 个
[2026-08-15T10:51:54Z INFO  steel_front::engine::gpu_caps] gpu-caps: -- 光追扩展 --
[2026-08-15T10:51:54Z INFO  steel_front::engine::gpu_caps] gpu-caps:   VK_KHR_ray_tracing_pipeline = true
[2026-08-15T10:51:54Z INFO  steel_front::engine::gpu_caps] gpu-caps:   VK_KHR_acceleration_structure = true
[2026-08-15T10:51:54Z INFO  steel_front::engine::gpu_caps] gpu-caps:   VK_KHR_ray_query = true
[2026-08-15T10:51:54Z INFO  steel_front::engine::gpu_caps] gpu-caps:   VK_KHR_deferred_host_operations = true
[2026-08-15T10:51:54Z INFO  steel_front::engine::gpu_caps] gpu-caps:   VK_KHR_buffer_device_address = true
[2026-08-15T10:51:54Z INFO  steel_front::engine::gpu_caps] gpu-caps:   VK_KHR_ray_tracing_position_fetch = true
[2026-08-15T10:51:54Z INFO  steel_front::engine::gpu_caps] gpu-caps:   VK_NV_ray_tracing = true
[2026-08-15T10:51:54Z INFO  steel_front::engine::gpu_caps] gpu-caps: -- Tensor Core / 协作矩阵 --
[2026-08-15T10:51:54Z INFO  steel_front::engine::gpu_caps] gpu-caps:   VK_KHR_cooperative_matrix = true
[2026-08-15T10:51:54Z INFO  steel_front::engine::gpu_caps] gpu-caps:   VK_NV_cooperative_matrix = true
[2026-08-15T10:51:54Z INFO  steel_front::engine::gpu_caps] gpu-caps:   VK_NV_compute_shader_derivatives = true
[2026-08-15T10:51:54Z INFO  steel_front::engine::gpu_caps] gpu-caps: -- DLSS / NVIDIA 私有 --
[2026-08-15T10:51:54Z INFO  steel_front::engine::gpu_caps] gpu-caps:   VK_NVX_image_view_handle = true
[2026-08-15T10:51:54Z INFO  steel_front::engine::gpu_caps] gpu-caps:   VK_NVX_binary_import = true
[2026-08-15T10:51:54Z INFO  steel_front::engine::gpu_caps] gpu-caps:   VK_NV_cuda_kernel = true
[2026-08-15T10:51:54Z INFO  steel_front::engine::gpu_caps] gpu-caps:   VK_NV_external_memory = true
[2026-08-15T10:51:54Z INFO  steel_front::engine::gpu_caps] gpu-caps: -- 其它新特性 --
[2026-08-15T10:51:54Z INFO  steel_front::engine::gpu_caps] gpu-caps:   VK_EXT_mesh_shader = true
[2026-08-15T10:51:54Z INFO  steel_front::engine::gpu_caps] gpu-caps:   VK_KHR_shader_object = false
[2026-08-15T10:51:54Z INFO  steel_front::engine::gpu_caps] gpu-caps:   VK_KHR_dynamic_rendering = true
[2026-08-15T10:51:54Z INFO  steel_front::engine::gpu_caps] gpu-caps: RT 特性 ray_tracing_pipeline=true acceleration_structure=true buffer_device_address=true ray_query=true
[2026-08-15T10:51:54Z INFO  steel_front::engine::gpu_caps] gpu-caps: RT 管线属性 shaderGroupHandleSize=32B maxRecursionDepth=31 maxRayDispatchInvocationCount=1073741824
[2026-08-15T10:51:54Z INFO  steel_front::engine::gpu_caps] gpu-caps: 【结论】光追探测 device 创建成功 → RT Core 路径可用（dzn→DXR）
[2026-08-15T10:51:54Z INFO  steel_front::engine::gpu_caps] gpu-caps: CUDA 直通（Tensor Core 可编程访问）=false（libcuda in /usr/lib/wsl/lib）
[2026-08-15T10:51:54Z INFO  steel_front::engine::gpu_caps] gpu-caps: 【结论】Vulkan-DLSS（NVIDIA 私有扩展）=true；可直接接 DLSS SDK
[2026-08-15T10:51:54Z INFO  steel_front::engine::renderer] VK_EXT_mesh_shader 可用：启用可选网格着色器渲染路径
[2026-08-15T10:51:54Z INFO  steel_front::engine::renderer] 交换链初始化完成: 1280x800, 格式: B8G8R8A8_SRGB, 图像数: 3, present_mode: MAILBOX
[2026-08-15T10:51:54Z INFO  steel_front::engine::renderer] 实例缓冲创建完成: 65536 个实例，stride 80 字节，2 帧双缓冲 HOST_VISIBLE|HOST_COHERENT（每帧压缩上传）
[2026-08-15T10:51:54Z INFO  steel_front::engine::renderer] instances=65536 draw_calls=1
[2026-08-15T10:51:54Z INFO  steel_front::engine::renderer] 深度缓冲创建完成: 3 张 1280x800 D32_SFLOAT
[2026-08-15T10:51:54Z INFO  steel_front::engine::renderer] Descriptor Set Layout: binding 0 = UBO(view/proj), binding 1 = 贴图, binding 2 = 实例 STORAGE_BUFFER, binding 3 = 采样器
[2026-08-15T10:51:54Z INFO  steel_front::engine::renderer] Descriptor 初始化完成（2 帧）
[2026-08-15T10:51:54Z INFO  steel_front::engine::renderer] 远档 LOD 几何创建完成: 8 顶点 / 12 索引（十字双 quad）
[2026-08-15T10:51:54Z INFO  steel_front::engine::renderer] 地面平铺 quad 几何创建完成: 4 顶点 / 6 索引（无侧壁）
[2026-08-15T10:51:54Z INFO  steel_front::engine::renderer] 地形 LOD[0] 创建完成: 66049 顶点 / 393216 索引（257×257 网格，间距 2）
[2026-08-15T10:51:54Z INFO  steel_front::engine::renderer] 地形 LOD[1] 创建完成: 16641 顶点 / 98304 索引（129×129 网格，间距 4）
[2026-08-15T10:51:54Z INFO  steel_front::engine::renderer] 地形 LOD[2] 创建完成: 4225 顶点 / 24576 索引（65×65 网格，间距 8）
[2026-08-15T10:51:54Z INFO  steel_front::engine::renderer] 地形 3 级 LOD 全部创建完成（高/中/低）
[2026-08-15T10:51:54Z INFO  steel_front::engine::renderer] 图形管线创建完成
[2026-08-15T10:51:54Z INFO  steel_front::engine::renderer] 网格着色器 maxMeshWorkGroupCount[0] = 4194304（地面场 65536 按此分块）
[2026-08-15T10:51:54Z INFO  steel_front::engine::renderer] 网格着色器管线创建完成（VK_EXT_mesh_shader）
[2026-08-15T10:51:54Z INFO  steel_front::engine::renderer] HUD 覆盖层初始化完成（独立 pipeline，容量 4096 quads）
[2026-08-15T10:51:54Z INFO  steel_front::engine::renderer] 纹理初始化完成: 512x512（10 mip，来源=程序化地面材质）
[2026-08-15T10:51:55Z INFO  steel_front::engine::renderer] 程序化皮肤纹理初始化完成: 512x512（marker=木板墙, npc=迷彩军服, RV3D_SKIN_TEX=off（纯色回退））
[2026-08-15T10:51:55Z INFO  steel_front::engine::renderer] 阴影贴图资源创建完成: 2048x2048 D32_SFLOAT
[2026-08-15T10:51:55Z INFO  steel_front::engine::renderer] 阴影 depth-only 管线创建完成
[2026-08-15T10:51:55Z INFO  steel_front] Vulkan 渲染器初始化成功
[2026-08-15T10:51:55Z INFO  steel_front] settings: 分辨率保持 1280x800
[2026-08-15T10:51:55Z INFO  steel_front] settings: 应用画质 中画质
[2026-08-15T10:51:55Z INFO  steel_front::engine::renderer] 画质预设已切换: 中画质
[2026-08-15T10:51:55Z INFO  steel_front] 窗口大小变化: 1898x1061
[2026-08-15T10:51:55Z INFO  steel_front::engine::renderer] 交换链初始化完成: 1280x800, 格式: B8G8R8A8_SRGB, 图像数: 3, present_mode: MAILBOX
[2026-08-15T10:51:55Z INFO  steel_front::engine::renderer] 深度缓冲创建完成: 3 张 1280x800 D32_SFLOAT
[2026-08-15T10:51:55Z INFO  steel_front] 窗口大小变化: 1280x800
[2026-08-15T10:51:55Z INFO  steel_front::engine::renderer] 交换链初始化完成: 1280x800, 格式: B8G8R8A8_SRGB, 图像数: 3, present_mode: MAILBOX
[2026-08-15T10:51:55Z INFO  steel_front::engine::renderer] 深度缓冲创建完成: 3 张 1280x800 D32_SFLOAT
[2026-08-15T10:51:55Z INFO  steel_front] 窗口大小变化: 1280x800
[2026-08-15T10:51:55Z INFO  steel_front::engine::renderer] 交换链初始化完成: 1280x800, 格式: B8G8R8A8_SRGB, 图像数: 3, present_mode: MAILBOX
[2026-08-15T10:51:55Z INFO  steel_front::engine::renderer] 深度缓冲创建完成: 3 张 1280x800 D32_SFLOAT
[2026-08-15T10:51:55Z INFO  steel_front] cam: yaw=0.0 pitch=0.0 dist=3.4 mode=FirstPerson cycle_us=2164 update_us=29 render_us=2134
[2026-08-15T10:51:55Z INFO  steel_front::engine::renderer] visible=65536/65536 near=65536 far=0 fps=257.5 frame_us=3461 cull_us=0 terrain_us=0 wait_fence_us=2545 acquire_us=0 record_us=36 submit_us=55 present_us=202 terrain_lod=high blend=0.000 quality=中画质 marker=20 npc=56
[2026-08-15T10:51:56Z INFO  steel_front::engine::game] ai: npcs=8 near=8 far=0 idle=0 patrol=0 chase=8 attack=0 tactics=[8, 0, 0, 0, 0, 0, 0, 0]
[2026-08-15T10:51:56Z INFO  steel_front::engine::game] game: wave=1 enemies=8 enemy_hp=100 hp=100/100 score=0 phys_us=1 ai_us=446 audio_us=12 net_us=0
[2026-08-15T10:51:56Z INFO  steel_front] cam: yaw=0.0 pitch=0.0 dist=3.4 mode=FirstPerson cycle_us=3532 update_us=16 render_us=3515
[2026-08-15T10:51:56Z INFO  steel_front::engine::renderer] visible=65536/65536 near=65536 far=0 fps=315.5 frame_us=2077 cull_us=0 terrain_us=0 wait_fence_us=2053 acquire_us=1 record_us=21 submit_us=32 present_us=133 terrain_lod=high blend=0.000 quality=中画质 marker=20 npc=56
[2026-08-15T10:51:57Z INFO  steel_front::engine::game] ai: npcs=8 near=8 far=0 idle=0 patrol=0 chase=8 attack=0 tactics=[8, 0, 0, 0, 0, 0, 0, 0]
[2026-08-15T10:51:57Z INFO  steel_front::engine::game] game: wave=1 enemies=8 enemy_hp=100 hp=100/100 score=0 phys_us=1 ai_us=348 audio_us=6 net_us=0
[2026-08-15T10:51:57Z INFO  steel_front] cam: yaw=0.0 pitch=0.0 dist=3.4 mode=FirstPerson cycle_us=4721 update_us=41 render_us=4680
[2026-08-15T10:51:57Z INFO  steel_front::engine::game] map: level 1 generated: 20 obstacle bodies (wall=20 block=0 barrier=0), 60 grid cells blocked
[2026-08-15T10:51:57Z INFO  steel_front::engine::game] game: purged 8 leftover npcs on run start
[2026-08-15T10:51:57Z INFO  steel_front::engine::game] battle: 压力模式第 0 轮开战（红 64 vs 蓝 64，共 128 名 NPC，并行 AI=true）
[2026-08-15T10:51:57Z INFO  steel_front::engine::game] game: run started (wave 1)
[2026-08-15T10:51:57Z INFO  steel_front] input: cursor captured (mouse look on, grab=locked, look=relative)
[2026-08-15T10:51:57Z INFO  steel_front::engine::game] physics: 20 events this frame (GroundHit, GroundHit, GroundHit, GroundHit, GroundHit, GroundHit, GroundHit, GroundHit, GroundHit, GroundHit, GroundHit, GroundHit, GroundHit, GroundHit, GroundHit, GroundHit, GroundHit, GroundHit, GroundHit, GroundHit)
[2026-08-15T10:51:57Z INFO  steel_front::engine::cpu] cpu: scene_pool 创建（8 工作线程，绑定 vCPU [0, 1, 2, 3, 4, 5, 6, 7, 8, 9, 10, 11, 12, 13, 14, 15]）
[2026-08-15T10:51:57Z INFO  steel_front::engine::renderer] visible=65536/65536 near=65536 far=0 fps=319.1 frame_us=2102 cull_us=2 terrain_us=0 wait_fence_us=3246 acquire_us=0 record_us=18 submit_us=15 present_us=161 terrain_lod=high blend=0.000 quality=中画质 marker=20 npc=952
[2026-08-15T10:51:58Z INFO  steel_front::engine::game] ai: npcs=128 near=0 far=128 idle=0 patrol=0 chase=128 attack=0 tactics=[90, 17, 21, 0, 0, 0, 0, 0]
[2026-08-15T10:51:58Z INFO  steel_front::engine::game] game: wave=1 enemies=128 enemy_hp=100 hp=100/100 score=0 phys_us=1 ai_us=542 audio_us=29 net_us=0
[2026-08-15T10:51:58Z INFO  steel_front] cam: yaw=0.4 pitch=0.2 dist=3.4 mode=FirstPerson cycle_us=3713 update_us=78 render_us=3634
[2026-08-15T10:51:58Z INFO  steel_front::engine::renderer] visible=65536/65536 near=65536 far=0 fps=319.9 frame_us=2511 cull_us=4 terrain_us=0 wait_fence_us=3484 acquire_us=0 record_us=21 submit_us=19 present_us=191 terrain_lod=high blend=0.000 quality=中画质 marker=20 npc=952
[2026-08-15T10:51:59Z INFO  steel_front::engine::game] ai: npcs=128 near=0 far=128 idle=0 patrol=0 chase=128 attack=0 tactics=[90, 37, 1, 0, 0, 0, 0, 0]
[2026-08-15T10:51:59Z INFO  steel_front::engine::game] game: wave=1 enemies=128 enemy_hp=100 hp=100/100 score=0 phys_us=0 ai_us=453 audio_us=13 net_us=0
[2026-08-15T10:51:59Z INFO  steel_front] cam: yaw=5.3 pitch=2.3 dist=3.4 mode=FirstPerson cycle_us=2383 update_us=76 render_us=2306
[2026-08-15T10:51:59Z INFO  steel_front::engine::renderer] visible=65536/65536 near=65536 far=0 fps=321.7 frame_us=2307 cull_us=4 terrain_us=0 wait_fence_us=1545 acquire_us=1 record_us=43 submit_us=35 present_us=210 terrain_lod=high blend=0.000 quality=中画质 marker=20 npc=952
[2026-08-15T10:52:00Z INFO  steel_front::engine::game] ai: npcs=128 near=0 far=128 idle=0 patrol=0 chase=128 attack=0 tactics=[90, 38, 0, 0, 0, 0, 0, 0]
[2026-08-15T10:52:00Z INFO  steel_front::engine::game] game: wave=1 enemies=128 enemy_hp=100 hp=100/100 score=0 phys_us=0 ai_us=438 audio_us=9 net_us=0
[2026-08-15T10:52:00Z INFO  steel_front] cam: yaw=38.6 pitch=0.1 dist=3.4 mode=FirstPerson cycle_us=2550 update_us=74 render_us=2476
[2026-08-15T10:52:00Z INFO  steel_front::engine::renderer] visible=65536/65536 near=65536 far=0 fps=322.9 frame_us=4190 cull_us=7 terrain_us=0 wait_fence_us=1886 acquire_us=0 record_us=182 submit_us=96 present_us=345 terrain_lod=high blend=0.000 quality=中画质 marker=20 npc=952
[2026-08-15T10:52:01Z INFO  steel_front::engine::game] ai: npcs=128 near=0 far=128 idle=0 patrol=0 chase=128 attack=0 tactics=[90, 38, 0, 0, 0, 0, 0, 0]
[2026-08-15T10:52:01Z INFO  steel_front::engine::game] game: wave=1 enemies=128 enemy_hp=100 hp=100/100 score=0 phys_us=0 ai_us=425 audio_us=39 net_us=0
[2026-08-15T10:52:01Z INFO  steel_front] cam: yaw=-27.5 pitch=-0.8 dist=3.4 mode=FirstPerson cycle_us=2539 update_us=139 render_us=2400
[2026-08-15T10:52:01Z INFO  steel_front::engine::renderer] visible=65536/65536 near=65536 far=0 fps=320.5 frame_us=2689 cull_us=2 terrain_us=0 wait_fence_us=3185 acquire_us=0 record_us=43 submit_us=37 present_us=216 terrain_lod=high blend=0.000 quality=中画质 marker=20 npc=952
[2026-08-15T10:52:02Z INFO  steel_front::engine::game] ai: npcs=128 near=0 far=128 idle=0 patrol=0 chase=128 attack=0 tactics=[90, 38, 0, 0, 0, 0, 0, 0]
[2026-08-15T10:52:02Z INFO  steel_front::engine::game] game: wave=1 enemies=128 enemy_hp=100 hp=100/100 score=0 phys_us=1 ai_us=509 audio_us=9 net_us=0
[2026-08-15T10:52:02Z INFO  steel_front] cam: yaw=-10.7 pitch=0.3 dist=3.4 mode=FirstPerson cycle_us=2798 update_us=74 render_us=2723
[2026-08-15T10:52:02Z INFO  steel_front::engine::renderer] visible=65536/65536 near=65536 far=0 fps=324.4 frame_us=2047 cull_us=3 terrain_us=0 wait_fence_us=1898 acquire_us=1 record_us=63 submit_us=14 present_us=91 terrain_lod=high blend=0.000 quality=中画质 marker=20 npc=952
[2026-08-15T10:52:03Z INFO  steel_front::engine::game] ai: npcs=128 near=0 far=128 idle=0 patrol=0 chase=128 attack=0 tactics=[90, 38, 0, 0, 0, 0, 0, 0]
[2026-08-15T10:52:03Z INFO  steel_front::engine::game] game: wave=1 enemies=128 enemy_hp=100 hp=100/100 score=0 phys_us=1 ai_us=483 audio_us=13 net_us=0
[2026-08-15T10:52:03Z INFO  steel_front] cam: yaw=-3.3 pitch=-0.4 dist=3.4 mode=FirstPerson cycle_us=4773 update_us=121 render_us=4651
[2026-08-15T10:52:03Z INFO  steel_front::engine::renderer] visible=65536/65536 near=65536 far=0 fps=321.3 frame_us=5358 cull_us=3 terrain_us=0 wait_fence_us=2675 acquire_us=0 record_us=20 submit_us=21 present_us=151 terrain_lod=high blend=0.000 quality=中画质 marker=20 npc=952
[2026-08-15T10:52:04Z INFO  steel_front::engine::game] ai: npcs=128 near=0 far=128 idle=0 patrol=0 chase=128 attack=0 tactics=[90, 38, 0, 0, 0, 0, 0, 0]
[2026-08-15T10:52:04Z INFO  steel_front::engine::game] game: wave=1 enemies=128 enemy_hp=100 hp=100/100 score=0 phys_us=1 ai_us=555 audio_us=11 net_us=0
[2026-08-15T10:52:04Z INFO  steel_front] cam: yaw=-3.3 pitch=-0.4 dist=3.4 mode=FirstPerson cycle_us=2905 update_us=129 render_us=2776
[2026-08-15T10:52:04Z INFO  steel_front::engine::renderer] visible=65536/65536 near=65536 far=0 fps=321.2 frame_us=2518 cull_us=4 terrain_us=0 wait_fence_us=3296 acquire_us=0 record_us=39 submit_us=35 present_us=186 terrain_lod=high blend=0.000 quality=中画质 marker=20 npc=952
[2026-08-15T10:52:05Z INFO  steel_front::engine::game] ai: npcs=128 near=0 far=128 idle=0 patrol=0 chase=128 attack=0 tactics=[90, 38, 0, 0, 0, 0, 0, 0]
[2026-08-15T10:52:05Z INFO  steel_front::engine::game] game: wave=1 enemies=128 enemy_hp=100 hp=100/100 score=0 phys_us=0 ai_us=372 audio_us=32 net_us=0
[2026-08-15T10:52:05Z INFO  steel_front] cam: yaw=-3.3 pitch=-0.4 dist=3.4 mode=FirstPerson cycle_us=2638 update_us=87 render_us=2550
[2026-08-15T10:52:05Z INFO  steel_front::engine::renderer] visible=65536/65536 near=65536 far=0 fps=323.5 frame_us=2919 cull_us=3 terrain_us=0 wait_fence_us=2965 acquire_us=0 record_us=41 submit_us=34 present_us=222 terrain_lod=high blend=0.000 quality=中画质 marker=20 npc=952
[2026-08-15T10:52:06Z INFO  steel_front::engine::game] ai: npcs=128 near=0 far=128 idle=0 patrol=0 chase=128 attack=0 tactics=[90, 38, 0, 0, 0, 0, 0, 0]
[2026-08-15T10:52:06Z INFO  steel_front::engine::game] game: wave=1 enemies=128 enemy_hp=100 hp=100/100 score=0 phys_us=1 ai_us=546 audio_us=35 net_us=0
[2026-08-15T10:52:06Z INFO  steel_front] cam: yaw=-3.3 pitch=-0.4 dist=3.4 mode=FirstPerson cycle_us=2183 update_us=205 render_us=1977
