[2026-08-15T10:50:37Z INFO  steel_front] ========================================
[2026-08-15T10:50:37Z INFO  steel_front]   钢铁前线 (Steel Front) v0.1.0
[2026-08-15T10:50:37Z INFO  steel_front]   二战FPS游戏引擎 - Rust + Vulkan
[2026-08-15T10:50:37Z INFO  steel_front] ========================================
[2026-08-15T10:50:37Z INFO  steel_front::engine::cpu] cpu: vendor=Amd threads=32 primary=[0, 1, 2, 3, 4, 5, 6, 7, 8, 9, 10, 11, 12, 13, 14, 15] secondary=[16, 17, 18, 19, 20, 21, 22, 23, 24, 25, 26, 27, 28, 29, 30, 31] e_cores=0 avx2=true avx512=true scene_set=[0, 1, 2, 3, 4, 5, 6, 7, 8, 9, 10, 11, 12, 13, 14, 15] ai_set=[16, 17, 18, 19, 20, 21, 22, 23, 24, 25, 26, 27, 28, 29, 30, 31] physical_primary=[0, 1, 2, 3, 4, 5, 6, 7, 8, 9, 10, 11, 12, 13, 14, 15] physical_secondary=[16, 17, 18, 19, 20, 21, 22, 23, 24, 25, 26, 27, 28, 29, 30, 31] smt=[]
[2026-08-15T10:50:37Z INFO  steel_front::engine::cpu] cpu: 非 Linux 平台，跳过线程手工绑定（交给系统调度）
[2026-08-15T10:50:37Z INFO  steel_front::engine::cpu] cpu: ai_pool 创建（8 工作线程，绑定 vCPU [16, 17, 18, 19, 20, 21, 22, 23, 24, 25, 26, 27, 28, 29, 30, 31]）
[2026-08-15T10:50:37Z INFO  steel_front::engine::game] map: level 1 generated: 20 obstacle bodies (wall=20 block=0 barrier=0), 60 grid cells blocked
[2026-08-15T10:50:37Z INFO  steel_front] 显示器: 2560x1600 aspect=1.600
[2026-08-15T10:50:37Z INFO  steel_front] 默认分辨率: 1280x800
[2026-08-15T10:50:37Z INFO  steel_front] 窗口创建成功: 1280x800
[2026-08-15T10:50:37Z WARN  steel_front::engine::renderer] 验证层不可用，将不使用
[2026-08-15T10:50:38Z INFO  steel_front::engine::renderer] 选择物理设备: NVIDIA GeForce RTX 5060 Laptop GPU
[2026-08-15T10:50:38Z INFO  steel_front::engine::gpu_caps] gpu-caps: 设备 NVIDIA GeForce RTX 5060 Laptop GPU 硬件能力探测（WSLg/dzn 视角）
[2026-08-15T10:50:38Z INFO  steel_front::engine::gpu_caps] gpu-caps: 可用 device 扩展 280 个
[2026-08-15T10:50:38Z INFO  steel_front::engine::gpu_caps] gpu-caps: -- 光追扩展 --
[2026-08-15T10:50:38Z INFO  steel_front::engine::gpu_caps] gpu-caps:   VK_KHR_ray_tracing_pipeline = true
[2026-08-15T10:50:38Z INFO  steel_front::engine::gpu_caps] gpu-caps:   VK_KHR_acceleration_structure = true
[2026-08-15T10:50:38Z INFO  steel_front::engine::gpu_caps] gpu-caps:   VK_KHR_ray_query = true
[2026-08-15T10:50:38Z INFO  steel_front::engine::gpu_caps] gpu-caps:   VK_KHR_deferred_host_operations = true
[2026-08-15T10:50:38Z INFO  steel_front::engine::gpu_caps] gpu-caps:   VK_KHR_buffer_device_address = true
[2026-08-15T10:50:38Z INFO  steel_front::engine::gpu_caps] gpu-caps:   VK_KHR_ray_tracing_position_fetch = true
[2026-08-15T10:50:38Z INFO  steel_front::engine::gpu_caps] gpu-caps:   VK_NV_ray_tracing = true
[2026-08-15T10:50:38Z INFO  steel_front::engine::gpu_caps] gpu-caps: -- Tensor Core / 协作矩阵 --
[2026-08-15T10:50:38Z INFO  steel_front::engine::gpu_caps] gpu-caps:   VK_KHR_cooperative_matrix = true
[2026-08-15T10:50:38Z INFO  steel_front::engine::gpu_caps] gpu-caps:   VK_NV_cooperative_matrix = true
[2026-08-15T10:50:38Z INFO  steel_front::engine::gpu_caps] gpu-caps:   VK_NV_compute_shader_derivatives = true
[2026-08-15T10:50:38Z INFO  steel_front::engine::gpu_caps] gpu-caps: -- DLSS / NVIDIA 私有 --
[2026-08-15T10:50:38Z INFO  steel_front::engine::gpu_caps] gpu-caps:   VK_NVX_image_view_handle = true
[2026-08-15T10:50:38Z INFO  steel_front::engine::gpu_caps] gpu-caps:   VK_NVX_binary_import = true
[2026-08-15T10:50:38Z INFO  steel_front::engine::gpu_caps] gpu-caps:   VK_NV_cuda_kernel = true
[2026-08-15T10:50:38Z INFO  steel_front::engine::gpu_caps] gpu-caps:   VK_NV_external_memory = true
[2026-08-15T10:50:38Z INFO  steel_front::engine::gpu_caps] gpu-caps: -- 其它新特性 --
[2026-08-15T10:50:38Z INFO  steel_front::engine::gpu_caps] gpu-caps:   VK_EXT_mesh_shader = true
[2026-08-15T10:50:38Z INFO  steel_front::engine::gpu_caps] gpu-caps:   VK_KHR_shader_object = false
[2026-08-15T10:50:38Z INFO  steel_front::engine::gpu_caps] gpu-caps:   VK_KHR_dynamic_rendering = true
[2026-08-15T10:50:38Z INFO  steel_front::engine::gpu_caps] gpu-caps: RT 特性 ray_tracing_pipeline=true acceleration_structure=true buffer_device_address=true ray_query=true
[2026-08-15T10:50:38Z INFO  steel_front::engine::gpu_caps] gpu-caps: RT 管线属性 shaderGroupHandleSize=32B maxRecursionDepth=31 maxRayDispatchInvocationCount=1073741824
[2026-08-15T10:50:38Z INFO  steel_front::engine::gpu_caps] gpu-caps: 【结论】光追探测 device 创建成功 → RT Core 路径可用（dzn→DXR）
[2026-08-15T10:50:38Z INFO  steel_front::engine::gpu_caps] gpu-caps: CUDA 直通（Tensor Core 可编程访问）=false（libcuda in /usr/lib/wsl/lib）
[2026-08-15T10:50:38Z INFO  steel_front::engine::gpu_caps] gpu-caps: 【结论】Vulkan-DLSS（NVIDIA 私有扩展）=true；可直接接 DLSS SDK
[2026-08-15T10:50:38Z INFO  steel_front::engine::renderer] VK_EXT_mesh_shader 可用：启用可选网格着色器渲染路径
[2026-08-15T10:50:38Z INFO  steel_front::engine::renderer] 交换链初始化完成: 1280x800, 格式: B8G8R8A8_SRGB, 图像数: 3, present_mode: MAILBOX
[2026-08-15T10:50:38Z INFO  steel_front::engine::renderer] 实例缓冲创建完成: 65536 个实例，stride 80 字节，2 帧双缓冲 HOST_VISIBLE|HOST_COHERENT（每帧压缩上传）
[2026-08-15T10:50:38Z INFO  steel_front::engine::renderer] instances=65536 draw_calls=1
[2026-08-15T10:50:38Z INFO  steel_front::engine::renderer] 深度缓冲创建完成: 3 张 1280x800 D32_SFLOAT
[2026-08-15T10:50:38Z INFO  steel_front::engine::renderer] Descriptor Set Layout: binding 0 = UBO(view/proj), binding 1 = 贴图, binding 2 = 实例 STORAGE_BUFFER, binding 3 = 采样器
[2026-08-15T10:50:38Z INFO  steel_front::engine::renderer] Descriptor 初始化完成（2 帧）
[2026-08-15T10:50:38Z INFO  steel_front::engine::renderer] 远档 LOD 几何创建完成: 8 顶点 / 12 索引（十字双 quad）
[2026-08-15T10:50:38Z INFO  steel_front::engine::renderer] 地面平铺 quad 几何创建完成: 4 顶点 / 6 索引（无侧壁）
[2026-08-15T10:50:38Z INFO  steel_front::engine::renderer] 地形 LOD[0] 创建完成: 66049 顶点 / 393216 索引（257×257 网格，间距 2）
[2026-08-15T10:50:38Z INFO  steel_front::engine::renderer] 地形 LOD[1] 创建完成: 16641 顶点 / 98304 索引（129×129 网格，间距 4）
[2026-08-15T10:50:38Z INFO  steel_front::engine::renderer] 地形 LOD[2] 创建完成: 4225 顶点 / 24576 索引（65×65 网格，间距 8）
[2026-08-15T10:50:38Z INFO  steel_front::engine::renderer] 地形 3 级 LOD 全部创建完成（高/中/低）
[2026-08-15T10:50:38Z INFO  steel_front::engine::renderer] 图形管线创建完成
[2026-08-15T10:50:38Z INFO  steel_front::engine::renderer] 网格着色器 maxMeshWorkGroupCount[0] = 4194304（地面场 65536 按此分块）
[2026-08-15T10:50:38Z INFO  steel_front::engine::renderer] 网格着色器管线创建完成（VK_EXT_mesh_shader）
[2026-08-15T10:50:38Z INFO  steel_front::engine::renderer] HUD 覆盖层初始化完成（独立 pipeline，容量 4096 quads）
[2026-08-15T10:50:38Z INFO  steel_front::engine::renderer] 纹理初始化完成: 512x512（10 mip，来源=程序化地面材质）
[2026-08-15T10:50:38Z INFO  steel_front::engine::renderer] 程序化皮肤纹理初始化完成: 512x512（marker=木板墙, npc=迷彩军服, RV3D_SKIN_TEX=off（纯色回退））
[2026-08-15T10:50:38Z INFO  steel_front::engine::renderer] 阴影贴图资源创建完成: 2048x2048 D32_SFLOAT
[2026-08-15T10:50:38Z INFO  steel_front::engine::renderer] 阴影 depth-only 管线创建完成
[2026-08-15T10:50:38Z INFO  steel_front] Vulkan 渲染器初始化成功
[2026-08-15T10:50:38Z INFO  steel_front] settings: 分辨率保持 1280x800
[2026-08-15T10:50:38Z INFO  steel_front] settings: 应用画质 中画质
[2026-08-15T10:50:38Z INFO  steel_front::engine::renderer] 画质预设已切换: 中画质
[2026-08-15T10:50:38Z INFO  steel_front] 窗口大小变化: 1898x1061
[2026-08-15T10:50:38Z INFO  steel_front::engine::renderer] 交换链初始化完成: 1280x800, 格式: B8G8R8A8_SRGB, 图像数: 3, present_mode: MAILBOX
[2026-08-15T10:50:38Z INFO  steel_front::engine::renderer] 深度缓冲创建完成: 3 张 1280x800 D32_SFLOAT
[2026-08-15T10:50:38Z INFO  steel_front] 窗口大小变化: 1280x800
[2026-08-15T10:50:38Z INFO  steel_front::engine::renderer] 交换链初始化完成: 1280x800, 格式: B8G8R8A8_SRGB, 图像数: 3, present_mode: MAILBOX
[2026-08-15T10:50:38Z INFO  steel_front::engine::renderer] 深度缓冲创建完成: 3 张 1280x800 D32_SFLOAT
[2026-08-15T10:50:38Z INFO  steel_front] 窗口大小变化: 1280x800
[2026-08-15T10:50:38Z INFO  steel_front::engine::renderer] 交换链初始化完成: 1280x800, 格式: B8G8R8A8_SRGB, 图像数: 3, present_mode: MAILBOX
[2026-08-15T10:50:38Z INFO  steel_front::engine::renderer] 深度缓冲创建完成: 3 张 1280x800 D32_SFLOAT
[2026-08-15T10:50:38Z INFO  steel_front] cam: yaw=0.0 pitch=0.0 dist=3.4 mode=FirstPerson cycle_us=4388 update_us=29 render_us=4358
[2026-08-15T10:50:39Z INFO  steel_front::engine::renderer] visible=65536/65536 near=65536 far=0 fps=260.0 frame_us=3639 cull_us=0 terrain_us=0 wait_fence_us=2507 acquire_us=1 record_us=17 submit_us=21 present_us=184 terrain_lod=high blend=0.000 quality=中画质 marker=20 npc=56
[2026-08-15T10:50:39Z INFO  steel_front::engine::game] ai: npcs=8 near=8 far=0 idle=0 patrol=0 chase=8 attack=0 tactics=[8, 0, 0, 0, 0, 0, 0, 0]
[2026-08-15T10:50:39Z INFO  steel_front::engine::game] game: wave=1 enemies=8 enemy_hp=100 hp=100/100 score=0 phys_us=0 ai_us=348 audio_us=8 net_us=0
[2026-08-15T10:50:39Z INFO  steel_front] cam: yaw=0.0 pitch=0.0 dist=3.4 mode=FirstPerson cycle_us=1978 update_us=24 render_us=1954
[2026-08-15T10:50:40Z INFO  steel_front::engine::renderer] visible=65536/65536 near=65536 far=0 fps=320.7 frame_us=2529 cull_us=0 terrain_us=0 wait_fence_us=1655 acquire_us=0 record_us=20 submit_us=25 present_us=90 terrain_lod=high blend=0.000 quality=中画质 marker=20 npc=56
[2026-08-15T10:50:40Z INFO  steel_front::engine::game] ai: npcs=8 near=8 far=0 idle=0 patrol=0 chase=8 attack=0 tactics=[8, 0, 0, 0, 0, 0, 0, 0]
[2026-08-15T10:50:40Z INFO  steel_front::engine::game] game: wave=1 enemies=8 enemy_hp=100 hp=100/100 score=0 phys_us=0 ai_us=333 audio_us=9 net_us=0
[2026-08-15T10:50:40Z INFO  steel_front::engine::game] map: level 1 generated: 20 obstacle bodies (wall=20 block=0 barrier=0), 60 grid cells blocked
[2026-08-15T10:50:40Z INFO  steel_front::engine::game] game: purged 8 leftover npcs on run start
[2026-08-15T10:50:40Z INFO  steel_front::engine::game] battle: 压力模式第 0 轮开战（红 64 vs 蓝 64，共 128 名 NPC，并行 AI=true）
[2026-08-15T10:50:40Z INFO  steel_front::engine::game] game: run started (wave 1)
[2026-08-15T10:50:40Z INFO  steel_front] input: cursor captured (mouse look on, grab=locked, look=relative)
[2026-08-15T10:50:40Z INFO  steel_front::engine::game] physics: 20 events this frame (GroundHit, GroundHit, GroundHit, GroundHit, GroundHit, GroundHit, GroundHit, GroundHit, GroundHit, GroundHit, GroundHit, GroundHit, GroundHit, GroundHit, GroundHit, GroundHit, GroundHit, GroundHit, GroundHit, GroundHit)
[2026-08-15T10:50:40Z INFO  steel_front::engine::cpu] cpu: scene_pool 创建（8 工作线程，绑定 vCPU [0, 1, 2, 3, 4, 5, 6, 7, 8, 9, 10, 11, 12, 13, 14, 15]）
[2026-08-15T10:50:40Z INFO  steel_front] cam: yaw=0.0 pitch=0.0 dist=3.4 mode=FirstPerson cycle_us=4684 update_us=79 render_us=4605
[2026-08-15T10:50:41Z INFO  steel_front::engine::renderer] visible=65536/65536 near=65536 far=0 fps=320.6 frame_us=2234 cull_us=3 terrain_us=0 wait_fence_us=3157 acquire_us=0 record_us=42 submit_us=34 present_us=214 terrain_lod=high blend=0.000 quality=中画质 marker=20 npc=952
[2026-08-15T10:50:41Z INFO  steel_front::engine::game] ai: npcs=128 near=0 far=128 idle=0 patrol=0 chase=128 attack=0 tactics=[90, 27, 11, 0, 0, 0, 0, 0]
[2026-08-15T10:50:41Z INFO  steel_front::engine::game] game: wave=1 enemies=128 enemy_hp=100 hp=100/100 score=0 phys_us=0 ai_us=457 audio_us=22 net_us=0
[2026-08-15T10:50:41Z INFO  steel_front] cam: yaw=12.6 pitch=-0.1 dist=3.4 mode=FirstPerson cycle_us=5476 update_us=129 render_us=5346
[2026-08-15T10:50:42Z INFO  steel_front::engine::renderer] visible=65536/65536 near=65536 far=0 fps=318.3 frame_us=3734 cull_us=4 terrain_us=0 wait_fence_us=1964 acquire_us=1 record_us=46 submit_us=51 present_us=269 terrain_lod=high blend=0.000 quality=中画质 marker=20 npc=952
[2026-08-15T10:50:42Z INFO  steel_front::engine::game] ai: npcs=128 near=0 far=128 idle=0 patrol=0 chase=128 attack=0 tactics=[90, 38, 0, 0, 0, 0, 0, 0]
[2026-08-15T10:50:42Z INFO  steel_front::engine::game] game: wave=1 enemies=128 enemy_hp=100 hp=100/100 score=0 phys_us=0 ai_us=398 audio_us=15 net_us=0
[2026-08-15T10:50:42Z INFO  steel_front] cam: yaw=5.6 pitch=1.0 dist=3.4 mode=FirstPerson cycle_us=2580 update_us=142 render_us=2437
[2026-08-15T10:50:43Z INFO  steel_front::engine::renderer] visible=65536/65536 near=65536 far=0 fps=318.1 frame_us=2443 cull_us=4 terrain_us=0 wait_fence_us=3267 acquire_us=0 record_us=51 submit_us=46 present_us=196 terrain_lod=high blend=0.000 quality=中画质 marker=20 npc=952
[2026-08-15T10:50:43Z INFO  steel_front::engine::game] ai: npcs=128 near=19 far=109 idle=0 patrol=0 chase=128 attack=0 tactics=[90, 38, 0, 0, 0, 0, 0, 0]
[2026-08-15T10:50:43Z INFO  steel_front::engine::game] game: wave=1 enemies=128 enemy_hp=100 hp=100/100 score=0 phys_us=0 ai_us=551 audio_us=10 net_us=0
[2026-08-15T10:50:43Z INFO  steel_front] cam: yaw=69.0 pitch=0.3 dist=3.4 mode=FirstPerson cycle_us=2367 update_us=106 render_us=2261
[2026-08-15T10:50:44Z INFO  steel_front::engine::game] weapons: shot #1 (1 alive) [M1 Rifle]
[2026-08-15T10:50:44Z INFO  steel_front::engine::renderer] visible=65536/65536 near=65536 far=0 fps=319.3 frame_us=3555 cull_us=3 terrain_us=0 wait_fence_us=2128 acquire_us=1 record_us=25 submit_us=28 present_us=168 terrain_lod=high blend=0.000 quality=中画质 marker=22 npc=952
[2026-08-15T10:50:44Z INFO  steel_front::engine::game] ai: npcs=128 near=22 far=106 idle=0 patrol=0 chase=128 attack=0 tactics=[90, 38, 0, 0, 0, 0, 0, 0]
[2026-08-15T10:50:44Z INFO  steel_front::engine::game] game: wave=1 enemies=128 enemy_hp=100 hp=100/100 score=0 phys_us=0 ai_us=502 audio_us=10 net_us=0
[2026-08-15T10:50:44Z INFO  steel_front] cam: yaw=68.6 pitch=3.2 dist=3.4 mode=FirstPerson cycle_us=2176 update_us=160 render_us=2016
[2026-08-15T10:50:45Z INFO  steel_front::engine::renderer] visible=65536/65536 near=65536 far=0 fps=321.5 frame_us=2485 cull_us=6 terrain_us=0 wait_fence_us=3143 acquire_us=1 record_us=46 submit_us=46 present_us=214 terrain_lod=high blend=0.000 quality=中画质 marker=20 npc=952
[2026-08-15T10:50:45Z INFO  steel_front::engine::game] ai: npcs=128 near=0 far=128 idle=0 patrol=0 chase=128 attack=0 tactics=[90, 38, 0, 0, 0, 0, 0, 0]
[2026-08-15T10:50:45Z INFO  steel_front::engine::game] game: wave=1 enemies=128 enemy_hp=100 hp=100/100 score=0 phys_us=0 ai_us=448 audio_us=34 net_us=0
[2026-08-15T10:50:45Z INFO  steel_front] cam: yaw=-33.7 pitch=1.2 dist=3.4 mode=FirstPerson cycle_us=5660 update_us=82 render_us=5577
[2026-08-15T10:50:46Z INFO  steel_front::engine::renderer] visible=65536/65536 near=65536 far=0 fps=322.0 frame_us=2232 cull_us=4 terrain_us=0 wait_fence_us=3223 acquire_us=0 record_us=45 submit_us=50 present_us=215 terrain_lod=high blend=0.000 quality=中画质 marker=20 npc=952
[2026-08-15T10:50:46Z INFO  steel_front::engine::game] ai: npcs=128 near=0 far=128 idle=0 patrol=0 chase=128 attack=0 tactics=[90, 38, 0, 0, 0, 0, 0, 0]
[2026-08-15T10:50:46Z INFO  steel_front::engine::game] game: wave=1 enemies=128 enemy_hp=100 hp=100/100 score=0 phys_us=0 ai_us=462 audio_us=18 net_us=0
[2026-08-15T10:50:46Z INFO  steel_front::engine::game] weapons: shot #2 (2 alive) [M1 Rifle]
[2026-08-15T10:50:46Z INFO  steel_front] cam: yaw=-38.7 pitch=-0.1 dist=3.4 mode=FirstPerson cycle_us=3034 update_us=92 render_us=2941
[2026-08-15T10:50:47Z INFO  steel_front::engine::renderer] visible=65536/65536 near=65536 far=0 fps=320.2 frame_us=2223 cull_us=9 terrain_us=0 wait_fence_us=5129 acquire_us=1 record_us=45 submit_us=55 present_us=261 terrain_lod=high blend=0.000 quality=中画质 marker=21 npc=952
[2026-08-15T10:50:47Z INFO  steel_front::engine::game] ai: npcs=128 near=0 far=128 idle=0 patrol=0 chase=128 attack=0 tactics=[90, 38, 0, 0, 0, 0, 0, 0]
[2026-08-15T10:50:47Z INFO  steel_front::engine::game] game: wave=1 enemies=128 enemy_hp=100 hp=100/100 score=0 phys_us=1 ai_us=466 audio_us=19 net_us=0
[2026-08-15T10:50:47Z INFO  steel_front::engine::game] explosion: at (-194.3, -5.6, -87.2) radius=8 dmg=60 knockback=true
[2026-08-15T10:50:47Z INFO  steel_front::engine::game] weapons: shot #3 (2 alive) [M1 Rifle]
[2026-08-15T10:50:47Z INFO  steel_front] cam: yaw=-20.4 pitch=-0.5 dist=3.4 mode=FirstPerson cycle_us=3676 update_us=147 render_us=3529
[2026-08-15T10:50:48Z INFO  steel_front::engine::renderer] visible=65536/65536 near=65536 far=0 fps=322.2 frame_us=2433 cull_us=4 terrain_us=0 wait_fence_us=3563 acquire_us=1 record_us=22 submit_us=32 present_us=108 terrain_lod=high blend=0.000 quality=中画质 marker=21 npc=952
[2026-08-15T10:50:48Z INFO  steel_front::engine::game] ai: npcs=128 near=0 far=128 idle=0 patrol=0 chase=128 attack=0 tactics=[90, 38, 0, 0, 0, 0, 0, 0]
[2026-08-15T10:50:48Z INFO  steel_front::engine::game] game: wave=1 enemies=128 enemy_hp=100 hp=100/100 score=0 phys_us=1 ai_us=537 audio_us=19 net_us=0
[2026-08-15T10:50:48Z INFO  steel_front] cam: yaw=-11.5 pitch=0.7 dist=3.4 mode=FirstPerson cycle_us=2839 update_us=124 render_us=2715
[2026-08-15T10:50:49Z INFO  steel_front::engine::game] weapons: shot #4 (3 alive) [M1 Rifle]
[2026-08-15T10:50:49Z INFO  steel_front::engine::renderer] visible=65536/65536 near=65536 far=0 fps=324.4 frame_us=1035 cull_us=4 terrain_us=0 wait_fence_us=4908 acquire_us=1 record_us=22 submit_us=24 present_us=94 terrain_lod=high blend=0.000 quality=中画质 marker=22 npc=952
[2026-08-15T10:50:49Z INFO  steel_front::engine::game] ai: npcs=128 near=1 far=127 idle=0 patrol=0 chase=128 attack=0 tactics=[90, 38, 0, 0, 0, 0, 0, 0]
[2026-08-15T10:50:49Z INFO  steel_front::engine::game] game: wave=1 enemies=128 enemy_hp=100 hp=100/100 score=0 phys_us=0 ai_us=470 audio_us=29 net_us=0
[2026-08-15T10:50:49Z INFO  steel_front] cam: yaw=-16.8 pitch=0.3 dist=3.4 mode=FirstPerson cycle_us=3673 update_us=169 render_us=3504
[2026-08-15T10:50:50Z INFO  steel_front::engine::game] explosion: at (115.6, 1.8, -179.9) radius=8 dmg=60 knockback=true
[2026-08-15T10:50:50Z INFO  steel_front::engine::renderer] visible=65536/65536 near=65536 far=0 fps=322.0 frame_us=2355 cull_us=4 terrain_us=0 wait_fence_us=3518 acquire_us=0 record_us=21 submit_us=22 present_us=103 terrain_lod=high blend=0.000 quality=中画质 marker=21 npc=952
[2026-08-15T10:50:50Z INFO  steel_front::engine::game] ai: npcs=128 near=2 far=126 idle=0 patrol=0 chase=128 attack=0 tactics=[90, 38, 0, 0, 0, 0, 0, 0]
[2026-08-15T10:50:50Z INFO  steel_front::engine::game] game: wave=1 enemies=128 enemy_hp=100 hp=100/100 score=0 phys_us=1 ai_us=603 audio_us=28 net_us=0
[2026-08-15T10:50:50Z INFO  steel_front] cam: yaw=-16.8 pitch=0.3 dist=3.4 mode=FirstPerson cycle_us=2486 update_us=91 render_us=2395
[2026-08-15T10:50:51Z INFO  steel_front::engine::game] explosion: at (63.5, 3.2, -217.2) radius=8 dmg=60 knockback=true
[2026-08-15T10:50:51Z INFO  steel_front::engine::renderer] visible=65536/65536 near=65536 far=0 fps=322.4 frame_us=1949 cull_us=4 terrain_us=0 wait_fence_us=3053 acquire_us=1 record_us=76 submit_us=36 present_us=197 terrain_lod=high blend=0.000 quality=中画质 marker=21 npc=896
[2026-08-15T10:50:51Z INFO  steel_front::engine::game] ai: npcs=128 near=6 far=122 idle=0 patrol=0 chase=128 attack=0 tactics=[90, 38, 0, 0, 0, 0, 0, 0]
[2026-08-15T10:50:51Z INFO  steel_front::engine::game] game: wave=1 enemies=128 enemy_hp=100 hp=100/100 score=0 phys_us=0 ai_us=498 audio_us=20 net_us=0
[2026-08-15T10:50:51Z INFO  steel_front::engine::game] weapons: shot #5 (2 alive) [M1 Rifle]
[2026-08-15T10:50:51Z INFO  steel_front] cam: yaw=-17.3 pitch=0.2 dist=3.4 mode=FirstPerson cycle_us=2402 update_us=187 render_us=2214
[2026-08-15T10:50:52Z INFO  steel_front::engine::game] weapons: shot #6 (3 alive) [M1 Rifle]
[2026-08-15T10:50:52Z INFO  steel_front::engine::renderer] visible=65536/65536 near=65536 far=0 fps=322.2 frame_us=2640 cull_us=3 terrain_us=0 wait_fence_us=3197 acquire_us=0 record_us=16 submit_us=17 present_us=113 terrain_lod=high blend=0.000 quality=中画质 marker=23 npc=896
[2026-08-15T10:50:52Z INFO  steel_front::engine::game] ai: npcs=128 near=6 far=122 idle=0 patrol=0 chase=128 attack=0 tactics=[90, 38, 0, 0, 0, 0, 0, 0]
[2026-08-15T10:50:52Z INFO  steel_front::engine::game] game: wave=1 enemies=128 enemy_hp=100 hp=100/100 score=0 phys_us=0 ai_us=444 audio_us=14 net_us=0
[2026-08-15T10:50:52Z INFO  steel_front::engine::game] explosion: at (53.6, 0.4, -229.6) radius=8 dmg=60 knockback=true
[2026-08-15T10:50:52Z INFO  steel_front::engine::game] weapons: shot #7 (3 alive) [M1 Rifle]
[2026-08-15T10:50:52Z INFO  steel_front] cam: yaw=-14.4 pitch=0.2 dist=3.4 mode=FirstPerson cycle_us=2704 update_us=122 render_us=2581
[2026-08-15T10:50:53Z INFO  steel_front::engine::renderer] visible=65536/65536 near=65536 far=0 fps=324.1 frame_us=2060 cull_us=4 terrain_us=0 wait_fence_us=3144 acquire_us=0 record_us=35 submit_us=36 present_us=167 terrain_lod=high blend=0.000 quality=中画质 marker=21 npc=896
[2026-08-15T10:50:53Z INFO  steel_front::engine::game] weapons: shot #8 (4 alive) [M1 Rifle]
[2026-08-15T10:50:53Z INFO  steel_front::engine::game] ai: npcs=128 near=10 far=118 idle=0 patrol=0 chase=128 attack=0 tactics=[90, 38, 0, 0, 0, 0, 0, 0]
[2026-08-15T10:50:53Z INFO  steel_front::engine::game] game: wave=1 enemies=128 enemy_hp=100 hp=100/100 score=0 phys_us=0 ai_us=440 audio_us=35 net_us=0
[2026-08-15T10:50:53Z INFO  steel_front] cam: yaw=-11.3 pitch=0.1 dist=3.4 mode=FirstPerson cycle_us=2235 update_us=162 render_us=2073
[2026-08-15T10:50:54Z INFO  steel_front::engine::game] weapons: shot #9 (5 alive) [M1 Rifle]
[2026-08-15T10:50:54Z INFO  steel_front::engine::renderer] visible=65536/65536 near=65536 far=0 fps=325.8 frame_us=2003 cull_us=3 terrain_us=0 wait_fence_us=3237 acquire_us=1 record_us=16 submit_us=17 present_us=101 terrain_lod=high blend=0.000 quality=中画质 marker=21 npc=896
[2026-08-15T10:50:54Z INFO  steel_front::engine::game] ai: npcs=128 near=14 far=114 idle=0 patrol=0 chase=128 attack=0 tactics=[90, 38, 0, 0, 0, 0, 0, 0]
[2026-08-15T10:50:54Z INFO  steel_front::engine::game] game: wave=1 enemies=128 enemy_hp=100 hp=100/100 score=0 phys_us=0 ai_us=477 audio_us=23 net_us=0
[2026-08-15T10:50:54Z INFO  steel_front::engine::game] weapons: shot #10 (6 alive) [M1 Rifle]
[2026-08-15T10:50:54Z INFO  steel_front] cam: yaw=-7.1 pitch=0.1 dist=3.4 mode=FirstPerson cycle_us=3676 update_us=147 render_us=3529
[2026-08-15T10:50:54Z INFO  steel_front::engine::game] explosion: at (61.2, 1.6, -241.5) radius=8 dmg=60 knockback=true
[2026-08-15T10:50:55Z INFO  steel_front::engine::game] weapons: shot #11 (6 alive) [M1 Rifle]
[2026-08-15T10:50:55Z INFO  steel_front::engine::renderer] visible=65536/65536 near=65536 far=0 fps=316.6 frame_us=2118 cull_us=3 terrain_us=328 wait_fence_us=2738 acquire_us=1 record_us=22 submit_us=21 present_us=141 terrain_lod=high blend=0.015 quality=中画质 marker=22 npc=896
[2026-08-15T10:50:55Z INFO  steel_front::engine::game] ai: npcs=128 near=17 far=111 idle=0 patrol=0 chase=128 attack=0 tactics=[90, 38, 0, 0, 0, 0, 0, 0]
[2026-08-15T10:50:55Z INFO  steel_front::engine::game] game: wave=1 enemies=128 enemy_hp=100 hp=100/100 score=0 phys_us=0 ai_us=426 audio_us=25 net_us=0
[2026-08-15T10:50:55Z INFO  steel_front::engine::game] explosion: at (55.9, -0.7, -247.0) radius=8 dmg=60 knockback=true
[2026-08-15T10:50:55Z INFO  steel_front::engine::game] weapons: shot #12 (6 alive) [M1 Rifle]
[2026-08-15T10:50:55Z INFO  steel_front] cam: yaw=-4.5 pitch=0.5 dist=3.4 mode=FirstPerson cycle_us=2931 update_us=103 render_us=2828
[2026-08-15T10:50:56Z INFO  steel_front::engine::game] explosion: at (52.8, 0.7, -250.6) radius=8 dmg=60 knockback=true
[2026-08-15T10:50:56Z INFO  steel_front::engine::game] weapons: shot #13 (6 alive) [M1 Rifle]
[2026-08-15T10:50:56Z INFO  steel_front::engine::renderer] visible=65536/65536 near=65536 far=0 fps=310.5 frame_us=3427 cull_us=2 terrain_us=277 wait_fence_us=2362 acquire_us=0 record_us=16 submit_us=27 present_us=127 terrain_lod=high blend=0.127 quality=中画质 marker=25 npc=896
[2026-08-15T10:50:56Z INFO  steel_front::engine::game] ai: npcs=128 near=21 far=107 idle=0 patrol=0 chase=128 attack=0 tactics=[90, 38, 0, 0, 0, 0, 0, 0]
[2026-08-15T10:50:56Z INFO  steel_front::engine::game] game: wave=1 enemies=128 enemy_hp=100 hp=100/100 score=0 phys_us=0 ai_us=423 audio_us=25 net_us=0
[2026-08-15T10:50:56Z INFO  steel_front::engine::game] explosion: at (46.1, 0.9, -256.4) radius=8 dmg=60 knockback=true
[2026-08-15T10:50:56Z INFO  steel_front::engine::game] weapons: shot #14 (6 alive) [M1 Rifle]
[2026-08-15T10:50:56Z INFO  steel_front] cam: yaw=-0.5 pitch=-0.0 dist=3.4 mode=FirstPerson cycle_us=2308 update_us=92 render_us=2216
[2026-08-15T10:50:57Z INFO  steel_front::engine::game] weapons: shot #15 (7 alive) [M1 Rifle]
[2026-08-15T10:50:57Z INFO  steel_front::engine::renderer] visible=65536/65536 near=65536 far=0 fps=310.7 frame_us=2874 cull_us=3 terrain_us=266 wait_fence_us=1188 acquire_us=0 record_us=17 submit_us=21 present_us=100 terrain_lod=high blend=0.314 quality=中画质 marker=23 npc=896
[2026-08-15T10:50:57Z INFO  steel_front::engine::game] explosion: at (40.1, 0.8, -262.0) radius=8 dmg=60 knockback=true
[2026-08-15T10:50:57Z INFO  steel_front::engine::game] ai: npcs=128 near=25 far=103 idle=0 patrol=0 chase=128 attack=0 tactics=[90, 38, 0, 0, 0, 0, 0, 0]
[2026-08-15T10:50:57Z INFO  steel_front::engine::game] game: wave=1 enemies=128 enemy_hp=100 hp=100/100 score=0 phys_us=0 ai_us=445 audio_us=24 net_us=0
[2026-08-15T10:50:57Z INFO  steel_front::engine::game] weapons: shot #16 (7 alive) [M1 Rifle]
[2026-08-15T10:50:57Z INFO  steel_front] cam: yaw=0.3 pitch=0.4 dist=3.4 mode=FirstPerson cycle_us=3458 update_us=174 render_us=3284
[2026-08-15T10:50:58Z INFO  steel_front::engine::game] explosion: at (32.7, 0.2, -267.3) radius=8 dmg=60 knockback=true
