[2026-08-15T10:46:58Z INFO  steel_front] ========================================
[2026-08-15T10:46:58Z INFO  steel_front]   钢铁前线 (Steel Front) v0.1.0
[2026-08-15T10:46:58Z INFO  steel_front]   二战FPS游戏引擎 - Rust + Vulkan
[2026-08-15T10:46:58Z INFO  steel_front] ========================================
[2026-08-15T10:46:58Z INFO  steel_front::engine::cpu] cpu: vendor=Amd threads=32 primary=[0, 1, 2, 3, 4, 5, 6, 7, 8, 9, 10, 11, 12, 13, 14, 15] secondary=[16, 17, 18, 19, 20, 21, 22, 23, 24, 25, 26, 27, 28, 29, 30, 31] e_cores=0 avx2=true avx512=true scene_set=[0, 1, 2, 3, 4, 5, 6, 7, 8, 9, 10, 11, 12, 13, 14, 15] ai_set=[16, 17, 18, 19, 20, 21, 22, 23, 24, 25, 26, 27, 28, 29, 30, 31] physical_primary=[0, 1, 2, 3, 4, 5, 6, 7, 8, 9, 10, 11, 12, 13, 14, 15] physical_secondary=[16, 17, 18, 19, 20, 21, 22, 23, 24, 25, 26, 27, 28, 29, 30, 31] smt=[]
[2026-08-15T10:46:58Z INFO  steel_front::engine::cpu] cpu: 非 Linux 平台，跳过线程手工绑定（交给系统调度）
[2026-08-15T10:46:58Z INFO  steel_front::engine::cpu] cpu: ai_pool 创建（8 工作线程，绑定 vCPU [16, 17, 18, 19, 20, 21, 22, 23, 24, 25, 26, 27, 28, 29, 30, 31]）
[2026-08-15T10:46:58Z INFO  steel_front::engine::game] map: level 1 generated: 20 obstacle bodies (wall=20 block=0 barrier=0), 60 grid cells blocked
[2026-08-15T10:46:58Z INFO  steel_front] 显示器: 2560x1600 aspect=1.600
[2026-08-15T10:46:58Z INFO  steel_front] 默认分辨率: 1280x800
[2026-08-15T10:46:58Z INFO  steel_front] 窗口创建成功: 1280x800
[2026-08-15T10:46:58Z WARN  steel_front::engine::renderer] 验证层不可用，将不使用
[2026-08-15T10:46:58Z INFO  steel_front::engine::renderer] 选择物理设备: NVIDIA GeForce RTX 5060 Laptop GPU
[2026-08-15T10:46:58Z INFO  steel_front::engine::gpu_caps] gpu-caps: 设备 NVIDIA GeForce RTX 5060 Laptop GPU 硬件能力探测（WSLg/dzn 视角）
[2026-08-15T10:46:58Z INFO  steel_front::engine::gpu_caps] gpu-caps: 可用 device 扩展 280 个
[2026-08-15T10:46:58Z INFO  steel_front::engine::gpu_caps] gpu-caps: -- 光追扩展 --
[2026-08-15T10:46:58Z INFO  steel_front::engine::gpu_caps] gpu-caps:   VK_KHR_ray_tracing_pipeline = true
[2026-08-15T10:46:58Z INFO  steel_front::engine::gpu_caps] gpu-caps:   VK_KHR_acceleration_structure = true
[2026-08-15T10:46:58Z INFO  steel_front::engine::gpu_caps] gpu-caps:   VK_KHR_ray_query = true
[2026-08-15T10:46:58Z INFO  steel_front::engine::gpu_caps] gpu-caps:   VK_KHR_deferred_host_operations = true
[2026-08-15T10:46:58Z INFO  steel_front::engine::gpu_caps] gpu-caps:   VK_KHR_buffer_device_address = true
[2026-08-15T10:46:58Z INFO  steel_front::engine::gpu_caps] gpu-caps:   VK_KHR_ray_tracing_position_fetch = true
[2026-08-15T10:46:58Z INFO  steel_front::engine::gpu_caps] gpu-caps:   VK_NV_ray_tracing = true
[2026-08-15T10:46:58Z INFO  steel_front::engine::gpu_caps] gpu-caps: -- Tensor Core / 协作矩阵 --
[2026-08-15T10:46:58Z INFO  steel_front::engine::gpu_caps] gpu-caps:   VK_KHR_cooperative_matrix = true
[2026-08-15T10:46:58Z INFO  steel_front::engine::gpu_caps] gpu-caps:   VK_NV_cooperative_matrix = true
[2026-08-15T10:46:58Z INFO  steel_front::engine::gpu_caps] gpu-caps:   VK_NV_compute_shader_derivatives = true
[2026-08-15T10:46:58Z INFO  steel_front::engine::gpu_caps] gpu-caps: -- DLSS / NVIDIA 私有 --
[2026-08-15T10:46:58Z INFO  steel_front::engine::gpu_caps] gpu-caps:   VK_NVX_image_view_handle = true
[2026-08-15T10:46:58Z INFO  steel_front::engine::gpu_caps] gpu-caps:   VK_NVX_binary_import = true
[2026-08-15T10:46:58Z INFO  steel_front::engine::gpu_caps] gpu-caps:   VK_NV_cuda_kernel = true
[2026-08-15T10:46:58Z INFO  steel_front::engine::gpu_caps] gpu-caps:   VK_NV_external_memory = true
[2026-08-15T10:46:58Z INFO  steel_front::engine::gpu_caps] gpu-caps: -- 其它新特性 --
[2026-08-15T10:46:58Z INFO  steel_front::engine::gpu_caps] gpu-caps:   VK_EXT_mesh_shader = true
[2026-08-15T10:46:58Z INFO  steel_front::engine::gpu_caps] gpu-caps:   VK_KHR_shader_object = false
[2026-08-15T10:46:58Z INFO  steel_front::engine::gpu_caps] gpu-caps:   VK_KHR_dynamic_rendering = true
[2026-08-15T10:46:58Z INFO  steel_front::engine::gpu_caps] gpu-caps: RT 特性 ray_tracing_pipeline=true acceleration_structure=true buffer_device_address=true ray_query=true
[2026-08-15T10:46:58Z INFO  steel_front::engine::gpu_caps] gpu-caps: RT 管线属性 shaderGroupHandleSize=32B maxRecursionDepth=31 maxRayDispatchInvocationCount=1073741824
[2026-08-15T10:46:59Z INFO  steel_front::engine::gpu_caps] gpu-caps: 【结论】光追探测 device 创建成功 → RT Core 路径可用（dzn→DXR）
[2026-08-15T10:46:59Z INFO  steel_front::engine::gpu_caps] gpu-caps: CUDA 直通（Tensor Core 可编程访问）=false（libcuda in /usr/lib/wsl/lib）
[2026-08-15T10:46:59Z INFO  steel_front::engine::gpu_caps] gpu-caps: 【结论】Vulkan-DLSS（NVIDIA 私有扩展）=true；可直接接 DLSS SDK
[2026-08-15T10:46:59Z INFO  steel_front::engine::renderer] VK_EXT_mesh_shader 可用：启用可选网格着色器渲染路径
[2026-08-15T10:46:59Z INFO  steel_front::engine::renderer] 交换链初始化完成: 1280x800, 格式: B8G8R8A8_SRGB, 图像数: 3, present_mode: MAILBOX
[2026-08-15T10:46:59Z INFO  steel_front::engine::renderer] 实例缓冲创建完成: 65536 个实例，stride 80 字节，2 帧双缓冲 HOST_VISIBLE|HOST_COHERENT（每帧压缩上传）
[2026-08-15T10:46:59Z INFO  steel_front::engine::renderer] instances=65536 draw_calls=1
[2026-08-15T10:46:59Z INFO  steel_front::engine::renderer] 深度缓冲创建完成: 3 张 1280x800 D32_SFLOAT
[2026-08-15T10:46:59Z INFO  steel_front::engine::renderer] Descriptor Set Layout: binding 0 = UBO(view/proj), binding 1 = 贴图, binding 2 = 实例 STORAGE_BUFFER, binding 3 = 采样器
[2026-08-15T10:46:59Z INFO  steel_front::engine::renderer] Descriptor 初始化完成（2 帧）
[2026-08-15T10:46:59Z INFO  steel_front::engine::renderer] 远档 LOD 几何创建完成: 8 顶点 / 12 索引（十字双 quad）
[2026-08-15T10:46:59Z INFO  steel_front::engine::renderer] 地面平铺 quad 几何创建完成: 4 顶点 / 6 索引（无侧壁）
[2026-08-15T10:46:59Z INFO  steel_front::engine::renderer] 地形 LOD[0] 创建完成: 66049 顶点 / 393216 索引（257×257 网格，间距 2）
[2026-08-15T10:46:59Z INFO  steel_front::engine::renderer] 地形 LOD[1] 创建完成: 16641 顶点 / 98304 索引（129×129 网格，间距 4）
[2026-08-15T10:46:59Z INFO  steel_front::engine::renderer] 地形 LOD[2] 创建完成: 4225 顶点 / 24576 索引（65×65 网格，间距 8）
[2026-08-15T10:46:59Z INFO  steel_front::engine::renderer] 地形 3 级 LOD 全部创建完成（高/中/低）
[2026-08-15T10:46:59Z INFO  steel_front::engine::renderer] 图形管线创建完成
[2026-08-15T10:46:59Z INFO  steel_front::engine::renderer] 网格着色器 maxMeshWorkGroupCount[0] = 4194304（地面场 65536 按此分块）
[2026-08-15T10:46:59Z INFO  steel_front::engine::renderer] 网格着色器管线创建完成（VK_EXT_mesh_shader）
[2026-08-15T10:46:59Z INFO  steel_front::engine::renderer] HUD 覆盖层初始化完成（独立 pipeline，容量 4096 quads）
[2026-08-15T10:46:59Z INFO  steel_front::engine::renderer] 纹理初始化完成: 512x512（10 mip，来源=程序化地面材质）
[2026-08-15T10:46:59Z INFO  steel_front::engine::renderer] 程序化皮肤纹理初始化完成: 512x512（marker=木板墙, npc=迷彩军服, RV3D_SKIN_TEX=off（纯色回退））
[2026-08-15T10:46:59Z INFO  steel_front::engine::renderer] 阴影贴图资源创建完成: 2048x2048 D32_SFLOAT
[2026-08-15T10:46:59Z INFO  steel_front::engine::renderer] 阴影 depth-only 管线创建完成
[2026-08-15T10:46:59Z INFO  steel_front] Vulkan 渲染器初始化成功
[2026-08-15T10:46:59Z INFO  steel_front] settings: 分辨率保持 1280x800
[2026-08-15T10:46:59Z INFO  steel_front] settings: 应用画质 中画质
[2026-08-15T10:46:59Z INFO  steel_front::engine::renderer] 画质预设已切换: 中画质
[2026-08-15T10:46:59Z INFO  steel_front] 窗口大小变化: 1898x1061
[2026-08-15T10:46:59Z INFO  steel_front::engine::renderer] 交换链初始化完成: 1280x800, 格式: B8G8R8A8_SRGB, 图像数: 3, present_mode: MAILBOX
[2026-08-15T10:46:59Z INFO  steel_front::engine::renderer] 深度缓冲创建完成: 3 张 1280x800 D32_SFLOAT
[2026-08-15T10:46:59Z INFO  steel_front] 窗口大小变化: 1280x800
[2026-08-15T10:46:59Z INFO  steel_front::engine::renderer] 交换链初始化完成: 1280x800, 格式: B8G8R8A8_SRGB, 图像数: 3, present_mode: MAILBOX
[2026-08-15T10:46:59Z INFO  steel_front::engine::renderer] 深度缓冲创建完成: 3 张 1280x800 D32_SFLOAT
[2026-08-15T10:46:59Z INFO  steel_front] 窗口大小变化: 1280x800
[2026-08-15T10:46:59Z INFO  steel_front::engine::renderer] 交换链初始化完成: 1280x800, 格式: B8G8R8A8_SRGB, 图像数: 3, present_mode: MAILBOX
[2026-08-15T10:46:59Z INFO  steel_front::engine::renderer] 深度缓冲创建完成: 3 张 1280x800 D32_SFLOAT
[2026-08-15T10:46:59Z INFO  steel_front] cam: yaw=0.0 pitch=0.0 dist=3.4 mode=FirstPerson cycle_us=2083 update_us=14 render_us=2068
[2026-08-15T10:47:00Z INFO  steel_front::engine::renderer] visible=65536/65536 near=65536 far=0 fps=261.9 frame_us=3350 cull_us=0 terrain_us=0 wait_fence_us=2593 acquire_us=0 record_us=18 submit_us=21 present_us=122 terrain_lod=high blend=0.000 quality=中画质 marker=20 npc=56
[2026-08-15T10:47:00Z INFO  steel_front::engine::game] ai: npcs=8 near=8 far=0 idle=0 patrol=0 chase=8 attack=0 tactics=[8, 0, 0, 0, 0, 0, 0, 0]
[2026-08-15T10:47:00Z INFO  steel_front::engine::game] game: wave=1 enemies=8 enemy_hp=100 hp=100/100 score=0 phys_us=2 ai_us=456 audio_us=7 net_us=0
[2026-08-15T10:47:00Z INFO  steel_front] cam: yaw=0.0 pitch=0.0 dist=3.4 mode=FirstPerson cycle_us=3460 update_us=29 render_us=3431
[2026-08-15T10:47:01Z INFO  steel_front::engine::renderer] visible=65536/65536 near=65536 far=0 fps=321.4 frame_us=2963 cull_us=0 terrain_us=0 wait_fence_us=3434 acquire_us=0 record_us=20 submit_us=36 present_us=110 terrain_lod=high blend=0.000 quality=中画质 marker=20 npc=56
[2026-08-15T10:47:01Z INFO  steel_front::engine::game] ai: npcs=8 near=8 far=0 idle=0 patrol=0 chase=8 attack=0 tactics=[8, 0, 0, 0, 0, 0, 0, 0]
[2026-08-15T10:47:01Z INFO  steel_front::engine::game] game: wave=1 enemies=8 enemy_hp=100 hp=100/100 score=0 phys_us=2 ai_us=370 audio_us=16 net_us=0
[2026-08-15T10:47:01Z INFO  steel_front] cam: yaw=0.0 pitch=0.0 dist=3.4 mode=FirstPerson cycle_us=2968 update_us=41 render_us=2927
[2026-08-15T10:47:02Z INFO  steel_front::engine::renderer] visible=65536/65536 near=65536 far=0 fps=320.5 frame_us=1890 cull_us=0 terrain_us=0 wait_fence_us=2037 acquire_us=1 record_us=17 submit_us=13 present_us=93 terrain_lod=high blend=0.000 quality=中画质 marker=20 npc=56
[2026-08-15T10:47:02Z INFO  steel_front::engine::game] ai: npcs=8 near=8 far=0 idle=0 patrol=0 chase=8 attack=0 tactics=[8, 0, 0, 0, 0, 0, 0, 0]
[2026-08-15T10:47:02Z INFO  steel_front::engine::game] game: wave=1 enemies=8 enemy_hp=100 hp=100/100 score=0 phys_us=1 ai_us=435 audio_us=12 net_us=0
[2026-08-15T10:47:02Z INFO  steel_front] cam: yaw=0.0 pitch=0.0 dist=3.4 mode=FirstPerson cycle_us=2767 update_us=21 render_us=2745
[2026-08-15T10:47:03Z INFO  steel_front::engine::renderer] visible=65536/65536 near=65536 far=0 fps=319.4 frame_us=3762 cull_us=0 terrain_us=0 wait_fence_us=4545 acquire_us=0 record_us=16 submit_us=17 present_us=112 terrain_lod=high blend=0.000 quality=中画质 marker=20 npc=56
[2026-08-15T10:47:03Z INFO  steel_front::engine::game] ai: npcs=8 near=8 far=0 idle=0 patrol=0 chase=8 attack=0 tactics=[8, 0, 0, 0, 0, 0, 0, 0]
[2026-08-15T10:47:03Z INFO  steel_front::engine::game] game: wave=1 enemies=8 enemy_hp=100 hp=100/100 score=0 phys_us=1 ai_us=386 audio_us=17 net_us=0
[2026-08-15T10:47:03Z INFO  steel_front] cam: yaw=0.0 pitch=0.0 dist=3.4 mode=FirstPerson cycle_us=3918 update_us=22 render_us=3896
[2026-08-15T10:47:04Z INFO  steel_front::engine::renderer] visible=65536/65536 near=65536 far=0 fps=320.8 frame_us=3517 cull_us=0 terrain_us=0 wait_fence_us=4436 acquire_us=0 record_us=16 submit_us=17 present_us=126 terrain_lod=high blend=0.000 quality=中画质 marker=20 npc=56
[2026-08-15T10:47:04Z INFO  steel_front::engine::game] ai: npcs=8 near=8 far=0 idle=0 patrol=0 chase=8 attack=0 tactics=[8, 0, 0, 0, 0, 0, 0, 0]
[2026-08-15T10:47:04Z INFO  steel_front::engine::game] game: wave=1 enemies=8 enemy_hp=100 hp=100/100 score=0 phys_us=2 ai_us=764 audio_us=24 net_us=0
[2026-08-15T10:47:04Z INFO  steel_front] cam: yaw=0.0 pitch=0.0 dist=3.4 mode=FirstPerson cycle_us=3453 update_us=33 render_us=3419
[2026-08-15T10:47:05Z INFO  steel_front::engine::renderer] visible=65536/65536 near=65536 far=0 fps=320.7 frame_us=2167 cull_us=0 terrain_us=0 wait_fence_us=2262 acquire_us=0 record_us=16 submit_us=17 present_us=99 terrain_lod=high blend=0.000 quality=中画质 marker=20 npc=56
[2026-08-15T10:47:05Z INFO  steel_front::engine::game] ai: npcs=8 near=8 far=0 idle=0 patrol=0 chase=8 attack=0 tactics=[8, 0, 0, 0, 0, 0, 0, 0]
[2026-08-15T10:47:05Z INFO  steel_front::engine::game] game: wave=1 enemies=8 enemy_hp=100 hp=100/100 score=0 phys_us=1 ai_us=327 audio_us=20 net_us=0
[2026-08-15T10:47:05Z INFO  steel_front] cam: yaw=0.0 pitch=0.0 dist=3.4 mode=FirstPerson cycle_us=3425 update_us=36 render_us=3389
[2026-08-15T10:47:06Z INFO  steel_front::engine::renderer] visible=65536/65536 near=65536 far=0 fps=320.7 frame_us=2298 cull_us=1 terrain_us=0 wait_fence_us=1796 acquire_us=1 record_us=33 submit_us=30 present_us=203 terrain_lod=high blend=0.000 quality=中画质 marker=20 npc=56
[2026-08-15T10:47:06Z INFO  steel_front::engine::game] ai: npcs=8 near=8 far=0 idle=0 patrol=0 chase=8 attack=0 tactics=[8, 0, 0, 0, 0, 0, 0, 0]
[2026-08-15T10:47:06Z INFO  steel_front::engine::game] game: wave=1 enemies=8 enemy_hp=100 hp=100/100 score=0 phys_us=1 ai_us=448 audio_us=20 net_us=0
[2026-08-15T10:47:06Z INFO  steel_front] cam: yaw=0.0 pitch=0.0 dist=3.4 mode=FirstPerson cycle_us=2330 update_us=14 render_us=2316
[2026-08-15T10:47:07Z INFO  steel_front::engine::renderer] visible=65536/65536 near=65536 far=0 fps=319.9 frame_us=2824 cull_us=0 terrain_us=0 wait_fence_us=3438 acquire_us=0 record_us=15 submit_us=21 present_us=201 terrain_lod=high blend=0.000 quality=中画质 marker=20 npc=56
[2026-08-15T10:47:07Z INFO  steel_front::engine::game] ai: npcs=8 near=8 far=0 idle=0 patrol=0 chase=8 attack=0 tactics=[8, 0, 0, 0, 0, 0, 0, 0]
[2026-08-15T10:47:07Z INFO  steel_front::engine::game] game: wave=1 enemies=8 enemy_hp=100 hp=100/100 score=0 phys_us=0 ai_us=326 audio_us=18 net_us=0
[2026-08-15T10:47:07Z INFO  steel_front] cam: yaw=0.0 pitch=0.0 dist=3.4 mode=FirstPerson cycle_us=3487 update_us=29 render_us=3458
[2026-08-15T10:47:08Z INFO  steel_front::engine::renderer] visible=65536/65536 near=65536 far=0 fps=321.3 frame_us=2915 cull_us=0 terrain_us=0 wait_fence_us=3349 acquire_us=0 record_us=15 submit_us=13 present_us=90 terrain_lod=high blend=0.000 quality=中画质 marker=20 npc=56
[2026-08-15T10:47:08Z INFO  steel_front::engine::game] ai: npcs=8 near=8 far=0 idle=0 patrol=0 chase=8 attack=0 tactics=[8, 0, 0, 0, 0, 0, 0, 0]
[2026-08-15T10:47:08Z INFO  steel_front::engine::game] game: wave=1 enemies=8 enemy_hp=100 hp=100/100 score=0 phys_us=1 ai_us=453 audio_us=8 net_us=0
[2026-08-15T10:47:08Z INFO  steel_front] cam: yaw=0.0 pitch=0.0 dist=3.4 mode=FirstPerson cycle_us=3798 update_us=17 render_us=3780
[2026-08-15T10:47:09Z INFO  steel_front::engine::renderer] visible=65536/65536 near=65536 far=0 fps=320.6 frame_us=2337 cull_us=0 terrain_us=0 wait_fence_us=3306 acquire_us=1 record_us=41 submit_us=39 present_us=330 terrain_lod=high blend=0.000 quality=中画质 marker=20 npc=56
[2026-08-15T10:47:09Z INFO  steel_front::engine::game] ai: npcs=8 near=8 far=0 idle=0 patrol=0 chase=8 attack=0 tactics=[8, 0, 0, 0, 0, 0, 0, 0]
[2026-08-15T10:47:09Z INFO  steel_front::engine::game] game: wave=1 enemies=8 enemy_hp=100 hp=100/100 score=0 phys_us=0 ai_us=346 audio_us=32 net_us=0
[2026-08-15T10:47:09Z INFO  steel_front] cam: yaw=0.0 pitch=0.0 dist=3.4 mode=FirstPerson cycle_us=3751 update_us=36 render_us=3714
[2026-08-15T10:47:10Z INFO  steel_front::engine::renderer] visible=65536/65536 near=65536 far=0 fps=320.0 frame_us=3536 cull_us=0 terrain_us=0 wait_fence_us=2393 acquire_us=0 record_us=28 submit_us=33 present_us=148 terrain_lod=high blend=0.000 quality=中画质 marker=20 npc=56
[2026-08-15T10:47:10Z INFO  steel_front::engine::game] ai: npcs=8 near=8 far=0 idle=0 patrol=0 chase=8 attack=0 tactics=[8, 0, 0, 0, 0, 0, 0, 0]
[2026-08-15T10:47:10Z INFO  steel_front::engine::game] game: wave=1 enemies=8 enemy_hp=100 hp=100/100 score=0 phys_us=0 ai_us=325 audio_us=14 net_us=0
[2026-08-15T10:47:10Z INFO  steel_front] cam: yaw=0.0 pitch=0.0 dist=3.4 mode=FirstPerson cycle_us=3567 update_us=38 render_us=3529
[2026-08-15T10:47:11Z INFO  steel_front::engine::renderer] visible=65536/65536 near=65536 far=0 fps=319.7 frame_us=2754 cull_us=0 terrain_us=0 wait_fence_us=3422 acquire_us=0 record_us=38 submit_us=33 present_us=127 terrain_lod=high blend=0.000 quality=中画质 marker=20 npc=56
[2026-08-15T10:47:11Z INFO  steel_front::engine::game] ai: npcs=8 near=8 far=0 idle=0 patrol=0 chase=8 attack=0 tactics=[8, 0, 0, 0, 0, 0, 0, 0]
[2026-08-15T10:47:11Z INFO  steel_front::engine::game] game: wave=1 enemies=8 enemy_hp=100 hp=100/100 score=0 phys_us=0 ai_us=326 audio_us=16 net_us=0
[2026-08-15T10:47:11Z INFO  steel_front] cam: yaw=0.0 pitch=0.0 dist=3.4 mode=FirstPerson cycle_us=5457 update_us=33 render_us=5424
[2026-08-15T10:47:12Z INFO  steel_front::engine::renderer] visible=65536/65536 near=65536 far=0 fps=320.4 frame_us=2318 cull_us=0 terrain_us=0 wait_fence_us=3174 acquire_us=0 record_us=35 submit_us=31 present_us=194 terrain_lod=high blend=0.000 quality=中画质 marker=20 npc=56
[2026-08-15T10:47:12Z INFO  steel_front::engine::game] ai: npcs=8 near=8 far=0 idle=0 patrol=0 chase=8 attack=0 tactics=[8, 0, 0, 0, 0, 0, 0, 0]
[2026-08-15T10:47:12Z INFO  steel_front::engine::game] game: wave=1 enemies=8 enemy_hp=100 hp=100/100 score=0 phys_us=1 ai_us=439 audio_us=23 net_us=0
[2026-08-15T10:47:12Z INFO  steel_front] cam: yaw=0.0 pitch=0.0 dist=3.4 mode=FirstPerson cycle_us=3444 update_us=33 render_us=3410
[2026-08-15T10:47:13Z INFO  steel_front::engine::renderer] visible=65536/65536 near=65536 far=0 fps=315.8 frame_us=4671 cull_us=0 terrain_us=0 wait_fence_us=1754 acquire_us=0 record_us=36 submit_us=33 present_us=215 terrain_lod=high blend=0.000 quality=中画质 marker=20 npc=56
[2026-08-15T10:47:13Z INFO  steel_front::engine::game] ai: npcs=8 near=8 far=0 idle=0 patrol=0 chase=8 attack=0 tactics=[8, 0, 0, 0, 0, 0, 0, 0]
[2026-08-15T10:47:13Z INFO  steel_front::engine::game] game: wave=1 enemies=8 enemy_hp=100 hp=100/100 score=0 phys_us=0 ai_us=424 audio_us=11 net_us=0
[2026-08-15T10:47:13Z INFO  steel_front] cam: yaw=0.0 pitch=0.0 dist=3.4 mode=FirstPerson cycle_us=2652 update_us=16 render_us=2635
[2026-08-15T10:47:14Z INFO  steel_front::engine::renderer] visible=65536/65536 near=65536 far=0 fps=320.0 frame_us=2955 cull_us=0 terrain_us=0 wait_fence_us=3321 acquire_us=0 record_us=15 submit_us=14 present_us=93 terrain_lod=high blend=0.000 quality=中画质 marker=20 npc=56
[2026-08-15T10:47:14Z INFO  steel_front::engine::game] ai: npcs=8 near=8 far=0 idle=0 patrol=0 chase=8 attack=0 tactics=[8, 0, 0, 0, 0, 0, 0, 0]
[2026-08-15T10:47:14Z INFO  steel_front::engine::game] game: wave=1 enemies=8 enemy_hp=100 hp=100/100 score=0 phys_us=0 ai_us=349 audio_us=10 net_us=0
[2026-08-15T10:47:14Z INFO  steel_front] cam: yaw=0.0 pitch=0.0 dist=3.4 mode=FirstPerson cycle_us=2852 update_us=46 render_us=2806
[2026-08-15T10:47:15Z INFO  steel_front::engine::renderer] visible=65536/65536 near=65536 far=0 fps=319.7 frame_us=3518 cull_us=0 terrain_us=0 wait_fence_us=2607 acquire_us=0 record_us=16 submit_us=18 present_us=118 terrain_lod=high blend=0.000 quality=中画质 marker=20 npc=56
[2026-08-15T10:47:15Z INFO  steel_front::engine::game] ai: npcs=8 near=8 far=0 idle=0 patrol=0 chase=8 attack=0 tactics=[8, 0, 0, 0, 0, 0, 0, 0]
[2026-08-15T10:47:15Z INFO  steel_front::engine::game] game: wave=1 enemies=8 enemy_hp=100 hp=100/100 score=0 phys_us=0 ai_us=407 audio_us=21 net_us=0
[2026-08-15T10:47:15Z INFO  steel_front] cam: yaw=0.0 pitch=0.0 dist=3.4 mode=FirstPerson cycle_us=2742 update_us=25 render_us=2716
[2026-08-15T10:47:16Z INFO  steel_front::engine::renderer] visible=65536/65536 near=65536 far=0 fps=321.5 frame_us=3294 cull_us=0 terrain_us=0 wait_fence_us=2358 acquire_us=0 record_us=19 submit_us=26 present_us=138 terrain_lod=high blend=0.000 quality=中画质 marker=20 npc=56
[2026-08-15T10:47:16Z INFO  steel_front::engine::game] ai: npcs=8 near=8 far=0 idle=0 patrol=0 chase=8 attack=0 tactics=[8, 0, 0, 0, 0, 0, 0, 0]
[2026-08-15T10:47:16Z INFO  steel_front::engine::game] game: wave=1 enemies=8 enemy_hp=100 hp=100/100 score=0 phys_us=2 ai_us=427 audio_us=26 net_us=0
[2026-08-15T10:47:16Z INFO  steel_front] cam: yaw=0.0 pitch=0.0 dist=3.4 mode=FirstPerson cycle_us=3592 update_us=18 render_us=3573
[2026-08-15T10:47:17Z INFO  steel_front::engine::renderer] visible=65536/65536 near=65536 far=0 fps=318.9 frame_us=2878 cull_us=0 terrain_us=0 wait_fence_us=3001 acquire_us=1 record_us=48 submit_us=42 present_us=330 terrain_lod=high blend=0.000 quality=中画质 marker=20 npc=56
[2026-08-15T10:47:17Z INFO  steel_front::engine::game] ai: npcs=8 near=8 far=0 idle=0 patrol=0 chase=8 attack=0 tactics=[8, 0, 0, 0, 0, 0, 0, 0]
[2026-08-15T10:47:17Z INFO  steel_front::engine::game] game: wave=1 enemies=8 enemy_hp=100 hp=100/100 score=0 phys_us=1 ai_us=422 audio_us=13 net_us=0
[2026-08-15T10:47:17Z INFO  steel_front] cam: yaw=0.0 pitch=0.0 dist=3.4 mode=FirstPerson cycle_us=4241 update_us=11 render_us=4229
[2026-08-15T10:47:18Z INFO  steel_front::engine::renderer] visible=65536/65536 near=65536 far=0 fps=280.6 frame_us=3657 cull_us=1 terrain_us=0 wait_fence_us=4989 acquire_us=1 record_us=67 submit_us=59 present_us=372 terrain_lod=high blend=0.000 quality=中画质 marker=20 npc=56
[2026-08-15T10:47:18Z INFO  steel_front::engine::game] ai: npcs=8 near=8 far=0 idle=0 patrol=0 chase=8 attack=0 tactics=[8, 0, 0, 0, 0, 0, 0, 0]
[2026-08-15T10:47:18Z INFO  steel_front::engine::game] game: wave=1 enemies=8 enemy_hp=100 hp=100/100 score=0 phys_us=2 ai_us=792 audio_us=33 net_us=0
[2026-08-15T10:47:18Z INFO  steel_front] cam: yaw=0.0 pitch=0.0 dist=3.4 mode=FirstPerson cycle_us=4620 update_us=39 render_us=4581
[2026-08-15T10:47:19Z INFO  steel_front::engine::renderer] visible=65536/65536 near=65536 far=0 fps=258.5 frame_us=2139 cull_us=0 terrain_us=0 wait_fence_us=2384 acquire_us=1 record_us=32 submit_us=29 present_us=246 terrain_lod=high blend=0.000 quality=中画质 marker=20 npc=56
[2026-08-15T10:47:19Z INFO  steel_front::engine::game] ai: npcs=8 near=8 far=0 idle=0 patrol=0 chase=8 attack=0 tactics=[8, 0, 0, 0, 0, 0, 0, 0]
[2026-08-15T10:47:19Z INFO  steel_front::engine::game] game: wave=1 enemies=8 enemy_hp=100 hp=100/100 score=0 phys_us=1 ai_us=499 audio_us=21 net_us=0
[2026-08-15T10:47:19Z INFO  steel_front] cam: yaw=0.0 pitch=0.0 dist=3.4 mode=FirstPerson cycle_us=4100 update_us=22 render_us=4077
[2026-08-15T10:47:20Z INFO  steel_front::engine::renderer] visible=65536/65536 near=65536 far=0 fps=314.9 frame_us=2400 cull_us=0 terrain_us=0 wait_fence_us=3766 acquire_us=1 record_us=25 submit_us=25 present_us=162 terrain_lod=high blend=0.000 quality=中画质 marker=20 npc=56
[2026-08-15T10:47:20Z INFO  steel_front::engine::game] ai: npcs=8 near=8 far=0 idle=0 patrol=0 chase=8 attack=0 tactics=[8, 0, 0, 0, 0, 0, 0, 0]
[2026-08-15T10:47:20Z INFO  steel_front::engine::game] game: wave=1 enemies=8 enemy_hp=100 hp=100/100 score=0 phys_us=1 ai_us=307 audio_us=18 net_us=0
[2026-08-15T10:47:20Z INFO  steel_front] cam: yaw=0.0 pitch=0.0 dist=3.4 mode=FirstPerson cycle_us=3585 update_us=30 render_us=3555
