[2026-08-15T10:54:25Z INFO  steel_front] ========================================
[2026-08-15T10:54:25Z INFO  steel_front]   钢铁前线 (Steel Front) v0.1.0
[2026-08-15T10:54:25Z INFO  steel_front]   二战FPS游戏引擎 - Rust + Vulkan
[2026-08-15T10:54:25Z INFO  steel_front] ========================================
[2026-08-15T10:54:25Z INFO  steel_front::engine::cpu] cpu: vendor=Amd threads=32 primary=[0, 1, 2, 3, 4, 5, 6, 7, 8, 9, 10, 11, 12, 13, 14, 15] secondary=[16, 17, 18, 19, 20, 21, 22, 23, 24, 25, 26, 27, 28, 29, 30, 31] e_cores=0 avx2=true avx512=true scene_set=[0, 1, 2, 3, 4, 5, 6, 7, 8, 9, 10, 11, 12, 13, 14, 15] ai_set=[16, 17, 18, 19, 20, 21, 22, 23, 24, 25, 26, 27, 28, 29, 30, 31] physical_primary=[0, 1, 2, 3, 4, 5, 6, 7, 8, 9, 10, 11, 12, 13, 14, 15] physical_secondary=[16, 17, 18, 19, 20, 21, 22, 23, 24, 25, 26, 27, 28, 29, 30, 31] smt=[]
[2026-08-15T10:54:25Z INFO  steel_front::engine::cpu] cpu: 非 Linux 平台，跳过线程手工绑定（交给系统调度）
[2026-08-15T10:54:25Z INFO  steel_front::engine::cpu] cpu: ai_pool 创建（8 工作线程，绑定 vCPU [16, 17, 18, 19, 20, 21, 22, 23, 24, 25, 26, 27, 28, 29, 30, 31]）
[2026-08-15T10:54:25Z INFO  steel_front::engine::game] map: level 1 generated: 20 obstacle bodies (wall=20 block=0 barrier=0), 60 grid cells blocked
[2026-08-15T10:54:25Z INFO  steel_front] 窗口创建成功: 2560x1600
[2026-08-15T10:54:25Z WARN  steel_front::engine::renderer] 验证层不可用，将不使用
[2026-08-15T10:54:25Z INFO  steel_front::engine::renderer] 选择物理设备: NVIDIA GeForce RTX 5060 Laptop GPU
[2026-08-15T10:54:25Z INFO  steel_front::engine::gpu_caps] gpu-caps: 设备 NVIDIA GeForce RTX 5060 Laptop GPU 硬件能力探测（WSLg/dzn 视角）
[2026-08-15T10:54:25Z INFO  steel_front::engine::gpu_caps] gpu-caps: 可用 device 扩展 280 个
[2026-08-15T10:54:25Z INFO  steel_front::engine::gpu_caps] gpu-caps: -- 光追扩展 --
[2026-08-15T10:54:25Z INFO  steel_front::engine::gpu_caps] gpu-caps:   VK_KHR_ray_tracing_pipeline = true
[2026-08-15T10:54:25Z INFO  steel_front::engine::gpu_caps] gpu-caps:   VK_KHR_acceleration_structure = true
[2026-08-15T10:54:25Z INFO  steel_front::engine::gpu_caps] gpu-caps:   VK_KHR_ray_query = true
[2026-08-15T10:54:25Z INFO  steel_front::engine::gpu_caps] gpu-caps:   VK_KHR_deferred_host_operations = true
[2026-08-15T10:54:25Z INFO  steel_front::engine::gpu_caps] gpu-caps:   VK_KHR_buffer_device_address = true
[2026-08-15T10:54:25Z INFO  steel_front::engine::gpu_caps] gpu-caps:   VK_KHR_ray_tracing_position_fetch = true
[2026-08-15T10:54:25Z INFO  steel_front::engine::gpu_caps] gpu-caps:   VK_NV_ray_tracing = true
[2026-08-15T10:54:25Z INFO  steel_front::engine::gpu_caps] gpu-caps: -- Tensor Core / 协作矩阵 --
[2026-08-15T10:54:25Z INFO  steel_front::engine::gpu_caps] gpu-caps:   VK_KHR_cooperative_matrix = true
[2026-08-15T10:54:25Z INFO  steel_front::engine::gpu_caps] gpu-caps:   VK_NV_cooperative_matrix = true
[2026-08-15T10:54:25Z INFO  steel_front::engine::gpu_caps] gpu-caps:   VK_NV_compute_shader_derivatives = true
[2026-08-15T10:54:25Z INFO  steel_front::engine::gpu_caps] gpu-caps: -- DLSS / NVIDIA 私有 --
[2026-08-15T10:54:25Z INFO  steel_front::engine::gpu_caps] gpu-caps:   VK_NVX_image_view_handle = true
[2026-08-15T10:54:25Z INFO  steel_front::engine::gpu_caps] gpu-caps:   VK_NVX_binary_import = true
[2026-08-15T10:54:25Z INFO  steel_front::engine::gpu_caps] gpu-caps:   VK_NV_cuda_kernel = true
[2026-08-15T10:54:25Z INFO  steel_front::engine::gpu_caps] gpu-caps:   VK_NV_external_memory = true
[2026-08-15T10:54:25Z INFO  steel_front::engine::gpu_caps] gpu-caps: -- 其它新特性 --
[2026-08-15T10:54:25Z INFO  steel_front::engine::gpu_caps] gpu-caps:   VK_EXT_mesh_shader = true
[2026-08-15T10:54:25Z INFO  steel_front::engine::gpu_caps] gpu-caps:   VK_KHR_shader_object = false
[2026-08-15T10:54:25Z INFO  steel_front::engine::gpu_caps] gpu-caps:   VK_KHR_dynamic_rendering = true
[2026-08-15T10:54:25Z INFO  steel_front::engine::gpu_caps] gpu-caps: RT 特性 ray_tracing_pipeline=true acceleration_structure=true buffer_device_address=true ray_query=true
[2026-08-15T10:54:25Z INFO  steel_front::engine::gpu_caps] gpu-caps: RT 管线属性 shaderGroupHandleSize=32B maxRecursionDepth=31 maxRayDispatchInvocationCount=1073741824
[2026-08-15T10:54:26Z INFO  steel_front::engine::gpu_caps] gpu-caps: 【结论】光追探测 device 创建成功 → RT Core 路径可用（dzn→DXR）
[2026-08-15T10:54:26Z INFO  steel_front::engine::gpu_caps] gpu-caps: CUDA 直通（Tensor Core 可编程访问）=false（libcuda in /usr/lib/wsl/lib）
[2026-08-15T10:54:26Z INFO  steel_front::engine::gpu_caps] gpu-caps: 【结论】Vulkan-DLSS（NVIDIA 私有扩展）=true；可直接接 DLSS SDK
[2026-08-15T10:54:26Z INFO  steel_front::engine::renderer] VK_EXT_mesh_shader 可用：启用可选网格着色器渲染路径
[2026-08-15T10:54:26Z INFO  steel_front::engine::renderer] 交换链初始化完成: 2560x1600, 格式: B8G8R8A8_SRGB, 图像数: 3, present_mode: MAILBOX
[2026-08-15T10:54:26Z INFO  steel_front::engine::renderer] 实例缓冲创建完成: 65536 个实例，stride 80 字节，2 帧双缓冲 HOST_VISIBLE|HOST_COHERENT（每帧压缩上传）
[2026-08-15T10:54:26Z INFO  steel_front::engine::renderer] instances=65536 draw_calls=1
[2026-08-15T10:54:26Z INFO  steel_front::engine::renderer] 深度缓冲创建完成: 3 张 2560x1600 D32_SFLOAT
[2026-08-15T10:54:26Z INFO  steel_front::engine::renderer] Descriptor Set Layout: binding 0 = UBO(view/proj), binding 1 = 贴图, binding 2 = 实例 STORAGE_BUFFER, binding 3 = 采样器
[2026-08-15T10:54:26Z INFO  steel_front::engine::renderer] Descriptor 初始化完成（2 帧）
[2026-08-15T10:54:26Z INFO  steel_front::engine::renderer] 远档 LOD 几何创建完成: 8 顶点 / 12 索引（十字双 quad）
[2026-08-15T10:54:26Z INFO  steel_front::engine::renderer] 地面平铺 quad 几何创建完成: 4 顶点 / 6 索引（无侧壁）
[2026-08-15T10:54:26Z INFO  steel_front::engine::renderer] 地形 LOD[0] 创建完成: 66049 顶点 / 393216 索引（257×257 网格，间距 2）
[2026-08-15T10:54:26Z INFO  steel_front::engine::renderer] 地形 LOD[1] 创建完成: 16641 顶点 / 98304 索引（129×129 网格，间距 4）
[2026-08-15T10:54:26Z INFO  steel_front::engine::renderer] 地形 LOD[2] 创建完成: 4225 顶点 / 24576 索引（65×65 网格，间距 8）
[2026-08-15T10:54:26Z INFO  steel_front::engine::renderer] 地形 3 级 LOD 全部创建完成（高/中/低）
[2026-08-15T10:54:26Z INFO  steel_front::engine::renderer] 图形管线创建完成
[2026-08-15T10:54:26Z INFO  steel_front::engine::renderer] 网格着色器 maxMeshWorkGroupCount[0] = 4194304（地面场 65536 按此分块）
[2026-08-15T10:54:26Z INFO  steel_front::engine::renderer] 网格着色器管线创建完成（VK_EXT_mesh_shader）
[2026-08-15T10:54:26Z INFO  steel_front::engine::renderer] HUD 覆盖层初始化完成（独立 pipeline，容量 4096 quads）
[2026-08-15T10:54:26Z INFO  steel_front::engine::renderer] 纹理初始化完成: 512x512（10 mip，来源=程序化地面材质）
[2026-08-15T10:54:26Z INFO  steel_front::engine::renderer] 程序化皮肤纹理初始化完成: 512x512（marker=木板墙, npc=迷彩军服, RV3D_SKIN_TEX=off（纯色回退））
[2026-08-15T10:54:26Z INFO  steel_front::engine::renderer] 阴影贴图资源创建完成: 2048x2048 D32_SFLOAT
[2026-08-15T10:54:26Z INFO  steel_front::engine::renderer] 阴影 depth-only 管线创建完成
[2026-08-15T10:54:26Z INFO  steel_front] Vulkan 渲染器初始化成功
[2026-08-15T10:54:26Z INFO  steel_front] settings: 分辨率保持 2560x1600
[2026-08-15T10:54:26Z INFO  steel_front] settings: 应用画质 中画质
[2026-08-15T10:54:26Z INFO  steel_front::engine::renderer] 画质预设已切换: 中画质
[2026-08-15T10:54:26Z INFO  steel_front] 窗口大小变化: 1898x1061
[2026-08-15T10:54:26Z INFO  steel_front::engine::renderer] 交换链初始化完成: 2560x1600, 格式: B8G8R8A8_SRGB, 图像数: 3, present_mode: MAILBOX
[2026-08-15T10:54:26Z INFO  steel_front::engine::renderer] 深度缓冲创建完成: 3 张 2560x1600 D32_SFLOAT
[2026-08-15T10:54:26Z INFO  steel_front] 窗口大小变化: 2560x1600
[2026-08-15T10:54:26Z INFO  steel_front::engine::renderer] 交换链初始化完成: 2560x1600, 格式: B8G8R8A8_SRGB, 图像数: 3, present_mode: MAILBOX
[2026-08-15T10:54:26Z INFO  steel_front::engine::renderer] 深度缓冲创建完成: 3 张 2560x1600 D32_SFLOAT
[2026-08-15T10:54:26Z INFO  steel_front] 窗口大小变化: 2560x1600
[2026-08-15T10:54:26Z INFO  steel_front::engine::renderer] 交换链初始化完成: 2560x1600, 格式: B8G8R8A8_SRGB, 图像数: 3, present_mode: MAILBOX
[2026-08-15T10:54:26Z INFO  steel_front::engine::renderer] 深度缓冲创建完成: 3 张 2560x1600 D32_SFLOAT
[2026-08-15T10:54:26Z INFO  steel_front] cam: yaw=0.0 pitch=0.0 dist=3.4 mode=FirstPerson cycle_us=4945 update_us=29 render_us=4915
[2026-08-15T10:54:27Z INFO  steel_front::engine::renderer] visible=65536/65536 near=65536 far=0 fps=244.3 frame_us=2812 cull_us=0 terrain_us=0 wait_fence_us=3559 acquire_us=0 record_us=16 submit_us=15 present_us=99 terrain_lod=high blend=0.000 quality=中画质 marker=20 npc=56
[2026-08-15T10:54:27Z INFO  steel_front::engine::game] ai: npcs=8 near=8 far=0 idle=0 patrol=0 chase=8 attack=0 tactics=[8, 0, 0, 0, 0, 0, 0, 0]
[2026-08-15T10:54:27Z INFO  steel_front::engine::game] game: wave=1 enemies=8 enemy_hp=100 hp=100/100 score=0 phys_us=1 ai_us=424 audio_us=11 net_us=0
[2026-08-15T10:54:27Z INFO  steel_front] cam: yaw=0.0 pitch=0.0 dist=3.4 mode=FirstPerson cycle_us=3955 update_us=20 render_us=3935
[2026-08-15T10:54:28Z INFO  steel_front::engine::renderer] visible=65536/65536 near=65536 far=0 fps=306.8 frame_us=2221 cull_us=0 terrain_us=0 wait_fence_us=2428 acquire_us=0 record_us=22 submit_us=130 present_us=109 terrain_lod=high blend=0.000 quality=中画质 marker=20 npc=56
[2026-08-15T10:54:28Z INFO  steel_front::engine::game] ai: npcs=8 near=8 far=0 idle=0 patrol=0 chase=8 attack=0 tactics=[8, 0, 0, 0, 0, 0, 0, 0]
[2026-08-15T10:54:28Z INFO  steel_front::engine::game] game: wave=1 enemies=8 enemy_hp=100 hp=100/100 score=0 phys_us=0 ai_us=348 audio_us=22 net_us=0
[2026-08-15T10:54:28Z INFO  steel_front] cam: yaw=0.0 pitch=0.0 dist=3.4 mode=FirstPerson cycle_us=3586 update_us=17 render_us=3568
[2026-08-15T10:54:29Z INFO  steel_front::engine::renderer] visible=65536/65536 near=65536 far=0 fps=306.9 frame_us=2771 cull_us=0 terrain_us=0 wait_fence_us=3360 acquire_us=1 record_us=39 submit_us=31 present_us=211 terrain_lod=high blend=0.000 quality=中画质 marker=20 npc=56
[2026-08-15T10:54:29Z INFO  steel_front::engine::game] ai: npcs=8 near=8 far=0 idle=0 patrol=0 chase=8 attack=0 tactics=[8, 0, 0, 0, 0, 0, 0, 0]
[2026-08-15T10:54:29Z INFO  steel_front::engine::game] game: wave=1 enemies=8 enemy_hp=100 hp=100/100 score=0 phys_us=2 ai_us=394 audio_us=28 net_us=0
[2026-08-15T10:54:29Z INFO  steel_front] cam: yaw=0.0 pitch=0.0 dist=3.4 mode=FirstPerson cycle_us=4063 update_us=35 render_us=4027
[2026-08-15T10:54:30Z INFO  steel_front::engine::renderer] visible=65536/65536 near=65536 far=0 fps=306.5 frame_us=4049 cull_us=1 terrain_us=0 wait_fence_us=2835 acquire_us=3 record_us=43 submit_us=41 present_us=137 terrain_lod=high blend=0.000 quality=中画质 marker=20 npc=56
[2026-08-15T10:54:30Z INFO  steel_front::engine::game] ai: npcs=8 near=8 far=0 idle=0 patrol=0 chase=8 attack=0 tactics=[8, 0, 0, 0, 0, 0, 0, 0]
[2026-08-15T10:54:30Z INFO  steel_front::engine::game] game: wave=1 enemies=8 enemy_hp=100 hp=100/100 score=0 phys_us=1 ai_us=328 audio_us=11 net_us=0
[2026-08-15T10:54:30Z INFO  steel_front] cam: yaw=0.0 pitch=0.0 dist=3.4 mode=FirstPerson cycle_us=2413 update_us=23 render_us=2389
[2026-08-15T10:54:31Z INFO  steel_front::engine::renderer] visible=65536/65536 near=65536 far=0 fps=307.1 frame_us=3865 cull_us=0 terrain_us=0 wait_fence_us=2714 acquire_us=1 record_us=36 submit_us=38 present_us=318 terrain_lod=high blend=0.000 quality=中画质 marker=20 npc=56
[2026-08-15T10:54:31Z INFO  steel_front::engine::game] ai: npcs=8 near=8 far=0 idle=0 patrol=0 chase=8 attack=0 tactics=[8, 0, 0, 0, 0, 0, 0, 0]
[2026-08-15T10:54:31Z INFO  steel_front::engine::game] game: wave=1 enemies=8 enemy_hp=100 hp=100/100 score=0 phys_us=1 ai_us=359 audio_us=27 net_us=0
[2026-08-15T10:54:31Z INFO  steel_front] cam: yaw=0.0 pitch=0.0 dist=3.4 mode=FirstPerson cycle_us=4266 update_us=37 render_us=4229
[2026-08-15T10:54:32Z INFO  steel_front::engine::renderer] visible=65536/65536 near=65536 far=0 fps=306.6 frame_us=2898 cull_us=0 terrain_us=0 wait_fence_us=3485 acquire_us=1 record_us=17 submit_us=75 present_us=123 terrain_lod=high blend=0.000 quality=中画质 marker=20 npc=56
[2026-08-15T10:54:32Z INFO  steel_front::engine::game] ai: npcs=8 near=8 far=0 idle=0 patrol=0 chase=8 attack=0 tactics=[8, 0, 0, 0, 0, 0, 0, 0]
[2026-08-15T10:54:32Z INFO  steel_front::engine::game] game: wave=1 enemies=8 enemy_hp=100 hp=100/100 score=0 phys_us=2 ai_us=221 audio_us=7 net_us=0
[2026-08-15T10:54:32Z INFO  steel_front] cam: yaw=0.0 pitch=0.0 dist=3.4 mode=FirstPerson cycle_us=2849 update_us=45 render_us=2803
[2026-08-15T10:54:33Z INFO  steel_front::engine::renderer] visible=65536/65536 near=65536 far=0 fps=301.7 frame_us=3636 cull_us=0 terrain_us=0 wait_fence_us=2798 acquire_us=1 record_us=17 submit_us=19 present_us=145 terrain_lod=high blend=0.000 quality=中画质 marker=20 npc=56
[2026-08-15T10:54:33Z INFO  steel_front::engine::game] ai: npcs=8 near=8 far=0 idle=0 patrol=0 chase=8 attack=0 tactics=[8, 0, 0, 0, 0, 0, 0, 0]
[2026-08-15T10:54:33Z INFO  steel_front::engine::game] game: wave=1 enemies=8 enemy_hp=100 hp=100/100 score=0 phys_us=0 ai_us=354 audio_us=15 net_us=0
[2026-08-15T10:54:33Z INFO  steel_front] cam: yaw=0.0 pitch=0.0 dist=3.4 mode=FirstPerson cycle_us=3569 update_us=30 render_us=3538
[2026-08-15T10:54:34Z INFO  steel_front::engine::renderer] visible=65536/65536 near=65536 far=0 fps=304.4 frame_us=3890 cull_us=0 terrain_us=0 wait_fence_us=5055 acquire_us=0 record_us=15 submit_us=23 present_us=205 terrain_lod=high blend=0.000 quality=中画质 marker=20 npc=56
[2026-08-15T10:54:34Z INFO  steel_front::engine::game] ai: npcs=8 near=8 far=0 idle=0 patrol=0 chase=8 attack=0 tactics=[8, 0, 0, 0, 0, 0, 0, 0]
[2026-08-15T10:54:34Z INFO  steel_front::engine::game] game: wave=1 enemies=8 enemy_hp=100 hp=100/100 score=0 phys_us=1 ai_us=419 audio_us=25 net_us=0
[2026-08-15T10:54:34Z INFO  steel_front] cam: yaw=0.0 pitch=0.0 dist=3.4 mode=FirstPerson cycle_us=2874 update_us=41 render_us=2833
[2026-08-15T10:54:35Z INFO  steel_front::engine::renderer] visible=65536/65536 near=65536 far=0 fps=305.2 frame_us=2287 cull_us=0 terrain_us=0 wait_fence_us=3367 acquire_us=0 record_us=32 submit_us=23 present_us=225 terrain_lod=high blend=0.000 quality=中画质 marker=20 npc=56
[2026-08-15T10:54:35Z INFO  steel_front::engine::game] ai: npcs=8 near=8 far=0 idle=0 patrol=0 chase=8 attack=0 tactics=[8, 0, 0, 0, 0, 0, 0, 0]
[2026-08-15T10:54:35Z INFO  steel_front::engine::game] game: wave=1 enemies=8 enemy_hp=100 hp=100/100 score=0 phys_us=1 ai_us=405 audio_us=11 net_us=0
[2026-08-15T10:54:35Z INFO  steel_front] cam: yaw=0.0 pitch=0.0 dist=3.4 mode=FirstPerson cycle_us=2792 update_us=28 render_us=2763
[2026-08-15T10:54:36Z INFO  steel_front::engine::renderer] visible=65536/65536 near=65536 far=0 fps=304.8 frame_us=2480 cull_us=0 terrain_us=0 wait_fence_us=3512 acquire_us=1 record_us=132 submit_us=26 present_us=230 terrain_lod=high blend=0.000 quality=中画质 marker=20 npc=56
[2026-08-15T10:54:36Z INFO  steel_front::engine::game] ai: npcs=8 near=8 far=0 idle=0 patrol=0 chase=8 attack=0 tactics=[8, 0, 0, 0, 0, 0, 0, 0]
[2026-08-15T10:54:36Z INFO  steel_front::engine::game] game: wave=1 enemies=8 enemy_hp=100 hp=100/100 score=0 phys_us=0 ai_us=423 audio_us=26 net_us=0
[2026-08-15T10:54:36Z INFO  steel_front] cam: yaw=0.0 pitch=0.0 dist=3.4 mode=FirstPerson cycle_us=3675 update_us=46 render_us=3627
[2026-08-15T10:54:37Z INFO  steel_front::engine::renderer] visible=65536/65536 near=65536 far=0 fps=305.0 frame_us=2302 cull_us=0 terrain_us=0 wait_fence_us=2514 acquire_us=1 record_us=33 submit_us=27 present_us=209 terrain_lod=high blend=0.000 quality=中画质 marker=20 npc=56
[2026-08-15T10:54:37Z INFO  steel_front::engine::game] ai: npcs=8 near=8 far=0 idle=0 patrol=0 chase=8 attack=0 tactics=[8, 0, 0, 0, 0, 0, 0, 0]
[2026-08-15T10:54:37Z INFO  steel_front::engine::game] game: wave=1 enemies=8 enemy_hp=100 hp=100/100 score=0 phys_us=0 ai_us=408 audio_us=28 net_us=0
[2026-08-15T10:54:37Z INFO  steel_front] cam: yaw=0.0 pitch=0.0 dist=3.4 mode=FirstPerson cycle_us=4704 update_us=30 render_us=4673
[2026-08-15T10:54:38Z INFO  steel_front::engine::renderer] visible=65536/65536 near=65536 far=0 fps=302.5 frame_us=3247 cull_us=0 terrain_us=0 wait_fence_us=3318 acquire_us=1 record_us=33 submit_us=28 present_us=229 terrain_lod=high blend=0.000 quality=中画质 marker=20 npc=56
[2026-08-15T10:54:38Z INFO  steel_front::engine::game] ai: npcs=8 near=8 far=0 idle=0 patrol=0 chase=8 attack=0 tactics=[8, 0, 0, 0, 0, 0, 0, 0]
[2026-08-15T10:54:38Z INFO  steel_front::engine::game] game: wave=1 enemies=8 enemy_hp=100 hp=100/100 score=0 phys_us=0 ai_us=329 audio_us=17 net_us=0
[2026-08-15T10:54:38Z INFO  steel_front] cam: yaw=0.0 pitch=0.0 dist=3.4 mode=FirstPerson cycle_us=3649 update_us=35 render_us=3613
[2026-08-15T10:54:39Z INFO  steel_front::engine::renderer] visible=65536/65536 near=65536 far=0 fps=305.4 frame_us=2212 cull_us=0 terrain_us=0 wait_fence_us=3907 acquire_us=0 record_us=35 submit_us=33 present_us=149 terrain_lod=high blend=0.000 quality=中画质 marker=20 npc=56
[2026-08-15T10:54:39Z INFO  steel_front::engine::game] ai: npcs=8 near=8 far=0 idle=0 patrol=0 chase=8 attack=0 tactics=[8, 0, 0, 0, 0, 0, 0, 0]
[2026-08-15T10:54:39Z INFO  steel_front::engine::game] game: wave=1 enemies=8 enemy_hp=100 hp=100/100 score=0 phys_us=1 ai_us=203 audio_us=14 net_us=0
[2026-08-15T10:54:39Z INFO  steel_front] cam: yaw=0.0 pitch=0.0 dist=3.4 mode=FirstPerson cycle_us=3074 update_us=50 render_us=3024
[2026-08-15T10:54:41Z INFO  steel_front] cam: yaw=0.0 pitch=0.0 dist=3.4 mode=FirstPerson cycle_us=4254 update_us=17 render_us=4237
[2026-08-15T10:54:41Z INFO  steel_front::engine::renderer] visible=65536/65536 near=65536 far=0 fps=148.0 frame_us=4190 cull_us=0 terrain_us=0 wait_fence_us=4 acquire_us=1 record_us=20 submit_us=23 present_us=329 terrain_lod=high blend=0.000 quality=中画质 marker=20 npc=56
[2026-08-15T10:54:41Z INFO  steel_front::engine::game] ai: npcs=8 near=8 far=0 idle=0 patrol=0 chase=8 attack=0 tactics=[8, 0, 0, 0, 0, 0, 0, 0]
[2026-08-15T10:54:41Z INFO  steel_front::engine::game] game: wave=1 enemies=8 enemy_hp=100 hp=100/100 score=0 phys_us=0 ai_us=320 audio_us=36 net_us=0
[2026-08-15T10:54:42Z INFO  steel_front::engine::renderer] visible=65536/65536 near=65536 far=0 fps=303.5 frame_us=3576 cull_us=0 terrain_us=0 wait_fence_us=2764 acquire_us=1 record_us=16 submit_us=20 present_us=174 terrain_lod=high blend=0.000 quality=中画质 marker=20 npc=56
[2026-08-15T10:54:42Z INFO  steel_front] cam: yaw=0.0 pitch=0.0 dist=3.4 mode=FirstPerson cycle_us=3634 update_us=23 render_us=3610
[2026-08-15T10:54:42Z INFO  steel_front::engine::game] ai: npcs=8 near=8 far=0 idle=0 patrol=0 chase=8 attack=0 tactics=[8, 0, 0, 0, 0, 0, 0, 0]
[2026-08-15T10:54:42Z INFO  steel_front::engine::game] game: wave=1 enemies=8 enemy_hp=100 hp=100/100 score=0 phys_us=0 ai_us=446 audio_us=15 net_us=0
[2026-08-15T10:54:43Z INFO  steel_front] cam: yaw=0.0 pitch=0.0 dist=3.4 mode=FirstPerson cycle_us=3633 update_us=26 render_us=3605
[2026-08-15T10:54:43Z INFO  steel_front::engine::renderer] visible=65536/65536 near=65536 far=0 fps=169.9 frame_us=3547 cull_us=0 terrain_us=0 wait_fence_us=7 acquire_us=3 record_us=48 submit_us=88 present_us=296 terrain_lod=high blend=0.000 quality=中画质 marker=20 npc=56
[2026-08-15T10:54:43Z INFO  steel_front::engine::game] ai: npcs=8 near=8 far=0 idle=0 patrol=0 chase=8 attack=0 tactics=[8, 0, 0, 0, 0, 0, 0, 0]
[2026-08-15T10:54:43Z INFO  steel_front::engine::game] game: wave=1 enemies=8 enemy_hp=100 hp=100/100 score=0 phys_us=0 ai_us=665 audio_us=14 net_us=0
[2026-08-15T10:54:44Z INFO  steel_front] 窗口大小变化: 2560x1494
[2026-08-15T10:54:44Z INFO  steel_front::engine::renderer] 交换链初始化完成: 2560x1494, 格式: B8G8R8A8_SRGB, 图像数: 3, present_mode: MAILBOX
[2026-08-15T10:54:44Z INFO  steel_front::engine::renderer] 深度缓冲创建完成: 3 张 2560x1494 D32_SFLOAT
[2026-08-15T10:54:44Z INFO  steel_front] cam: yaw=0.0 pitch=0.0 dist=3.4 mode=FirstPerson cycle_us=3949 update_us=41 render_us=3907
[2026-08-15T10:54:44Z INFO  steel_front::engine::renderer] visible=65536/65536 near=65536 far=0 fps=273.0 frame_us=3822 cull_us=0 terrain_us=0 wait_fence_us=2 acquire_us=0 record_us=16 submit_us=17 present_us=475 terrain_lod=high blend=0.000 quality=中画质 marker=20 npc=56
[2026-08-15T10:54:44Z INFO  steel_front::engine::game] ai: npcs=8 near=8 far=0 idle=0 patrol=0 chase=8 attack=0 tactics=[8, 0, 0, 0, 0, 0, 0, 0]
[2026-08-15T10:54:44Z INFO  steel_front::engine::game] game: wave=1 enemies=8 enemy_hp=100 hp=100/100 score=0 phys_us=1 ai_us=720 audio_us=12 net_us=0
[2026-08-15T10:54:45Z INFO  steel_front] cam: yaw=0.0 pitch=0.0 dist=3.4 mode=FirstPerson cycle_us=2807 update_us=15 render_us=2791
[2026-08-15T10:54:45Z INFO  steel_front::engine::renderer] visible=65536/65536 near=65536 far=0 fps=393.3 frame_us=2746 cull_us=0 terrain_us=0 wait_fence_us=1220 acquire_us=0 record_us=32 submit_us=37 present_us=202 terrain_lod=high blend=0.000 quality=中画质 marker=20 npc=56
[2026-08-15T10:54:45Z INFO  steel_front::engine::game] map: level 1 generated: 20 obstacle bodies (wall=20 block=0 barrier=0), 60 grid cells blocked
[2026-08-15T10:54:45Z INFO  steel_front::engine::game] game: purged 8 leftover npcs on run start
[2026-08-15T10:54:45Z INFO  steel_front::engine::game] battle: 压力模式第 0 轮开战（红 64 vs 蓝 64，共 128 名 NPC，并行 AI=true）
[2026-08-15T10:54:45Z INFO  steel_front::engine::game] game: run started (wave 1)
[2026-08-15T10:54:45Z INFO  steel_front] input: cursor captured (mouse look on, grab=locked, look=relative)
[2026-08-15T10:54:45Z INFO  steel_front::engine::game] physics: 20 events this frame (GroundHit, GroundHit, GroundHit, GroundHit, GroundHit, GroundHit, GroundHit, GroundHit, GroundHit, GroundHit, GroundHit, GroundHit, GroundHit, GroundHit, GroundHit, GroundHit, GroundHit, GroundHit, GroundHit, GroundHit)
[2026-08-15T10:54:45Z INFO  steel_front::engine::cpu] cpu: scene_pool 创建（8 工作线程，绑定 vCPU [0, 1, 2, 3, 4, 5, 6, 7, 8, 9, 10, 11, 12, 13, 14, 15]）
[2026-08-15T10:54:45Z INFO  steel_front::engine::game] ai: npcs=128 near=0 far=128 idle=0 patrol=0 chase=128 attack=0 tactics=[90, 9, 29, 0, 0, 0, 0, 0]
[2026-08-15T10:54:45Z INFO  steel_front::engine::game] game: wave=1 enemies=128 enemy_hp=100 hp=100/100 score=0 phys_us=0 ai_us=380 audio_us=22 net_us=0
[2026-08-15T10:54:46Z INFO  steel_front::engine::renderer] visible=65536/65536 near=65536 far=0 fps=405.8 frame_us=1893 cull_us=2 terrain_us=0 wait_fence_us=2337 acquire_us=0 record_us=20 submit_us=19 present_us=103 terrain_lod=high blend=0.000 quality=中画质 marker=20 npc=952
[2026-08-15T10:54:46Z INFO  steel_front] cam: yaw=18.4 pitch=1.2 dist=3.4 mode=FirstPerson cycle_us=2996 update_us=75 render_us=2920
[2026-08-15T10:54:46Z INFO  steel_front::engine::game] ai: npcs=128 near=0 far=128 idle=0 patrol=0 chase=128 attack=0 tactics=[90, 28, 10, 0, 0, 0, 0, 0]
[2026-08-15T10:54:46Z INFO  steel_front::engine::game] game: wave=1 enemies=128 enemy_hp=100 hp=100/100 score=0 phys_us=0 ai_us=446 audio_us=22 net_us=0
[2026-08-15T10:54:47Z INFO  steel_front::engine::renderer] visible=65536/65536 near=65536 far=0 fps=408.5 frame_us=2312 cull_us=3 terrain_us=0 wait_fence_us=1792 acquire_us=1 record_us=40 submit_us=32 present_us=455 terrain_lod=high blend=0.000 quality=中画质 marker=20 npc=952
[2026-08-15T10:54:47Z INFO  steel_front] cam: yaw=29.4 pitch=1.0 dist=3.4 mode=FirstPerson cycle_us=2835 update_us=119 render_us=2715
[2026-08-15T10:54:47Z INFO  steel_front::engine::game] ai: npcs=128 near=0 far=128 idle=0 patrol=0 chase=128 attack=0 tactics=[90, 38, 0, 0, 0, 0, 0, 0]
[2026-08-15T10:54:47Z INFO  steel_front::engine::game] game: wave=1 enemies=128 enemy_hp=100 hp=100/100 score=0 phys_us=0 ai_us=733 audio_us=28 net_us=0
[2026-08-15T10:54:48Z INFO  steel_front::engine::renderer] visible=65536/65536 near=65536 far=0 fps=408.8 frame_us=1659 cull_us=2 terrain_us=0 wait_fence_us=2110 acquire_us=0 record_us=41 submit_us=35 present_us=251 terrain_lod=high blend=0.000 quality=中画质 marker=20 npc=952
[2026-08-15T10:54:48Z INFO  steel_front] cam: yaw=30.5 pitch=2.9 dist=3.4 mode=FirstPerson cycle_us=2792 update_us=105 render_us=2686
[2026-08-15T10:54:48Z INFO  steel_front::engine::game] ai: npcs=128 near=0 far=128 idle=0 patrol=0 chase=128 attack=0 tactics=[90, 38, 0, 0, 0, 0, 0, 0]
[2026-08-15T10:54:48Z INFO  steel_front::engine::game] game: wave=1 enemies=128 enemy_hp=100 hp=100/100 score=0 phys_us=0 ai_us=463 audio_us=11 net_us=0
[2026-08-15T10:54:49Z INFO  steel_front::engine::renderer] visible=65536/65536 near=65536 far=0 fps=407.5 frame_us=2398 cull_us=2 terrain_us=0 wait_fence_us=2354 acquire_us=0 record_us=20 submit_us=40 present_us=117 terrain_lod=high blend=0.000 quality=中画质 marker=20 npc=952
[2026-08-15T10:54:49Z INFO  steel_front] cam: yaw=43.4 pitch=0.4 dist=3.4 mode=FirstPerson cycle_us=3288 update_us=85 render_us=3202
[2026-08-15T10:54:49Z INFO  steel_front::engine::game] ai: npcs=128 near=0 far=128 idle=0 patrol=0 chase=128 attack=0 tactics=[90, 38, 0, 0, 0, 0, 0, 0]
[2026-08-15T10:54:49Z INFO  steel_front::engine::game] game: wave=1 enemies=128 enemy_hp=100 hp=100/100 score=0 phys_us=0 ai_us=203 audio_us=9 net_us=0
[2026-08-15T10:54:50Z INFO  steel_front::engine::renderer] visible=65536/65536 near=65536 far=0 fps=408.5 frame_us=2443 cull_us=3 terrain_us=0 wait_fence_us=1477 acquire_us=1 record_us=61 submit_us=34 present_us=222 terrain_lod=high blend=0.000 quality=中画质 marker=20 npc=952
[2026-08-15T10:54:50Z INFO  steel_front] cam: yaw=43.4 pitch=0.4 dist=3.4 mode=FirstPerson cycle_us=2286 update_us=119 render_us=2167
[2026-08-15T10:54:50Z INFO  steel_front::engine::game] ai: npcs=128 near=0 far=128 idle=0 patrol=0 chase=128 attack=0 tactics=[90, 38, 0, 0, 0, 0, 0, 0]
[2026-08-15T10:54:50Z INFO  steel_front::engine::game] game: wave=1 enemies=128 enemy_hp=100 hp=100/100 score=0 phys_us=1 ai_us=1099 audio_us=10 net_us=0
[2026-08-15T10:54:51Z INFO  steel_front::engine::renderer] visible=65536/65536 near=65536 far=0 fps=410.0 frame_us=1914 cull_us=3 terrain_us=0 wait_fence_us=1909 acquire_us=1 record_us=23 submit_us=18 present_us=95 terrain_lod=high blend=0.000 quality=中画质 marker=20 npc=952
[2026-08-15T10:54:51Z INFO  steel_front] cam: yaw=-17.8 pitch=0.6 dist=3.4 mode=FirstPerson cycle_us=2931 update_us=128 render_us=2802
[2026-08-15T10:54:51Z INFO  steel_front::engine::game] ai: npcs=128 near=0 far=128 idle=0 patrol=0 chase=128 attack=0 tactics=[90, 38, 0, 0, 0, 0, 0, 0]
[2026-08-15T10:54:51Z INFO  steel_front::engine::game] game: wave=1 enemies=128 enemy_hp=100 hp=100/100 score=0 phys_us=0 ai_us=775 audio_us=22 net_us=0
[2026-08-15T10:54:52Z INFO  steel_front::engine::renderer] visible=65536/65536 near=65536 far=0 fps=409.6 frame_us=2142 cull_us=2 terrain_us=0 wait_fence_us=1758 acquire_us=1 record_us=93 submit_us=34 present_us=218 terrain_lod=high blend=0.000 quality=中画质 marker=20 npc=952
[2026-08-15T10:54:52Z INFO  steel_front] cam: yaw=-56.2 pitch=2.4 dist=3.4 mode=FirstPerson cycle_us=2856 update_us=159 render_us=2696
[2026-08-15T10:54:52Z INFO  steel_front::engine::game] ai: npcs=128 near=6 far=122 idle=0 patrol=0 chase=128 attack=0 tactics=[90, 38, 0, 0, 0, 0, 0, 0]
[2026-08-15T10:54:52Z INFO  steel_front::engine::game] game: wave=1 enemies=128 enemy_hp=100 hp=100/100 score=0 phys_us=1 ai_us=793 audio_us=17 net_us=0
[2026-08-15T10:54:53Z INFO  steel_front::engine::renderer] visible=65536/65536 near=65536 far=0 fps=410.7 frame_us=1896 cull_us=2 terrain_us=0 wait_fence_us=2304 acquire_us=1 record_us=18 submit_us=15 present_us=90 terrain_lod=high blend=0.000 quality=中画质 marker=20 npc=952
[2026-08-15T10:54:53Z INFO  steel_front] cam: yaw=-20.4 pitch=-1.0 dist=3.4 mode=FirstPerson cycle_us=3408 update_us=78 render_us=3329
[2026-08-15T10:54:53Z INFO  steel_front::engine::game] ai: npcs=128 near=0 far=128 idle=0 patrol=0 chase=128 attack=0 tactics=[90, 38, 0, 0, 0, 0, 0, 0]
[2026-08-15T10:54:53Z INFO  steel_front::engine::game] game: wave=1 enemies=128 enemy_hp=100 hp=100/100 score=0 phys_us=1 ai_us=843 audio_us=20 net_us=0
[2026-08-15T10:54:54Z INFO  steel_front::engine::renderer] visible=65536/65536 near=65536 far=0 fps=411.5 frame_us=2297 cull_us=2 terrain_us=0 wait_fence_us=1751 acquire_us=1 record_us=40 submit_us=31 present_us=202 terrain_lod=high blend=0.000 quality=中画质 marker=20 npc=952
[2026-08-15T10:54:54Z INFO  steel_front] cam: yaw=-20.4 pitch=-1.0 dist=3.4 mode=FirstPerson cycle_us=2909 update_us=143 render_us=2765
[2026-08-15T10:54:54Z INFO  steel_front::engine::game] ai: npcs=128 near=1 far=127 idle=0 patrol=0 chase=128 attack=0 tactics=[90, 38, 0, 0, 0, 0, 0, 0]
[2026-08-15T10:54:54Z INFO  steel_front::engine::game] game: wave=1 enemies=128 enemy_hp=100 hp=100/100 score=0 phys_us=0 ai_us=838 audio_us=24 net_us=0
[2026-08-15T10:54:55Z INFO  steel_front::engine::renderer] visible=65536/65536 near=65536 far=0 fps=412.0 frame_us=2132 cull_us=2 terrain_us=0 wait_fence_us=2046 acquire_us=1 record_us=48 submit_us=35 present_us=221 terrain_lod=high blend=0.000 quality=中画质 marker=20 npc=952
[2026-08-15T10:54:55Z INFO  steel_front] cam: yaw=-20.4 pitch=-1.0 dist=3.4 mode=FirstPerson cycle_us=3058 update_us=98 render_us=2959
[2026-08-15T10:54:55Z INFO  steel_front::engine::game] ai: npcs=128 near=3 far=125 idle=0 patrol=0 chase=128 attack=0 tactics=[90, 38, 0, 0, 0, 0, 0, 0]
[2026-08-15T10:54:55Z INFO  steel_front::engine::game] game: wave=1 enemies=128 enemy_hp=100 hp=100/100 score=0 phys_us=0 ai_us=695 audio_us=24 net_us=0
[2026-08-15T10:54:56Z INFO  steel_front::engine::renderer] visible=65536/65536 near=65536 far=0 fps=412.7 frame_us=2452 cull_us=2 terrain_us=0 wait_fence_us=1679 acquire_us=0 record_us=103 submit_us=40 present_us=220 terrain_lod=high blend=0.000 quality=中画质 marker=20 npc=896
[2026-08-15T10:54:56Z INFO  steel_front] cam: yaw=-20.0 pitch=-0.8 dist=3.4 mode=FirstPerson cycle_us=2565 update_us=120 render_us=2444
[2026-08-15T10:54:56Z INFO  steel_front::engine::game] ai: npcs=128 near=5 far=123 idle=0 patrol=0 chase=128 attack=0 tactics=[90, 38, 0, 0, 0, 0, 0, 0]
[2026-08-15T10:54:56Z INFO  steel_front::engine::game] game: wave=1 enemies=128 enemy_hp=100 hp=100/100 score=0 phys_us=1 ai_us=543 audio_us=10 net_us=0
[2026-08-15T10:54:56Z INFO  steel_front::engine::game] weapons: shot #1 (1 alive) [M1 Rifle]
[2026-08-15T10:54:57Z INFO  steel_front::engine::renderer] visible=65536/65536 near=65536 far=0 fps=410.9 frame_us=2404 cull_us=2 terrain_us=0 wait_fence_us=1481 acquire_us=0 record_us=44 submit_us=44 present_us=216 terrain_lod=high blend=0.000 quality=中画质 marker=22 npc=896
[2026-08-15T10:54:57Z INFO  steel_front] cam: yaw=-18.8 pitch=0.8 dist=3.4 mode=FirstPerson cycle_us=2244 update_us=164 render_us=2079
[2026-08-15T10:54:57Z INFO  steel_front::engine::game] weapons: shot #2 (2 alive) [M1 Rifle]
[2026-08-15T10:54:57Z INFO  steel_front::engine::game] ai: npcs=128 near=8 far=120 idle=0 patrol=0 chase=128 attack=0 tactics=[90, 38, 0, 0, 0, 0, 0, 0]
[2026-08-15T10:54:57Z INFO  steel_front::engine::game] game: wave=1 enemies=128 enemy_hp=100 hp=100/100 score=0 phys_us=1 ai_us=637 audio_us=11 net_us=0
[2026-08-15T10:54:57Z INFO  steel_front::engine::game] weapons: shot #3 (3 alive) [M1 Rifle]
[2026-08-15T10:54:58Z INFO  steel_front::engine::game] weapons: shot #4 (4 alive) [M1 Rifle]
[2026-08-15T10:54:58Z INFO  steel_front::engine::renderer] visible=65536/65536 near=65536 far=0 fps=410.4 frame_us=2279 cull_us=3 terrain_us=0 wait_fence_us=2269 acquire_us=1 record_us=23 submit_us=32 present_us=109 terrain_lod=high blend=0.000 quality=中画质 marker=22 npc=896
[2026-08-15T10:54:58Z INFO  steel_front] cam: yaw=-16.1 pitch=0.3 dist=3.4 mode=FirstPerson cycle_us=3112 update_us=101 render_us=3011
[2026-08-15T10:54:58Z INFO  steel_front::engine::game] ai: npcs=128 near=11 far=117 idle=0 patrol=0 chase=128 attack=0 tactics=[90, 38, 0, 0, 0, 0, 0, 0]
[2026-08-15T10:54:58Z INFO  steel_front::engine::game] game: wave=1 enemies=128 enemy_hp=100 hp=100/100 score=0 phys_us=0 ai_us=719 audio_us=26 net_us=0
[2026-08-15T10:54:58Z INFO  steel_front::engine::game] weapons: shot #5 (5 alive) [M1 Rifle]
[2026-08-15T10:54:59Z INFO  steel_front::engine::renderer] visible=65536/65536 near=65536 far=0 fps=411.5 frame_us=1866 cull_us=2 terrain_us=0 wait_fence_us=2118 acquire_us=1 record_us=16 submit_us=16 present_us=116 terrain_lod=high blend=0.000 quality=中画质 marker=21 npc=896
[2026-08-15T10:54:59Z INFO  steel_front] cam: yaw=-13.2 pitch=0.5 dist=3.4 mode=FirstPerson cycle_us=3042 update_us=111 render_us=2931
[2026-08-15T10:54:59Z INFO  steel_front::engine::game] weapons: shot #6 (6 alive) [M1 Rifle]
