[2026-08-09T12:12:14Z INFO  steel_front] ========================================
[2026-08-09T12:12:14Z INFO  steel_front]   钢铁前线 (Steel Front) v0.1.0
[2026-08-09T12:12:14Z INFO  steel_front]   二战FPS游戏引擎 - Rust + Vulkan
[2026-08-09T12:12:14Z INFO  steel_front] ========================================
[2026-08-09T12:12:14Z INFO  steel_front::engine::cpu] cpu: vendor=Amd threads=32 primary=[0, 1, 2, 3, 4, 5, 6, 7, 8, 9, 10, 11, 12, 13, 14, 15] secondary=[16, 17, 18, 19, 20, 21, 22, 23, 24, 25, 26, 27, 28, 29, 30, 31] e_cores=0 avx2=true avx512=true
[2026-08-09T12:12:14Z INFO  steel_front::engine::cpu] cpu: 主线程已绑定 vCPU [0, 1, 2, 3, 4, 5, 6, 7, 8, 9, 10, 11, 12, 13, 14, 15]（16 核 32 线程，AMD 双簇：主=CCD0，次=CCD1）
[2026-08-09T12:12:14Z INFO  steel_front::engine::game] map: level 1 generated: 20 obstacle bodies (wall=20 block=0 barrier=0), 60 grid cells blocked
[2026-08-09T12:12:14Z INFO  steel_front] 显示器: 2560x1600 aspect=1.600
[2026-08-09T12:12:14Z INFO  steel_front] 默认分辨率: 1280x800
[2026-08-09T12:12:14Z INFO  steel_front] 窗口创建成功: 1280x800
[2026-08-09T12:12:14Z INFO  steel_front::engine::renderer] 验证层可用，已启用
WARNING: dzn is not a conformant Vulkan implementation, testing use only.
WARNING: dzn is not a conformant Vulkan implementation, testing use only.
Dropped Escape call with ulEscapeCode : 0x03007703
[2026-08-09T12:12:16Z INFO  steel_front::engine::renderer] [Vulkan][General] linux_read_sorted_physical_devices:
[2026-08-09T12:12:16Z INFO  steel_front::engine::renderer] [Vulkan][General]      Original order:
[2026-08-09T12:12:16Z INFO  steel_front::engine::renderer] [Vulkan][General]            [0] Microsoft Direct3D12 (NVIDIA GeForce RTX 5060 Laptop GPU)
[2026-08-09T12:12:16Z INFO  steel_front::engine::renderer] [Vulkan][General]            [1] Microsoft Direct3D12 (AMD Radeon(TM) 610M)
[2026-08-09T12:12:16Z INFO  steel_front::engine::renderer] [Vulkan][General]            [2] llvmpipe (LLVM 20.1.8, 256 bits)
[2026-08-09T12:12:16Z INFO  steel_front::engine::renderer] [Vulkan][General]      Sorted order:
[2026-08-09T12:12:16Z INFO  steel_front::engine::renderer] [Vulkan][General]            [0] Microsoft Direct3D12 (NVIDIA GeForce RTX 5060 Laptop GPU)  
[2026-08-09T12:12:16Z INFO  steel_front::engine::renderer] [Vulkan][General]            [1] Microsoft Direct3D12 (AMD Radeon(TM) 610M)  
[2026-08-09T12:12:16Z INFO  steel_front::engine::renderer] [Vulkan][General]            [2] llvmpipe (LLVM 20.1.8, 256 bits)  
[2026-08-09T12:12:16Z INFO  steel_front::engine::renderer] [Vulkan][General] linux_read_sorted_physical_devices:
[2026-08-09T12:12:16Z INFO  steel_front::engine::renderer] [Vulkan][General]      Original order:
[2026-08-09T12:12:16Z INFO  steel_front::engine::renderer] [Vulkan][General]            [0] Microsoft Direct3D12 (NVIDIA GeForce RTX 5060 Laptop GPU)
[2026-08-09T12:12:16Z INFO  steel_front::engine::renderer] [Vulkan][General]            [1] Microsoft Direct3D12 (AMD Radeon(TM) 610M)
[2026-08-09T12:12:16Z INFO  steel_front::engine::renderer] [Vulkan][General]            [2] llvmpipe (LLVM 20.1.8, 256 bits)
[2026-08-09T12:12:16Z INFO  steel_front::engine::renderer] [Vulkan][General]      Sorted order:
[2026-08-09T12:12:16Z INFO  steel_front::engine::renderer] [Vulkan][General]            [0] Microsoft Direct3D12 (NVIDIA GeForce RTX 5060 Laptop GPU)  
[2026-08-09T12:12:16Z INFO  steel_front::engine::renderer] [Vulkan][General]            [1] Microsoft Direct3D12 (AMD Radeon(TM) 610M)  
[2026-08-09T12:12:16Z INFO  steel_front::engine::renderer] [Vulkan][General]            [2] llvmpipe (LLVM 20.1.8, 256 bits)  
[2026-08-09T12:12:16Z INFO  steel_front::engine::renderer] [Vulkan][General] linux_read_sorted_physical_devices:
[2026-08-09T12:12:16Z INFO  steel_front::engine::renderer] [Vulkan][General]      Original order:
[2026-08-09T12:12:16Z INFO  steel_front::engine::renderer] [Vulkan][General]            [0] Microsoft Direct3D12 (NVIDIA GeForce RTX 5060 Laptop GPU)
[2026-08-09T12:12:16Z INFO  steel_front::engine::renderer] [Vulkan][General]            [1] Microsoft Direct3D12 (AMD Radeon(TM) 610M)
[2026-08-09T12:12:16Z INFO  steel_front::engine::renderer] [Vulkan][General]            [2] llvmpipe (LLVM 20.1.8, 256 bits)
[2026-08-09T12:12:16Z INFO  steel_front::engine::renderer] [Vulkan][General]      Sorted order:
[2026-08-09T12:12:16Z INFO  steel_front::engine::renderer] [Vulkan][General]            [0] Microsoft Direct3D12 (NVIDIA GeForce RTX 5060 Laptop GPU)  
[2026-08-09T12:12:16Z INFO  steel_front::engine::renderer] [Vulkan][General]            [1] Microsoft Direct3D12 (AMD Radeon(TM) 610M)  
[2026-08-09T12:12:16Z INFO  steel_front::engine::renderer] [Vulkan][General]            [2] llvmpipe (LLVM 20.1.8, 256 bits)  
[2026-08-09T12:12:16Z INFO  steel_front::engine::renderer] [Vulkan][General] linux_read_sorted_physical_devices:
[2026-08-09T12:12:16Z INFO  steel_front::engine::renderer] [Vulkan][General]      Original order:
[2026-08-09T12:12:16Z INFO  steel_front::engine::renderer] [Vulkan][General]            [0] Microsoft Direct3D12 (NVIDIA GeForce RTX 5060 Laptop GPU)
[2026-08-09T12:12:16Z INFO  steel_front::engine::renderer] [Vulkan][General]            [1] Microsoft Direct3D12 (AMD Radeon(TM) 610M)
[2026-08-09T12:12:16Z INFO  steel_front::engine::renderer] [Vulkan][General]            [2] llvmpipe (LLVM 20.1.8, 256 bits)
[2026-08-09T12:12:16Z INFO  steel_front::engine::renderer] [Vulkan][General]      Sorted order:
[2026-08-09T12:12:16Z INFO  steel_front::engine::renderer] [Vulkan][General]            [0] Microsoft Direct3D12 (NVIDIA GeForce RTX 5060 Laptop GPU)  
[2026-08-09T12:12:16Z INFO  steel_front::engine::renderer] [Vulkan][General]            [1] Microsoft Direct3D12 (AMD Radeon(TM) 610M)  
[2026-08-09T12:12:16Z INFO  steel_front::engine::renderer] [Vulkan][General]            [2] llvmpipe (LLVM 20.1.8, 256 bits)  
[2026-08-09T12:12:16Z INFO  steel_front::engine::renderer] 选择物理设备: Microsoft Direct3D12 (NVIDIA GeForce RTX 5060 Laptop GPU)
[2026-08-09T12:12:16Z INFO  steel_front::engine::gpu_caps] gpu-caps: 设备 Microsoft Direct3D12 (NVIDIA GeForce RTX 5060 Laptop GPU) 硬件能力探测（WSLg/dzn 视角）
[2026-08-09T12:12:16Z INFO  steel_front::engine::gpu_caps] gpu-caps: 可用 device 扩展 47 个
[2026-08-09T12:12:16Z INFO  steel_front::engine::gpu_caps] gpu-caps: -- 光追扩展 --
[2026-08-09T12:12:16Z INFO  steel_front::engine::gpu_caps] gpu-caps:   VK_KHR_ray_tracing_pipeline = false
[2026-08-09T12:12:16Z INFO  steel_front::engine::gpu_caps] gpu-caps:   VK_KHR_acceleration_structure = false
[2026-08-09T12:12:16Z INFO  steel_front::engine::gpu_caps] gpu-caps:   VK_KHR_ray_query = false
[2026-08-09T12:12:16Z INFO  steel_front::engine::gpu_caps] gpu-caps:   VK_KHR_deferred_host_operations = false
[2026-08-09T12:12:16Z INFO  steel_front::engine::gpu_caps] gpu-caps:   VK_KHR_buffer_device_address = true
[2026-08-09T12:12:16Z INFO  steel_front::engine::gpu_caps] gpu-caps:   VK_KHR_ray_tracing_position_fetch = false
[2026-08-09T12:12:16Z INFO  steel_front::engine::gpu_caps] gpu-caps:   VK_NV_ray_tracing = false
[2026-08-09T12:12:16Z INFO  steel_front::engine::gpu_caps] gpu-caps: -- Tensor Core / 协作矩阵 --
[2026-08-09T12:12:16Z INFO  steel_front::engine::gpu_caps] gpu-caps:   VK_KHR_cooperative_matrix = false
[2026-08-09T12:12:16Z INFO  steel_front::engine::gpu_caps] gpu-caps:   VK_NV_cooperative_matrix = false
[2026-08-09T12:12:16Z INFO  steel_front::engine::gpu_caps] gpu-caps:   VK_NV_compute_shader_derivatives = false
[2026-08-09T12:12:16Z INFO  steel_front::engine::gpu_caps] gpu-caps: -- DLSS / NVIDIA 私有 --
[2026-08-09T12:12:16Z INFO  steel_front::engine::gpu_caps] gpu-caps:   VK_NVX_image_view_handle = false
[2026-08-09T12:12:16Z INFO  steel_front::engine::gpu_caps] gpu-caps:   VK_NVX_binary_import = false
[2026-08-09T12:12:16Z INFO  steel_front::engine::gpu_caps] gpu-caps:   VK_NV_cuda_kernel = false
[2026-08-09T12:12:16Z INFO  steel_front::engine::gpu_caps] gpu-caps:   VK_NV_external_memory = false
[2026-08-09T12:12:16Z INFO  steel_front::engine::gpu_caps] gpu-caps: -- 其它新特性 --
[2026-08-09T12:12:16Z INFO  steel_front::engine::gpu_caps] gpu-caps:   VK_EXT_mesh_shader = false
[2026-08-09T12:12:16Z INFO  steel_front::engine::gpu_caps] gpu-caps:   VK_KHR_shader_object = false
[2026-08-09T12:12:16Z INFO  steel_front::engine::gpu_caps] gpu-caps:   VK_KHR_dynamic_rendering = true
[2026-08-09T12:12:16Z INFO  steel_front::engine::gpu_caps] gpu-caps: RT 特性 ray_tracing_pipeline=false acceleration_structure=false buffer_device_address=true ray_query=false
[2026-08-09T12:12:16Z INFO  steel_front::engine::gpu_caps] gpu-caps: RT 管线属性 shaderGroupHandleSize=0B maxRecursionDepth=0 maxRayDispatchInvocationCount=0
[2026-08-09T12:12:16Z INFO  steel_front::engine::gpu_caps] gpu-caps: 【结论】RT 扩展不全，光追管线不可用
[2026-08-09T12:12:16Z INFO  steel_front::engine::gpu_caps] gpu-caps: CUDA 直通（Tensor Core 可编程访问）=true（libcuda in /usr/lib/wsl/lib）
[2026-08-09T12:12:16Z INFO  steel_front::engine::gpu_caps] gpu-caps: 【结论】Vulkan-DLSS（NVIDIA 私有扩展）=false；不可用；但 CUDA 直通可用 Tensor Core，未来可自研超分/降噪
[2026-08-09T12:12:16Z INFO  steel_front::engine::renderer] [Vulkan][General] Inserted device layer "VK_LAYER_KHRONOS_validation" (libVkLayer_khronos_validation.so)
[2026-08-09T12:12:16Z INFO  steel_front::engine::renderer] [Vulkan][General] Failed to find vkGetDeviceProcAddr in layer "libVkLayer_MESA_device_select.so"
[2026-08-09T12:12:16Z INFO  steel_front::engine::renderer] [Vulkan][General] vkCreateDevice layer callstack setup to:
[2026-08-09T12:12:16Z INFO  steel_front::engine::renderer] [Vulkan][General]    <Application>
[2026-08-09T12:12:16Z INFO  steel_front::engine::renderer] [Vulkan][General]      ||
[2026-08-09T12:12:16Z INFO  steel_front::engine::renderer] [Vulkan][General]    <Loader>
[2026-08-09T12:12:16Z INFO  steel_front::engine::renderer] [Vulkan][General]      ||
[2026-08-09T12:12:16Z INFO  steel_front::engine::renderer] [Vulkan][General]    VK_LAYER_KHRONOS_validation
[2026-08-09T12:12:16Z INFO  steel_front::engine::renderer] [Vulkan][General]            Type: Explicit
[2026-08-09T12:12:16Z INFO  steel_front::engine::renderer] [Vulkan][General]            Manifest: /usr/share/vulkan/explicit_layer.d/VkLayer_khronos_validation.json
[2026-08-09T12:12:16Z INFO  steel_front::engine::renderer] [Vulkan][General]            Library:  libVkLayer_khronos_validation.so
[2026-08-09T12:12:16Z INFO  steel_front::engine::renderer] [Vulkan][General]      ||
[2026-08-09T12:12:16Z INFO  steel_front::engine::renderer] [Vulkan][General]    <Device>
[2026-08-09T12:12:16Z INFO  steel_front::engine::renderer] [Vulkan][General]        Using "Microsoft Direct3D12 (NVIDIA GeForce RTX 5060 Laptop GPU)" with driver: "libvulkan_dzn.so"
[2026-08-09T12:12:16Z INFO  steel_front::engine::renderer] 交换链初始化完成: 1280x800, 格式: B8G8R8A8_SRGB, 图像数: 4, present_mode: MAILBOX
[2026-08-09T12:12:16Z INFO  steel_front::engine::renderer] 实例缓冲创建完成: 65536 个实例，stride 80 字节，2 帧双缓冲 HOST_VISIBLE|HOST_COHERENT（每帧压缩上传）
[2026-08-09T12:12:16Z INFO  steel_front::engine::renderer] instances=65536 draw_calls=1
[2026-08-09T12:12:16Z INFO  steel_front::engine::renderer] 深度缓冲创建完成: 4 张 1280x800 D32_SFLOAT
[2026-08-09T12:12:16Z INFO  steel_front::engine::renderer] Descriptor Set Layout: binding 0 = UBO(view/proj), binding 1 = 贴图, binding 2 = 实例 STORAGE_BUFFER, binding 3 = 采样器
[2026-08-09T12:12:16Z INFO  steel_front::engine::renderer] Descriptor 初始化完成（2 帧）
[2026-08-09T12:12:16Z INFO  steel_front::engine::renderer] 远档 LOD 几何创建完成: 8 顶点 / 12 索引（十字双 quad）
[2026-08-09T12:12:16Z INFO  steel_front::engine::renderer] 地形 LOD[0] 创建完成: 66049 顶点 / 393216 索引（257×257 网格，间距 2）
[2026-08-09T12:12:16Z INFO  steel_front::engine::renderer] 地形 LOD[1] 创建完成: 16641 顶点 / 98304 索引（129×129 网格，间距 4）
[2026-08-09T12:12:16Z INFO  steel_front::engine::renderer] 地形 LOD[2] 创建完成: 4225 顶点 / 24576 索引（65×65 网格，间距 8）
[2026-08-09T12:12:16Z INFO  steel_front::engine::renderer] 地形 3 级 LOD 全部创建完成（高/中/低）
[2026-08-09T12:12:16Z INFO  steel_front::engine::renderer] 图形管线创建完成
[2026-08-09T12:12:16Z INFO  steel_front::engine::renderer] HUD 覆盖层初始化完成（独立 pipeline，容量 4096 quads）
[2026-08-09T12:12:16Z INFO  steel_front::engine::renderer] 纹理初始化完成: 256x256（来自 assets/textures/test.png）
[2026-08-09T12:12:16Z INFO  steel_front] Vulkan 渲染器初始化成功
[2026-08-09T12:12:16Z INFO  steel_front] settings: 分辨率保持 1280x800
[2026-08-09T12:12:16Z INFO  steel_front] settings: 应用画质 中画质
[2026-08-09T12:12:16Z INFO  steel_front::engine::renderer] 画质预设已切换: 中画质
[2026-08-09T12:12:16Z INFO  steel_front] 窗口大小变化: 1280x800
[2026-08-09T12:12:16Z INFO  steel_front::engine::renderer] 交换链初始化完成: 1280x800, 格式: B8G8R8A8_SRGB, 图像数: 4, present_mode: MAILBOX
[2026-08-09T12:12:16Z INFO  steel_front::engine::renderer] 深度缓冲创建完成: 4 张 1280x800 D32_SFLOAT
[2026-08-09T12:12:16Z INFO  steel_front] cam: yaw=0.0 pitch=0.0 dist=3.4 mode=FirstPerson cycle_us=0 update_us=0 render_us=0
=== RENDERER OK ===
[2026-08-09T12:12:17Z INFO  steel_front::engine::renderer] visible=18226/65536 near=3056 far=15170 fps=191.6 frame_us=2116 cull_us=252 terrain_us=0 wait_fence_us=153 acquire_us=6 record_us=195 submit_us=112 present_us=1315 terrain_lod=high blend=0.000 quality=中画质 marker=20 npc=56
[2026-08-09T12:12:17Z INFO  steel_front::engine::game] ai: npcs=8 idle=0 patrol=0 chase=8 attack=0 tactics=[8, 0, 0, 0, 0, 0, 0]
[2026-08-09T12:12:17Z INFO  steel_front::engine::game] game: wave=1 enemies=8 enemy_hp=100 hp=100/100 score=0 phys_us=1 ai_us=32 audio_us=4 net_us=0
[2026-08-09T12:12:17Z INFO  steel_front] cam: yaw=0.0 pitch=0.0 dist=3.4 mode=FirstPerson cycle_us=2574 update_us=33 render_us=2541
[2026-08-09T12:12:18Z INFO  steel_front::engine::renderer] visible=18226/65536 near=3056 far=15170 fps=268.0 frame_us=2347 cull_us=143 terrain_us=0 wait_fence_us=144 acquire_us=5 record_us=292 submit_us=93 present_us=1349 terrain_lod=high blend=0.000 quality=中画质 marker=20 npc=56
[2026-08-09T12:12:18Z INFO  steel_front::engine::game] ai: npcs=8 idle=0 patrol=0 chase=8 attack=0 tactics=[8, 0, 0, 0, 0, 0, 0]
[2026-08-09T12:12:18Z INFO  steel_front::engine::game] game: wave=1 enemies=8 enemy_hp=100 hp=100/100 score=0 phys_us=2 ai_us=38 audio_us=2 net_us=0
[2026-08-09T12:12:18Z INFO  steel_front] cam: yaw=0.0 pitch=0.0 dist=3.4 mode=FirstPerson cycle_us=2830 update_us=5 render_us=2825
[2026-08-09T12:12:19Z INFO  steel_front::engine::game] map: level 1 generated: 20 obstacle bodies (wall=20 block=0 barrier=0), 60 grid cells blocked
[2026-08-09T12:12:19Z INFO  steel_front::engine::game] game: purged 8 leftover npcs on run start
[2026-08-09T12:12:19Z INFO  steel_front::engine::game] battle: 压力模式第 0 轮开战（红 64 vs 蓝 64，共 128 名 NPC，并行 AI=true）
[2026-08-09T12:12:19Z INFO  steel_front::engine::game] game: run started (wave 1)
[2026-08-09T12:12:19Z INFO  steel_front] input: cursor captured (mouse look on, grab=confined)
[2026-08-09T12:12:19Z INFO  steel_front::engine::game] physics: 20 events this frame (GroundHit, GroundHit, GroundHit, GroundHit, GroundHit, GroundHit, GroundHit, GroundHit, GroundHit, GroundHit, GroundHit, GroundHit, GroundHit, GroundHit, GroundHit, GroundHit, GroundHit, GroundHit, GroundHit, GroundHit)
[2026-08-09T12:12:19Z INFO  steel_front::engine::game] weapons: shot #1 (1 alive)
[2026-08-09T12:12:19Z INFO  steel_front::engine::renderer] visible=18227/65536 near=3056 far=15171 fps=288.1 frame_us=2251 cull_us=310 terrain_us=0 wait_fence_us=176 acquire_us=7 record_us=229 submit_us=158 present_us=1267 terrain_lod=high blend=0.000 quality=中画质 marker=20 npc=896
[2026-08-09T12:12:19Z INFO  steel_front::engine::game] ai: npcs=128 idle=0 patrol=0 chase=128 attack=0 tactics=[128, 0, 0, 0, 0, 0, 0]
[2026-08-09T12:12:19Z INFO  steel_front::engine::game] game: wave=1 enemies=128 enemy_hp=100 hp=100/100 score=0 phys_us=0 ai_us=629 audio_us=3 net_us=0
[2026-08-09T12:12:19Z INFO  steel_front] cam: yaw=0.0 pitch=0.0 dist=3.4 mode=FirstPerson cycle_us=4652 update_us=831 render_us=3821
[2026-08-09T12:12:19Z INFO  steel_front::engine::game] weapons: shot #2 (2 alive)
[2026-08-09T12:12:20Z INFO  steel_front::engine::game] weapons: shot #3 (3 alive)
[2026-08-09T12:12:20Z INFO  steel_front::engine::renderer] visible=18227/65536 near=3056 far=15171 fps=249.8 frame_us=3836 cull_us=431 terrain_us=0 wait_fence_us=172 acquire_us=11 record_us=469 submit_us=221 present_us=1967 terrain_lod=high blend=0.000 quality=中画质 marker=20 npc=896
[2026-08-09T12:12:20Z INFO  steel_front::engine::game] ai: npcs=128 idle=0 patrol=0 chase=128 attack=0 tactics=[128, 0, 0, 0, 0, 0, 0]
[2026-08-09T12:12:20Z INFO  steel_front::engine::game] game: wave=1 enemies=128 enemy_hp=100 hp=100/100 score=0 phys_us=2 ai_us=869 audio_us=5 net_us=0
[2026-08-09T12:12:20Z INFO  steel_front] cam: yaw=0.1 pitch=0.2 dist=3.4 mode=FirstPerson cycle_us=3311 update_us=967 render_us=2343
[2026-08-09T12:12:20Z INFO  steel_front::engine::game] weapons: shot #4 (4 alive)
[2026-08-09T12:12:21Z INFO  steel_front::engine::game] weapons: shot #5 (5 alive)
[2026-08-09T12:12:21Z INFO  steel_front::engine::renderer] visible=18228/65536 near=3057 far=15171 fps=206.3 frame_us=1907 cull_us=308 terrain_us=0 wait_fence_us=186 acquire_us=15 record_us=182 submit_us=137 present_us=1220 terrain_lod=high blend=0.000 quality=中画质 marker=20 npc=896
[2026-08-09T12:12:21Z INFO  steel_front::engine::game] ai: npcs=128 idle=0 patrol=0 chase=128 attack=0 tactics=[128, 0, 0, 0, 0, 0, 0]
[2026-08-09T12:12:21Z INFO  steel_front::engine::game] game: wave=1 enemies=128 enemy_hp=100 hp=100/100 score=0 phys_us=1 ai_us=764 audio_us=10 net_us=0
[2026-08-09T12:12:21Z INFO  steel_front] cam: yaw=0.1 pitch=0.3 dist=3.4 mode=FirstPerson cycle_us=3882 update_us=1023 render_us=2859
[2026-08-09T12:12:21Z INFO  steel_front::engine::game] weapons: shot #6 (6 alive)
[2026-08-09T12:12:22Z INFO  steel_front::engine::renderer] visible=18225/65536 near=3056 far=15169 fps=203.7 frame_us=2416 cull_us=374 terrain_us=0 wait_fence_us=290 acquire_us=13 record_us=363 submit_us=189 present_us=1311 terrain_lod=high blend=0.000 quality=中画质 marker=20 npc=896
[2026-08-09T12:12:22Z INFO  steel_front::engine::game] weapons: shot #7 (7 alive)
[2026-08-09T12:12:22Z INFO  steel_front::engine::game] ai: npcs=128 idle=0 patrol=0 chase=128 attack=0 tactics=[128, 0, 0, 0, 0, 0, 0]
[2026-08-09T12:12:22Z INFO  steel_front::engine::game] game: wave=1 enemies=128 enemy_hp=100 hp=100/100 score=0 phys_us=1 ai_us=903 audio_us=5 net_us=0
[2026-08-09T12:12:22Z INFO  steel_front] cam: yaw=0.1 pitch=0.4 dist=3.4 mode=FirstPerson cycle_us=3412 update_us=691 render_us=2720
[2026-08-09T12:12:22Z INFO  steel_front::engine::game] weapons: shot #8 (7 alive)
[2026-08-09T12:12:23Z INFO  steel_front::engine::renderer] visible=0/65536 near=0 far=0 fps=236.0 frame_us=1443 cull_us=255 terrain_us=0 wait_fence_us=216 acquire_us=16 record_us=124 submit_us=109 present_us=994 terrain_lod=high blend=0.000 quality=中画质 marker=20 npc=896
[2026-08-09T12:12:23Z INFO  steel_front::engine::game] ai: npcs=128 idle=0 patrol=0 chase=128 attack=0 tactics=[128, 0, 0, 0, 0, 0, 0]
[2026-08-09T12:12:23Z INFO  steel_front::engine::game] game: wave=1 enemies=128 enemy_hp=100 hp=100/100 score=0 phys_us=1 ai_us=752 audio_us=1 net_us=0
[2026-08-09T12:12:23Z INFO  steel_front] cam: yaw=3355.4 pitch=-89.0 dist=3.4 mode=FirstPerson cycle_us=3307 update_us=775 render_us=2531
[2026-08-09T12:12:24Z INFO  steel_front::engine::renderer] visible=0/65536 near=0 far=0 fps=297.1 frame_us=1848 cull_us=73 terrain_us=0 wait_fence_us=181 acquire_us=9 record_us=161 submit_us=148 present_us=1269 terrain_lod=high blend=0.000 quality=中画质 marker=20 npc=896
[2026-08-09T12:12:24Z INFO  steel_front::engine::game] ai: npcs=128 idle=0 patrol=0 chase=128 attack=0 tactics=[128, 0, 0, 0, 0, 0, 0]
[2026-08-09T12:12:24Z INFO  steel_front::engine::game] game: wave=1 enemies=128 enemy_hp=100 hp=100/100 score=0 phys_us=1 ai_us=511 audio_us=1 net_us=0
[2026-08-09T12:12:24Z INFO  steel_front] cam: yaw=8847.0 pitch=-89.0 dist=3.4 mode=FirstPerson cycle_us=2243 update_us=659 render_us=1583
[2026-08-09T12:12:25Z INFO  steel_front::engine::renderer] visible=0/65536 near=0 far=0 fps=275.8 frame_us=2425 cull_us=135 terrain_us=0 wait_fence_us=376 acquire_us=20 record_us=456 submit_us=244 present_us=1180 terrain_lod=high blend=0.000 quality=中画质 marker=20 npc=896
[2026-08-09T12:12:25Z INFO  steel_front::engine::game] ai: npcs=128 idle=0 patrol=0 chase=128 attack=0 tactics=[128, 0, 0, 0, 0, 0, 0]
[2026-08-09T12:12:25Z INFO  steel_front::engine::game] game: wave=1 enemies=128 enemy_hp=100 hp=100/100 score=0 phys_us=7 ai_us=969 audio_us=2 net_us=0
[2026-08-09T12:12:25Z INFO  steel_front] cam: yaw=8847.0 pitch=-89.0 dist=3.4 mode=FirstPerson cycle_us=6009 update_us=690 render_us=5319
[2026-08-09T12:12:25Z INFO  steel_front::engine::game] weapons: shot #9 (2 alive)
[2026-08-09T12:12:26Z INFO  steel_front] input: cursor released
[2026-08-09T12:12:26Z INFO  steel_front::engine::renderer] visible=0/65536 near=0 far=0 fps=240.6 frame_us=2037 cull_us=54 terrain_us=0 wait_fence_us=183 acquire_us=10 record_us=306 submit_us=225 present_us=1050 terrain_lod=high blend=0.000 quality=中画质 marker=20 npc=896
[2026-08-09T12:12:26Z INFO  steel_front::engine::game] weapons: shot #10 (2 alive)
[2026-08-09T12:12:26Z INFO  steel_front::engine::game] ai: npcs=128 idle=0 patrol=0 chase=128 attack=0 tactics=[128, 0, 0, 0, 0, 0, 0]
[2026-08-09T12:12:26Z INFO  steel_front::engine::game] game: wave=1 enemies=128 enemy_hp=100 hp=100/100 score=0 phys_us=2 ai_us=989 audio_us=5 net_us=0
[2026-08-09T12:12:26Z INFO  steel_front] cam: yaw=8847.1 pitch=-88.9 dist=3.4 mode=FirstPerson cycle_us=3304 update_us=558 render_us=2746
[2026-08-09T12:12:26Z INFO  steel_front::engine::game] weapons: shot #11 (3 alive)
[2026-08-09T12:12:27Z INFO  steel_front::engine::renderer] visible=0/65536 near=0 far=0 fps=268.6 frame_us=1630 cull_us=79 terrain_us=0 wait_fence_us=156 acquire_us=8 record_us=164 submit_us=101 present_us=1025 terrain_lod=high blend=0.000 quality=中画质 marker=20 npc=896
[2026-08-09T12:12:27Z INFO  steel_front::engine::game] ai: npcs=128 idle=0 patrol=0 chase=128 attack=0 tactics=[128, 0, 0, 0, 0, 0, 0]
[2026-08-09T12:12:27Z INFO  steel_front::engine::game] game: wave=1 enemies=128 enemy_hp=100 hp=100/100 score=0 phys_us=2 ai_us=1007 audio_us=7 net_us=0
[2026-08-09T12:12:27Z INFO  steel_front] cam: yaw=8847.1 pitch=-88.8 dist=3.4 mode=FirstPerson cycle_us=2725 update_us=630 render_us=2094
[2026-08-09T12:12:27Z INFO  steel_front::engine::game] weapons: shot #12 (4 alive)
[2026-08-09T12:12:28Z INFO  steel_front::engine::game] weapons: shot #13 (5 alive)
[2026-08-09T12:12:28Z INFO  steel_front::engine::renderer] visible=0/65536 near=0 far=0 fps=289.5 frame_us=1529 cull_us=98 terrain_us=0 wait_fence_us=166 acquire_us=6 record_us=240 submit_us=133 present_us=964 terrain_lod=high blend=0.000 quality=中画质 marker=20 npc=896
[2026-08-09T12:12:28Z INFO  steel_front::engine::game] ai: npcs=128 idle=0 patrol=0 chase=128 attack=0 tactics=[128, 0, 0, 0, 0, 0, 0]
[2026-08-09T12:12:28Z INFO  steel_front::engine::game] game: wave=1 enemies=128 enemy_hp=100 hp=100/100 score=0 phys_us=1 ai_us=633 audio_us=2 net_us=0
[2026-08-09T12:12:28Z INFO  steel_front] cam: yaw=8847.1 pitch=-88.7 dist=3.4 mode=FirstPerson cycle_us=2216 update_us=657 render_us=1559
[2026-08-09T12:12:28Z INFO  steel_front::engine::game] weapons: shot #14 (6 alive)
[2026-08-09T12:12:29Z INFO  steel_front::engine::renderer] visible=0/65536 near=0 far=0 fps=300.9 frame_us=1787 cull_us=53 terrain_us=0 wait_fence_us=199 acquire_us=7 record_us=156 submit_us=86 present_us=1360 terrain_lod=high blend=0.000 quality=中画质 marker=20 npc=896
[2026-08-09T12:12:29Z INFO  steel_front::engine::game] ai: npcs=128 idle=0 patrol=0 chase=128 attack=0 tactics=[128, 0, 0, 0, 0, 0, 0]
[2026-08-09T12:12:29Z INFO  steel_front::engine::game] game: wave=1 enemies=128 enemy_hp=100 hp=100/100 score=0 phys_us=1 ai_us=577 audio_us=1 net_us=0
[2026-08-09T12:12:29Z INFO  steel_front] cam: yaw=8847.1 pitch=-88.6 dist=3.4 mode=FirstPerson cycle_us=3291 update_us=679 render_us=2610
[2026-08-09T12:12:29Z INFO  steel_front::engine::game] weapons: shot #15 (5 alive)
[2026-08-09T12:12:30Z INFO  steel_front::engine::renderer] visible=0/65536 near=0 far=0 fps=262.2 frame_us=2600 cull_us=47 terrain_us=0 wait_fence_us=146 acquire_us=7 record_us=639 submit_us=191 present_us=1375 terrain_lod=high blend=0.000 quality=中画质 marker=20 npc=896
[2026-08-09T12:12:30Z INFO  steel_front::engine::game] ai: npcs=128 idle=0 patrol=0 chase=128 attack=0 tactics=[128, 0, 0, 0, 0, 0, 0]
[2026-08-09T12:12:30Z INFO  steel_front::engine::game] game: wave=1 enemies=128 enemy_hp=100 hp=100/100 score=0 phys_us=3 ai_us=971 audio_us=2 net_us=0
[2026-08-09T12:12:30Z INFO  steel_front] cam: yaw=8825.5 pitch=-87.7 dist=3.4 mode=FirstPerson cycle_us=2826 update_us=547 render_us=2278
[2026-08-09T12:12:30Z INFO  steel_front::engine::game] weapons: shot #16 (5 alive)
[2026-08-09T12:12:31Z INFO  steel_front::engine::renderer] visible=0/65536 near=0 far=0 fps=227.2 frame_us=3467 cull_us=145 terrain_us=0 wait_fence_us=294 acquire_us=24 record_us=681 submit_us=342 present_us=1888 terrain_lod=high blend=0.000 quality=中画质 marker=20 npc=896
[2026-08-09T12:12:31Z INFO  steel_front::engine::game] ai: npcs=128 idle=0 patrol=0 chase=128 attack=0 tactics=[128, 0, 0, 0, 0, 0, 0]
[2026-08-09T12:12:31Z INFO  steel_front::engine::game] game: wave=1 enemies=128 enemy_hp=100 hp=100/100 score=0 phys_us=2 ai_us=915 audio_us=2 net_us=0
[2026-08-09T12:12:31Z INFO  steel_front] cam: yaw=8825.2 pitch=-58.0 dist=3.4 mode=FirstPerson cycle_us=5051 update_us=715 render_us=4335
[2026-08-09T12:12:31Z INFO  steel_front::engine::game] weapons: shot #17 (4 alive)
[2026-08-09T12:12:32Z INFO  steel_front::engine::renderer] visible=0/65536 near=0 far=0 fps=228.6 frame_us=1716 cull_us=124 terrain_us=0 wait_fence_us=310 acquire_us=13 record_us=277 submit_us=299 present_us=916 terrain_lod=high blend=0.000 quality=中画质 marker=20 npc=896
[2026-08-09T12:12:32Z INFO  steel_front::engine::game] ai: npcs=128 idle=0 patrol=0 chase=128 attack=0 tactics=[128, 0, 0, 0, 0, 0, 0]
[2026-08-09T12:12:32Z INFO  steel_front::engine::game] game: wave=1 enemies=128 enemy_hp=100 hp=100/100 score=0 phys_us=5 ai_us=1229 audio_us=2 net_us=0
[2026-08-09T12:12:32Z INFO  steel_front] cam: yaw=8824.5 pitch=-64.9 dist=3.4 mode=FirstPerson cycle_us=2929 update_us=503 render_us=2426
[2026-08-09T12:12:32Z INFO  steel_front] input: cursor captured (mouse look on, grab=confined)
[2026-08-09T12:12:32Z INFO  steel_front::engine::game] weapons: shot #18 (4 alive)
[2026-08-09T12:12:33Z INFO  steel_front::engine::renderer] visible=0/65536 near=0 far=0 fps=295.5 frame_us=1438 cull_us=43 terrain_us=0 wait_fence_us=247 acquire_us=5 record_us=170 submit_us=110 present_us=939 terrain_lod=high blend=0.000 quality=中画质 marker=20 npc=896
[2026-08-09T12:12:33Z INFO  steel_front::engine::game] ai: npcs=128 idle=0 patrol=0 chase=128 attack=0 tactics=[128, 0, 0, 0, 0, 0, 0]
[2026-08-09T12:12:33Z INFO  steel_front::engine::game] game: wave=1 enemies=128 enemy_hp=100 hp=100/100 score=0 phys_us=1 ai_us=555 audio_us=1 net_us=0
[2026-08-09T12:12:33Z INFO  steel_front] cam: yaw=8824.6 pitch=-64.8 dist=3.4 mode=FirstPerson cycle_us=4432 update_us=807 render_us=3624
[2026-08-09T12:12:34Z INFO  steel_front::engine::renderer] visible=0/65536 near=0 far=0 fps=281.7 frame_us=1482 cull_us=42 terrain_us=0 wait_fence_us=133 acquire_us=5 record_us=131 submit_us=98 present_us=1037 terrain_lod=high blend=0.000 quality=中画质 marker=20 npc=896
[2026-08-09T12:12:34Z INFO  steel_front::engine::game] ai: npcs=128 idle=0 patrol=0 chase=128 attack=0 tactics=[128, 0, 0, 0, 0, 0, 0]
[2026-08-09T12:12:34Z INFO  steel_front::engine::game] game: wave=1 enemies=128 enemy_hp=100 hp=100/100 score=0 phys_us=1 ai_us=668 audio_us=1 net_us=0
[2026-08-09T12:12:34Z INFO  steel_front] cam: yaw=8824.6 pitch=-64.8 dist=3.4 mode=FirstPerson cycle_us=2356 update_us=678 render_us=1677
[2026-08-09T12:12:35Z INFO  steel_front::engine::game] weapons: shot #19 (2 alive)
[2026-08-09T12:12:35Z INFO  steel_front::engine::renderer] visible=0/65536 near=0 far=0 fps=263.0 frame_us=2516 cull_us=219 terrain_us=0 wait_fence_us=183 acquire_us=13 record_us=504 submit_us=278 present_us=1263 terrain_lod=high blend=0.000 quality=中画质 marker=20 npc=896
[2026-08-09T12:12:35Z INFO  steel_front::engine::game] ai: npcs=128 idle=0 patrol=0 chase=128 attack=0 tactics=[128, 0, 0, 0, 0, 0, 0]
[2026-08-09T12:12:35Z INFO  steel_front::engine::game] game: wave=1 enemies=128 enemy_hp=100 hp=100/100 score=0 phys_us=3 ai_us=946 audio_us=7 net_us=0
[2026-08-09T12:12:35Z INFO  steel_front] cam: yaw=8824.6 pitch=-64.8 dist=3.4 mode=FirstPerson cycle_us=2971 update_us=686 render_us=2285
[2026-08-09T12:12:35Z INFO  steel_front::engine::game] weapons: shot #20 (3 alive)
[2026-08-09T12:12:36Z INFO  steel_front::engine::game] weapons: shot #21 (3 alive)
[2026-08-09T12:12:36Z INFO  steel_front::engine::renderer] visible=0/65536 near=0 far=0 fps=249.5 frame_us=1818 cull_us=48 terrain_us=0 wait_fence_us=299 acquire_us=8 record_us=256 submit_us=158 present_us=1009 terrain_lod=high blend=0.000 quality=中画质 marker=20 npc=896
[2026-08-09T12:12:36Z INFO  steel_front::engine::game] ai: npcs=128 idle=0 patrol=0 chase=128 attack=0 tactics=[128, 0, 0, 0, 0, 0, 0]
[2026-08-09T12:12:36Z INFO  steel_front::engine::game] game: wave=1 enemies=128 enemy_hp=100 hp=100/100 score=0 phys_us=1 ai_us=688 audio_us=5 net_us=0
[2026-08-09T12:12:36Z INFO  steel_front] cam: yaw=8824.6 pitch=-64.7 dist=3.4 mode=FirstPerson cycle_us=2406 update_us=598 render_us=1807
[2026-08-09T12:12:36Z INFO  steel_front::engine::game] weapons: shot #22 (4 alive)
[2026-08-09T12:12:37Z INFO  steel_front::engine::renderer] visible=0/65536 near=0 far=0 fps=248.6 frame_us=1739 cull_us=41 terrain_us=0 wait_fence_us=142 acquire_us=5 record_us=266 submit_us=128 present_us=1017 terrain_lod=high blend=0.000 quality=中画质 marker=20 npc=896
[2026-08-09T12:12:37Z INFO  steel_front::engine::game] ai: npcs=128 idle=0 patrol=0 chase=128 attack=0 tactics=[128, 0, 0, 0, 0, 0, 0]
[2026-08-09T12:12:37Z INFO  steel_front::engine::game] game: wave=1 enemies=128 enemy_hp=100 hp=100/100 score=0 phys_us=1 ai_us=570 audio_us=5 net_us=0
[2026-08-09T12:12:37Z INFO  steel_front] cam: yaw=8824.6 pitch=-64.6 dist=3.4 mode=FirstPerson cycle_us=2283 update_us=620 render_us=1662
[2026-08-09T12:12:37Z INFO  steel_front::engine::game] npc: #8 stand (-0.5, 0.0, -134.4)
[2026-08-09T12:12:37Z INFO  steel_front::engine::game] npc: #134 stand (-12.5, 0.0, -134.7)
[2026-08-09T12:12:38Z INFO  steel_front::engine::renderer] visible=0/65536 near=0 far=0 fps=300.6 frame_us=1522 cull_us=41 terrain_us=0 wait_fence_us=140 acquire_us=5 record_us=141 submit_us=105 present_us=1062 terrain_lod=high blend=0.000 quality=中画质 marker=20 npc=896
[2026-08-09T12:12:38Z INFO  steel_front::engine::game] ai: npcs=128 idle=0 patrol=0 chase=126 attack=2 tactics=[128, 0, 0, 0, 0, 0, 0]
[2026-08-09T12:12:38Z INFO  steel_front::engine::game] game: wave=1 enemies=128 enemy_hp=100 hp=100/100 score=0 phys_us=1 ai_us=568 audio_us=3 net_us=0
[2026-08-09T12:12:38Z INFO  steel_front] cam: yaw=8824.6 pitch=-64.6 dist=3.4 mode=FirstPerson cycle_us=2999 update_us=670 render_us=2328
[2026-08-09T12:12:38Z INFO  steel_front] input: cursor released
[2026-08-09T12:12:39Z INFO  steel_front::engine::renderer] visible=0/65536 near=0 far=0 fps=292.8 frame_us=1835 cull_us=117 terrain_us=0 wait_fence_us=241 acquire_us=15 record_us=216 submit_us=145 present_us=1147 terrain_lod=high blend=0.000 quality=中画质 marker=20 npc=896
[2026-08-09T12:12:39Z INFO  steel_front::engine::game] ai: npcs=128 idle=0 patrol=0 chase=126 attack=2 tactics=[128, 0, 0, 0, 0, 0, 0]
[2026-08-09T12:12:39Z INFO  steel_front::engine::game] game: wave=1 enemies=128 enemy_hp=100 hp=100/100 score=0 phys_us=6 ai_us=838 audio_us=5 net_us=0
[2026-08-09T12:12:39Z INFO  steel_front] cam: yaw=8824.6 pitch=-64.6 dist=3.4 mode=FirstPerson cycle_us=3297 update_us=759 render_us=2537
[2026-08-09T12:12:39Z INFO  steel_front::engine::game] npc: #74 stand (-2.9, 0.0, 129.8)
[2026-08-09T12:12:39Z INFO  steel_front::engine::game] npc: #71 stand (1.9, 0.0, 140.8)
[2026-08-09T12:12:39Z INFO  steel_front::engine::game] weapons: shot #23 (2 alive)
[2026-08-09T12:12:40Z INFO  steel_front::engine::game] npc: #68 stand (6.7, 0.0, 122.5)
[2026-08-09T12:12:40Z INFO  steel_front::engine::renderer] visible=0/65536 near=0 far=0 fps=238.9 frame_us=1556 cull_us=253 terrain_us=0 wait_fence_us=313 acquire_us=34 record_us=202 submit_us=121 present_us=1008 terrain_lod=high blend=0.000 quality=中画质 marker=20 npc=896
[2026-08-09T12:12:40Z INFO  steel_front::engine::game] ai: npcs=128 idle=0 patrol=0 chase=123 attack=5 tactics=[128, 0, 0, 0, 0, 0, 0]
[2026-08-09T12:12:40Z INFO  steel_front::engine::game] game: wave=1 enemies=128 enemy_hp=100 hp=100/100 score=0 phys_us=3 ai_us=1190 audio_us=1 net_us=0
[2026-08-09T12:12:40Z INFO  steel_front] cam: yaw=8830.2 pitch=-54.7 dist=3.4 mode=FirstPerson cycle_us=6485 update_us=910 render_us=5574
[2026-08-09T12:12:40Z INFO  steel_front::engine::game] npc: #9 stand (4.8, 0.0, -152.3)
[2026-08-09T12:12:40Z INFO  steel_front::engine::game] npc: #135 stand (-6.9, 0.0, -155.0)
[2026-08-09T12:12:41Z INFO  steel_front] input: cursor captured (mouse look on, grab=confined)
[2026-08-09T12:12:41Z INFO  steel_front::engine::renderer] visible=0/65536 near=0 far=0 fps=219.9 frame_us=1784 cull_us=50 terrain_us=0 wait_fence_us=183 acquire_us=12 record_us=224 submit_us=116 present_us=1223 terrain_lod=high blend=0.000 quality=中画质 marker=20 npc=896
[2026-08-09T12:12:41Z INFO  steel_front::engine::game] npc: #132 stand (-12.3, 0.0, -132.3)
[2026-08-09T12:12:41Z INFO  steel_front::engine::game] weapons: shot #24 (2 alive)
[2026-08-09T12:12:41Z INFO  steel_front::engine::game] ai: npcs=128 idle=0 patrol=0 chase=120 attack=8 tactics=[128, 0, 0, 0, 0, 0, 0]
[2026-08-09T12:12:41Z INFO  steel_front::engine::game] game: wave=1 enemies=128 enemy_hp=100 hp=100/100 score=0 phys_us=2 ai_us=1072 audio_us=9 net_us=0
[2026-08-09T12:12:41Z INFO  steel_front] cam: yaw=8815.8 pitch=-89.0 dist=3.4 mode=FirstPerson cycle_us=2464 update_us=625 render_us=1838
[2026-08-09T12:12:42Z INFO  steel_front::engine::renderer] visible=0/65536 near=0 far=0 fps=301.9 frame_us=1591 cull_us=43 terrain_us=0 wait_fence_us=173 acquire_us=7 record_us=156 submit_us=90 present_us=1059 terrain_lod=high blend=0.000 quality=中画质 marker=20 npc=896
[2026-08-09T12:12:42Z INFO  steel_front::engine::game] ai: npcs=128 idle=0 patrol=0 chase=120 attack=8 tactics=[128, 0, 0, 0, 0, 0, 0]
[2026-08-09T12:12:42Z INFO  steel_front::engine::game] game: wave=1 enemies=128 enemy_hp=100 hp=100/100 score=0 phys_us=2 ai_us=690 audio_us=2 net_us=0
[2026-08-09T12:12:41Z INFO  steel_front] cam: yaw=8815.8 pitch=-88.9 dist=3.4 mode=FirstPerson cycle_us=3462 update_us=821 render_us=2640
[2026-08-09T12:12:42Z INFO  steel_front::engine::renderer] visible=0/65536 near=0 far=0 fps=312.0 frame_us=2068 cull_us=79 terrain_us=0 wait_fence_us=153 acquire_us=6 record_us=585 submit_us=207 present_us=942 terrain_lod=high blend=0.000 quality=中画质 marker=20 npc=896
[2026-08-09T12:12:42Z INFO  steel_front::engine::game] npc: #72 stand (-5.1, 0.0, 120.5)
[2026-08-09T12:12:42Z INFO  steel_front::engine::game] ai: npcs=128 idle=0 patrol=0 chase=119 attack=9 tactics=[128, 0, 0, 0, 0, 0, 0]
[2026-08-09T12:12:42Z INFO  steel_front::engine::game] game: wave=1 enemies=128 enemy_hp=100 hp=100/100 score=0 phys_us=2 ai_us=728 audio_us=4 net_us=0
[2026-08-09T12:12:42Z INFO  steel_front] cam: yaw=8815.8 pitch=-88.9 dist=3.4 mode=FirstPerson cycle_us=3889 update_us=535 render_us=3354
[2026-08-09T12:12:42Z INFO  steel_front::engine::game] npc: #77 stand (-5.6, 0.0, 131.4)
[2026-08-09T12:12:43Z INFO  steel_front::engine::game] npc: #66 stand (7.9, 0.0, 124.6)
[2026-08-09T12:12:43Z INFO  steel_front::engine::renderer] visible=0/65536 near=0 far=0 fps=249.9 frame_us=2524 cull_us=63 terrain_us=0 wait_fence_us=180 acquire_us=9 record_us=429 submit_us=201 present_us=1373 terrain_lod=high blend=0.000 quality=中画质 marker=20 npc=896
[2026-08-09T12:12:43Z INFO  steel_front::engine::game] weapons: shot #25 (2 alive)
[2026-08-09T12:12:43Z INFO  steel_front::engine::game] ai: npcs=128 idle=0 patrol=0 chase=117 attack=11 tactics=[128, 0, 0, 0, 0, 0, 0]
[2026-08-09T12:12:43Z INFO  steel_front::engine::game] game: wave=1 enemies=128 enemy_hp=100 hp=100/100 score=0 phys_us=1 ai_us=655 audio_us=6 net_us=0
[2026-08-09T12:12:43Z INFO  steel_front::engine::game] npc: #11 stand (-2.2, 0.0, -140.8)
[2026-08-09T12:12:43Z INFO  steel_front] cam: yaw=8815.8 pitch=-88.9 dist=3.4 mode=FirstPerson cycle_us=2477 update_us=627 render_us=1849
[2026-08-09T12:12:43Z INFO  steel_front::engine::game] npc: #79 stand (-2.5, 0.0, 114.7)
[2026-08-09T12:12:44Z INFO  steel_front::engine::game] weapons: shot #26 (2 alive)
[2026-08-09T12:12:44Z INFO  steel_front::engine::renderer] visible=0/65536 near=0 far=0 fps=228.4 frame_us=1931 cull_us=64 terrain_us=0 wait_fence_us=151 acquire_us=5 record_us=225 submit_us=97 present_us=1266 terrain_lod=high blend=0.000 quality=中画质 marker=20 npc=896
[2026-08-09T12:12:44Z INFO  steel_front::engine::game] npc: #73 stand (-12.2, 0.0, 140.3)
[2026-08-09T12:12:44Z INFO  steel_front::engine::game] npc: #69 stand (-2.5, 0.0, 147.4)
[2026-08-09T12:12:44Z INFO  steel_front::engine::game] ai: npcs=128 idle=0 patrol=0 chase=113 attack=15 tactics=[128, 0, 0, 0, 0, 0, 0]
[2026-08-09T12:12:44Z INFO  steel_front::engine::game] game: wave=1 enemies=128 enemy_hp=100 hp=100/100 score=0 phys_us=2 ai_us=729 audio_us=2 net_us=0
[2026-08-09T12:12:44Z INFO  steel_front::engine::game] weapons: shot #27 (3 alive)
[2026-08-09T12:12:44Z INFO  steel_front] cam: yaw=8815.8 pitch=-88.8 dist=3.4 mode=FirstPerson cycle_us=3598 update_us=1058 render_us=2540
[2026-08-09T12:12:44Z INFO  steel_front::engine::game] npc: #133 stand (-6.1, 0.0, -157.3)
[2026-08-09T12:12:44Z INFO  steel_front::engine::game] npc: #130 stand (-12.3, 0.0, -132.3)
[2026-08-09T12:12:45Z INFO  steel_front::engine::game] weapons: shot #28 (4 alive)
[2026-08-09T12:12:45Z INFO  steel_front] input: cursor released
[2026-08-09T12:12:45Z INFO  steel_front::engine::game] npc: #63 stand (3.8, 0.0, 104.5)
[2026-08-09T12:12:45Z INFO  steel_front::engine::renderer] visible=0/65536 near=0 far=0 fps=239.2 frame_us=2635 cull_us=51 terrain_us=0 wait_fence_us=157 acquire_us=6 record_us=212 submit_us=125 present_us=2015 terrain_lod=high blend=0.000 quality=中画质 marker=20 npc=896
[2026-08-09T12:12:45Z INFO  steel_front::engine::game] npc: #13 stand (-0.8, 0.0, -128.8)
[2026-08-09T12:12:45Z INFO  steel_front::engine::game] ai: npcs=128 idle=0 patrol=0 chase=109 attack=19 tactics=[128, 0, 0, 0, 0, 0, 0]
[2026-08-09T12:12:45Z INFO  steel_front::engine::game] game: wave=1 enemies=128 enemy_hp=100 hp=100/100 score=0 phys_us=3 ai_us=692 audio_us=2 net_us=0
[2026-08-09T12:12:45Z INFO  steel_front] cam: yaw=8815.8 pitch=-88.7 dist=3.4 mode=FirstPerson cycle_us=3131 update_us=1128 render_us=2002
[2026-08-09T12:12:45Z INFO  steel_front::engine::game] weapons: shot #29 (5 alive)
[2026-08-09T12:12:45Z INFO  steel_front::engine::game] npc: #12 stand (4.8, 0.0, -152.4)
[2026-08-09T12:12:46Z INFO  steel_front::engine::renderer] visible=0/65536 near=0 far=0 fps=282.9 frame_us=1999 cull_us=58 terrain_us=0 wait_fence_us=298 acquire_us=8 record_us=160 submit_us=129 present_us=1441 terrain_lod=high blend=0.000 quality=中画质 marker=20 npc=896
[2026-08-09T12:12:46Z INFO  steel_front::engine::game] weapons: shot #30 (6 alive)
[2026-08-09T12:12:46Z INFO  steel_front::engine::game] ai: npcs=128 idle=0 patrol=0 chase=108 attack=20 tactics=[128, 0, 0, 0, 0, 0, 0]
[2026-08-09T12:12:46Z INFO  steel_front::engine::game] game: wave=1 enemies=128 enemy_hp=100 hp=100/100 score=0 phys_us=1 ai_us=663 audio_us=3 net_us=0
[2026-08-09T12:12:46Z INFO  steel_front] cam: yaw=8815.8 pitch=-88.6 dist=3.4 mode=FirstPerson cycle_us=2230 update_us=571 render_us=1659
[2026-08-09T12:12:46Z INFO  steel_front::engine::game] npc: #129 stand (-13.0, 0.0, -135.5)
[2026-08-09T12:12:47Z INFO  steel_front::engine::game] weapons: shot #31 (6 alive)
[2026-08-09T12:12:47Z INFO  steel_front::engine::game] npc: #10 stand (-5.3, 0.0, -169.3)
[2026-08-09T12:12:47Z INFO  steel_front::engine::game] battle: 阵亡 1（红=64 蓝=63 存活）
[2026-08-09T12:12:47Z INFO  steel_front::engine::renderer] visible=0/65536 near=0 far=0 fps=308.6 frame_us=1522 cull_us=96 terrain_us=0 wait_fence_us=290 acquire_us=14 record_us=163 submit_us=116 present_us=1019 terrain_lod=high blend=0.000 quality=中画质 marker=20 npc=889
[2026-08-09T12:12:47Z INFO  steel_front::engine::game] weapons: shot #32 (6 alive)
[2026-08-09T12:12:47Z INFO  steel_front::engine::game] ai: npcs=127 idle=0 patrol=0 chase=107 attack=20 tactics=[127, 0, 0, 0, 0, 0, 0]
[2026-08-09T12:12:47Z INFO  steel_front::engine::game] game: wave=1 enemies=127 enemy_hp=100 hp=100/100 score=0 phys_us=5 ai_us=933 audio_us=1 net_us=0
[2026-08-09T12:12:47Z INFO  steel_front::engine::game] npc: #131 stand (-9.9, 0.0, -158.2)
[2026-08-09T12:12:47Z INFO  steel_front] cam: yaw=8815.9 pitch=-88.5 dist=3.4 mode=FirstPerson cycle_us=4088 update_us=964 render_us=3123
[2026-08-09T12:12:47Z INFO  steel_front::engine::game] battle: 阵亡 1（红=63 蓝=63 存活）
[2026-08-09T12:12:47Z INFO  steel_front::engine::game] npc: #66 stand (6.0, 0.0, 124.8)
[2026-08-09T12:12:48Z INFO  steel_front::engine::game] npc: #14 stand (-0.4, 0.0, -133.9)
[2026-08-09T12:12:48Z INFO  steel_front::engine::game] weapons: shot #33 (6 alive)
[2026-08-09T12:12:48Z INFO  steel_front::engine::game] npc: #82 stand (-6.8, 0.0, 110.1)
[2026-08-09T12:12:48Z INFO  steel_front::engine::game] npc: #84 stand (-2.6, 0.0, 94.4)
[2026-08-09T12:12:48Z INFO  steel_front::engine::renderer] visible=0/65536 near=0 far=0 fps=289.5 frame_us=1762 cull_us=71 terrain_us=0 wait_fence_us=169 acquire_us=8 record_us=307 submit_us=212 present_us=988 terrain_lod=high blend=0.000 quality=中画质 marker=20 npc=882
[2026-08-09T12:12:48Z INFO  steel_front::engine::game] npc: #75 stand (-5.2, 0.0, 120.5)
[2026-08-09T12:12:48Z INFO  steel_front::engine::game] ai: npcs=126 idle=0 patrol=0 chase=101 attack=25 tactics=[126, 0, 0, 0, 0, 0, 0]
[2026-08-09T12:12:48Z INFO  steel_front::engine::game] game: wave=1 enemies=126 enemy_hp=100 hp=100/100 score=0 phys_us=1 ai_us=547 audio_us=4 net_us=0
[2026-08-09T12:12:48Z INFO  steel_front] cam: yaw=8815.9 pitch=-88.4 dist=3.4 mode=FirstPerson cycle_us=2747 update_us=843 render_us=1903
[2026-08-09T12:12:48Z INFO  steel_front::engine::game] weapons: shot #34 (6 alive)
[2026-08-09T12:12:48Z INFO  steel_front::engine::game] npc: #80 stand (-5.7, 0.0, 127.2)
[2026-08-09T12:12:48Z INFO  steel_front::engine::game] npc: #64 stand (6.3, 0.0, 126.9)
[2026-08-09T12:12:48Z INFO  steel_front::engine::game] npc: #128 stand (-13.5, 0.0, -136.7)
[2026-08-09T12:12:49Z INFO  steel_front::engine::game] weapons: shot #35 (6 alive)
[2026-08-09T12:12:49Z INFO  steel_front::engine::game] npc: #58 stand (4.1, 0.0, 84.5)
[2026-08-09T12:12:49Z INFO  steel_front::engine::renderer] visible=0/65536 near=0 far=0 fps=253.6 frame_us=2008 cull_us=168 terrain_us=0 wait_fence_us=347 acquire_us=22 record_us=381 submit_us=128 present_us=1080 terrain_lod=high blend=0.000 quality=中画质 marker=20 npc=882
[2026-08-09T12:12:49Z INFO  steel_front::engine::game] ai: npcs=126 idle=0 patrol=0 chase=97 attack=29 tactics=[126, 0, 0, 0, 0, 0, 0]
[2026-08-09T12:12:49Z INFO  steel_front::engine::game] game: wave=1 enemies=126 enemy_hp=100 hp=100/100 score=0 phys_us=2 ai_us=820 audio_us=4 net_us=0
[2026-08-09T12:12:49Z INFO  steel_front] cam: yaw=8815.9 pitch=-88.3 dist=3.4 mode=FirstPerson cycle_us=3504 update_us=842 render_us=2661
[2026-08-09T12:12:49Z INFO  steel_front::engine::game] npc: #61 stand (4.1, 0.0, 104.3)
[2026-08-09T12:12:49Z INFO  steel_front::engine::game] weapons: shot #36 (7 alive)
[2026-08-09T12:12:49Z INFO  steel_front::engine::game] npc: #67 stand (-1.6, 0.0, 145.9)
[2026-08-09T12:12:50Z INFO  steel_front::engine::game] npc: #127 stand (-12.3, 0.0, -132.3)
[2026-08-09T12:12:50Z INFO  steel_front::engine::game] weapons: shot #37 (7 alive)
[2026-08-09T12:12:50Z INFO  steel_front::engine::game] npc: #16 stand (-0.4, 0.0, -131.3)
[2026-08-09T12:12:50Z INFO  steel_front::engine::renderer] visible=0/65536 near=0 far=0 fps=257.4 frame_us=1927 cull_us=95 terrain_us=0 wait_fence_us=184 acquire_us=8 record_us=280 submit_us=130 present_us=1277 terrain_lod=high blend=0.000 quality=中画质 marker=20 npc=882
[2026-08-09T12:12:50Z INFO  steel_front::engine::game] ai: npcs=126 idle=0 patrol=0 chase=93 attack=33 tactics=[126, 0, 0, 0, 0, 0, 0]
[2026-08-09T12:12:50Z INFO  steel_front::engine::game] game: wave=1 enemies=126 enemy_hp=100 hp=100/100 score=0 phys_us=2 ai_us=975 audio_us=2 net_us=0
[2026-08-09T12:12:50Z INFO  steel_front] cam: yaw=8815.9 pitch=-88.2 dist=3.4 mode=FirstPerson cycle_us=3901 update_us=812 render_us=3088
[2026-08-09T12:12:50Z INFO  steel_front::engine::game] npc: #76 stand (-12.2, 0.0, 140.3)
[2026-08-09T12:12:51Z INFO  steel_front::engine::game] weapons: shot #38 (6 alive)
[2026-08-09T12:12:51Z INFO  steel_front::engine::renderer] visible=0/65536 near=0 far=0 fps=309.1 frame_us=1431 cull_us=93 terrain_us=0 wait_fence_us=155 acquire_us=5 record_us=149 submit_us=95 present_us=997 terrain_lod=high blend=0.000 quality=中画质 marker=20 npc=882
[2026-08-09T12:12:51Z INFO  steel_front::engine::game] ai: npcs=126 idle=0 patrol=0 chase=92 attack=34 tactics=[126, 0, 0, 0, 0, 0, 0]
[2026-08-09T12:12:51Z INFO  steel_front::engine::game] game: wave=1 enemies=126 enemy_hp=100 hp=100/100 score=0 phys_us=0 ai_us=770 audio_us=1 net_us=0
[2026-08-09T12:12:51Z INFO  steel_front::engine::game] weapons: shot #39 (6 alive)
[2026-08-09T12:12:51Z INFO  steel_front] cam: yaw=8815.9 pitch=-88.1 dist=3.4 mode=FirstPerson cycle_us=2814 update_us=826 render_us=1988
[2026-08-09T12:12:52Z INFO  steel_front::engine::game] npc: #89 stand (-7.3, 0.0, 80.7)
[2026-08-09T12:12:52Z INFO  steel_front::engine::game] weapons: shot #40 (6 alive)
[2026-08-09T12:12:52Z INFO  steel_front::engine::game] npc: #15 stand (3.2, 0.0, -148.5)
[2026-08-09T12:12:52Z INFO  steel_front::engine::renderer] visible=0/65536 near=0 far=0 fps=323.4 frame_us=1333 cull_us=40 terrain_us=0 wait_fence_us=145 acquire_us=5 record_us=125 submit_us=85 present_us=932 terrain_lod=high blend=0.000 quality=中画质 marker=20 npc=882
[2026-08-09T12:12:52Z INFO  steel_front::engine::game] npc: #87 stand (-6.0, 0.0, 90.9)
[2026-08-09T12:12:52Z INFO  steel_front::engine::game] npc: #85 stand (-8.2, 0.0, 104.4)
[2026-08-09T12:12:52Z INFO  steel_front::engine::game] ai: npcs=126 idle=0 patrol=0 chase=88 attack=38 tactics=[126, 0, 0, 0, 0, 0, 0]
[2026-08-09T12:12:52Z INFO  steel_front::engine::game] game: wave=1 enemies=126 enemy_hp=100 hp=100/100 score=0 phys_us=2 ai_us=522 audio_us=1 net_us=0
[2026-08-09T12:12:52Z INFO  steel_front] cam: yaw=8815.9 pitch=-88.0 dist=3.4 mode=FirstPerson cycle_us=2619 update_us=427 render_us=2191
[2026-08-09T12:12:52Z INFO  steel_front::engine::game] npc: #81 stand (-12.2, 0.0, 140.3)
[2026-08-09T12:12:52Z INFO  steel_front::engine::game] weapons: shot #41 (6 alive)
[2026-08-09T12:12:52Z INFO  steel_front::engine::game] battle: 阵亡 1（红=62 蓝=63 存活）
[2026-08-09T12:12:52Z INFO  steel_front::engine::game] npc: #62 stand (6.3, 0.0, 127.1)
[2026-08-09T12:12:52Z INFO  steel_front::engine::game] npc: #70 stand (-2.2, 0.0, 146.9)
[2026-08-09T12:12:53Z INFO  steel_front::engine::game] weapons: shot #42 (6 alive)
[2026-08-09T12:12:53Z INFO  steel_front::engine::renderer] visible=0/65536 near=0 far=0 fps=269.1 frame_us=1572 cull_us=383 terrain_us=0 wait_fence_us=383 acquire_us=32 record_us=200 submit_us=126 present_us=1019 terrain_lod=high blend=0.000 quality=中画质 marker=20 npc=875
[2026-08-09T12:12:53Z INFO  steel_front::engine::game] battle: 阵亡 1（红=62 蓝=62 存活）
[2026-08-09T12:12:53Z INFO  steel_front::engine::game] ai: npcs=124 idle=0 patrol=0 chase=85 attack=39 tactics=[124, 0, 0, 0, 0, 0, 0]
[2026-08-09T12:12:53Z INFO  steel_front::engine::game] game: wave=1 enemies=124 enemy_hp=100 hp=100/100 score=0 phys_us=2 ai_us=643 audio_us=1 net_us=0
[2026-08-09T12:12:53Z INFO  steel_front::engine::game] npc: #56 stand (4.1, 0.0, 84.4)
[2026-08-09T12:12:53Z INFO  steel_front] cam: yaw=8816.0 pitch=-87.9 dist=3.4 mode=FirstPerson cycle_us=5122 update_us=1382 render_us=3740
[2026-08-09T12:12:53Z INFO  steel_front::engine::game] npc: #17 stand (-0.4, 0.0, -132.4)
[2026-08-09T12:12:53Z INFO  steel_front::engine::game] battle: 阵亡 1（红=61 蓝=62 存活）
[2026-08-09T12:12:53Z INFO  steel_front::engine::game] weapons: shot #43 (6 alive)
[2026-08-09T12:12:53Z INFO  steel_front::engine::game] npc: #82 stand (-6.5, 0.0, 109.9)
[2026-08-09T12:12:53Z INFO  steel_front::engine::game] npc: #126 stand (-12.4, 0.0, -132.9)
[2026-08-09T12:12:53Z INFO  steel_front::engine::game] npc: #83 stand (-5.1, 0.0, 120.3)
[2026-08-09T12:12:54Z INFO  steel_front::engine::game] npc: #85 stand (-7.8, 0.0, 105.2)
[2026-08-09T12:12:54Z INFO  steel_front::engine::game] npc: #59 stand (4.2, 0.0, 104.3)
[2026-08-09T12:12:54Z INFO  steel_front::engine::game] weapons: shot #44 (7 alive)
[2026-08-09T12:12:54Z INFO  steel_front::engine::game] npc: #125 stand (-12.3, 0.0, -132.3)
[2026-08-09T12:12:54Z INFO  steel_front::engine::game] npc: #65 stand (-1.3, 0.0, 145.5)
[2026-08-09T12:12:54Z INFO  steel_front::engine::renderer] visible=0/65536 near=0 far=0 fps=238.4 frame_us=1514 cull_us=98 terrain_us=0 wait_fence_us=161 acquire_us=20 record_us=147 submit_us=105 present_us=997 terrain_lod=high blend=0.000 quality=中画质 marker=20 npc=861
[2026-08-09T12:12:54Z INFO  steel_front::engine::game] npc: #18 stand (-0.4, 0.0, -131.3)
[2026-08-09T12:12:54Z INFO  steel_front::engine::game] npc: #48 stand (6.6, 0.0, 42.0)
[2026-08-09T12:12:54Z INFO  steel_front::engine::game] npc: #94 stand (-2.7, 0.0, 49.6)
[2026-08-09T12:12:54Z INFO  steel_front::engine::game] ai: npcs=123 idle=0 patrol=0 chase=75 attack=48 tactics=[123, 0, 0, 0, 0, 0, 0]
[2026-08-09T12:12:54Z INFO  steel_front::engine::game] game: wave=1 enemies=123 enemy_hp=100 hp=100/100 score=0 phys_us=2 ai_us=738 audio_us=4 net_us=19
[2026-08-09T12:12:54Z INFO  steel_front] cam: yaw=8816.0 pitch=-87.8 dist=3.4 mode=FirstPerson cycle_us=3469 update_us=1198 render_us=2271
[2026-08-09T12:12:54Z INFO  steel_front::engine::game] battle: 阵亡 1（红=60 蓝=62 存活）
[2026-08-09T12:12:54Z INFO  steel_front::engine::game] npc: #78 stand (-5.2, 0.0, 120.6)
[2026-08-09T12:12:54Z INFO  steel_front::engine::game] battle: 阵亡 1（红=59 蓝=62 存活）
[2026-08-09T12:12:54Z INFO  steel_front::engine::game] npc: #134 stand (-12.4, 0.0, -134.6)
[2026-08-09T12:12:54Z INFO  steel_front::engine::game] weapons: shot #45 (7 alive)
[2026-08-09T12:12:54Z INFO  steel_front::engine::game] npc: #77 stand (-5.1, 0.0, 130.7)
[2026-08-09T12:12:55Z INFO  steel_front::engine::game] npc: #129 stand (-12.3, 0.0, -135.8)
[2026-08-09T12:12:55Z INFO  steel_front::engine::game] npc: #128 stand (-12.1, 0.0, -136.8)
[2026-08-09T12:12:55Z INFO  steel_front::engine::game] npc: #53 stand (-4.5, 0.0, 65.0)
[2026-08-09T12:12:55Z INFO  steel_front::engine::game] npc: #92 stand (-13.7, 0.0, 72.7)
[2026-08-09T12:12:55Z INFO  steel_front::engine::renderer] visible=0/65536 near=0 far=0 fps=292.7 frame_us=1689 cull_us=70 terrain_us=0 wait_fence_us=144 acquire_us=5 record_us=262 submit_us=194 present_us=950 terrain_lod=high blend=0.000 quality=中画质 marker=20 npc=847
[2026-08-09T12:12:55Z INFO  steel_front::engine::game] battle: 阵亡 1（红=58 蓝=62 存活）
[2026-08-09T12:12:55Z INFO  steel_front::engine::game] npc: #75 stand (-5.1, 0.0, 120.5)
[2026-08-09T12:12:55Z INFO  steel_front::engine::game] npc: #78 stand (-5.2, 0.0, 120.6)
[2026-08-09T12:12:55Z INFO  steel_front::engine::game] ai: npcs=120 idle=0 patrol=0 chase=72 attack=48 tactics=[120, 0, 0, 0, 0, 0, 0]
[2026-08-09T12:12:55Z INFO  steel_front::engine::game] game: wave=1 enemies=120 enemy_hp=100 hp=100/100 score=0 phys_us=1 ai_us=635 audio_us=1 net_us=0
[2026-08-09T12:12:55Z INFO  steel_front] cam: yaw=8816.0 pitch=-87.7 dist=3.4 mode=FirstPerson cycle_us=2099 update_us=558 render_us=1540
[2026-08-09T12:12:55Z INFO  steel_front::engine::game] weapons: shot #46 (6 alive)
[2026-08-09T12:12:55Z INFO  steel_front::engine::game] battle: 阵亡 1（红=58 蓝=61 存活）
[2026-08-09T12:12:55Z INFO  steel_front::engine::game] npc: #70 stand (-2.2, 0.0, 146.9)
[2026-08-09T12:12:55Z INFO  steel_front::engine::game] npc: #69 stand (-2.5, 0.0, 147.5)
[2026-08-09T12:12:55Z INFO  steel_front::engine::game] npc: #65 stand (-1.4, 0.0, 145.6)
[2026-08-09T12:12:56Z INFO  steel_front::engine::game] npc: #43 stand (10.0, 0.0, 23.3)
[2026-08-09T12:12:56Z INFO  steel_front::engine::game] npc: #99 stand (-1.9, 0.0, 25.0)
[2026-08-09T12:12:56Z INFO  steel_front::engine::game] npc: #124 stand (-12.4, 0.0, -134.9)
[2026-08-09T12:12:56Z INFO  steel_front::engine::game] npc: #51 stand (4.5, 0.0, 59.2)
[2026-08-09T12:12:56Z INFO  steel_front::engine::game] weapons: shot #47 (6 alive)
[2026-08-09T12:12:56Z INFO  steel_front::engine::renderer] visible=0/65536 near=0 far=0 fps=324.1 frame_us=1456 cull_us=43 terrain_us=0 wait_fence_us=145 acquire_us=5 record_us=137 submit_us=93 present_us=1005 terrain_lod=high blend=0.000 quality=中画质 marker=20 npc=833
[2026-08-09T12:12:56Z INFO  steel_front::engine::game] npc: #19 stand (-0.4, 0.0, -131.4)
[2026-08-09T12:12:56Z INFO  steel_front::engine::game] ai: npcs=119 idle=0 patrol=0 chase=67 attack=52 tactics=[119, 0, 0, 0, 0, 0, 0]
[2026-08-09T12:12:56Z INFO  steel_front::engine::game] game: wave=1 enemies=119 enemy_hp=100 hp=100/100 score=0 phys_us=2 ai_us=932 audio_us=1 net_us=0
[2026-08-09T12:12:56Z INFO  steel_front] cam: yaw=8816.0 pitch=-87.6 dist=3.4 mode=FirstPerson cycle_us=2511 update_us=752 render_us=1758
[2026-08-09T12:12:56Z INFO  steel_front::engine::game] weapons: shot #48 (6 alive)
[2026-08-09T12:12:57Z INFO  steel_front::engine::game] npc: #60 stand (6.3, 0.0, 127.1)
[2026-08-09T12:12:57Z INFO  steel_front::engine::game] weapons: shot #49 (6 alive)
[2026-08-09T12:12:57Z INFO  steel_front::engine::game] npc: #90 stand (-7.3, 0.0, 80.6)
[2026-08-09T12:12:57Z INFO  steel_front::engine::renderer] visible=0/65536 near=0 far=0 fps=301.4 frame_us=1778 cull_us=92 terrain_us=0 wait_fence_us=262 acquire_us=13 record_us=205 submit_us=118 present_us=1227 terrain_lod=high blend=0.000 quality=中画质 marker=20 npc=833
[2026-08-09T12:12:57Z INFO  steel_front::engine::game] ai: npcs=119 idle=0 patrol=0 chase=65 attack=54 tactics=[119, 0, 0, 0, 0, 0, 0]
[2026-08-09T12:12:57Z INFO  steel_front::engine::game] game: wave=1 enemies=119 enemy_hp=100 hp=100/100 score=0 phys_us=1 ai_us=633 audio_us=1 net_us=0
[2026-08-09T12:12:57Z INFO  steel_front] cam: yaw=8816.0 pitch=-87.5 dist=3.4 mode=FirstPerson cycle_us=3342 update_us=698 render_us=2643
[2026-08-09T12:12:57Z INFO  steel_front::engine::game] npc: #46 stand (6.9, 0.0, 33.7)
[2026-08-09T12:12:57Z INFO  steel_front::engine::game] npc: #97 stand (-4.7, 0.0, 36.6)
[2026-08-09T12:12:57Z INFO  steel_front::engine::game] battle: 阵亡 1（红=57 蓝=61 存活）
[2026-08-09T12:12:57Z INFO  steel_front::engine::game] weapons: shot #50 (6 alive)
[2026-08-09T12:12:57Z INFO  steel_front::engine::game] battle: 阵亡 1（红=57 蓝=60 存活）
[2026-08-09T12:12:57Z INFO  steel_front::engine::game] npc: #60 stand (6.3, 0.0, 127.1)
[2026-08-09T12:12:58Z INFO  steel_front::engine::game] npc: #64 stand (6.1, 0.0, 126.7)
[2026-08-09T12:12:58Z INFO  steel_front::engine::game] npc: #54 stand (4.7, 0.0, 80.4)
[2026-08-09T12:12:58Z INFO  steel_front::engine::game] npc: #78 stand (-4.2, 0.0, 120.6)
[2026-08-09T12:12:58Z INFO  steel_front::engine::game] battle: 阵亡 1（红=56 蓝=60 存活）
[2026-08-09T12:12:58Z INFO  steel_front::engine::game] npc: #75 stand (-4.7, 0.0, 121.5)
[2026-08-09T12:12:58Z INFO  steel_front::engine::game] npc: #126 stand (-12.3, 0.0, -132.9)
[2026-08-09T12:12:58Z INFO  steel_front::engine::game] npc: #72 stand (-4.7, 0.0, 121.6)
[2026-08-09T12:12:58Z INFO  steel_front::engine::game] npc: #83 stand (-4.7, 0.0, 121.6)
[2026-08-09T12:12:58Z INFO  steel_front::engine::game] npc: #124 stand (-12.2, 0.0, -134.6)
[2026-08-09T12:12:58Z INFO  steel_front::engine::game] npc: #134 stand (-12.2, 0.0, -134.3)
[2026-08-09T12:12:58Z INFO  steel_front::engine::game] npc: #129 stand (-11.8, 0.0, -135.9)
[2026-08-09T12:12:58Z INFO  steel_front::engine::game] weapons: shot #51 (6 alive)
[2026-08-09T12:12:58Z INFO  steel_front::engine::renderer] visible=0/65536 near=0 far=0 fps=267.1 frame_us=1972 cull_us=70 terrain_us=0 wait_fence_us=126 acquire_us=7 record_us=255 submit_us=149 present_us=1050 terrain_lod=high blend=0.000 quality=中画质 marker=20 npc=812
[2026-08-09T12:12:58Z INFO  steel_front::engine::game] npc: #128 stand (-10.8, 0.0, -138.3)
[2026-08-09T12:12:58Z INFO  steel_front::engine::game] npc: #57 stand (4.2, 0.0, 104.4)
[2026-08-09T12:12:58Z INFO  steel_front::engine::game] ai: npcs=116 idle=0 patrol=0 chase=62 attack=54 tactics=[116, 0, 0, 0, 0, 0, 0]
[2026-08-09T12:12:58Z INFO  steel_front::engine::game] game: wave=1 enemies=116 enemy_hp=100 hp=100/100 score=0 phys_us=2 ai_us=853 audio_us=4 net_us=0
[2026-08-09T12:12:58Z INFO  steel_front::engine::game] npc: #79 stand (0.6, 0.0, 115.8)
[2026-08-09T12:12:58Z INFO  steel_front] cam: yaw=8816.1 pitch=-87.4 dist=3.4 mode=FirstPerson cycle_us=3994 update_us=1011 render_us=2982
[2026-08-09T12:12:58Z INFO  steel_front::engine::game] npc: #123 stand (-12.4, 0.0, -132.3)
[2026-08-09T12:12:58Z INFO  steel_front::engine::game] weapons: shot #52 (7 alive)
[2026-08-09T12:12:59Z INFO  steel_front::engine::game] npc: #49 stand (8.9, 0.0, 52.6)
[2026-08-09T12:12:59Z INFO  steel_front::engine::game] npc: #88 stand (-5.6, 0.0, 97.4)
[2026-08-09T12:12:59Z INFO  steel_front::engine::game] battle: 阵亡 1（红=55 蓝=60 存活）
[2026-08-09T12:12:59Z INFO  steel_front::engine::game] npc: #125 stand (-12.3, 0.0, -132.3)
[2026-08-09T12:12:59Z INFO  steel_front::engine::game] npc: #123 stand (-12.3, 0.0, -132.4)
[2026-08-09T12:12:59Z INFO  steel_front::engine::game] npc: #126 stand (-12.3, 0.0, -132.9)
[2026-08-09T12:12:59Z INFO  steel_front::engine::game] npc: #134 stand (-12.0, 0.0, -134.3)
[2026-08-09T12:12:59Z INFO  steel_front::engine::game] npc: #124 stand (-11.9, 0.0, -134.8)
[2026-08-09T12:12:59Z INFO  steel_front::engine::game] npc: #95 stand (-15.7, 0.0, 60.6)
[2026-08-09T12:12:59Z INFO  steel_front::engine::game] npc: #128 stand (-9.9, 0.0, -138.7)
[2026-08-09T12:12:59Z INFO  steel_front::engine::game] npc: #129 stand (-11.9, 0.0, -134.8)
[2026-08-09T12:12:59Z INFO  steel_front::engine::renderer] visible=0/65536 near=0 far=0 fps=255.3 frame_us=2405 cull_us=58 terrain_us=0 wait_fence_us=159 acquire_us=11 record_us=382 submit_us=306 present_us=1305 terrain_lod=high blend=0.000 quality=中画质 marker=20 npc=805
[2026-08-09T12:12:59Z INFO  steel_front::engine::game] weapons: shot #53 (7 alive)
[2026-08-09T12:12:59Z INFO  steel_front::engine::game] ai: npcs=115 idle=0 patrol=0 chase=57 attack=58 tactics=[115, 0, 0, 0, 0, 0, 0]
[2026-08-09T12:12:59Z INFO  steel_front::engine::game] game: wave=1 enemies=115 enemy_hp=100 hp=100/100 score=0 phys_us=1 ai_us=657 audio_us=3 net_us=0
[2026-08-09T12:12:59Z INFO  steel_front] cam: yaw=8816.1 pitch=-87.3 dist=3.4 mode=FirstPerson cycle_us=2576 update_us=788 render_us=1788
[2026-08-09T12:12:59Z INFO  steel_front::engine::game] npc: #122 stand (-12.3, 0.0, -132.4)
[2026-08-09T12:13:00Z INFO  steel_front::engine::game] npc: #86 stand (-4.7, 0.0, 112.4)
[2026-08-09T12:13:00Z INFO  steel_front::engine::game] npc: #20 stand (-0.8, 0.0, -129.0)
[2026-08-09T12:13:00Z INFO  steel_front::engine::game] battle: 阵亡 1（红=55 蓝=59 存活）
[2026-08-09T12:13:00Z INFO  steel_front::engine::game] weapons: shot #54 (6 alive)
[2026-08-09T12:13:00Z INFO  steel_front::engine::renderer] visible=0/65536 near=0 far=0 fps=304.7 frame_us=1443 cull_us=45 terrain_us=0 wait_fence_us=183 acquire_us=12 record_us=131 submit_us=90 present_us=1032 terrain_lod=high blend=0.000 quality=中画质 marker=20 npc=798
[2026-08-09T12:13:00Z INFO  steel_front::engine::game] npc: #15 stand (2.2, 0.0, -148.7)
[2026-08-09T12:13:00Z INFO  steel_front::engine::game] battle: 阵亡 2（红=55 蓝=57 存活）
[2026-08-09T12:13:00Z INFO  steel_front::engine::game] npc: #20 stand (-0.8, 0.0, -129.0)
[2026-08-09T12:13:00Z INFO  steel_front::engine::game] npc: #13 stand (-0.8, 0.0, -128.9)
[2026-08-09T12:13:00Z INFO  steel_front::engine::game] npc: #59 stand (4.2, 0.0, 104.4)
[2026-08-09T12:13:00Z INFO  steel_front::engine::game] ai: npcs=112 idle=0 patrol=0 chase=54 attack=58 tactics=[112, 0, 0, 0, 0, 0, 0]
[2026-08-09T12:13:00Z INFO  steel_front::engine::game] game: wave=1 enemies=112 enemy_hp=100 hp=100/100 score=0 phys_us=2 ai_us=716 audio_us=1 net_us=0
[2026-08-09T12:13:00Z INFO  steel_front] cam: yaw=8816.1 pitch=-87.2 dist=3.4 mode=FirstPerson cycle_us=2443 update_us=661 render_us=1781
[2026-08-09T12:13:00Z INFO  steel_front::engine::game] npc: #21 stand (-0.4, 0.0, -131.4)
[2026-08-09T12:13:00Z INFO  steel_front::engine::game] battle: 阵亡 1（红=55 蓝=56 存活）
[2026-08-09T12:13:00Z INFO  steel_front::engine::game] npc: #65 stand (-1.4, 0.0, 145.6)
[2026-08-09T12:13:01Z INFO  steel_front::engine::game] npc: #44 stand (10.0, 0.0, 23.3)
[2026-08-09T12:13:01Z INFO  steel_front::engine::renderer] visible=0/65536 near=0 far=0 fps=320.4 frame_us=1563 cull_us=110 terrain_us=0 wait_fence_us=277 acquire_us=26 record_us=130 submit_us=89 present_us=1147 terrain_lod=high blend=0.000 quality=中画质 marker=20 npc=777
[2026-08-09T12:13:01Z INFO  steel_front::engine::game] ai: npcs=111 idle=0 patrol=0 chase=52 attack=59 tactics=[111, 0, 0, 0, 0, 0, 0]
[2026-08-09T12:13:01Z INFO  steel_front::engine::game] game: wave=1 enemies=111 enemy_hp=100 hp=100/100 score=0 phys_us=1 ai_us=765 audio_us=1 net_us=0
[2026-08-09T12:13:01Z INFO  steel_front] cam: yaw=8816.1 pitch=-87.2 dist=3.4 mode=FirstPerson cycle_us=3348 update_us=480 render_us=2867
[2026-08-09T12:13:02Z INFO  steel_front::engine::game] battle: 阵亡 1（红=54 蓝=56 存活）
[2026-08-09T12:13:02Z INFO  steel_front::engine::game] npc: #78 stand (-4.0, 0.0, 120.9)
[2026-08-09T12:13:02Z INFO  steel_front::engine::game] npc: #75 stand (-4.2, 0.0, 121.3)
[2026-08-09T12:13:02Z INFO  steel_front::engine::game] npc: #72 stand (-4.2, 0.0, 121.1)
[2026-08-09T12:13:02Z INFO  steel_front::engine::game] npc: #83 stand (-4.1, 0.0, 121.1)
[2026-08-09T12:13:02Z INFO  steel_front::engine::renderer] visible=0/65536 near=0 far=0 fps=286.0 frame_us=1475 cull_us=44 terrain_us=0 wait_fence_us=138 acquire_us=6 record_us=212 submit_us=98 present_us=964 terrain_lod=high blend=0.000 quality=中画质 marker=20 npc=770
[2026-08-09T12:13:02Z INFO  steel_front::engine::game] battle: 阵亡 1（红=53 蓝=56 存活）
[2026-08-09T12:13:02Z INFO  steel_front::engine::game] npc: #87 stand (-6.0, 0.0, 90.9)
[2026-08-09T12:13:02Z INFO  steel_front::engine::game] ai: npcs=109 idle=0 patrol=0 chase=52 attack=57 tactics=[109, 0, 0, 0, 0, 0, 0]
[2026-08-09T12:13:02Z INFO  steel_front::engine::game] game: wave=1 enemies=109 enemy_hp=100 hp=100/100 score=0 phys_us=2 ai_us=783 audio_us=3 net_us=0
[2026-08-09T12:13:02Z INFO  steel_front] cam: yaw=8816.1 pitch=-87.2 dist=3.4 mode=FirstPerson cycle_us=3464 update_us=664 render_us=2798
[2026-08-09T12:13:02Z INFO  steel_front::engine::game] npc: #52 stand (2.6, 0.0, 73.9)
[2026-08-09T12:13:03Z INFO  steel_front::engine::game] weapons: shot #55 (2 alive)
[2026-08-09T12:13:03Z INFO  steel_front::engine::game] battle: 阵亡 1（红=52 蓝=56 存活）
[2026-08-09T12:13:03Z INFO  steel_front::engine::game] npc: #85 stand (-7.8, 0.0, 105.2)
[2026-08-09T12:13:03Z INFO  steel_front::engine::game] npc: #88 stand (-5.6, 0.0, 97.4)
[2026-08-09T12:13:03Z INFO  steel_front::engine::game] npc: #84 stand (-2.6, 0.0, 94.5)
[2026-08-09T12:13:03Z INFO  steel_front::engine::game] battle: 阵亡 1（红=51 蓝=56 存活）
[2026-08-09T12:13:03Z INFO  steel_front::engine::game] npc: #127 stand (-12.3, 0.0, -132.3)
[2026-08-09T12:13:03Z INFO  steel_front::engine::game] npc: #100 stand (-1.7, 0.0, 20.6)
[2026-08-09T12:13:03Z INFO  steel_front::engine::renderer] visible=0/65536 near=0 far=0 fps=245.2 frame_us=2002 cull_us=134 terrain_us=0 wait_fence_us=230 acquire_us=30 record_us=295 submit_us=118 present_us=1063 terrain_lod=high blend=0.000 quality=中画质 marker=20 npc=749
[2026-08-09T12:13:03Z INFO  steel_front::engine::game] battle: 阵亡 1（红=51 蓝=55 存活）
[2026-08-09T12:13:03Z INFO  steel_front::engine::game] weapons: shot #56 (3 alive)
[2026-08-09T12:13:03Z INFO  steel_front::engine::game] battle: 阵亡 1（红=51 蓝=54 存活）
[2026-08-09T12:13:03Z INFO  steel_front::engine::game] ai: npcs=105 idle=0 patrol=0 chase=55 attack=50 tactics=[105, 0, 0, 0, 0, 0, 0]
[2026-08-09T12:13:03Z INFO  steel_front::engine::game] game: wave=1 enemies=105 enemy_hp=100 hp=100/100 score=0 phys_us=3 ai_us=881 audio_us=6 net_us=0
[2026-08-09T12:13:03Z INFO  steel_front::engine::game] npc: #91 stand (-7.5, 0.0, 87.5)
[2026-08-09T12:13:03Z INFO  steel_front] cam: yaw=8816.1 pitch=-87.1 dist=3.4 mode=FirstPerson cycle_us=3072 update_us=704 render_us=2367
[2026-08-09T12:13:03Z INFO  steel_front::engine::game] npc: #23 stand (-0.7, 0.0, -129.3)
[2026-08-09T12:13:03Z INFO  steel_front::engine::game] npc: #48 stand (5.5, 0.0, 42.9)
[2026-08-09T12:13:03Z INFO  steel_front::engine::game] npc: #55 stand (9.2, 0.0, 107.4)
[2026-08-09T12:13:04Z INFO  steel_front::engine::game] battle: 阵亡 1（红=50 蓝=54 存活）
[2026-08-09T12:13:04Z INFO  steel_front::engine::game] npc: #128 stand (-9.9, 0.0, -138.7)
[2026-08-09T12:13:04Z INFO  steel_front::engine::game] weapons: shot #57 (3 alive)
[2026-08-09T12:13:04Z INFO  steel_front::engine::game] npc: #22 stand (-0.8, 0.0, -129.0)
[2026-08-09T12:13:04Z INFO  steel_front::engine::game] npc: #15 stand (-0.8, 0.0, -150.4)
[2026-08-09T12:13:04Z INFO  steel_front::engine::renderer] visible=0/65536 near=0 far=0 fps=260.5 frame_us=1624 cull_us=48 terrain_us=0 wait_fence_us=160 acquire_us=8 record_us=267 submit_us=132 present_us=996 terrain_lod=high blend=0.000 quality=中画质 marker=20 npc=728
[2026-08-09T12:13:04Z INFO  steel_front::engine::game] battle: 阵亡 1（红=49 蓝=54 存活）
[2026-08-09T12:13:04Z INFO  steel_front] input: cursor captured (mouse look on, grab=confined)
[2026-08-09T12:13:04Z INFO  steel_front::engine::game] ai: npcs=103 idle=0 patrol=0 chase=52 attack=51 tactics=[103, 0, 0, 0, 0, 0, 0]
[2026-08-09T12:13:04Z INFO  steel_front::engine::game] game: wave=1 enemies=103 enemy_hp=100 hp=100/100 score=0 phys_us=1 ai_us=542 audio_us=1 net_us=0
[2026-08-09T12:13:04Z INFO  steel_front::engine::game] npc: #12 stand (1.7, 0.0, -155.3)
[2026-08-09T12:13:04Z INFO  steel_front] cam: yaw=8816.1 pitch=-87.0 dist=3.4 mode=FirstPerson cycle_us=2144 update_us=440 render_us=1704
[2026-08-09T12:13:04Z INFO  steel_front::engine::game] npc: #119 stand (-12.3, 0.0, -132.3)
[2026-08-09T12:13:04Z INFO  steel_front::engine::game] battle: 阵亡 1（红=49 蓝=53 存活）
[2026-08-09T12:13:04Z INFO  steel_front::engine::game] npc: #62 stand (6.3, 0.0, 127.1)
[2026-08-09T12:13:04Z INFO  steel_front::engine::game] battle: 阵亡 1（红=49 蓝=52 存活）
[2026-08-09T12:13:04Z INFO  steel_front::engine::game] npc: #54 stand (4.7, 0.0, 80.5)
[2026-08-09T12:13:04Z INFO  steel_front::engine::game] npc: #89 stand (-7.2, 0.0, 81.6)
[2026-08-09T12:13:04Z INFO  steel_front::engine::game] npc: #121 stand (-11.7, 0.0, -135.3)
[2026-08-09T12:13:04Z INFO  steel_front::engine::game] weapons: shot #58 (4 alive)
[2026-08-09T12:13:05Z INFO  steel_front::engine::game] npc: #98 stand (-4.8, 0.0, 36.5)
[2026-08-09T12:13:05Z INFO  steel_front::engine::game] npc: #93 stand (-7.0, 0.0, 83.1)
[2026-08-09T12:13:05Z INFO  steel_front::engine::game] npc: #52 stand (1.2, 0.0, 73.1)
[2026-08-09T12:13:05Z INFO  steel_front::engine::game] npc: #91 stand (-6.0, 0.0, 86.0)
[2026-08-09T12:13:05Z INFO  steel_front::engine::game] npc: #96 stand (-16.4, 0.0, 63.7)
[2026-08-09T12:13:05Z INFO  steel_front::engine::game] weapons: shot #59 (5 alive)
[2026-08-09T12:13:05Z INFO  steel_front::engine::game] battle: 阵亡 1（红=49 蓝=51 存活）
[2026-08-09T12:13:05Z INFO  steel_front::engine::renderer] visible=0/65536 near=0 far=0 fps=283.8 frame_us=2182 cull_us=49 terrain_us=0 wait_fence_us=272 acquire_us=9 record_us=276 submit_us=155 present_us=1339 terrain_lod=high blend=0.000 quality=中画质 marker=20 npc=700
[2026-08-09T12:13:05Z INFO  steel_front::engine::game] battle: 阵亡 1（红=49 蓝=50 存活）
[2026-08-09T12:13:05Z INFO  steel_front::engine::game] ai: npcs=99 idle=0 patrol=0 chase=47 attack=52 tactics=[98, 0, 0, 0, 0, 1, 0]
[2026-08-09T12:13:05Z INFO  steel_front::engine::game] game: wave=1 enemies=99 enemy_hp=100 hp=100/100 score=0 phys_us=1 ai_us=624 audio_us=6 net_us=0
[2026-08-09T12:13:05Z INFO  steel_front::engine::game] npc: #47 stand (3.8, 0.0, 45.1)
[2026-08-09T12:13:05Z INFO  steel_front] cam: yaw=11052.1 pitch=-88.9 dist=3.4 mode=FirstPerson cycle_us=2983 update_us=427 render_us=2555
[2026-08-09T12:13:05Z INFO  steel_front::engine::game] battle: 阵亡 1（红=49 蓝=49 存活）
[2026-08-09T12:13:06Z INFO  steel_front::engine::game] weapons: shot #60 (6 alive)
[2026-08-09T12:13:06Z INFO  steel_front::engine::game] battle: 阵亡 1（红=48 蓝=49 存活）
[2026-08-09T12:13:06Z INFO  steel_front::engine::game] npc: #15 stand (-3.0, 0.0, -148.5)
[2026-08-09T12:13:06Z INFO  steel_front::engine::game] npc: #51 stand (-4.3, 0.0, 56.8)
[2026-08-09T12:13:06Z INFO  steel_front::engine::renderer] visible=0/65536 near=0 far=0 fps=297.9 frame_us=2410 cull_us=42 terrain_us=0 wait_fence_us=157 acquire_us=6 record_us=532 submit_us=248 present_us=1224 terrain_lod=high blend=0.000 quality=中画质 marker=20 npc=679
[2026-08-09T12:13:06Z INFO  steel_front::engine::game] weapons: shot #61 (6 alive)
[2026-08-09T12:13:06Z INFO  steel_front::engine::game] npc: #42 stand (10.2, 0.0, 21.2)
[2026-08-09T12:13:06Z INFO  steel_front::engine::game] ai: npcs=97 idle=0 patrol=0 chase=47 attack=50 tactics=[95, 0, 0, 0, 0, 2, 0]
[2026-08-09T12:13:06Z INFO  steel_front::engine::game] game: wave=1 enemies=97 enemy_hp=100 hp=100/100 score=0 phys_us=2 ai_us=870 audio_us=3 net_us=0
[2026-08-09T12:13:06Z INFO  steel_front::engine::game] npc: #87 stand (0.5, 0.0, 91.7)
[2026-08-09T12:13:06Z INFO  steel_front] cam: yaw=11052.1 pitch=-88.8 dist=3.4 mode=FirstPerson cycle_us=3993 update_us=900 render_us=3093
[2026-08-09T12:13:07Z INFO  steel_front::engine::game] battle: 阵亡 1（红=47 蓝=49 存活）
[2026-08-09T12:13:07Z INFO  steel_front::engine::game] npc: #122 stand (-12.3, 0.0, -132.4)
[2026-08-09T12:13:07Z INFO  steel_front::engine::game] npc: #123 stand (-12.3, 0.0, -132.4)
[2026-08-09T12:13:07Z INFO  steel_front::engine::game] npc: #126 stand (-12.3, 0.0, -132.9)
[2026-08-09T12:13:07Z INFO  steel_front::engine::game] weapons: shot #62 (6 alive)
[2026-08-09T12:13:07Z INFO  steel_front::engine::game] battle: 阵亡 1（红=46 蓝=49 存活）
[2026-08-09T12:13:07Z INFO  steel_front::engine::game] npc: #88 stand (-5.6, 0.0, 97.4)
[2026-08-09T12:13:07Z INFO  steel_front::engine::game] npc: #85 stand (-7.8, 0.0, 105.2)
[2026-08-09T12:13:07Z INFO  steel_front::engine::game] battle: 阵亡 1（红=45 蓝=49 存活）
[2026-08-09T12:13:07Z INFO  steel_front::engine::renderer] visible=0/65536 near=0 far=0 fps=252.8 frame_us=1850 cull_us=219 terrain_us=0 wait_fence_us=395 acquire_us=40 record_us=361 submit_us=231 present_us=1037 terrain_lod=high blend=0.000 quality=中画质 marker=20 npc=658
[2026-08-09T12:13:07Z INFO  steel_front::engine::game] weapons: shot #63 (6 alive)
[2026-08-09T12:13:07Z INFO  steel_front::engine::game] ai: npcs=94 idle=0 patrol=0 chase=49 attack=45 tactics=[92, 0, 0, 0, 0, 2, 0]
[2026-08-09T12:13:07Z INFO  steel_front::engine::game] game: wave=1 enemies=94 enemy_hp=100 hp=100/100 score=0 phys_us=2 ai_us=856 audio_us=5 net_us=0
[2026-08-09T12:13:07Z INFO  steel_front] cam: yaw=11052.1 pitch=-88.7 dist=3.4 mode=FirstPerson cycle_us=2539 update_us=544 render_us=1995
[2026-08-09T12:13:07Z INFO  steel_front::engine::game] npc: #84 stand (-1.4, 0.0, 93.8)
[2026-08-09T12:13:08Z INFO  steel_front::engine::game] npc: #96 stand (-14.2, 0.0, 63.6)
[2026-08-09T12:13:08Z INFO  steel_front::engine::game] weapons: shot #64 (7 alive)
[2026-08-09T12:13:08Z INFO  steel_front::engine::game] npc: #45 stand (6.9, 0.0, 33.8)
[2026-08-09T12:13:08Z INFO  steel_front::engine::game] battle: 阵亡 1（红=44 蓝=49 存活）
[2026-08-09T12:13:08Z INFO  steel_front::engine::game] npc: #126 stand (-12.1, 0.0, -133.1)
[2026-08-09T12:13:08Z INFO  steel_front::engine::game] npc: #134 stand (-11.7, 0.0, -134.2)
[2026-08-09T12:13:08Z INFO  steel_front::engine::game] npc: #50 stand (-2.4, 0.0, 66.8)
[2026-08-09T12:13:08Z INFO  steel_front::engine::game] npc: #92 stand (-11.1, 0.0, 75.1)
[2026-08-09T12:13:08Z INFO  steel_front::engine::game] npc: #124 stand (-11.5, 0.0, -134.5)
[2026-08-09T12:13:08Z INFO  steel_front::engine::game] npc: #129 stand (-11.6, 0.0, -134.4)
[2026-08-09T12:13:08Z INFO  steel_front::engine::renderer] visible=0/65536 near=0 far=0 fps=235.0 frame_us=3532 cull_us=52 terrain_us=0 wait_fence_us=175 acquire_us=7 record_us=430 submit_us=320 present_us=2476 terrain_lod=high blend=0.000 quality=中画质 marker=20 npc=651
[2026-08-09T12:13:08Z INFO  steel_front::engine::game] npc: #121 stand (-11.6, 0.0, -134.4)
[2026-08-09T12:13:08Z INFO  steel_front::engine::game] ai: npcs=93 idle=0 patrol=0 chase=44 attack=49 tactics=[91, 0, 0, 0, 0, 2, 0]
[2026-08-09T12:13:08Z INFO  steel_front::engine::game] game: wave=1 enemies=93 enemy_hp=100 hp=100/100 score=0 phys_us=1 ai_us=425 audio_us=1 net_us=0
[2026-08-09T12:13:08Z INFO  steel_front] cam: yaw=11052.1 pitch=-88.6 dist=3.4 mode=FirstPerson cycle_us=2845 update_us=442 render_us=2402
[2026-08-09T12:13:08Z INFO  steel_front::engine::game] npc: #12 stand (-7.6, 0.0, -152.2)
[2026-08-09T12:13:08Z INFO  steel_front::engine::game] npc: #120 stand (-19.3, 0.0, -154.7)
[2026-08-09T12:13:09Z INFO  steel_front::engine::game] battle: 阵亡 1（红=44 蓝=48 存活）
[2026-08-09T12:13:09Z INFO  steel_front::engine::game] npc: #44 stand (10.0, 0.0, 23.3)
[2026-08-09T12:13:09Z INFO  steel_front::engine::game] battle: 阵亡 1（红=44 蓝=47 存活）
[2026-08-09T12:13:09Z INFO  steel_front::engine::game] npc: #45 stand (6.9, 0.0, 33.8)
[2026-08-09T12:13:09Z INFO  steel_front::engine::game] npc: #48 stand (5.1, 0.0, 43.2)
[2026-08-09T12:13:09Z INFO  steel_front::engine::renderer] visible=0/65536 near=0 far=0 fps=272.9 frame_us=1378 cull_us=73 terrain_us=0 wait_fence_us=152 acquire_us=8 record_us=136 submit_us=90 present_us=937 terrain_lod=high blend=0.000 quality=中画质 marker=20 npc=637
[2026-08-09T12:13:09Z INFO  steel_front::engine::game] ai: npcs=91 idle=0 patrol=0 chase=43 attack=48 tactics=[89, 0, 0, 0, 0, 2, 0]
[2026-08-09T12:13:09Z INFO  steel_front::engine::game] game: wave=1 enemies=91 enemy_hp=100 hp=100/100 score=0 phys_us=1 ai_us=351 audio_us=1 net_us=0
[2026-08-09T12:13:09Z INFO  steel_front] cam: yaw=11052.1 pitch=-88.6 dist=3.4 mode=FirstPerson cycle_us=2193 update_us=612 render_us=1580
[2026-08-09T12:13:09Z INFO  steel_front::engine::game] npc: #101 stand (-2.0, 0.0, 23.1)
[2026-08-09T12:13:09Z INFO  steel_front::engine::game] battle: 阵亡 1（红=43 蓝=47 存活）
[2026-08-09T12:13:09Z INFO  steel_front::engine::game] npc: #126 stand (-12.1, 0.0, -133.1)
[2026-08-09T12:13:09Z INFO  steel_front::engine::game] npc: #124 stand (-11.5, 0.0, -134.5)
[2026-08-09T12:13:09Z INFO  steel_front::engine::game] npc: #134 stand (-11.6, 0.0, -134.2)
[2026-08-09T12:13:09Z INFO  steel_front::engine::game] npc: #129 stand (-11.5, 0.0, -134.4)
[2026-08-09T12:13:09Z INFO  steel_front::engine::game] npc: #121 stand (-11.5, 0.0, -134.5)
[2026-08-09T12:13:09Z INFO  steel_front::engine::game] battle: 阵亡 1（红=42 蓝=47 存活）
[2026-08-09T12:13:10Z INFO  steel_front::engine::game] battle: 阵亡 1（红=41 蓝=47 存活）
[2026-08-09T12:13:10Z INFO  steel_front::engine::game] npc: #49 stand (-6.9, 0.0, 52.3)
[2026-08-09T12:13:10Z INFO  steel_front::engine::game] npc: #26 stand (-0.3, 0.0, -130.1)
[2026-08-09T12:13:10Z INFO  steel_front::engine::renderer] visible=0/65536 near=0 far=0 fps=315.8 frame_us=1404 cull_us=42 terrain_us=0 wait_fence_us=143 acquire_us=5 record_us=146 submit_us=103 present_us=936 terrain_lod=high blend=0.000 quality=中画质 marker=20 npc=616
[2026-08-09T12:13:10Z INFO  steel_front::engine::game] npc: #47 stand (-0.3, 0.0, 47.6)
[2026-08-09T12:13:10Z INFO  steel_front::engine::game] ai: npcs=88 idle=0 patrol=0 chase=47 attack=41 tactics=[86, 0, 0, 0, 0, 2, 0]
[2026-08-09T12:13:10Z INFO  steel_front::engine::game] game: wave=1 enemies=88 enemy_hp=100 hp=100/100 score=0 phys_us=1 ai_us=730 audio_us=8 net_us=0
[2026-08-09T12:13:10Z INFO  steel_front] cam: yaw=11052.1 pitch=-88.6 dist=3.4 mode=FirstPerson cycle_us=2597 update_us=797 render_us=1799
[2026-08-09T12:13:11Z INFO  steel_front::engine::game] npc: #86 stand (-1.5, 0.0, 113.0)
[2026-08-09T12:13:11Z INFO  steel_front::engine::game] npc: #118 stand (-12.3, 0.0, -132.4)
[2026-08-09T12:13:11Z INFO  steel_front::engine::game] weapons: shot #65 (2 alive)
[2026-08-09T12:13:11Z INFO  steel_front::engine::game] battle: 阵亡 1（红=40 蓝=47 存活）
[2026-08-09T12:13:11Z INFO  steel_front::engine::renderer] visible=0/65536 near=0 far=0 fps=302.9 frame_us=2130 cull_us=50 terrain_us=0 wait_fence_us=151 acquire_us=9 record_us=316 submit_us=156 present_us=1083 terrain_lod=high blend=0.000 quality=中画质 marker=20 npc=609
[2026-08-09T12:13:11Z INFO  steel_front::engine::game] npc: #88 stand (-0.0, 0.0, 99.8)
[2026-08-09T12:13:11Z INFO  steel_front::engine::game] npc: #85 stand (-2.7, 0.0, 106.3)
[2026-08-09T12:13:11Z INFO  steel_front::engine::game] ai: npcs=87 idle=0 patrol=0 chase=43 attack=44 tactics=[85, 0, 0, 0, 0, 2, 0]
[2026-08-09T12:13:11Z INFO  steel_front::engine::game] game: wave=1 enemies=87 enemy_hp=100 hp=100/100 score=0 phys_us=1 ai_us=844 audio_us=3 net_us=0
[2026-08-09T12:13:11Z INFO  steel_front::engine::game] weapons: shot #66 (2 alive)
[2026-08-09T12:13:11Z INFO  steel_front] cam: yaw=11052.1 pitch=-88.5 dist=3.4 mode=FirstPerson cycle_us=3149 update_us=358 render_us=2790
[2026-08-09T12:13:12Z INFO  steel_front::engine::game] weapons: shot #67 (3 alive)
[2026-08-09T12:13:12Z INFO  steel_front::engine::game] battle: 阵亡 1（红=39 蓝=47 存活）
[2026-08-09T12:13:12Z INFO  steel_front::engine::game] npc: #117 stand (-19.5, 0.0, -153.0)
[2026-08-09T12:13:12Z INFO  steel_front::engine::renderer] visible=0/65536 near=0 far=0 fps=251.1 frame_us=1822 cull_us=53 terrain_us=0 wait_fence_us=234 acquire_us=8 record_us=309 submit_us=206 present_us=983 terrain_lod=high blend=0.000 quality=中画质 marker=20 npc=602
[2026-08-09T12:13:12Z INFO  steel_front::engine::game] ai: npcs=86 idle=0 patrol=0 chase=45 attack=41 tactics=[84, 0, 0, 0, 0, 2, 0]
[2026-08-09T12:13:12Z INFO  steel_front::engine::game] game: wave=1 enemies=86 enemy_hp=100 hp=100/100 score=0 phys_us=3 ai_us=822 audio_us=6 net_us=0
[2026-08-09T12:13:12Z INFO  steel_front] cam: yaw=11052.1 pitch=-88.4 dist=3.4 mode=FirstPerson cycle_us=2896 update_us=801 render_us=2094
[2026-08-09T12:13:12Z INFO  steel_front::engine::game] weapons: shot #68 (4 alive)
[2026-08-09T12:13:13Z INFO  steel_front::engine::game] npc: #28 stand (-0.7, 0.0, -129.3)
[2026-08-09T12:13:13Z INFO  steel_front::engine::game] npc: #93 stand (-3.6, 0.0, 84.1)
[2026-08-09T12:13:13Z INFO  steel_front::engine::renderer] visible=0/65536 near=0 far=0 fps=245.3 frame_us=1672 cull_us=54 terrain_us=0 wait_fence_us=171 acquire_us=11 record_us=186 submit_us=112 present_us=1132 terrain_lod=high blend=0.000 quality=中画质 marker=20 npc=602
[2026-08-09T12:13:13Z INFO  steel_front::engine::game] npc: #91 stand (-1.5, 0.0, 84.8)
[2026-08-09T12:13:13Z INFO  steel_front::engine::game] ai: npcs=86 idle=0 patrol=0 chase=42 attack=44 tactics=[84, 0, 0, 0, 0, 2, 0]
[2026-08-09T12:13:13Z INFO  steel_front::engine::game] game: wave=1 enemies=86 enemy_hp=100 hp=100/100 score=0 phys_us=2 ai_us=804 audio_us=3 net_us=0
[2026-08-09T12:13:13Z INFO  steel_front] cam: yaw=11052.2 pitch=-88.4 dist=3.4 mode=FirstPerson cycle_us=2298 update_us=668 render_us=1630
[2026-08-09T12:13:13Z INFO  steel_front::engine::game] npc: #114 stand (-12.0, 0.0, -133.2)
[2026-08-09T12:13:13Z INFO  steel_front::engine::game] npc: #25 stand (-0.3, 0.0, -130.3)
[2026-08-09T12:13:13Z INFO  steel_front::engine::game] battle: 阵亡 1（红=38 蓝=47 存活）
[2026-08-09T12:13:13Z INFO  steel_front::engine::game] battle: 阵亡 1（红=37 蓝=47 存活）
[2026-08-09T12:13:13Z INFO  steel_front::engine::game] npc: #128 stand (-9.4, 0.0, -138.0)
[2026-08-09T12:13:13Z INFO  steel_front::engine::renderer] visible=0/65536 near=0 far=0 fps=309.2 frame_us=2510 cull_us=87 terrain_us=0 wait_fence_us=158 acquire_us=9 record_us=244 submit_us=237 present_us=1725 terrain_lod=high blend=0.000 quality=中画质 marker=20 npc=588
[2026-08-09T12:13:13Z INFO  steel_front::engine::game] ai: npcs=84 idle=0 patrol=0 chase=40 attack=44 tactics=[82, 0, 0, 0, 0, 2, 0]
[2026-08-09T12:13:13Z INFO  steel_front::engine::game] game: wave=1 enemies=84 enemy_hp=100 hp=100/100 score=0 phys_us=2 ai_us=623 audio_us=1 net_us=0
[2026-08-09T12:13:13Z INFO  steel_front::engine::game] battle: 阵亡 1（红=37 蓝=46 存活）
[2026-08-09T12:13:13Z INFO  steel_front] cam: yaw=11052.2 pitch=-88.4 dist=3.4 mode=FirstPerson cycle_us=2822 update_us=460 render_us=2361
[2026-08-09T12:13:13Z INFO  steel_front::engine::game] battle: 阵亡 1（红=36 蓝=46 存活）
[2026-08-09T12:13:13Z INFO  steel_front::engine::game] npc: #134 stand (-11.6, 0.0, -134.2)
[2026-08-09T12:13:14Z INFO  steel_front::engine::game] npc: #114 stand (-12.0, 0.0, -133.3)
[2026-08-09T12:13:14Z INFO  steel_front::engine::game] npc: #126 stand (-11.8, 0.0, -133.7)
[2026-08-09T12:13:14Z INFO  steel_front::engine::game] npc: #115 stand (-11.4, 0.0, -134.6)
[2026-08-09T12:13:14Z INFO  steel_front::engine::game] npc: #45 stand (4.1, 0.0, 33.4)
[2026-08-09T12:13:14Z INFO  steel_front::engine::renderer] visible=0/65536 near=0 far=0 fps=310.1 frame_us=1754 cull_us=138 terrain_us=0 wait_fence_us=355 acquire_us=31 record_us=127 submit_us=89 present_us=1339 terrain_lod=high blend=0.000 quality=中画质 marker=20 npc=574
[2026-08-09T12:13:14Z INFO  steel_front::engine::game] npc: #46 stand (3.1, 0.0, 33.9)
[2026-08-09T12:13:14Z INFO  steel_front::engine::game] ai: npcs=82 idle=0 patrol=0 chase=41 attack=41 tactics=[80, 0, 0, 0, 0, 2, 0]
[2026-08-09T12:13:14Z INFO  steel_front::engine::game] game: wave=1 enemies=82 enemy_hp=100 hp=100/100 score=0 phys_us=1 ai_us=453 audio_us=2 net_us=0
[2026-08-09T12:13:14Z INFO  steel_front] cam: yaw=11052.2 pitch=-88.4 dist=3.4 mode=FirstPerson cycle_us=2592 update_us=393 render_us=2198
[2026-08-09T12:13:14Z INFO  steel_front::engine::game] weapons: shot #69 (2 alive)
[2026-08-09T12:13:15Z INFO  steel_front::engine::game] battle: 阵亡 1（红=35 蓝=46 存活）
[2026-08-09T12:13:15Z INFO  steel_front::engine::game] battle: 阵亡 1（红=35 蓝=45 存活）
[2026-08-09T12:13:15Z INFO  steel_front::engine::game] weapons: shot #70 (2 alive)
[2026-08-09T12:13:15Z INFO  steel_front::engine::game] battle: 阵亡 1（红=35 蓝=44 存活）
[2026-08-09T12:13:15Z INFO  steel_front::engine::game] npc: #50 stand (-2.7, 0.0, 67.1)
[2026-08-09T12:13:15Z INFO  steel_front::engine::renderer] visible=0/65536 near=0 far=0 fps=278.0 frame_us=1843 cull_us=121 terrain_us=0 wait_fence_us=351 acquire_us=25 record_us=365 submit_us=190 present_us=1034 terrain_lod=high blend=0.000 quality=中画质 marker=20 npc=553
[2026-08-09T12:13:15Z INFO  steel_front::engine::game] ai: npcs=79 idle=0 patrol=0 chase=45 attack=34 tactics=[75, 0, 0, 0, 0, 4, 0]
[2026-08-09T12:13:15Z INFO  steel_front::engine::game] game: wave=1 enemies=79 enemy_hp=100 hp=100/100 score=0 phys_us=3 ai_us=670 audio_us=8 net_us=0
[2026-08-09T12:13:15Z INFO  steel_front] cam: yaw=11052.2 pitch=-88.2 dist=3.4 mode=FirstPerson cycle_us=5773 update_us=539 render_us=5234
[2026-08-09T12:13:16Z INFO  steel_front::engine::game] weapons: shot #71 (3 alive)
[2026-08-09T12:13:16Z INFO  steel_front::engine::game] battle: 阵亡 1（红=34 蓝=44 存活）
[2026-08-09T12:13:16Z INFO  steel_front::engine::game] battle: 阵亡 1（红=33 蓝=44 存活）
[2026-08-09T12:13:16Z INFO  steel_front::engine::game] npc: #114 stand (-12.0, 0.0, -133.3)
[2026-08-09T12:13:16Z INFO  steel_front::engine::game] npc: #126 stand (-11.8, 0.0, -133.7)
[2026-08-09T12:13:16Z INFO  steel_front::engine::game] npc: #118 stand (-12.2, 0.0, -132.4)
[2026-08-09T12:13:16Z INFO  steel_front::engine::game] npc: #125 stand (-12.3, 0.0, -132.3)
[2026-08-09T12:13:16Z INFO  steel_front::engine::game] battle: 阵亡 1（红=32 蓝=44 存活）
[2026-08-09T12:13:16Z INFO  steel_front::engine::game] battle: 阵亡 1（红=31 蓝=44 存活）
[2026-08-09T12:13:16Z INFO  steel_front::engine::game] weapons: shot #72 (4 alive)
[2026-08-09T12:13:16Z INFO  steel_front::engine::game] npc: #123 stand (-11.9, 0.0, -133.4)
[2026-08-09T12:13:16Z INFO  steel_front::engine::game] npc: #116 stand (-11.2, 0.0, -135.0)
[2026-08-09T12:13:16Z INFO  steel_front::engine::game] npc: #122 stand (-11.8, 0.0, -133.7)
[2026-08-09T12:13:16Z INFO  steel_front::engine::renderer] visible=0/65536 near=0 far=0 fps=241.7 frame_us=2107 cull_us=59 terrain_us=0 wait_fence_us=180 acquire_us=12 record_us=333 submit_us=240 present_us=1020 terrain_lod=high blend=0.000 quality=中画质 marker=20 npc=525
[2026-08-09T12:13:16Z INFO  steel_front::engine::game] npc: #119 stand (-11.7, 0.0, -134.0)
[2026-08-09T12:13:16Z INFO  steel_front::engine::game] ai: npcs=75 idle=0 patrol=0 chase=49 attack=26 tactics=[70, 0, 0, 0, 0, 5, 0]
[2026-08-09T12:13:16Z INFO  steel_front::engine::game] game: wave=1 enemies=75 enemy_hp=100 hp=100/100 score=0 phys_us=1 ai_us=359 audio_us=5 net_us=0
[2026-08-09T12:13:16Z INFO  steel_front] cam: yaw=11052.2 pitch=-88.1 dist=3.4 mode=FirstPerson cycle_us=3641 update_us=361 render_us=3279
[2026-08-09T12:13:17Z INFO  steel_front::engine::game] battle: 阵亡 1（红=30 蓝=44 存活）
[2026-08-09T12:13:17Z INFO  steel_front::engine::renderer] visible=0/65536 near=0 far=0 fps=259.0 frame_us=2622 cull_us=47 terrain_us=0 wait_fence_us=178 acquire_us=7 record_us=460 submit_us=184 present_us=1268 terrain_lod=high blend=0.000 quality=中画质 marker=20 npc=518
[2026-08-09T12:13:17Z INFO  steel_front::engine::game] battle: 阵亡 1（红=30 蓝=43 存活）
[2026-08-09T12:13:17Z INFO  steel_front::engine::game] ai: npcs=73 idle=0 patrol=0 chase=50 attack=23 tactics=[68, 0, 0, 0, 0, 5, 0]
[2026-08-09T12:13:17Z INFO  steel_front::engine::game] game: wave=1 enemies=73 enemy_hp=100 hp=100/100 score=0 phys_us=0 ai_us=346 audio_us=1 net_us=0
[2026-08-09T12:13:17Z INFO  steel_front] cam: yaw=11052.2 pitch=-88.1 dist=3.4 mode=FirstPerson cycle_us=3517 update_us=256 render_us=3260
[2026-08-09T12:13:18Z INFO  steel_front::engine::game] npc: #49 stand (-8.9, 0.0, 52.8)
[2026-08-09T12:13:18Z INFO  steel_front::engine::game] battle: 阵亡 1（红=29 蓝=43 存活）
[2026-08-09T12:13:18Z INFO  steel_front::engine::game] npc: #129 stand (-11.5, 0.0, -134.4)
[2026-08-09T12:13:18Z INFO  steel_front::engine::game] npc: #119 stand (-11.6, 0.0, -134.0)
[2026-08-09T12:13:18Z INFO  steel_front::engine::game] npc: #122 stand (-11.8, 0.0, -133.6)
[2026-08-09T12:13:18Z INFO  steel_front::engine::game] npc: #126 stand (-11.7, 0.0, -133.6)
[2026-08-09T12:13:18Z INFO  steel_front::engine::game] npc: #114 stand (-11.9, 0.0, -133.2)
[2026-08-09T12:13:18Z INFO  steel_front::engine::game] npc: #118 stand (-12.1, 0.0, -132.4)
[2026-08-09T12:13:18Z INFO  steel_front::engine::game] npc: #125 stand (-12.1, 0.0, -132.3)
[2026-08-09T12:13:18Z INFO  steel_front::engine::game] npc: #123 stand (-11.8, 0.0, -133.6)
[2026-08-09T12:13:18Z INFO  steel_front::engine::game] npc: #29 stand (-0.3, 0.0, -130.1)
[2026-08-09T12:13:18Z INFO  steel_front::engine::renderer] visible=0/65536 near=0 far=0 fps=323.5 frame_us=1479 cull_us=43 terrain_us=0 wait_fence_us=202 acquire_us=5 record_us=162 submit_us=129 present_us=981 terrain_lod=high blend=0.000 quality=中画质 marker=20 npc=504
[2026-08-09T12:13:18Z INFO  steel_front::engine::game] ai: npcs=72 idle=0 patrol=0 chase=48 attack=24 tactics=[67, 0, 0, 0, 0, 5, 0]
[2026-08-09T12:13:18Z INFO  steel_front::engine::game] game: wave=1 enemies=72 enemy_hp=100 hp=100/100 score=0 phys_us=0 ai_us=336 audio_us=1 net_us=0
[2026-08-09T12:13:18Z INFO  steel_front] cam: yaw=11052.2 pitch=-88.1 dist=3.4 mode=FirstPerson cycle_us=2642 update_us=666 render_us=1975
[2026-08-09T12:13:19Z INFO  steel_front::engine::game] battle: 阵亡 1（红=29 蓝=42 存活）
[2026-08-09T12:13:19Z INFO  steel_front::engine::game] npc: #112 stand (-11.1, 0.0, -135.4)
[2026-08-09T12:13:19Z INFO  steel_front::engine::game] battle: 阵亡 1（红=28 蓝=42 存活）
[2026-08-09T12:13:19Z INFO  steel_front::engine::game] npc: #114 stand (-11.9, 0.0, -133.2)
[2026-08-09T12:13:19Z INFO  steel_front::engine::game] npc: #116 stand (-11.2, 0.0, -135.0)
[2026-08-09T12:13:19Z INFO  steel_front::engine::game] npc: #119 stand (-11.6, 0.0, -134.0)
[2026-08-09T12:13:19Z INFO  steel_front::engine::game] npc: #121 stand (-11.4, 0.0, -134.5)
[2026-08-09T12:13:19Z INFO  steel_front::engine::game] npc: #123 stand (-11.7, 0.0, -133.7)
[2026-08-09T12:13:19Z INFO  steel_front::engine::game] npc: #112 stand (-11.1, 0.0, -135.4)
[2026-08-09T12:13:19Z INFO  steel_front::engine::game] npc: #129 stand (-11.5, 0.0, -134.4)
[2026-08-09T12:13:19Z INFO  steel_front::engine::game] npc: #115 stand (-11.4, 0.0, -134.6)
[2026-08-09T12:13:19Z INFO  steel_front::engine::game] npc: #124 stand (-11.5, 0.0, -134.5)
[2026-08-09T12:13:19Z INFO  steel_front::engine::game] npc: #126 stand (-11.7, 0.0, -133.7)
[2026-08-09T12:13:19Z INFO  steel_front::engine::game] npc: #128 stand (-9.4, 0.0, -137.9)
[2026-08-09T12:13:19Z INFO  steel_front::engine::game] npc: #122 stand (-11.7, 0.0, -133.7)
[2026-08-09T12:13:19Z INFO  steel_front::engine::game] weapons: shot #73 (2 alive)
[2026-08-09T12:13:19Z INFO  steel_front::engine::renderer] visible=0/65536 near=0 far=0 fps=322.4 frame_us=1348 cull_us=39 terrain_us=0 wait_fence_us=278 acquire_us=6 record_us=134 submit_us=99 present_us=930 terrain_lod=high blend=0.000 quality=中画质 marker=20 npc=490
[2026-08-09T12:13:19Z INFO  steel_front::engine::game] npc: #31 stand (-0.2, 0.0, -130.2)
[2026-08-09T12:13:19Z INFO  steel_front::engine::game] ai: npcs=70 idle=0 patrol=0 chase=48 attack=22 tactics=[64, 0, 0, 0, 0, 6, 0]
[2026-08-09T12:13:19Z INFO  steel_front::engine::game] game: wave=1 enemies=70 enemy_hp=100 hp=100/100 score=0 phys_us=3 ai_us=655 audio_us=3 net_us=0
[2026-08-09T12:13:19Z INFO  steel_front] cam: yaw=11052.2 pitch=-88.1 dist=3.4 mode=FirstPerson cycle_us=3064 update_us=411 render_us=2653
[2026-08-09T12:13:20Z INFO  steel_front::engine::renderer] visible=0/65536 near=0 far=0 fps=251.2 frame_us=1598 cull_us=44 terrain_us=0 wait_fence_us=218 acquire_us=5 record_us=151 submit_us=94 present_us=1091 terrain_lod=high blend=0.000 quality=中画质 marker=20 npc=490
[2026-08-09T12:13:20Z INFO  steel_front::engine::game] ai: npcs=70 idle=0 patrol=0 chase=48 attack=22 tactics=[64, 0, 0, 0, 0, 6, 0]
[2026-08-09T12:13:20Z INFO  steel_front::engine::game] game: wave=1 enemies=70 enemy_hp=100 hp=100/100 score=0 phys_us=1 ai_us=843 audio_us=1 net_us=0
[2026-08-09T12:13:20Z INFO  steel_front] cam: yaw=11052.2 pitch=-88.1 dist=3.4 mode=FirstPerson cycle_us=3903 update_us=769 render_us=3133
[2026-08-09T12:13:21Z INFO  steel_front::engine::game] npc: #33 stand (-0.3, 0.0, -130.2)
[2026-08-09T12:13:21Z INFO  steel_front::engine::game] battle: 阵亡 1（红=28 蓝=41 存活）
[2026-08-09T12:13:21Z INFO  steel_front::engine::game] battle: 阵亡 1（红=27 蓝=41 存活）
[2026-08-09T12:13:21Z INFO  steel_front::engine::game] npc: #114 stand (-11.8, 0.0, -133.2)
[2026-08-09T12:13:21Z INFO  steel_front::engine::game] npc: #118 stand (-12.0, 0.0, -132.4)
[2026-08-09T12:13:21Z INFO  steel_front::engine::game] npc: #122 stand (-11.7, 0.0, -133.7)
[2026-08-09T12:13:21Z INFO  steel_front::engine::game] npc: #125 stand (-12.1, 0.0, -132.3)
[2026-08-09T12:13:21Z INFO  steel_front::engine::game] npc: #126 stand (-11.7, 0.0, -133.7)
[2026-08-09T12:13:21Z INFO  steel_front::engine::game] npc: #113 stand (-11.1, 0.0, -135.2)
[2026-08-09T12:13:21Z INFO  steel_front::engine::renderer] visible=0/65536 near=0 far=0 fps=250.8 frame_us=1513 cull_us=95 terrain_us=0 wait_fence_us=161 acquire_us=12 record_us=177 submit_us=127 present_us=1003 terrain_lod=high blend=0.000 quality=中画质 marker=20 npc=476
[2026-08-09T12:13:21Z INFO  steel_front::engine::game] npc: #109 stand (-11.0, 0.0, -135.4)
[2026-08-09T12:13:21Z INFO  steel_front::engine::game] ai: npcs=68 idle=0 patrol=0 chase=47 attack=21 tactics=[61, 0, 0, 0, 0, 7, 0]
[2026-08-09T12:13:21Z INFO  steel_front::engine::game] game: wave=1 enemies=68 enemy_hp=100 hp=100/100 score=0 phys_us=1 ai_us=510 audio_us=2 net_us=0
[2026-08-09T12:13:21Z INFO  steel_front] cam: yaw=11052.2 pitch=-88.1 dist=3.4 mode=FirstPerson cycle_us=2873 update_us=466 render_us=2406
