[2026-08-09T12:51:47Z INFO  steel_front] ========================================
[2026-08-09T12:51:47Z INFO  steel_front]   钢铁前线 (Steel Front) v0.1.0
[2026-08-09T12:51:47Z INFO  steel_front]   二战FPS游戏引擎 - Rust + Vulkan
[2026-08-09T12:51:47Z INFO  steel_front] ========================================
[2026-08-09T12:51:47Z INFO  steel_front::engine::cpu] cpu: vendor=Amd threads=32 primary=[0, 1, 2, 3, 4, 5, 6, 7, 8, 9, 10, 11, 12, 13, 14, 15] secondary=[16, 17, 18, 19, 20, 21, 22, 23, 24, 25, 26, 27, 28, 29, 30, 31] e_cores=0 avx2=true avx512=true
[2026-08-09T12:51:47Z INFO  steel_front::engine::cpu] cpu: 主线程已绑定 vCPU [0, 1, 2, 3, 4, 5, 6, 7, 8, 9, 10, 11, 12, 13, 14, 15]（16 核 32 线程，AMD 双簇：主=CCD0，次=CCD1）
[2026-08-09T12:51:47Z INFO  steel_front::engine::game] map: level 1 generated: 20 obstacle bodies (wall=20 block=0 barrier=0), 60 grid cells blocked
[2026-08-09T12:51:47Z INFO  steel_front] 窗口创建成功: 1280x800
[2026-08-09T12:51:47Z INFO  steel_front::engine::renderer] 验证层可用，已启用
WARNING: dzn is not a conformant Vulkan implementation, testing use only.
WARNING: dzn is not a conformant Vulkan implementation, testing use only.
Dropped Escape call with ulEscapeCode : 0x03007703
[2026-08-09T12:51:47Z INFO  steel_front::engine::renderer] [Vulkan][General] linux_read_sorted_physical_devices:
[2026-08-09T12:51:47Z INFO  steel_front::engine::renderer] [Vulkan][General]      Original order:
[2026-08-09T12:51:47Z INFO  steel_front::engine::renderer] [Vulkan][General]            [0] Microsoft Direct3D12 (NVIDIA GeForce RTX 5060 Laptop GPU)
[2026-08-09T12:51:47Z INFO  steel_front::engine::renderer] [Vulkan][General]            [1] Microsoft Direct3D12 (AMD Radeon(TM) 610M)
[2026-08-09T12:51:47Z INFO  steel_front::engine::renderer] [Vulkan][General]            [2] llvmpipe (LLVM 20.1.8, 256 bits)
[2026-08-09T12:51:47Z INFO  steel_front::engine::renderer] [Vulkan][General]      Sorted order:
[2026-08-09T12:51:47Z INFO  steel_front::engine::renderer] [Vulkan][General]            [0] Microsoft Direct3D12 (NVIDIA GeForce RTX 5060 Laptop GPU)  
[2026-08-09T12:51:47Z INFO  steel_front::engine::renderer] [Vulkan][General]            [1] Microsoft Direct3D12 (AMD Radeon(TM) 610M)  
[2026-08-09T12:51:47Z INFO  steel_front::engine::renderer] [Vulkan][General]            [2] llvmpipe (LLVM 20.1.8, 256 bits)  
[2026-08-09T12:51:47Z INFO  steel_front::engine::renderer] [Vulkan][General] linux_read_sorted_physical_devices:
[2026-08-09T12:51:47Z INFO  steel_front::engine::renderer] [Vulkan][General]      Original order:
[2026-08-09T12:51:47Z INFO  steel_front::engine::renderer] [Vulkan][General]            [0] Microsoft Direct3D12 (NVIDIA GeForce RTX 5060 Laptop GPU)
[2026-08-09T12:51:47Z INFO  steel_front::engine::renderer] [Vulkan][General]            [1] Microsoft Direct3D12 (AMD Radeon(TM) 610M)
[2026-08-09T12:51:47Z INFO  steel_front::engine::renderer] [Vulkan][General]            [2] llvmpipe (LLVM 20.1.8, 256 bits)
[2026-08-09T12:51:47Z INFO  steel_front::engine::renderer] [Vulkan][General]      Sorted order:
[2026-08-09T12:51:47Z INFO  steel_front::engine::renderer] [Vulkan][General]            [0] Microsoft Direct3D12 (NVIDIA GeForce RTX 5060 Laptop GPU)  
[2026-08-09T12:51:47Z INFO  steel_front::engine::renderer] [Vulkan][General]            [1] Microsoft Direct3D12 (AMD Radeon(TM) 610M)  
[2026-08-09T12:51:47Z INFO  steel_front::engine::renderer] [Vulkan][General]            [2] llvmpipe (LLVM 20.1.8, 256 bits)  
[2026-08-09T12:51:47Z INFO  steel_front::engine::renderer] [Vulkan][General] linux_read_sorted_physical_devices:
[2026-08-09T12:51:47Z INFO  steel_front::engine::renderer] [Vulkan][General]      Original order:
[2026-08-09T12:51:47Z INFO  steel_front::engine::renderer] [Vulkan][General]            [0] Microsoft Direct3D12 (NVIDIA GeForce RTX 5060 Laptop GPU)
[2026-08-09T12:51:47Z INFO  steel_front::engine::renderer] [Vulkan][General]            [1] Microsoft Direct3D12 (AMD Radeon(TM) 610M)
[2026-08-09T12:51:47Z INFO  steel_front::engine::renderer] [Vulkan][General]            [2] llvmpipe (LLVM 20.1.8, 256 bits)
[2026-08-09T12:51:47Z INFO  steel_front::engine::renderer] [Vulkan][General]      Sorted order:
[2026-08-09T12:51:47Z INFO  steel_front::engine::renderer] [Vulkan][General]            [0] Microsoft Direct3D12 (NVIDIA GeForce RTX 5060 Laptop GPU)  
[2026-08-09T12:51:47Z INFO  steel_front::engine::renderer] [Vulkan][General]            [1] Microsoft Direct3D12 (AMD Radeon(TM) 610M)  
[2026-08-09T12:51:47Z INFO  steel_front::engine::renderer] [Vulkan][General]            [2] llvmpipe (LLVM 20.1.8, 256 bits)  
[2026-08-09T12:51:47Z INFO  steel_front::engine::renderer] [Vulkan][General] linux_read_sorted_physical_devices:
[2026-08-09T12:51:47Z INFO  steel_front::engine::renderer] [Vulkan][General]      Original order:
[2026-08-09T12:51:47Z INFO  steel_front::engine::renderer] [Vulkan][General]            [0] Microsoft Direct3D12 (NVIDIA GeForce RTX 5060 Laptop GPU)
[2026-08-09T12:51:47Z INFO  steel_front::engine::renderer] [Vulkan][General]            [1] Microsoft Direct3D12 (AMD Radeon(TM) 610M)
[2026-08-09T12:51:47Z INFO  steel_front::engine::renderer] [Vulkan][General]            [2] llvmpipe (LLVM 20.1.8, 256 bits)
[2026-08-09T12:51:47Z INFO  steel_front::engine::renderer] [Vulkan][General]      Sorted order:
[2026-08-09T12:51:47Z INFO  steel_front::engine::renderer] [Vulkan][General]            [0] Microsoft Direct3D12 (NVIDIA GeForce RTX 5060 Laptop GPU)  
[2026-08-09T12:51:47Z INFO  steel_front::engine::renderer] [Vulkan][General]            [1] Microsoft Direct3D12 (AMD Radeon(TM) 610M)  
[2026-08-09T12:51:47Z INFO  steel_front::engine::renderer] [Vulkan][General]            [2] llvmpipe (LLVM 20.1.8, 256 bits)  
[2026-08-09T12:51:47Z INFO  steel_front::engine::renderer] 选择物理设备: Microsoft Direct3D12 (NVIDIA GeForce RTX 5060 Laptop GPU)
[2026-08-09T12:51:47Z INFO  steel_front::engine::gpu_caps] gpu-caps: 设备 Microsoft Direct3D12 (NVIDIA GeForce RTX 5060 Laptop GPU) 硬件能力探测（WSLg/dzn 视角）
[2026-08-09T12:51:47Z INFO  steel_front::engine::gpu_caps] gpu-caps: 可用 device 扩展 47 个
[2026-08-09T12:51:47Z INFO  steel_front::engine::gpu_caps] gpu-caps: -- 光追扩展 --
[2026-08-09T12:51:47Z INFO  steel_front::engine::gpu_caps] gpu-caps:   VK_KHR_ray_tracing_pipeline = false
[2026-08-09T12:51:47Z INFO  steel_front::engine::gpu_caps] gpu-caps:   VK_KHR_acceleration_structure = false
[2026-08-09T12:51:47Z INFO  steel_front::engine::gpu_caps] gpu-caps:   VK_KHR_ray_query = false
[2026-08-09T12:51:47Z INFO  steel_front::engine::gpu_caps] gpu-caps:   VK_KHR_deferred_host_operations = false
[2026-08-09T12:51:47Z INFO  steel_front::engine::gpu_caps] gpu-caps:   VK_KHR_buffer_device_address = true
[2026-08-09T12:51:47Z INFO  steel_front::engine::gpu_caps] gpu-caps:   VK_KHR_ray_tracing_position_fetch = false
[2026-08-09T12:51:47Z INFO  steel_front::engine::gpu_caps] gpu-caps:   VK_NV_ray_tracing = false
[2026-08-09T12:51:47Z INFO  steel_front::engine::gpu_caps] gpu-caps: -- Tensor Core / 协作矩阵 --
[2026-08-09T12:51:47Z INFO  steel_front::engine::gpu_caps] gpu-caps:   VK_KHR_cooperative_matrix = false
[2026-08-09T12:51:47Z INFO  steel_front::engine::gpu_caps] gpu-caps:   VK_NV_cooperative_matrix = false
[2026-08-09T12:51:47Z INFO  steel_front::engine::gpu_caps] gpu-caps:   VK_NV_compute_shader_derivatives = false
[2026-08-09T12:51:47Z INFO  steel_front::engine::gpu_caps] gpu-caps: -- DLSS / NVIDIA 私有 --
[2026-08-09T12:51:47Z INFO  steel_front::engine::gpu_caps] gpu-caps:   VK_NVX_image_view_handle = false
[2026-08-09T12:51:47Z INFO  steel_front::engine::gpu_caps] gpu-caps:   VK_NVX_binary_import = false
[2026-08-09T12:51:47Z INFO  steel_front::engine::gpu_caps] gpu-caps:   VK_NV_cuda_kernel = false
[2026-08-09T12:51:47Z INFO  steel_front::engine::gpu_caps] gpu-caps:   VK_NV_external_memory = false
[2026-08-09T12:51:47Z INFO  steel_front::engine::gpu_caps] gpu-caps: -- 其它新特性 --
[2026-08-09T12:51:47Z INFO  steel_front::engine::gpu_caps] gpu-caps:   VK_EXT_mesh_shader = false
[2026-08-09T12:51:47Z INFO  steel_front::engine::gpu_caps] gpu-caps:   VK_KHR_shader_object = false
[2026-08-09T12:51:47Z INFO  steel_front::engine::gpu_caps] gpu-caps:   VK_KHR_dynamic_rendering = true
[2026-08-09T12:51:47Z INFO  steel_front::engine::gpu_caps] gpu-caps: RT 特性 ray_tracing_pipeline=false acceleration_structure=false buffer_device_address=true ray_query=false
[2026-08-09T12:51:47Z INFO  steel_front::engine::gpu_caps] gpu-caps: RT 管线属性 shaderGroupHandleSize=0B maxRecursionDepth=0 maxRayDispatchInvocationCount=0
[2026-08-09T12:51:47Z INFO  steel_front::engine::gpu_caps] gpu-caps: 【结论】RT 扩展不全，光追管线不可用
[2026-08-09T12:51:47Z INFO  steel_front::engine::gpu_caps] gpu-caps: CUDA 直通（Tensor Core 可编程访问）=true（libcuda in /usr/lib/wsl/lib）
[2026-08-09T12:51:47Z INFO  steel_front::engine::gpu_caps] gpu-caps: 【结论】Vulkan-DLSS（NVIDIA 私有扩展）=false；不可用；但 CUDA 直通可用 Tensor Core，未来可自研超分/降噪
[2026-08-09T12:51:47Z INFO  steel_front::engine::renderer] [Vulkan][General] Inserted device layer "VK_LAYER_KHRONOS_validation" (libVkLayer_khronos_validation.so)
[2026-08-09T12:51:47Z INFO  steel_front::engine::renderer] [Vulkan][General] Failed to find vkGetDeviceProcAddr in layer "libVkLayer_MESA_device_select.so"
[2026-08-09T12:51:47Z INFO  steel_front::engine::renderer] [Vulkan][General] vkCreateDevice layer callstack setup to:
[2026-08-09T12:51:47Z INFO  steel_front::engine::renderer] [Vulkan][General]    <Application>
[2026-08-09T12:51:47Z INFO  steel_front::engine::renderer] [Vulkan][General]      ||
[2026-08-09T12:51:47Z INFO  steel_front::engine::renderer] [Vulkan][General]    <Loader>
[2026-08-09T12:51:47Z INFO  steel_front::engine::renderer] [Vulkan][General]      ||
[2026-08-09T12:51:47Z INFO  steel_front::engine::renderer] [Vulkan][General]    VK_LAYER_KHRONOS_validation
[2026-08-09T12:51:47Z INFO  steel_front::engine::renderer] [Vulkan][General]            Type: Explicit
[2026-08-09T12:51:47Z INFO  steel_front::engine::renderer] [Vulkan][General]            Manifest: /usr/share/vulkan/explicit_layer.d/VkLayer_khronos_validation.json
[2026-08-09T12:51:47Z INFO  steel_front::engine::renderer] [Vulkan][General]            Library:  libVkLayer_khronos_validation.so
[2026-08-09T12:51:47Z INFO  steel_front::engine::renderer] [Vulkan][General]      ||
[2026-08-09T12:51:47Z INFO  steel_front::engine::renderer] [Vulkan][General]    <Device>
[2026-08-09T12:51:47Z INFO  steel_front::engine::renderer] [Vulkan][General]        Using "Microsoft Direct3D12 (NVIDIA GeForce RTX 5060 Laptop GPU)" with driver: "libvulkan_dzn.so"
[2026-08-09T12:51:48Z INFO  steel_front::engine::renderer] 交换链初始化完成: 1280x800, 格式: B8G8R8A8_SRGB, 图像数: 4, present_mode: MAILBOX
[2026-08-09T12:51:48Z INFO  steel_front::engine::renderer] 实例缓冲创建完成: 65536 个实例，stride 80 字节，2 帧双缓冲 HOST_VISIBLE|HOST_COHERENT（每帧压缩上传）
[2026-08-09T12:51:48Z INFO  steel_front::engine::renderer] instances=65536 draw_calls=1
[2026-08-09T12:51:48Z INFO  steel_front::engine::renderer] 深度缓冲创建完成: 4 张 1280x800 D32_SFLOAT
[2026-08-09T12:51:48Z INFO  steel_front::engine::renderer] Descriptor Set Layout: binding 0 = UBO(view/proj), binding 1 = 贴图, binding 2 = 实例 STORAGE_BUFFER, binding 3 = 采样器
[2026-08-09T12:51:48Z INFO  steel_front::engine::renderer] Descriptor 初始化完成（2 帧）
[2026-08-09T12:51:48Z INFO  steel_front::engine::renderer] 远档 LOD 几何创建完成: 8 顶点 / 12 索引（十字双 quad）
[2026-08-09T12:51:48Z INFO  steel_front::engine::renderer] 地形 LOD[0] 创建完成: 66049 顶点 / 393216 索引（257×257 网格，间距 2）
[2026-08-09T12:51:48Z INFO  steel_front::engine::renderer] 地形 LOD[1] 创建完成: 16641 顶点 / 98304 索引（129×129 网格，间距 4）
[2026-08-09T12:51:48Z INFO  steel_front::engine::renderer] 地形 LOD[2] 创建完成: 4225 顶点 / 24576 索引（65×65 网格，间距 8）
[2026-08-09T12:51:48Z INFO  steel_front::engine::renderer] 地形 3 级 LOD 全部创建完成（高/中/低）
[2026-08-09T12:51:48Z INFO  steel_front::engine::renderer] 图形管线创建完成
[2026-08-09T12:51:48Z INFO  steel_front::engine::renderer] HUD 覆盖层初始化完成（独立 pipeline，容量 4096 quads）
[2026-08-09T12:51:48Z INFO  steel_front::engine::renderer] 纹理初始化完成: 256x256（来自 assets/textures/test.png）
[2026-08-09T12:51:48Z INFO  steel_front] Vulkan 渲染器初始化成功
[2026-08-09T12:51:48Z INFO  steel_front] settings: 分辨率保持 1280x800
[2026-08-09T12:51:48Z INFO  steel_front] settings: 应用画质 中画质
[2026-08-09T12:51:48Z INFO  steel_front::engine::renderer] 画质预设已切换: 中画质
[2026-08-09T12:51:48Z INFO  steel_front] 窗口大小变化: 1280x800
[2026-08-09T12:51:48Z INFO  steel_front::engine::renderer] 交换链初始化完成: 1280x800, 格式: B8G8R8A8_SRGB, 图像数: 4, present_mode: MAILBOX
[2026-08-09T12:51:48Z INFO  steel_front::engine::renderer] 深度缓冲创建完成: 4 张 1280x800 D32_SFLOAT
=== RENDERER OK ===
[2026-08-09T12:51:48Z INFO  steel_front] cam: yaw=0.0 pitch=-10.0 dist=3.4 mode=FirstPerson cycle_us=2528 update_us=20 render_us=2507
[2026-08-09T12:51:49Z INFO  steel_front::engine::renderer] visible=17966/65536 near=3016 far=14950 fps=171.0 frame_us=5019 cull_us=454 terrain_us=0 wait_fence_us=524 acquire_us=35 record_us=939 submit_us=583 present_us=2177 terrain_lod=high blend=0.000 quality=中画质 marker=20 npc=56
[2026-08-09T12:51:49Z INFO  steel_front::engine::game] ai: npcs=8 idle=0 patrol=0 chase=8 attack=0 tactics=[8, 0, 0, 0, 0, 0, 0]
[2026-08-09T12:51:49Z INFO  steel_front::engine::game] game: wave=1 enemies=8 enemy_hp=100 hp=100/100 score=0 phys_us=2 ai_us=43 audio_us=2 net_us=0
[2026-08-09T12:51:49Z INFO  steel_front] cam: yaw=0.0 pitch=-10.0 dist=3.4 mode=FirstPerson cycle_us=3839 update_us=27 render_us=3812
[2026-08-09T12:51:50Z INFO  steel_front::engine::renderer] visible=17966/65536 near=3016 far=14950 fps=185.0 frame_us=3929 cull_us=618 terrain_us=0 wait_fence_us=535 acquire_us=44 record_us=692 submit_us=365 present_us=1849 terrain_lod=high blend=0.000 quality=中画质 marker=20 npc=56
[2026-08-09T12:51:50Z INFO  steel_front::engine::game] ai: npcs=8 idle=0 patrol=0 chase=8 attack=0 tactics=[8, 0, 0, 0, 0, 0, 0]
[2026-08-09T12:51:50Z INFO  steel_front::engine::game] game: wave=1 enemies=8 enemy_hp=100 hp=100/100 score=0 phys_us=7 ai_us=119 audio_us=6 net_us=0
[2026-08-09T12:51:50Z INFO  steel_front] cam: yaw=0.0 pitch=-10.0 dist=3.4 mode=FirstPerson cycle_us=4276 update_us=9 render_us=4266
[2026-08-09T12:51:51Z INFO  steel_front::engine::renderer] visible=17966/65536 near=3016 far=14950 fps=195.7 frame_us=2965 cull_us=340 terrain_us=0 wait_fence_us=545 acquire_us=20 record_us=321 submit_us=176 present_us=1912 terrain_lod=high blend=0.000 quality=中画质 marker=20 npc=56
[2026-08-09T12:51:51Z INFO  steel_front::engine::game] ai: npcs=8 idle=0 patrol=0 chase=8 attack=0 tactics=[8, 0, 0, 0, 0, 0, 0]
[2026-08-09T12:51:51Z INFO  steel_front::engine::game] game: wave=1 enemies=8 enemy_hp=100 hp=100/100 score=0 phys_us=1 ai_us=39 audio_us=2 net_us=0
[2026-08-09T12:51:51Z INFO  steel_front] cam: yaw=0.0 pitch=-10.0 dist=3.4 mode=FirstPerson cycle_us=3233 update_us=30 render_us=3203
[2026-08-09T12:51:51Z INFO  steel_front::engine::game] map: level 1 generated: 20 obstacle bodies (wall=20 block=0 barrier=0), 60 grid cells blocked
[2026-08-09T12:51:51Z INFO  steel_front::engine::game] game: purged 8 leftover npcs on run start
[2026-08-09T12:51:51Z INFO  steel_front::engine::game] battle: 压力模式第 0 轮开战（红 64 vs 蓝 64，共 128 名 NPC，并行 AI=true）
[2026-08-09T12:51:51Z INFO  steel_front::engine::game] game: run started (wave 1)
[2026-08-09T12:51:51Z INFO  steel_front] input: cursor captured (mouse look on, grab=confined)
[2026-08-09T12:51:51Z INFO  steel_front::engine::game] physics: 20 events this frame (GroundHit, GroundHit, GroundHit, GroundHit, GroundHit, GroundHit, GroundHit, GroundHit, GroundHit, GroundHit, GroundHit, GroundHit, GroundHit, GroundHit, GroundHit, GroundHit, GroundHit, GroundHit, GroundHit, GroundHit)
[2026-08-09T12:51:51Z INFO  steel_front::engine::game] weapons: shot #1 (1 alive)
[2026-08-09T12:51:52Z INFO  steel_front::engine::renderer] visible=17966/65536 near=3016 far=14950 fps=245.4 frame_us=2051 cull_us=350 terrain_us=0 wait_fence_us=161 acquire_us=11 record_us=239 submit_us=105 present_us=1297 terrain_lod=high blend=0.000 quality=中画质 marker=20 npc=896
[2026-08-09T12:51:52Z INFO  steel_front::engine::game] ai: npcs=128 idle=0 patrol=0 chase=128 attack=0 tactics=[128, 0, 0, 0, 0, 0, 0]
[2026-08-09T12:51:52Z INFO  steel_front::engine::game] game: wave=1 enemies=128 enemy_hp=100 hp=100/100 score=0 phys_us=0 ai_us=901 audio_us=4 net_us=0
[2026-08-09T12:51:52Z INFO  steel_front] cam: yaw=0.0 pitch=-10.0 dist=3.4 mode=FirstPerson cycle_us=3697 update_us=845 render_us=2852
[2026-08-09T12:51:53Z INFO  steel_front::engine::renderer] visible=17966/65536 near=3016 far=14950 fps=221.4 frame_us=2818 cull_us=233 terrain_us=0 wait_fence_us=239 acquire_us=7 record_us=310 submit_us=171 present_us=1529 terrain_lod=high blend=0.000 quality=中画质 marker=20 npc=896
[2026-08-09T12:51:53Z INFO  steel_front::engine::game] ai: npcs=128 idle=0 patrol=0 chase=128 attack=0 tactics=[128, 0, 0, 0, 0, 0, 0]
[2026-08-09T12:51:53Z INFO  steel_front::engine::game] game: wave=1 enemies=128 enemy_hp=100 hp=100/100 score=0 phys_us=2 ai_us=1033 audio_us=6 net_us=0
[2026-08-09T12:51:53Z INFO  steel_front] cam: yaw=0.0 pitch=-10.0 dist=3.4 mode=FirstPerson cycle_us=3752 update_us=850 render_us=2902
[2026-08-09T12:51:54Z INFO  steel_front::engine::renderer] visible=17966/65536 near=3016 far=14950 fps=208.6 frame_us=2173 cull_us=362 terrain_us=0 wait_fence_us=348 acquire_us=23 record_us=163 submit_us=116 present_us=1471 terrain_lod=high blend=0.000 quality=中画质 marker=20 npc=896
[2026-08-09T12:51:54Z INFO  steel_front::engine::game] ai: npcs=128 idle=0 patrol=0 chase=128 attack=0 tactics=[128, 0, 0, 0, 0, 0, 0]
[2026-08-09T12:51:54Z INFO  steel_front::engine::game] game: wave=1 enemies=128 enemy_hp=100 hp=100/100 score=0 phys_us=3 ai_us=814 audio_us=3 net_us=0
[2026-08-09T12:51:54Z INFO  steel_front] cam: yaw=0.0 pitch=-10.0 dist=3.4 mode=FirstPerson cycle_us=4756 update_us=795 render_us=3960
[2026-08-09T12:51:55Z INFO  steel_front::engine::renderer] visible=17966/65536 near=3016 far=14950 fps=172.6 frame_us=3157 cull_us=415 terrain_us=0 wait_fence_us=328 acquire_us=21 record_us=368 submit_us=241 present_us=1864 terrain_lod=high blend=0.000 quality=中画质 marker=20 npc=896
[2026-08-09T12:51:55Z INFO  steel_front::engine::game] ai: npcs=128 idle=0 patrol=0 chase=128 attack=0 tactics=[128, 0, 0, 0, 0, 0, 0]
[2026-08-09T12:51:55Z INFO  steel_front::engine::game] game: wave=1 enemies=128 enemy_hp=100 hp=100/100 score=0 phys_us=2 ai_us=725 audio_us=4 net_us=0
[2026-08-09T12:51:55Z INFO  steel_front] cam: yaw=0.0 pitch=-10.0 dist=3.4 mode=FirstPerson cycle_us=5996 update_us=821 render_us=5174
[2026-08-09T12:51:56Z INFO  steel_front::engine::renderer] visible=17966/65536 near=3016 far=14950 fps=194.9 frame_us=2579 cull_us=205 terrain_us=0 wait_fence_us=163 acquire_us=7 record_us=213 submit_us=114 present_us=1474 terrain_lod=high blend=0.000 quality=中画质 marker=20 npc=896
[2026-08-09T12:51:56Z INFO  steel_front::engine::game] ai: npcs=128 idle=0 patrol=0 chase=128 attack=0 tactics=[128, 0, 0, 0, 0, 0, 0]
[2026-08-09T12:51:56Z INFO  steel_front::engine::game] game: wave=1 enemies=128 enemy_hp=100 hp=100/100 score=0 phys_us=3 ai_us=616 audio_us=6 net_us=0
[2026-08-09T12:51:56Z INFO  steel_front] cam: yaw=0.0 pitch=-10.0 dist=3.4 mode=FirstPerson cycle_us=4844 update_us=975 render_us=3868
[2026-08-09T12:51:57Z INFO  steel_front::engine::renderer] visible=17966/65536 near=3016 far=14950 fps=201.6 frame_us=1970 cull_us=213 terrain_us=0 wait_fence_us=191 acquire_us=7 record_us=178 submit_us=98 present_us=1286 terrain_lod=high blend=0.000 quality=中画质 marker=20 npc=896
[2026-08-09T12:51:57Z INFO  steel_front::engine::game] ai: npcs=128 idle=0 patrol=0 chase=128 attack=0 tactics=[128, 0, 0, 0, 0, 0, 0]
[2026-08-09T12:51:57Z INFO  steel_front::engine::game] game: wave=1 enemies=128 enemy_hp=100 hp=100/100 score=0 phys_us=2 ai_us=670 audio_us=5 net_us=0
[2026-08-09T12:51:57Z INFO  steel_front] cam: yaw=0.0 pitch=-10.0 dist=3.4 mode=FirstPerson cycle_us=4562 update_us=946 render_us=3615
[2026-08-09T12:51:58Z INFO  steel_front::engine::renderer] visible=17966/65536 near=3016 far=14950 fps=215.4 frame_us=2927 cull_us=305 terrain_us=0 wait_fence_us=221 acquire_us=15 record_us=224 submit_us=163 present_us=1906 terrain_lod=high blend=0.000 quality=中画质 marker=20 npc=896
[2026-08-09T12:51:58Z INFO  steel_front::engine::game] ai: npcs=128 idle=0 patrol=0 chase=128 attack=0 tactics=[128, 0, 0, 0, 0, 0, 0]
[2026-08-09T12:51:58Z INFO  steel_front::engine::game] game: wave=1 enemies=128 enemy_hp=100 hp=100/100 score=0 phys_us=0 ai_us=988 audio_us=7 net_us=0
[2026-08-09T12:51:58Z INFO  steel_front] cam: yaw=0.0 pitch=-10.0 dist=3.4 mode=FirstPerson cycle_us=3125 update_us=430 render_us=2695
[2026-08-09T12:51:59Z INFO  steel_front::engine::renderer] visible=17966/65536 near=3016 far=14950 fps=226.2 frame_us=2760 cull_us=209 terrain_us=0 wait_fence_us=149 acquire_us=5 record_us=158 submit_us=113 present_us=2004 terrain_lod=high blend=0.000 quality=中画质 marker=20 npc=896
[2026-08-09T12:51:59Z INFO  steel_front::engine::game] ai: npcs=128 idle=0 patrol=0 chase=128 attack=0 tactics=[128, 0, 0, 0, 0, 0, 0]
[2026-08-09T12:51:59Z INFO  steel_front::engine::game] game: wave=1 enemies=128 enemy_hp=100 hp=100/100 score=0 phys_us=1 ai_us=830 audio_us=4 net_us=0
[2026-08-09T12:51:59Z INFO  steel_front] cam: yaw=0.0 pitch=-10.0 dist=3.4 mode=FirstPerson cycle_us=3123 update_us=784 render_us=2338
[2026-08-09T12:52:00Z INFO  steel_front::engine::renderer] visible=17966/65536 near=3016 far=14950 fps=194.3 frame_us=2530 cull_us=220 terrain_us=0 wait_fence_us=144 acquire_us=6 record_us=207 submit_us=114 present_us=1735 terrain_lod=high blend=0.000 quality=中画质 marker=20 npc=896
[2026-08-09T12:52:00Z INFO  steel_front::engine::game] ai: npcs=128 idle=0 patrol=0 chase=128 attack=0 tactics=[128, 0, 0, 0, 0, 0, 0]
[2026-08-09T12:52:00Z INFO  steel_front::engine::game] game: wave=1 enemies=128 enemy_hp=100 hp=100/100 score=0 phys_us=1 ai_us=636 audio_us=8 net_us=0
[2026-08-09T12:52:00Z INFO  steel_front] cam: yaw=0.0 pitch=-10.0 dist=3.4 mode=FirstPerson cycle_us=3841 update_us=860 render_us=2980
[2026-08-09T12:52:01Z INFO  steel_front::engine::renderer] visible=17966/65536 near=3016 far=14950 fps=185.1 frame_us=3412 cull_us=277 terrain_us=0 wait_fence_us=161 acquire_us=6 record_us=238 submit_us=181 present_us=2541 terrain_lod=high blend=0.000 quality=中画质 marker=20 npc=896
[2026-08-09T12:52:01Z INFO  steel_front::engine::game] ai: npcs=128 idle=0 patrol=0 chase=128 attack=0 tactics=[128, 0, 0, 0, 0, 0, 0]
[2026-08-09T12:52:01Z INFO  steel_front::engine::game] game: wave=1 enemies=128 enemy_hp=100 hp=100/100 score=0 phys_us=2 ai_us=552 audio_us=3 net_us=0
[2026-08-09T12:52:01Z INFO  steel_front] cam: yaw=0.0 pitch=-10.0 dist=3.4 mode=FirstPerson cycle_us=3023 update_us=539 render_us=2484
[2026-08-09T12:52:02Z INFO  steel_front::engine::renderer] visible=17966/65536 near=3016 far=14950 fps=191.9 frame_us=2809 cull_us=793 terrain_us=0 wait_fence_us=276 acquire_us=15 record_us=486 submit_us=194 present_us=1434 terrain_lod=high blend=0.000 quality=中画质 marker=20 npc=896
[2026-08-09T12:52:02Z INFO  steel_front::engine::game] ai: npcs=128 idle=0 patrol=0 chase=128 attack=0 tactics=[128, 0, 0, 0, 0, 0, 0]
[2026-08-09T12:52:02Z INFO  steel_front::engine::game] game: wave=1 enemies=128 enemy_hp=100 hp=100/100 score=0 phys_us=2 ai_us=669 audio_us=3 net_us=0
[2026-08-09T12:52:02Z INFO  steel_front] cam: yaw=0.0 pitch=-10.0 dist=3.4 mode=FirstPerson cycle_us=5005 update_us=853 render_us=4152
[2026-08-09T12:52:03Z INFO  steel_front::engine::renderer] visible=17966/65536 near=3016 far=14950 fps=199.5 frame_us=2303 cull_us=405 terrain_us=0 wait_fence_us=162 acquire_us=11 record_us=287 submit_us=201 present_us=1274 terrain_lod=high blend=0.000 quality=中画质 marker=20 npc=896
[2026-08-09T12:52:03Z INFO  steel_front::engine::game] ai: npcs=128 idle=0 patrol=0 chase=128 attack=0 tactics=[128, 0, 0, 0, 0, 0, 0]
[2026-08-09T12:52:03Z INFO  steel_front::engine::game] game: wave=1 enemies=128 enemy_hp=100 hp=100/100 score=0 phys_us=1 ai_us=596 audio_us=2 net_us=0
[2026-08-09T12:52:03Z INFO  steel_front] cam: yaw=0.0 pitch=-10.0 dist=3.4 mode=FirstPerson cycle_us=3504 update_us=809 render_us=2694
[2026-08-09T12:52:04Z INFO  steel_front::engine::renderer] visible=17966/65536 near=3016 far=14950 fps=206.1 frame_us=2681 cull_us=293 terrain_us=0 wait_fence_us=404 acquire_us=13 record_us=339 submit_us=122 present_us=1541 terrain_lod=high blend=0.000 quality=中画质 marker=20 npc=896
[2026-08-09T12:52:04Z INFO  steel_front::engine::game] ai: npcs=128 idle=0 patrol=0 chase=128 attack=0 tactics=[128, 0, 0, 0, 0, 0, 0]
[2026-08-09T12:52:04Z INFO  steel_front::engine::game] game: wave=1 enemies=128 enemy_hp=100 hp=100/100 score=0 phys_us=1 ai_us=736 audio_us=4 net_us=0
[2026-08-09T12:52:04Z INFO  steel_front] cam: yaw=0.0 pitch=-10.0 dist=3.4 mode=FirstPerson cycle_us=6186 update_us=660 render_us=5526
[2026-08-09T12:52:05Z INFO  steel_front::engine::renderer] visible=17966/65536 near=3016 far=14950 fps=215.6 frame_us=5184 cull_us=360 terrain_us=0 wait_fence_us=169 acquire_us=7 record_us=285 submit_us=144 present_us=4081 terrain_lod=high blend=0.000 quality=中画质 marker=20 npc=896
[2026-08-09T12:52:05Z INFO  steel_front::engine::game] ai: npcs=128 idle=0 patrol=0 chase=128 attack=0 tactics=[128, 0, 0, 0, 0, 0, 0]
[2026-08-09T12:52:05Z INFO  steel_front::engine::game] game: wave=1 enemies=128 enemy_hp=100 hp=100/100 score=0 phys_us=4 ai_us=1065 audio_us=2 net_us=0
[2026-08-09T12:52:05Z INFO  steel_front] cam: yaw=0.0 pitch=-10.0 dist=3.4 mode=FirstPerson cycle_us=6572 update_us=1180 render_us=5391
[2026-08-09T12:52:06Z INFO  steel_front::engine::renderer] visible=17966/65536 near=3016 far=14950 fps=185.9 frame_us=4190 cull_us=248 terrain_us=0 wait_fence_us=150 acquire_us=6 record_us=462 submit_us=431 present_us=2744 terrain_lod=high blend=0.000 quality=中画质 marker=20 npc=896
[2026-08-09T12:52:06Z INFO  steel_front::engine::game] ai: npcs=128 idle=0 patrol=0 chase=128 attack=0 tactics=[128, 0, 0, 0, 0, 0, 0]
[2026-08-09T12:52:06Z INFO  steel_front::engine::game] game: wave=1 enemies=128 enemy_hp=100 hp=100/100 score=0 phys_us=4 ai_us=918 audio_us=3 net_us=0
[2026-08-09T12:52:06Z INFO  steel_front] cam: yaw=0.0 pitch=-10.0 dist=3.4 mode=FirstPerson cycle_us=4218 update_us=1031 render_us=3185
[2026-08-09T12:52:07Z INFO  steel_front::engine::renderer] visible=17966/65536 near=3016 far=14950 fps=182.9 frame_us=3058 cull_us=339 terrain_us=0 wait_fence_us=406 acquire_us=14 record_us=425 submit_us=286 present_us=1795 terrain_lod=high blend=0.000 quality=中画质 marker=20 npc=896
[2026-08-09T12:52:07Z INFO  steel_front::engine::game] ai: npcs=128 idle=0 patrol=0 chase=128 attack=0 tactics=[128, 0, 0, 0, 0, 0, 0]
[2026-08-09T12:52:07Z INFO  steel_front::engine::game] game: wave=1 enemies=128 enemy_hp=100 hp=100/100 score=0 phys_us=2 ai_us=927 audio_us=5 net_us=0
[2026-08-09T12:52:07Z INFO  steel_front] cam: yaw=0.0 pitch=-10.0 dist=3.4 mode=FirstPerson cycle_us=6270 update_us=1260 render_us=5009
[2026-08-09T12:52:08Z INFO  steel_front::engine::renderer] visible=17966/65536 near=3016 far=14950 fps=189.1 frame_us=4163 cull_us=490 terrain_us=0 wait_fence_us=202 acquire_us=25 record_us=702 submit_us=377 present_us=1808 terrain_lod=high blend=0.000 quality=中画质 marker=20 npc=896
[2026-08-09T12:52:08Z INFO  steel_front::engine::game] ai: npcs=128 idle=0 patrol=0 chase=128 attack=0 tactics=[128, 0, 0, 0, 0, 0, 0]
[2026-08-09T12:52:08Z INFO  steel_front::engine::game] game: wave=1 enemies=128 enemy_hp=100 hp=100/100 score=0 phys_us=1 ai_us=644 audio_us=7 net_us=0
[2026-08-09T12:52:08Z INFO  steel_front] cam: yaw=0.0 pitch=-10.0 dist=3.4 mode=FirstPerson cycle_us=3097 update_us=731 render_us=2365
[2026-08-09T12:52:09Z INFO  steel_front::engine::renderer] visible=17966/65536 near=3016 far=14950 fps=184.9 frame_us=2670 cull_us=348 terrain_us=0 wait_fence_us=174 acquire_us=7 record_us=240 submit_us=98 present_us=1767 terrain_lod=high blend=0.000 quality=中画质 marker=20 npc=896
[2026-08-09T12:52:09Z INFO  steel_front::engine::game] ai: npcs=128 idle=0 patrol=0 chase=128 attack=0 tactics=[128, 0, 0, 0, 0, 0, 0]
[2026-08-09T12:52:09Z INFO  steel_front::engine::game] game: wave=1 enemies=128 enemy_hp=100 hp=100/100 score=0 phys_us=2 ai_us=875 audio_us=2 net_us=0
[2026-08-09T12:52:09Z INFO  steel_front] cam: yaw=0.0 pitch=-10.0 dist=3.4 mode=FirstPerson cycle_us=4800 update_us=841 render_us=3959
[2026-08-09T12:52:10Z INFO  steel_front::engine::renderer] visible=17966/65536 near=3016 far=14950 fps=230.9 frame_us=2077 cull_us=326 terrain_us=0 wait_fence_us=260 acquire_us=7 record_us=174 submit_us=113 present_us=1407 terrain_lod=high blend=0.000 quality=中画质 marker=20 npc=896
[2026-08-09T12:52:10Z INFO  steel_front::engine::game] ai: npcs=128 idle=0 patrol=0 chase=128 attack=0 tactics=[128, 0, 0, 0, 0, 0, 0]
[2026-08-09T12:52:10Z INFO  steel_front::engine::game] game: wave=1 enemies=128 enemy_hp=100 hp=100/100 score=0 phys_us=2 ai_us=649 audio_us=2 net_us=0
[2026-08-09T12:52:10Z INFO  steel_front] cam: yaw=0.0 pitch=-10.0 dist=3.4 mode=FirstPerson cycle_us=3157 update_us=499 render_us=2658
[2026-08-09T12:52:10Z INFO  steel_front::engine::game] npc: #8 stand (-0.0, 0.0, -132.4)
[2026-08-09T12:52:10Z INFO  steel_front::engine::game] npc: #134 stand (-11.7, 0.0, -135.1)
[2026-08-09T12:52:11Z INFO  steel_front::engine::renderer] visible=17966/65536 near=3016 far=14950 fps=215.1 frame_us=2205 cull_us=220 terrain_us=0 wait_fence_us=193 acquire_us=7 record_us=143 submit_us=115 present_us=1634 terrain_lod=high blend=0.000 quality=中画质 marker=20 npc=896
[2026-08-09T12:52:11Z INFO  steel_front::engine::game] ai: npcs=128 idle=0 patrol=0 chase=126 attack=2 tactics=[128, 0, 0, 0, 0, 0, 0]
[2026-08-09T12:52:11Z INFO  steel_front::engine::game] game: wave=1 enemies=128 enemy_hp=100 hp=100/100 score=0 phys_us=1 ai_us=622 audio_us=2 net_us=0
[2026-08-09T12:52:11Z INFO  steel_front] cam: yaw=0.0 pitch=-10.0 dist=3.4 mode=FirstPerson cycle_us=3680 update_us=860 render_us=2819
[2026-08-09T12:52:11Z INFO  steel_front::engine::game] npc: #71 stand (4.5, 0.0, 140.3)
[2026-08-09T12:52:11Z INFO  steel_front::engine::game] npc: #74 stand (-2.7, 0.0, 130.7)
[2026-08-09T12:52:12Z INFO  steel_front::engine::renderer] visible=17966/65536 near=3016 far=14950 fps=191.1 frame_us=3727 cull_us=219 terrain_us=0 wait_fence_us=173 acquire_us=8 record_us=627 submit_us=198 present_us=2315 terrain_lod=high blend=0.000 quality=中画质 marker=20 npc=896
[2026-08-09T12:52:12Z INFO  steel_front::engine::game] ai: npcs=128 idle=0 patrol=0 chase=124 attack=4 tactics=[128, 0, 0, 0, 0, 0, 0]
[2026-08-09T12:52:12Z INFO  steel_front::engine::game] game: wave=1 enemies=128 enemy_hp=100 hp=100/100 score=0 phys_us=6 ai_us=995 audio_us=8 net_us=0
[2026-08-09T12:52:12Z INFO  steel_front] cam: yaw=0.0 pitch=-10.0 dist=3.4 mode=FirstPerson cycle_us=5415 update_us=1078 render_us=4336
[2026-08-09T12:52:13Z INFO  steel_front::engine::renderer] visible=17966/65536 near=3016 far=14950 fps=181.1 frame_us=2875 cull_us=710 terrain_us=0 wait_fence_us=349 acquire_us=15 record_us=193 submit_us=130 present_us=2119 terrain_lod=high blend=0.000 quality=中画质 marker=20 npc=896
[2026-08-09T12:52:13Z INFO  steel_front::engine::game] ai: npcs=128 idle=0 patrol=0 chase=124 attack=4 tactics=[128, 0, 0, 0, 0, 0, 0]
[2026-08-09T12:52:13Z INFO  steel_front::engine::game] game: wave=1 enemies=128 enemy_hp=100 hp=100/100 score=0 phys_us=3 ai_us=1208 audio_us=2 net_us=0
[2026-08-09T12:52:13Z INFO  steel_front::engine::game] npc: #9 stand (6.1, 0.0, -154.9)
[2026-08-09T12:52:13Z INFO  steel_front::engine::game] npc: #135 stand (-5.7, 0.0, -152.5)
[2026-08-09T12:52:13Z INFO  steel_front] cam: yaw=0.0 pitch=-10.0 dist=3.4 mode=FirstPerson cycle_us=3898 update_us=1104 render_us=2793
[2026-08-09T12:52:13Z INFO  steel_front::engine::game] npc: #132 stand (-12.0, 0.0, -133.5)
[2026-08-09T12:52:14Z INFO  steel_front::engine::renderer] visible=17966/65536 near=3016 far=14950 fps=173.5 frame_us=2356 cull_us=214 terrain_us=0 wait_fence_us=179 acquire_us=7 record_us=179 submit_us=128 present_us=1549 terrain_lod=high blend=0.000 quality=中画质 marker=20 npc=896
[2026-08-09T12:52:14Z INFO  steel_front::engine::game] npc: #68 stand (3.7, 0.0, 120.6)
[2026-08-09T12:52:14Z INFO  steel_front::engine::game] ai: npcs=128 idle=0 patrol=0 chase=120 attack=8 tactics=[128, 0, 0, 0, 0, 0, 0]
[2026-08-09T12:52:14Z INFO  steel_front::engine::game] game: wave=1 enemies=128 enemy_hp=100 hp=100/100 score=0 phys_us=3 ai_us=890 audio_us=3 net_us=0
[2026-08-09T12:52:14Z INFO  steel_front] cam: yaw=0.0 pitch=-10.0 dist=3.4 mode=FirstPerson cycle_us=4617 update_us=719 render_us=3897
[2026-08-09T12:52:15Z INFO  steel_front::engine::renderer] visible=17966/65536 near=3016 far=14950 fps=202.0 frame_us=3044 cull_us=250 terrain_us=0 wait_fence_us=166 acquire_us=6 record_us=180 submit_us=158 present_us=2188 terrain_lod=high blend=0.000 quality=中画质 marker=20 npc=896
[2026-08-09T12:52:15Z INFO  steel_front::engine::game] ai: npcs=128 idle=0 patrol=0 chase=120 attack=8 tactics=[128, 0, 0, 0, 0, 0, 0]
[2026-08-09T12:52:15Z INFO  steel_front::engine::game] game: wave=1 enemies=128 enemy_hp=100 hp=100/100 score=0 phys_us=2 ai_us=1078 audio_us=2 net_us=0
[2026-08-09T12:52:15Z INFO  steel_front::engine::game] npc: #72 stand (-8.3, 0.0, 120.3)
[2026-08-09T12:52:15Z INFO  steel_front] cam: yaw=0.0 pitch=-10.0 dist=3.4 mode=FirstPerson cycle_us=4655 update_us=546 render_us=4108
[2026-08-09T12:52:15Z INFO  steel_front::engine::renderer] visible=17966/65536 near=3016 far=14950 fps=220.2 frame_us=2101 cull_us=322 terrain_us=0 wait_fence_us=211 acquire_us=7 record_us=200 submit_us=95 present_us=1386 terrain_lod=high blend=0.000 quality=中画质 marker=20 npc=896
[2026-08-09T12:52:15Z INFO  steel_front::engine::game] npc: #79 stand (-6.6, 0.0, 114.4)
[2026-08-09T12:52:15Z INFO  steel_front::engine::game] ai: npcs=128 idle=0 patrol=0 chase=118 attack=10 tactics=[128, 0, 0, 0, 0, 0, 0]
[2026-08-09T12:52:15Z INFO  steel_front::engine::game] game: wave=1 enemies=128 enemy_hp=100 hp=100/100 score=0 phys_us=3 ai_us=753 audio_us=4 net_us=0
[2026-08-09T12:52:15Z INFO  steel_front] cam: yaw=0.0 pitch=-10.0 dist=3.4 mode=FirstPerson cycle_us=4500 update_us=772 render_us=3728
[2026-08-09T12:52:15Z INFO  steel_front::engine::game] npc: #77 stand (-5.3, 0.0, 128.5)
[2026-08-09T12:52:16Z INFO  steel_front::engine::game] npc: #66 stand (8.9, 0.0, 127.6)
[2026-08-09T12:52:16Z INFO  steel_front::engine::game] npc: #11 stand (-0.9, 0.0, -141.5)
[2026-08-09T12:52:16Z INFO  steel_front::engine::renderer] visible=17966/65536 near=3016 far=14950 fps=203.9 frame_us=3590 cull_us=355 terrain_us=0 wait_fence_us=213 acquire_us=9 record_us=538 submit_us=280 present_us=1857 terrain_lod=high blend=0.000 quality=中画质 marker=20 npc=896
[2026-08-09T12:52:16Z INFO  steel_front::engine::game] ai: npcs=128 idle=0 patrol=0 chase=115 attack=13 tactics=[128, 0, 0, 0, 0, 0, 0]
[2026-08-09T12:52:16Z INFO  steel_front::engine::game] game: wave=1 enemies=128 enemy_hp=100 hp=100/100 score=0 phys_us=1 ai_us=711 audio_us=7 net_us=0
[2026-08-09T12:52:16Z INFO  steel_front] cam: yaw=0.0 pitch=-10.0 dist=3.4 mode=FirstPerson cycle_us=4602 update_us=518 render_us=4083
[2026-08-09T12:52:16Z INFO  steel_front::engine::game] npc: #133 stand (-5.8, 0.0, -156.6)
[2026-08-09T12:52:17Z INFO  steel_front::engine::game] npc: #69 stand (-0.8, 0.0, 147.0)
[2026-08-09T12:52:17Z INFO  steel_front::engine::game] npc: #73 stand (-11.6, 0.0, 141.7)
[2026-08-09T12:52:17Z INFO  steel_front::engine::renderer] visible=17966/65536 near=3016 far=14950 fps=184.7 frame_us=3519 cull_us=847 terrain_us=0 wait_fence_us=246 acquire_us=17 record_us=247 submit_us=144 present_us=2573 terrain_lod=high blend=0.000 quality=中画质 marker=20 npc=896
[2026-08-09T12:52:17Z INFO  steel_front::engine::game] ai: npcs=128 idle=0 patrol=0 chase=112 attack=16 tactics=[128, 0, 0, 0, 0, 0, 0]
[2026-08-09T12:52:17Z INFO  steel_front::engine::game] game: wave=1 enemies=128 enemy_hp=100 hp=100/100 score=0 phys_us=6 ai_us=938 audio_us=4 net_us=0
[2026-08-09T12:52:17Z INFO  steel_front::engine::game] npc: #12 stand (6.3, 0.0, -152.9)
[2026-08-09T12:52:17Z INFO  steel_front] cam: yaw=0.0 pitch=-10.0 dist=3.4 mode=FirstPerson cycle_us=5441 update_us=945 render_us=4496
[2026-08-09T12:52:17Z INFO  steel_front::engine::game] npc: #13 stand (-0.3, 0.0, -130.7)
[2026-08-09T12:52:18Z INFO  steel_front::engine::game] npc: #130 stand (-11.6, 0.0, -135.6)
[2026-08-09T12:52:18Z INFO  steel_front::engine::renderer] visible=17966/65536 near=3016 far=14950 fps=171.9 frame_us=2400 cull_us=240 terrain_us=0 wait_fence_us=170 acquire_us=7 record_us=198 submit_us=150 present_us=1471 terrain_lod=high blend=0.000 quality=中画质 marker=20 npc=896
[2026-08-09T12:52:18Z INFO  steel_front::engine::game] ai: npcs=128 idle=0 patrol=0 chase=109 attack=19 tactics=[128, 0, 0, 0, 0, 0, 0]
[2026-08-09T12:52:18Z INFO  steel_front::engine::game] game: wave=1 enemies=128 enemy_hp=100 hp=100/100 score=0 phys_us=6 ai_us=1124 audio_us=3 net_us=0
[2026-08-09T12:52:18Z INFO  steel_front] cam: yaw=0.0 pitch=-10.0 dist=3.4 mode=FirstPerson cycle_us=4985 update_us=868 render_us=4116
[2026-08-09T12:52:19Z INFO  steel_front::engine::game] npc: #10 stand (-3.0, 0.0, -168.3)
[2026-08-09T12:52:19Z INFO  steel_front::engine::renderer] visible=17966/65536 near=3016 far=14950 fps=190.2 frame_us=2160 cull_us=464 terrain_us=0 wait_fence_us=372 acquire_us=17 record_us=213 submit_us=129 present_us=1424 terrain_lod=high blend=0.000 quality=中画质 marker=20 npc=896
[2026-08-09T12:52:19Z INFO  steel_front::engine::game] npc: #129 stand (-11.8, 0.0, -134.4)
[2026-08-09T12:52:19Z INFO  steel_front::engine::game] ai: npcs=128 idle=0 patrol=0 chase=107 attack=21 tactics=[128, 0, 0, 0, 0, 0, 0]
[2026-08-09T12:52:19Z INFO  steel_front::engine::game] game: wave=1 enemies=128 enemy_hp=100 hp=100/100 score=0 phys_us=4 ai_us=750 audio_us=4 net_us=0
[2026-08-09T12:52:19Z INFO  steel_front] cam: yaw=0.0 pitch=-10.0 dist=3.4 mode=FirstPerson cycle_us=4109 update_us=682 render_us=3427
[2026-08-09T12:52:19Z INFO  steel_front::engine::game] npc: #131 stand (-10.4, 0.0, -158.9)
[2026-08-09T12:52:19Z INFO  steel_front::engine::game] npc: #82 stand (-10.3, 0.0, 110.5)
[2026-08-09T12:52:19Z INFO  steel_front::engine::game] npc: #63 stand (-0.0, 0.0, 104.3)
[2026-08-09T12:52:19Z INFO  steel_front::engine::game] battle: 阵亡 1（红=63 蓝=64 存活）
[2026-08-09T12:52:19Z INFO  steel_front::engine::game] npc: #79 stand (-6.6, 0.0, 114.4)
[2026-08-09T12:52:20Z INFO  steel_front::engine::game] npc: #84 stand (-6.6, 0.0, 94.3)
[2026-08-09T12:52:20Z INFO  steel_front::engine::renderer] visible=17966/65536 near=3016 far=14950 fps=188.0 frame_us=3315 cull_us=825 terrain_us=0 wait_fence_us=291 acquire_us=22 record_us=528 submit_us=177 present_us=1932 terrain_lod=high blend=0.000 quality=中画质 marker=20 npc=889
[2026-08-09T12:52:20Z INFO  steel_front::engine::game] ai: npcs=127 idle=0 patrol=0 chase=105 attack=22 tactics=[127, 0, 0, 0, 0, 0, 0]
[2026-08-09T12:52:20Z INFO  steel_front::engine::game] game: wave=1 enemies=127 enemy_hp=100 hp=100/100 score=0 phys_us=1 ai_us=850 audio_us=3 net_us=0
[2026-08-09T12:52:20Z INFO  steel_front::engine::game] npc: #64 stand (8.9, 0.0, 127.7)
[2026-08-09T12:52:20Z INFO  steel_front] cam: yaw=0.0 pitch=-10.0 dist=3.4 mode=FirstPerson cycle_us=3310 update_us=778 render_us=2531
[2026-08-09T12:52:20Z INFO  steel_front::engine::game] npc: #14 stand (0.4, 0.0, -135.7)
[2026-08-09T12:52:20Z INFO  steel_front::engine::game] npc: #77 stand (-2.9, 0.0, 130.1)
[2026-08-09T12:52:21Z INFO  steel_front::engine::game] battle: 阵亡 1（红=62 蓝=64 存活）
[2026-08-09T12:52:21Z INFO  steel_front::engine::game] npc: #129 stand (-11.7, 0.0, -134.5)
[2026-08-09T12:52:21Z INFO  steel_front::engine::game] npc: #134 stand (-11.6, 0.0, -134.8)
[2026-08-09T12:52:21Z INFO  steel_front::engine::renderer] visible=17966/65536 near=3016 far=14950 fps=206.7 frame_us=2552 cull_us=278 terrain_us=0 wait_fence_us=234 acquire_us=18 record_us=166 submit_us=101 present_us=1904 terrain_lod=high blend=0.000 quality=中画质 marker=20 npc=882
[2026-08-09T12:52:21Z INFO  steel_front::engine::game] ai: npcs=126 idle=0 patrol=0 chase=102 attack=24 tactics=[126, 0, 0, 0, 0, 0, 0]
[2026-08-09T12:52:21Z INFO  steel_front::engine::game] game: wave=1 enemies=126 enemy_hp=100 hp=100/100 score=0 phys_us=2 ai_us=1039 audio_us=4 net_us=0
[2026-08-09T12:52:21Z INFO  steel_front] cam: yaw=0.0 pitch=-10.0 dist=3.4 mode=FirstPerson cycle_us=4185 update_us=513 render_us=3672
[2026-08-09T12:52:21Z INFO  steel_front::engine::game] npc: #128 stand (-12.5, 0.0, -138.5)
[2026-08-09T12:52:22Z INFO  steel_front::engine::game] npc: #67 stand (0.1, 0.0, 144.5)
[2026-08-09T12:52:22Z INFO  steel_front::engine::game] npc: #72 stand (-1.4, 0.0, 121.4)
[2026-08-09T12:52:22Z INFO  steel_front::engine::game] npc: #75 stand (-2.1, 0.0, 122.8)
[2026-08-09T12:52:22Z INFO  steel_front::engine::renderer] visible=17966/65536 near=3016 far=14950 fps=213.3 frame_us=2159 cull_us=226 terrain_us=0 wait_fence_us=170 acquire_us=6 record_us=157 submit_us=138 present_us=1298 terrain_lod=high blend=0.000 quality=中画质 marker=20 npc=882
[2026-08-09T12:52:22Z INFO  steel_front::engine::game] npc: #58 stand (3.3, 0.0, 87.5)
[2026-08-09T12:52:22Z INFO  steel_front::engine::game] ai: npcs=126 idle=0 patrol=0 chase=97 attack=29 tactics=[126, 0, 0, 0, 0, 0, 0]
[2026-08-09T12:52:22Z INFO  steel_front::engine::game] game: wave=1 enemies=126 enemy_hp=100 hp=100/100 score=0 phys_us=1 ai_us=586 audio_us=2 net_us=0
[2026-08-09T12:52:22Z INFO  steel_front::engine::game] npc: #80 stand (-2.8, 0.0, 124.7)
[2026-08-09T12:52:22Z INFO  steel_front] cam: yaw=0.0 pitch=-10.0 dist=3.4 mode=FirstPerson cycle_us=4091 update_us=967 render_us=3124
[2026-08-09T12:52:22Z INFO  steel_front::engine::game] npc: #61 stand (3.2, 0.0, 107.5)
[2026-08-09T12:52:23Z INFO  steel_front::engine::game] npc: #76 stand (-11.5, 0.0, 141.4)
[2026-08-09T12:52:23Z INFO  steel_front::engine::renderer] visible=17966/65536 near=3016 far=14950 fps=191.9 frame_us=2737 cull_us=478 terrain_us=0 wait_fence_us=204 acquire_us=10 record_us=337 submit_us=225 present_us=1531 terrain_lod=high blend=0.000 quality=中画质 marker=20 npc=882
[2026-08-09T12:52:23Z INFO  steel_front::engine::game] npc: #127 stand (-11.6, 0.0, -135.4)
[2026-08-09T12:52:23Z INFO  steel_front::engine::game] ai: npcs=126 idle=0 patrol=0 chase=93 attack=33 tactics=[126, 0, 0, 0, 0, 0, 0]
[2026-08-09T12:52:23Z INFO  steel_front::engine::game] game: wave=1 enemies=126 enemy_hp=100 hp=100/100 score=0 phys_us=2 ai_us=759 audio_us=2 net_us=0
[2026-08-09T12:52:23Z INFO  steel_front::engine::game] battle: 阵亡 1（红=62 蓝=63 存活）
[2026-08-09T12:52:23Z INFO  steel_front] cam: yaw=0.0 pitch=-10.0 dist=3.4 mode=FirstPerson cycle_us=5403 update_us=769 render_us=4633
[2026-08-09T12:52:23Z INFO  steel_front::engine::game] npc: #16 stand (-0.8, 0.0, -129.0)
[2026-08-09T12:52:23Z INFO  steel_front::engine::game] npc: #15 stand (5.6, 0.0, -148.5)
[2026-08-09T12:52:24Z INFO  steel_front::engine::game] npc: #71 stand (2.0, 0.0, 141.0)
[2026-08-09T12:52:24Z INFO  steel_front::engine::renderer] visible=17966/65536 near=3016 far=14950 fps=194.2 frame_us=2550 cull_us=514 terrain_us=0 wait_fence_us=473 acquire_us=36 record_us=258 submit_us=415 present_us=1449 terrain_lod=high blend=0.000 quality=中画质 marker=20 npc=875
[2026-08-09T12:52:24Z INFO  steel_front::engine::game] npc: #85 stand (-12.0, 0.0, 104.3)
[2026-08-09T12:52:24Z INFO  steel_front::engine::game] npc: #87 stand (-8.0, 0.0, 91.5)
[2026-08-09T12:52:24Z INFO  steel_front::engine::game] ai: npcs=125 idle=0 patrol=0 chase=89 attack=36 tactics=[125, 0, 0, 0, 0, 0, 0]
[2026-08-09T12:52:24Z INFO  steel_front::engine::game] game: wave=1 enemies=125 enemy_hp=100 hp=100/100 score=0 phys_us=2 ai_us=704 audio_us=3 net_us=0
[2026-08-09T12:52:24Z INFO  steel_front] cam: yaw=0.0 pitch=-10.0 dist=3.4 mode=FirstPerson cycle_us=4305 update_us=689 render_us=3615
[2026-08-09T12:52:24Z INFO  steel_front::engine::game] npc: #89 stand (-7.2, 0.0, 81.7)
[2026-08-09T12:52:24Z INFO  steel_front::engine::game] npc: #62 stand (8.9, 0.0, 127.7)
[2026-08-09T12:52:24Z INFO  steel_front::engine::game] npc: #81 stand (-11.5, 0.0, 141.3)
[2026-08-09T12:52:24Z INFO  steel_front::engine::game] npc: #70 stand (-0.6, 0.0, 146.5)
[2026-08-09T12:52:24Z INFO  steel_front::engine::game] battle: 阵亡 1（红=62 蓝=62 存活）
[2026-08-09T12:52:25Z INFO  steel_front::engine::game] npc: #12 stand (5.8, 0.0, -153.3)
[2026-08-09T12:52:25Z INFO  steel_front::engine::renderer] visible=17966/65536 near=3016 far=14950 fps=189.9 frame_us=3909 cull_us=396 terrain_us=0 wait_fence_us=242 acquire_us=21 record_us=751 submit_us=325 present_us=1880 terrain_lod=high blend=0.000 quality=中画质 marker=20 npc=868
[2026-08-09T12:52:25Z INFO  steel_front::engine::game] ai: npcs=124 idle=0 patrol=0 chase=86 attack=38 tactics=[124, 0, 0, 0, 0, 0, 0]
[2026-08-09T12:52:25Z INFO  steel_front::engine::game] game: wave=1 enemies=124 enemy_hp=100 hp=100/100 score=0 phys_us=2 ai_us=700 audio_us=3 net_us=0
[2026-08-09T12:52:25Z INFO  steel_front::engine::game] npc: #15 stand (4.5, 0.0, -150.4)
[2026-08-09T12:52:25Z INFO  steel_front] cam: yaw=0.0 pitch=-10.0 dist=3.4 mode=FirstPerson cycle_us=3429 update_us=669 render_us=2759
[2026-08-09T12:52:26Z INFO  steel_front::engine::game] npc: #17 stand (0.4, 0.0, -134.2)
[2026-08-09T12:52:26Z INFO  steel_front::engine::game] battle: 阵亡 1（红=61 蓝=62 存活）
[2026-08-09T12:52:26Z INFO  steel_front::engine::renderer] visible=17966/65536 near=3016 far=14950 fps=210.3 frame_us=1933 cull_us=178 terrain_us=0 wait_fence_us=201 acquire_us=6 record_us=157 submit_us=106 present_us=1276 terrain_lod=high blend=0.000 quality=中画质 marker=20 npc=861
[2026-08-09T12:52:26Z INFO  steel_front::engine::game] ai: npcs=123 idle=0 patrol=0 chase=86 attack=37 tactics=[123, 0, 0, 0, 0, 0, 0]
[2026-08-09T12:52:26Z INFO  steel_front::engine::game] game: wave=1 enemies=123 enemy_hp=100 hp=100/100 score=0 phys_us=1 ai_us=667 audio_us=3 net_us=0
[2026-08-09T12:52:26Z INFO  steel_front::engine::game] battle: 阵亡 1（红=60 蓝=62 存活）
[2026-08-09T12:52:26Z INFO  steel_front::engine::game] npc: #75 stand (-2.1, 0.0, 122.8)
[2026-08-09T12:52:26Z INFO  steel_front::engine::game] npc: #72 stand (-1.3, 0.0, 121.4)
[2026-08-09T12:52:26Z INFO  steel_front::engine::game] npc: #80 stand (-2.8, 0.0, 125.0)
[2026-08-09T12:52:26Z INFO  steel_front] cam: yaw=0.0 pitch=-10.0 dist=3.4 mode=FirstPerson cycle_us=3688 update_us=692 render_us=2995
[2026-08-09T12:52:26Z INFO  steel_front::engine::game] battle: 阵亡 1（红=59 蓝=62 存活）
[2026-08-09T12:52:26Z INFO  steel_front::engine::game] npc: #129 stand (-11.6, 0.0, -134.6)
[2026-08-09T12:52:26Z INFO  steel_front::engine::game] npc: #82 stand (-8.6, 0.0, 109.7)
[2026-08-09T12:52:26Z INFO  steel_front::engine::game] npc: #65 stand (0.1, 0.0, 144.3)
[2026-08-09T12:52:26Z INFO  steel_front::engine::game] npc: #56 stand (3.4, 0.0, 87.3)
[2026-08-09T12:52:27Z INFO  steel_front::engine::game] npc: #48 stand (6.9, 0.0, 43.3)
[2026-08-09T12:52:27Z INFO  steel_front::engine::game] npc: #94 stand (-2.0, 0.0, 51.3)
[2026-08-09T12:52:27Z INFO  steel_front::engine::game] npc: #126 stand (-11.6, 0.0, -135.4)
[2026-08-09T12:52:27Z INFO  steel_front::engine::game] npc: #59 stand (3.2, 0.0, 107.5)
[2026-08-09T12:52:27Z INFO  steel_front::engine::game] npc: #85 stand (-8.5, 0.0, 104.9)
[2026-08-09T12:52:27Z INFO  steel_front::engine::renderer] visible=17966/65536 near=3016 far=14950 fps=226.8 frame_us=4011 cull_us=430 terrain_us=0 wait_fence_us=276 acquire_us=13 record_us=408 submit_us=185 present_us=2598 terrain_lod=high blend=0.000 quality=中画质 marker=20 npc=847
[2026-08-09T12:52:27Z INFO  steel_front::engine::game] ai: npcs=121 idle=0 patrol=0 chase=78 attack=43 tactics=[121, 0, 0, 0, 0, 0, 0]
[2026-08-09T12:52:27Z INFO  steel_front::engine::game] game: wave=1 enemies=121 enemy_hp=100 hp=100/100 score=0 phys_us=3 ai_us=803 audio_us=3 net_us=0
[2026-08-09T12:52:27Z INFO  steel_front] cam: yaw=0.0 pitch=-10.0 dist=3.4 mode=FirstPerson cycle_us=4601 update_us=591 render_us=4009
[2026-08-09T12:52:27Z INFO  steel_front::engine::game] npc: #125 stand (-11.6, 0.0, -135.5)
[2026-08-09T12:52:27Z INFO  steel_front::engine::game] npc: #18 stand (-0.8, 0.0, -129.0)
[2026-08-09T12:52:28Z INFO  steel_front::engine::game] npc: #51 stand (7.5, 0.0, 58.6)
[2026-08-09T12:52:28Z INFO  steel_front::engine::renderer] visible=17966/65536 near=3016 far=14950 fps=192.6 frame_us=3531 cull_us=324 terrain_us=0 wait_fence_us=188 acquire_us=13 record_us=233 submit_us=205 present_us=2464 terrain_lod=high blend=0.000 quality=中画质 marker=20 npc=847
[2026-08-09T12:52:28Z INFO  steel_front::engine::game] ai: npcs=121 idle=0 patrol=0 chase=75 attack=46 tactics=[121, 0, 0, 0, 0, 0, 0]
[2026-08-09T12:52:28Z INFO  steel_front::engine::game] game: wave=1 enemies=121 enemy_hp=100 hp=100/100 score=0 phys_us=1 ai_us=801 audio_us=5 net_us=0
[2026-08-09T12:52:28Z INFO  steel_front::engine::game] npc: #53 stand (-4.4, 0.0, 66.8)
[2026-08-09T12:52:28Z INFO  steel_front::engine::game] npc: #92 stand (-13.0, 0.0, 75.2)
[2026-08-09T12:52:28Z INFO  steel_front::engine::game] npc: #83 stand (-0.6, 0.0, 120.3)
[2026-08-09T12:52:28Z INFO  steel_front] cam: yaw=0.0 pitch=-10.0 dist=3.4 mode=FirstPerson cycle_us=3371 update_us=478 render_us=2892
[2026-08-09T12:52:28Z INFO  steel_front::engine::game] npc: #124 stand (-11.6, 0.0, -135.3)
[2026-08-09T12:52:29Z INFO  steel_front::engine::game] npc: #60 stand (8.9, 0.0, 127.7)
[2026-08-09T12:52:29Z INFO  steel_front::engine::game] npc: #43 stand (9.5, 0.0, 20.7)
[2026-08-09T12:52:29Z INFO  steel_front::engine::game] npc: #99 stand (-0.3, 0.0, 27.7)
[2026-08-09T12:52:29Z INFO  steel_front::engine::game] npc: #78 stand (-1.0, 0.0, 120.8)
[2026-08-09T12:52:29Z INFO  steel_front::engine::renderer] visible=17966/65536 near=3016 far=14950 fps=199.1 frame_us=2435 cull_us=322 terrain_us=0 wait_fence_us=150 acquire_us=8 record_us=295 submit_us=181 present_us=1392 terrain_lod=high blend=0.000 quality=中画质 marker=20 npc=847
[2026-08-09T12:52:29Z INFO  steel_front::engine::game] ai: npcs=121 idle=0 patrol=0 chase=67 attack=54 tactics=[121, 0, 0, 0, 0, 0, 0]
[2026-08-09T12:52:29Z INFO  steel_front::engine::game] game: wave=1 enemies=121 enemy_hp=100 hp=100/100 score=0 phys_us=1 ai_us=653 audio_us=4 net_us=0
[2026-08-09T12:52:29Z INFO  steel_front::engine::game] npc: #46 stand (10.2, 0.0, 33.4)
[2026-08-09T12:52:29Z INFO  steel_front::engine::game] battle: 阵亡 1（红=59 蓝=61 存活）
[2026-08-09T12:52:29Z INFO  steel_front] cam: yaw=0.0 pitch=-10.0 dist=3.4 mode=FirstPerson cycle_us=4492 update_us=750 render_us=3741
[2026-08-09T12:52:29Z INFO  steel_front::engine::game] npc: #90 stand (-7.4, 0.0, 82.2)
[2026-08-09T12:52:29Z INFO  steel_front::engine::game] npc: #19 stand (-0.8, 0.0, -129.0)
[2026-08-09T12:52:30Z INFO  steel_front::engine::game] battle: 阵亡 1（红=58 蓝=61 存活）
[2026-08-09T12:52:30Z INFO  steel_front::engine::game] npc: #124 stand (-11.5, 0.0, -135.2)
[2026-08-09T12:52:30Z INFO  steel_front::engine::game] npc: #125 stand (-11.5, 0.0, -135.5)
[2026-08-09T12:52:30Z INFO  steel_front::engine::game] npc: #126 stand (-11.5, 0.0, -135.3)
[2026-08-09T12:52:30Z INFO  steel_front::engine::game] npc: #127 stand (-11.6, 0.0, -135.0)
[2026-08-09T12:52:30Z INFO  steel_front::engine::game] npc: #130 stand (-11.6, 0.0, -134.8)
[2026-08-09T12:52:30Z INFO  steel_front::engine::renderer] visible=17966/65536 near=3016 far=14950 fps=194.2 frame_us=2318 cull_us=292 terrain_us=0 wait_fence_us=175 acquire_us=9 record_us=283 submit_us=149 present_us=1383 terrain_lod=high blend=0.000 quality=中画质 marker=20 npc=833
[2026-08-09T12:52:30Z INFO  steel_front::engine::game] ai: npcs=119 idle=0 patrol=0 chase=67 attack=52 tactics=[118, 0, 0, 0, 0, 1, 0]
[2026-08-09T12:52:30Z INFO  steel_front::engine::game] game: wave=1 enemies=119 enemy_hp=100 hp=100/100 score=0 phys_us=6 ai_us=1161 audio_us=4 net_us=0
[2026-08-09T12:52:30Z INFO  steel_front] cam: yaw=0.0 pitch=-10.0 dist=3.4 mode=FirstPerson cycle_us=3380 update_us=661 render_us=2718
[2026-08-09T12:52:30Z INFO  steel_front::engine::game] npc: #97 stand (-4.5, 0.0, 39.7)
[2026-08-09T12:52:30Z INFO  steel_front::engine::game] battle: 阵亡 1（红=57 蓝=61 存活）
[2026-08-09T12:52:30Z INFO  steel_front::engine::game] npc: #72 stand (-1.3, 0.0, 121.4)
[2026-08-09T12:52:30Z INFO  steel_front::engine::game] npc: #75 stand (-2.0, 0.0, 122.8)
[2026-08-09T12:52:30Z INFO  steel_front::engine::game] npc: #80 stand (-2.8, 0.0, 125.0)
[2026-08-09T12:52:30Z INFO  steel_front::engine::game] npc: #78 stand (-1.0, 0.0, 120.9)
[2026-08-09T12:52:30Z INFO  steel_front::engine::game] npc: #12 stand (0.9, 0.0, -155.0)
[2026-08-09T12:52:30Z INFO  steel_front::engine::game] npc: #9 stand (0.6, 0.0, -154.1)
[2026-08-09T12:52:31Z INFO  steel_front::engine::game] npc: #54 stand (4.7, 0.0, 83.6)
[2026-08-09T12:52:31Z INFO  steel_front::engine::game] battle: 阵亡 1（红=57 蓝=60 存活）
[2026-08-09T12:52:31Z INFO  steel_front::engine::game] npc: #70 stand (-0.6, 0.0, 146.4)
[2026-08-09T12:52:31Z INFO  steel_front::engine::game] npc: #15 stand (-0.9, 0.0, -151.6)
[2026-08-09T12:52:31Z INFO  steel_front::engine::renderer] visible=17966/65536 near=3016 far=14950 fps=190.2 frame_us=2807 cull_us=318 terrain_us=0 wait_fence_us=264 acquire_us=19 record_us=179 submit_us=107 present_us=1832 terrain_lod=high blend=0.000 quality=中画质 marker=20 npc=819
[2026-08-09T12:52:31Z INFO  steel_front::engine::game] ai: npcs=117 idle=0 patrol=0 chase=63 attack=54 tactics=[116, 0, 0, 0, 0, 1, 0]
[2026-08-09T12:52:31Z INFO  steel_front::engine::game] game: wave=1 enemies=117 enemy_hp=100 hp=100/100 score=0 phys_us=5 ai_us=978 audio_us=2 net_us=0
[2026-08-09T12:52:31Z INFO  steel_front::engine::game] npc: #69 stand (-0.1, 0.0, 145.1)
[2026-08-09T12:52:31Z INFO  steel_front] cam: yaw=0.0 pitch=-10.0 dist=3.4 mode=FirstPerson cycle_us=4365 update_us=740 render_us=3625
[2026-08-09T12:52:31Z INFO  steel_front::engine::game] npc: #95 stand (-15.6, 0.0, 62.6)
[2026-08-09T12:52:31Z INFO  steel_front::engine::game] battle: 阵亡 1（红=57 蓝=59 存活）
[2026-08-09T12:52:31Z INFO  steel_front::engine::game] npc: #16 stand (-1.0, 0.0, -129.0)
[2026-08-09T12:52:31Z INFO  steel_front::engine::game] npc: #19 stand (-1.0, 0.0, -128.9)
[2026-08-09T12:52:31Z INFO  steel_front::engine::game] npc: #18 stand (-0.9, 0.0, -129.2)
[2026-08-09T12:52:31Z INFO  steel_front::engine::game] npc: #88 stand (-5.7, 0.0, 99.5)
[2026-08-09T12:52:31Z INFO  steel_front::engine::game] npc: #57 stand (3.5, 0.0, 107.2)
[2026-08-09T12:52:31Z INFO  steel_front::engine::game] npc: #49 stand (9.2, 0.0, 55.6)
[2026-08-09T12:52:32Z INFO  steel_front::engine::game] npc: #86 stand (-7.7, 0.0, 112.4)
[2026-08-09T12:52:32Z INFO  steel_front::engine::game] npc: #123 stand (-11.5, 0.0, -135.4)
[2026-08-09T12:52:32Z INFO  steel_front::engine::game] battle: 阵亡 1（红=56 蓝=59 存活）
[2026-08-09T12:52:32Z INFO  steel_front::engine::game] npc: #130 stand (-11.5, 0.0, -134.8)
[2026-08-09T12:52:32Z INFO  steel_front::engine::game] npc: #134 stand (-11.5, 0.0, -134.8)
[2026-08-09T12:52:32Z INFO  steel_front::engine::game] npc: #125 stand (-11.3, 0.0, -135.5)
[2026-08-09T12:52:32Z INFO  steel_front::engine::game] npc: #127 stand (-11.5, 0.0, -134.8)
[2026-08-09T12:52:32Z INFO  steel_front::engine::renderer] visible=17966/65536 near=3016 far=14950 fps=195.7 frame_us=2620 cull_us=477 terrain_us=0 wait_fence_us=799 acquire_us=21 record_us=368 submit_us=151 present_us=1482 terrain_lod=high blend=0.000 quality=中画质 marker=20 npc=805
[2026-08-09T12:52:32Z INFO  steel_front::engine::game] npc: #126 stand (-11.2, 0.0, -135.3)
[2026-08-09T12:52:32Z INFO  steel_front::engine::game] npc: #123 stand (-11.3, 0.0, -135.1)
[2026-08-09T12:52:32Z INFO  steel_front::engine::game] npc: #124 stand (-11.5, 0.0, -134.7)
[2026-08-09T12:52:32Z INFO  steel_front::engine::game] ai: npcs=115 idle=0 patrol=0 chase=56 attack=59 tactics=[115, 0, 0, 0, 0, 0, 0]
[2026-08-09T12:52:32Z INFO  steel_front::engine::game] game: wave=1 enemies=115 enemy_hp=100 hp=100/100 score=0 phys_us=3 ai_us=809 audio_us=2 net_us=0
[2026-08-09T12:52:32Z INFO  steel_front] cam: yaw=0.0 pitch=-10.0 dist=3.4 mode=FirstPerson cycle_us=3492 update_us=809 render_us=2683
[2026-08-09T12:52:32Z INFO  steel_front::engine::game] battle: 阵亡 1（红=55 蓝=59 存活）
[2026-08-09T12:52:32Z INFO  steel_front::engine::game] npc: #20 stand (0.2, 0.0, -131.5)
[2026-08-09T12:52:32Z INFO  steel_front::engine::game] npc: #125 stand (-11.1, 0.0, -135.5)
[2026-08-09T12:52:33Z INFO  steel_front::engine::game] npc: #122 stand (-11.3, 0.0, -135.1)
[2026-08-09T12:52:33Z INFO  steel_front::engine::game] battle: 阵亡 1（红=55 蓝=58 存活）
[2026-08-09T12:52:33Z INFO  steel_front::engine::renderer] visible=17966/65536 near=3016 far=14950 fps=219.7 frame_us=2330 cull_us=189 terrain_us=0 wait_fence_us=147 acquire_us=5 record_us=282 submit_us=227 present_us=1300 terrain_lod=high blend=0.000 quality=中画质 marker=20 npc=791
[2026-08-09T12:52:33Z INFO  steel_front::engine::game] ai: npcs=113 idle=0 patrol=0 chase=59 attack=54 tactics=[112, 0, 0, 0, 0, 1, 0]
[2026-08-09T12:52:33Z INFO  steel_front::engine::game] game: wave=1 enemies=113 enemy_hp=100 hp=100/100 score=0 phys_us=1 ai_us=571 audio_us=1 net_us=0
[2026-08-09T12:52:33Z INFO  steel_front] cam: yaw=0.0 pitch=-10.0 dist=3.4 mode=FirstPerson cycle_us=5820 update_us=608 render_us=5211
[2026-08-09T12:52:33Z INFO  steel_front::engine::game] battle: 阵亡 1（红=55 蓝=57 存活）
[2026-08-09T12:52:33Z INFO  steel_front::engine::game] npc: #128 stand (-8.5, 0.0, -139.7)
[2026-08-09T12:52:34Z INFO  steel_front::engine::game] npc: #21 stand (-0.9, 0.0, -129.1)
[2026-08-09T12:52:34Z INFO  steel_front::engine::game] npc: #71 stand (0.5, 0.0, 141.9)
[2026-08-09T12:52:34Z INFO  steel_front::engine::game] npc: #44 stand (9.3, 0.0, 20.5)
[2026-08-09T12:52:34Z INFO  steel_front::engine::game] npc: #15 stand (-5.1, 0.0, -151.2)
[2026-08-09T12:52:34Z INFO  steel_front::engine::renderer] visible=17966/65536 near=3016 far=14950 fps=205.0 frame_us=3090 cull_us=298 terrain_us=0 wait_fence_us=266 acquire_us=15 record_us=454 submit_us=283 present_us=1602 terrain_lod=high blend=0.000 quality=中画质 marker=20 npc=784
[2026-08-09T12:52:34Z INFO  steel_front::engine::game] battle: 阵亡 1（红=54 蓝=57 存活）
[2026-08-09T12:52:34Z INFO  steel_front::engine::game] npc: #87 stand (-7.8, 0.0, 91.4)
[2026-08-09T12:52:34Z INFO  steel_front::engine::game] ai: npcs=111 idle=0 patrol=0 chase=56 attack=55 tactics=[110, 0, 0, 0, 0, 1, 0]
[2026-08-09T12:52:34Z INFO  steel_front::engine::game] game: wave=1 enemies=111 enemy_hp=100 hp=100/100 score=0 phys_us=5 ai_us=751 audio_us=3 net_us=0
[2026-08-09T12:52:34Z INFO  steel_front] cam: yaw=0.0 pitch=-10.0 dist=3.4 mode=FirstPerson cycle_us=3700 update_us=873 render_us=2827
[2026-08-09T12:52:34Z INFO  steel_front::engine::game] npc: #84 stand (-5.5, 0.0, 95.3)
[2026-08-09T12:52:34Z INFO  steel_front::engine::game] battle: 阵亡 1（红=53 蓝=57 存活）
[2026-08-09T12:52:34Z INFO  steel_front::engine::game] npc: #85 stand (-8.5, 0.0, 104.9)
[2026-08-09T12:52:35Z INFO  steel_front::engine::game] npc: #52 stand (2.8, 0.0, 75.1)
[2026-08-09T12:52:35Z INFO  steel_front::engine::game] battle: 阵亡 1（红=53 蓝=56 存活）
[2026-08-09T12:52:35Z INFO  steel_front::engine::game] npc: #69 stand (-0.1, 0.0, 145.1)
[2026-08-09T12:52:35Z INFO  steel_front::engine::game] npc: #70 stand (-0.7, 0.0, 146.5)
[2026-08-09T12:52:35Z INFO  steel_front::engine::renderer] visible=17966/65536 near=3016 far=14950 fps=194.0 frame_us=3864 cull_us=429 terrain_us=0 wait_fence_us=230 acquire_us=8 record_us=602 submit_us=387 present_us=1773 terrain_lod=high blend=0.000 quality=中画质 marker=20 npc=763
[2026-08-09T12:52:35Z INFO  steel_front::engine::game] npc: #91 stand (-8.5, 0.0, 87.7)
[2026-08-09T12:52:35Z INFO  steel_front::engine::game] ai: npcs=109 idle=0 patrol=0 chase=53 attack=56 tactics=[108, 0, 0, 0, 0, 1, 0]
[2026-08-09T12:52:35Z INFO  steel_front::engine::game] game: wave=1 enemies=109 enemy_hp=100 hp=100/100 score=0 phys_us=1 ai_us=740 audio_us=1 net_us=0
[2026-08-09T12:52:35Z INFO  steel_front] cam: yaw=0.0 pitch=-10.0 dist=3.4 mode=FirstPerson cycle_us=4021 update_us=541 render_us=3479
[2026-08-09T12:52:35Z INFO  steel_front::engine::game] battle: 阵亡 1（红=52 蓝=56 存活）
[2026-08-09T12:52:35Z INFO  steel_front::engine::game] battle: 阵亡 1（红=51 蓝=56 存活）
[2026-08-09T12:52:35Z INFO  steel_front::engine::game] npc: #72 stand (-1.3, 0.0, 121.4)
[2026-08-09T12:52:35Z INFO  steel_front::engine::game] npc: #78 stand (-1.0, 0.0, 120.9)
[2026-08-09T12:52:35Z INFO  steel_front::engine::game] npc: #83 stand (-0.6, 0.0, 120.4)
[2026-08-09T12:52:35Z INFO  steel_front::engine::game] npc: #122 stand (-11.3, 0.0, -135.1)
[2026-08-09T12:52:36Z INFO  steel_front::engine::game] npc: #100 stand (-2.5, 0.0, 22.3)
[2026-08-09T12:52:36Z INFO  steel_front::engine::game] npc: #47 stand (9.4, 0.0, 47.6)
[2026-08-09T12:52:36Z INFO  steel_front::engine::renderer] visible=17966/65536 near=3016 far=14950 fps=188.8 frame_us=2585 cull_us=241 terrain_us=0 wait_fence_us=161 acquire_us=7 record_us=204 submit_us=119 present_us=1815 terrain_lod=high blend=0.000 quality=中画质 marker=20 npc=749
[2026-08-09T12:52:36Z INFO  steel_front::engine::game] npc: #23 stand (0.4, 0.0, -131.7)
[2026-08-09T12:52:36Z INFO  steel_front::engine::game] battle: 阵亡 1（红=50 蓝=56 存活）
[2026-08-09T12:52:36Z INFO  steel_front::engine::game] ai: npcs=106 idle=0 patrol=0 chase=54 attack=52 tactics=[105, 0, 0, 0, 0, 1, 0]
[2026-08-09T12:52:36Z INFO  steel_front::engine::game] game: wave=1 enemies=106 enemy_hp=100 hp=100/100 score=0 phys_us=3 ai_us=755 audio_us=8 net_us=0
[2026-08-09T12:52:36Z INFO  steel_front::engine::game] npc: #90 stand (-7.2, 0.0, 82.0)
[2026-08-09T12:52:36Z INFO  steel_front] cam: yaw=0.0 pitch=-10.0 dist=3.4 mode=FirstPerson cycle_us=4605 update_us=613 render_us=3991
[2026-08-09T12:52:36Z INFO  steel_front::engine::game] npc: #22 stand (0.1, 0.0, -131.4)
[2026-08-09T12:52:37Z INFO  steel_front::engine::game] npc: #91 stand (-7.1, 0.0, 86.2)
[2026-08-09T12:52:37Z INFO  steel_front::engine::game] npc: #55 stand (5.2, 0.0, 104.6)
[2026-08-09T12:52:37Z INFO  steel_front::engine::game] npc: #87 stand (-5.7, 0.0, 89.6)
[2026-08-09T12:52:37Z INFO  steel_front::engine::game] npc: #93 stand (-7.2, 0.0, 81.9)
[2026-08-09T12:52:37Z INFO  steel_front::engine::game] npc: #84 stand (-2.1, 0.0, 95.0)
[2026-08-09T12:52:37Z INFO  steel_front::engine::renderer] visible=17966/65536 near=3016 far=14950 fps=173.3 frame_us=2582 cull_us=303 terrain_us=0 wait_fence_us=251 acquire_us=11 record_us=253 submit_us=140 present_us=1653 terrain_lod=high blend=0.000 quality=中画质 marker=20 npc=742
[2026-08-09T12:52:37Z INFO  steel_front::engine::game] battle: 阵亡 1（红=49 蓝=56 存活）
[2026-08-09T12:52:37Z INFO  steel_front::engine::game] npc: #85 stand (-8.3, 0.0, 104.9)
[2026-08-09T12:52:37Z INFO  steel_front::engine::game] ai: npcs=105 idle=0 patrol=0 chase=50 attack=55 tactics=[103, 0, 0, 0, 0, 2, 0]
[2026-08-09T12:52:37Z INFO  steel_front::engine::game] game: wave=1 enemies=105 enemy_hp=100 hp=100/100 score=0 phys_us=2 ai_us=659 audio_us=4 net_us=0
[2026-08-09T12:52:37Z INFO  steel_front::engine::game] npc: #82 stand (-8.2, 0.0, 109.7)
[2026-08-09T12:52:37Z INFO  steel_front::engine::game] npc: #86 stand (-7.3, 0.0, 112.4)
[2026-08-09T12:52:37Z INFO  steel_front::engine::game] npc: #79 stand (-6.3, 0.0, 114.1)
[2026-08-09T12:52:37Z INFO  steel_front::engine::game] battle: 阵亡 1（红=49 蓝=55 存活）
[2026-08-09T12:52:37Z INFO  steel_front] cam: yaw=0.0 pitch=-10.0 dist=3.4 mode=FirstPerson cycle_us=3585 update_us=1065 render_us=2519
[2026-08-09T12:52:37Z INFO  steel_front::engine::game] battle: 阵亡 1（红=48 蓝=55 存活）
[2026-08-09T12:52:37Z INFO  steel_front::engine::game] npc: #124 stand (-11.5, 0.0, -134.7)
[2026-08-09T12:52:37Z INFO  steel_front::engine::game] npc: #127 stand (-11.5, 0.0, -134.8)
[2026-08-09T12:52:37Z INFO  steel_front::engine::game] npc: #130 stand (-11.4, 0.0, -134.8)
[2026-08-09T12:52:37Z INFO  steel_front::engine::game] npc: #98 stand (-3.8, 0.0, 37.9)
[2026-08-09T12:52:37Z INFO  steel_front::engine::game] npc: #121 stand (-12.5, 0.0, -132.3)
[2026-08-09T12:52:38Z INFO  steel_front::engine::game] npc: #9 stand (-18.8, 0.0, -154.0)
[2026-08-09T12:52:38Z INFO  steel_front::engine::game] npc: #120 stand (-30.8, 0.0, -153.6)
[2026-08-09T12:52:38Z INFO  steel_front::engine::game] npc: #119 stand (-11.2, 0.0, -135.4)
[2026-08-09T12:52:38Z INFO  steel_front::engine::game] battle: 阵亡 1（红=48 蓝=54 存活）
[2026-08-09T12:52:38Z INFO  steel_front::engine::game] battle: 阵亡 1（红=47 蓝=54 存活）
[2026-08-09T12:52:38Z INFO  steel_front::engine::renderer] visible=17966/65536 near=3016 far=14950 fps=218.9 frame_us=2572 cull_us=280 terrain_us=0 wait_fence_us=149 acquire_us=6 record_us=173 submit_us=117 present_us=1874 terrain_lod=high blend=0.000 quality=中画质 marker=20 npc=707
[2026-08-09T12:52:38Z INFO  steel_front::engine::game] ai: npcs=101 idle=0 patrol=0 chase=55 attack=46 tactics=[100, 0, 0, 0, 0, 1, 0]
[2026-08-09T12:52:38Z INFO  steel_front::engine::game] game: wave=1 enemies=101 enemy_hp=100 hp=100/100 score=0 phys_us=3 ai_us=659 audio_us=2 net_us=0
[2026-08-09T12:52:38Z INFO  steel_front] cam: yaw=0.0 pitch=-10.0 dist=3.4 mode=FirstPerson cycle_us=4221 update_us=734 render_us=3487
