[2026-08-09T12:50:22Z INFO  steel_front] ========================================
[2026-08-09T12:50:22Z INFO  steel_front]   钢铁前线 (Steel Front) v0.1.0
[2026-08-09T12:50:22Z INFO  steel_front]   二战FPS游戏引擎 - Rust + Vulkan
[2026-08-09T12:50:22Z INFO  steel_front] ========================================
[2026-08-09T12:50:22Z INFO  steel_front::engine::cpu] cpu: vendor=Amd threads=32 primary=[0, 1, 2, 3, 4, 5, 6, 7, 8, 9, 10, 11, 12, 13, 14, 15] secondary=[16, 17, 18, 19, 20, 21, 22, 23, 24, 25, 26, 27, 28, 29, 30, 31] e_cores=0 avx2=true avx512=true
[2026-08-09T12:50:22Z INFO  steel_front::engine::cpu] cpu: 主线程已绑定 vCPU [0, 1, 2, 3, 4, 5, 6, 7, 8, 9, 10, 11, 12, 13, 14, 15]（16 核 32 线程，AMD 双簇：主=CCD0，次=CCD1）
[2026-08-09T12:50:22Z INFO  steel_front::engine::game] map: level 1 generated: 20 obstacle bodies (wall=20 block=0 barrier=0), 60 grid cells blocked
[2026-08-09T12:50:22Z INFO  steel_front] 窗口创建成功: 2560x1600
[2026-08-09T12:50:22Z INFO  steel_front::engine::renderer] 验证层可用，已启用
WARNING: dzn is not a conformant Vulkan implementation, testing use only.
WARNING: dzn is not a conformant Vulkan implementation, testing use only.
Dropped Escape call with ulEscapeCode : 0x03007703
[2026-08-09T12:50:22Z INFO  steel_front::engine::renderer] [Vulkan][General] linux_read_sorted_physical_devices:
[2026-08-09T12:50:22Z INFO  steel_front::engine::renderer] [Vulkan][General]      Original order:
[2026-08-09T12:50:22Z INFO  steel_front::engine::renderer] [Vulkan][General]            [0] Microsoft Direct3D12 (NVIDIA GeForce RTX 5060 Laptop GPU)
[2026-08-09T12:50:22Z INFO  steel_front::engine::renderer] [Vulkan][General]            [1] Microsoft Direct3D12 (AMD Radeon(TM) 610M)
[2026-08-09T12:50:22Z INFO  steel_front::engine::renderer] [Vulkan][General]            [2] llvmpipe (LLVM 20.1.8, 256 bits)
[2026-08-09T12:50:22Z INFO  steel_front::engine::renderer] [Vulkan][General]      Sorted order:
[2026-08-09T12:50:22Z INFO  steel_front::engine::renderer] [Vulkan][General]            [0] Microsoft Direct3D12 (NVIDIA GeForce RTX 5060 Laptop GPU)  
[2026-08-09T12:50:22Z INFO  steel_front::engine::renderer] [Vulkan][General]            [1] Microsoft Direct3D12 (AMD Radeon(TM) 610M)  
[2026-08-09T12:50:22Z INFO  steel_front::engine::renderer] [Vulkan][General]            [2] llvmpipe (LLVM 20.1.8, 256 bits)  
[2026-08-09T12:50:22Z INFO  steel_front::engine::renderer] [Vulkan][General] linux_read_sorted_physical_devices:
[2026-08-09T12:50:22Z INFO  steel_front::engine::renderer] [Vulkan][General]      Original order:
[2026-08-09T12:50:22Z INFO  steel_front::engine::renderer] [Vulkan][General]            [0] Microsoft Direct3D12 (NVIDIA GeForce RTX 5060 Laptop GPU)
[2026-08-09T12:50:22Z INFO  steel_front::engine::renderer] [Vulkan][General]            [1] Microsoft Direct3D12 (AMD Radeon(TM) 610M)
[2026-08-09T12:50:22Z INFO  steel_front::engine::renderer] [Vulkan][General]            [2] llvmpipe (LLVM 20.1.8, 256 bits)
[2026-08-09T12:50:22Z INFO  steel_front::engine::renderer] [Vulkan][General]      Sorted order:
[2026-08-09T12:50:22Z INFO  steel_front::engine::renderer] [Vulkan][General]            [0] Microsoft Direct3D12 (NVIDIA GeForce RTX 5060 Laptop GPU)  
[2026-08-09T12:50:22Z INFO  steel_front::engine::renderer] [Vulkan][General]            [1] Microsoft Direct3D12 (AMD Radeon(TM) 610M)  
[2026-08-09T12:50:22Z INFO  steel_front::engine::renderer] [Vulkan][General]            [2] llvmpipe (LLVM 20.1.8, 256 bits)  
[2026-08-09T12:50:22Z INFO  steel_front::engine::renderer] [Vulkan][General] linux_read_sorted_physical_devices:
[2026-08-09T12:50:22Z INFO  steel_front::engine::renderer] [Vulkan][General]      Original order:
[2026-08-09T12:50:22Z INFO  steel_front::engine::renderer] [Vulkan][General]            [0] Microsoft Direct3D12 (NVIDIA GeForce RTX 5060 Laptop GPU)
[2026-08-09T12:50:22Z INFO  steel_front::engine::renderer] [Vulkan][General]            [1] Microsoft Direct3D12 (AMD Radeon(TM) 610M)
[2026-08-09T12:50:22Z INFO  steel_front::engine::renderer] [Vulkan][General]            [2] llvmpipe (LLVM 20.1.8, 256 bits)
[2026-08-09T12:50:22Z INFO  steel_front::engine::renderer] [Vulkan][General]      Sorted order:
[2026-08-09T12:50:22Z INFO  steel_front::engine::renderer] [Vulkan][General]            [0] Microsoft Direct3D12 (NVIDIA GeForce RTX 5060 Laptop GPU)  
[2026-08-09T12:50:22Z INFO  steel_front::engine::renderer] [Vulkan][General]            [1] Microsoft Direct3D12 (AMD Radeon(TM) 610M)  
[2026-08-09T12:50:22Z INFO  steel_front::engine::renderer] [Vulkan][General]            [2] llvmpipe (LLVM 20.1.8, 256 bits)  
[2026-08-09T12:50:22Z INFO  steel_front::engine::renderer] [Vulkan][General] linux_read_sorted_physical_devices:
[2026-08-09T12:50:22Z INFO  steel_front::engine::renderer] [Vulkan][General]      Original order:
[2026-08-09T12:50:22Z INFO  steel_front::engine::renderer] [Vulkan][General]            [0] Microsoft Direct3D12 (NVIDIA GeForce RTX 5060 Laptop GPU)
[2026-08-09T12:50:22Z INFO  steel_front::engine::renderer] [Vulkan][General]            [1] Microsoft Direct3D12 (AMD Radeon(TM) 610M)
[2026-08-09T12:50:22Z INFO  steel_front::engine::renderer] [Vulkan][General]            [2] llvmpipe (LLVM 20.1.8, 256 bits)
[2026-08-09T12:50:22Z INFO  steel_front::engine::renderer] [Vulkan][General]      Sorted order:
[2026-08-09T12:50:22Z INFO  steel_front::engine::renderer] [Vulkan][General]            [0] Microsoft Direct3D12 (NVIDIA GeForce RTX 5060 Laptop GPU)  
[2026-08-09T12:50:22Z INFO  steel_front::engine::renderer] [Vulkan][General]            [1] Microsoft Direct3D12 (AMD Radeon(TM) 610M)  
[2026-08-09T12:50:22Z INFO  steel_front::engine::renderer] [Vulkan][General]            [2] llvmpipe (LLVM 20.1.8, 256 bits)  
[2026-08-09T12:50:22Z INFO  steel_front::engine::renderer] 选择物理设备: Microsoft Direct3D12 (NVIDIA GeForce RTX 5060 Laptop GPU)
[2026-08-09T12:50:22Z INFO  steel_front::engine::gpu_caps] gpu-caps: 设备 Microsoft Direct3D12 (NVIDIA GeForce RTX 5060 Laptop GPU) 硬件能力探测（WSLg/dzn 视角）
[2026-08-09T12:50:22Z INFO  steel_front::engine::gpu_caps] gpu-caps: 可用 device 扩展 47 个
[2026-08-09T12:50:22Z INFO  steel_front::engine::gpu_caps] gpu-caps: -- 光追扩展 --
[2026-08-09T12:50:22Z INFO  steel_front::engine::gpu_caps] gpu-caps:   VK_KHR_ray_tracing_pipeline = false
[2026-08-09T12:50:22Z INFO  steel_front::engine::gpu_caps] gpu-caps:   VK_KHR_acceleration_structure = false
[2026-08-09T12:50:22Z INFO  steel_front::engine::gpu_caps] gpu-caps:   VK_KHR_ray_query = false
[2026-08-09T12:50:22Z INFO  steel_front::engine::gpu_caps] gpu-caps:   VK_KHR_deferred_host_operations = false
[2026-08-09T12:50:22Z INFO  steel_front::engine::gpu_caps] gpu-caps:   VK_KHR_buffer_device_address = true
[2026-08-09T12:50:22Z INFO  steel_front::engine::gpu_caps] gpu-caps:   VK_KHR_ray_tracing_position_fetch = false
[2026-08-09T12:50:22Z INFO  steel_front::engine::gpu_caps] gpu-caps:   VK_NV_ray_tracing = false
[2026-08-09T12:50:22Z INFO  steel_front::engine::gpu_caps] gpu-caps: -- Tensor Core / 协作矩阵 --
[2026-08-09T12:50:22Z INFO  steel_front::engine::gpu_caps] gpu-caps:   VK_KHR_cooperative_matrix = false
[2026-08-09T12:50:22Z INFO  steel_front::engine::gpu_caps] gpu-caps:   VK_NV_cooperative_matrix = false
[2026-08-09T12:50:22Z INFO  steel_front::engine::gpu_caps] gpu-caps:   VK_NV_compute_shader_derivatives = false
[2026-08-09T12:50:22Z INFO  steel_front::engine::gpu_caps] gpu-caps: -- DLSS / NVIDIA 私有 --
[2026-08-09T12:50:22Z INFO  steel_front::engine::gpu_caps] gpu-caps:   VK_NVX_image_view_handle = false
[2026-08-09T12:50:22Z INFO  steel_front::engine::gpu_caps] gpu-caps:   VK_NVX_binary_import = false
[2026-08-09T12:50:22Z INFO  steel_front::engine::gpu_caps] gpu-caps:   VK_NV_cuda_kernel = false
[2026-08-09T12:50:22Z INFO  steel_front::engine::gpu_caps] gpu-caps:   VK_NV_external_memory = false
[2026-08-09T12:50:22Z INFO  steel_front::engine::gpu_caps] gpu-caps: -- 其它新特性 --
[2026-08-09T12:50:22Z INFO  steel_front::engine::gpu_caps] gpu-caps:   VK_EXT_mesh_shader = false
[2026-08-09T12:50:22Z INFO  steel_front::engine::gpu_caps] gpu-caps:   VK_KHR_shader_object = false
[2026-08-09T12:50:22Z INFO  steel_front::engine::gpu_caps] gpu-caps:   VK_KHR_dynamic_rendering = true
[2026-08-09T12:50:22Z INFO  steel_front::engine::gpu_caps] gpu-caps: RT 特性 ray_tracing_pipeline=false acceleration_structure=false buffer_device_address=true ray_query=false
[2026-08-09T12:50:22Z INFO  steel_front::engine::gpu_caps] gpu-caps: RT 管线属性 shaderGroupHandleSize=0B maxRecursionDepth=0 maxRayDispatchInvocationCount=0
[2026-08-09T12:50:22Z INFO  steel_front::engine::gpu_caps] gpu-caps: 【结论】RT 扩展不全，光追管线不可用
[2026-08-09T12:50:22Z INFO  steel_front::engine::gpu_caps] gpu-caps: CUDA 直通（Tensor Core 可编程访问）=true（libcuda in /usr/lib/wsl/lib）
[2026-08-09T12:50:22Z INFO  steel_front::engine::gpu_caps] gpu-caps: 【结论】Vulkan-DLSS（NVIDIA 私有扩展）=false；不可用；但 CUDA 直通可用 Tensor Core，未来可自研超分/降噪
[2026-08-09T12:50:22Z INFO  steel_front::engine::renderer] [Vulkan][General] Inserted device layer "VK_LAYER_KHRONOS_validation" (libVkLayer_khronos_validation.so)
[2026-08-09T12:50:22Z INFO  steel_front::engine::renderer] [Vulkan][General] Failed to find vkGetDeviceProcAddr in layer "libVkLayer_MESA_device_select.so"
[2026-08-09T12:50:22Z INFO  steel_front::engine::renderer] [Vulkan][General] vkCreateDevice layer callstack setup to:
[2026-08-09T12:50:22Z INFO  steel_front::engine::renderer] [Vulkan][General]    <Application>
[2026-08-09T12:50:22Z INFO  steel_front::engine::renderer] [Vulkan][General]      ||
[2026-08-09T12:50:22Z INFO  steel_front::engine::renderer] [Vulkan][General]    <Loader>
[2026-08-09T12:50:22Z INFO  steel_front::engine::renderer] [Vulkan][General]      ||
[2026-08-09T12:50:22Z INFO  steel_front::engine::renderer] [Vulkan][General]    VK_LAYER_KHRONOS_validation
[2026-08-09T12:50:22Z INFO  steel_front::engine::renderer] [Vulkan][General]            Type: Explicit
[2026-08-09T12:50:22Z INFO  steel_front::engine::renderer] [Vulkan][General]            Manifest: /usr/share/vulkan/explicit_layer.d/VkLayer_khronos_validation.json
[2026-08-09T12:50:22Z INFO  steel_front::engine::renderer] [Vulkan][General]            Library:  libVkLayer_khronos_validation.so
[2026-08-09T12:50:22Z INFO  steel_front::engine::renderer] [Vulkan][General]      ||
[2026-08-09T12:50:22Z INFO  steel_front::engine::renderer] [Vulkan][General]    <Device>
[2026-08-09T12:50:22Z INFO  steel_front::engine::renderer] [Vulkan][General]        Using "Microsoft Direct3D12 (NVIDIA GeForce RTX 5060 Laptop GPU)" with driver: "libvulkan_dzn.so"
[2026-08-09T12:50:22Z INFO  steel_front::engine::renderer] 交换链初始化完成: 2560x1600, 格式: B8G8R8A8_SRGB, 图像数: 4, present_mode: MAILBOX
[2026-08-09T12:50:22Z INFO  steel_front::engine::renderer] 实例缓冲创建完成: 65536 个实例，stride 80 字节，2 帧双缓冲 HOST_VISIBLE|HOST_COHERENT（每帧压缩上传）
[2026-08-09T12:50:22Z INFO  steel_front::engine::renderer] instances=65536 draw_calls=1
[2026-08-09T12:50:22Z INFO  steel_front::engine::renderer] 深度缓冲创建完成: 4 张 2560x1600 D32_SFLOAT
[2026-08-09T12:50:22Z INFO  steel_front::engine::renderer] Descriptor Set Layout: binding 0 = UBO(view/proj), binding 1 = 贴图, binding 2 = 实例 STORAGE_BUFFER, binding 3 = 采样器
[2026-08-09T12:50:22Z INFO  steel_front::engine::renderer] Descriptor 初始化完成（2 帧）
[2026-08-09T12:50:22Z INFO  steel_front::engine::renderer] 远档 LOD 几何创建完成: 8 顶点 / 12 索引（十字双 quad）
[2026-08-09T12:50:22Z INFO  steel_front::engine::renderer] 地形 LOD[0] 创建完成: 66049 顶点 / 393216 索引（257×257 网格，间距 2）
[2026-08-09T12:50:22Z INFO  steel_front::engine::renderer] 地形 LOD[1] 创建完成: 16641 顶点 / 98304 索引（129×129 网格，间距 4）
[2026-08-09T12:50:22Z INFO  steel_front::engine::renderer] 地形 LOD[2] 创建完成: 4225 顶点 / 24576 索引（65×65 网格，间距 8）
[2026-08-09T12:50:22Z INFO  steel_front::engine::renderer] 地形 3 级 LOD 全部创建完成（高/中/低）
[2026-08-09T12:50:22Z INFO  steel_front::engine::renderer] 图形管线创建完成
[2026-08-09T12:50:22Z INFO  steel_front::engine::renderer] HUD 覆盖层初始化完成（独立 pipeline，容量 4096 quads）
[2026-08-09T12:50:22Z INFO  steel_front::engine::renderer] 纹理初始化完成: 256x256（来自 assets/textures/test.png）
[2026-08-09T12:50:23Z INFO  steel_front] Vulkan 渲染器初始化成功
[2026-08-09T12:50:23Z INFO  steel_front] settings: 分辨率保持 2560x1600
[2026-08-09T12:50:23Z INFO  steel_front] settings: 应用画质 中画质
[2026-08-09T12:50:23Z INFO  steel_front::engine::renderer] 画质预设已切换: 中画质
[2026-08-09T12:50:23Z INFO  steel_front] 窗口大小变化: 2560x1600
[2026-08-09T12:50:23Z INFO  steel_front::engine::renderer] 交换链初始化完成: 2560x1600, 格式: B8G8R8A8_SRGB, 图像数: 4, present_mode: MAILBOX
[2026-08-09T12:50:23Z INFO  steel_front::engine::renderer] 深度缓冲创建完成: 4 张 2560x1600 D32_SFLOAT
=== RENDERER OK ===
[2026-08-09T12:50:23Z INFO  steel_front] cam: yaw=0.0 pitch=-10.0 dist=3.4 mode=FirstPerson cycle_us=21066 update_us=95 render_us=20971
[2026-08-09T12:50:23Z INFO  steel_front::engine::renderer] visible=17966/65536 near=3016 far=14950 fps=33.6 frame_us=8367 cull_us=734 terrain_us=0 wait_fence_us=400 acquire_us=53 record_us=917 submit_us=464 present_us=5601 terrain_lod=high blend=0.000 quality=中画质 marker=20 npc=56
[2026-08-09T12:50:24Z INFO  steel_front::engine::game] ai: npcs=8 idle=0 patrol=0 chase=8 attack=0 tactics=[8, 0, 0, 0, 0, 0, 0]
[2026-08-09T12:50:24Z INFO  steel_front::engine::game] game: wave=1 enemies=8 enemy_hp=100 hp=100/100 score=0 phys_us=3 ai_us=82 audio_us=8 net_us=0
[2026-08-09T12:50:24Z INFO  steel_front] cam: yaw=0.0 pitch=-10.0 dist=3.4 mode=FirstPerson cycle_us=25971 update_us=83 render_us=25888
[2026-08-09T12:50:24Z INFO  steel_front::engine::renderer] visible=17966/65536 near=3016 far=14950 fps=40.5 frame_us=8278 cull_us=610 terrain_us=0 wait_fence_us=468 acquire_us=65 record_us=1124 submit_us=598 present_us=4725 terrain_lod=high blend=0.000 quality=中画质 marker=20 npc=56
[2026-08-09T12:50:25Z INFO  steel_front::engine::game] ai: npcs=8 idle=0 patrol=0 chase=8 attack=0 tactics=[8, 0, 0, 0, 0, 0, 0]
[2026-08-09T12:50:25Z INFO  steel_front::engine::game] game: wave=1 enemies=8 enemy_hp=100 hp=100/100 score=0 phys_us=8 ai_us=81 audio_us=14 net_us=0
[2026-08-09T12:50:25Z INFO  steel_front] cam: yaw=0.0 pitch=-10.0 dist=3.4 mode=FirstPerson cycle_us=12741 update_us=68 render_us=12672
[2026-08-09T12:50:25Z INFO  steel_front::engine::renderer] visible=17966/65536 near=3016 far=14950 fps=41.6 frame_us=5187 cull_us=518 terrain_us=0 wait_fence_us=479 acquire_us=44 record_us=463 submit_us=207 present_us=3776 terrain_lod=high blend=0.000 quality=中画质 marker=20 npc=56
[2026-08-09T12:50:26Z INFO  steel_front::engine::game] ai: npcs=8 idle=0 patrol=0 chase=8 attack=0 tactics=[8, 0, 0, 0, 0, 0, 0]
[2026-08-09T12:50:26Z INFO  steel_front::engine::game] game: wave=1 enemies=8 enemy_hp=100 hp=100/100 score=0 phys_us=4 ai_us=109 audio_us=18 net_us=0
[2026-08-09T12:50:26Z INFO  steel_front] cam: yaw=0.0 pitch=-10.0 dist=3.4 mode=FirstPerson cycle_us=18795 update_us=90 render_us=18704
[2026-08-09T12:50:26Z INFO  steel_front::engine::game] map: level 1 generated: 20 obstacle bodies (wall=20 block=0 barrier=0), 60 grid cells blocked
[2026-08-09T12:50:26Z INFO  steel_front::engine::game] game: purged 8 leftover npcs on run start
[2026-08-09T12:50:26Z INFO  steel_front::engine::game] battle: 压力模式第 0 轮开战（红 64 vs 蓝 64，共 128 名 NPC，并行 AI=true）
[2026-08-09T12:50:26Z INFO  steel_front::engine::game] game: run started (wave 1)
[2026-08-09T12:50:26Z INFO  steel_front] input: cursor captured (mouse look on, grab=confined)
[2026-08-09T12:50:26Z INFO  steel_front::engine::game] physics: 20 events this frame (GroundHit, GroundHit, GroundHit, GroundHit, GroundHit, GroundHit, GroundHit, GroundHit, GroundHit, GroundHit, GroundHit, GroundHit, GroundHit, GroundHit, GroundHit, GroundHit, GroundHit, GroundHit, GroundHit, GroundHit)
[2026-08-09T12:50:26Z INFO  steel_front::engine::game] weapons: shot #1 (1 alive)
[2026-08-09T12:50:26Z INFO  steel_front::engine::renderer] visible=17966/65536 near=3016 far=14950 fps=46.0 frame_us=5905 cull_us=924 terrain_us=0 wait_fence_us=543 acquire_us=83 record_us=693 submit_us=410 present_us=3072 terrain_lod=high blend=0.000 quality=中画质 marker=20 npc=896
[2026-08-09T12:50:27Z INFO  steel_front::engine::game] ai: npcs=128 idle=0 patrol=0 chase=128 attack=0 tactics=[128, 0, 0, 0, 0, 0, 0]
[2026-08-09T12:50:27Z INFO  steel_front::engine::game] game: wave=1 enemies=128 enemy_hp=100 hp=100/100 score=0 phys_us=6 ai_us=1070 audio_us=17 net_us=0
[2026-08-09T12:50:27Z INFO  steel_front] cam: yaw=0.0 pitch=-10.0 dist=3.4 mode=FirstPerson cycle_us=10762 update_us=1038 render_us=9723
[2026-08-09T12:50:27Z INFO  steel_front::engine::renderer] visible=17966/65536 near=3016 far=14950 fps=46.1 frame_us=8516 cull_us=1104 terrain_us=0 wait_fence_us=273 acquire_us=30 record_us=889 submit_us=447 present_us=5080 terrain_lod=high blend=0.000 quality=中画质 marker=20 npc=896
[2026-08-09T12:50:28Z INFO  steel_front::engine::game] ai: npcs=128 idle=0 patrol=0 chase=128 attack=0 tactics=[128, 0, 0, 0, 0, 0, 0]
[2026-08-09T12:50:28Z INFO  steel_front::engine::game] game: wave=1 enemies=128 enemy_hp=100 hp=100/100 score=0 phys_us=4 ai_us=995 audio_us=19 net_us=0
[2026-08-09T12:50:28Z INFO  steel_front] cam: yaw=0.0 pitch=-10.0 dist=3.4 mode=FirstPerson cycle_us=11702 update_us=950 render_us=10751
[2026-08-09T12:50:28Z INFO  steel_front::engine::renderer] visible=17966/65536 near=3016 far=14950 fps=45.5 frame_us=10491 cull_us=830 terrain_us=0 wait_fence_us=525 acquire_us=52 record_us=949 submit_us=403 present_us=7442 terrain_lod=high blend=0.000 quality=中画质 marker=20 npc=896
[2026-08-09T12:50:29Z INFO  steel_front::engine::game] ai: npcs=128 idle=0 patrol=0 chase=128 attack=0 tactics=[128, 0, 0, 0, 0, 0, 0]
[2026-08-09T12:50:29Z INFO  steel_front::engine::game] game: wave=1 enemies=128 enemy_hp=100 hp=100/100 score=0 phys_us=4 ai_us=1161 audio_us=25 net_us=0
[2026-08-09T12:50:29Z INFO  steel_front] cam: yaw=0.0 pitch=-10.0 dist=3.4 mode=FirstPerson cycle_us=20602 update_us=1554 render_us=19048
[2026-08-09T12:50:29Z INFO  steel_front::engine::renderer] visible=17966/65536 near=3016 far=14950 fps=42.2 frame_us=7086 cull_us=612 terrain_us=0 wait_fence_us=410 acquire_us=38 record_us=779 submit_us=404 present_us=5104 terrain_lod=high blend=0.000 quality=中画质 marker=20 npc=896
[2026-08-09T12:50:30Z INFO  steel_front::engine::game] ai: npcs=128 idle=0 patrol=0 chase=128 attack=0 tactics=[128, 0, 0, 0, 0, 0, 0]
[2026-08-09T12:50:30Z INFO  steel_front::engine::game] game: wave=1 enemies=128 enemy_hp=100 hp=100/100 score=0 phys_us=6 ai_us=863 audio_us=22 net_us=0
[2026-08-09T12:50:30Z INFO  steel_front] cam: yaw=0.0 pitch=-10.0 dist=3.4 mode=FirstPerson cycle_us=18917 update_us=1638 render_us=17277
[2026-08-09T12:50:30Z INFO  steel_front::engine::renderer] visible=17966/65536 near=3016 far=14950 fps=39.1 frame_us=7825 cull_us=1146 terrain_us=0 wait_fence_us=627 acquire_us=91 record_us=1158 submit_us=1073 present_us=4360 terrain_lod=high blend=0.000 quality=中画质 marker=20 npc=896
[2026-08-09T12:50:31Z INFO  steel_front::engine::game] ai: npcs=128 idle=0 patrol=0 chase=128 attack=0 tactics=[128, 0, 0, 0, 0, 0, 0]
[2026-08-09T12:50:31Z INFO  steel_front::engine::game] game: wave=1 enemies=128 enemy_hp=100 hp=100/100 score=0 phys_us=6 ai_us=1625 audio_us=26 net_us=0
[2026-08-09T12:50:31Z INFO  steel_front] cam: yaw=0.0 pitch=-10.0 dist=3.4 mode=FirstPerson cycle_us=19941 update_us=1138 render_us=18803
[2026-08-09T12:50:31Z INFO  steel_front::engine::renderer] visible=17966/65536 near=3016 far=14950 fps=41.3 frame_us=5853 cull_us=1254 terrain_us=0 wait_fence_us=612 acquire_us=65 record_us=609 submit_us=299 present_us=3795 terrain_lod=high blend=0.000 quality=中画质 marker=20 npc=896
[2026-08-09T12:50:32Z INFO  steel_front::engine::game] ai: npcs=128 idle=0 patrol=0 chase=128 attack=0 tactics=[128, 0, 0, 0, 0, 0, 0]
[2026-08-09T12:50:32Z INFO  steel_front::engine::game] game: wave=1 enemies=128 enemy_hp=100 hp=100/100 score=0 phys_us=7 ai_us=1155 audio_us=32 net_us=0
[2026-08-09T12:50:32Z INFO  steel_front] cam: yaw=0.0 pitch=-10.0 dist=3.4 mode=FirstPerson cycle_us=18621 update_us=1029 render_us=17591
[2026-08-09T12:50:33Z INFO  steel_front::engine::renderer] visible=17966/65536 near=3016 far=14950 fps=43.1 frame_us=6824 cull_us=890 terrain_us=0 wait_fence_us=529 acquire_us=75 record_us=825 submit_us=524 present_us=4272 terrain_lod=high blend=0.000 quality=中画质 marker=20 npc=896
[2026-08-09T12:50:33Z INFO  steel_front::engine::game] ai: npcs=128 idle=0 patrol=0 chase=128 attack=0 tactics=[128, 0, 0, 0, 0, 0, 0]
[2026-08-09T12:50:33Z INFO  steel_front::engine::game] game: wave=1 enemies=128 enemy_hp=100 hp=100/100 score=0 phys_us=2 ai_us=1225 audio_us=23 net_us=1
[2026-08-09T12:50:33Z INFO  steel_front] cam: yaw=0.0 pitch=-10.0 dist=3.4 mode=FirstPerson cycle_us=11961 update_us=1054 render_us=10906
[2026-08-09T12:50:34Z INFO  steel_front::engine::renderer] visible=17966/65536 near=3016 far=14950 fps=43.2 frame_us=8407 cull_us=1242 terrain_us=0 wait_fence_us=585 acquire_us=68 record_us=762 submit_us=415 present_us=6061 terrain_lod=high blend=0.000 quality=中画质 marker=20 npc=896
[2026-08-09T12:50:34Z INFO  steel_front::engine::game] ai: npcs=128 idle=0 patrol=0 chase=128 attack=0 tactics=[128, 0, 0, 0, 0, 0, 0]
[2026-08-09T12:50:34Z INFO  steel_front::engine::game] game: wave=1 enemies=128 enemy_hp=100 hp=100/100 score=0 phys_us=6 ai_us=895 audio_us=45 net_us=0
[2026-08-09T12:50:34Z INFO  steel_front] cam: yaw=0.0 pitch=-10.0 dist=3.4 mode=FirstPerson cycle_us=11178 update_us=956 render_us=10221
[2026-08-09T12:50:35Z INFO  steel_front::engine::renderer] visible=17966/65536 near=3016 far=14950 fps=45.6 frame_us=6911 cull_us=1209 terrain_us=0 wait_fence_us=606 acquire_us=40 record_us=1042 submit_us=424 present_us=4121 terrain_lod=high blend=0.000 quality=中画质 marker=20 npc=896
[2026-08-09T12:50:35Z INFO  steel_front::engine::game] ai: npcs=128 idle=0 patrol=0 chase=128 attack=0 tactics=[128, 0, 0, 0, 0, 0, 0]
[2026-08-09T12:50:35Z INFO  steel_front::engine::game] game: wave=1 enemies=128 enemy_hp=100 hp=100/100 score=0 phys_us=5 ai_us=936 audio_us=14 net_us=0
[2026-08-09T12:50:35Z INFO  steel_front] cam: yaw=0.0 pitch=-10.0 dist=3.4 mode=FirstPerson cycle_us=21323 update_us=834 render_us=20488
[2026-08-09T12:50:36Z INFO  steel_front::engine::renderer] visible=17966/65536 near=3016 far=14950 fps=42.8 frame_us=8393 cull_us=1175 terrain_us=0 wait_fence_us=663 acquire_us=69 record_us=1312 submit_us=629 present_us=4006 terrain_lod=high blend=0.000 quality=中画质 marker=20 npc=896
[2026-08-09T12:50:36Z INFO  steel_front::engine::game] ai: npcs=128 idle=0 patrol=0 chase=128 attack=0 tactics=[128, 0, 0, 0, 0, 0, 0]
[2026-08-09T12:50:36Z INFO  steel_front::engine::game] game: wave=1 enemies=128 enemy_hp=100 hp=100/100 score=0 phys_us=5 ai_us=1419 audio_us=12 net_us=0
[2026-08-09T12:50:36Z INFO  steel_front] cam: yaw=0.0 pitch=-10.0 dist=3.4 mode=FirstPerson cycle_us=10370 update_us=818 render_us=9551
[2026-08-09T12:50:37Z INFO  steel_front::engine::renderer] visible=17966/65536 near=3016 far=14950 fps=42.0 frame_us=5641 cull_us=974 terrain_us=0 wait_fence_us=634 acquire_us=77 record_us=766 submit_us=383 present_us=3502 terrain_lod=high blend=0.000 quality=中画质 marker=20 npc=896
[2026-08-09T12:50:37Z INFO  steel_front::engine::game] ai: npcs=128 idle=0 patrol=0 chase=128 attack=0 tactics=[128, 0, 0, 0, 0, 0, 0]
[2026-08-09T12:50:37Z INFO  steel_front::engine::game] game: wave=1 enemies=128 enemy_hp=100 hp=100/100 score=0 phys_us=5 ai_us=1252 audio_us=35 net_us=0
[2026-08-09T12:50:37Z INFO  steel_front] cam: yaw=0.0 pitch=-10.0 dist=3.4 mode=FirstPerson cycle_us=9996 update_us=1063 render_us=8932
[2026-08-09T12:50:38Z INFO  steel_front::engine::renderer] visible=17966/65536 near=3016 far=14950 fps=43.0 frame_us=6933 cull_us=1284 terrain_us=0 wait_fence_us=492 acquire_us=45 record_us=682 submit_us=359 present_us=4899 terrain_lod=high blend=0.000 quality=中画质 marker=20 npc=896
[2026-08-09T12:50:38Z INFO  steel_front::engine::game] ai: npcs=128 idle=0 patrol=0 chase=128 attack=0 tactics=[128, 0, 0, 0, 0, 0, 0]
[2026-08-09T12:50:38Z INFO  steel_front::engine::game] game: wave=1 enemies=128 enemy_hp=100 hp=100/100 score=0 phys_us=4 ai_us=1560 audio_us=25 net_us=0
[2026-08-09T12:50:38Z INFO  steel_front] cam: yaw=0.0 pitch=-10.0 dist=3.4 mode=FirstPerson cycle_us=10090 update_us=892 render_us=9197
[2026-08-09T12:50:39Z INFO  steel_front::engine::renderer] visible=17966/65536 near=3016 far=14950 fps=43.1 frame_us=8044 cull_us=1381 terrain_us=0 wait_fence_us=497 acquire_us=88 record_us=1119 submit_us=518 present_us=4198 terrain_lod=high blend=0.000 quality=中画质 marker=20 npc=896
[2026-08-09T12:50:39Z INFO  steel_front::engine::game] ai: npcs=128 idle=0 patrol=0 chase=128 attack=0 tactics=[128, 0, 0, 0, 0, 0, 0]
[2026-08-09T12:50:39Z INFO  steel_front::engine::game] game: wave=1 enemies=128 enemy_hp=100 hp=100/100 score=0 phys_us=11 ai_us=1822 audio_us=41 net_us=0
[2026-08-09T12:50:39Z INFO  steel_front] cam: yaw=0.0 pitch=-10.0 dist=3.4 mode=FirstPerson cycle_us=9348 update_us=1099 render_us=8248
[2026-08-09T12:50:40Z INFO  steel_front::engine::renderer] visible=17966/65536 near=3016 far=14950 fps=43.0 frame_us=9076 cull_us=626 terrain_us=0 wait_fence_us=453 acquire_us=49 record_us=1038 submit_us=588 present_us=6167 terrain_lod=high blend=0.000 quality=中画质 marker=20 npc=896
[2026-08-09T12:50:40Z INFO  steel_front::engine::game] ai: npcs=128 idle=0 patrol=0 chase=128 attack=0 tactics=[128, 0, 0, 0, 0, 0, 0]
[2026-08-09T12:50:40Z INFO  steel_front::engine::game] game: wave=1 enemies=128 enemy_hp=100 hp=100/100 score=0 phys_us=5 ai_us=1421 audio_us=9 net_us=0
[2026-08-09T12:50:40Z INFO  steel_front] cam: yaw=0.0 pitch=-10.0 dist=3.4 mode=FirstPerson cycle_us=13248 update_us=990 render_us=12257
[2026-08-09T12:50:40Z INFO  steel_front::engine::renderer] visible=17966/65536 near=3016 far=14950 fps=40.1 frame_us=7001 cull_us=766 terrain_us=0 wait_fence_us=365 acquire_us=42 record_us=933 submit_us=494 present_us=3752 terrain_lod=high blend=0.000 quality=中画质 marker=20 npc=896
[2026-08-09T12:50:40Z INFO  steel_front::engine::game] ai: npcs=128 idle=0 patrol=0 chase=128 attack=0 tactics=[128, 0, 0, 0, 0, 0, 0]
[2026-08-09T12:50:40Z INFO  steel_front::engine::game] game: wave=1 enemies=128 enemy_hp=100 hp=100/100 score=0 phys_us=5 ai_us=776 audio_us=74 net_us=1
[2026-08-09T12:50:40Z INFO  steel_front] cam: yaw=0.0 pitch=-10.0 dist=3.4 mode=FirstPerson cycle_us=16214 update_us=1731 render_us=14482
[2026-08-09T12:50:41Z INFO  steel_front::engine::renderer] visible=17966/65536 near=3016 far=14950 fps=40.7 frame_us=6257 cull_us=1040 terrain_us=0 wait_fence_us=608 acquire_us=51 record_us=925 submit_us=449 present_us=3431 terrain_lod=high blend=0.000 quality=中画质 marker=20 npc=896
[2026-08-09T12:50:41Z INFO  steel_front::engine::game] ai: npcs=128 idle=0 patrol=0 chase=128 attack=0 tactics=[128, 0, 0, 0, 0, 0, 0]
[2026-08-09T12:50:41Z INFO  steel_front::engine::game] game: wave=1 enemies=128 enemy_hp=100 hp=100/100 score=0 phys_us=8 ai_us=941 audio_us=11 net_us=0
[2026-08-09T12:50:41Z INFO  steel_front] cam: yaw=0.0 pitch=-10.0 dist=3.4 mode=FirstPerson cycle_us=22896 update_us=1303 render_us=21593
[2026-08-09T12:50:42Z INFO  steel_front::engine::renderer] visible=17966/65536 near=3016 far=14950 fps=43.8 frame_us=8778 cull_us=940 terrain_us=0 wait_fence_us=585 acquire_us=49 record_us=1071 submit_us=511 present_us=6212 terrain_lod=high blend=0.000 quality=中画质 marker=20 npc=896
[2026-08-09T12:50:42Z INFO  steel_front::engine::game] ai: npcs=128 idle=0 patrol=0 chase=128 attack=0 tactics=[128, 0, 0, 0, 0, 0, 0]
[2026-08-09T12:50:42Z INFO  steel_front::engine::game] game: wave=1 enemies=128 enemy_hp=100 hp=100/100 score=0 phys_us=5 ai_us=1683 audio_us=23 net_us=0
[2026-08-09T12:50:42Z INFO  steel_front] cam: yaw=0.0 pitch=-10.0 dist=3.4 mode=FirstPerson cycle_us=12299 update_us=998 render_us=11300
[2026-08-09T12:50:43Z INFO  steel_front::engine::renderer] visible=17966/65536 near=3016 far=14950 fps=43.7 frame_us=9879 cull_us=810 terrain_us=0 wait_fence_us=795 acquire_us=60 record_us=1310 submit_us=533 present_us=6211 terrain_lod=high blend=0.000 quality=中画质 marker=20 npc=896
[2026-08-09T12:50:43Z INFO  steel_front::engine::game] ai: npcs=128 idle=0 patrol=0 chase=128 attack=0 tactics=[128, 0, 0, 0, 0, 0, 0]
[2026-08-09T12:50:43Z INFO  steel_front::engine::game] game: wave=1 enemies=128 enemy_hp=100 hp=100/100 score=0 phys_us=8 ai_us=1163 audio_us=28 net_us=0
[2026-08-09T12:50:43Z INFO  steel_front] cam: yaw=0.0 pitch=-10.0 dist=3.4 mode=FirstPerson cycle_us=11822 update_us=1062 render_us=10759
[2026-08-09T12:50:44Z INFO  steel_front::engine::renderer] visible=17966/65536 near=3016 far=14950 fps=46.3 frame_us=6248 cull_us=814 terrain_us=0 wait_fence_us=482 acquire_us=40 record_us=915 submit_us=519 present_us=3606 terrain_lod=high blend=0.000 quality=中画质 marker=20 npc=896
[2026-08-09T12:50:44Z INFO  steel_front::engine::game] ai: npcs=128 idle=0 patrol=0 chase=128 attack=0 tactics=[128, 0, 0, 0, 0, 0, 0]
[2026-08-09T12:50:44Z INFO  steel_front::engine::game] game: wave=1 enemies=128 enemy_hp=100 hp=100/100 score=0 phys_us=2 ai_us=694 audio_us=10 net_us=0
[2026-08-09T12:50:44Z INFO  steel_front] cam: yaw=0.0 pitch=-10.0 dist=3.4 mode=FirstPerson cycle_us=11498 update_us=1004 render_us=10493
[2026-08-09T12:50:44Z INFO  steel_front::engine::game] npc: #8 stand (-0.2, 0.0, -132.9)
[2026-08-09T12:50:44Z INFO  steel_front::engine::game] npc: #134 stand (-12.2, 0.0, -134.0)
[2026-08-09T12:50:45Z INFO  steel_front::engine::renderer] visible=17966/65536 near=3016 far=14950 fps=46.0 frame_us=9196 cull_us=1108 terrain_us=0 wait_fence_us=524 acquire_us=89 record_us=1063 submit_us=461 present_us=5643 terrain_lod=high blend=0.000 quality=中画质 marker=20 npc=896
[2026-08-09T12:50:45Z INFO  steel_front::engine::game] ai: npcs=128 idle=0 patrol=0 chase=126 attack=2 tactics=[128, 0, 0, 0, 0, 0, 0]
[2026-08-09T12:50:45Z INFO  steel_front::engine::game] game: wave=1 enemies=128 enemy_hp=100 hp=100/100 score=0 phys_us=9 ai_us=1421 audio_us=18 net_us=2
[2026-08-09T12:50:45Z INFO  steel_front] cam: yaw=0.0 pitch=-10.0 dist=3.4 mode=FirstPerson cycle_us=18396 update_us=810 render_us=17585
[2026-08-09T12:50:46Z INFO  steel_front::engine::renderer] visible=17966/65536 near=3016 far=14950 fps=37.6 frame_us=9344 cull_us=1558 terrain_us=0 wait_fence_us=906 acquire_us=73 record_us=1214 submit_us=714 present_us=5077 terrain_lod=high blend=0.000 quality=中画质 marker=20 npc=896
[2026-08-09T12:50:46Z INFO  steel_front::engine::game] ai: npcs=128 idle=0 patrol=0 chase=126 attack=2 tactics=[128, 0, 0, 0, 0, 0, 0]
[2026-08-09T12:50:46Z INFO  steel_front::engine::game] game: wave=1 enemies=128 enemy_hp=100 hp=100/100 score=0 phys_us=7 ai_us=1424 audio_us=15 net_us=0
[2026-08-09T12:50:46Z INFO  steel_front] cam: yaw=0.0 pitch=-10.0 dist=3.4 mode=FirstPerson cycle_us=14235 update_us=1354 render_us=12880
[2026-08-09T12:50:46Z INFO  steel_front::engine::game] npc: #68 stand (7.9, 0.0, 123.2)
[2026-08-09T12:50:46Z INFO  steel_front::engine::game] npc: #74 stand (-2.0, 0.0, 129.9)
[2026-08-09T12:50:47Z INFO  steel_front::engine::renderer] visible=17966/65536 near=3016 far=14950 fps=41.5 frame_us=6563 cull_us=838 terrain_us=0 wait_fence_us=542 acquire_us=53 record_us=548 submit_us=371 present_us=4692 terrain_lod=high blend=0.000 quality=中画质 marker=20 npc=896
[2026-08-09T12:50:47Z INFO  steel_front::engine::game] ai: npcs=128 idle=0 patrol=0 chase=124 attack=4 tactics=[128, 0, 0, 0, 0, 0, 0]
[2026-08-09T12:50:47Z INFO  steel_front::engine::game] game: wave=1 enemies=128 enemy_hp=100 hp=100/100 score=0 phys_us=3 ai_us=976 audio_us=17 net_us=1
[2026-08-09T12:50:47Z INFO  steel_front] cam: yaw=0.0 pitch=-10.0 dist=3.4 mode=FirstPerson cycle_us=12426 update_us=1308 render_us=11116
[2026-08-09T12:50:47Z INFO  steel_front::engine::game] npc: #71 stand (-1.1, 0.0, 141.8)
[2026-08-09T12:50:47Z INFO  steel_front::engine::game] npc: #9 stand (5.1, 0.0, -155.7)
[2026-08-09T12:50:47Z INFO  steel_front::engine::game] npc: #135 stand (-6.5, 0.0, -153.0)
[2026-08-09T12:50:48Z INFO  steel_front::engine::renderer] visible=17966/65536 near=3016 far=14950 fps=41.3 frame_us=7629 cull_us=1098 terrain_us=0 wait_fence_us=489 acquire_us=37 record_us=708 submit_us=368 present_us=4917 terrain_lod=high blend=0.000 quality=中画质 marker=20 npc=896
[2026-08-09T12:50:48Z INFO  steel_front::engine::game] ai: npcs=128 idle=0 patrol=0 chase=121 attack=7 tactics=[128, 0, 0, 0, 0, 0, 0]
[2026-08-09T12:50:48Z INFO  steel_front::engine::game] game: wave=1 enemies=128 enemy_hp=100 hp=100/100 score=0 phys_us=2 ai_us=1235 audio_us=29 net_us=0
[2026-08-09T12:50:48Z INFO  steel_front::engine::game] npc: #132 stand (-11.9, 0.0, -135.6)
[2026-08-09T12:50:48Z INFO  steel_front] cam: yaw=0.0 pitch=-10.0 dist=3.4 mode=FirstPerson cycle_us=12766 update_us=1351 render_us=11414
[2026-08-09T12:50:49Z INFO  steel_front::engine::renderer] visible=17966/65536 near=3016 far=14950 fps=39.9 frame_us=6580 cull_us=690 terrain_us=0 wait_fence_us=416 acquire_us=51 record_us=940 submit_us=460 present_us=3829 terrain_lod=high blend=0.000 quality=中画质 marker=20 npc=896
[2026-08-09T12:50:49Z INFO  steel_front::engine::game] ai: npcs=128 idle=0 patrol=0 chase=120 attack=8 tactics=[128, 0, 0, 0, 0, 0, 0]
[2026-08-09T12:50:49Z INFO  steel_front::engine::game] game: wave=1 enemies=128 enemy_hp=100 hp=100/100 score=0 phys_us=5 ai_us=1019 audio_us=13 net_us=0
[2026-08-09T12:50:49Z INFO  steel_front] cam: yaw=0.0 pitch=-10.0 dist=3.4 mode=FirstPerson cycle_us=14227 update_us=1049 render_us=13177
[2026-08-09T12:50:50Z INFO  steel_front::engine::renderer] visible=17966/65536 near=3016 far=14950 fps=39.2 frame_us=8016 cull_us=722 terrain_us=0 wait_fence_us=391 acquire_us=41 record_us=1098 submit_us=506 present_us=4444 terrain_lod=high blend=0.000 quality=中画质 marker=20 npc=896
[2026-08-09T12:50:50Z INFO  steel_front::engine::game] ai: npcs=128 idle=0 patrol=0 chase=120 attack=8 tactics=[128, 0, 0, 0, 0, 0, 0]
[2026-08-09T12:50:50Z INFO  steel_front::engine::game] game: wave=1 enemies=128 enemy_hp=100 hp=100/100 score=0 phys_us=3 ai_us=748 audio_us=29 net_us=0
[2026-08-09T12:50:50Z INFO  steel_front::engine::game] npc: #66 stand (9.7, 0.0, 127.5)
[2026-08-09T12:50:50Z INFO  steel_front] cam: yaw=0.0 pitch=-10.0 dist=3.4 mode=FirstPerson cycle_us=14995 update_us=1458 render_us=13536
[2026-08-09T12:50:50Z INFO  steel_front::engine::game] npc: #72 stand (-4.1, 0.0, 123.3)
[2026-08-09T12:50:51Z INFO  steel_front::engine::game] npc: #11 stand (-1.3, 0.0, -142.4)
[2026-08-09T12:50:51Z INFO  steel_front::engine::renderer] visible=17966/65536 near=3016 far=14950 fps=35.0 frame_us=8809 cull_us=903 terrain_us=0 wait_fence_us=642 acquire_us=57 record_us=884 submit_us=486 present_us=5764 terrain_lod=high blend=0.000 quality=中画质 marker=20 npc=896
[2026-08-09T12:50:51Z INFO  steel_front::engine::game] ai: npcs=128 idle=0 patrol=0 chase=117 attack=11 tactics=[128, 0, 0, 0, 0, 0, 0]
[2026-08-09T12:50:51Z INFO  steel_front::engine::game] game: wave=1 enemies=128 enemy_hp=100 hp=100/100 score=0 phys_us=4 ai_us=935 audio_us=36 net_us=0
[2026-08-09T12:50:51Z INFO  steel_front::engine::game] npc: #77 stand (-3.3, 0.0, 130.0)
[2026-08-09T12:50:51Z INFO  steel_front] cam: yaw=0.0 pitch=-10.0 dist=3.4 mode=FirstPerson cycle_us=15232 update_us=897 render_us=14334
[2026-08-09T12:50:52Z INFO  steel_front::engine::game] npc: #63 stand (7.7, 0.0, 104.9)
[2026-08-09T12:50:52Z INFO  steel_front::engine::game] npc: #79 stand (-1.5, 0.0, 112.4)
[2026-08-09T12:50:52Z INFO  steel_front::engine::game] npc: #69 stand (-1.5, 0.0, 145.2)
[2026-08-09T12:50:52Z INFO  steel_front::engine::game] npc: #73 stand (-13.4, 0.0, 143.4)
[2026-08-09T12:50:52Z INFO  steel_front::engine::renderer] visible=17966/65536 near=3016 far=14950 fps=35.4 frame_us=6961 cull_us=1041 terrain_us=0 wait_fence_us=557 acquire_us=106 record_us=1004 submit_us=420 present_us=3670 terrain_lod=high blend=0.000 quality=中画质 marker=20 npc=896
[2026-08-09T12:50:52Z INFO  steel_front::engine::game] ai: npcs=128 idle=0 patrol=0 chase=112 attack=16 tactics=[128, 0, 0, 0, 0, 0, 0]
[2026-08-09T12:50:52Z INFO  steel_front::engine::game] game: wave=1 enemies=128 enemy_hp=100 hp=100/100 score=0 phys_us=7 ai_us=1067 audio_us=47 net_us=0
[2026-08-09T12:50:52Z INFO  steel_front::engine::game] npc: #133 stand (-6.6, 0.0, -157.9)
[2026-08-09T12:50:52Z INFO  steel_front] cam: yaw=0.0 pitch=-10.0 dist=3.4 mode=FirstPerson cycle_us=10805 update_us=1065 render_us=9739
[2026-08-09T12:50:53Z INFO  steel_front::engine::game] npc: #130 stand (-11.9, 0.0, -135.4)
[2026-08-09T12:50:53Z INFO  steel_front::engine::renderer] visible=17966/65536 near=3016 far=14950 fps=40.2 frame_us=8354 cull_us=974 terrain_us=0 wait_fence_us=504 acquire_us=37 record_us=929 submit_us=399 present_us=5563 terrain_lod=high blend=0.000 quality=中画质 marker=20 npc=896
[2026-08-09T12:50:53Z INFO  steel_front::engine::game] ai: npcs=128 idle=0 patrol=0 chase=110 attack=18 tactics=[128, 0, 0, 0, 0, 0, 0]
[2026-08-09T12:50:53Z INFO  steel_front::engine::game] game: wave=1 enemies=128 enemy_hp=100 hp=100/100 score=0 phys_us=5 ai_us=1113 audio_us=61 net_us=0
[2026-08-09T12:50:53Z INFO  steel_front::engine::game] npc: #13 stand (-0.6, 0.0, -131.0)
[2026-08-09T12:50:53Z INFO  steel_front] cam: yaw=0.0 pitch=-10.0 dist=3.4 mode=FirstPerson cycle_us=24679 update_us=933 render_us=23745
[2026-08-09T12:50:53Z INFO  steel_front::engine::game] npc: #12 stand (5.2, 0.0, -155.6)
[2026-08-09T12:50:53Z INFO  steel_front::engine::game] npc: #10 stand (-1.8, 0.0, -168.9)
[2026-08-09T12:50:54Z INFO  steel_front::engine::renderer] visible=17966/65536 near=3016 far=14950 fps=41.0 frame_us=9931 cull_us=579 terrain_us=0 wait_fence_us=438 acquire_us=43 record_us=734 submit_us=539 present_us=7356 terrain_lod=high blend=0.000 quality=中画质 marker=20 npc=896
[2026-08-09T12:50:54Z INFO  steel_front::engine::game] ai: npcs=128 idle=0 patrol=0 chase=107 attack=21 tactics=[128, 0, 0, 0, 0, 0, 0]
[2026-08-09T12:50:54Z INFO  steel_front::engine::game] game: wave=1 enemies=128 enemy_hp=100 hp=100/100 score=0 phys_us=6 ai_us=1026 audio_us=13 net_us=1
[2026-08-09T12:50:54Z INFO  steel_front] cam: yaw=0.0 pitch=-10.0 dist=3.4 mode=FirstPerson cycle_us=30545 update_us=1325 render_us=29219
[2026-08-09T12:50:55Z INFO  steel_front::engine::game] npc: #129 stand (-12.4, 0.0, -132.3)
[2026-08-09T12:50:55Z INFO  steel_front::engine::renderer] visible=17966/65536 near=3016 far=14950 fps=42.9 frame_us=8275 cull_us=1096 terrain_us=0 wait_fence_us=720 acquire_us=82 record_us=928 submit_us=512 present_us=5315 terrain_lod=high blend=0.000 quality=中画质 marker=20 npc=896
[2026-08-09T12:50:55Z INFO  steel_front::engine::game] ai: npcs=128 idle=0 patrol=0 chase=106 attack=22 tactics=[128, 0, 0, 0, 0, 0, 0]
[2026-08-09T12:50:55Z INFO  steel_front::engine::game] game: wave=1 enemies=128 enemy_hp=100 hp=100/100 score=0 phys_us=15 ai_us=1274 audio_us=8 net_us=0
[2026-08-09T12:50:55Z INFO  steel_front::engine::game] battle: 阵亡 1（红=64 蓝=63 存活）
[2026-08-09T12:50:55Z INFO  steel_front::engine::game] npc: #14 stand (0.1, 0.0, -134.7)
[2026-08-09T12:50:55Z INFO  steel_front::engine::game] battle: 阵亡 1（红=63 蓝=63 存活）
[2026-08-09T12:50:55Z INFO  steel_front] cam: yaw=0.0 pitch=-10.0 dist=3.4 mode=FirstPerson cycle_us=12650 update_us=736 render_us=11913
[2026-08-09T12:50:55Z INFO  steel_front::engine::game] npc: #130 stand (-11.8, 0.0, -135.4)
[2026-08-09T12:50:56Z INFO  steel_front::engine::game] npc: #66 stand (8.5, 0.0, 128.0)
[2026-08-09T12:50:56Z INFO  steel_front::engine::game] npc: #58 stand (6.9, 0.0, 86.2)
[2026-08-09T12:50:56Z INFO  steel_front::engine::game] npc: #84 stand (-2.6, 0.0, 93.4)
[2026-08-09T12:50:56Z INFO  steel_front::engine::renderer] visible=17966/65536 near=3016 far=14950 fps=44.8 frame_us=7088 cull_us=776 terrain_us=0 wait_fence_us=646 acquire_us=40 record_us=1219 submit_us=730 present_us=3560 terrain_lod=high blend=0.000 quality=中画质 marker=20 npc=882
[2026-08-09T12:50:56Z INFO  steel_front::engine::game] npc: #61 stand (7.7, 0.0, 104.8)
[2026-08-09T12:50:56Z INFO  steel_front::engine::game] ai: npcs=126 idle=0 patrol=0 chase=102 attack=24 tactics=[126, 0, 0, 0, 0, 0, 0]
[2026-08-09T12:50:56Z INFO  steel_front::engine::game] game: wave=1 enemies=126 enemy_hp=100 hp=100/100 score=0 phys_us=2 ai_us=1010 audio_us=10 net_us=0
[2026-08-09T12:50:56Z INFO  steel_front::engine::game] npc: #64 stand (7.8, 0.0, 124.4)
[2026-08-09T12:50:56Z INFO  steel_front] cam: yaw=0.0 pitch=-10.0 dist=3.4 mode=FirstPerson cycle_us=9415 update_us=883 render_us=8531
[2026-08-09T12:50:56Z INFO  steel_front::engine::game] npc: #75 stand (-4.1, 0.0, 123.6)
[2026-08-09T12:50:56Z INFO  steel_front::engine::game] npc: #131 stand (-6.6, 0.0, -158.0)
[2026-08-09T12:50:57Z INFO  steel_front::engine::game] npc: #128 stand (-12.9, 0.0, -139.7)
[2026-08-09T12:50:57Z INFO  steel_front::engine::game] npc: #80 stand (-4.2, 0.0, 124.4)
[2026-08-09T12:50:57Z INFO  steel_front::engine::renderer] visible=17966/65536 near=3016 far=14950 fps=39.8 frame_us=8067 cull_us=902 terrain_us=0 wait_fence_us=336 acquire_us=29 record_us=920 submit_us=508 present_us=4884 terrain_lod=high blend=0.000 quality=中画质 marker=20 npc=882
[2026-08-09T12:50:57Z INFO  steel_front::engine::game] ai: npcs=126 idle=0 patrol=0 chase=97 attack=29 tactics=[126, 0, 0, 0, 0, 0, 0]
[2026-08-09T12:50:57Z INFO  steel_front::engine::game] game: wave=1 enemies=126 enemy_hp=100 hp=100/100 score=0 phys_us=16 ai_us=1616 audio_us=15 net_us=0
[2026-08-09T12:50:57Z INFO  steel_front::engine::game] npc: #82 stand (-3.0, 0.0, 110.3)
[2026-08-09T12:50:57Z INFO  steel_front] cam: yaw=0.0 pitch=-10.0 dist=3.4 mode=FirstPerson cycle_us=14887 update_us=1224 render_us=13662
[2026-08-09T12:50:57Z INFO  steel_front::engine::game] battle: 阵亡 1（红=63 蓝=62 存活）
[2026-08-09T12:50:58Z INFO  steel_front::engine::game] npc: #67 stand (-1.9, 0.0, 147.0)
[2026-08-09T12:50:58Z INFO  steel_front::engine::game] npc: #127 stand (-11.9, 0.0, -135.3)
[2026-08-09T12:50:58Z INFO  steel_front::engine::renderer] visible=17966/65536 near=3016 far=14950 fps=41.7 frame_us=6934 cull_us=1021 terrain_us=0 wait_fence_us=656 acquire_us=64 record_us=1060 submit_us=459 present_us=3911 terrain_lod=high blend=0.000 quality=中画质 marker=20 npc=875
[2026-08-09T12:50:58Z INFO  steel_front::engine::game] ai: npcs=125 idle=0 patrol=0 chase=94 attack=31 tactics=[125, 0, 0, 0, 0, 0, 0]
[2026-08-09T12:50:58Z INFO  steel_front::engine::game] game: wave=1 enemies=125 enemy_hp=100 hp=100/100 score=0 phys_us=5 ai_us=1322 audio_us=30 net_us=0
[2026-08-09T12:50:58Z INFO  steel_front::engine::game] npc: #16 stand (-0.8, 0.0, -129.8)
[2026-08-09T12:50:58Z INFO  steel_front::engine::game] npc: #76 stand (-13.3, 0.0, 143.6)
[2026-08-09T12:50:58Z INFO  steel_front] cam: yaw=0.0 pitch=-10.0 dist=3.4 mode=FirstPerson cycle_us=9062 update_us=965 render_us=8096
[2026-08-09T12:50:59Z INFO  steel_front::engine::renderer] visible=17966/65536 near=3016 far=14950 fps=42.8 frame_us=8570 cull_us=748 terrain_us=0 wait_fence_us=740 acquire_us=58 record_us=836 submit_us=452 present_us=5640 terrain_lod=high blend=0.000 quality=中画质 marker=20 npc=875
[2026-08-09T12:50:59Z INFO  steel_front::engine::game] ai: npcs=125 idle=0 patrol=0 chase=92 attack=33 tactics=[125, 0, 0, 0, 0, 0, 0]
[2026-08-09T12:50:59Z INFO  steel_front::engine::game] game: wave=1 enemies=125 enemy_hp=100 hp=100/100 score=0 phys_us=5 ai_us=1136 audio_us=34 net_us=0
[2026-08-09T12:50:59Z INFO  steel_front] cam: yaw=0.0 pitch=-10.0 dist=3.4 mode=FirstPerson cycle_us=28177 update_us=1243 render_us=26933
[2026-08-09T12:51:00Z INFO  steel_front::engine::renderer] visible=17966/65536 near=3016 far=14950 fps=41.8 frame_us=7585 cull_us=1409 terrain_us=0 wait_fence_us=691 acquire_us=62 record_us=912 submit_us=602 present_us=4500 terrain_lod=high blend=0.000 quality=中画质 marker=20 npc=875
[2026-08-09T12:51:00Z INFO  steel_front::engine::game] npc: #81 stand (-13.4, 0.0, 143.5)
[2026-08-09T12:51:00Z INFO  steel_front::engine::game] npc: #15 stand (3.3, 0.0, -151.2)
[2026-08-09T12:51:00Z INFO  steel_front::engine::game] ai: npcs=125 idle=0 patrol=0 chase=90 attack=35 tactics=[125, 0, 0, 0, 0, 0, 0]
[2026-08-09T12:51:00Z INFO  steel_front::engine::game] game: wave=1 enemies=125 enemy_hp=100 hp=100/100 score=0 phys_us=8 ai_us=1278 audio_us=13 net_us=0
[2026-08-09T12:51:00Z INFO  steel_front::engine::game] npc: #56 stand (7.0, 0.0, 86.3)
[2026-08-09T12:51:00Z INFO  steel_front] cam: yaw=0.0 pitch=-10.0 dist=3.4 mode=FirstPerson cycle_us=27734 update_us=1004 render_us=26730
[2026-08-09T12:51:00Z INFO  steel_front::engine::game] npc: #59 stand (7.8, 0.0, 104.9)
[2026-08-09T12:51:01Z INFO  steel_front::engine::game] npc: #62 stand (7.9, 0.0, 124.3)
[2026-08-09T12:51:01Z INFO  steel_front::engine::game] npc: #89 stand (-4.0, 0.0, 81.2)
[2026-08-09T12:51:01Z INFO  steel_front::engine::game] npc: #87 stand (-4.3, 0.0, 90.6)
[2026-08-09T12:51:01Z INFO  steel_front::engine::renderer] visible=17966/65536 near=3016 far=14950 fps=41.1 frame_us=6987 cull_us=1066 terrain_us=0 wait_fence_us=577 acquire_us=165 record_us=832 submit_us=411 present_us=4554 terrain_lod=high blend=0.000 quality=中画质 marker=20 npc=875
[2026-08-09T12:51:01Z INFO  steel_front::engine::game] npc: #70 stand (-1.7, 0.0, 146.6)
[2026-08-09T12:51:01Z INFO  steel_front::engine::game] ai: npcs=125 idle=0 patrol=0 chase=84 attack=41 tactics=[125, 0, 0, 0, 0, 0, 0]
[2026-08-09T12:51:01Z INFO  steel_front::engine::game] game: wave=1 enemies=125 enemy_hp=100 hp=100/100 score=0 phys_us=4 ai_us=1192 audio_us=17 net_us=0
[2026-08-09T12:51:01Z INFO  steel_front::engine::game] npc: #17 stand (0.1, 0.0, -135.6)
[2026-08-09T12:51:01Z INFO  steel_front] cam: yaw=0.0 pitch=-10.0 dist=3.4 mode=FirstPerson cycle_us=11297 update_us=963 render_us=10334
[2026-08-09T12:51:02Z INFO  steel_front::engine::game] npc: #85 stand (-4.2, 0.0, 104.4)
[2026-08-09T12:51:02Z INFO  steel_front::engine::game] npc: #126 stand (-12.0, 0.0, -134.3)
[2026-08-09T12:51:02Z INFO  steel_front::engine::renderer] visible=17966/65536 near=3016 far=14950 fps=37.0 frame_us=6709 cull_us=947 terrain_us=0 wait_fence_us=622 acquire_us=76 record_us=1009 submit_us=518 present_us=3774 terrain_lod=high blend=0.000 quality=中画质 marker=20 npc=875
[2026-08-09T12:51:02Z INFO  steel_front::engine::game] ai: npcs=125 idle=0 patrol=0 chase=81 attack=44 tactics=[125, 0, 0, 0, 0, 0, 0]
[2026-08-09T12:51:02Z INFO  steel_front::engine::game] game: wave=1 enemies=125 enemy_hp=100 hp=100/100 score=0 phys_us=4 ai_us=1038 audio_us=31 net_us=0
[2026-08-09T12:51:02Z INFO  steel_front::engine::game] npc: #125 stand (-11.9, 0.0, -135.4)
[2026-08-09T12:51:02Z INFO  steel_front::engine::game] npc: #18 stand (-0.7, 0.0, -129.8)
[2026-08-09T12:51:02Z INFO  steel_front] cam: yaw=0.0 pitch=-10.0 dist=3.4 mode=FirstPerson cycle_us=32105 update_us=1566 render_us=30537
[2026-08-09T12:51:02Z INFO  steel_front::engine::game] npc: #48 stand (6.2, 0.0, 41.0)
[2026-08-09T12:51:02Z INFO  steel_front::engine::game] npc: #94 stand (-2.4, 0.0, 49.4)
[2026-08-09T12:51:03Z INFO  steel_front::engine::game] npc: #78 stand (-4.1, 0.0, 123.6)
[2026-08-09T12:51:03Z INFO  steel_front::engine::game] npc: #83 stand (-3.7, 0.0, 120.4)
[2026-08-09T12:51:03Z INFO  steel_front::engine::renderer] visible=17966/65536 near=3016 far=14950 fps=38.6 frame_us=7380 cull_us=1038 terrain_us=0 wait_fence_us=530 acquire_us=57 record_us=1205 submit_us=496 present_us=4381 terrain_lod=high blend=0.000 quality=中画质 marker=20 npc=875
[2026-08-09T12:51:03Z INFO  steel_front::engine::game] npc: #65 stand (-1.7, 0.0, 146.3)
[2026-08-09T12:51:03Z INFO  steel_front::engine::game] battle: 阵亡 1（红=63 蓝=61 存活）
[2026-08-09T12:51:03Z INFO  steel_front::engine::game] ai: npcs=124 idle=0 patrol=0 chase=75 attack=49 tactics=[124, 0, 0, 0, 0, 0, 0]
[2026-08-09T12:51:03Z INFO  steel_front::engine::game] game: wave=1 enemies=124 enemy_hp=100 hp=100/100 score=0 phys_us=4 ai_us=760 audio_us=23 net_us=0
[2026-08-09T12:51:03Z INFO  steel_front::engine::game] npc: #59 stand (7.7, 0.0, 104.9)
[2026-08-09T12:51:03Z INFO  steel_front::engine::game] battle: 阵亡 1（红=62 蓝=61 存活）
[2026-08-09T12:51:03Z INFO  steel_front] cam: yaw=0.0 pitch=-10.0 dist=3.4 mode=FirstPerson cycle_us=12432 update_us=1011 render_us=11420
[2026-08-09T12:51:03Z INFO  steel_front::engine::game] npc: #53 stand (-4.7, 0.0, 67.8)
[2026-08-09T12:51:03Z INFO  steel_front::engine::game] npc: #92 stand (-14.4, 0.0, 74.8)
[2026-08-09T12:51:03Z INFO  steel_front::engine::game] npc: #75 stand (-4.1, 0.0, 123.5)
[2026-08-09T12:51:04Z INFO  steel_front::engine::game] npc: #51 stand (7.1, 0.0, 56.7)
[2026-08-09T12:51:04Z INFO  steel_front::engine::game] npc: #78 stand (-4.1, 0.0, 123.0)
[2026-08-09T12:51:04Z INFO  steel_front::engine::game] npc: #80 stand (-4.1, 0.0, 125.2)
[2026-08-09T12:51:04Z INFO  steel_front::engine::game] npc: #43 stand (8.6, 0.0, 20.4)
[2026-08-09T12:51:04Z INFO  steel_front::engine::game] npc: #99 stand (-1.8, 0.0, 26.1)
[2026-08-09T12:51:04Z INFO  steel_front::engine::renderer] visible=17966/65536 near=3016 far=14950 fps=43.8 frame_us=5615 cull_us=783 terrain_us=0 wait_fence_us=506 acquire_us=40 record_us=505 submit_us=293 present_us=3962 terrain_lod=high blend=0.000 quality=中画质 marker=20 npc=861
[2026-08-09T12:51:04Z INFO  steel_front::engine::game] npc: #124 stand (-12.4, 0.0, -132.3)
[2026-08-09T12:51:04Z INFO  steel_front::engine::game] ai: npcs=123 idle=0 patrol=0 chase=68 attack=55 tactics=[123, 0, 0, 0, 0, 0, 0]
[2026-08-09T12:51:04Z INFO  steel_front::engine::game] game: wave=1 enemies=123 enemy_hp=100 hp=100/100 score=0 phys_us=1 ai_us=899 audio_us=54 net_us=0
[2026-08-09T12:51:04Z INFO  steel_front::engine::game] npc: #19 stand (-0.8, 0.0, -129.7)
[2026-08-09T12:51:04Z INFO  steel_front::engine::game] battle: 阵亡 1（红=62 蓝=60 存活）
[2026-08-09T12:51:04Z INFO  steel_front] cam: yaw=0.0 pitch=-10.0 dist=3.4 mode=FirstPerson cycle_us=13620 update_us=1372 render_us=12247
[2026-08-09T12:51:04Z INFO  steel_front::engine::game] npc: #12 stand (5.1, 0.0, -155.6)
[2026-08-09T12:51:04Z INFO  steel_front::engine::game] npc: #15 stand (3.3, 0.0, -151.2)
[2026-08-09T12:51:05Z INFO  steel_front::engine::renderer] visible=17966/65536 near=3016 far=14950 fps=43.4 frame_us=6649 cull_us=885 terrain_us=0 wait_fence_us=376 acquire_us=40 record_us=808 submit_us=413 present_us=4039 terrain_lod=high blend=0.000 quality=中画质 marker=20 npc=854
[2026-08-09T12:51:05Z INFO  steel_front::engine::game] battle: 阵亡 1（红=62 蓝=59 存活）
[2026-08-09T12:51:05Z INFO  steel_front::engine::game] npc: #60 stand (7.9, 0.0, 124.4)
[2026-08-09T12:51:05Z INFO  steel_front::engine::game] npc: #70 stand (-1.8, 0.0, 146.5)
[2026-08-09T12:51:05Z INFO  steel_front::engine::game] ai: npcs=121 idle=0 patrol=0 chase=66 attack=55 tactics=[121, 0, 0, 0, 0, 0, 0]
[2026-08-09T12:51:05Z INFO  steel_front::engine::game] game: wave=1 enemies=121 enemy_hp=100 hp=100/100 score=0 phys_us=5 ai_us=1081 audio_us=22 net_us=0
[2026-08-09T12:51:05Z INFO  steel_front::engine::game] battle: 阵亡 1（红=62 蓝=58 存活）
[2026-08-09T12:51:05Z INFO  steel_front] cam: yaw=0.0 pitch=-10.0 dist=3.4 mode=FirstPerson cycle_us=19989 update_us=1079 render_us=18909
[2026-08-09T12:51:05Z INFO  steel_front::engine::game] npc: #54 stand (7.7, 0.0, 83.6)
[2026-08-09T12:51:06Z INFO  steel_front::engine::game] npc: #46 stand (5.9, 0.0, 35.4)
[2026-08-09T12:51:06Z INFO  steel_front::engine::game] npc: #97 stand (-5.7, 0.0, 38.0)
[2026-08-09T12:51:06Z INFO  steel_front::engine::game] npc: #71 stand (-1.5, 0.0, 142.2)
[2026-08-09T12:51:06Z INFO  steel_front::engine::game] npc: #66 stand (7.7, 0.0, 127.4)
[2026-08-09T12:51:06Z INFO  steel_front::engine::game] npc: #57 stand (8.7, 0.0, 107.7)
[2026-08-09T12:51:06Z INFO  steel_front::engine::renderer] visible=17966/65536 near=3016 far=14950 fps=44.9 frame_us=8329 cull_us=707 terrain_us=0 wait_fence_us=534 acquire_us=66 record_us=826 submit_us=485 present_us=5059 terrain_lod=high blend=0.000 quality=中画质 marker=20 npc=840
[2026-08-09T12:51:06Z INFO  steel_front::engine::game] ai: npcs=120 idle=0 patrol=0 chase=62 attack=58 tactics=[120, 0, 0, 0, 0, 0, 0]
[2026-08-09T12:51:06Z INFO  steel_front::engine::game] game: wave=1 enemies=120 enemy_hp=100 hp=100/100 score=0 phys_us=4 ai_us=1107 audio_us=20 net_us=0
[2026-08-09T12:51:06Z INFO  steel_front::engine::game] npc: #90 stand (-3.8, 0.0, 80.5)
[2026-08-09T12:51:06Z INFO  steel_front::engine::game] battle: 阵亡 1（红=62 蓝=57 存活）
[2026-08-09T12:51:06Z INFO  steel_front::engine::game] battle: 阵亡 1（红=61 蓝=57 存活）
[2026-08-09T12:51:06Z INFO  steel_front] cam: yaw=0.0 pitch=-10.0 dist=3.4 mode=FirstPerson cycle_us=10934 update_us=971 render_us=9962
[2026-08-09T12:51:07Z INFO  steel_front::engine::game] npc: #78 stand (-4.0, 0.0, 122.6)
[2026-08-09T12:51:07Z INFO  steel_front::engine::game] npc: #123 stand (-11.9, 0.0, -135.3)
[2026-08-09T12:51:07Z INFO  steel_front::engine::game] npc: #83 stand (-3.7, 0.0, 121.2)
[2026-08-09T12:51:07Z INFO  steel_front::engine::game] battle: 阵亡 1（红=60 蓝=57 存活）
[2026-08-09T12:51:07Z INFO  steel_front::engine::game] npc: #123 stand (-11.9, 0.0, -135.2)
[2026-08-09T12:51:07Z INFO  steel_front::engine::game] npc: #95 stand (-15.9, 0.0, 63.4)
[2026-08-09T12:51:07Z INFO  steel_front::engine::renderer] visible=17966/65536 near=3016 far=14950 fps=43.6 frame_us=8006 cull_us=1357 terrain_us=0 wait_fence_us=819 acquire_us=69 record_us=1076 submit_us=643 present_us=4596 terrain_lod=high blend=0.000 quality=中画质 marker=20 npc=819
[2026-08-09T12:51:07Z INFO  steel_front::engine::game] ai: npcs=117 idle=0 patrol=0 chase=59 attack=58 tactics=[117, 0, 0, 0, 0, 0, 0]
[2026-08-09T12:51:07Z INFO  steel_front::engine::game] game: wave=1 enemies=117 enemy_hp=100 hp=100/100 score=0 phys_us=13 ai_us=1474 audio_us=54 net_us=0
[2026-08-09T12:51:07Z INFO  steel_front::engine::game] battle: 阵亡 1（红=59 蓝=57 存活）
[2026-08-09T12:51:07Z INFO  steel_front] cam: yaw=0.0 pitch=-10.0 dist=3.4 mode=FirstPerson cycle_us=10270 update_us=1011 render_us=9257
[2026-08-09T12:51:08Z INFO  steel_front::engine::game] npc: #49 stand (9.0, 0.0, 52.6)
[2026-08-09T12:51:08Z INFO  steel_front::engine::game] npc: #134 stand (-12.0, 0.0, -133.8)
[2026-08-09T12:51:08Z INFO  steel_front::engine::game] npc: #126 stand (-11.9, 0.0, -134.1)
[2026-08-09T12:51:08Z INFO  steel_front::engine::game] battle: 阵亡 1（红=59 蓝=56 存活）
[2026-08-09T12:51:08Z INFO  steel_front::engine::game] npc: #20 stand (-0.3, 0.0, -131.3)
[2026-08-09T12:51:08Z INFO  steel_front::engine::game] npc: #88 stand (-0.6, 0.0, 96.3)
[2026-08-09T12:51:08Z INFO  steel_front::engine::game] npc: #122 stand (-12.0, 0.0, -133.8)
[2026-08-09T12:51:08Z INFO  steel_front::engine::game] battle: 阵亡 1（红=58 蓝=56 存活）
[2026-08-09T12:51:08Z INFO  steel_front::engine::game] npc: #127 stand (-11.6, 0.0, -135.2)
[2026-08-09T12:51:08Z INFO  steel_front::engine::game] npc: #123 stand (-11.7, 0.0, -134.9)
[2026-08-09T12:51:08Z INFO  steel_front::engine::game] npc: #125 stand (-11.6, 0.0, -135.2)
[2026-08-09T12:51:08Z INFO  steel_front::engine::game] npc: #130 stand (-11.5, 0.0, -135.2)
[2026-08-09T12:51:08Z INFO  steel_front::engine::game] npc: #132 stand (-11.4, 0.0, -135.6)
[2026-08-09T12:51:08Z INFO  steel_front::engine::renderer] visible=17966/65536 near=3016 far=14950 fps=37.5 frame_us=9728 cull_us=998 terrain_us=0 wait_fence_us=445 acquire_us=71 record_us=1259 submit_us=664 present_us=5453 terrain_lod=high blend=0.000 quality=中画质 marker=20 npc=798
[2026-08-09T12:51:08Z INFO  steel_front::engine::game] ai: npcs=114 idle=0 patrol=0 chase=59 attack=55 tactics=[113, 0, 0, 0, 0, 1, 0]
[2026-08-09T12:51:08Z INFO  steel_front::engine::game] game: wave=1 enemies=114 enemy_hp=100 hp=100/100 score=0 phys_us=3 ai_us=902 audio_us=21 net_us=0
[2026-08-09T12:51:08Z INFO  steel_front::engine::game] battle: 阵亡 1（红=58 蓝=55 存活）
[2026-08-09T12:51:08Z INFO  steel_front] cam: yaw=0.0 pitch=-10.0 dist=3.4 mode=FirstPerson cycle_us=14116 update_us=1598 render_us=12517
[2026-08-09T12:51:09Z INFO  steel_front::engine::game] npc: #21 stand (-0.7, 0.0, -129.8)
[2026-08-09T12:51:09Z INFO  steel_front::engine::game] npc: #86 stand (-2.0, 0.0, 113.0)
[2026-08-09T12:51:09Z INFO  steel_front::engine::renderer] visible=17966/65536 near=3016 far=14950 fps=43.6 frame_us=7918 cull_us=1007 terrain_us=0 wait_fence_us=265 acquire_us=26 record_us=1152 submit_us=684 present_us=4378 terrain_lod=high blend=0.000 quality=中画质 marker=20 npc=791
[2026-08-09T12:51:09Z INFO  steel_front::engine::game] ai: npcs=113 idle=0 patrol=0 chase=57 attack=56 tactics=[112, 0, 0, 0, 0, 1, 0]
[2026-08-09T12:51:09Z INFO  steel_front::engine::game] game: wave=1 enemies=113 enemy_hp=100 hp=100/100 score=0 phys_us=3 ai_us=1005 audio_us=31 net_us=0
[2026-08-09T12:51:09Z INFO  steel_front::engine::game] npc: #52 stand (6.5, 0.0, 74.7)
[2026-08-09T12:51:09Z INFO  steel_front::engine::game] npc: #44 stand (9.5, 0.0, 22.1)
[2026-08-09T12:51:09Z INFO  steel_front] cam: yaw=0.0 pitch=-10.0 dist=3.4 mode=FirstPerson cycle_us=11846 update_us=1333 render_us=10512
[2026-08-09T12:51:10Z INFO  steel_front::engine::game] battle: 阵亡 1（红=57 蓝=55 存活）
[2026-08-09T12:51:10Z INFO  steel_front::engine::game] battle: 阵亡 1（红=56 蓝=55 存活）
[2026-08-09T12:51:10Z INFO  steel_front::engine::game] npc: #15 stand (-4.5, 0.0, -148.6)
[2026-08-09T12:51:10Z INFO  steel_front::engine::game] npc: #128 stand (-12.4, 0.0, -139.6)
[2026-08-09T12:51:10Z INFO  steel_front::engine::renderer] visible=17966/65536 near=3016 far=14950 fps=44.4 frame_us=6109 cull_us=546 terrain_us=0 wait_fence_us=510 acquire_us=43 record_us=862 submit_us=484 present_us=3686 terrain_lod=high blend=0.000 quality=中画质 marker=20 npc=777
[2026-08-09T12:51:10Z INFO  steel_front::engine::game] ai: npcs=111 idle=0 patrol=0 chase=54 attack=57 tactics=[110, 0, 0, 0, 0, 1, 0]
[2026-08-09T12:51:10Z INFO  steel_front::engine::game] game: wave=1 enemies=111 enemy_hp=100 hp=100/100 score=0 phys_us=5 ai_us=1125 audio_us=33 net_us=1
[2026-08-09T12:51:10Z INFO  steel_front::engine::game] npc: #55 stand (8.8, 0.0, 107.7)
[2026-08-09T12:51:10Z INFO  steel_front] cam: yaw=0.0 pitch=-10.0 dist=3.4 mode=FirstPerson cycle_us=11362 update_us=989 render_us=10372
[2026-08-09T12:51:11Z INFO  steel_front::engine::game] battle: 阵亡 1（红=56 蓝=54 存活）
[2026-08-09T12:51:11Z INFO  steel_front::engine::renderer] visible=17966/65536 near=3016 far=14950 fps=42.6 frame_us=7849 cull_us=1207 terrain_us=0 wait_fence_us=542 acquire_us=36 record_us=1022 submit_us=832 present_us=4082 terrain_lod=high blend=0.000 quality=中画质 marker=20 npc=770
[2026-08-09T12:51:11Z INFO  steel_front::engine::game] battle: 阵亡 1（红=55 蓝=54 存活）
[2026-08-09T12:51:11Z INFO  steel_front::engine::game] ai: npcs=109 idle=0 patrol=0 chase=53 attack=56 tactics=[108, 0, 0, 0, 0, 1, 0]
[2026-08-09T12:51:11Z INFO  steel_front::engine::game] game: wave=1 enemies=109 enemy_hp=100 hp=100/100 score=0 phys_us=12 ai_us=1074 audio_us=13 net_us=0
[2026-08-09T12:51:11Z INFO  steel_front::engine::game] npc: #100 stand (-2.9, 0.0, 23.3)
[2026-08-09T12:51:12Z INFO  steel_front] cam: yaw=0.0 pitch=-10.0 dist=3.4 mode=FirstPerson cycle_us=14801 update_us=827 render_us=13974
[2026-08-09T12:51:12Z INFO  steel_front::engine::game] battle: 阵亡 1（红=55 蓝=53 存活）
[2026-08-09T12:51:12Z INFO  steel_front::engine::game] npc: #48 stand (5.9, 0.0, 41.0)
[2026-08-09T12:51:12Z INFO  steel_front::engine::game] npc: #23 stand (-0.9, 0.0, -129.1)
[2026-08-09T12:51:12Z INFO  steel_front::engine::game] npc: #22 stand (-0.1, 0.0, -131.4)
[2026-08-09T12:51:12Z INFO  steel_front::engine::game] battle: 阵亡 1（红=54 蓝=53 存活）
[2026-08-09T12:51:12Z INFO  steel_front::engine::game] npc: #123 stand (-11.6, 0.0, -134.9)
[2026-08-09T12:51:12Z INFO  steel_front::engine::game] npc: #125 stand (-11.6, 0.0, -135.1)
[2026-08-09T12:51:12Z INFO  steel_front::engine::game] npc: #127 stand (-11.5, 0.0, -135.2)
[2026-08-09T12:51:11Z INFO  steel_front::engine::renderer] visible=17966/65536 near=3016 far=14950 fps=40.9 frame_us=7127 cull_us=886 terrain_us=0 wait_fence_us=543 acquire_us=28 record_us=1035 submit_us=575 present_us=4595 terrain_lod=high blend=0.000 quality=中画质 marker=20 npc=749
[2026-08-09T12:51:11Z INFO  steel_front::engine::game] battle: 阵亡 1（红=54 蓝=52 存活）
[2026-08-09T12:51:11Z INFO  steel_front::engine::game] ai: npcs=106 idle=0 patrol=0 chase=52 attack=54 tactics=[105, 0, 0, 0, 0, 1, 0]
[2026-08-09T12:51:11Z INFO  steel_front::engine::game] game: wave=1 enemies=106 enemy_hp=100 hp=100/100 score=0 phys_us=4 ai_us=1037 audio_us=8 net_us=0
[2026-08-09T12:51:11Z INFO  steel_front::engine::game] npc: #91 stand (-5.0, 0.0, 87.7)
[2026-08-09T12:51:12Z INFO  steel_front::engine::game] npc: #98 stand (-6.0, 0.0, 39.2)
[2026-08-09T12:51:12Z INFO  steel_front] cam: yaw=0.0 pitch=-10.0 dist=3.4 mode=FirstPerson cycle_us=12621 update_us=1205 render_us=11416
[2026-08-09T12:51:12Z INFO  steel_front::engine::game] npc: #121 stand (-12.2, 0.0, -133.3)
[2026-08-09T12:51:12Z INFO  steel_front::engine::game] npc: #119 stand (-11.6, 0.0, -134.9)
[2026-08-09T12:51:12Z INFO  steel_front::engine::game] battle: 阵亡 1（红=54 蓝=51 存活）
[2026-08-09T12:51:12Z INFO  steel_front::engine::game] battle: 阵亡 1（红=53 蓝=51 存活）
[2026-08-09T12:51:12Z INFO  steel_front::engine::renderer] visible=17966/65536 near=3016 far=14950 fps=37.9 frame_us=7080 cull_us=987 terrain_us=0 wait_fence_us=425 acquire_us=38 record_us=1041 submit_us=545 present_us=4132 terrain_lod=high blend=0.000 quality=中画质 marker=20 npc=728
[2026-08-09T12:51:12Z INFO  steel_front::engine::game] ai: npcs=104 idle=0 patrol=0 chase=53 attack=51 tactics=[103, 0, 0, 0, 0, 1, 0]
[2026-08-09T12:51:12Z INFO  steel_front::engine::game] game: wave=1 enemies=104 enemy_hp=100 hp=100/100 score=0 phys_us=4 ai_us=778 audio_us=25 net_us=0
[2026-08-09T12:51:13Z INFO  steel_front::engine::game] npc: #9 stand (-17.7, 0.0, -154.0)
[2026-08-09T12:51:13Z INFO  steel_front::engine::game] npc: #120 stand (-29.7, 0.0, -154.0)
[2026-08-09T12:51:13Z INFO  steel_front] cam: yaw=0.0 pitch=-10.0 dist=3.4 mode=FirstPerson cycle_us=14949 update_us=959 render_us=13988
[2026-08-09T12:51:13Z INFO  steel_front::engine::game] npc: #96 stand (-15.2, 0.0, 62.0)
[2026-08-09T12:51:13Z INFO  steel_front::engine::game] npc: #93 stand (-4.7, 0.0, 83.7)
