==== 钢铁前线 性能日志 =====
版本: 0.1.0 | 启动: 2026-08-17 18:55:15 | GPU: NVIDIA GeForce RTX 5060 Laptop GPU | CPU: AMD 32线程 | 窗口: 2560x1600
----------------------------------
时间(s)	fps	frame_us	cull	terrain	wait	acquire	record	submit	present	near
1.0	407.1	2327	0	0	2048	1	36	33	204	65536
2.0	354.2	2228	0	0	1855	1	48	44	276	65536
3.0	365.1	1922	0	0	1759	0	21	17	123	65536
4.0	332.3	1686	0	0	1532	0	20	16	114	65536
5.0	393.2	1972	0	0	1665	1	42	28	230	65536
6.0	320.6	2251	0	0	1912	1	43	35	255	65536
7.0	387.4	2544	0	0	2213	1	44	38	242	65536
8.0	400.5	2596	0	0	2241	1	45	52	250	65536
9.0	363.6	1961	0	0	1780	0	20	16	140	65536
10.0	418.1	2456	0	0	2124	1	42	34	250	65536
11.0	394.4	2522	0	0	2216	1	41	30	229	65536
12.0	244.7	3763	1	0	2950	1	38	141	627	65536
13.0	314.1	2104	0	0	1678	1	51	105	264	65536
14.0	377.9	2378	0	0	1893	1	57	97	325	65536
15.0	276.0	1718	0	0	1381	1	37	52	243	65536
16.0	350.4	2331	0	0	2019	1	46	71	191	65536
17.0	393.7	2498	0	0	2225	0	25	85	159	65536
18.0	346.4	2177	0	0	1848	1	43	29	250	65536
19.0	401.5	2033	0	0	1810	1	42	35	138	65536
20.0	327.8	1986	0	0	1625	1	36	35	286	65536
21.0	417.1	2588	0	0	2363	1	28	36	155	65536
22.0	434.4	2654	0	0	2081	1	59	122	387	65536
23.0	404.7	2507	0	0	2175	1	49	35	241	65536
24.0	398.6	2295	0	0	2010	1	31	33	217	65536
25.0	365.2	1779	0	0	1470	1	42	32	229	65536
26.0	363.5	3128	2	0	2231	4	123	122	637	65536
27.0	345.6	2266	0	0	1924	1	52	45	239	65536
28.0	340.9	2291	0	0	1789	1	45	73	379	65536
29.0	320.6	2435	1	0	1959	1	39	36	394	65536
30.0	502.4	2602	0	0	2404	1	23	38	131	65536
31.1	367.6	2312	1	0	1991	1	38	36	240	65536
32.1	330.0	2229	0	0	1887	1	36	32	268	65536
33.1	433.3	2587	1	0	2163	1	58	67	290	65536
34.1	385.9	2751	0	0	2332	1	63	48	302	65536
35.1	363.2	2172	0	0	1914	1	40	35	177	65536
36.1	338.1	2243	1	0	1827	1	92	73	244	65536
37.1	392.9	2077	0	0	1736	1	64	45	227	65536
38.1	390.2	2429	0	0	1788	1	70	73	491	65536
39.1	389.3	2352	0	0	2052	1	49	63	182	65536
40.1	328.1	2187	0	0	1868	1	49	46	216	65536
41.1	335.6	2383	0	0	2145	0	32	57	144	65536
42.1	393.2	2188	0	0	1941	0	21	29	192	65536
43.1	334.6	2497	0	0	1887	1	44	35	523	65536
44.1	361.2	2102	1	0	1854	1	57	39	142	65536
45.1	371.0	2094	0	0	1904	0	20	30	137	65536
46.1	369.5	1916	0	0	1753	0	19	29	111	65536
47.1	377.1	2528	0	0	2148	1	38	56	280	65536
48.1	405.3	2583	0	0	2295	1	38	36	208	65536
49.1	354.1	2217	2	0	1887	1	39	42	240	65536
50.1	342.9	2188	0	0	1882	1	41	31	227	65536
51.1	406.4	2350	0	0	2068	1	49	47	180	65536
52.1	344.9	2675	2	0	2348	2	54	33	226	65536
53.1	380.0	2019	0	0	1598	1	93	42	278	65536
54.1	368.8	2481	2	0	1950	1	47	39	437	65536
55.1	429.4	2602	0	0	2278	1	53	41	223	65536
56.1	356.1	2100	0	0	1817	1	41	32	204	65536
57.1	360.7	2409	1	0	2076	1	47	40	238	65536
58.1	405.3	2586	0	0	2136	1	41	32	370	65536
59.1	335.6	2142	0	0	1811	1	46	43	237	65536
60.1	361.5	2491	0	0	2175	1	59	53	198	65536
61.1	353.9	2202	0	0	1905	1	41	32	218	65536
62.1	361.2	2056	0	0	1802	0	22	17	211	65536
63.1	361.9	2337	0	0	1964	1	90	36	240	65536
64.1	338.6	2188	3	0	1633	2	45	38	457	65536
65.1	411.3	2538	0	0	2153	1	41	112	225	65536
66.1	335.3	2161	0	0	1923	0	26	35	173	65536
67.1	340.7	2191	0	0	1679	44	43	176	242	65536
68.1	355.3	2498	3	0	1819	9	143	93	414	65536
69.1	420.1	2657	0	0	2372	1	40	33	205	65536
70.1	394.7	2528	0	0	2204	1	41	69	209	65536
71.1	413.5	2622	0	0	2451	0	24	19	124	65536
72.1	405.6	2832	0	0	2481	1	85	35	224	65536
73.1	340.0	2030	0	0	1745	1	41	31	206	65536
74.1	387.3	2588	0	0	2243	1	54	49	235	65536
75.1	316.8	2217	0	0	1760	1	55	50	346	65536
76.1	368.9	2263	0	0	2046	0	28	43	142	65536
77.1	368.0	2788	0	0	2270	1	64	69	378	65536
78.1	332.2	2476	1	0	2043	2	71	66	287	65536
79.1	261.2	2149	1	0	1628	1	140	63	313	65536
80.1	394.4	2314	1	0	2040	1	48	69	147	65536
81.1	366.0	2660	0	0	2244	1	53	45	312	65536
82.1	340.8	1952	0	0	1758	0	27	48	115	65536
83.1	388.4	2233	1	0	1966	1	37	79	143	65536
84.1	352.6	2224	0	0	1902	1	53	45	218	65536
85.1	418.3	2260	1	0	1918	1	54	45	236	65536
86.1	418.8	2666	0	0	2329	1	54	48	229	65536
87.1	334.9	2351	0	0	2012	1	55	45	233	65536
88.1	315.0	1844	0	0	1578	1	83	33	145	65536
89.1	411.2	2449	0	0	2090	1	54	70	228	65536
90.1	358.9	2226	1	0	1992	1	37	41	150	65536
91.1	358.4	2041	0	0	1761	1	35	37	202	65536
92.1	329.5	2106	0	0	1780	1	28	26	267	65536
93.1	387.5	2038	1	0	1824	1	37	35	135	65536
94.1	370.8	2225	0	0	1933	1	37	39	210	65536
95.2	388.0	2135	1	0	1845	1	38	40	206	65536
96.2	322.4	2413	0	0	2178	0	21	81	129	65536
97.2	337.5	2067	0	0	1725	1	40	40	254	65536
98.2	359.1	2059	0	0	1781	1	40	37	193	65536
99.2	354.7	2119	0	0	1816	1	41	34	221	65536
100.2	382.6	2599	0	0	2096	1	52	45	399	65536
101.2	402.5	2578	0	0	2279	1	118	30	143	65536
102.2	333.6	1910	0	0	1626	1	52	44	182	65536
103.2	348.3	2299	0	0	1986	1	51	44	212	65536
104.2	402.1	900	0	0	508	0	31	49	307	65536
105.2	344.7	716	1	0	325	0	35	84	266	65536
106.2	361.7	2543	0	0	2226	1	53	45	213	65536
107.2	346.1	2433	0	0	2035	1	122	45	224	65536
108.2	383.9	3090	1	0	2748	1	118	49	168	65536
109.2	382.5	2839	0	0	2473	1	53	73	234	65536
110.2	374.1	2314	1	0	2007	1	26	40	234	65536
111.2	340.7	2447	0	0	2155	1	34	38	213	65536
112.2	356.2	2155	1	0	1875	1	35	30	207	65536
113.2	362.6	2365	0	0	2159	0	20	18	162	65536
114.2	394.1	2617	0	0	2252	1	36	32	292	65536
115.2	345.4	2035	1	0	1715	1	50	47	216	65536
116.2	403.9	2437	0	0	2155	1	61	30	186	65536
117.2	415.3	2714	0	0	2320	1	41	120	227	65536
118.2	325.1	2236	1	0	1927	1	49	33	220	65536
119.2	322.1	2773	0	0	2070	1	46	37	612	65536
120.2	287.3	1335	0	0	1129	0	24	22	155	65536
121.2	265.8	1447	0	0	1249	0	26	21	146	65536
122.2	351.7	2631	1	0	2037	5	98	70	409	65536
123.2	372.4	2420	0	0	2208	1	24	19	164	65536
124.2	292.1	2446	0	0	2102	1	40	42	255	65536
125.2	383.2	2669	1	0	2419	1	44	34	165	65536
126.2	390.2	2229	0	0	1984	0	29	59	152	65536
127.2	399.7	2766	1	0	2449	1	56	77	176	65536
128.2	370.7	2482	0	0	2133	1	55	62	226	65536
129.2	372.2	2694	0	0	2373	1	52	47	217	65536
130.2	445.3	2243	0	0	1983	1	38	49	168	65536
131.2	378.7	2278	0	0	1842	0	42	72	317	65536
132.2	377.9	2736	1	0	2430	1	57	70	172	65536
133.2	360.9	2461	1	0	2090	1	52	74	237	65536
134.2	389.9	2629	0	0	2208	0	29	91	296	65536
135.2	434.4	3361	4	0	2340	6	232	163	602	65536
136.2	371.6	2433	0	0	2079	1	52	68	228	65536
137.2	393.5	2691	1	0	2316	1	47	64	256	65536
138.2	327.8	2413	0	0	2010	1	42	50	305	65536
139.2	405.3	2846	0	0	2092	1	44	63	641	65536
140.2	404.3	2425	0	0	2234	0	24	36	128	65536
141.2	398.3	2298	0	0	1952	1	87	54	199	65536
142.2	357.4	2059	0	0	1872	0	23	26	133	65536
143.2	378.0	2504	0	0	2190	1	43	50	214	65536
144.2	423.2	2717	0	0	2407	1	42	49	212	65536
145.2	358.5	2418	0	0	2108	1	41	45	219	65536
146.2	352.4	2369	1	0	1989	1	44	54	273	65536
147.2	391.8	2152	0	0	1959	0	22	40	125	65536
148.2	333.2	2008	0	0	1698	1	43	49	211	65536
149.2	351.3	1824	0	0	1636	0	23	44	118	65536
150.2	358.3	1953	0	0	1634	1	43	57	213	65536
151.2	363.3	2495	1	0	2007	1	42	90	348	65536
152.2	401.7	2089	0	0	1876	1	23	29	156	65536
153.2	400.5	2405	0	0	2099	1	41	44	215	65536
154.2	332.7	1881	0	0	1705	0	22	26	124	65536
155.2	340.3	2013	0	0	1714	1	41	45	207	65536
156.2	410.4	2560	0	0	2251	1	38	46	218	65536
157.2	351.0	2065	1	0	1706	1	88	55	209	65536
158.2	401.6	2740	0	0	2418	1	42	48	225	65536
159.2	368.1	2956	0	0	1870	1	49	56	973	65536
160.3	365.1	2456	1	0	1859	1	44	53	492	65536
161.3	378.7	2437	1	0	2107	1	42	33	249	65536
162.3	403.5	2547	0	0	2259	1	41	36	206	65536
163.3	287.9	1138	1	0	868	1	42	36	184	65536
164.3	352.1	1947	0	0	1740	0	23	19	160	65536
165.3	361.1	1892	0	0	1727	0	23	19	119	65536
166.3	402.5	2272	0	0	2045	1	26	33	162	65536
167.3	365.1	2413	1	0	2026	1	49	57	273	65536
168.3	363.4	2277	0	0	1985	1	41	46	200	65536
169.3	384.4	2389	0	0	2093	1	41	48	202	65536
170.3	298.9	2133	0	0	1818	1	43	49	217	65536
171.3	365.2	1852	0	0	1638	0	22	27	160	65536
172.3	396.3	2678	0	0	2274	1	42	129	226	65536
173.3	426.2	2487	0	0	2168	1	61	25	227	65536
174.3	423.6	2265	0	0	2010	0	21	25	206	65536
175.3	350.5	2072	0	0	1865	0	21	30	152	65536
176.3	352.5	1985	0	0	1758	0	21	23	181	65536
177.3	355.8	2295	0	0	2077	0	22	29	163	65536
178.3	305.3	1339	0	0	1131	0	21	25	157	65536
179.3	365.6	2485	0	0	2077	1	43	133	225	65536
180.3	356.7	2031	0	0	1786	0	20	23	197	65536
181.3	329.7	2029	0	0	1833	0	22	23	148	65536
182.3	362.6	1974	0	0	1778	0	21	25	145	65536
183.3	384.8	2485	0	0	2150	1	38	54	237	65536
184.3	357.3	1921	0	0	1759	0	23	24	111	65536
185.3	349.1	2236	0	0	1903	1	43	65	218	65536
186.3	331.7	2353	0	0	1706	1	43	53	544	65536
187.3	301.7	2353	0	0	2043	1	44	49	210	65536
188.3	402.1	2954	0	0	2584	1	84	47	231	65536
189.3	363.9	2482	0	0	2185	1	41	45	204	65536
190.3	397.5	2682	0	0	2384	1	40	47	204	65536
191.3	363.6	1959	0	0	1737	0	25	44	149	65536
192.3	324.9	1938	0	0	1777	0	21	25	111	65536
193.3	257.8	1318	0	0	900	1	42	47	323	65536
194.3	311.1	2602	0	0	2209	1	42	127	218	65536
195.3	416.3	2581	0	0	2269	1	42	43	220	65536
196.3	379.5	2336	0	0	2032	1	42	46	208	65536
197.3	321.1	2206	0	0	1737	1	41	33	389	65536
198.3	384.5	2105	0	0	1776	1	40	32	252	65536
199.3	433.6	2786	0	0	2401	1	41	33	304	65536
200.3	376.2	2401	0	0	2241	0	22	17	117	65536
201.3	336.6	2196	0	0	1888	1	42	33	226	65536
202.3	397.6	2377	0	0	2157	1	66	20	127	65536
203.3	377.8	2499	0	0	2195	1	40	34	224	65536
204.3	366.3	2571	0	0	2140	1	43	33	349	65536
205.3	339.0	1998	1	0	1797	1	59	17	118	65536
206.3	415.6	2058	1	0	1854	1	28	22	150	65536
207.3	312.4	2281	1	0	1824	1	47	76	291	65536
208.3	430.9	2744	1	0	2392	1	86	36	223	65536
209.3	353.9	2332	1	0	2050	1	43	36	197	65536
210.3	359.6	2259	1	0	1815	1	43	24	370	65536
211.3	398.1	2752	0	0	2330	1	50	44	321	65536
212.3	356.6	2246	0	0	1825	1	43	36	335	65536
213.3	394.6	2107	0	0	1673	1	42	33	353	65536
214.3	323.5	2281	0	0	1868	1	41	38	329	65536
215.3	310.4	2233	1	0	1875	1	54	61	235	65536
216.3	401.7	2387	0	0	2082	1	41	35	224	65536
217.3	380.7	2511	0	0	2002	1	218	37	247	65536
218.3	355.2	2633	2	0	2140	4	98	86	296	65536
219.3	343.2	2152	1	0	1786	1	46	43	269	65536
220.3	330.8	2199	0	0	1954	1	29	41	169	65536
221.3	355.9	1883	0	0	1516	1	30	26	306	65536
222.3	374.8	1601	1	0	832	2	88	82	588	65536
223.3	407.5	2085	1	0	1586	2	66	54	369	65536
224.3	361.2	2154	0	0	1843	1	42	32	231	65536
225.3	383.9	2290	1	0	1719	1	250	52	262	65536
226.3	378.4	2169	0	0	1769	1	62	52	278	65536
227.3	404.2	2559	1	0	2198	1	52	87	215	65536
228.3	406.7	2630	0	0	2290	1	53	57	223	65536
229.3	395.4	2538	1	0	2171	1	60	56	242	65536
230.3	414.8	1998	1	0	1723	0	39	43	188	65536
231.3	371.1	2234	0	0	1981	0	33	78	138	65536
232.3	352.2	2553	1	0	1988	1	50	96	414	65536
233.3	349.4	2034	0	0	1721	1	56	56	195	65536
234.3	383.5	2519	1	0	2208	0	33	96	176	65536
235.3	368.5	2837	0	0	2364	1	70	65	330	65536
236.3	386.7	2109	0	0	1769	0	85	25	225	65536
237.4	395.9	2360	0	0	2030	1	52	77	195	65536
238.4	313.5	2824	0	0	2513	0	31	80	196	65536
239.4	377.5	2378	1	0	1959	1	129	50	233	65536
240.4	370.6	2507	1	0	2248	1	43	38	171	65536
241.4	379.2	2275	1	0	2013	1	65	54	134	65536
242.4	357.5	2676	1	0	2018	1	66	83	503	65536
243.4	369.7	2575	0	0	2167	1	59	55	286	65536
244.4	359.8	2374	0	0	1966	1	51	42	309	65536
245.4	357.3	2267	0	0	1980	1	33	65	184	65536
246.4	393.1	2559	0	0	2196	1	57	70	228	65536
247.4	366.1	2388	0	0	2061	1	51	45	225	65536
248.4	356.7	2298	0	0	1958	1	56	54	223	65536
249.4	463.8	2882	0	0	2428	1	63	88	297	65536
250.4	370.4	2517	0	0	2144	1	63	53	251	65536
251.4	353.9	2189	0	0	1856	1	55	50	221	65536
252.4	282.0	3715	1	0	3043	1	54	104	506	65536
253.4	411.6	2803	1	0	2409	1	64	100	222	65536
254.4	495.4	2652	0	0	2305	1	53	57	232	65536
255.4	376.4	2332	0	0	2000	1	54	57	215	65536
256.4	355.1	1966	0	0	1742	0	30	65	125	65536
257.4	331.0	2607	0	0	1986	1	54	55	507	65536
258.4	318.9	2299	1	0	1927	1	60	50	255	65536
259.4	239.3	1410	2	0	1061	1	65	54	222	65536
260.4	377.3	2550	0	0	2186	1	53	90	215	65536
261.4	341.6	1958	0	0	1518	1	132	53	248	65536
262.4	324.4	2307	0	0	1908	1	126	44	222	65536
263.4	380.8	2093	0	0	1750	1	51	59	227	65536
264.4	395.0	2455	1	0	2059	1	58	79	252	65536
265.4	346.7	1964	0	0	1744	0	28	62	126	65536
266.4	325.8	2007	0	0	1667	1	56	50	225	65536
267.4	357.9	2514	1	0	2170	1	57	50	230	65536
268.4	337.2	2142	0	0	1817	1	52	53	214	65536
269.4	411.8	2839	0	0	2479	1	55	60	238	65536
270.4	397.2	2290	0	0	2047	0	32	28	178	65536
271.4	363.8	2496	1	0	2135	1	58	51	245	65536
272.4	355.2	2241	0	0	1890	1	55	48	241	65536
273.4	323.1	1873	0	0	1615	1	42	50	161	65536
274.4	416.5	2209	0	0	1989	0	31	41	143	65536
275.4	400.9	2509	0	0	2319	0	29	27	130	65536
276.4	392.0	2399	0	0	2138	0	39	48	170	65536
277.4	338.1	1982	1	0	1732	1	55	48	141	65536
278.4	376.1	2309	0	0	1978	1	53	55	218	65536
279.4	404.9	2552	1	0	2175	1	108	52	209	65536
280.4	382.3	2591	0	0	2249	1	54	48	234	65536
281.4	340.2	1935	0	0	1672	0	38	67	153	65536
282.4	379.3	2360	0	0	2021	0	29	62	243	65536
283.4	343.9	2241	0	0	1700	1	167	20	348	65536
284.4	339.5	2364	0	0	1734	1	39	32	546	65536
285.4	396.4	2860	1	0	2530	1	136	30	157	65536
286.4	768.5	2587	1	0	2267	1	48	35	229	65536
287.4	401.2	1970	0	0	1788	0	20	20	137	65536
288.4	366.0	2554	0	0	2274	1	35	34	206	65536
289.4	369.0	2547	0	0	2269	1	35	36	200	65536
290.4	362.0	2267	0	0	1866	1	41	32	322	65536
291.4	337.4	2856	0	0	1806	1	87	42	914	65536
292.4	367.3	2504	1	0	2207	1	39	36	214	65536
293.4	388.8	3011	2	0	2672	1	45	39	246	65536
294.4	376.2	2655	0	0	2031	1	39	36	541	65536
295.4	371.2	2335	0	0	2136	0	24	47	124	65536
296.4	385.5	2854	1	0	2446	1	40	48	313	65536
297.4	362.1	2330	0	0	2052	1	40	31	201	65536
298.4	368.8	2651	0	0	2378	1	31	35	200	65536
299.4	399.5	2476	0	0	2146	1	49	63	212	65536
300.4	351.5	1843	0	0	1621	0	30	53	134	65536
301.4	333.9	2037	0	0	1706	1	48	52	225	65536
302.4	312.8	2232	1	0	1890	1	49	63	224	65536
303.4	386.2	2620	1	0	2230	1	55	78	251	65536
304.4	326.4	2442	0	0	2122	1	51	47	216	65536
305.4	337.6	2098	0	0	1789	1	47	44	211	65536
306.4	347.7	2149	0	0	1822	1	49	56	216	65536
307.4	360.3	2067	1	0	1741	1	68	64	185	65536
308.4	429.1	2440	1	0	1988	1	129	48	266	65536
309.4	369.8	2556	0	0	2198	1	53	84	214	65536
310.4	406.1	2566	0	0	2220	1	51	63	227	65536
311.5	379.8	2651	0	0	2335	1	46	56	208	65536
312.5	337.3	2272	0	0	1939	1	55	48	223	65536
313.5	333.2	2332	0	0	1981	1	57	50	237	65536
314.5	376.9	2872	0	0	2396	1	53	61	355	65536
315.5	693.4	3146	0	0	2815	0	32	30	265	65536
316.5	622.0	2746	0	0	2381	1	56	60	243	65536
317.5	303.1	525	0	0	2	0	32	70	417	65536
318.5	265.2	529	0	0	278	0	30	55	163	65536
319.5	389.5	3717	0	0	2316	1	39	50	855	65536
320.5	334.5	3363	0	0	1860	1	47	67	740	65536
321.5	423.9	3698	0	0	2396	1	24	29	733	65536
322.5	329.1	3424	1	0	2246	1	23	29	555	65536
323.5	410.8	3255	0	0	2095	0	79	64	630	65536
324.5	402.2	3553	1	0	2394	1	23	29	642	65536
325.5	385.4	3309	0	0	1856	0	30	42	862	65536
326.5	355.8	3145	0	0	1779	1	46	38	680	65536
327.5	405.1	3624	0	0	1805	1	48	60	1237	65536
328.5	385.7	3288	0	0	1989	0	44	48	636	65536
329.5	373.1	2577	1	0	1656	1	30	37	378	65536
330.5	353.0	3503	1	0	1642	0	43	44	1188	65536
331.5	328.7	3102	0	0	1519	1	43	49	936	65536
332.5	349.9	3229	0	0	1851	1	23	28	832	65536
333.5	336.0	3191	0	0	1811	0	45	59	737	65536
334.5	359.5	3192	0	0	2002	1	42	47	597	65536
335.5	379.8	3025	0	0	1807	1	44	49	579	65536
336.5	401.5	3229	0	0	2038	1	29	33	541	65536
337.5	365.5	3727	0	0	1769	1	59	106	817	65536
338.5	373.8	3427	0	0	2231	1	26	34	531	65536
339.5	368.5	3098	1	0	1838	1	59	66	607	65536
340.5	378.2	3350	0	0	2069	1	38	48	658	65536
341.5	339.6	3089	0	0	1596	1	37	69	764	65536
342.5	436.4	3478	0	0	1977	1	38	48	793	65536
343.5	397.2	3396	0	0	2199	1	37	46	630	65536
344.5	367.0	4184	1	0	2321	1	163	34	1184	65536
345.5	397.3	3326	0	0	2074	1	50	63	559	65536
346.5	391.8	3722	0	0	2160	1	55	63	723	65536
347.5	397.6	3459	0	0	2227	1	28	31	644	65536
348.5	402.2	3888	41	0	2294	1	44	62	812	65536
349.5	349.5	3069	0	0	1846	1	43	49	641	65536
350.5	391.7	3759	0	0	2041	1	98	86	765	65536
351.5	352.8	3332	0	0	1860	46	45	217	604	65536
352.5	321.9	3526	0	0	1838	1	44	54	905	65536
353.5	342.0	3939	0	0	2105	1	162	114	845	65536
354.5	320.5	3957	0	0	1518	1	58	86	890	65536
355.5	398.2	3426	0	0	2147	1	43	48	637	65536
356.5	420.2	3196	0	0	1931	1	52	39	646	65536
357.5	399.8	2965	1	0	2073	1	29	35	317	65536
358.5	422.7	3727	0	0	2431	1	29	37	661	65536
359.5	351.7	3164	0	0	2006	1	54	40	324	65536
360.5	329.3	2830	0	0	1732	0	32	36	612	65536
361.5	355.2	3755	1	0	1776	1	58	65	1296	65536
362.5	391.9	3524	0	0	2302	1	54	61	679	65536
363.5	425.4	4429	0	0	2537	1	35	41	1214	65536
364.5	340.7	3171	0	0	2079	1	54	60	539	65536
365.5	329.5	3460	0	0	2132	1	55	62	754	65536
366.5	354.9	2968	0	0	1790	1	55	59	505	65536
367.5	349.5	3374	0	0	2162	1	30	36	620	65536
368.5	334.5	3210	0	0	1922	1	50	60	589	65536
369.5	414.1	3511	0	0	1933	0	54	61	880	65536
370.5	442.6	2748	0	0	1703	1	24	30	328	65536
371.5	392.8	3646	0	0	2073	1	45	51	938	65536
372.6	364.4	3882	5	0	1943	7	95	78	1113	65536
373.6	363.3	3403	0	0	1907	1	48	50	952	65536
374.6	361.3	4641	0	0	2151	0	26	35	1855	65536
375.6	358.7	4041	0	0	2543	0	41	48	877	65536
376.6	381.6	3297	1	0	2346	1	23	31	317	65536
377.6	395.3	3195	0	0	2044	1	23	26	631	65536
378.6	355.0	3935	0	0	2259	1	23	41	1043	65536
379.6	359.1	2742	1	0	1711	1	24	31	303	65536
380.6	356.4	3388	0	0	1923	1	31	36	803	65536
381.6	409.8	3070	0	0	2017	1	26	30	435	65536
382.6	384.2	3186	0	0	1906	0	26	30	653	65536
383.6	402.6	3457	0	0	2226	1	26	31	700	65536
384.6	349.7	3504	0	0	2055	1	24	37	778	65536
385.6	409.0	3273	0	0	2121	1	43	49	560	65536
386.6	382.2	3460	0	0	2103	1	42	49	723	65536
387.6	413.1	3532	0	0	2295	1	27	36	680	65536
388.6	361.7	3351	0	0	1999	1	54	60	636	65536
389.6	376.1	3303	0	0	2035	1	38	52	666	65536
390.6	386.8	3426	0	0	2165	1	38	41	653	65536
391.6	395.8	3735	0	0	2131	1	38	32	882	65536
392.6	404.9	3036	0	0	1758	1	38	42	647	65536
393.6	401.1	3465	1	0	2229	1	24	31	825	65536
394.6	384.8	3085	0	0	1964	1	53	62	543	65536
395.6	411.9	3178	0	0	1786	1	34	42	691	65536
396.6	370.3	4718	2	0	1953	1	77	102	920	65536
397.6	361.5	3834	0	0	1841	1	38	46	1131	65536
398.6	356.4	2786	0	0	1749	0	19	27	591	65536
399.6	387.0	2936	0	0	1627	1	38	50	555	65536
400.6	393.0	3870	1	0	2472	1	42	51	706	65536
401.6	317.3	3130	0	0	1660	1	36	43	615	65536
402.6	428.0	3344	0	0	2108	1	54	62	602	65536
403.6	374.4	3120	0	0	1802	1	39	48	660	65536
404.6	408.3	3942	0	0	2682	1	23	30	614	65536
405.6	363.1	3660	1	0	1712	1	115	78	1040	65536
406.6	409.9	3464	1	0	2259	1	39	39	621	65536
407.6	358.1	3191	1	0	2012	1	40	54	581	65536
408.6	326.5	3960	0	0	1818	1	214	165	1243	65536
409.6	401.4	4489	1	0	2076	0	67	60	1314	65536
410.6	389.4	3536	0	0	2235	0	20	29	727	65536
411.6	354.5	3085	0	0	1913	1	39	47	587	65536
412.6	347.1	3001	0	0	1802	1	42	61	555	65536
413.6	371.3	3695	0	0	2315	0	22	29	771	65536
414.6	364.8	3740	1	0	1777	1	23	38	1077	65536
415.6	325.0	1068	2	0	92	1	77	76	815	65536
416.6	328.8	728	0	0	2	0	34	38	340	65536
417.6	372.0	979	0	0	158	1	26	35	149	65536
418.6	358.2	882	0	0	169	1	20	29	279	65536
419.6	418.4	3039	0	0	2377	0	27	34	337	65536
420.6	408.3	3215	0	0	2579	1	40	52	265	65536
421.7	285.3	2070	1	0	1300	0	22	28	394	65536
422.7	359.3	3170	0	0	2451	0	54	64	253	65536
423.7	350.0	3026	1	0	2037	1	56	62	489	65536
424.7	346.3	2955	0	0	2219	1	36	42	328	65536
425.7	330.1	2965	3	0	1804	1	36	56	600	65536
426.7	397.5	2913	1	0	2014	1	29	38	259	65536
427.7	369.6	3010	1	0	2175	1	60	75	295	65536
428.7	365.7	2957	0	0	2113	1	53	64	382	65536
429.7	399.4	2992	0	0	2210	1	50	61	260	65536
430.7	348.7	2747	1	0	2089	1	32	49	254	65536
431.7	331.8	2711	1	0	1876	1	39	49	306	65536
432.7	339.6	2760	0	0	2112	0	25	31	231	65536
433.7	417.6	3214	0	0	2484	1	28	36	249	65536
434.7	395.6	3202	0	0	2268	1	38	47	392	65536
435.7	320.2	3066	0	0	2434	1	21	27	210	65536
436.7	333.5	3052	1	0	2104	1	42	55	370	65536
437.7	319.3	2882	2	0	1565	5	87	77	1134	65536
438.7	450.6	2626	1	0	2314	1	39	41	224	65536
439.7	349.0	2241	0	0	1931	1	42	36	226	65536
440.7	342.6	2913	0	0	2608	1	36	46	217	65536
441.7	385.8	2318	0	0	2019	1	44	36	213	65536
442.7	309.9	2113	1	0	1807	1	43	57	197	65536
443.7	356.0	2562	0	0	2251	1	36	41	228	65536
444.7	343.1	2005	0	0	1794	0	21	19	166	65536
445.7	355.6	2471	0	0	2167	0	31	44	224	65536
446.7	401.8	2820	0	0	2495	1	40	75	203	65536
447.7	310.4	1907	1	0	1560	0	40	45	257	65536
448.7	342.3	2176	0	0	1969	0	29	26	147	65536
449.7	377.0	2541	0	0	2354	0	28	25	131	65536
450.7	348.1	2468	0	0	2141	1	55	46	220	65536
451.7	324.7	2104	1	0	1809	1	124	29	134	65536
452.7	361.1	2166	0	0	1941	0	75	25	122	65536
453.7	401.5	2505	0	0	2235	0	30	32	203	65536
454.7	398.7	2939	1	0	2611	1	55	47	220	65536
455.7	344.8	2227	0	0	1785	1	44	52	339	65536
456.7	344.3	2540	0	0	2098	1	53	53	330	65536
457.7	350.9	2413	2	0	1857	2	103	90	349	65536
458.7	374.2	2660	2	0	2221	4	134	49	241	65536
459.7	435.5	2502	0	0	2244	0	30	32	193	65536
460.7	346.6	2050	0	0	1580	1	59	55	348	65536
461.7	378.0	2196	1	0	1804	1	66	58	259	65536
462.7	368.1	2817	0	0	2469	1	52	76	214	65536
463.7	334.1	2288	1	0	2001	1	36	37	209	65536
464.7	344.1	2303	0	0	2024	1	89	31	153	65536
465.7	336.0	2344	0	0	1975	1	54	56	253	65536
466.7	387.2	2318	0	0	1957	1	55	51	249	65536
467.7	375.5	2508	0	0	1914	1	84	90	414	65536
468.7	393.0	3062	2	0	2620	2	74	77	279	65536
469.7	313.8	2463	0	0	2088	1	55	68	245	65536
470.7	341.4	2243	0	0	2013	0	24	21	180	65536
471.7	347.9	2516	1	0	2105	2	48	54	299	65536
472.7	314.3	1984	1	0	1660	1	45	31	241	65536
473.7	347.3	2282	0	0	1940	1	43	33	259	65536
474.7	325.6	2643	0	0	2261	1	91	36	248	65536
475.7	387.9	2654	0	0	2326	1	47	40	235	65536
476.7	423.3	1856	1	0	1661	0	26	25	140	65536
477.7	392.8	2747	0	0	2417	1	83	32	209	65536
478.7	456.8	2415	0	0	2196	1	27	54	133	65536
479.7	425.7	2313	0	0	2028	1	41	33	205	65536
480.7	329.3	2115	0	0	1778	0	29	33	271	65536
481.7	399.8	2740	1	0	2337	1	43	122	230	65536
482.7	389.2	2660	0	0	2376	1	41	32	205	65536
483.7	349.5	2167	1	0	1834	1	43	35	248	65536
484.7	401.5	2464	0	0	2155	1	42	36	225	65536
485.7	381.0	2936	1	0	2573	1	95	35	226	65536
486.7	337.8	2522	0	0	2232	1	42	32	211	65536
487.7	391.2	2192	0	0	1854	1	48	55	228	65536
488.7	389.5	2534	0	0	2167	1	54	77	230	65536
489.7	419.4	2680	0	0	2385	1	38	36	214	65536
490.7	331.7	2743	0	0	2286	1	42	68	339	65536
491.7	375.9	2427	2	0	1747	2	144	79	449	65536
492.8	337.2	2350	0	0	1758	1	39	36	510	65536
493.8	397.6	2576	0	0	2272	1	38	34	226	65536
494.8	331.9	2200	0	0	1880	1	48	56	210	65536
495.8	363.7	2383	0	0	2026	1	54	68	230	65536
496.8	375.4	3645	4	0	2258	5	129	68	1166	65536
497.8	286.0	1849	1	0	1460	1	52	42	286	65536
498.8	357.9	1576	1	0	1248	1	44	43	234	65536
499.8	406.0	1770	1	0	1573	0	23	34	135	65536
500.8	383.9	1516	1	0	1329	0	24	32	126	65536
501.8	345.6	1644	1	0	1332	1	43	38	224	65536
502.8	341.9	1534	1	0	1256	1	42	33	195	65536
503.8	350.3	1889	1	0	1480	1	39	32	329	65536
504.8	419.1	1530	1	0	1177	1	30	25	291	65536
505.8	420.8	1963	1	0	1659	1	114	28	153	65536
506.8	357.4	1709	1	0	1391	1	50	48	212	65536
507.8	404.2	1712	1	0	1388	1	49	51	215	65536
508.8	415.7	1864	1	0	1538	0	27	55	238	65536
509.8	527.1	2181	1	0	1790	1	43	63	278	65536
510.8	389.4	1364	1	0	1157	1	32	31	139	65536
511.8	433.4	1705	0	0	1296	1	29	62	312	65536
512.8	430.5	2107	1	0	1765	1	48	75	211	65536
513.8	618.4	1963	1	0	1566	1	53	51	286	65536
514.8	400.6	1783	1	0	1448	1	50	47	231	65536
515.8	386.9	1081	0	0	851	1	28	63	134	65536
516.8	364.5	1218	1	0	1019	0	22	22	149	65536
517.8	322.0	1398	1	0	1006	1	46	109	229	65536
518.8	440.3	2334	1	0	2044	1	28	44	212	65536
519.8	408.9	2068	0	0	1791	0	23	18	230	65536
520.8	332.9	1074	1	0	742	1	47	40	234	65536
521.8	381.2	1776	0	0	1243	2	56	51	417	65536
522.8	412.5	2080	2	0	1715	1	31	38	286	65536
523.8	326.6	1619	1	0	1312	1	44	36	219	65536
524.8	371.3	1735	1	0	1335	1	42	32	317	65536
525.8	482.8	2613	0	0	1969	1	44	37	557	65536
526.8	419.5	2239	1	0	1930	1	43	38	219	65536
527.8	356.6	1610	0	0	1382	0	59	20	143	65536
528.8	306.6	1473	1	0	1185	1	43	36	201	65536
529.8	367.3	1700	1	0	1358	1	42	34	258	65536
530.8	449.6	1583	0	0	1349	0	23	19	187	65536
531.8	391.0	2035	0	0	1792	0	23	19	195	65536
532.8	429.9	2117	1	0	1725	1	93	41	251	65536
533.8	432.3	1549	1	0	1216	1	45	39	241	65536
534.8	394.1	1860	0	0	1528	1	46	40	236	65536
535.8	332.2	1187	0	0	793	0	24	31	334	65536
536.8	386.3	1684	1	0	1384	1	40	34	218	65536
537.8	346.5	1868	1	0	1403	1	55	57	345	65536
538.8	416.0	2441	1	0	2069	1	54	84	224	65536
539.8	317.8	1475	1	0	1141	1	54	53	219	65536
540.8	304.8	1219	1	0	774	1	59	54	324	65536
541.8	402.0	2302	1	0	1861	1	134	49	249	65536
542.8	266.2	1132	0	0	211	2	52	49	812	65536
543.8	364.5	1865	0	0	1619	0	35	58	149	65536
544.8	413.9	2239	1	0	1880	1	57	60	236	65536
545.8	486.6	3018	0	0	1799	3	115	76	1019	65536
546.8	218.3	1137	1	0	8	2	106	92	922	65536
547.8	258.5	862	0	0	471	1	54	55	277	65536
548.8	322.9	1667	0	0	9	3	128	126	1393	65536
549.8	339.3	1307	1	0	664	1	90	93	451	65536
550.8	266.4	685	0	0	4	2	74	58	543	65536
551.8	121.9	4558	2	0	26	9	431	348	3724	65536
552.9	84.2	3969	3	0	25	9	262	302	3352	65536
553.9	135.2	2311	1	0	14	4	129	164	1990	65536
554.9	38.5	3596	2	0	22	7	231	280	3039	65536
555.9	313.9	3042	0	0	2169	1	32	55	780	65536
556.9	413.0	1975	0	0	1650	1	53	47	217	65536
557.9	73.0	3586	3	0	23	8	356	290	2891	65536
558.9	294.4	1465	0	0	945	1	81	75	355	65536
559.9	421.4	1879	0	0	1410	1	83	67	313	65536
560.9	415.2	1496	0	0	1033	1	68	59	329	65536
561.9	412.1	1190	0	0	771	1	64	63	286	65536
562.9	412.8	1885	0	0	1195	1	59	71	552	65536
563.9	418.3	4028	1	0	3501	1	97	80	343	65536
564.9	405.8	1227	0	0	823	1	60	57	281	65536
565.9	367.9	1495	3	0	339	6	184	140	809	65536
566.9	392.9	1914	0	0	1474	1	45	53	335	65536
567.9	486.1	1518	0	0	1057	1	57	63	333	65536
568.9	440.8	1509	1	0	1088	1	66	62	285	65536
569.9	395.5	1402	1	0	716	1	63	60	555	65536
570.9	372.0	1786	0	0	1376	1	60	56	287	65536
571.9	220.4	1408	0	0	809	1	64	70	457	65536
572.9	416.0	2363	1	0	1784	2	93	90	386	65536
573.9	292.3	2802	0	0	2316	2	63	61	354	65536
574.9	313.4	2623	0	0	2188	1	77	66	282	65536
575.9	516.4	2224	2	0	1776	1	67	53	319	65536
576.9	423.9	2150	0	0	1700	1	69	65	309	65536
577.9	402.3	1960	0	0	1564	1	58	58	273	65536
578.9	444.4	1517	1	0	95	3	149	124	1135	65536
579.9	223.3	2239	1	0	8	3	152	152	1914	65536
580.9	302.0	3126	1	0	12	4	133	137	2830	65536
581.9	195.5	2835	2	0	17	5	161	176	2462	65536
582.9	170.9	5303	2	0	18	5	206	260	4796	65536
583.9	209.3	3065	2	0	16	5	191	238	2599	65536
584.9	267.0	3244	1	0	17	5	159	308	2743	65536
585.9	386.6	2452	0	0	1954	1	23	26	445	65536
586.9	413.0	2355	0	0	1999	1	52	51	244	65536
587.9	410.0	2680	0	0	2297	1	53	84	238	65536
588.9	390.0	2536	0	0	2166	1	51	124	188	65536
589.9	347.0	2282	1	0	1918	1	59	61	235	65536
590.9	344.0	2470	0	0	2000	1	56	56	350	65536
591.9	401.1	2633	0	0	2188	0	128	56	256	65536
593.0	355.4	2198	0	0	1885	1	47	48	212	65536
594.0	407.7	2465	0	0	2157	1	49	48	202	65536
595.0	409.9	2389	0	0	2202	1	28	27	127	65536
596.0	406.4	2808	0	0	2421	1	53	73	254	65536
597.0	292.6	2368	1	0	1894	1	71	61	334	65536
598.0	346.0	2344	0	0	2081	1	36	39	183	65536
599.0	477.7	2865	1	0	2387	1	57	100	314	65536
600.0	363.9	2378	0	0	2044	1	49	60	219	65536
601.0	393.6	2152	0	0	1829	1	48	43	227	65536
602.0	345.8	2802	1	0	2260	1	66	123	345	65536
603.0	343.8	2497	0	0	2267	1	30	55	141	65536
604.0	412.7	2437	0	0	2217	0	27	27	162	65536
605.0	388.8	2732	0	0	2344	1	63	76	243	65536
606.0	363.2	2129	0	0	1957	0	25	26	116	65536
607.0	440.4	2557	0	0	2226	1	45	62	220	65536
608.0	364.8	2264	0	0	1885	1	49	52	272	65536
609.0	418.0	2493	0	0	2155	1	45	93	194	65536
610.0	408.2	2589	0	0	2202	0	28	29	325	65536
611.0	426.2	2771	0	0	2426	1	49	72	219	65536
612.0	379.9	2258	0	0	1889	2	60	54	247	65536
613.0	363.6	2184	0	0	1865	1	51	47	214	65536
614.0	344.4	2285	0	0	1877	1	47	64	291	65536
615.0	372.6	2614	0	0	2210	1	129	47	221	65536
616.0	364.4	2120	0	0	1939	0	27	24	126	65536
617.0	380.4	2492	0	0	2158	1	50	59	219	65536
618.0	374.5	2112	0	0	1888	0	28	30	162	65536
619.0	410.7	2254	0	0	1912	1	45	44	246	65536
620.0	424.8	2592	0	0	2415	0	27	25	122	65536
621.0	392.9	2309	0	0	2115	0	25	25	140	65536
622.0	431.4	2857	0	0	2481	1	53	54	261	65536
623.0	356.1	2264	0	0	2074	0	26	31	128	65536
624.0	280.6	1971	0	0	1741	1	28	67	128	65536
625.0	412.0	2898	0	0	2500	1	53	89	249	65536
626.0	377.6	2444	1	0	2122	1	47	58	211	65536
627.0	383.9	2358	0	0	1848	1	48	183	208	65536
628.0	413.4	2621	0	0	2322	1	46	42	205	65536
629.0	336.3	2212	0	0	1884	0	30	72	221	65536
630.0	421.7	2611	0	0	2415	1	28	31	133	65536
631.0	353.1	2321	0	0	2006	1	48	49	211	65536
632.0	363.6	2344	0	0	2007	0	27	37	270	65536
633.0	382.6	2418	0	0	2113	1	47	47	206	65536
634.0	348.2	2549	0	0	2207	1	46	81	209	65536
635.0	445.9	2660	0	0	2315	1	50	70	218	65536
636.0	395.0	2436	0	0	2122	1	48	50	210	65536
637.0	350.1	2185	0	0	1898	1	45	56	181	65536
638.0	407.6	2580	0	0	2240	0	27	32	277	65536
639.0	391.7	2570	0	0	2243	1	45	73	203	65536
640.0	410.1	2531	0	0	2216	1	45	77	187	65536
641.0	359.3	2690	0	0	2179	1	57	73	374	65536
642.0	382.3	2341	0	0	2094	0	31	64	148	65536
643.0	361.7	2312	0	0	1984	1	45	76	202	65536
644.0	412.3	2525	0	0	2220	1	46	87	164	65536
645.0	391.6	2589	0	0	2240	1	48	75	221	65536
646.0	332.7	2214	1	0	1865	1	52	52	238	65536
647.0	403.3	2369	0	0	2192	0	25	27	121	65536
648.0	396.4	2540	0	0	2211	1	49	62	212	65536
649.0	346.7	2306	0	0	1981	1	46	56	217	65536
650.0	428.4	2386	0	0	2014	1	59	54	251	65536
651.0	399.9	2302	0	0	1965	1	39	27	265	65536
652.0	362.0	2372	0	0	2167	0	22	18	160	65536
653.1	352.6	2195	0	0	1969	0	25	21	175	65536
654.1	399.6	2160	0	0	1943	1	24	19	169	65536
655.1	409.9	1953	0	0	1762	0	24	20	143	65536
656.1	437.4	2736	0	0	2531	1	52	20	129	65536
657.1	305.9	2572	0	0	2289	1	40	31	206	65536
658.1	322.8	2264	0	0	1847	1	42	32	337	65536
659.1	369.6	2875	0	0	2250	1	44	73	503	65536
660.1	380.4	2489	1	0	1955	1	50	39	437	65536
661.1	438.3	2712	0	0	2481	0	21	16	190	65536
662.1	346.4	2451	0	0	1951	1	83	34	375	65536
663.1	413.3	2371	0	0	1971	1	39	31	324	65536
664.1	413.1	2571	0	0	2286	1	40	34	205	65536
665.1	343.1	2584	0	0	1920	0	25	23	611	65536
666.1	344.0	2257	0	0	1916	0	48	50	239	65536
667.1	353.5	2402	0	0	1954	1	42	33	367	65536
668.1	400.7	2497	0	0	2185	1	39	119	148	65536
669.1	375.0	2524	0	0	2220	1	40	31	227	65536
670.1	349.3	2489	0	0	2222	1	39	33	188	65536
671.1	411.3	2318	0	0	1986	1	38	29	259	65536
672.1	429.7	2737	1	0	2431	1	49	38	211	65536
673.1	357.0	2939	0	0	2482	1	49	52	350	65536
674.1	352.8	2710	2	0	2219	2	53	74	354	65536
675.1	343.0	2533	0	0	2338	0	24	17	150	65536
676.1	422.9	2707	0	0	2264	1	44	37	355	65536
677.1	271.4	3916	0	0	3502	1	44	38	326	65536
678.1	368.5	3241	1	0	2898	1	48	48	240	65536
679.1	414.9	2076	0	0	1914	0	23	18	118	65536
680.1	398.0	2586	0	0	2192	1	42	36	309	65536
681.1	375.7	3222	0	0	2757	1	72	68	317	65536
682.1	352.9	2222	0	0	1945	1	40	29	202	65536
683.1	361.9	2305	0	0	1914	1	45	43	295	65536
684.1	425.4	2373	0	0	2079	1	27	20	239	65536
685.1	377.5	2401	0	0	2117	1	40	37	202	65536
686.1	364.0	2091	0	0	1920	0	22	16	129	65536
687.1	377.2	2642	0	0	2284	1	87	35	230	65536
688.1	360.5	2395	0	0	1998	1	88	35	267	65536
689.1	393.2	2238	0	0	1908	1	40	28	256	65536
690.1	381.6	2554	0	0	2267	1	39	39	203	65536
691.1	271.6	2108	0	0	1944	0	22	23	115	65536
692.1	387.4	2250	0	0	2002	1	85	26	130	65536
693.1	403.0	2595	0	0	2317	1	39	30	203	65536
694.1	349.9	2529	1	0	2062	1	46	46	366	65536
695.1	317.8	2273	0	0	1924	1	40	39	264	65536
696.1	395.3	2459	0	0	2108	1	89	36	219	65536
697.1	419.2	2717	0	0	2420	1	41	33	218	65536
698.1	227.1	3555	1	0	3211	1	44	36	258	65536
699.1	410.8	2455	0	0	2246	0	25	36	143	65536
700.1	388.9	2458	0	0	2184	1	39	29	200	65536
701.1	387.2	2451	0	0	2216	0	26	20	185	65536
702.1	380.3	2362	0	0	2023	1	40	38	255	65536
703.1	396.1	2211	0	0	1916	1	38	26	226	65536
704.1	378.0	2343	0	0	1950	1	40	185	162	65536
705.1	397.6	2524	0	0	2230	1	42	33	212	65536
706.1	433.3	2854	0	0	2511	1	40	32	264	65536
707.1	368.4	2133	0	0	1932	0	26	24	147	65536
708.1	435.4	2775	0	0	2480	1	39	34	215	65536
709.1	364.1	2322	0	0	1988	1	40	35	254	65536
710.1	363.5	2338	0	0	1948	1	34	29	322	65536
711.1	395.7	2907	0	0	2588	1	48	71	193	65536
712.1	333.7	2729	0	0	2507	0	54	22	141	65536
713.1	438.3	2383	0	0	2071	1	23	23	261	65536
714.1	394.1	2244	0	0	1932	1	31	20	255	65536
715.1	422.4	2618	0	0	2284	1	35	90	203	65536
716.1	430.1	2750	0	0	2462	1	36	37	210	65536
717.1	355.4	2620	0	0	2308	1	43	39	223	65536
718.2	415.9	2359	0	0	1991	1	42	31	289	65536
719.2	404.5	2641	0	0	2264	1	39	106	221	65536
720.2	414.8	2616	0	0	2338	1	39	35	197	65536
721.2	370.1	2186	0	0	1912	1	39	30	199	65536
722.2	365.8	2258	0	0	1946	1	40	29	237	65536
723.2	415.0	2194	0	0	1948	0	20	15	207	65536
724.2	422.6	2876	0	0	2461	1	40	35	334	65536
725.2	426.9	2777	0	0	2488	1	39	31	212	65536
726.2	327.4	2175	0	0	1854	1	42	42	231	65536
727.2	418.5	2626	0	0	2294	1	46	77	204	65536
728.2	401.2	2502	0	0	2190	1	50	51	205	65536
729.2	376.9	2513	0	0	2095	1	124	50	237	65536
730.2	387.0	2578	0	0	2191	1	52	50	280	65536
731.2	323.2	2178	0	0	1896	0	28	24	227	65536
732.2	426.5	2613	0	0	2375	0	30	28	175	65536
733.2	391.4	2632	0	0	2299	1	53	55	218	65536
734.2	369.3	2287	0	0	2108	0	26	33	115	65536
735.2	387.7	2598	0	0	2149	1	51	47	345	65536
736.2	441.6	2674	0	0	2462	1	29	30	147	65536
737.2	382.5	2594	0	0	2217	1	61	49	261	65536
738.2	347.0	2548	0	0	2026	1	53	48	414	65536
739.2	406.1	2565	1	0	2190	1	68	52	248	65536
740.2	354.2	2766	0	0	2174	1	123	47	416	65536
741.2	380.7	2695	0	0	2319	1	44	44	281	65536
742.2	410.9	2567	0	0	2238	1	49	66	207	65536
743.2	412.0	2547	0	0	2245	1	49	69	178	65536
744.2	352.8	2305	0	0	2000	1	50	42	207	65536
745.2	308.2	2030	0	0	1726	1	52	52	194	65536
746.2	345.6	2317	0	0	1993	1	53	47	217	65536
747.2	415.4	2663	0	0	2362	1	56	85	153	65536
748.2	364.4	2485	0	0	2207	1	35	57	179	65536
749.2	359.6	2757	1	0	2339	1	69	57	284	65536
750.2	389.9	2591	0	0	2266	1	50	62	207	65536
751.2	418.6	2629	0	0	2272	1	50	81	219	65536
752.2	360.3	2242	0	0	2013	0	78	24	122	65536
753.2	409.2	2839	0	0	2410	1	52	48	323	65536
754.2	400.1	2460	0	0	2233	1	31	26	165	65536
755.2	387.0	2478	0	0	2124	0	32	67	252	65536
756.2	379.3	2670	0	0	2312	1	56	51	245	65536
757.2	367.4	2282	1	0	1907	2	66	62	238	65536
758.2	363.7	2292	0	0	2089	0	29	34	136	65536
759.2	369.6	2264	0	0	1932	1	34	30	263	65536
760.2	412.4	2302	0	0	2114	1	26	21	134	65536
761.2	405.4	2279	0	0	1958	1	35	31	249	65536
762.2	435.4	2628	0	0	2425	1	23	36	140	65536
763.2	366.5	2178	0	0	1975	0	22	21	157	65536
764.2	344.6	2168	0	0	1924	0	18	16	206	65536
765.2	406.9	2492	0	0	2216	1	35	35	200	65536
766.2	372.7	2361	0	0	2037	1	85	32	201	65536
767.2	401.9	3104	0	0	2795	0	22	32	250	65536
768.2	372.2	2384	0	0	2140	0	28	78	134	65536
769.2	362.1	2332	0	0	2104	1	31	56	135	65536
770.2	330.7	2397	0	0	1850	1	254	49	237	65536
771.2	413.1	2587	0	0	2252	1	45	79	205	65536
772.2	404.1	2545	0	0	2218	0	43	59	221	65536
773.2	360.8	2431	1	0	1984	1	60	62	317	65536
774.2	415.0	2660	0	0	2338	0	30	100	188	65536
775.2	402.8	2715	0	0	2461	0	27	29	193	65536
776.2	360.4	2343	0	0	2029	1	46	56	207	65536
777.2	368.0	2179	0	0	1873	1	51	43	207	65536
778.2	349.3	2068	0	0	1907	0	18	16	123	65536
779.2	366.7	2289	0	0	1928	1	34	32	288	65536
780.2	390.9	2562	0	0	2218	1	34	109	194	65536
781.2	378.1	2545	0	0	2256	0	22	40	222	65536
782.2	384.7	2347	0	0	2070	1	35	38	198	65536
783.2	329.8	1885	0	0	1552	1	48	64	216	65536
784.2	426.4	2546	0	0	2219	1	50	78	193	65536
785.3	389.8	2507	0	0	2244	1	35	115	107	65536
786.3	360.8	2302	0	0	2027	1	34	41	194	65536
787.3	414.2	2165	0	0	1840	1	35	34	250	65536
788.3	367.1	2571	0	0	2209	1	48	41	268	65536
789.3	322.7	2375	0	0	2091	1	36	38	205	65536
790.3	446.2	2107	0	0	1942	0	25	22	114	65536
791.3	423.8	2548	0	0	2235	1	50	79	176	65536
792.3	399.1	2251	0	0	1952	0	27	36	231	65536
793.3	371.9	2352	0	0	1891	1	41	32	382	65536
794.3	342.4	2269	0	0	1920	1	39	31	273	65536
795.3	398.2	2309	0	0	2154	0	21	18	112	65536
796.3	406.6	2326	0	0	2084	0	21	19	198	65536
797.3	371.2	2211	0	0	2042	0	24	18	124	65536
798.3	440.7	2504	0	0	2221	1	39	35	203	65536
799.3	320.9	2479	0	0	2126	1	40	33	275	65536
800.3	410.4	2101	0	0	1939	0	22	17	119	65536
801.3	363.3	2419	0	0	2079	1	54	49	231	65536
802.3	434.9	2522	0	0	2183	1	50	54	230	65536
803.3	395.1	2664	1	0	2235	1	56	57	309	65536
804.3	352.4	2339	0	0	2023	1	50	51	208	65536
805.3	402.9	2424	0	0	2092	1	55	47	222	65536
806.3	388.4	2213	0	0	1887	1	49	56	216	65536
807.3	426.3	2762	0	0	2397	1	50	85	224	65536
808.3	400.9	2412	0	0	2208	0	27	24	150	65536
809.3	410.0	2655	0	0	2306	1	51	81	210	65536
810.3	355.9	2673	0	0	1946	1	75	104	542	65536
811.3	359.4	2210	0	0	1899	1	50	48	206	65536
812.3	359.5	2076	0	0	1912	0	22	16	123	65536
813.3	371.9	2294	0	0	2009	1	39	31	209	65536
814.3	344.3	1947	0	0	1596	1	36	34	276	65536
815.3	388.9	2217	0	0	1865	1	24	23	299	65536
816.3	404.0	2420	0	0	2256	0	18	32	111	65536
817.3	342.9	2112	0	0	1942	0	19	17	131	65536
818.3	389.6	2319	0	0	1969	1	39	43	260	65536
819.3	436.2	2963	0	0	2684	1	35	40	197	65536
820.3	311.9	2363	0	0	2176	1	26	20	137	65536
821.3	338.5	2046	0	0	1865	0	20	21	136	65536
822.3	364.2	2334	0	0	2058	1	37	31	203	65536
823.3	353.3	2429	0	0	2142	1	34	35	211	65536
824.3	354.4	2362	0	0	2159	0	23	21	155	65536
825.3	359.6	2026	0	0	1818	0	29	21	153	65536
826.3	331.5	2790	0	0	2469	1	38	36	240	65536
827.3	370.2	2484	0	0	1963	1	52	41	420	65536
828.3	409.1	2517	0	0	2228	0	26	25	234	65536
829.3	463.2	2685	0	0	2357	1	53	49	219	65536
830.3	352.4	2317	0	0	1980	1	50	61	221	65536
831.3	375.8	2602	1	0	1994	1	67	87	446	65536
832.3	372.4	2276	0	0	1915	1	64	66	224	65536
