==== 钢铁前线 性能日志 =====
版本: 0.1.0 | 启动: 2026-08-17 20:27:13 | GPU: NVIDIA GeForce RTX 5060 Laptop GPU | CPU: AMD 32线程 | 窗口: 2560x1600
----------------------------------
时间(s)	fps	frame_us	cull	terrain	wait	acquire	record	submit	present	near
1.0	399.2	2131	0	0	1782	1	40	42	261	65536
2.0	367.8	1898	0	0	1676	1	30	33	154	65536
3.0	305.4	1527	0	0	1121	1	47	39	313	65536
4.0	387.2	1231	0	0	1041	0	23	21	142	65536
5.0	393.4	2934	0	0	2289	1	71	52	514	65536
6.0	285.0	1587	0	0	1244	1	40	34	263	65536
7.0	367.0	1805	0	0	1530	1	23	21	225	65536
8.0	433.8	2217	0	0	1919	1	27	34	231	65536
9.0	333.8	1449	0	0	1096	1	39	39	268	65536
10.0	360.6	1319	0	0	1110	0	20	23	161	65536
11.0	315.6	562	0	0	383	0	21	20	134	65536
12.0	395.3	1608	0	0	1275	1	38	37	251	65536
13.0	334.7	1294	0	0	915	1	41	60	270	65536
14.0	338.9	1063	0	0	852	1	34	25	144	65536
15.0	354.6	1237	0	0	1010	1	26	29	167	65536
16.0	393.4	1277	0	0	917	1	39	41	273	65536
----------------------------------
汇总: 运行 17.0s, 帧数 6335, 平均 fps 381.5, 最低 26.2, 最高 1885.0
