==== 钢铁前线 性能日志 =====
版本: 0.1.0 | 启动: 2026-08-17 19:09:10 | GPU: NVIDIA GeForce RTX 5060 Laptop GPU | CPU: AMD 32线程 | 窗口: 2560x1600
----------------------------------
时间(s)	fps	frame_us	cull	terrain	wait	acquire	record	submit	present	near
1.0	409.7	2700	0	0	2436	1	37	37	184	65536
2.0	332.8	2056	0	0	1750	1	47	44	209	65536
3.0	322.6	2272	0	0	1898	1	42	35	290	65536
4.0	401.5	2502	0	0	2105	1	41	114	236	65536
5.0	363.2	2005	0	0	1714	1	38	37	210	65536
6.0	332.0	2079	0	0	1774	1	36	28	235	65536
7.0	385.5	2467	0	0	2146	1	37	35	243	65536
8.0	352.6	2263	0	0	1957	1	35	28	237	65536
9.0	360.2	2208	0	0	1895	1	36	27	243	65536
10.0	369.1	2029	0	0	1708	1	40	71	204	65536
11.0	386.4	2290	0	0	2099	0	21	17	148	65536
12.0	389.5	2178	0	0	1818	1	48	69	236	65536
13.0	331.4	2476	1	0	2096	1	51	44	278	65536
14.0	371.7	2489	1	0	2075	1	53	85	267	65536
15.0	351.4	1861	0	0	1646	0	26	27	158	65536
16.0	360.1	2525	1	0	1835	1	56	66	560	65536
17.0	325.9	2233	0	0	1870	1	48	56	252	65536
18.0	373.4	2022	0	0	1787	0	25	22	183	65536
19.0	387.2	2819	0	0	2303	1	53	94	363	65536
20.0	404.6	2370	0	0	2025	1	48	50	240	65536
21.0	348.0	2093	0	0	1881	0	30	42	135	65536
22.0	428.7	2734	1	0	2412	1	53	48	215	65536
23.0	392.6	2343	0	0	2023	1	53	46	215	65536
24.0	380.7	2577	1	0	2244	1	59	47	219	65536
25.0	372.4	2141	1	0	1822	1	58	49	207	65536
26.0	377.8	2563	1	0	2084	1	51	59	362	65536
27.0	400.8	2888	0	0	2456	1	34	34	358	65536
28.0	385.4	2675	1	0	2107	1	178	31	351	65536
29.0	301.4	2155	0	0	1689	1	57	47	356	65536
30.0	373.7	2100	0	0	1833	1	39	45	179	65536
31.0	419.7	2542	1	0	2128	1	63	72	271	65536
32.1	356.9	2288	0	0	1735	1	44	55	448	65536
33.1	356.6	2521	0	0	2330	0	22	32	133	65536
34.1	311.1	2327	0	0	1896	1	57	64	303	65536
35.1	378.7	2743	2	0	2230	5	117	102	275	65536
36.1	301.1	2200	0	0	1844	1	50	67	233	65536
37.1	335.2	2544	3	0	1907	2	60	74	487	65536
38.1	368.5	2261	1	0	1856	1	52	71	275	65536
39.1	366.4	2181	0	0	1859	1	48	52	217	65536
40.1	357.7	2206	0	0	1881	1	49	53	217	65536
41.1	327.6	2158	0	0	1935	0	32	30	154	65536
42.1	394.7	2419	1	0	2061	1	58	51	242	65536
43.1	395.3	2572	0	0	2258	1	48	45	215	65536
44.1	364.3	1964	0	0	1734	0	28	64	134	65536
45.1	349.8	1939	0	0	1619	1	48	53	214	65536
46.1	355.1	2024	0	0	1466	1	52	51	447	65536
47.1	400.2	2368	0	0	2026	0	39	29	271	65536
48.1	365.9	2322	0	0	2005	1	47	55	209	65536
49.1	407.5	2200	0	0	2002	0	28	30	136	65536
50.1	371.2	2449	1	0	2098	1	47	86	211	65536
51.1	343.9	2384	1	0	2013	2	57	55	250	65536
52.1	356.2	2321	0	0	1904	1	27	38	347	65536
53.1	352.9	2378	1	0	1942	1	40	47	342	65536
54.1	294.3	3226	5	0	1751	8	218	139	1084	65536
55.1	394.4	2452	0	0	2171	0	33	65	179	65536
56.1	334.0	1992	1	0	1722	1	40	65	160	65536
57.1	347.0	2162	1	0	1784	1	59	59	253	65536
58.1	386.7	2043	0	0	1773	0	33	27	205	65536
59.1	405.5	1619	1	0	961	1	76	74	501	65536
60.1	323.4	1414	1	0	1107	55	47	34	165	65536
61.1	310.4	1726	1	0	1278	1	56	48	337	65536
62.1	363.4	2149	0	0	1735	1	35	68	305	65536
63.1	383.7	2261	0	0	1762	1	53	48	392	65536
64.1	336.2	2338	0	0	1724	1	55	68	485	65536
65.1	341.6	2596	1	0	1932	1	69	69	517	65536
66.1	400.8	2463	0	0	1963	0	32	37	427	65536
67.1	372.2	2692	2	0	2014	5	127	100	434	65536
68.1	290.7	1928	0	0	1583	1	54	57	227	65536
69.1	213.6	3675	1	0	2908	1	59	77	623	65536
70.1	408.0	2507	0	0	2202	1	52	62	186	65536
71.1	381.2	2376	0	0	2048	1	52	60	210	65536
72.1	307.0	2037	1	0	1730	1	38	72	192	65536
73.1	308.9	2287	0	0	1781	1	55	79	366	65536
74.1	343.6	2647	0	0	1808	0	88	276	469	65536
75.1	404.4	2336	0	0	2032	1	52	76	171	65536
76.1	395.8	2515	0	0	1717	1	80	61	649	65536
77.1	419.9	2459	1	0	2121	1	59	73	198	65536
78.1	392.3	2549	0	0	2038	1	56	132	316	65536
79.1	386.0	2406	0	0	2074	1	54	59	215	65536
80.1	368.4	2211	0	0	1857	1	55	62	230	65536
81.1	378.2	2554	0	0	2158	1	47	95	247	65536
82.1	415.7	2511	1	0	2155	1	58	68	223	65536
83.1	356.0	2157	0	0	1790	1	43	48	269	65536
84.1	360.9	1915	0	0	1732	0	24	29	125	65536
85.1	464.6	2260	1	0	1867	1	46	39	300	65536
86.1	375.8	1871	0	0	1682	0	24	20	140	65536
87.1	412.7	2124	0	0	1759	1	42	57	260	65536
88.1	400.7	2688	0	0	2394	1	41	44	203	65536
89.1	394.3	2391	0	0	2097	1	32	41	215	65536
90.1	402.1	2784	0	0	2411	1	49	48	267	65536
91.1	355.3	1843	0	0	1639	0	26	32	141	65536
92.1	341.2	2197	1	0	1835	1	41	22	292	65536
93.1	409.0	2452	0	0	2272	0	23	34	119	65536
94.1	424.9	2857	0	0	2431	0	54	30	337	65536
95.2	346.8	2166	0	0	1886	1	40	32	201	65536
96.2	422.1	2015	0	0	1817	0	24	23	146	65536
97.2	433.5	2939	0	0	2583	1	90	35	224	65536
98.2	336.5	2161	0	0	1755	1	45	38	318	65536
99.2	316.2	1875	0	0	1562	1	44	34	230	65536
100.2	402.2	2476	0	0	2146	1	48	38	237	65536
101.2	393.2	2488	1	0	2180	1	44	38	219	65536
102.2	350.8	2117	0	0	1765	0	23	19	306	65536
103.2	367.4	2343	0	0	2053	1	41	37	206	65536
104.2	393.4	2370	1	0	1987	1	207	24	145	65536
105.2	324.5	2481	0	0	2190	1	43	33	208	65536
106.2	362.3	2122	0	0	1843	1	41	31	201	65536
107.2	313.9	1966	1	0	1599	1	50	43	267	65536
108.2	379.9	2142	0	0	1833	1	49	37	216	65536
109.2	333.3	2053	0	0	1738	1	40	32	237	65536
110.2	392.2	2214	0	0	1866	1	41	33	268	65536
111.2	346.2	2649	0	0	2315	1	41	32	255	65536
112.2	431.3	2725	0	0	2438	1	41	34	206	65536
113.2	337.7	2184	0	0	1866	1	47	39	225	65536
114.2	362.3	2213	0	0	1783	1	41	32	351	65536
115.2	378.0	2455	0	0	2167	1	42	33	207	65536
116.2	375.5	2417	1	0	2074	2	53	39	241	65536
117.2	353.4	2441	3	0	2080	1	54	44	254	65536
118.2	340.4	2236	1	0	1889	1	41	34	266	65536
119.2	331.2	3078	4	0	1748	9	182	124	993	65536
120.2	417.3	2471	0	0	2165	1	41	39	220	65536
121.2	344.8	2271	0	0	1880	1	48	44	293	65536
122.2	319.7	2262	1	0	1886	1	56	51	263	65536
123.2	446.0	2439	0	0	2209	1	32	60	133	65536
124.2	408.4	2381	1	0	2116	1	55	69	135	65536
125.2	337.0	2473	0	0	2133	1	53	51	229	65536
126.2	358.9	2037	0	0	1751	0	31	63	188	65536
127.2	368.0	2079	1	0	1710	1	59	65	238	65536
128.2	375.9	2376	0	0	2025	1	53	80	212	65536
129.2	375.9	2487	0	0	2142	1	53	69	217	65536
130.2	395.2	2588	0	0	2299	1	57	55	171	65536
131.2	398.7	2646	0	0	2300	1	55	61	223	65536
132.2	362.4	2291	0	0	1963	1	54	51	218	65536
133.2	357.6	2133	0	0	1780	0	32	51	267	65536
134.2	441.0	2085	0	0	1690	1	54	44	291	65536
135.2	423.9	2842	1	0	2357	1	53	67	359	65536
136.2	409.5	2396	0	0	2023	1	56	66	245	65536
137.2	404.4	2352	0	0	2053	1	53	93	147	65536
138.2	402.5	2580	0	0	2327	1	78	27	141	65536
139.2	356.3	1923	1	0	1661	0	39	54	164	65536
140.2	379.1	2061	0	0	1730	1	51	48	226	65536
141.2	400.4	2371	0	0	2037	1	52	50	227	65536
142.2	350.6	1883	0	0	1702	0	30	25	122	65536
143.2	312.6	2194	0	0	1754	0	85	28	322	65536
144.2	397.6	2376	0	0	2023	1	53	79	214	65536
145.2	377.7	2608	1	0	2277	1	57	47	221	65536
146.2	326.2	2054	0	0	1717	1	54	46	231	65536
147.2	361.8	2274	1	0	1885	1	57	51	275	65536
148.2	411.6	2503	1	0	2128	1	64	64	238	65536
149.2	357.6	1932	0	0	1708	0	76	24	120	65536
150.2	352.7	2112	1	0	1705	1	127	50	223	65536
151.2	428.9	2712	0	0	2352	1	53	86	215	65536
152.2	384.1	2460	0	0	2109	1	53	77	214	65536
153.2	307.2	2157	0	0	1778	1	61	61	250	65536
154.2	333.3	2117	0	0	1920	0	29	29	136	65536
155.2	354.1	2326	0	0	2001	1	53	54	213	65536
156.2	343.7	1829	0	0	1526	1	56	62	179	65536
157.2	421.6	2529	0	0	2306	0	30	27	163	65536
158.2	399.5	2354	0	0	2012	0	45	69	224	65536
159.2	361.1	2161	0	0	1746	1	52	44	312	65536
160.2	381.3	2101	0	0	1744	1	52	67	231	65536
161.2	310.6	2204	1	0	1835	1	57	64	241	65536
162.2	351.3	2077	0	0	1869	0	27	61	116	65536
163.2	371.6	2420	0	0	2136	0	30	26	224	65536
164.2	348.9	2071	0	0	1748	0	27	66	225	65536
165.2	363.3	3198	1	0	2587	1	84	86	434	65536
166.2	395.1	2189	1	0	1824	1	67	67	223	65536
167.2	383.3	2340	1	0	1983	1	56	55	240	65536
168.3	380.6	2861	1	0	2434	1	77	64	278	65536
169.3	324.5	2529	1	0	1667	1	77	50	728	65536
170.3	408.5	2206	0	0	1850	1	57	51	240	65536
171.3	400.8	2373	0	0	2120	1	32	32	183	65536
172.3	327.8	1771	1	0	1538	1	39	37	150	65536
173.3	355.3	2048	0	0	1842	0	30	43	128	65536
174.3	387.2	2345	1	0	2008	1	54	47	229	65536
175.3	415.9	2917	0	0	2320	1	53	101	437	65536
176.3	424.9	2520	1	0	2158	1	56	54	244	65536
177.3	374.6	2339	0	0	2014	1	55	49	215	65536
178.3	374.9	2223	0	0	1894	1	56	46	221	65536
179.3	355.3	2204	0	0	1848	1	39	32	278	65536
180.3	345.5	2283	0	0	1734	1	44	166	332	65536
181.3	360.5	2161	0	0	1875	1	36	38	206	65536
182.3	343.4	2065	0	0	1684	0	22	20	334	65536
183.3	360.0	2286	0	0	1891	0	23	18	349	65536
184.3	388.1	2183	1	0	1831	1	32	36	276	65536
185.3	400.3	2075	0	0	1713	1	37	34	285	65536
186.3	391.3	2279	0	0	2103	0	20	26	126	65536
187.3	357.4	2210	1	0	1872	1	51	36	244	65536
188.3	336.4	2620	4	0	1532	7	213	130	722	65536
189.3	392.5	2624	0	0	2249	1	54	82	232	65536
190.3	454.3	2314	0	0	1970	1	90	28	221	65536
191.3	343.6	2213	1	0	1861	1	56	52	237	65536
192.3	421.2	2425	0	0	2072	1	53	43	250	65536
193.3	400.6	2436	0	0	2107	1	52	59	212	65536
194.3	401.0	2417	0	0	2049	1	51	81	230	65536
195.3	352.1	2231	0	0	2030	0	28	51	118	65536
196.3	294.1	1683	1	0	1278	1	38	43	318	65536
197.3	390.3	2226	2	0	1719	4	84	80	329	65536
198.3	373.3	2384	0	0	2012	1	53	94	219	65536
199.3	307.8	1651	1	0	1286	1	56	56	245	65536
200.3	361.9	2333	0	0	2004	1	54	45	223	65536
201.3	312.6	2231	1	0	1838	1	80	54	250	65536
202.3	392.2	2390	0	0	2050	1	52	66	216	65536
203.3	406.0	2540	0	0	2184	1	52	83	214	65536
204.3	379.7	2164	0	0	1847	1	53	43	215	65536
205.3	350.6	1852	0	0	1646	0	28	24	150	65536
206.3	362.6	2065	0	0	1741	1	52	52	214	65536
207.3	305.1	2091	1	0	1781	1	48	55	200	65536
208.3	398.8	2383	0	0	2013	0	36	88	240	65536
209.3	375.0	2475	0	0	2193	1	36	36	203	65536
210.3	373.8	2395	0	0	2111	1	42	32	205	65536
211.3	337.7	2337	1	0	2025	1	44	32	230	65536
212.3	389.3	2523	0	0	2183	1	42	84	209	65536
213.3	396.1	2412	0	0	2183	1	54	20	149	65536
214.3	353.1	2616	1	0	2331	1	46	42	189	65536
215.3	353.3	2436	1	0	1997	1	48	47	336	65536
216.3	338.6	2123	0	0	1792	1	42	33	251	65536
217.3	422.8	2716	0	0	2435	1	40	33	203	65536
218.3	417.4	3126	0	0	2820	1	44	34	222	65536
219.3	336.8	2172	1	0	1817	1	33	22	292	65536
220.3	363.8	2055	0	0	1664	1	42	34	310	65536
221.3	402.8	2558	0	0	2194	1	40	115	204	65536
222.3	401.7	2103	1	0	1822	1	45	33	196	65536
223.3	340.1	2158	1	0	1793	1	57	45	255	65536
224.3	406.7	1937	0	0	1782	0	22	18	112	65536
225.3	400.5	1921	0	0	1756	0	23	20	118	65536
226.3	421.9	2658	1	0	2363	1	44	34	211	65536
227.3	389.3	2701	0	0	2504	0	24	35	133	65536
228.3	319.9	2240	0	0	2029	1	25	23	159	65536
229.3	412.7	2578	0	0	2281	1	42	37	212	65536
230.3	355.8	2038	0	0	1735	1	43	32	222	65536
231.3	391.8	1891	0	0	1720	0	23	17	127	65536
232.3	331.4	2078	0	0	1731	1	44	36	261	65536
233.3	382.6	2301	0	0	1928	1	41	32	293	65536
234.3	400.1	2370	0	0	2050	1	42	33	239	65536
235.3	404.5	2601	0	0	2341	0	51	35	170	65536
236.3	361.0	2128	0	0	1941	0	25	34	123	65536
237.4	391.2	2381	0	0	2000	1	41	115	219	65536
238.4	425.7	2862	1	0	2545	1	45	36	229	65536
239.4	322.4	1749	0	0	1456	1	42	33	211	65536
240.4	363.2	2389	0	0	1881	1	225	36	240	65536
241.4	400.5	2150	0	0	1933	1	59	21	132	65536
242.4	369.5	2447	0	0	2160	1	41	33	206	65536
243.4	402.2	2537	0	0	2247	1	41	37	206	65536
244.4	335.7	2186	0	0	1830	1	39	32	279	65536
245.4	417.8	2678	0	0	2395	1	41	32	204	65536
246.4	347.7	2299	0	0	2010	1	42	32	209	65536
247.4	342.2	2217	0	0	1873	0	24	23	292	65536
248.4	401.8	2175	1	0	1960	1	25	21	164	65536
249.4	430.6	2660	0	0	2437	1	56	21	141	65536
250.4	339.1	2017	0	0	1724	1	41	34	211	65536
251.4	429.3	2417	0	0	2035	1	40	32	303	65536
252.4	400.7	2400	1	0	2049	1	87	37	219	65536
253.4	428.6	2841	0	0	2529	1	41	34	230	65536
254.4	345.1	2156	0	0	1786	1	41	46	277	65536
255.4	343.0	2419	2	0	1943	4	75	65	321	65536
256.4	395.4	2371	1	0	1987	1	47	36	294	65536
257.4	351.9	1907	0	0	1738	0	26	22	117	65536
258.4	372.6	2019	0	0	1683	1	53	51	227	65536
259.4	425.6	2735	0	0	2379	1	52	84	214	65536
260.4	351.8	2184	0	0	1861	1	51	56	209	65536
261.4	420.7	2352	1	0	2014	1	54	56	221	65536
262.4	403.8	2418	0	0	2067	1	51	82	212	65536
263.4	450.0	2279	0	0	2056	0	31	30	157	65536
264.4	313.2	2572	0	0	1882	1	109	68	505	65536
265.4	358.8	2219	1	0	1877	1	58	49	228	65536
266.4	398.6	2100	0	0	1738	1	53	67	235	65536
267.4	400.5	2507	0	0	2150	1	53	84	214	65536
268.4	354.9	2487	1	0	2061	1	54	54	311	65536
269.4	430.6	2686	0	0	2340	1	52	75	212	65536
270.4	374.1	2643	0	0	2317	1	55	46	218	65536
271.4	408.6	2353	0	0	2012	1	54	76	205	65536
272.4	425.4	2669	0	0	2315	1	55	75	218	65536
273.4	388.6	2553	0	0	2066	1	53	78	351	65536
274.4	401.8	2380	0	0	2061	1	52	51	210	65536
275.4	355.3	1961	0	0	1764	0	28	24	141	65536
276.4	401.1	2522	1	0	2160	1	55	53	248	65536
277.4	408.4	2517	0	0	2316	1	31	30	137	65536
278.4	372.3	2361	0	0	2176	0	30	28	123	65536
279.4	387.4	2010	0	0	1682	1	55	49	217	65536
280.4	425.9	2673	0	0	2349	1	52	54	212	65536
281.4	401.8	2675	0	0	2337	1	54	57	220	65536
282.4	357.3	2160	0	0	1845	1	53	46	210	65536
283.4	382.9	2226	0	0	1840	1	54	48	278	65536
284.4	392.9	2538	0	0	2183	1	53	83	214	65536
285.4	376.1	2746	1	0	2269	74	76	51	270	65536
286.4	318.6	2140	0	0	1763	1	55	49	268	65536
287.4	381.3	1931	0	0	1737	0	27	23	140	65536
288.4	380.8	1984	0	0	1673	1	52	43	211	65536
289.4	383.6	2313	0	0	2033	1	31	86	158	65536
290.4	235.6	1957	1	0	1612	1	52	56	231	65536
291.4	261.2	3406	1	0	2776	1	56	67	500	65536
292.4	399.3	2446	0	0	2076	1	53	83	228	65536
293.4	363.0	2176	0	0	1922	0	28	29	193	65536
294.4	343.9	2100	0	0	1772	1	53	52	218	65536
295.4	300.1	2238	0	0	1839	1	24	21	348	65536
296.4	360.7	2547	1	0	1929	1	44	34	532	65536
297.5	369.9	2257	0	0	1962	1	43	34	211	65536
298.5	386.2	2330	0	0	2020	1	42	33	230	65536
299.5	364.3	2053	0	0	1767	1	41	33	207	65536
300.5	316.7	2166	0	0	1775	1	42	38	306	65536
301.5	380.2	2112	0	0	1774	1	41	32	259	65536
302.5	438.1	2733	0	0	2447	1	41	33	206	65536
303.5	331.3	2054	0	0	1699	1	42	31	276	65536
304.5	400.7	2325	0	0	2070	0	22	19	209	65536
305.5	425.6	2900	0	0	2463	1	46	60	324	65536
306.5	329.1	2531	1	0	2198	1	44	39	242	65536
307.5	332.0	2037	0	0	1734	1	42	33	223	65536
308.5	353.3	2398	0	0	1928	1	41	34	388	65536
309.5	393.7	2194	0	0	2028	0	21	30	112	65536
310.5	376.4	2320	0	0	2014	1	43	36	222	65536
311.5	364.7	2132	0	0	1847	1	41	32	205	65536
312.5	397.7	2151	0	0	1819	1	40	31	255	65536
313.5	393.3	2345	0	0	2055	1	42	34	209	65536
314.5	360.8	2130	0	0	1779	1	41	33	270	65536
315.5	363.8	2253	0	0	2008	0	58	24	158	65536
316.5	369.5	2293	0	0	1990	1	45	37	216	65536
317.5	403.5	2348	0	0	2066	0	22	42	214	65536
318.5	355.6	2498	0	0	2087	1	41	35	329	65536
319.5	402.9	2502	0	0	2246	1	33	40	177	65536
320.5	355.8	2204	0	0	1883	1	43	38	233	65536
321.5	358.6	2152	0	0	1815	1	40	33	259	65536
322.5	488.9	2621	0	0	2317	1	42	32	223	65536
323.5	366.1	2105	0	0	1848	0	23	23	207	65536
324.5	386.8	2548	1	0	2081	1	44	33	382	65536
325.5	368.2	1878	0	0	1675	1	24	23	150	65536
326.5	424.3	1985	1	0	1582	1	39	30	328	65536
327.5	378.4	2401	0	0	2118	1	40	31	205	65536
328.5	371.4	2057	0	0	1773	1	41	32	205	65536
329.5	341.5	2072	0	0	1768	1	43	31	224	65536
330.5	399.4	1782	0	0	1619	0	23	19	117	65536
331.5	334.9	2586	0	0	2076	1	51	55	396	65536
332.5	369.0	2398	0	0	2061	1	43	35	252	65536
333.5	360.3	2515	4	0	1804	4	110	92	489	65536
334.5	399.4	2387	0	0	2088	1	42	38	212	65536
335.5	420.8	2692	0	0	2394	1	43	36	212	65536
336.5	424.8	2454	2	0	1993	1	68	55	328	65536
337.5	306.3	2463	1	0	2101	1	50	43	262	65536
338.5	395.4	2315	0	0	2018	0	22	19	252	65536
339.5	356.4	2042	0	0	1760	1	41	32	204	65536
340.5	434.1	2324	0	0	2020	1	42	33	222	65536
341.5	393.1	2530	0	0	2057	0	27	44	397	65536
342.5	363.0	2569	0	0	2272	1	43	33	215	65536
343.5	378.9	2115	0	0	1773	0	24	20	293	65536
344.5	389.0	2337	0	0	2039	1	47	34	213	65536
345.5	322.5	2547	1	0	2137	1	87	39	278	65536
346.5	387.9	2089	0	0	1759	1	40	31	253	65536
347.5	373.4	2512	1	0	2106	1	58	75	266	65536
348.5	370.0	3258	6	0	2436	11	180	105	499	65536
349.5	335.2	2210	0	0	1915	1	41	31	217	65536
350.5	333.5	2460	1	0	1921	1	44	35	453	65536
351.5	381.0	2053	0	0	1716	1	44	37	250	65536
352.5	356.2	2386	1	0	1943	1	54	48	333	65536
353.5	335.8	2397	0	0	2086	1	41	73	191	65536
354.5	383.8	2390	0	0	2219	0	20	18	129	65536
355.5	346.4	2004	1	0	1827	0	23	24	126	65536
356.5	403.5	2732	0	0	2363	1	43	37	282	65536
357.5	400.7	2338	0	0	2033	0	29	89	182	65536
358.6	378.3	2437	0	0	2236	0	23	50	123	65536
359.6	369.1	2328	0	0	2026	1	42	37	218	65536
360.6	378.2	2338	0	0	2037	1	42	32	221	65536
361.6	386.0	2312	0	0	2019	1	43	37	208	65536
362.6	382.6	2559	0	0	2257	1	44	36	215	65536
363.6	358.4	2112	1	0	1765	1	47	55	238	65536
364.6	395.4	2357	0	0	2063	1	41	35	211	65536
365.6	353.8	2363	0	0	2028	1	47	53	229	65536
366.6	345.5	1981	0	0	1657	1	44	32	242	65536
367.6	405.0	2118	0	0	1763	1	42	32	275	65536
368.6	378.7	2489	0	0	2108	1	33	31	310	65536
369.6	390.1	2376	0	0	2188	0	24	20	140	65536
370.6	355.1	2139	0	0	1771	1	40	33	290	65536
371.6	365.8	2166	0	0	1931	0	24	22	185	65536
372.6	403.1	2583	1	0	2072	1	235	36	233	65536
373.6	395.0	2250	0	0	2086	0	23	18	119	65536
374.6	496.2	2682	0	0	2462	1	41	32	141	65536
375.6	292.4	1771	1	0	1382	2	59	42	278	65536
376.6	305.0	1365	1	0	1130	1	28	39	162	65536
377.6	375.2	2385	1	0	1763	2	38	34	277	65536
378.6	326.9	1936	1	0	1136	1	47	40	239	65536
379.6	429.6	3403	0	0	2568	1	45	37	342	65536
380.6	264.2	3004	1	0	2108	1	49	40	268	65536
381.6	362.0	2626	0	0	1845	1	45	38	225	65536
382.6	391.1	2671	1	0	1923	1	45	36	219	65536
383.6	376.4	2758	0	0	2021	1	43	37	214	65536
384.6	426.8	3120	0	0	2407	1	45	35	155	65536
385.6	351.5	2943	0	0	2208	1	51	36	185	65536
386.6	323.7	3161	1	0	1741	1	110	76	430	65536
387.6	388.5	2873	0	0	2060	1	45	38	253	65536
388.6	391.8	2890	0	0	2134	1	43	35	212	65536
389.6	338.2	2488	0	0	1835	1	25	20	127	65536
390.6	362.0	2821	0	0	2222	0	29	24	146	65536
391.6	388.9	3243	1	0	2457	1	45	30	209	65536
392.6	343.0	2584	0	0	1813	0	45	35	227	65536
393.6	359.2	2581	0	0	1856	1	48	32	153	65536
394.6	396.1	3135	0	0	2445	1	27	22	144	65536
395.6	390.6	2909	0	0	2109	1	47	36	182	65536
396.6	358.9	3015	0	0	1714	0	29	47	409	65536
397.6	428.2	2988	0	0	2210	1	44	37	222	65536
398.6	341.6	2594	1	0	1837	1	45	36	216	65536
399.6	384.5	2391	0	0	1752	1	27	22	124	65536
400.6	396.8	2645	0	0	2085	1	24	20	120	65536
401.6	374.1	2936	1	0	2056	1	46	36	226	65536
402.6	388.8	2836	0	0	2101	0	29	20	136	65536
403.6	318.2	3113	0	0	2240	1	26	22	300	65536
404.6	341.8	2238	0	0	1850	1	27	22	177	65536
405.6	404.2	3039	0	0	2497	1	46	37	225	65536
406.6	349.1	3161	0	0	2076	1	59	44	251	65536
407.6	392.1	3014	0	0	2440	1	48	40	231	65536
408.6	387.5	2132	0	0	1667	1	45	28	164	65536
409.6	356.9	2996	0	0	2140	1	28	24	253	65536
410.6	414.7	2602	0	0	2062	0	24	36	123	65536
411.6	387.5	2778	0	0	2266	1	46	38	187	65536
412.6	332.1	2800	0	0	1985	1	46	37	279	65536
413.6	381.0	2639	0	0	1966	1	30	21	177	65536
414.6	350.2	2490	0	0	1841	1	25	21	132	65536
415.6	405.0	2527	0	0	1809	0	44	36	214	65536
416.6	417.6	3070	1	0	2380	1	41	39	131	65536
417.6	480.2	3159	0	0	2303	1	48	39	247	65536
418.7	314.0	2376	0	0	1654	1	26	24	216	65536
419.7	336.3	2692	0	0	1905	1	27	29	160	65536
420.7	344.4	2432	0	0	1681	1	41	40	219	65536
421.7	389.1	2594	0	0	2063	0	22	21	124	65536
422.7	374.8	2650	0	0	2084	0	21	21	193	65536
423.7	331.6	2880	0	0	1968	0	48	49	328	65536
424.7	388.6	3290	1	0	2183	1	75	66	334	65536
425.7	365.9	4479	0	0	1686	1	56	51	330	65536
426.7	401.8	2880	0	0	2089	1	57	48	218	65536
427.7	381.8	2792	0	0	1955	1	57	49	236	65536
428.7	319.4	2297	0	0	1640	1	31	28	138	65536
429.7	415.2	2223	0	0	1864	1	52	72	228	65536
430.7	374.4	2347	0	0	2056	1	53	82	148	65536
431.7	370.7	2494	0	0	2166	1	33	60	230	65536
432.7	338.5	2143	1	0	1734	1	121	48	233	65536
433.7	369.5	2061	0	0	1616	1	60	51	327	65536
434.7	422.1	2795	0	0	2413	1	54	46	277	65536
435.7	397.1	2772	1	0	2380	1	40	40	306	65536
436.7	262.1	1156	3	0	810	1	47	36	252	65536
437.7	368.1	2232	0	0	1935	1	36	38	218	65536
438.7	402.3	1938	0	0	1782	0	19	18	114	65536
439.7	400.0	2158	0	0	1862	1	39	36	215	65536
440.7	358.1	2490	0	0	2205	1	28	61	191	65536
441.7	366.8	1961	0	0	1756	0	27	59	115	65536
442.7	310.4	2259	1	0	1861	1	63	55	274	65536
443.7	406.6	2288	0	0	2037	0	35	60	152	65536
444.7	398.5	2521	0	0	2052	1	97	46	321	65536
445.7	332.2	2147	0	0	1815	1	52	49	225	65536
446.7	357.9	2051	1	0	1710	1	57	51	226	65536
447.7	341.2	2274	1	0	1724	1	130	47	365	65536
448.7	397.2	2496	0	0	2159	1	51	48	232	65536
449.7	411.2	2465	0	0	2186	1	36	39	199	65536
450.7	358.1	2083	0	0	1813	1	41	31	192	65536
451.7	362.4	2347	1	0	1883	1	40	37	381	65536
452.7	310.4	1893	0	0	1612	1	38	31	206	65536
453.7	334.5	2009	0	0	1776	0	19	18	192	65536
454.7	373.8	2174	0	0	1972	0	20	18	160	65536
455.7	347.3	2274	0	0	1984	0	21	23	242	65536
456.7	422.5	2719	0	0	2434	1	37	35	206	65536
457.7	341.0	2105	0	0	1899	1	24	28	148	65536
458.7	382.2	2301	0	0	2028	1	44	34	188	65536
459.7	465.1	2336	1	0	2010	1	42	34	242	65536
460.7	351.8	1848	1	0	1613	1	26	28	175	65536
461.7	242.1	1692	3	0	892	3	96	79	607	65536
462.7	260.2	856	1	0	8	2	80	76	682	65536
463.7	417.9	1831	2	0	1412	1	46	48	313	65536
464.7	336.7	3025	1	0	2626	1	44	42	305	65536
465.7	423.6	1623	0	0	1254	1	54	50	258	65536
466.7	96.9	3695	3	2	55	27	192	210	3174	65536
467.7	267.6	802	1	0	10	3	86	105	591	65536
468.7	228.5	3060	1	0	2748	1	26	46	234	65536
469.7	394.2	1459	0	0	1226	1	29	27	171	65536
470.7	189.6	1278	1	0	747	1	54	60	409	65536
471.7	427.5	1447	1	0	1123	1	40	36	240	65536
472.7	502.7	1826	1	0	1623	0	52	19	126	65536
473.7	406.8	2032	1	0	1729	1	41	42	212	65536
474.7	391.5	1792	1	0	1482	1	38	36	227	65536
475.7	435.6	2215	1	0	1806	1	40	128	233	65536
476.7	417.6	1903	0	0	1724	0	20	19	135	65536
477.7	400.3	1995	0	0	1668	0	42	42	238	65536
478.7	352.6	1608	1	0	1363	0	63	24	153	65536
479.7	334.8	1598	0	0	1269	0	23	31	270	65536
480.7	364.1	1995	1	0	1639	1	44	39	266	65536
481.7	383.0	2035	1	0	1806	1	26	40	156	65536
482.7	411.9	2339	1	0	2034	1	43	37	217	65536
483.7	454.8	2222	0	0	2036	1	26	22	132	65536
484.8	328.9	1709	0	0	1370	0	30	24	280	65536
485.8	424.0	2164	1	0	1728	1	43	106	279	65536
486.8	417.0	2314	1	0	2018	1	42	36	211	65536
487.8	671.8	1743	1	0	1469	1	37	34	194	65536
488.8	379.6	1673	1	0	1294	1	105	44	222	65536
489.8	342.6	1882	1	0	1600	1	46	55	173	65536
490.8	393.9	1794	1	0	1577	0	53	20	139	65536
491.8	360.1	1715	1	0	1434	1	37	33	203	65536
492.8	479.0	2335	2	0	1881	3	74	53	314	65536
493.8	298.6	539	1	0	218	1	39	39	236	65536
494.8	424.7	1689	1	0	1352	1	41	39	249	65536
495.8	328.3	1398	2	0	991	2	61	73	262	65536
496.8	454.2	1706	1	0	1327	1	63	69	238	65536
497.8	435.6	2252	1	0	1967	1	41	33	203	65536
498.8	400.0	2139	1	0	1561	1	46	37	486	65536
499.8	433.5	1197	1	0	961	0	24	21	184	65536
500.8	418.6	1348	0	0	1014	1	28	21	281	65536
501.8	370.8	1608	1	0	1379	1	27	23	172	65536
502.8	331.8	1533	1	0	1132	0	28	182	185	65536
503.8	439.6	2207	1	0	1889	1	43	37	230	65536
504.8	364.2	2219	1	0	1324	1	63	22	804	65536
505.8	327.1	1379	1	0	1026	1	44	35	266	65536
506.8	413.4	2060	0	0	1746	1	22	112	175	65536
507.8	398.0	2775	1	0	1806	2	61	44	854	65536
508.8	716.6	1677	0	0	1369	1	38	44	218	65536
509.8	429.2	1930	0	0	1674	1	37	37	175	65536
510.8	390.4	2246	0	0	1238	1	41	36	924	65536
511.8	317.2	1453	0	0	1184	1	42	37	182	65536
512.8	361.8	1604	0	0	1375	1	27	35	161	65536
513.8	342.0	2300	1	556	1338	1	58	49	291	65536
514.8	356.1	1931	1	369	1179	1	56	42	276	65536
515.8	407.8	1691	0	248	1140	1	26	47	224	65536
516.8	407.5	2409	1	321	1831	1	31	36	182	65536
517.8	412.7	2761	1	634	1656	1	60	56	346	65536
518.8	335.6	1881	0	261	1296	1	42	60	215	65536
519.8	438.8	1722	0	283	1115	1	42	61	212	65536
520.8	415.8	2020	0	354	1479	1	25	21	136	65536
521.8	312.0	1308	0	343	679	1	53	57	168	65536
522.8	290.7	1709	0	344	970	1	76	64	247	65536
523.8	342.8	1840	1	266	1161	1	37	36	332	65536
524.8	340.0	1905	0	300	1277	1	38	73	211	65536
525.8	310.0	1671	0	289	1128	1	34	31	181	65536
526.8	392.1	1577	0	317	1012	1	27	29	186	65536
527.8	377.0	2053	0	357	1370	1	43	56	218	65536
528.8	395.5	2259	0	355	1553	1	59	68	216	65536
529.8	344.4	2015	1	339	1320	1	74	59	216	65536
530.8	356.0	1803	0	422	1135	1	38	32	168	65536
531.8	404.9	2205	1	336	1595	1	72	42	151	65536
532.8	364.7	2026	0	455	1340	1	35	35	153	65536
533.8	386.2	1807	0	353	1075	1	69	67	234	65536
534.8	354.6	2054	0	338	1324	1	87	52	245	65536
535.8	416.2	2186	1	356	1351	1	56	76	339	65536
536.8	381.9	653	0	0	231	2	58	59	296	65536
537.8	382.2	2357	1	495	1524	1	45	68	216	65536
538.8	413.9	2158	1	395	1494	1	60	48	152	65536
539.8	363.0	2105	0	317	1281	1	44	53	402	65536
540.8	408.7	1882	0	291	1253	1	42	58	231	65536
541.8	376.8	2420	1	458	1624	1	51	39	235	65536
542.8	362.1	1692	0	334	1122	1	42	45	140	65536
543.8	327.2	1759	0	265	1175	0	42	43	229	65536
544.8	329.7	1717	0	317	1077	1	60	46	209	65536
545.8	357.8	1632	1	414	962	1	36	30	182	65536
546.8	385.0	1998	0	373	1283	1	47	63	223	65536
547.8	346.7	1844	1	340	1193	1	45	70	187	65536
548.8	395.7	2103	0	381	1384	1	29	55	245	65536
549.8	385.8	2129	0	368	1416	1	66	51	220	65536
550.8	587.8	2282	0	371	1631	1	55	48	168	65536
551.8	353.5	1730	1	340	1042	1	66	57	217	65536
552.9	359.7	2743	0	299	2108	1	50	70	208	65536
553.9	401.2	2557	0	332	1991	1	30	56	141	65536
554.9	405.9	2629	0	342	2053	1	31	39	158	65536
555.9	388.1	2317	0	367	1677	1	39	50	179	65536
556.9	412.1	2577	0	319	1873	1	54	48	276	65536
557.9	416.0	2694	0	295	2063	1	59	75	195	65536
558.9	319.1	2225	0	365	1629	1	30	71	123	65536
559.9	350.3	3069	2	469	2031	1	122	62	375	65536
560.9	412.8	2453	0	288	1760	0	52	75	273	65536
561.9	389.1	2809	0	383	2079	1	76	45	220	65536
562.9	365.3	2829	0	537	1973	1	52	45	215	65536
563.9	411.3	2721	0	357	2109	1	49	38	161	65536
564.9	340.6	2621	0	332	1934	1	60	67	222	65536
565.9	343.5	2256	0	345	1689	1	34	28	153	65536
566.9	376.1	2190	0	276	1656	0	30	28	195	65536
567.9	405.5	2844	0	506	2116	1	34	32	150	65536
568.9	388.5	2830	0	297	2007	1	50	69	400	65536
569.9	378.7	2739	0	367	2078	1	61	53	173	65536
570.9	396.7	3051	0	301	2403	1	56	57	227	65536
571.9	378.9	2746	0	336	1997	1	83	84	238	65536
572.9	434.9	2857	0	340	2240	1	72	54	145	65536
573.9	361.7	2685	0	299	2039	1	60	62	217	65536
574.9	352.8	2231	0	299	1714	0	30	28	151	65536
575.9	339.2	2527	0	407	1853	1	70	54	136	65536
576.9	371.0	2315	0	342	1658	1	62	74	172	65536
577.9	383.0	2724	0	359	2021	1	55	72	211	65536
578.9	381.5	2883	0	359	2090	0	67	61	302	65536
579.9	358.8	2217	0	301	1650	1	51	70	139	65536
580.9	373.4	2478	0	256	1733	0	53	79	353	65536
581.9	380.3	2771	0	354	2154	1	34	59	164	65536
582.9	341.4	2359	0	330	1850	0	29	24	121	65536
583.9	379.3	2437	0	340	1765	1	58	56	212	65536
584.9	320.9	2761	0	368	2048	1	69	67	200	65536
585.9	309.6	2298	0	380	1417	2	66	63	361	65536
586.9	328.8	2681	0	411	1898	1	79	51	235	65536
587.9	341.8	2315	0	346	1723	1	46	36	159	65536
588.9	361.5	2688	0	389	1845	1	56	75	315	65536
589.9	353.9	2407	0	404	1748	0	45	46	160	65536
590.9	414.8	2721	0	331	2203	0	30	26	126	65536
591.9	377.2	2609	0	313	2065	0	30	38	159	65536
592.9	453.7	2510	1	334	1946	1	36	31	156	65536
593.9	326.2	3015	1	424	1835	4	138	87	516	65536
594.9	314.5	3578	1	653	2443	1	117	98	254	65536
595.9	345.8	2823	0	289	2014	1	83	68	363	65536
596.9	314.8	3266	0	572	1276	1	69	47	1295	65536
597.9	210.9	1477	1	543	13	4	95	93	718	65536
598.9	167.4	4613	2	1131	21	6	276	212	2937	65536
599.9	553.8	1954	1	543	618	2	118	101	559	65536
600.9	379.0	1906	1	457	677	3	103	94	560	65536
601.9	438.2	2049	1	619	628	3	79	74	636	65536
602.9	354.2	2459	2	598	11	3	121	133	1580	65536
603.9	165.7	3867	2	984	20	5	195	211	2434	65536
604.9	290.8	3098	2	951	12	4	164	145	1810	65536
605.9	203.2	5319	2	1055	21	6	214	214	3790	65536
606.9	161.7	6246	2	941	14	5	170	226	4876	65536
607.9	154.1	4753	2	1004	19	5	442	255	3010	65536
609.0	214.7	4683	3	914	21	6	172	367	3187	65536
610.0	314.6	1798	1	466	381	1	62	63	815	65536
611.0	352.3	2330	0	446	1530	1	51	48	249	65536
612.0	399.5	2283	0	377	1549	1	62	56	231	65536
613.0	378.3	2647	1	436	1615	1	55	53	478	65536
614.0	366.8	2582	0	444	1705	1	48	57	320	65536
615.0	311.6	2408	2	700	11	3	99	103	1481	65536
616.0	373.1	2043	1	578	627	3	119	107	598	65536
617.0	388.6	3036	2	658	45	5	119	114	2082	65536
618.0	389.0	1917	0	541	9	2	97	69	1188	65536
619.0	176.7	4937	4	1081	20	5	212	194	3404	65536
620.0	243.5	1526	1	625	10	2	107	97	674	65536
621.0	193.7	1952	1	591	11	3	100	86	1146	65536
622.0	377.4	4040	1	655	2428	3	65	61	817	65536
623.0	325.9	1943	1	566	13	3	133	155	1062	65536
624.0	410.1	2362	1	609	843	3	87	80	730	65536
625.0	401.9	3374	2	789	1923	3	93	108	447	65536
626.0	193.3	3402	2	904	20	5	174	172	2111	65536
627.0	298.7	2138	1	414	583	2	68	91	970	65536
628.0	374.6	2394	3	479	1510	1	44	43	307	65536
629.0	379.2	2182	1	437	1337	2	55	46	298	65536
630.0	374.4	2820	0	467	1939	1	43	51	311	65536
631.0	321.1	1568	1	0	1229	1	55	49	227	65536
632.0	337.3	1799	0	0	1450	1	59	51	233	65536
633.0	432.5	2211	1	0	1791	1	58	70	283	65536
634.0	390.2	2505	1	0	1659	1	58	77	703	65536
635.0	368.4	2131	1	0	1762	1	57	54	249	65536
636.0	395.3	1385	1	0	984	1	48	60	284	65536
637.0	393.4	1749	1	0	1266	1	53	66	358	65536
638.0	476.8	2070	0	0	1652	1	31	29	352	65536
639.0	447.5	1927	1	0	1567	1	54	66	233	65536
640.0	463.8	1902	0	0	1687	0	62	20	127	65536
641.0	376.3	1816	1	0	1550	1	29	27	203	65536
642.0	438.3	1637	1	0	1258	1	43	35	294	65536
643.0	423.5	1706	0	0	1472	1	26	50	153	65536
644.0	435.2	1753	1	0	1268	1	43	37	398	65536
645.0	456.7	1818	1	0	1475	1	43	36	256	65536
646.0	382.0	1422	1	0	1082	1	45	37	252	65536
647.0	430.5	2037	1	0	1538	1	43	36	411	65536
648.0	327.4	1946	1	0	1251	1	46	48	593	65536
649.0	346.1	1597	1	0	1297	1	44	36	212	65536
650.0	380.9	1337	0	0	1115	0	26	54	137	65536
651.0	401.1	1628	1	0	1333	1	43	34	211	65536
652.0	418.5	1902	1	0	1492	1	42	35	326	65536
653.0	401.3	1868	1	0	1559	1	37	33	232	65536
654.0	344.0	1461	1	0	1153	1	49	37	213	65536
655.0	355.5	1310	1	0	947	1	54	48	254	65536
656.0	389.2	1573	1	0	1237	1	54	45	229	65536
657.0	450.1	2063	1	0	1793	0	31	29	204	65536
658.0	436.8	2346	1	0	2015	1	61	55	207	65536
659.0	419.5	2103	1	0	1755	1	54	49	237	65536
660.0	717.5	1832	1	0	1524	0	32	61	209	65536
661.0	362.8	2102	3	0	1580	2	89	83	335	65536
662.0	561.0	1981	1	0	1648	1	56	48	222	65536
663.0	609.1	1252	1	0	908	1	59	52	226	65536
664.0	378.7	1435	1	0	1002	70	55	48	252	65536
665.0	349.5	1106	1	0	640	1	58	55	344	65536
666.0	401.8	828	1	0	435	66	56	50	214	65536
667.0	311.1	974	0	0	219	1	47	67	635	65536
668.0	424.0	1772	1	0	1431	1	63	47	225	65536
669.0	397.0	2181	1	0	1559	1	67	53	492	65536
670.0	403.3	1907	1	0	1274	1	56	52	517	65536
671.0	359.9	1448	0	0	1208	0	31	63	141	65536
672.0	185.8	571	1	0	7	4	98	81	374	65536
673.0	316.0	1594	0	0	1161	1	27	36	363	65536
674.0	159.3	1128	1	421	5	3	97	118	477	65536
675.0	331.4	1726	0	362	746	1	53	41	517	65536
676.0	408.8	1467	2	422	477	1	48	44	467	65536
677.1	366.3	1681	1	392	746	1	284	40	210	65536
678.1	333.3	1793	1	338	906	0	40	36	466	65536
679.1	478.7	1604	1	401	808	1	44	45	298	65536
680.1	375.9	1748	1	383	781	1	56	65	454	65536
681.1	470.7	761	1	359	4	1	53	51	288	65536
682.1	294.4	1614	1	427	402	1	72	59	646	65536
683.1	401.3	1822	0	400	1091	1	42	37	247	65536
684.1	328.4	1743	1	406	997	0	54	51	228	65536
685.1	317.5	1603	2	393	910	1	61	51	179	65536
686.1	347.1	1583	1	374	695	1	73	40	394	65536
687.1	406.0	1135	1	480	7	1	125	45	470	65536
688.1	425.8	1911	1	341	1056	1	52	37	418	65536
689.1	349.9	1504	0	368	828	1	64	34	204	65536
690.1	62.7	1517	1	490	10	3	93	79	834	65536
691.1	409.5	2152	0	383	1481	1	27	26	227	65536
692.1	408.2	2170	1	360	1567	1	25	23	188	65536
693.1	368.3	1879	1	363	1146	1	43	34	285	65536
694.1	344.9	1241	0	0	948	1	31	41	215	65536
695.1	384.7	985	0	0	712	1	34	90	145	65536
696.1	354.4	1761	1	0	1412	1	55	64	223	65536
697.1	402.7	1493	1	0	1129	1	53	47	255	65536
698.1	614.6	1568	1	0	1105	1	65	53	338	65536
699.1	253.0	1078	1	0	506	1	59	50	455	65536
700.1	432.4	2049	0	0	1656	1	54	70	262	65536
701.1	523.4	1675	0	0	1291	1	55	50	272	65536
702.1	350.3	1281	0	0	1087	0	30	26	132	65536
703.1	458.1	1972	1	0	1496	1	54	50	364	65536
704.1	427.4	1900	0	0	1547	1	53	61	233	65536
705.1	345.6	1367	0	0	1164	0	31	28	137	65536
706.1	432.8	2167	1	0	1442	1	94	55	569	65536
707.1	437.0	2136	1	418	1391	1	63	59	197	65536
708.1	353.3	1878	1	366	1167	1	56	51	229	65536
709.1	350.9	1677	1	331	1108	1	39	34	158	65536
710.1	364.8	1841	1	358	1166	1	56	47	206	65536
711.1	323.0	1619	1	354	876	1	55	57	269	65536
712.1	336.7	1795	0	378	1021	1	58	50	279	65536
713.1	408.5	1818	1	366	1156	1	48	43	198	65536
714.1	370.5	1994	1	391	1203	1	72	59	261	65536
715.1	341.8	1831	1	339	1143	1	64	47	231	65536
716.1	370.5	2154	1	454	1147	1	59	53	432	65536
717.1	374.1	1288	0	419	575	1	43	70	174	65536
718.1	316.2	1097	2	408	303	1	77	63	237	65536
719.1	680.9	967	0	0	699	0	35	62	165	65536
720.1	712.5	746	1	0	393	1	61	52	231	65536
721.1	550.3	1406	0	0	1135	0	33	33	200	65536
722.1	530.1	1331	1	0	984	1	54	68	218	65536
723.1	568.7	1419	1	0	1148	0	31	33	201	65536
724.1	502.6	1412	7	0	1057	1	58	51	232	65536
725.1	565.7	1204	1	0	875	1	55	48	218	65536
726.1	593.0	1755	1	0	1358	1	59	62	269	65536
727.1	565.8	1431	1	0	909	1	57	71	385	65536
728.1	612.6	1314	0	0	992	1	35	33	249	65536
729.1	706.9	693	1	0	277	2	69	55	283	65536
730.1	542.8	940	0	0	735	0	30	41	128	65536
731.1	560.1	1321	0	0	1095	0	31	59	131	65536
732.1	456.5	1145	1	0	974	0	22	20	124	65536
733.1	542.2	340	1	0	154	0	27	22	130	65536
734.1	575.9	1168	0	0	870	0	23	22	248	65536
735.1	261.3	262	0	0	3	1	29	30	195	65536
736.1	548.0	1493	1	0	876	1	33	33	542	65536
737.1	502.2	981	2	0	717	1	35	47	172	65536
738.1	523.5	1264	1	0	982	1	37	34	205	65536
739.1	558.6	1200	1	0	974	0	25	41	154	65536
740.1	579.5	1583	1	0	979	1	52	100	442	65536
741.1	367.3	680	0	0	206	1	45	196	226	65536
742.1	547.1	1712	0	0	1496	1	31	27	154	65536
743.1	506.7	791	1	0	539	1	33	31	181	65536
744.2	606.5	871	0	0	665	1	26	39	136	65536
745.2	576.1	1120	1	0	740	1	41	37	295	65536
746.2	436.1	1104	0	0	782	0	26	21	270	65536
747.2	400.0	307	1	0	84	1	38	25	154	65536
748.2	547.4	1505	1	0	1213	1	42	34	208	65536
749.2	651.3	1004	0	0	785	0	28	59	127	65536
750.2	533.6	1067	1	0	777	1	38	37	207	65536
751.2	847.5	686	0	0	490	0	27	23	141	65536
752.2	559.7	1393	1	0	870	2	88	84	341	65536
753.2	618.5	1637	1	0	1434	0	23	34	139	65536
754.2	465.2	1122	1	0	601	1	27	128	359	65536
755.2	1087.1	1153	0	0	957	0	22	32	136	65536
756.2	594.9	1199	0	0	1009	0	22	20	144	65536
757.2	432.8	735	2	0	401	1	34	43	247	65536
758.2	745.7	2043	0	0	1221	0	25	103	690	65536
759.2	558.3	1169	0	0	828	1	44	35	254	65536
760.2	536.0	801	1	117	291	1	50	42	293	65536
761.2	534.0	1203	1	109	455	1	47	39	544	65536
762.2	499.4	1118	1	120	741	1	25	24	201	65536
763.2	403.3	604	0	157	4	1	34	38	365	65536
764.2	463.8	1072	1	129	643	1	43	36	214	65536
765.2	515.3	936	0	84	601	1	30	39	175	65536
766.2	553.1	1058	0	116	446	3	63	63	360	65536
767.2	542.6	1148	0	159	527	1	55	50	348	65536
768.2	557.4	1354	1	109	984	1	30	28	197	65536
769.2	544.5	639	0	155	5	1	55	64	353	65536
770.2	485.7	950	1	131	537	1	36	33	205	65536
771.2	618.6	517	0	115	7	2	35	40	312	65536
772.2	367.3	467	0	121	4	1	45	49	242	65536
773.2	478.1	913	0	114	532	1	30	27	203	65536
774.2	573.6	903	1	225	7	7	103	72	481	65536
775.2	540.7	1061	0	259	6	1	92	192	505	65536
776.2	435.9	905	2	137	498	1	46	39	176	65536
777.2	544.9	947	1	166	515	1	43	36	178	65536
778.2	548.4	816	0	164	369	1	42	46	188	65536
779.2	561.4	1459	1	168	852	1	100	72	258	65536
780.2	512.8	699	0	167	5	1	72	70	378	65536
781.2	491.0	1711	0	99	728	1	55	48	775	65536
782.2	476.5	1200	0	91	723	1	39	34	308	65536
783.2	596.1	684	0	0	450	1	36	31	161	65536
784.2	544.4	1357	0	0	1110	0	31	30	182	65536
785.2	580.7	1129	0	0	769	1	37	34	281	65536
786.2	569.3	1576	0	0	1222	1	29	25	296	65536
787.2	472.8	415	0	0	5	1	77	56	270	65536
788.2	520.9	411	0	0	120	0	33	31	222	65536
789.2	493.8	792	1	0	566	0	34	45	141	65536
790.2	660.5	1329	0	0	1128	0	31	29	136	65536
791.2	588.6	1409	1	0	915	2	64	81	340	65536
792.2	498.0	1055	0	0	808	0	31	28	183	65536
793.2	496.0	842	0	0	586	0	31	27	193	65536
794.2	578.2	1335	1	0	1015	1	53	46	214	65536
795.2	570.9	1212	0	0	981	0	31	63	131	65536
796.2	592.8	1162	0	0	861	1	37	34	222	65536
797.2	567.8	1159	0	0	813	1	38	65	237	65536
798.2	560.7	997	0	0	640	1	52	75	224	65536
799.2	573.0	909	0	0	451	0	36	34	383	65536
800.2	604.4	1716	1	0	976	1	70	67	593	65536
801.2	410.3	774	0	0	549	0	32	27	161	65536
802.2	534.0	786	1	0	211	1	75	59	431	65536
803.2	751.8	938	0	0	696	0	33	31	172	65536
804.2	657.9	1037	1	0	728	1	36	45	220	65536
805.2	639.9	860	0	0	497	1	25	25	307	65536
806.2	559.3	1015	0	0	823	0	22	21	143	65536
807.2	570.5	856	0	0	647	0	27	21	154	65536
808.2	521.6	980	0	0	779	0	31	20	144	65536
809.2	530.5	1243	0	0	945	0	42	46	206	65536
810.2	631.8	1143	0	0	953	0	25	21	140	65536
811.2	609.1	1060	1	0	689	1	43	33	288	65536
812.2	162.8	597	1	0	5	3	88	68	425	65536
813.2	640.0	976	1	0	702	1	42	42	182	65536
814.2	774.2	1076	0	0	867	1	25	21	158	65536
815.2	593.5	1232	0	0	911	1	41	38	235	65536
816.2	471.1	809	1	0	410	1	60	68	263	65536
817.2	573.9	1138	0	0	840	0	25	21	247	65536
818.2	618.6	692	0	0	353	0	39	32	262	65536
819.2	676.6	1080	0	0	794	1	41	34	204	65536
820.2	595.4	508	0	0	300	0	26	29	148	65536
821.2	700.0	1175	0	0	861	25	74	27	181	65536
822.2	537.9	1069	0	0	714	1	46	37	264	65536
823.2	597.4	1055	0	0	474	1	29	61	485	65536
824.2	655.7	860	0	0	563	1	42	45	203	65536
825.2	612.2	983	0	0	584	1	26	23	345	65536
826.2	592.6	1254	0	0	901	1	31	134	181	65536
827.2	408.9	899	0	0	5	1	52	57	779	65536
828.2	841.7	1511	0	0	983	0	30	24	468	65536
829.2	520.0	1040	0	0	787	0	25	20	203	65536
