==== 钢铁前线 性能日志 =====
版本: 0.1.0 | 启动: 2026-08-17 20:01:19 | GPU: NVIDIA GeForce RTX 5060 Laptop GPU | CPU: AMD 32线程 | 窗口: 2560x1600
----------------------------------
时间(s)	fps	frame_us	cull	terrain	wait	acquire	record	submit	present	near
1.0	347.1	2299	0	0	1919	1	36	31	307	65536
2.0	447.2	2097	1	0	1756	1	38	35	259	65536
3.0	241.9	899	1	0	5	2	56	101	729	65536
4.0	123.6	2345	3	0	21	6	181	192	1927	65536
5.0	136.1	2120	1	0	10	3	96	193	1809	65536
6.0	210.3	2941	1	0	2101	1	37	30	765	65536
7.0	326.9	2225	0	0	1927	0	32	38	223	65536
8.0	392.8	1667	0	0	1393	0	25	27	216	65536
9.0	345.5	1842	0	0	1467	1	44	39	286	65536
10.0	154.2	3498	3	0	22	6	270	244	2938	65536
11.0	84.5	4597	2	0	22	6	239	470	3844	65536
12.0	374.6	2092	0	0	1745	0	34	38	272	65536
13.0	348.0	1786	0	0	1470	1	32	84	195	65536
14.0	447.3	2249	0	0	1817	1	74	100	252	65536
15.0	422.1	2394	0	0	1693	1	61	71	562	65536
16.0	357.0	1993	0	0	1562	1	56	92	276	65536
17.0	317.6	3749	0	0	3297	1	59	71	313	65536
18.0	410.2	2235	0	0	1739	1	65	119	306	65536
19.0	359.7	1742	0	0	1452	1	40	49	196	65536
20.0	378.9	1375	1	0	914	1	64	74	316	65536
21.1	290.0	3777	2	0	3406	1	54	52	257	65536
22.1	421.9	2240	1	0	1849	1	47	46	290	65536
23.1	262.5	7777	2	0	6995	1	50	47	674	65536
24.1	375.5	3761	5	0	3101	4	82	67	494	65536
25.1	353.3	2289	1	0	1883	1	49	48	301	65536
26.1	265.7	4755	3	0	4052	2	96	71	524	65536
27.1	361.0	1726	1	0	1280	1	51	50	334	65536
28.1	374.1	1742	2	0	1184	2	51	48	445	65536
29.1	206.8	2003	1	0	15	4	127	146	1700	65536
30.1	466.0	2388	0	0	2047	1	40	38	257	65536
31.1	411.4	2531	0	0	2261	1	26	40	198	65536
32.1	408.2	2043	1	0	1688	1	43	40	265	65536
33.1	288.7	3561	2	0	2600	2	106	117	725	65536
34.1	415.0	2511	1	0	2038	1	69	71	324	65536
35.1	159.1	4362	3	0	22	6	367	292	3650	65536
36.1	206.6	3519	2	0	2991	2	67	62	388	65536
37.1	431.9	2420	1	0	1746	1	60	48	557	65536
38.1	175.9	2852	3	0	19	5	194	218	2397	65536
39.1	345.6	1847	2	0	11	3	111	106	1604	65536
40.1	401.0	2644	1	0	2052	1	65	66	451	65536
41.1	334.9	1346	2	0	16	4	148	160	1006	65536
42.1	186.1	3938	3	0	22	5	294	191	3408	65536
43.1	208.3	4038	2	0	21	6	169	258	3570	65536
44.1	202.5	3302	2	0	22	5	184	211	2864	65536
45.1	175.8	3920	3	0	22	6	200	193	3482	65536
46.1	457.0	2122	1	0	1734	1	43	44	293	65536
47.1	286.8	2089	1	0	1633	1	60	71	318	65536
48.1	223.8	915	1	0	8	2	123	104	671	65536
49.1	415.2	2081	0	0	1749	1	38	54	235	65536
50.1	284.9	2908	1	0	2313	2	76	87	421	65536
51.1	247.1	2298	3	0	24	6	206	261	1782	65536
52.1	418.5	2287	0	0	2080	0	22	40	140	65536
53.1	389.5	2259	1	0	1524	1	81	87	558	65536
54.1	342.0	1473	1	0	1060	1	73	71	262	65536
55.1	340.1	1547	0	0	1018	0	29	56	440	65536
56.1	430.0	2317	0	0	2016	1	37	50	208	65536
57.1	398.9	2422	0	0	1991	1	42	68	315	65536
58.1	403.3	1945	0	0	1743	0	21	39	138	65536
59.1	354.1	1933	0	0	1590	1	40	49	248	65536
60.1	335.4	1956	0	0	1619	1	53	62	216	65536
61.1	370.8	2161	0	0	1726	0	133	61	237	65536
62.1	385.8	1776	0	0	1457	1	38	58	217	65536
63.1	327.7	1847	0	0	1647	0	23	22	151	65536
64.1	358.3	1725	0	0	1360	1	46	41	271	65536
65.1	351.9	2485	1	0	1951	1	40	34	452	65536
66.1	444.9	2687	1	0	2377	1	40	40	223	65536
67.1	393.0	2216	0	0	1858	1	57	54	240	65536
68.2	436.2	2649	0	0	2436	4	32	32	138	65536
69.2	304.5	2217	1	0	1809	1	67	58	276	65536
70.2	352.9	2254	1	0	1897	1	60	52	236	65536
71.2	340.1	2424	0	0	2156	1	68	34	161	65536
72.2	412.4	2819	0	0	2251	0	36	52	475	65536
73.2	312.0	2882	0	0	2343	2	140	55	337	65536
74.2	367.5	2546	0	0	2311	1	28	66	136	65536
75.2	388.4	2687	0	0	2369	1	47	59	206	65536
76.2	362.6	2381	0	0	2052	1	42	39	240	65536
77.2	402.3	2917	0	0	2594	1	44	38	233	65536
78.2	436.7	2877	0	0	2538	1	79	34	219	65536
79.2	349.6	2543	0	0	2179	1	37	34	287	65536
80.2	409.2	2511	0	0	2249	1	36	40	180	65536
81.2	395.4	2673	0	0	2356	1	37	34	240	65536
82.2	341.0	2227	0	0	1950	1	34	28	209	65536
83.2	371.6	2092	0	0	1928	0	19	17	125	65536
84.2	336.7	2400	0	0	1966	1	45	39	344	65536
85.2	329.5	2287	0	0	1933	1	36	30	282	65536
86.2	420.1	2129	0	0	1953	0	19	19	134	65536
87.2	407.0	2533	0	0	2256	1	38	32	201	65536
88.2	365.2	2457	0	0	2184	1	34	39	194	65536
89.2	339.2	2290	0	0	2065	1	23	29	169	65536
90.2	369.0	2296	0	0	1979	1	35	28	248	65536
91.2	326.2	2650	0	0	2285	1	56	42	259	65536
92.2	343.0	2186	0	0	1978	0	18	15	170	65536
93.2	351.2	2171	0	0	1859	1	41	38	225	65536
94.2	474.3	2481	0	0	2086	1	37	34	316	65536
95.2	335.4	2622	0	0	2243	1	40	126	207	65536
96.2	399.7	2420	0	0	2207	0	19	16	174	65536
97.2	351.9	2910	0	0	2626	1	39	35	204	65536
98.2	400.3	2407	1	0	2011	1	39	26	324	65536
99.2	361.0	2853	1	0	2175	3	83	72	509	65536
100.2	352.1	2406	1	0	2033	1	85	33	248	65536
101.2	436.8	2445	0	0	2126	1	43	35	233	65536
102.2	419.3	2938	1	0	2591	2	46	47	245	65536
103.2	365.3	2291	0	0	1921	1	39	35	289	65536
104.2	308.8	2282	0	0	2117	0	23	19	119	65536
105.2	409.2	2507	0	0	2227	1	40	34	200	65536
106.2	349.4	2784	1	0	2475	1	53	39	208	65536
107.2	371.7	2213	0	0	1863	1	49	56	240	65536
108.2	393.6	2558	0	0	2227	1	52	65	209	65536
109.2	422.1	2520	0	0	2241	1	40	33	200	65536
110.2	404.7	2586	0	0	2192	1	39	116	233	65536
111.2	381.2	2666	0	0	2274	1	46	31	309	65536
112.2	303.0	2520	0	0	2193	1	47	34	237	65536
113.2	346.3	2545	0	0	2128	1	41	32	338	65536
114.2	405.3	2408	0	0	2157	1	37	38	172	65536
115.2	415.1	2882	0	0	2704	0	23	27	123	65536
116.2	369.9	2463	0	0	2188	1	38	32	199	65536
117.2	344.0	2081	0	0	1932	0	21	17	108	65536
118.2	335.1	2203	0	0	1926	1	42	29	199	65536
119.2	319.3	2523	0	0	2196	1	45	36	239	65536
120.2	369.3	2162	0	0	1953	0	21	30	154	65536
121.2	414.5	2294	0	0	1924	0	26	32	307	65536
122.2	395.9	2410	0	0	2158	1	52	49	146	65536
123.2	330.2	2322	0	0	2023	1	52	54	188	65536
124.2	352.7	2434	0	0	2103	1	52	45	228	65536
125.2	429.6	2296	0	0	1993	1	51	41	206	65536
126.2	351.3	2725	0	0	2370	1	55	71	224	65536
127.2	390.5	2469	1	0	2223	1	43	30	166	65536
128.2	363.9	2520	0	0	2245	1	83	31	155	65536
129.2	363.3	2137	0	0	1833	1	67	51	179	65536
130.2	412.4	2253	0	0	1915	1	51	52	229	65536
131.2	434.3	2956	0	0	2630	1	53	50	217	65536
132.2	339.3	2592	0	0	2249	1	53	44	241	65536
133.2	391.7	2440	0	0	2060	1	58	78	238	65536
134.2	409.6	2491	0	0	2248	0	33	32	173	65536
135.2	374.4	2700	0	0	2361	1	62	45	226	65536
136.3	356.5	2221	0	0	1913	1	50	54	200	65536
137.3	396.0	2808	1	0	2044	1	74	90	591	65536
138.3	395.2	2362	0	0	2087	1	33	84	153	65536
139.3	426.9	2318	0	0	2138	0	27	31	117	65536
140.3	325.6	2475	0	0	2107	1	55	64	243	65536
141.3	338.2	2209	0	0	1917	1	34	36	216	65536
142.3	297.6	2076	0	0	1874	0	21	19	157	65536
143.3	410.7	2728	1	0	2368	1	44	53	257	65536
144.3	428.1	2942	0	0	2651	1	37	30	218	65536
145.3	391.5	2368	0	0	2072	1	37	32	221	65536
146.3	433.2	2590	0	0	2351	0	28	80	127	65536
147.3	408.9	2782	1	0	2435	1	59	51	230	65536
148.3	422.7	2266	0	0	2048	0	22	50	142	65536
149.3	408.5	2523	0	0	2240	1	38	33	207	65536
150.3	372.0	2272	0	0	1974	1	34	34	225	65536
151.3	420.8	2363	0	0	2098	1	34	30	195	65536
152.3	277.1	1835	0	0	1538	1	39	32	220	65536
153.3	362.7	2376	1	0	2020	1	62	54	231	65536
154.3	407.7	2435	0	0	2118	1	50	50	211	65536
155.3	412.3	2513	0	0	2332	0	29	27	121	65536
156.3	345.8	2142	0	0	1911	0	74	23	130	65536
157.3	327.2	3099	1	0	1815	2	102	122	1049	65536
158.3	411.0	2873	0	0	2485	1	58	60	262	65536
159.3	365.4	3034	0	0	2566	1	59	52	350	65536
160.3	423.6	2761	0	0	2423	1	49	78	205	65536
161.3	380.4	2677	0	0	2323	1	67	57	225	65536
162.3	396.7	2423	0	0	2216	0	23	21	159	65536
163.3	371.1	2390	0	0	2022	1	44	35	283	65536
164.3	400.3	2465	0	0	2186	1	35	41	197	65536
165.3	354.1	2289	0	0	2011	1	34	32	207	65536
166.3	370.5	2503	0	0	1892	1	35	31	540	65536
167.3	426.4	2850	0	0	2494	1	39	36	233	65536
168.3	366.6	2313	0	0	1976	1	47	39	244	65536
169.3	357.5	2310	0	0	1977	1	36	30	262	65536
170.3	424.1	2337	0	0	1982	1	42	31	277	65536
171.3	435.9	2988	0	0	2708	1	39	34	202	65536
172.3	330.3	2420	0	0	1911	1	40	30	433	65536
173.3	330.8	2609	1	0	2204	1	49	39	310	65536
174.3	379.7	2615	0	0	2166	1	42	40	362	65536
175.3	406.0	2761	1	0	2305	1	66	88	294	65536
176.3	365.3	2523	0	0	2128	1	41	127	221	65536
177.3	373.6	2804	0	0	2445	1	86	32	235	65536
178.3	299.1	2175	1	0	1640	1	44	36	447	65536
179.3	449.1	2612	0	0	2274	1	53	55	224	65536
180.3	357.2	2087	0	0	1881	0	27	22	153	65536
181.3	382.7	2444	0	0	2267	1	29	29	114	65536
182.3	321.4	2032	0	0	1748	1	35	38	206	65536
183.3	335.8	2431	1	0	2011	1	38	33	341	65536
184.3	332.5	2660	0	0	2217	1	44	39	352	65536
185.3	390.0	3008	1	0	2461	1	44	218	278	65536
186.3	361.3	2511	0	0	2110	1	45	50	300	65536
187.3	391.5	2170	0	0	1924	1	33	29	180	65536
188.3	437.5	2774	0	0	2493	1	50	32	194	65536
189.3	328.2	2215	1	0	1678	1	32	35	462	65536
190.3	346.1	2257	1	0	1914	1	40	36	259	65536
191.3	310.2	2314	0	0	1792	1	40	36	439	65536
192.3	411.3	2408	0	0	1899	1	39	35	428	65536
193.3	336.8	2170	0	0	1857	1	46	55	205	65536
194.3	385.1	2782	0	0	2323	1	72	57	322	65536
195.3	366.5	2463	1	0	1955	1	44	53	403	65536
196.3	484.6	2793	1	0	2430	1	41	40	275	65536
197.3	356.1	2375	1	0	2156	1	28	36	149	65536
198.4	361.0	2383	1	0	1835	1	48	37	405	65536
199.4	354.0	2240	0	0	1915	1	40	39	239	65536
200.4	406.9	2669	0	0	2337	0	36	73	218	65536
201.4	358.3	2461	0	0	2062	1	34	61	299	65536
202.4	361.7	2352	0	0	1981	1	33	24	308	65536
203.4	462.8	2815	0	0	2534	1	34	35	206	65536
204.4	409.7	2881	0	0	2595	1	37	36	207	65536
205.4	405.5	2737	0	0	2451	1	37	33	209	65536
206.4	343.4	2251	0	0	1947	0	18	17	265	65536
207.4	407.6	2483	0	0	2205	1	30	103	141	65536
208.4	374.9	2443	0	0	2098	1	57	45	236	65536
209.4	348.1	2255	0	0	1938	1	49	56	206	65536
210.4	384.1	2236	0	0	1911	1	50	44	223	65536
211.4	371.8	2584	0	0	2069	1	52	68	389	65536
212.4	438.7	2538	0	0	2347	0	29	26	132	65536
213.4	379.9	2956	0	0	2542	1	54	86	268	65536
214.4	347.5	2210	0	0	1833	1	51	60	261	65536
215.4	338.5	2240	0	0	1895	1	50	56	233	65536
216.4	384.1	2405	0	0	1998	1	49	27	325	65536
217.4	415.4	2305	0	0	1972	1	40	30	256	65536
218.4	344.1	2292	0	0	1966	1	47	57	216	65536
219.4	362.0	2247	0	0	1898	1	48	56	239	65536
220.4	416.6	2709	0	0	2407	1	46	42	209	65536
221.4	368.7	2310	0	0	2067	1	28	29	181	65536
222.4	416.9	2682	0	0	2301	1	47	79	250	65536
223.4	406.3	2798	0	0	2374	0	45	67	308	65536
224.4	382.2	2403	0	0	2097	1	49	69	182	65536
225.4	380.1	2488	0	0	2174	1	46	59	204	65536
226.4	432.6	2966	1	0	2520	1	57	59	320	65536
227.4	383.1	2500	0	0	2146	1	48	78	222	65536
228.4	385.9	2663	1	0	2271	1	118	48	220	65536
229.4	403.5	2606	0	0	2273	1	46	62	219	65536
230.4	347.3	2043	0	0	1812	0	30	62	135	65536
231.4	368.8	2478	0	0	2133	1	51	57	232	65536
232.4	367.3	2335	0	0	1951	1	34	28	315	65536
233.4	412.7	2300	0	0	1977	1	34	29	254	65536
234.4	402.6	2537	0	0	2177	1	35	121	199	65536
235.4	353.7	2022	0	0	1858	0	20	16	125	65536
236.4	382.9	2313	0	0	2093	0	50	23	143	65536
237.4	335.5	2635	2	0	2100	1	61	79	385	65536
238.4	424.4	3376	0	0	3041	1	53	50	226	65536
239.4	408.3	3087	0	0	2805	1	36	34	206	65536
240.4	432.7	2451	0	0	2106	1	48	56	233	65536
241.4	344.3	2224	0	0	1956	0	32	31	200	65536
242.4	426.9	2823	0	0	2578	1	24	33	182	65536
243.4	336.5	2233	0	0	2019	0	21	21	132	65536
244.4	367.2	2608	1	0	2206	3	77	54	261	65536
245.4	388.6	2447	0	0	2187	0	36	67	153	65536
246.4	385.3	2367	0	0	2208	0	23	22	110	65536
247.4	334.6	2638	0	0	2173	1	48	55	357	65536
248.4	364.9	2262	0	0	1891	1	52	49	265	65536
249.4	355.3	2796	1	0	2343	0	50	61	337	65536
250.4	342.1	2378	0	0	2147	1	29	67	130	65536
251.4	386.6	2363	0	0	2104	0	32	61	162	65536
252.4	420.2	2496	0	0	2327	0	25	24	115	65536
253.4	395.9	2294	0	0	1975	1	36	30	248	65536
254.4	405.9	2782	0	0	2510	1	39	31	196	65536
255.4	391.0	3327	7	0	2342	18	195	152	588	65536
256.4	393.9	2419	1	0	1924	1	39	36	413	65536
257.4	423.6	2760	0	0	2477	1	36	39	202	65536
258.4	380.0	2560	0	0	2256	1	38	44	217	65536
259.4	366.3	2157	0	0	1922	0	19	15	197	65536
260.4	371.0	2294	0	0	1997	1	38	30	223	65536
261.4	376.3	2400	2	0	1865	2	55	45	425	65536
262.4	423.9	2582	0	0	2415	0	20	18	125	65536
263.4	462.5	2907	1	0	2248	1	62	78	511	65536
264.4	410.5	2297	0	0	2061	1	25	19	188	65536
265.4	486.3	2770	0	0	2406	1	26	26	306	65536
266.4	481.5	2507	0	0	2252	1	35	31	183	65536
267.4	439.0	2323	0	0	2037	1	34	36	210	65536
268.4	319.5	1884	0	0	1615	1	39	30	195	65536
269.5	300.0	1959	0	0	1629	1	34	29	260	65536
270.5	341.2	2777	0	0	1935	1	39	36	370	65536
271.5	302.8	2629	0	0	1953	1	27	25	145	65536
272.5	359.7	3132	0	0	2214	1	44	37	198	65536
273.5	357.7	2655	0	0	1969	1	23	20	128	65536
274.5	368.4	2614	0	0	1947	1	40	38	150	65536
275.5	408.9	3230	0	0	2276	1	49	43	249	65536
276.5	414.2	3251	0	0	2446	1	49	38	239	65536
277.5	350.7	2787	0	0	1989	1	44	34	232	65536
278.5	398.8	2772	1	0	1965	2	54	38	232	65536
279.5	379.7	2978	0	0	2248	1	46	27	145	65536
280.5	413.9	2876	0	0	2118	44	50	27	141	65536
281.5	398.9	2918	1	0	2115	1	46	46	197	65536
282.5	365.1	2478	0	0	1934	1	22	19	109	65536
283.5	366.6	2610	0	0	1820	1	44	35	212	65536
284.5	357.4	2795	0	0	2058	0	42	35	145	65536
285.5	361.1	3004	0	0	2103	0	63	52	243	65536
286.5	407.5	2893	0	0	2243	1	34	29	138	65536
287.5	353.1	2410	0	0	1817	0	32	26	124	65536
288.5	295.6	2803	0	0	1987	0	62	50	222	65536
289.5	411.0	3323	1	0	2245	1	76	77	200	65536
290.5	340.2	2746	0	0	1943	1	56	47	218	65536
291.5	406.8	2884	0	0	2171	1	33	72	137	65536
292.5	406.8	3001	0	0	2230	1	57	51	223	65536
293.5	397.1	3007	0	0	2234	1	55	47	210	65536
294.5	325.9	2751	0	0	1927	1	58	47	221	65536
295.5	400.8	2844	0	0	2362	1	38	31	181	65536
296.5	392.9	2892	1	0	1914	1	65	61	245	65536
297.5	331.7	2881	0	0	1781	1	65	46	243	65536
298.5	350.3	2782	1	0	1977	1	59	50	231	65536
299.5	361.8	2464	0	0	1941	0	25	20	131	65536
300.5	339.3	2562	0	0	1882	0	24	19	199	65536
301.5	400.3	3072	1	0	2106	1	58	44	258	65536
302.5	393.9	3162	0	0	2266	0	50	40	235	65536
303.5	366.1	2557	0	0	1897	0	26	21	141	65536
304.5	340.5	3076	0	0	2012	1	86	73	255	65536
305.5	385.8	3270	0	0	2447	1	67	35	221	65536
306.5	371.5	2605	0	0	2246	1	27	23	162	65536
307.5	371.3	2483	0	0	1894	1	23	18	117	65536
308.5	373.0	2651	0	0	1962	1	44	36	378	65536
309.5	312.0	2723	0	0	1962	1	45	24	148	65536
310.5	388.5	2509	0	0	1793	1	46	37	154	65536
311.5	387.2	2901	0	0	2342	1	47	39	192	65536
312.5	336.4	3068	0	0	2133	1	54	41	339	65536
313.5	405.9	3347	0	0	2211	1	111	46	251	65536
314.5	397.5	3230	0	0	2188	1	65	54	260	65536
315.5	366.2	2746	0	0	1955	1	29	23	146	65536
316.5	397.2	2970	0	0	2090	1	52	47	228	65536
317.5	357.2	2661	0	0	2119	0	32	28	146	65536
318.5	372.4	2895	0	0	1915	1	55	47	461	65536
319.5	382.9	2741	0	0	2033	0	56	47	223	65536
320.5	396.3	3069	0	0	2338	1	54	46	229	65536
321.5	340.1	2989	0	0	2108	1	56	47	191	65536
322.5	411.5	3754	0	0	2081	0	129	113	384	65536
323.5	390.7	3158	0	0	2251	1	97	66	256	65536
324.5	430.3	3147	0	0	2390	1	35	31	138	65536
325.5	358.4	2529	0	0	1882	1	56	35	123	65536
326.5	319.6	2981	0	0	2007	0	56	48	266	65536
327.5	322.9	2652	1	0	1816	1	35	31	151	65536
328.5	355.2	2758	0	0	2047	1	54	30	122	65536
329.6	364.2	2828	0	0	2013	1	55	47	228	65536
330.6	421.5	3000	0	0	2110	1	56	47	283	65536
331.6	349.2	3631	0	0	2756	1	41	32	160	65536
332.6	405.1	3208	1	0	2141	1	66	53	256	65536
333.6	398.8	3150	0	0	2387	1	55	47	215	65536
334.6	340.9	2837	0	0	1914	0	55	46	360	65536
335.6	387.9	2955	0	0	2258	1	29	25	119	65536
336.6	430.8	3201	0	0	2463	1	55	48	148	65536
337.6	357.4	20708	0	0	1913	1	54	53	241	65536
338.6	423.3	3133	0	0	2381	1	38	33	165	65536
339.6	353.1	2911	0	0	1933	1	60	49	246	65536
340.6	327.6	3092	0	0	2095	1	60	49	240	65536
341.6	379.7	2861	0	0	1968	1	34	34	321	65536
342.6	410.2	3355	0	0	2459	1	59	51	212	65536
343.6	408.5	3442	0	0	2542	0	46	40	235	65536
344.6	358.0	3359	1	0	2391	1	48	44	283	65536
345.6	427.1	3196	0	0	2455	1	45	35	213	65536
346.6	341.9	3011	0	0	1988	0	49	40	218	65536
347.6	381.4	2685	0	0	1931	1	34	29	154	65536
348.6	408.3	2902	0	0	2251	1	27	26	161	65536
349.6	366.2	2923	0	0	2113	1	47	35	235	65536
350.6	397.4	2668	0	0	1968	1	29	24	151	65536
351.6	398.4	2922	0	0	2229	1	43	34	209	65536
352.6	371.9	2661	0	0	1944	1	43	33	186	65536
353.6	364.8	2643	0	0	1954	0	43	35	223	65536
354.6	424.4	2570	0	0	2088	1	31	64	169	65536
355.6	383.0	2931	0	0	2117	0	49	38	147	65536
356.6	318.3	2759	0	0	1813	1	45	39	301	65536
357.6	335.5	3146	0	0	2014	1	78	69	221	65536
358.6	330.9	2736	0	0	2226	1	33	30	183	65536
359.6	476.9	3003	0	0	2182	1	46	38	178	65536
360.6	395.1	2940	1	0	2318	1	54	41	250	65536
361.6	346.8	2774	3	0	2166	10	35	26	169	65536
362.6	397.0	3115	1	0	2067	4	49	41	315	65536
363.6	412.1	3284	0	0	2727	1	25	21	131	65536
364.6	369.9	2718	0	0	1912	1	44	33	331	65536
365.6	416.5	2400	0	0	1895	0	24	20	129	65536
366.6	363.0	3200	0	0	2130	1	28	53	218	65536
367.6	348.2	3262	0	0	2229	1	60	44	322	65536
368.6	353.9	3876	3	0	2363	7	143	167	1178	65536
369.6	340.1	2051	0	0	1756	1	41	33	216	65536
370.6	424.2	2405	0	0	2115	1	41	33	209	65536
371.7	403.5	2604	0	0	2234	0	23	22	322	65536
372.7	397.2	2657	0	0	2219	0	22	17	396	65536
373.7	323.0	2662	0	0	2117	1	42	32	466	65536
374.7	415.3	2577	0	0	2356	0	24	50	142	65536
375.7	372.3	2252	0	0	1971	1	40	32	202	65536
376.7	328.3	2449	0	0	2261	1	26	20	136	65536
377.7	405.1	2490	0	0	2257	0	25	19	185	65536
378.7	373.2	2398	0	0	2189	0	28	31	146	65536
379.7	382.7	2539	0	0	2255	0	27	49	204	65536
380.7	369.1	2675	0	0	2469	1	27	32	142	65536
381.7	373.1	2336	0	0	2016	1	41	30	243	65536
382.7	428.3	2829	0	0	2435	1	46	38	303	65536
383.7	372.5	2345	0	0	2083	1	86	28	143	65536
384.7	372.9	2689	0	0	2301	1	31	35	316	65536
385.7	359.4	2142	0	0	1929	1	27	29	153	65536
386.7	354.0	2437	1	0	1936	1	46	35	413	65536
387.7	393.7	2606	0	0	2293	1	43	34	230	65536
388.7	249.1	3852	1	0	3156	1	56	47	586	65536
389.7	422.0	2756	0	0	2463	1	39	30	218	65536
390.7	380.9	2323	0	0	1974	1	51	38	253	65536
391.7	372.5	2402	0	0	1969	1	47	40	340	65536
392.7	297.8	1924	0	0	1582	1	86	35	214	65536
393.7	336.7	3023	0	0	2823	0	26	37	132	65536
394.7	356.6	2145	0	0	1929	0	25	33	154	65536
395.7	340.1	2615	2	0	1861	1	273	60	361	65536
396.7	370.8	2567	0	0	1946	1	46	35	532	65536
397.7	423.6	2738	2	0	2031	4	118	204	368	65536
398.7	390.2	2482	0	0	2198	1	41	33	204	65536
399.7	434.7	2826	1	0	2513	1	48	36	222	65536
400.7	423.6	2705	0	0	2324	1	41	33	301	65536
401.7	427.6	2332	0	0	2031	1	41	28	226	65536
402.7	405.4	2592	0	0	2302	1	40	33	212	65536
403.7	338.7	2736	0	0	2490	1	54	19	168	65536
404.7	312.9	2492	0	0	1932	1	43	34	477	65536
405.7	361.7	2204	0	0	1985	0	23	21	171	65536
406.7	396.7	2507	0	0	2224	1	41	32	204	65536
407.7	382.2	2355	2	0	1922	2	77	60	285	65536
408.7	370.9	2180	0	0	2009	0	22	17	128	65536
409.7	386.2	2411	1	0	2083	1	46	37	237	65536
410.7	399.2	2436	0	0	2220	0	25	56	130	65536
411.7	337.6	2528	0	0	2254	1	41	29	199	65536
412.7	363.5	2291	0	0	1983	1	44	34	224	65536
413.7	401.9	2472	0	0	2116	1	28	22	300	65536
414.7	402.3	2652	0	0	2311	1	51	44	240	65536
415.7	362.4	2114	0	0	1951	0	21	16	123	65536
416.7	420.2	2396	0	0	2097	1	44	31	218	65536
417.7	341.3	2249	0	0	1889	1	40	31	283	65536
418.7	381.1	2569	1	0	2247	1	47	39	228	65536
419.7	361.1	2156	0	0	1877	1	41	29	202	65536
420.7	428.3	2404	0	0	2132	1	40	30	197	65536
421.7	405.4	2584	0	0	2391	1	27	25	136	65536
422.7	399.8	2816	0	0	2511	1	43	34	222	65536
423.7	398.3	2476	0	0	2203	1	38	34	196	65536
424.7	346.6	2165	0	0	1981	0	23	19	139	65536
425.7	396.0	2549	0	0	2234	1	54	34	220	65536
426.7	395.1	2521	0	0	2241	1	41	31	202	65536
427.7	357.6	2539	0	0	2267	1	89	35	140	65536
428.7	409.3	2766	0	0	2473	1	44	31	211	65536
429.7	439.5	2604	0	0	2348	0	27	36	188	65536
430.7	391.8	2527	0	0	2255	1	39	31	196	65536
431.7	370.3	2374	0	0	1962	1	41	34	331	65536
432.7	417.5	2631	0	0	2450	0	24	20	133	65536
433.7	369.7	2389	0	0	2104	1	41	38	201	65536
434.7	372.5	2615	0	0	1941	0	22	17	632	65536
435.7	418.7	2620	0	0	2321	1	40	36	217	65536
436.7	262.3	4232	1	0	3231	1	57	67	869	65536
437.7	372.0	2506	0	0	2184	1	65	30	222	65536
438.8	358.2	2756	0	0	2543	1	27	49	133	65536
439.8	371.0	2353	0	0	2088	1	40	28	191	65536
440.8	392.6	2504	0	0	2229	1	40	32	198	65536
441.8	381.2	2678	0	0	2105	1	50	48	469	65536
442.8	355.2	2300	0	0	1992	1	48	45	209	65536
443.8	385.0	2177	0	0	1888	1	52	52	179	65536
444.8	376.1	2797	0	0	2502	0	28	28	236	65536
445.8	315.6	2456	1	0	2079	1	68	58	243	65536
446.8	396.0	2771	1	0	2206	1	72	96	387	65536
447.8	350.0	2317	0	0	2007	1	46	56	203	65536
448.8	337.2	2545	0	0	2176	1	48	44	270	65536
449.8	401.7	2776	0	0	2255	1	47	78	390	65536
450.8	371.8	2753	1	0	2334	1	61	70	279	65536
451.8	380.8	2629	0	0	2319	0	32	33	238	65536
452.8	386.7	2476	1	0	2006	1	70	66	325	65536
453.8	416.5	2673	0	0	2292	1	58	67	249	65536
454.8	389.0	2529	0	0	2204	1	32	42	245	65536
455.8	356.6	2101	0	0	1909	0	25	23	140	65536
456.8	361.2	2208	0	0	1916	0	25	47	215	65536
457.8	352.2	2128	0	0	1915	0	30	27	152	65536
458.8	340.8	2325	0	0	2003	1	49	54	213	65536
459.8	340.7	2412	0	0	1832	1	60	80	434	65536
460.8	357.8	2673	0	0	2420	0	29	86	134	65536
461.8	326.5	2284	1	0	2002	1	47	40	190	65536
462.8	428.5	2378	0	0	2113	1	33	58	169	65536
463.8	395.4	2569	0	0	2226	1	46	84	207	65536
464.8	423.8	2815	0	0	2578	1	31	61	141	65536
465.8	372.8	2722	1	0	2383	1	52	48	231	65536
466.8	358.2	2169	0	0	1922	0	79	27	136	65536
467.8	360.2	2363	0	0	2052	1	46	57	202	65536
468.8	332.7	1985	1	0	1597	1	113	46	222	65536
469.8	370.2	2181	0	0	1869	1	46	58	202	65536
470.8	395.8	2427	0	0	2229	0	28	27	138	65536
471.8	400.6	2542	0	0	2226	1	45	60	205	65536
472.8	371.4	2403	0	0	2122	1	86	31	159	65536
473.8	361.5	2354	0	0	2047	1	46	52	203	65536
474.8	360.1	2218	0	0	1902	0	24	24	264	65536
475.8	351.3	4390	0	0	3973	1	58	58	292	65536
476.8	508.8	2422	0	0	2151	1	30	84	152	65536
477.8	360.3	2222	0	0	1981	1	29	59	149	65536
478.8	335.8	2532	0	0	2294	0	32	53	147	65536
479.8	465.8	2225	0	0	1992	0	33	31	165	65536
480.8	436.5	2360	1	0	1970	1	57	55	270	65536
481.8	401.0	2688	0	0	2366	1	47	48	221	65536
482.8	427.8	2668	0	0	2356	1	46	57	203	65536
483.8	347.0	2413	0	0	2098	1	47	57	205	65536
484.8	369.0	2448	0	0	2141	1	45	55	201	65536
485.8	411.0	2129	0	0	1812	1	56	53	200	65536
486.8	417.9	2685	0	0	2294	1	119	45	220	65536
487.8	403.6	2661	1	0	2319	1	52	52	229	65536
488.8	373.5	2479	1	0	2123	1	59	59	229	65536
489.8	445.1	2267	0	0	1954	1	46	58	203	65536
490.8	374.4	2981	0	0	2641	1	49	83	203	65536
491.8	381.1	2464	0	0	2221	1	33	57	147	65536
492.8	340.9	2654	1	0	2307	1	54	53	232	65536
493.8	418.4	2757	0	0	2394	1	49	67	240	65536
494.8	376.1	2568	1	0	2231	1	64	58	208	65536
495.8	338.0	2477	0	0	2144	1	57	52	217	65536
496.8	338.0	2366	1	0	1994	1	58	47	260	65536
497.8	418.2	2567	0	0	2320	1	28	83	131	65536
498.8	391.8	2393	0	0	2025	1	50	48	263	65536
499.8	351.8	2537	2	0	1896	73	62	52	446	65536
500.8	399.1	2597	0	0	2266	1	45	77	203	65536
501.8	363.9	2485	0	0	2095	1	33	37	315	65536
502.8	396.2	2394	0	0	2056	1	46	47	239	65536
503.8	390.0	2801	1	0	2439	1	52	47	256	65536
504.8	247.0	3673	1	0	2993	1	163	60	447	65536
505.8	292.8	1665	1	0	1016	1	68	59	515	65536
506.8	368.9	2194	0	0	1916	1	40	34	198	65536
507.8	430.9	2539	1	0	2179	1	47	41	264	65536
508.8	442.4	3177	0	0	2475	1	31	126	540	65536
509.8	327.1	2961	1	0	2607	1	55	43	248	65536
510.9	343.0	2481	0	0	2112	1	44	38	278	65536
511.9	432.9	3089	0	0	2543	1	39	43	459	65536
512.9	388.3	2634	1	0	2380	0	57	24	166	65536
513.9	342.1	2428	0	0	1935	1	47	34	404	65536
514.9	401.5	2289	0	0	1928	0	37	20	299	65536
515.9	371.8	2317	0	0	2022	1	41	32	216	65536
516.9	364.4	2346	1	0	2098	0	62	22	160	65536
517.9	325.3	2016	0	0	1805	1	27	23	157	65536
518.9	430.5	2122	0	0	1915	0	29	22	152	65536
519.9	366.8	2698	0	0	2305	0	64	56	268	65536
520.9	339.1	2234	0	0	1962	1	39	31	196	65536
521.9	351.8	2165	0	0	1974	0	23	19	145	65536
522.9	362.1	2344	0	0	2038	1	42	34	224	65536
523.9	379.7	2716	0	0	2355	1	42	50	262	65536
524.9	363.3	2235	0	0	1914	1	26	23	267	65536
525.9	404.0	2556	0	0	2234	1	43	31	242	65536
526.9	361.6	2172	0	0	1885	1	42	30	208	65536
527.9	363.5	2360	0	0	1992	1	42	34	285	65536
528.9	400.7	2462	0	0	2186	1	38	36	196	65536
529.9	402.8	2940	0	0	2643	1	42	35	214	65536
530.9	410.4	2597	0	0	2435	0	22	17	120	65536
531.9	359.5	2465	0	0	2168	1	39	31	222	65536
532.9	359.9	2331	0	0	1949	1	84	40	250	65536
533.9	413.1	2236	0	0	1966	1	40	29	195	65536
534.9	376.7	1937	0	0	1653	0	24	21	235	65536
535.9	395.0	2408	0	0	2185	1	30	36	152	65536
536.9	351.7	1998	0	0	1804	0	25	28	137	65536
537.9	378.0	2432	4	0	1940	3	90	74	315	65536
538.9	406.5	2492	0	0	2240	0	24	30	194	65536
539.9	398.4	2435	0	0	2260	0	22	32	116	65536
540.9	374.9	2693	0	0	2379	1	45	40	222	65536
541.9	335.5	2064	0	0	1859	1	26	38	137	65536
542.9	360.9	2245	0	0	1965	1	40	34	201	65536
543.9	413.5	2665	0	0	2423	0	23	20	195	65536
544.9	365.2	2482	0	0	2189	1	43	33	211	65536
545.9	358.7	2381	0	0	1927	1	44	35	367	65536
546.9	377.9	2506	1	0	1968	1	126	51	351	65536
547.9	373.1	2148	0	0	1951	0	50	19	124	65536
548.9	336.4	2118	0	0	1632	1	44	35	402	65536
549.9	408.2	2639	0	0	2435	1	24	21	154	65536
550.9	394.9	2402	0	0	2233	0	21	31	113	65536
551.9	354.0	2294	0	0	2022	1	40	29	198	65536
552.9	357.1	2497	0	0	2213	1	40	30	207	65536
553.9	359.2	2398	0	0	2101	1	42	35	214	65536
554.9	419.3	2644	1	0	2342	1	42	36	217	65536
555.9	364.7	2363	0	0	2067	1	40	41	209	65536
556.9	337.9	2525	0	0	2141	1	39	31	309	65536
557.9	376.4	2425	1	0	2120	4	82	25	186	65536
558.9	321.6	2112	1	0	1836	1	45	34	191	65536
559.9	439.5	2679	0	0	2383	1	42	34	214	65536
560.9	372.3	2487	0	0	2205	1	42	31	203	65536
561.9	368.6	2615	1	0	2235	1	63	43	266	65536
562.9	395.4	2453	1	0	2227	0	24	53	144	65536
563.9	379.1	2464	1	0	1951	43	49	44	370	65536
564.9	376.6	2335	1	0	2037	1	43	32	216	65536
565.9	323.7	2303	0	0	1849	1	46	41	360	65536
566.9	359.1	2537	0	0	2275	1	35	49	174	65536
567.9	353.6	2075	0	0	1880	0	28	23	141	65536
568.9	379.9	2480	0	0	2208	1	34	35	196	65536
569.9	366.1	2079	0	0	1924	0	18	17	116	65536
570.9	379.5	2591	0	0	2308	1	35	37	205	65536
571.9	359.8	2473	0	0	2195	1	36	35	201	65536
572.9	370.3	2197	1	0	1873	0	54	34	230	65536
573.9	418.0	2292	0	0	1961	1	46	54	225	65536
574.9	393.9	2337	0	0	1910	1	52	49	322	65536
575.9	388.1	2499	0	0	2282	0	31	31	150	65536
576.9	350.7	2550	0	0	2214	1	55	58	217	65536
577.9	321.3	2309	0	0	1979	1	54	44	226	65536
578.9	383.4	2521	0	0	2134	1	59	80	241	65536
579.9	341.3	2358	0	0	2004	1	55	60	233	65536
580.9	379.7	2642	0	0	2330	1	50	50	206	65536
581.9	311.9	2313	0	0	1987	0	98	36	187	65536
582.9	368.0	2202	0	0	1926	1	36	35	199	65536
583.9	375.2	2487	0	0	2216	1	37	28	199	65536
584.9	395.7	2505	0	0	2254	0	69	31	146	65536
586.0	397.0	2600	0	0	2349	0	83	28	135	65536
587.0	380.2	2558	1	0	2230	1	53	39	227	65536
588.0	386.5	2487	0	0	2066	1	59	48	307	65536
589.0	376.3	2427	0	0	2112	1	42	31	236	65536
590.0	343.2	2471	0	0	2130	1	39	38	258	65536
591.0	349.5	2438	0	0	2018	1	43	44	326	65536
592.0	231.3	3681	0	0	3347	1	41	32	256	65536
593.0	374.6	2293	0	0	1987	0	43	30	229	65536
594.0	434.2	2536	0	0	2178	1	44	35	271	65536
595.0	332.6	2537	0	0	2187	1	44	32	268	65536
596.0	423.3	2491	0	0	1979	1	46	43	417	65536
597.0	433.5	2719	0	0	2399	1	47	39	227	65536
598.0	348.9	2251	0	0	1945	1	47	43	209	65536
599.0	365.5	2179	0	0	1831	1	53	48	241	65536
600.0	364.1	2508	1	0	2063	1	81	64	293	65536
601.0	375.3	2639	0	0	2297	1	52	56	228	65536
602.0	356.6	2227	0	0	1894	1	51	55	222	65536
603.0	369.9	2237	0	0	2013	0	28	61	130	65536
604.0	349.5	2500	1	0	2078	1	68	54	292	65536
605.0	392.6	2539	0	0	2189	1	50	82	212	65536
606.0	401.4	2627	1	0	2278	1	59	62	222	65536
607.0	361.9	2253	0	0	2011	0	33	64	140	65536
608.0	334.6	2563	0	0	2234	1	53	57	212	65536
609.0	352.0	2192	0	0	1868	1	51	55	212	65536
610.0	367.9	2840	1	0	2209	1	60	83	479	65536
611.0	377.2	2283	0	0	2028	1	82	29	140	65536
612.0	371.1	2198	0	0	1878	1	50	59	205	65536
613.0	412.8	2173	0	0	1842	1	50	52	223	65536
614.0	408.1	2238	0	0	1903	1	50	54	225	65536
615.0	412.6	2558	0	0	2045	1	148	56	302	65536
616.0	337.3	2384	2	0	1955	2	69	90	259	65536
617.0	262.1	3012	0	0	2578	1	63	65	297	65536
618.0	348.7	2216	0	0	1851	1	106	36	217	65536
619.0	400.3	2616	0	0	2319	0	29	29	235	65536
620.0	361.3	2601	0	0	2320	0	28	103	145	65536
621.0	360.6	2305	0	0	2129	0	22	16	134	65536
622.0	347.9	2492	0	0	2185	0	26	22	254	65536
623.0	409.3	2517	0	0	2246	1	39	33	194	65536
624.0	390.4	2961	1	0	2376	1	63	90	425	65536
625.0	350.4	2262	0	0	2018	0	21	16	203	65536
626.0	366.0	2333	0	0	2110	1	31	23	163	65536
627.0	342.9	2256	0	0	1927	1	40	30	255	65536
628.0	410.7	2799	1	0	2465	1	46	41	240	65536
629.0	440.0	2663	1	0	2401	1	33	37	186	65536
630.0	369.0	2087	0	0	1869	0	27	37	149	65536
631.0	431.1	2335	0	0	2107	0	27	22	174	65536
632.0	468.8	2782	0	0	2486	1	40	33	218	65536
633.0	403.5	2675	0	0	2349	1	40	34	244	65536
634.0	389.0	2421	0	0	2138	1	42	31	204	65536
635.0	341.0	2337	0	0	1952	1	39	31	310	65536
636.0	349.0	2943	1	0	2514	1	50	42	330	65536
637.0	390.0	2650	0	0	2366	1	41	33	205	65536
638.0	323.4	2556	0	0	2062	1	84	30	373	65536
639.0	395.8	2866	0	0	2452	1	42	127	239	65536
640.0	375.3	2469	0	0	2239	1	28	37	159	65536
641.0	364.8	2177	0	0	1938	0	21	16	198	65536
642.0	366.3	2223	0	0	1887	1	42	50	238	65536
643.0	406.6	2519	0	0	2237	1	40	33	203	65536
644.0	356.5	2588	1	0	2186	1	40	117	236	65536
645.0	214.5	1654	0	0	1162	1	82	101	300	65536
646.0	371.5	2155	1	0	1817	1	126	48	156	65536
647.0	364.9	3127	0	0	2731	1	52	84	255	65536
648.0	389.9	2912	1	0	2589	1	128	47	141	65536
649.0	350.5	2293	0	0	1969	1	52	46	219	65536
650.0	337.0	2287	0	0	2074	0	32	48	129	65536
651.0	398.5	2545	0	0	2203	1	52	68	215	65536
652.0	402.9	2694	0	0	2365	1	53	49	220	65536
653.0	382.7	2371	0	0	2133	0	34	29	172	65536
654.0	425.9	2615	0	0	2439	0	27	25	119	65536
655.0	374.7	2369	0	0	2114	0	28	45	179	65536
656.0	357.3	2179	0	0	1924	0	33	66	152	65536
657.0	371.2	2445	0	0	2131	1	50	54	205	65536
658.0	416.1	2161	0	0	1964	0	33	27	132	65536
659.0	399.7	2567	0	0	2111	1	70	66	311	65536
660.1	358.4	2222	0	0	1927	1	49	41	200	65536
661.1	348.3	2228	0	0	1915	1	49	53	205	65536
662.1	364.4	2281	0	0	1959	1	49	41	227	65536
663.1	389.9	2594	0	0	2260	1	49	62	218	65536
664.1	391.2	2770	0	0	2374	1	57	70	263	65536
665.1	387.0	2825	0	0	2419	2	74	58	266	65536
666.1	322.9	2404	1	0	1984	1	88	55	269	65536
667.1	330.6	2241	0	0	1926	1	50	53	206	65536
668.1	384.0	2355	0	0	2004	1	54	77	213	65536
669.1	403.7	2590	0	0	2256	1	51	66	211	65536
670.1	373.2	2446	0	0	2127	1	51	54	209	65536
671.1	357.2	2855	0	0	2490	1	57	69	234	65536
672.1	406.8	2626	0	0	2240	1	50	62	268	65536
673.1	371.2	2512	0	0	2297	1	32	31	147	65536
674.1	352.0	2353	1	0	1970	1	70	59	246	65536
675.1	375.9	2209	0	0	1891	0	30	72	213	65536
676.1	433.7	2644	0	0	2417	0	34	40	149	65536
677.1	414.4	2450	0	0	2230	0	28	27	161	65536
678.1	393.7	2692	0	0	2242	1	54	57	333	65536
679.1	320.6	2227	0	0	1911	1	53	44	213	65536
680.1	344.3	2296	0	0	1596	0	33	77	585	65536
681.1	360.7	2473	1	0	2209	1	42	37	180	65536
682.1	332.4	2177	0	0	1846	1	60	52	212	65536
683.1	388.0	2485	0	0	2169	0	29	36	246	65536
684.1	319.3	2765	0	0	2424	1	50	70	214	65536
685.1	331.6	2224	2	0	1665	1	70	103	378	65536
686.1	401.0	2501	0	0	2271	0	34	32	161	65536
687.1	431.2	3014	1	0	2657	1	58	48	243	65536
688.1	360.7	2422	0	0	1974	1	58	68	315	65536
689.1	351.2	2547	1	0	1938	1	57	53	493	65536
690.1	419.7	2235	0	0	2051	0	30	28	122	65536
691.1	339.7	3057	1	0	2159	1	66	149	675	65536
692.1	356.9	2491	0	0	2150	1	52	56	227	65536
693.1	358.2	2044	1	0	1789	1	35	68	146	65536
694.1	406.8	2740	1	0	2232	0	60	61	381	65536
695.1	414.1	2299	0	0	2088	0	31	28	147	65536
696.1	354.6	2501	0	0	2149	1	54	49	245	65536
697.1	360.7	2241	0	0	1918	1	50	50	217	65536
698.1	334.0	2442	1	0	2074	1	67	56	237	65536
699.1	371.2	2568	0	0	1916	2	87	91	465	65536
700.1	343.3	2648	0	0	2310	1	55	54	222	65536
701.1	427.2	2606	0	0	2314	0	30	57	202	65536
702.1	413.1	2503	0	0	2249	0	43	37	170	65536
703.1	361.5	2330	0	0	2017	1	50	52	204	65536
704.1	328.9	2165	0	0	1945	0	27	62	128	65536
705.1	438.4	2707	0	0	2347	1	53	87	214	65536
706.1	418.0	2482	0	0	2169	1	49	54	205	65536
707.1	319.2	2408	1	0	1996	1	72	56	274	65536
708.1	339.5	2006	0	0	1615	1	61	55	269	65536
709.1	361.5	2175	0	0	1756	1	59	55	298	65536
710.1	429.9	2795	0	0	2471	1	54	47	217	65536
711.1	377.4	2458	0	0	2185	1	50	43	175	65536
712.1	352.9	2126	0	0	1898	0	28	65	130	65536
713.1	365.1	2290	1	0	1932	1	57	52	241	65536
714.1	338.2	2174	0	0	1873	1	43	52	201	65536
715.1	348.6	3334	0	0	2320	0	44	76	890	65536
716.1	303.8	2189	0	0	1973	1	48	29	133	65536
717.1	324.6	2072	0	0	1739	1	57	46	224	65536
718.1	404.0	2171	0	0	1897	1	89	28	151	65536
719.1	411.1	2638	0	0	2393	1	33	67	141	65536
720.1	347.0	2189	0	0	1764	1	126	48	245	65536
721.1	360.6	2269	0	0	2071	0	29	41	124	65536
722.1	382.5	2108	0	0	1875	0	29	63	136	65536
723.1	337.7	2097	0	0	1892	1	34	29	138	65536
724.1	408.2	2708	1	0	2290	1	66	54	291	65536
725.1	380.0	2487	1	0	2162	1	107	35	177	65536
726.1	368.2	3046	0	0	2712	1	101	36	190	65536
727.1	364.3	2413	0	0	2108	1	51	41	207	65536
728.1	411.8	2901	0	0	2406	1	137	52	299	65536
729.2	344.0	2222	1	0	1831	1	119	45	221	65536
730.2	385.1	2274	0	0	1938	1	54	54	222	65536
731.2	364.8	2285	0	0	1965	1	52	51	212	65536
732.2	357.9	2167	0	0	1857	1	51	42	211	65536
733.2	396.3	3036	1	0	2322	1	56	82	570	65536
734.2	403.9	2635	0	0	2357	0	36	61	176	65536
735.2	383.5	2679	1	0	2314	2	73	57	225	65536
736.2	377.7	2622	0	0	2312	1	51	44	208	65536
737.2	379.6	2215	0	0	1864	0	40	36	272	65536
738.2	404.9	2590	0	0	2225	1	55	69	236	65536
739.2	394.2	2720	0	0	2393	1	56	44	222	65536
740.2	328.5	2471	1	0	2132	1	65	52	215	65536
741.2	380.6	2484	0	0	2122	1	50	58	249	65536
742.2	408.2	2468	0	0	2289	0	28	26	122	65536
743.2	386.1	2532	0	0	2241	1	120	38	125	65536
744.2	411.0	2364	0	0	2039	1	52	54	214	65536
745.2	364.8	2257	0	0	2007	0	19	27	200	65536
746.2	351.8	2608	1	0	1991	1	46	44	520	65536
747.2	323.0	2527	1	0	2150	1	46	38	285	65536
748.2	381.2	2543	0	0	2257	1	36	31	213	65536
749.2	335.6	2681	0	0	2418	1	36	31	191	65536
750.2	337.6	2318	1	0	1934	1	58	56	260	65536
751.2	400.7	2502	0	0	2137	0	32	47	282	65536
752.2	392.1	2507	0	0	2336	0	25	25	118	65536
753.2	336.1	2685	3	0	2040	2	85	110	435	65536
754.2	434.7	2248	0	0	2068	0	26	33	117	65536
755.2	350.7	2345	1	0	1761	1	51	66	461	65536
756.2	429.9	2692	0	0	2298	1	119	46	220	65536
757.2	369.8	1773	0	0	1520	0	79	27	143	65536
758.2	385.7	2247	0	0	1945	1	46	43	207	65536
759.2	407.5	2306	0	0	1974	1	36	30	260	65536
760.2	409.9	2746	0	0	2445	1	40	36	219	65536
761.2	410.2	2314	0	0	1918	1	49	57	284	65536
762.2	420.4	2698	0	0	2357	1	113	39	183	65536
763.2	368.2	2648	1	0	2310	1	56	53	223	65536
764.2	357.7	2318	0	0	1997	1	50	55	209	65536
765.2	341.8	2305	1	0	1961	1	57	50	232	65536
766.2	375.6	2831	1	0	2517	1	57	88	162	65536
767.2	412.5	2521	0	0	2212	1	50	45	209	65536
768.2	351.2	2389	1	0	2080	1	57	50	194	65536
769.2	380.1	2209	0	0	1869	1	52	41	241	65536
770.2	407.4	2800	1	0	2479	1	54	45	216	65536
771.2	332.5	2636	0	0	2292	1	55	57	226	65536
772.2	360.8	2420	0	0	2085	1	53	44	231	65536
773.2	438.1	2403	0	0	2022	1	49	55	272	65536
774.2	371.6	2627	0	0	2148	1	52	49	372	65536
775.2	312.0	2391	0	0	1843	1	47	39	455	65536
776.2	429.1	2419	0	0	2139	1	41	31	202	65536
777.2	411.7	2585	0	0	2420	0	23	19	120	65536
778.2	386.4	2484	0	0	2196	1	41	31	210	65536
779.2	354.7	2148	0	0	1963	0	25	17	138	65536
780.2	353.3	2546	1	0	2228	1	55	40	215	65536
781.2	404.3	2525	0	0	2246	1	40	32	202	65536
782.2	367.8	2490	0	0	2171	1	45	39	228	65536
783.2	388.6	2573	0	0	2101	1	44	35	385	65536
784.2	386.0	2669	0	0	2450	0	24	54	137	65536
785.2	334.4	1997	0	0	1689	0	25	20	259	65536
786.2	373.2	2571	1	0	2215	1	49	37	262	65536
