==== 钢铁前线 性能日志 =====
版本: 0.1.0 | 启动: 2026-08-18 20:40:15 | GPU: NVIDIA GeForce RTX 5060 Laptop GPU | CPU: AMD 32线程 | 窗口: 2560x1600
----------------------------------
时间(s)	fps	frame_us	cull	terrain	wait	acquire	record	submit	present	near
1.0	394.6	1588	0	0	1337	1	28	29	187	65536
2.0	422.5	1768	0	0	1551	0	25	37	149	65536
3.0	419.2	1583	0	0	1381	0	21	25	149	65536
4.0	420.4	2013	1	0	1683	1	44	46	231	65536
5.0	353.5	1746	1	0	1358	1	47	40	293	65536
6.0	359.5	1818	0	0	1596	1	26	25	165	65536
7.0	391.5	1960	1	0	1583	1	44	61	265	65536
8.0	377.8	1334	0	0	1134	0	22	26	148	65536
9.0	427.2	1725	1	0	1379	1	45	40	253	65536
10.0	423.0	2233	1	0	1780	1	45	142	258	65536
11.0	458.4	2229	0	0	1873	1	44	40	265	65536
12.0	369.5	1541	0	0	1171	1	46	36	280	65536
13.0	369.9	1380	0	0	976	4	52	81	257	65536
14.0	365.0	1854	1	0	1366	1	48	42	390	65536
15.0	300.7	1678	0	0	1335	1	24	24	290	65536
16.0	412.0	1527	0	0	1154	1	46	38	283	65536
17.0	391.8	1899	0	0	1536	1	53	102	201	65536
18.0	331.5	1353	0	0	1113	0	29	32	174	65536
19.0	425.8	1263	0	0	1012	0	31	45	170	65536
20.0	338.1	1803	0	0	1394	1	52	69	282	65536
21.0	377.6	1673	0	0	1429	1	30	54	154	65536
22.0	374.2	1740	0	0	1382	1	54	60	237	65536
23.0	391.7	1282	1	0	883	1	63	64	263	65536
24.0	1012.9	1884	0	0	1634	1	30	57	157	65536
25.0	396.9	1640	0	0	1295	1	53	55	230	65536
26.0	401.3	1939	0	0	1572	1	72	59	229	65536
27.0	373.8	1138	0	0	797	3	52	60	220	65536
28.0	371.2	1740	1	0	1404	1	41	40	247	65536
29.0	428.2	1685	0	0	1353	1	35	29	263	65536
30.0	348.9	1471	0	0	1118	1	51	58	237	65536
31.0	370.1	1766	0	0	1398	1	52	61	247	65536
32.0	374.4	1466	0	0	1115	1	51	54	238	65536
33.0	422.4	1701	0	0	1302	1	53	63	275	65536
34.0	437.5	1583	0	0	1030	1	30	75	441	65536
35.0	356.7	871	0	0	525	1	50	68	221	65536
36.0	426.4	438	0	0	208	0	30	48	147	65536
37.0	484.2	1219	0	0	985	0	29	51	149	65536
38.1	427.5	1629	0	0	1267	1	56	55	244	65536
39.1	374.1	1531	0	0	1250	1	32	59	184	65536
40.1	400.1	1427	0	0	1204	1	31	34	151	65536
41.1	482.8	1112	0	0	658	1	54	79	314	65536
42.1	508.5	1777	0	0	1401	1	53	54	263	65536
43.1	390.2	1137	0	0	884	0	29	75	145	65536
44.1	378.7	2180	0	0	1921	1	31	58	164	65536
45.1	397.3	1460	1	0	1076	1	53	82	241	65536
46.1	329.8	592	0	0	337	1	31	36	182	65536
47.1	355.6	1283	1	0	963	1	43	42	227	65536
48.1	401.1	1502	0	0	1300	0	25	24	149	65536
49.1	432.1	1727	0	0	1406	1	40	42	231	65536
50.1	460.8	2274	1	0	1579	1	41	42	604	65536
51.1	374.2	1437	0	0	1124	1	23	23	261	65536
52.1	376.2	1595	1	0	1145	1	43	40	359	65536
53.1	370.1	1895	0	0	1567	0	22	24	277	65536
54.1	410.4	1701	0	0	1394	1	39	40	222	65536
55.1	358.0	850	0	0	652	1	27	24	141	65536
56.1	349.2	1677	0	0	1452	1	24	44	152	65536
57.1	430.0	2093	0	0	1772	1	39	40	235	65536
58.1	401.8	1940	0	0	1713	1	36	38	146	65536
59.1	366.9	1661	0	0	1300	1	40	41	273	65536
60.1	370.5	1618	0	0	1390	1	51	30	140	65536
61.1	349.7	1510	0	0	1315	1	22	22	146	65536
62.1	379.5	1651	0	0	1457	1	25	23	142	65536
63.1	417.1	1782	0	0	1368	1	47	114	247	65536
64.1	358.7	2030	0	0	1829	1	22	36	137	65536
65.1	406.0	1895	0	0	1633	1	31	34	192	65536
66.1	374.0	1849	0	0	1519	1	39	39	245	65536
67.1	325.6	787	0	0	564	1	23	45	150	65536
68.1	433.0	204	0	0	3	1	24	25	148	65536
69.1	409.0	267	0	0	1923	1	54	40	186	65536
70.1	434.4	267	0	0	1923	1	54	40	186	65536
71.1	358.1	267	0	0	1923	1	54	40	186	65536
72.1	489.6	267	0	0	1923	1	54	40	186	65536
73.1	769.5	267	0	0	1923	1	54	40	186	65536
74.1	660.7	267	0	0	1923	1	54	40	186	65536
75.1	709.6	267	0	0	1923	1	54	40	186	65536
76.1	534.5	267	0	0	1923	1	54	40	186	65536
77.1	590.4	267	0	0	1923	1	54	40	186	65536
78.1	608.3	267	0	0	1923	1	54	40	186	65536
79.1	591.8	267	0	0	1923	1	54	40	186	65536
80.1	668.9	267	0	0	1923	1	54	40	186	65536
81.1	591.6	267	0	0	1923	1	54	40	186	65536
82.1	712.7	267	0	0	1923	1	54	40	186	65536
83.1	561.1	267	0	0	1923	1	54	40	186	65536
84.1	752.3	267	0	0	1923	1	54	40	186	65536
85.1	551.9	267	0	0	1923	1	54	40	186	65536
86.1	473.1	267	0	0	1923	1	54	40	186	65536
87.1	737.5	267	0	0	1923	1	54	40	186	65536
88.1	576.3	267	0	0	1923	1	54	40	186	65536
89.1	732.5	267	0	0	1923	1	54	40	186	65536
90.1	649.7	267	0	0	1923	1	54	40	186	65536
91.1	575.9	267	0	0	1923	1	54	40	186	65536
92.1	1089.0	267	0	0	1923	1	54	40	186	65536
93.1	1018.3	267	0	0	1923	1	54	40	186	65536
94.1	1097.8	267	0	0	1923	1	54	40	186	65536
95.1	768.3	267	0	0	1923	1	54	40	186	65536
96.1	996.6	267	0	0	1923	1	54	40	186	65536
97.1	808.3	267	0	0	1923	1	54	40	186	65536
98.1	1002.7	267	0	0	1923	1	54	40	186	65536
99.1	677.3	267	0	0	1923	1	54	40	186	65536
100.1	964.0	267	0	0	1923	1	54	40	186	65536
101.1	942.8	267	0	0	1923	1	54	40	186	65536
102.1	709.7	267	0	0	1923	1	54	40	186	65536
103.1	955.7	267	0	0	1923	1	54	40	186	65536
104.1	1100.2	267	0	0	1923	1	54	40	186	65536
105.1	701.9	267	0	0	1923	1	54	40	186	65536
106.1	1104.5	267	0	0	1923	1	54	40	186	65536
107.1	982.7	267	0	0	1923	1	54	40	186	65536
108.1	936.2	267	0	0	1923	1	54	40	186	65536
109.1	662.6	267	0	0	1923	1	54	40	186	65536
110.1	650.6	267	0	0	1923	1	54	40	186	65536
111.1	1029.5	267	0	0	1923	1	54	40	186	65536
112.1	720.6	267	0	0	1923	1	54	40	186	65536
113.1	1063.6	267	0	0	1923	1	54	40	186	65536
114.1	740.1	267	0	0	1923	1	54	40	186	65536
115.1	758.8	267	0	0	1923	1	54	40	186	65536
116.1	1037.7	267	0	0	1923	1	54	40	186	65536
117.1	851.7	267	0	0	1923	1	54	40	186	65536
118.1	593.7	267	0	0	1923	1	54	40	186	65536
119.1	677.6	267	0	0	1923	1	54	40	186	65536
120.1	731.6	267	0	0	1923	1	54	40	186	65536
121.1	1095.4	267	0	0	1923	1	54	40	186	65536
122.1	1048.9	267	0	0	1923	1	54	40	186	65536
123.1	822.2	267	0	0	1923	1	54	40	186	65536
124.1	888.8	267	0	0	1923	1	54	40	186	65536
125.1	692.4	267	0	0	1923	1	54	40	186	65536
126.1	932.2	267	0	0	1923	1	54	40	186	65536
127.1	785.7	267	0	0	1923	1	54	40	186	65536
128.1	851.9	267	0	0	1923	1	54	40	186	65536
129.1	680.8	267	0	0	1923	1	54	40	186	65536
130.1	922.8	267	0	0	1923	1	54	40	186	65536
131.1	1206.1	267	0	0	1923	1	54	40	186	65536
132.1	776.5	267	0	0	1923	1	54	40	186	65536
133.1	773.1	267	0	0	1923	1	54	40	186	65536
134.1	999.4	267	0	0	1923	1	54	40	186	65536
135.1	739.3	267	0	0	1923	1	54	40	186	65536
136.1	1148.1	267	0	0	1923	1	54	40	186	65536
137.1	780.6	267	0	0	1923	1	54	40	186	65536
138.1	1066.9	267	0	0	1923	1	54	40	186	65536
139.1	1059.5	267	0	0	1923	1	54	40	186	65536
140.2	769.2	267	0	0	1923	1	54	40	186	65536
141.2	747.2	267	0	0	1923	1	54	40	186	65536
142.2	818.6	267	0	0	1923	1	54	40	186	65536
143.2	1149.2	267	0	0	1923	1	54	40	186	65536
144.2	1115.6	267	0	0	1923	1	54	40	186	65536
145.2	885.7	267	0	0	1923	1	54	40	186	65536
146.2	742.8	267	0	0	1923	1	54	40	186	65536
147.2	975.8	267	0	0	1923	1	54	40	186	65536
148.2	796.9	267	0	0	1923	1	54	40	186	65536
149.2	1120.7	267	0	0	1923	1	54	40	186	65536
150.2	654.3	267	0	0	1923	1	54	40	186	65536
151.2	1042.0	267	0	0	1923	1	54	40	186	65536
152.2	675.2	267	0	0	1923	1	54	40	186	65536
153.2	830.2	267	0	0	1923	1	54	40	186	65536
154.2	821.3	267	0	0	1923	1	54	40	186	65536
155.2	680.6	267	0	0	1923	1	54	40	186	65536
156.2	482.7	267	0	0	1923	1	54	40	186	65536
157.2	911.0	267	0	0	1923	1	54	40	186	65536
158.2	1095.8	267	0	0	1923	1	54	40	186	65536
159.2	1126.0	267	0	0	1923	1	54	40	186	65536
160.2	922.2	267	0	0	1923	1	54	40	186	65536
161.2	1148.2	267	0	0	1923	1	54	40	186	65536
162.2	1197.0	267	0	0	1923	1	54	40	186	65536
163.2	1046.2	267	0	0	1923	1	54	40	186	65536
164.2	878.7	267	0	0	1923	1	54	40	186	65536
165.2	1198.3	267	0	0	1923	1	54	40	186	65536
166.2	1076.2	267	0	0	1923	1	54	40	186	65536
167.2	838.5	267	0	0	1923	1	54	40	186	65536
168.2	832.7	267	0	0	1923	1	54	40	186	65536
169.2	1018.2	267	0	0	1923	1	54	40	186	65536
170.2	953.0	267	0	0	1923	1	54	40	186	65536
171.2	857.0	267	0	0	1923	1	54	40	186	65536
172.2	787.9	267	0	0	1923	1	54	40	186	65536
173.2	909.1	267	0	0	1923	1	54	40	186	65536
174.2	1089.7	267	0	0	1923	1	54	40	186	65536
175.2	713.7	267	0	0	1923	1	54	40	186	65536
176.2	715.2	267	0	0	1923	1	54	40	186	65536
177.2	1037.2	267	0	0	1923	1	54	40	186	65536
178.2	1051.3	267	0	0	1923	1	54	40	186	65536
179.2	793.9	267	0	0	1923	1	54	40	186	65536
180.2	626.8	267	0	0	1923	1	54	40	186	65536
181.2	1178.4	267	0	0	1923	1	54	40	186	65536
182.2	1033.2	267	0	0	1923	1	54	40	186	65536
183.2	1192.3	267	0	0	1923	1	54	40	186	65536
184.2	861.3	267	0	0	1923	1	54	40	186	65536
185.2	823.3	267	0	0	1923	1	54	40	186	65536
186.2	798.8	267	0	0	1923	1	54	40	186	65536
187.2	775.5	267	0	0	1923	1	54	40	186	65536
188.2	764.2	267	0	0	1923	1	54	40	186	65536
189.2	999.5	267	0	0	1923	1	54	40	186	65536
190.2	829.0	267	0	0	1923	1	54	40	186	65536
191.2	717.3	267	0	0	1923	1	54	40	186	65536
192.2	691.2	267	0	0	1923	1	54	40	186	65536
193.2	819.3	267	0	0	1923	1	54	40	186	65536
194.2	1160.5	267	0	0	1923	1	54	40	186	65536
195.2	947.8	267	0	0	1923	1	54	40	186	65536
196.2	1002.0	267	0	0	1923	1	54	40	186	65536
197.2	898.8	267	0	0	1923	1	54	40	186	65536
198.2	947.7	267	0	0	1923	1	54	40	186	65536
199.2	840.1	267	0	0	1923	1	54	40	186	65536
200.2	808.1	267	0	0	1923	1	54	40	186	65536
201.2	501.4	267	0	0	1923	1	54	40	186	65536
202.2	853.2	267	0	0	1923	1	54	40	186	65536
203.2	890.9	267	0	0	1923	1	54	40	186	65536
204.2	542.7	267	0	0	1923	1	54	40	186	65536
205.2	726.9	267	0	0	1923	1	54	40	186	65536
206.2	953.7	267	0	0	1923	1	54	40	186	65536
207.2	665.0	267	0	0	1923	1	54	40	186	65536
208.2	860.4	267	0	0	1923	1	54	40	186	65536
209.2	872.1	267	0	0	1923	1	54	40	186	65536
210.2	705.7	267	0	0	1923	1	54	40	186	65536
211.2	752.2	267	0	0	1923	1	54	40	186	65536
212.2	714.2	267	0	0	1923	1	54	40	186	65536
213.2	825.6	267	0	0	1923	1	54	40	186	65536
214.2	643.4	267	0	0	1923	1	54	40	186	65536
215.2	792.9	267	0	0	1923	1	54	40	186	65536
216.2	1171.5	267	0	0	1923	1	54	40	186	65536
217.2	1079.8	267	0	0	1923	1	54	40	186	65536
218.2	1180.8	267	0	0	1923	1	54	40	186	65536
219.2	828.0	267	0	0	1923	1	54	40	186	65536
220.2	748.1	267	0	0	1923	1	54	40	186	65536
221.2	1204.5	267	0	0	1923	1	54	40	186	65536
222.2	776.6	267	0	0	1923	1	54	40	186	65536
223.2	1118.2	267	0	0	1923	1	54	40	186	65536
224.2	883.0	267	0	0	1923	1	54	40	186	65536
225.2	834.2	267	0	0	1923	1	54	40	186	65536
226.2	991.5	267	0	0	1923	1	54	40	186	65536
227.2	798.4	267	0	0	1923	1	54	40	186	65536
228.2	1154.2	267	0	0	1923	1	54	40	186	65536
229.2	1091.1	267	0	0	1923	1	54	40	186	65536
230.2	810.1	267	0	0	1923	1	54	40	186	65536
231.2	758.3	267	0	0	1923	1	54	40	186	65536
232.2	993.9	267	0	0	1923	1	54	40	186	65536
233.2	954.4	267	0	0	1923	1	54	40	186	65536
234.2	758.8	267	0	0	1923	1	54	40	186	65536
235.2	1047.9	267	0	0	1923	1	54	40	186	65536
236.2	855.0	267	0	0	1923	1	54	40	186	65536
237.2	1164.7	267	0	0	1923	1	54	40	186	65536
238.2	647.2	267	0	0	1923	1	54	40	186	65536
239.2	1025.3	267	0	0	1923	1	54	40	186	65536
240.2	631.6	267	0	0	1923	1	54	40	186	65536
241.2	1066.2	267	0	0	1923	1	54	40	186	65536
242.2	947.3	267	0	0	1923	1	54	40	186	65536
243.2	930.3	267	0	0	1923	1	54	40	186	65536
244.2	653.9	267	0	0	1923	1	54	40	186	65536
245.2	1036.4	267	0	0	1923	1	54	40	186	65536
246.2	824.7	267	0	0	1923	1	54	40	186	65536
247.2	994.5	267	0	0	1923	1	54	40	186	65536
248.2	999.0	267	0	0	1923	1	54	40	186	65536
249.2	971.8	267	0	0	1923	1	54	40	186	65536
250.2	869.2	267	0	0	1923	1	54	40	186	65536
251.2	1164.0	267	0	0	1923	1	54	40	186	65536
252.2	1178.1	267	0	0	1923	1	54	40	186	65536
253.2	691.0	267	0	0	1923	1	54	40	186	65536
254.2	1175.8	267	0	0	1923	1	54	40	186	65536
255.2	1139.1	267	0	0	1923	1	54	40	186	65536
256.2	479.7	267	0	0	1923	1	54	40	186	65536
257.2	925.5	267	0	0	1923	1	54	40	186	65536
258.2	1178.4	267	0	0	1923	1	54	40	186	65536
259.2	1021.9	267	0	0	1923	1	54	40	186	65536
260.2	1100.6	267	0	0	1923	1	54	40	186	65536
261.2	833.0	267	0	0	1923	1	54	40	186	65536
262.2	732.4	267	0	0	1923	1	54	40	186	65536
263.2	1138.8	267	0	0	1923	1	54	40	186	65536
264.2	1143.6	267	0	0	1923	1	54	40	186	65536
265.2	661.8	267	0	0	1923	1	54	40	186	65536
266.2	1118.2	267	0	0	1923	1	54	40	186	65536
267.2	691.9	267	0	0	1923	1	54	40	186	65536
268.2	924.0	267	0	0	1923	1	54	40	186	65536
269.2	1135.6	267	0	0	1923	1	54	40	186	65536
270.2	1086.7	267	0	0	1923	1	54	40	186	65536
271.2	940.7	267	0	0	1923	1	54	40	186	65536
272.2	653.1	267	0	0	1923	1	54	40	186	65536
273.2	651.2	267	0	0	1923	1	54	40	186	65536
274.2	1065.8	267	0	0	1923	1	54	40	186	65536
275.2	861.5	267	0	0	1923	1	54	40	186	65536
276.2	1059.5	267	0	0	1923	1	54	40	186	65536
277.2	790.7	267	0	0	1923	1	54	40	186	65536
278.2	946.5	267	0	0	1923	1	54	40	186	65536
279.2	1196.0	267	0	0	1923	1	54	40	186	65536
280.2	1202.2	267	0	0	1923	1	54	40	186	65536
281.2	991.3	267	0	0	1923	1	54	40	186	65536
282.2	1143.2	267	0	0	1923	1	54	40	186	65536
283.2	738.9	267	0	0	1923	1	54	40	186	65536
284.2	1094.8	267	0	0	1923	1	54	40	186	65536
285.2	704.8	267	0	0	1923	1	54	40	186	65536
286.2	633.5	267	0	0	1923	1	54	40	186	65536
287.2	619.7	267	0	0	1923	1	54	40	186	65536
288.3	641.1	267	0	0	1923	1	54	40	186	65536
289.3	927.1	267	0	0	1923	1	54	40	186	65536
290.3	813.9	267	0	0	1923	1	54	40	186	65536
291.3	819.9	267	0	0	1923	1	54	40	186	65536
292.3	999.6	267	0	0	1923	1	54	40	186	65536
293.3	1162.3	267	0	0	1923	1	54	40	186	65536
294.3	681.2	267	0	0	1923	1	54	40	186	65536
295.3	1196.5	267	0	0	1923	1	54	40	186	65536
296.3	820.7	267	0	0	1923	1	54	40	186	65536
297.3	910.2	267	0	0	1923	1	54	40	186	65536
298.3	1034.2	267	0	0	1923	1	54	40	186	65536
299.3	740.7	267	0	0	1923	1	54	40	186	65536
300.3	1102.7	267	0	0	1923	1	54	40	186	65536
301.3	1186.0	267	0	0	1923	1	54	40	186	65536
302.3	636.3	267	0	0	1923	1	54	40	186	65536
303.3	1041.8	267	0	0	1923	1	54	40	186	65536
304.3	974.6	267	0	0	1923	1	54	40	186	65536
305.3	794.0	267	0	0	1923	1	54	40	186	65536
306.3	780.6	267	0	0	1923	1	54	40	186	65536
307.3	981.3	267	0	0	1923	1	54	40	186	65536
308.3	767.0	267	0	0	1923	1	54	40	186	65536
309.3	714.2	267	0	0	1923	1	54	40	186	65536
310.3	725.0	267	0	0	1923	1	54	40	186	65536
311.3	781.8	267	0	0	1923	1	54	40	186	65536
312.3	957.2	267	0	0	1923	1	54	40	186	65536
313.3	783.3	267	0	0	1923	1	54	40	186	65536
314.3	723.9	267	0	0	1923	1	54	40	186	65536
315.3	869.7	267	0	0	1923	1	54	40	186	65536
316.3	1126.1	267	0	0	1923	1	54	40	186	65536
317.3	708.8	267	0	0	1923	1	54	40	186	65536
318.3	959.7	267	0	0	1923	1	54	40	186	65536
319.3	911.4	267	0	0	1923	1	54	40	186	65536
320.3	773.9	267	0	0	1923	1	54	40	186	65536
321.3	721.3	267	0	0	1923	1	54	40	186	65536
322.3	710.8	267	0	0	1923	1	54	40	186	65536
323.3	609.9	267	0	0	1923	1	54	40	186	65536
324.3	1173.7	267	0	0	1923	1	54	40	186	65536
325.3	1028.1	267	0	0	1923	1	54	40	186	65536
326.3	1010.8	267	0	0	1923	1	54	40	186	65536
327.3	1028.7	267	0	0	1923	1	54	40	186	65536
328.3	977.7	267	0	0	1923	1	54	40	186	65536
329.3	757.3	267	0	0	1923	1	54	40	186	65536
330.3	770.0	267	0	0	1923	1	54	40	186	65536
331.3	1046.2	267	0	0	1923	1	54	40	186	65536
332.3	997.2	267	0	0	1923	1	54	40	186	65536
333.3	1060.1	267	0	0	1923	1	54	40	186	65536
334.3	858.2	267	0	0	1923	1	54	40	186	65536
335.3	781.4	267	0	0	1923	1	54	40	186	65536
336.3	1131.1	267	0	0	1923	1	54	40	186	65536
337.3	1019.6	267	0	0	1923	1	54	40	186	65536
338.3	815.7	267	0	0	1923	1	54	40	186	65536
339.3	823.1	267	0	0	1923	1	54	40	186	65536
340.3	856.6	267	0	0	1923	1	54	40	186	65536
341.3	960.4	267	0	0	1923	1	54	40	186	65536
342.3	730.3	267	0	0	1923	1	54	40	186	65536
343.3	1090.2	267	0	0	1923	1	54	40	186	65536
344.3	965.2	267	0	0	1923	1	54	40	186	65536
345.3	752.6	267	0	0	1923	1	54	40	186	65536
346.3	748.1	267	0	0	1923	1	54	40	186	65536
347.3	1024.6	267	0	0	1923	1	54	40	186	65536
348.3	1014.8	267	0	0	1923	1	54	40	186	65536
349.3	958.3	267	0	0	1923	1	54	40	186	65536
350.3	1134.8	267	0	0	1923	1	54	40	186	65536
351.3	937.2	267	0	0	1923	1	54	40	186	65536
352.3	724.6	267	0	0	1923	1	54	40	186	65536
353.3	755.6	267	0	0	1923	1	54	40	186	65536
354.3	712.7	267	0	0	1923	1	54	40	186	65536
355.3	1016.2	267	0	0	1923	1	54	40	186	65536
356.3	1109.4	267	0	0	1923	1	54	40	186	65536
357.3	664.5	267	0	0	1923	1	54	40	186	65536
358.3	701.6	267	0	0	1923	1	54	40	186	65536
359.3	591.3	267	0	0	1923	1	54	40	186	65536
360.3	1015.2	267	0	0	1923	1	54	40	186	65536
361.3	1177.9	267	0	0	1923	1	54	40	186	65536
362.3	700.9	267	0	0	1923	1	54	40	186	65536
363.3	1104.6	267	0	0	1923	1	54	40	186	65536
364.3	754.5	267	0	0	1923	1	54	40	186	65536
365.3	699.4	267	0	0	1923	1	54	40	186	65536
366.3	637.0	267	0	0	1923	1	54	40	186	65536
367.3	703.7	267	0	0	1923	1	54	40	186	65536
368.3	665.3	267	0	0	1923	1	54	40	186	65536
369.3	802.3	267	0	0	1923	1	54	40	186	65536
370.3	515.8	267	0	0	1923	1	54	40	186	65536
371.3	600.2	267	0	0	1923	1	54	40	186	65536
372.3	819.5	267	0	0	1923	1	54	40	186	65536
373.3	703.4	267	0	0	1923	1	54	40	186	65536
374.3	847.2	267	0	0	1923	1	54	40	186	65536
375.3	655.9	267	0	0	1923	1	54	40	186	65536
376.3	798.1	267	0	0	1923	1	54	40	186	65536
377.3	843.9	267	0	0	1923	1	54	40	186	65536
378.3	789.8	267	0	0	1923	1	54	40	186	65536
379.3	697.1	267	0	0	1923	1	54	40	186	65536
380.3	893.1	267	0	0	1923	1	54	40	186	65536
381.3	981.5	267	0	0	1923	1	54	40	186	65536
382.3	754.1	267	0	0	1923	1	54	40	186	65536
383.3	1007.2	267	0	0	1923	1	54	40	186	65536
384.3	990.1	267	0	0	1923	1	54	40	186	65536
385.3	687.2	267	0	0	1923	1	54	40	186	65536
386.3	732.9	267	0	0	1923	1	54	40	186	65536
387.3	846.5	267	0	0	1923	1	54	40	186	65536
388.3	739.2	267	0	0	1923	1	54	40	186	65536
389.3	1173.7	267	0	0	1923	1	54	40	186	65536
390.3	1179.4	267	0	0	1923	1	54	40	186	65536
391.3	723.1	267	0	0	1923	1	54	40	186	65536
392.3	581.2	267	0	0	1923	1	54	40	186	65536
393.3	939.6	267	0	0	1923	1	54	40	186	65536
394.3	752.2	267	0	0	1923	1	54	40	186	65536
395.3	1000.6	267	0	0	1923	1	54	40	186	65536
396.3	881.2	267	0	0	1923	1	54	40	186	65536
397.3	1003.0	267	0	0	1923	1	54	40	186	65536
398.3	940.6	267	0	0	1923	1	54	40	186	65536
399.3	651.2	267	0	0	1923	1	54	40	186	65536
400.3	925.7	267	0	0	1923	1	54	40	186	65536
401.3	1179.2	267	0	0	1923	1	54	40	186	65536
402.3	943.8	267	0	0	1923	1	54	40	186	65536
403.3	1039.5	267	0	0	1923	1	54	40	186	65536
404.3	571.3	267	0	0	1923	1	54	40	186	65536
405.3	1131.2	267	0	0	1923	1	54	40	186	65536
406.3	607.2	267	0	0	1923	1	54	40	186	65536
407.3	941.7	267	0	0	1923	1	54	40	186	65536
408.3	1130.1	267	0	0	1923	1	54	40	186	65536
409.3	997.0	267	0	0	1923	1	54	40	186	65536
410.3	622.4	267	0	0	1923	1	54	40	186	65536
411.3	920.7	267	0	0	1923	1	54	40	186	65536
412.3	730.2	267	0	0	1923	1	54	40	186	65536
413.3	953.5	267	0	0	1923	1	54	40	186	65536
414.3	999.8	267	0	0	1923	1	54	40	186	65536
415.3	641.1	267	0	0	1923	1	54	40	186	65536
416.3	573.0	267	0	0	1923	1	54	40	186	65536
417.3	884.9	267	0	0	1923	1	54	40	186	65536
418.3	683.8	267	0	0	1923	1	54	40	186	65536
419.3	797.6	267	0	0	1923	1	54	40	186	65536
420.3	1075.6	267	0	0	1923	1	54	40	186	65536
421.4	1105.5	267	0	0	1923	1	54	40	186	65536
422.4	864.8	267	0	0	1923	1	54	40	186	65536
423.4	1083.0	267	0	0	1923	1	54	40	186	65536
424.4	742.3	267	0	0	1923	1	54	40	186	65536
425.4	779.2	267	0	0	1923	1	54	40	186	65536
426.4	793.5	267	0	0	1923	1	54	40	186	65536
427.4	705.4	267	0	0	1923	1	54	40	186	65536
428.4	871.4	267	0	0	1923	1	54	40	186	65536
429.4	1068.3	267	0	0	1923	1	54	40	186	65536
430.4	741.3	267	0	0	1923	1	54	40	186	65536
431.4	1169.2	267	0	0	1923	1	54	40	186	65536
432.4	1044.9	267	0	0	1923	1	54	40	186	65536
433.4	731.1	267	0	0	1923	1	54	40	186	65536
434.4	929.3	267	0	0	1923	1	54	40	186	65536
435.4	791.1	267	0	0	1923	1	54	40	186	65536
436.4	908.7	267	0	0	1923	1	54	40	186	65536
437.4	649.4	267	0	0	1923	1	54	40	186	65536
438.4	1224.7	267	0	0	1923	1	54	40	186	65536
439.4	972.8	267	0	0	1923	1	54	40	186	65536
440.4	678.6	267	0	0	1923	1	54	40	186	65536
441.4	812.7	267	0	0	1923	1	54	40	186	65536
442.4	771.1	267	0	0	1923	1	54	40	186	65536
443.4	792.1	267	0	0	1923	1	54	40	186	65536
444.4	901.6	267	0	0	1923	1	54	40	186	65536
445.4	943.6	267	0	0	1923	1	54	40	186	65536
446.4	1139.6	267	0	0	1923	1	54	40	186	65536
447.4	953.7	267	0	0	1923	1	54	40	186	65536
448.4	806.9	267	0	0	1923	1	54	40	186	65536
449.4	935.2	267	0	0	1923	1	54	40	186	65536
450.4	668.5	267	0	0	1923	1	54	40	186	65536
451.4	1199.2	267	0	0	1923	1	54	40	186	65536
452.4	722.1	267	0	0	1923	1	54	40	186	65536
453.4	1004.5	267	0	0	1923	1	54	40	186	65536
454.4	554.5	267	0	0	1923	1	54	40	186	65536
455.4	728.0	267	0	0	1923	1	54	40	186	65536
456.4	1070.1	267	0	0	1923	1	54	40	186	65536
457.4	900.7	267	0	0	1923	1	54	40	186	65536
458.4	1077.9	267	0	0	1923	1	54	40	186	65536
459.4	622.2	267	0	0	1923	1	54	40	186	65536
460.4	669.7	267	0	0	1923	1	54	40	186	65536
461.4	777.9	267	0	0	1923	1	54	40	186	65536
462.4	1118.9	267	0	0	1923	1	54	40	186	65536
463.4	876.0	267	0	0	1923	1	54	40	186	65536
464.4	939.3	267	0	0	1923	1	54	40	186	65536
465.4	1067.2	267	0	0	1923	1	54	40	186	65536
466.4	797.5	267	0	0	1923	1	54	40	186	65536
467.4	858.0	267	0	0	1923	1	54	40	186	65536
468.4	635.6	267	0	0	1923	1	54	40	186	65536
469.4	676.1	267	0	0	1923	1	54	40	186	65536
470.4	1148.1	267	0	0	1923	1	54	40	186	65536
471.4	799.9	267	0	0	1923	1	54	40	186	65536
472.4	703.4	267	0	0	1923	1	54	40	186	65536
473.4	610.5	267	0	0	1923	1	54	40	186	65536
474.4	748.2	267	0	0	1923	1	54	40	186	65536
475.4	644.5	267	0	0	1923	1	54	40	186	65536
476.4	909.0	267	0	0	1923	1	54	40	186	65536
477.4	566.2	267	0	0	1923	1	54	40	186	65536
478.4	815.0	267	0	0	1923	1	54	40	186	65536
479.4	778.5	267	0	0	1923	1	54	40	186	65536
480.4	861.9	267	0	0	1923	1	54	40	186	65536
481.4	610.4	267	0	0	1923	1	54	40	186	65536
482.4	881.4	267	0	0	1923	1	54	40	186	65536
483.4	846.4	267	0	0	1923	1	54	40	186	65536
484.4	609.9	267	0	0	1923	1	54	40	186	65536
485.4	689.1	267	0	0	1923	1	54	40	186	65536
486.4	728.9	267	0	0	1923	1	54	40	186	65536
487.4	812.6	267	0	0	1923	1	54	40	186	65536
488.4	583.7	267	0	0	1923	1	54	40	186	65536
489.4	811.0	267	0	0	1923	1	54	40	186	65536
490.4	1056.4	267	0	0	1923	1	54	40	186	65536
491.4	1035.5	267	0	0	1923	1	54	40	186	65536
492.4	1213.4	267	0	0	1923	1	54	40	186	65536
493.4	1114.3	267	0	0	1923	1	54	40	186	65536
494.4	1153.0	267	0	0	1923	1	54	40	186	65536
495.4	704.6	267	0	0	1923	1	54	40	186	65536
496.4	680.3	267	0	0	1923	1	54	40	186	65536
497.4	655.8	267	0	0	1923	1	54	40	186	65536
498.4	1057.1	267	0	0	1923	1	54	40	186	65536
499.4	609.3	267	0	0	1923	1	54	40	186	65536
500.4	1014.4	267	0	0	1923	1	54	40	186	65536
501.4	569.3	267	0	0	1923	1	54	40	186	65536
502.4	782.7	267	0	0	1923	1	54	40	186	65536
503.4	1076.5	267	0	0	1923	1	54	40	186	65536
504.4	816.3	267	0	0	1923	1	54	40	186	65536
505.4	1112.5	267	0	0	1923	1	54	40	186	65536
506.4	996.4	267	0	0	1923	1	54	40	186	65536
507.4	847.7	267	0	0	1923	1	54	40	186	65536
508.4	743.8	267	0	0	1923	1	54	40	186	65536
509.4	1009.9	267	0	0	1923	1	54	40	186	65536
510.4	794.7	267	0	0	1923	1	54	40	186	65536
511.4	798.2	267	0	0	1923	1	54	40	186	65536
512.4	761.2	267	0	0	1923	1	54	40	186	65536
513.4	820.7	267	0	0	1923	1	54	40	186	65536
514.4	763.6	267	0	0	1923	1	54	40	186	65536
515.4	814.7	267	0	0	1923	1	54	40	186	65536
516.4	840.8	267	0	0	1923	1	54	40	186	65536
517.4	721.9	267	0	0	1923	1	54	40	186	65536
518.4	688.4	267	0	0	1923	1	54	40	186	65536
519.4	968.0	267	0	0	1923	1	54	40	186	65536
520.4	703.2	267	0	0	1923	1	54	40	186	65536
521.4	839.6	267	0	0	1923	1	54	40	186	65536
522.4	823.1	267	0	0	1923	1	54	40	186	65536
523.4	849.1	267	0	0	1923	1	54	40	186	65536
524.4	765.1	267	0	0	1923	1	54	40	186	65536
525.4	991.8	267	0	0	1923	1	54	40	186	65536
526.4	834.8	267	0	0	1923	1	54	40	186	65536
527.4	1048.2	267	0	0	1923	1	54	40	186	65536
528.4	1022.2	267	0	0	1923	1	54	40	186	65536
529.4	875.5	267	0	0	1923	1	54	40	186	65536
530.4	1098.1	267	0	0	1923	1	54	40	186	65536
531.4	1020.8	267	0	0	1923	1	54	40	186	65536
532.4	1085.8	267	0	0	1923	1	54	40	186	65536
533.4	818.8	267	0	0	1923	1	54	40	186	65536
534.4	863.0	267	0	0	1923	1	54	40	186	65536
535.4	1151.0	267	0	0	1923	1	54	40	186	65536
536.4	777.8	267	0	0	1923	1	54	40	186	65536
537.4	1003.4	267	0	0	1923	1	54	40	186	65536
538.4	693.6	267	0	0	1923	1	54	40	186	65536
539.4	1012.0	267	0	0	1923	1	54	40	186	65536
540.4	1218.2	267	0	0	1923	1	54	40	186	65536
541.4	693.9	267	0	0	1923	1	54	40	186	65536
542.4	865.1	267	0	0	1923	1	54	40	186	65536
543.4	831.5	267	0	0	1923	1	54	40	186	65536
544.4	634.0	267	0	0	1923	1	54	40	186	65536
545.4	1080.0	267	0	0	1923	1	54	40	186	65536
546.4	956.3	267	0	0	1923	1	54	40	186	65536
547.4	1045.4	267	0	0	1923	1	54	40	186	65536
548.4	903.8	267	0	0	1923	1	54	40	186	65536
549.4	723.5	267	0	0	1923	1	54	40	186	65536
550.4	1067.0	267	0	0	1923	1	54	40	186	65536
551.4	1119.6	267	0	0	1923	1	54	40	186	65536
552.4	718.8	267	0	0	1923	1	54	40	186	65536
553.4	875.2	267	0	0	1923	1	54	40	186	65536
554.4	960.2	267	0	0	1923	1	54	40	186	65536
555.4	977.7	267	0	0	1923	1	54	40	186	65536
556.4	1038.6	267	0	0	1923	1	54	40	186	65536
557.5	816.6	267	0	0	1923	1	54	40	186	65536
558.5	727.4	267	0	0	1923	1	54	40	186	65536
559.5	748.7	267	0	0	1923	1	54	40	186	65536
560.5	1150.2	267	0	0	1923	1	54	40	186	65536
561.5	688.1	267	0	0	1923	1	54	40	186	65536
562.5	975.0	267	0	0	1923	1	54	40	186	65536
563.5	850.6	267	0	0	1923	1	54	40	186	65536
564.5	819.5	267	0	0	1923	1	54	40	186	65536
565.5	956.5	267	0	0	1923	1	54	40	186	65536
566.5	715.7	267	0	0	1923	1	54	40	186	65536
567.5	781.5	267	0	0	1923	1	54	40	186	65536
568.5	906.6	267	0	0	1923	1	54	40	186	65536
569.5	776.0	267	0	0	1923	1	54	40	186	65536
570.5	703.0	267	0	0	1923	1	54	40	186	65536
571.5	714.4	267	0	0	1923	1	54	40	186	65536
572.5	909.7	267	0	0	1923	1	54	40	186	65536
573.5	578.1	267	0	0	1923	1	54	40	186	65536
574.5	1103.8	267	0	0	1923	1	54	40	186	65536
575.5	1204.5	267	0	0	1923	1	54	40	186	65536
576.5	697.4	267	0	0	1923	1	54	40	186	65536
577.5	980.3	267	0	0	1923	1	54	40	186	65536
578.5	1001.4	267	0	0	1923	1	54	40	186	65536
579.5	671.5	267	0	0	1923	1	54	40	186	65536
580.5	1074.8	267	0	0	1923	1	54	40	186	65536
581.5	1190.2	267	0	0	1923	1	54	40	186	65536
582.5	1105.8	267	0	0	1923	1	54	40	186	65536
583.5	648.3	267	0	0	1923	1	54	40	186	65536
584.5	834.9	267	0	0	1923	1	54	40	186	65536
585.5	1043.3	267	0	0	1923	1	54	40	186	65536
586.5	964.4	267	0	0	1923	1	54	40	186	65536
587.5	768.2	267	0	0	1923	1	54	40	186	65536
588.5	807.7	267	0	0	1923	1	54	40	186	65536
589.5	588.7	267	0	0	1923	1	54	40	186	65536
590.5	1052.9	267	0	0	1923	1	54	40	186	65536
591.5	1112.6	267	0	0	1923	1	54	40	186	65536
592.5	896.1	267	0	0	1923	1	54	40	186	65536
593.5	1094.6	267	0	0	1923	1	54	40	186	65536
594.5	1069.7	267	0	0	1923	1	54	40	186	65536
595.5	1006.1	267	0	0	1923	1	54	40	186	65536
596.5	995.9	267	0	0	1923	1	54	40	186	65536
597.5	1129.2	267	0	0	1923	1	54	40	186	65536
598.5	1083.5	267	0	0	1923	1	54	40	186	65536
599.5	1020.3	267	0	0	1923	1	54	40	186	65536
600.5	1143.9	267	0	0	1923	1	54	40	186	65536
601.5	1022.0	267	0	0	1923	1	54	40	186	65536
602.5	883.8	267	0	0	1923	1	54	40	186	65536
603.5	752.7	267	0	0	1923	1	54	40	186	65536
604.5	597.0	267	0	0	1923	1	54	40	186	65536
605.5	654.6	267	0	0	1923	1	54	40	186	65536
606.5	764.9	267	0	0	1923	1	54	40	186	65536
607.5	741.6	267	0	0	1923	1	54	40	186	65536
608.5	704.3	267	0	0	1923	1	54	40	186	65536
609.5	876.3	267	0	0	1923	1	54	40	186	65536
610.5	877.3	267	0	0	1923	1	54	40	186	65536
611.5	846.2	267	0	0	1923	1	54	40	186	65536
612.5	869.0	267	0	0	1923	1	54	40	186	65536
613.5	752.3	267	0	0	1923	1	54	40	186	65536
614.5	588.0	267	0	0	1923	1	54	40	186	65536
615.5	682.4	267	0	0	1923	1	54	40	186	65536
616.5	572.9	267	0	0	1923	1	54	40	186	65536
617.5	638.6	267	0	0	1923	1	54	40	186	65536
618.5	804.2	267	0	0	1923	1	54	40	186	65536
619.5	843.3	267	0	0	1923	1	54	40	186	65536
620.5	774.7	267	0	0	1923	1	54	40	186	65536
621.5	1012.0	267	0	0	1923	1	54	40	186	65536
622.5	999.3	267	0	0	1923	1	54	40	186	65536
623.5	937.5	267	0	0	1923	1	54	40	186	65536
624.5	714.6	267	0	0	1923	1	54	40	186	65536
625.5	809.3	267	0	0	1923	1	54	40	186	65536
626.5	773.5	267	0	0	1923	1	54	40	186	65536
627.5	994.1	267	0	0	1923	1	54	40	186	65536
628.5	949.5	267	0	0	1923	1	54	40	186	65536
629.5	857.1	267	0	0	1923	1	54	40	186	65536
630.5	773.1	267	0	0	1923	1	54	40	186	65536
631.5	632.2	267	0	0	1923	1	54	40	186	65536
632.5	881.0	267	0	0	1923	1	54	40	186	65536
633.5	636.7	267	0	0	1923	1	54	40	186	65536
