==== 钢铁前线 性能日志 =====
版本: 0.1.0 | 启动: 2026-08-17 20:14:28 | GPU: NVIDIA GeForce RTX 5060 Laptop GPU | CPU: AMD 32线程 | 窗口: 2560x1600
----------------------------------
时间(s)	fps	frame_us	cull	terrain	wait	acquire	record	submit	present	near
1.0	393.3	2483	0	0	2195	1	36	33	213	65536
2.0	417.0	2764	0	0	2345	1	48	64	300	65536
3.0	394.4	2339	0	0	2125	0	22	35	153	65536
4.0	371.2	2248	0	0	2073	1	23	26	122	65536
5.0	357.0	1748	0	0	1588	0	19	18	118	65536
6.0	354.1	2642	0	0	1984	2	40	40	570	65536
7.0	420.3	2899	0	0	2421	1	37	115	319	65536
8.0	384.1	2378	0	0	2047	1	37	30	259	65536
9.0	344.9	2150	0	0	1827	1	37	32	246	65536
10.0	320.5	2194	0	0	1835	1	38	35	281	65536
11.0	327.0	2200	0	0	1786	1	41	28	338	65536
12.0	392.6	2448	0	0	2142	1	36	30	234	65536
13.0	366.1	2889	0	0	2108	0	20	17	740	65536
14.0	239.1	3419	2	0	2553	2	52	73	732	65536
15.0	270.3	1834	1	0	1200	1	34	30	564	65536
16.0	311.0	2385	1	0	2093	0	23	19	244	65536
17.0	362.7	2374	1	0	1933	1	41	62	329	65536
18.0	380.5	2590	1	0	2078	0	32	25	449	65536
19.0	327.3	2200	1	0	1786	1	45	43	321	65536
20.0	347.0	2886	0	0	2578	1	38	42	222	65536
21.0	413.0	2251	0	0	2081	0	20	19	127	65536
22.0	356.9	2785	0	0	2410	0	31	33	306	65536
23.0	332.6	3150	1	0	2863	1	38	60	182	65536
24.0	326.9	2450	1	0	2022	1	36	45	340	65536
25.0	365.4	2194	0	0	1883	1	43	34	228	65536
26.0	364.5	2197	3	0	1740	6	94	24	317	65536
27.0	414.5	2445	0	0	2076	1	47	39	276	65536
28.1	350.8	2691	0	0	2251	1	44	33	358	65536
29.1	419.4	2715	0	0	2413	1	42	36	217	65536
30.1	386.7	2054	0	0	1831	1	27	24	168	65536
31.1	321.1	2298	0	0	1945	1	48	41	258	65536
32.1	355.1	2350	1	0	1860	1	48	187	248	65536
33.1	352.7	2395	0	0	2097	1	42	33	216	65536
34.1	370.4	2351	0	0	2016	1	50	59	220	65536
35.1	419.2	2356	0	0	2093	1	38	34	186	65536
36.1	396.6	2743	0	0	2387	0	25	22	304	65536
37.1	412.0	2855	0	0	2535	1	47	37	230	65536
38.1	383.0	2413	1	0	2094	1	46	38	228	65536
39.1	403.0	2640	3	0	2118	4	48	39	421	65536
40.1	372.8	2230	1	0	1941	1	43	33	206	65536
41.1	361.6	2232	0	0	1919	1	44	37	224	65536
42.1	329.9	2430	0	0	2113	1	46	33	231	65536
43.1	442.3	2379	1	0	2064	1	45	39	224	65536
44.1	348.6	1496	0	0	1155	0	64	26	247	65536
45.1	348.7	1664	0	0	1388	1	70	27	174	65536
46.1	423.3	1779	0	0	1576	0	25	21	152	65536
47.1	333.9	1541	0	0	1324	0	23	54	135	65536
48.1	342.2	1880	0	0	1667	0	26	38	144	65536
49.1	358.7	1593	0	0	1421	0	22	20	125	65536
50.1	397.9	1988	0	0	1767	0	23	36	158	65536
51.1	428.9	2006	0	0	1666	1	83	35	216	65536
52.1	423.9	2211	0	0	1888	0	23	27	268	65536
53.1	338.3	1568	2	0	912	6	97	62	478	65536
54.1	382.4	796	0	0	565	0	22	38	166	65536
55.1	398.8	1912	0	0	1587	1	43	41	235	65536
56.1	320.7	1228	0	0	1008	0	31	43	141	65536
57.1	326.7	1793	0	0	1427	0	47	50	264	65536
58.1	342.5	2018	1	0	1431	2	72	93	412	65536
59.1	357.4	1687	0	0	1218	1	124	164	173	65536
60.1	387.5	1754	1	0	1414	1	59	50	225	65536
61.1	352.7	2325	0	0	1928	2	63	56	270	65536
62.1	329.4	1462	0	0	1230	0	31	45	153	65536
63.1	350.5	1844	0	0	1625	0	30	37	148	65536
64.1	297.3	1391	0	0	1097	0	37	41	211	65536
65.1	330.3	1205	0	0	991	0	34	37	137	65536
66.1	318.3	2005	0	0	1636	1	24	54	287	65536
67.1	353.1	2231	1	0	1859	1	37	48	280	65536
68.1	372.4	2443	0	0	2157	1	37	36	208	65536
69.1	371.9	3244	3	0	2312	7	131	84	696	65536
70.1	348.3	2121	1	0	1690	1	37	34	353	65536
71.1	389.4	2549	0	0	2159	1	56	58	270	65536
72.1	416.2	2446	1	0	2147	1	55	50	186	65536
73.1	375.3	2370	0	0	1988	1	79	43	213	65536
74.1	377.2	2177	0	0	1953	0	33	45	143	65536
75.1	356.2	1907	0	0	1680	1	33	42	146	65536
76.1	378.7	2638	0	0	2121	1	33	29	451	65536
77.1	327.7	2028	0	0	1681	1	52	55	234	65536
78.1	353.5	2191	0	0	1957	0	32	64	134	65536
79.1	328.9	2321	1	0	1992	1	53	44	226	65536
80.1	343.7	2335	0	0	1821	1	29	35	445	65536
81.1	392.0	2596	1	0	2121	1	53	38	376	65536
82.1	416.1	2629	0	0	2291	1	53	52	227	65536
83.1	346.8	1921	0	0	1690	1	34	48	144	65536
84.1	400.4	2410	0	0	2097	1	53	77	178	65536
85.1	398.3	2399	1	0	2079	1	52	54	207	65536
86.1	338.7	2114	0	0	1885	1	36	36	151	65536
87.1	356.6	2214	1	0	1852	1	78	53	225	65536
88.1	352.4	2052	0	0	1724	1	55	45	223	65536
89.1	345.4	2197	1	0	1635	1	65	54	435	65536
90.1	339.0	2316	0	0	1757	1	104	88	359	65536
91.1	401.9	2099	0	0	1771	0	31	33	260	65536
92.1	346.8	2542	0	0	2300	0	33	30	174	65536
93.1	342.2	2165	0	0	1941	0	59	20	140	65536
94.1	367.7	2293	0	0	2040	1	62	26	160	65536
95.1	314.8	2275	1	0	1562	1	110	49	548	65536
96.1	386.8	2389	0	0	2052	1	52	81	197	65536
97.1	398.3	2477	0	0	2129	1	51	80	211	65536
98.1	309.3	1604	0	0	1337	0	81	29	153	65536
99.1	339.6	2117	0	0	1791	0	52	46	223	65536
100.1	356.5	2379	0	0	2010	1	53	82	228	65536
101.1	369.1	2297	0	0	1915	1	63	56	256	65536
102.1	328.3	2253	0	0	1921	1	56	49	220	65536
103.2	409.4	2488	1	0	2129	1	54	69	227	65536
104.2	400.6	2371	1	0	2053	1	60	54	197	65536
105.2	330.4	2384	1	0	1844	1	167	67	299	65536
106.2	352.6	2027	0	0	1786	0	34	45	159	65536
107.2	356.6	2834	1	0	2279	4	98	110	334	65536
108.2	372.0	2456	2	0	1983	1	73	64	327	65536
109.2	346.5	2284	0	0	1878	1	65	55	279	65536
110.2	420.0	2579	0	0	2329	0	30	27	190	65536
111.2	392.5	2740	0	0	2394	1	54	49	236	65536
112.2	381.4	2253	0	0	1977	1	35	31	204	65536
113.2	362.7	2054	1	0	1752	1	43	33	220	65536
114.2	347.9	2187	0	0	1918	1	35	78	152	65536
115.2	356.1	2030	0	0	1781	1	32	66	145	65536
116.2	347.2	2542	1	0	2179	1	60	51	245	65536
117.2	423.4	2220	0	0	2017	0	31	33	135	65536
118.2	431.4	2653	0	0	2309	1	58	51	228	65536
119.2	365.1	2454	1	0	2081	1	59	52	254	65536
120.2	355.1	2326	1	0	1967	1	58	51	243	65536
121.2	374.5	2381	1	0	2021	2	65	53	233	65536
122.2	388.7	2233	0	0	1792	0	30	63	344	65536
123.2	398.4	1993	0	0	1667	0	39	65	219	65536
124.2	341.6	1829	1	0	1403	1	66	63	288	65536
125.2	325.0	2147	0	0	1235	0	46	44	818	65536
126.2	408.4	1977	0	0	1637	1	56	54	224	65536
127.2	364.7	2274	0	0	1931	1	54	64	219	65536
128.2	347.1	2077	0	0	1881	0	29	43	120	65536
129.2	381.9	2170	0	0	1754	0	29	98	285	65536
130.2	397.0	2267	0	0	1689	1	54	97	421	65536
131.2	359.7	2066	0	0	1518	1	57	135	349	65536
132.2	262.6	1921	1	0	1333	2	71	88	420	65536
133.2	388.7	1895	1	0	1374	1	78	87	349	65536
134.2	310.2	872	0	0	550	1	55	63	197	65536
135.2	339.6	2454	1	0	2073	1	66	68	241	65536
136.2	319.0	2001	0	0	1639	1	59	67	229	65536
137.2	347.8	2369	0	0	1887	0	56	78	341	65536
138.2	336.3	2714	0	0	2263	1	33	73	340	65536
139.2	431.3	2997	1	0	2624	1	51	57	258	65536
140.2	370.1	2247	1	0	1897	1	57	47	238	65536
141.2	403.6	2519	0	0	2212	1	37	50	214	65536
142.2	350.1	2149	0	0	1950	1	24	38	132	65536
143.2	380.1	2395	0	0	2085	1	36	51	216	65536
144.2	340.5	2230	0	0	1987	1	23	40	175	65536
145.2	331.2	2848	0	0	2262	1	38	45	496	65536
146.2	379.7	2312	0	0	2030	1	22	61	193	65536
147.2	412.3	2488	0	0	2177	1	42	46	216	65536
148.2	329.0	1974	0	0	1561	1	49	70	288	65536
149.2	391.5	2359	0	0	2012	1	48	77	216	65536
150.2	346.2	2651	1	0	2339	1	36	51	220	65536
151.2	251.3	1464	0	0	968	1	58	60	373	65536
152.2	329.0	2341	0	0	1949	1	53	87	245	65536
153.2	376.4	2537	0	0	2081	1	49	98	303	65536
154.2	319.3	2774	0	0	2379	1	57	70	260	65536
155.2	328.6	2409	1	0	1856	1	128	75	343	65536
156.2	309.4	2226	0	0	1893	1	51	62	215	65536
157.2	363.0	2075	1	0	1707	1	56	60	245	65536
158.2	347.7	2370	1	0	1796	1	45	48	474	65536
159.2	443.0	2509	0	0	2297	1	28	39	140	65536
160.2	353.2	2235	1	0	1853	1	54	58	261	65536
161.2	362.9	2310	0	0	2031	0	24	29	221	65536
162.2	384.5	2389	0	0	2092	1	42	46	203	65536
163.2	401.4	2409	0	0	2111	1	40	47	205	65536
164.2	347.8	2067	0	0	1758	1	41	45	217	65536
165.2	323.4	2185	0	0	1839	1	41	43	256	65536
166.2	421.7	2252	0	0	2063	0	23	27	134	65536
167.2	347.7	2794	1	0	2302	1	46	57	382	65536
168.2	351.4	2199	0	0	1897	1	41	46	210	65536
169.2	404.9	2155	0	0	1817	1	37	44	252	65536
170.2	362.4	2778	0	0	2312	0	41	56	365	65536
171.2	344.5	2336	1	0	2018	1	58	47	207	65536
172.3	384.3	2517	1	0	2192	1	53	52	213	65536
173.3	360.3	2167	0	0	1844	1	52	55	211	65536
174.3	396.7	2436	1	0	2075	1	53	87	215	65536
175.3	348.3	2331	0	0	1938	1	79	51	256	65536
176.3	358.9	2031	0	0	1709	1	52	54	210	65536
177.3	400.0	2561	0	0	2198	1	53	87	218	65536
178.3	347.8	2844	1	0	2566	1	59	46	166	65536
179.3	331.4	2042	0	0	1692	1	59	52	232	65536
180.3	341.9	2293	0	0	1938	1	59	52	237	65536
181.3	418.1	3028	0	0	2374	1	57	112	478	65536
182.3	375.5	2581	0	0	2255	1	52	48	220	65536
183.3	331.0	2169	0	0	1847	1	53	51	213	65536
184.3	393.8	2482	0	0	2131	1	53	80	212	65536
185.3	359.5	2448	0	0	2088	1	72	51	231	65536
186.3	354.9	2351	1	0	1919	1	70	67	288	65536
187.3	387.6	2651	0	0	2258	1	56	94	237	65536
188.3	381.0	2362	0	0	2077	1	37	40	202	65536
189.3	359.6	1960	0	0	1786	0	23	17	129	65536
190.3	333.9	2177	0	0	1848	1	55	47	220	65536
191.3	316.9	2271	0	0	1719	1	60	56	430	65536
192.3	405.8	2461	0	0	2112	1	52	78	213	65536
193.3	302.7	2015	0	0	1701	1	55	45	208	65536
194.3	357.1	2170	0	0	1845	1	52	54	212	65536
195.3	412.6	2553	0	0	2260	1	31	89	168	65536
196.3	341.2	1867	0	0	1525	1	54	51	232	65536
197.3	341.1	1531	0	0	1176	1	65	53	232	65536
198.3	338.9	1753	1	0	1284	1	84	66	311	65536
199.3	374.6	1551	0	0	1278	1	38	45	185	65536
200.3	376.7	1949	0	0	1685	0	37	80	143	65536
201.3	385.4	1914	0	0	1551	1	54	84	218	65536
202.3	328.9	1489	0	0	1191	1	40	48	204	65536
203.3	358.8	1727	0	0	1397	1	54	53	216	65536
204.3	355.2	1484	1	0	1091	1	67	56	264	65536
205.3	398.7	1640	1	0	1244	1	54	52	284	65536
206.3	401.1	1730	1	0	1435	1	60	74	153	65536
207.3	379.5	1937	2	0	1657	2	38	73	160	65536
208.3	321.8	1482	0	0	1113	1	56	59	248	65536
209.3	405.2	1984	1	0	1508	1	65	92	311	65536
210.3	398.5	1702	0	0	1439	1	33	82	143	65536
211.3	336.0	1805	0	0	1485	1	53	55	206	65536
212.3	329.0	1782	1	0	1451	1	54	51	219	65536
213.3	320.8	1722	0	0	1437	1	57	59	165	65536
214.3	371.7	2051	0	0	1719	1	56	52	218	65536
215.3	256.2	3880	2	0	2606	2	61	317	886	65536
216.3	334.2	2294	1	0	1965	1	43	32	247	65536
217.3	499.2	2507	1	0	2074	1	67	60	299	65536
218.3	420.5	2669	0	0	2321	1	52	78	213	65536
219.3	386.3	2389	0	0	2013	1	58	64	248	65536
220.3	354.5	2381	0	0	2047	1	52	52	225	65536
221.3	343.7	2550	1	0	2210	1	57	46	229	65536
222.3	355.8	2256	0	0	1868	1	58	61	263	65536
223.3	359.4	2379	0	0	1846	1	57	64	405	65536
224.3	365.8	2251	0	0	2012	0	33	39	162	65536
225.3	368.3	1969	0	0	1702	1	39	57	166	65536
226.3	388.2	2408	0	0	2210	0	29	28	137	65536
227.3	300.3	2102	0	0	1684	1	54	50	308	65536
228.3	334.6	2087	0	0	1779	0	48	46	210	65536
229.3	363.0	2065	0	0	1776	1	104	47	130	65536
230.3	405.4	2485	0	0	2112	1	54	87	226	65536
231.3	323.2	1945	0	0	1543	1	57	53	286	65536
232.3	323.1	2194	0	0	1935	0	36	68	151	65536
233.3	376.3	2162	0	0	1763	1	53	120	219	65536
234.3	323.1	2707	1	0	2207	1	59	86	349	65536
235.4	356.0	2465	1	0	2105	1	65	56	232	65536
236.4	337.5	2393	0	0	2029	1	57	48	253	65536
237.4	361.8	2052	0	0	1704	1	54	52	236	65536
238.4	353.7	2136	0	0	1899	0	33	28	172	65536
239.4	297.7	2162	1	0	1711	1	68	51	325	65536
240.4	363.8	2301	1	0	1902	1	68	82	241	65536
241.4	408.1	2416	0	0	2074	1	51	80	205	65536
242.4	362.6	2049	0	0	1821	0	30	62	131	65536
243.4	334.0	2561	0	0	2061	1	55	81	358	65536
244.4	408.1	2433	1	0	1981	1	71	92	280	65536
245.4	414.1	2402	1	0	2135	1	39	60	162	65536
246.4	319.9	1784	1	0	1453	1	44	64	215	65536
247.4	359.1	2026	1	0	1585	2	74	84	273	65536
248.4	423.3	2525	0	0	2289	1	34	57	140	65536
249.4	351.6	2253	0	0	2035	0	29	63	122	65536
250.4	359.0	1945	0	0	1769	0	28	24	121	65536
251.4	394.9	2219	0	0	1906	1	51	43	213	65536
252.4	404.5	1967	0	0	1764	0	27	39	132	65536
253.4	417.7	2411	0	0	2185	0	30	28	164	65536
254.4	362.5	2231	0	0	2001	0	35	67	125	65536
255.4	397.1	2085	0	0	1785	1	36	34	224	65536
256.4	361.1	2361	1	0	1829	3	66	44	409	65536
257.4	299.0	2233	0	0	1857	1	42	32	296	65536
258.4	388.7	2356	0	0	2011	1	42	108	190	65536
259.4	358.8	2616	1	0	2288	1	46	39	237	65536
260.4	319.5	2085	1	0	1792	1	43	31	212	65536
261.4	335.8	2151	1	0	1851	1	42	31	221	65536
262.4	394.8	1988	0	0	1784	0	26	23	150	65536
263.4	384.2	2362	0	0	2160	0	25	31	142	65536
264.4	308.3	1268	0	0	910	0	24	22	309	65536
265.4	348.9	2572	0	0	2187	1	42	32	306	65536
266.4	326.3	2304	0	0	1917	1	44	33	304	65536
267.4	360.5	2389	0	0	2088	1	42	32	222	65536
268.4	420.5	2523	0	0	2267	1	46	48	155	65536
269.4	354.9	2294	0	0	1997	1	43	38	209	65536
270.4	400.9	2124	0	0	1791	1	42	28	257	65536
271.4	351.4	2418	1	0	2045	1	45	33	289	65536
272.4	376.3	2645	0	0	2120	1	46	171	301	65536
273.4	386.5	2264	0	0	2073	0	23	31	132	65536
274.4	394.5	2403	0	0	2111	1	43	34	209	65536
275.4	354.3	2577	0	0	2246	1	43	36	246	65536
276.4	360.6	2309	1	0	1836	1	36	49	382	65536
277.4	408.4	2498	0	0	1901	1	43	32	517	65536
278.4	355.3	1966	0	0	1780	0	24	20	137	65536
279.4	439.4	2420	0	0	2125	1	42	36	210	65536
280.4	494.1	2533	0	0	2237	1	41	31	218	65536
281.4	582.5	2207	0	0	1899	1	43	37	223	65536
282.4	471.0	2079	0	0	1782	1	41	32	219	65536
283.4	405.6	2285	0	0	1811	0	25	37	406	65536
284.4	438.0	2266	0	0	1966	1	42	31	220	65536
285.4	289.7	1169	0	0	874	1	75	28	186	65536
286.4	336.0	2960	0	0	1948	1	55	43	254	65536
287.4	445.2	3141	0	0	2349	1	46	36	220	65536
288.4	366.1	3298	1	0	2300	1	47	35	372	65536
289.4	403.5	2492	0	0	1815	0	26	22	204	65536
290.4	352.5	2631	0	0	1989	1	27	24	137	65536
291.4	369.4	2668	0	0	2048	1	27	22	132	65536
292.4	353.5	2775	1	0	1983	1	55	41	177	65536
293.4	332.6	2659	0	0	1859	1	45	36	216	65536
294.4	396.7	2822	0	0	2151	1	28	20	123	65536
295.4	407.6	2732	0	0	2101	1	30	24	145	65536
296.4	308.8	1636	0	0	1035	1	46	82	286	65536
297.4	361.8	1803	1	0	1333	1	45	99	138	65536
298.4	399.7	1963	0	0	1559	1	45	29	150	65536
299.4	382.1	1737	0	0	1412	1	32	26	151	65536
300.4	369.4	1871	0	0	1387	1	46	36	238	65536
301.5	381.3	2502	0	0	1997	1	47	38	223	65536
302.5	404.6	2839	0	0	2327	1	48	41	190	65536
303.5	345.6	2251	0	0	1760	1	38	27	194	65536
304.5	413.6	2660	0	0	2095	1	44	68	255	65536
305.5	406.5	2534	0	0	2143	1	33	35	171	65536
306.5	410.6	2871	1	0	2402	1	45	36	194	65536
307.5	382.5	2531	0	0	2082	0	44	35	212	65536
308.5	393.2	2684	0	0	2147	1	48	39	225	65536
309.5	389.2	2693	0	0	1740	1	45	94	604	65536
310.5	404.7	2701	0	0	2208	0	45	35	217	65536
311.5	360.5	2276	0	0	1781	1	44	35	227	65536
312.5	394.1	2369	0	0	1865	0	26	90	195	65536
313.5	405.9	2925	0	0	2067	0	78	73	430	65536
314.5	333.9	2047	0	0	1757	1	36	35	213	65536
315.5	334.9	1947	0	0	1597	1	42	34	268	65536
316.5	309.0	1604	0	0	1423	0	23	19	135	65536
317.5	367.5	2143	0	0	1902	0	27	39	171	65536
318.5	364.2	2294	0	0	2087	0	24	22	156	65536
319.5	401.3	3113	1	0	2127	1	52	44	287	65536
320.5	335.4	2558	0	0	1873	1	39	37	210	65536
321.5	390.2	2373	0	0	1789	1	26	30	146	65536
322.5	412.0	2810	0	0	2092	1	44	36	227	65536
323.5	340.9	2446	0	0	1704	1	46	36	217	65536
324.5	337.4	2220	0	0	1712	0	25	19	128	65536
325.5	339.6	2306	1	0	1937	1	28	23	135	65536
326.5	365.3	2945	1	0	2076	1	45	34	281	65536
327.5	342.6	2436	0	0	1742	1	44	36	216	65536
328.5	374.6	2470	0	0	1881	0	28	22	153	65536
329.5	428.5	3560	3	0	2292	1	50	38	325	65536
330.5	414.3	2643	1	0	1760	1	45	34	219	65536
331.5	434.9	2671	0	0	2116	1	26	26	116	65536
332.5	361.9	2681	0	0	1691	0	78	33	150	65536
333.5	370.5	2885	0	0	2213	1	43	36	150	65536
334.5	341.6	2900	1	0	2256	1	28	26	158	65536
335.5	374.0	2688	1	0	1835	1	41	40	256	65536
336.5	360.1	2487	1	0	2141	1	38	26	145	65536
337.5	364.1	2483	0	0	1936	1	47	45	238	65536
338.5	364.0	2613	0	0	1779	0	52	47	244	65536
339.5	408.8	2983	0	0	2253	1	55	48	219	65536
340.5	397.4	2928	1	0	2154	1	38	33	206	65536
341.5	341.3	2594	0	0	1894	1	39	35	220	65536
342.5	400.5	2760	0	0	2104	0	39	36	212	65536
343.5	387.3	2964	0	0	2168	1	27	22	301	65536
344.5	355.8	2492	0	0	1795	0	39	35	221	65536
345.5	350.0	3721	1	0	2585	1	55	49	519	65536
346.5	325.9	2354	0	0	1693	1	33	28	135	65536
347.5	335.9	2568	0	0	1874	0	39	34	236	65536
348.5	313.7	2958	5	0	1903	12	152	118	753	65536
349.5	378.8	2489	1	0	2163	1	51	38	230	65536
350.5	325.4	2756	0	0	2490	1	40	33	186	65536
351.5	372.0	2269	1	0	1854	1	59	44	305	65536
352.5	284.9	2211	0	0	1697	1	55	109	343	65536
353.5	357.6	2591	0	0	2258	1	52	45	230	65536
354.5	339.2	1991	0	0	1802	0	21	20	144	65536
355.5	352.1	2584	0	0	2260	1	40	38	240	65536
356.5	344.1	2327	1	0	2081	0	27	37	177	65536
357.5	284.2	1922	0	0	1472	1	41	37	367	65536
358.5	310.1	2364	1	0	1954	1	45	42	316	65536
359.5	427.4	2525	1	0	2125	2	60	72	258	65536
360.5	312.4	1946	0	0	1704	0	35	38	164	65536
361.5	343.1	2334	1	0	1990	2	52	50	233	65536
362.5	341.5	1917	0	0	1613	1	52	51	195	65536
363.5	400.4	2120	0	0	1798	1	48	43	225	65536
364.5	390.3	2870	0	0	2252	1	68	76	467	65536
365.5	406.4	1886	0	0	1632	1	38	38	171	65536
366.6	343.8	2255	0	0	1793	1	67	80	308	65536
367.6	403.0	2366	0	0	2026	0	31	79	225	65536
368.6	397.2	2982	0	0	2668	1	41	38	228	65536
369.6	353.3	2378	1	0	1680	1	53	41	596	65536
370.6	419.9	2625	0	0	2338	1	41	34	205	65536
371.6	401.0	2561	1	0	2204	1	87	35	227	65536
372.6	355.9	2328	0	0	1950	1	43	41	287	65536
373.6	308.7	1914	0	0	1621	1	42	35	210	65536
374.6	369.6	2655	1	0	2337	1	44	34	233	65536
375.6	356.3	2263	0	0	1968	1	43	34	212	65536
376.6	390.0	2252	0	0	1880	1	42	33	290	65536
377.6	374.9	2427	0	0	2089	1	45	36	250	65536
378.6	315.9	2329	0	0	1986	1	45	34	258	65536
379.6	375.3	2275	0	0	1994	1	41	32	203	65536
380.6	367.6	1913	0	0	1705	0	25	32	147	65536
381.6	356.7	2019	0	0	1743	1	36	32	202	65536
382.6	420.3	2681	0	0	2321	1	41	109	204	65536
383.6	379.2	2216	0	0	2043	0	20	19	130	65536
384.6	339.5	2449	0	0	1837	1	36	38	532	65536
385.6	322.4	1916	0	0	1545	1	38	34	292	65536
386.6	357.9	2031	0	0	1752	1	38	43	193	65536
387.6	349.6	2625	0	0	2109	1	38	47	425	65536
388.6	369.7	1868	0	0	1698	0	20	18	128	65536
389.6	405.6	2555	1	0	2086	1	41	32	388	65536
390.6	349.5	2174	0	0	1881	1	37	45	205	65536
391.6	394.5	2677	0	0	2497	1	21	30	124	65536
392.6	374.2	2359	0	0	2071	1	37	35	209	65536
393.6	335.8	2190	0	0	1776	1	36	32	340	65536
394.6	413.0	2412	0	0	2203	0	23	23	159	65536
395.6	351.6	2728	0	0	2431	1	39	33	218	65536
396.6	352.0	2099	0	0	1878	1	30	33	153	65536
397.6	359.9	2486	0	0	2205	0	26	19	232	65536
398.6	348.1	2353	2	0	1718	4	84	113	422	65536
399.6	394.3	2165	0	0	1940	1	41	33	144	65536
400.6	373.6	2358	0	0	2065	1	41	38	208	65536
401.6	363.2	2329	0	0	2047	1	41	31	205	65536
402.6	341.4	2120	0	0	1754	1	40	32	288	65536
403.6	346.9	1964	1	0	1656	1	33	25	244	65536
404.6	401.4	2512	0	0	2208	1	41	37	220	65536
405.6	336.9	2211	1	0	1797	1	73	59	275	65536
406.6	410.7	2132	0	0	1781	1	58	51	235	65536
407.6	357.0	2143	0	0	1736	1	37	34	329	65536
408.6	352.4	2353	1	0	2044	1	38	33	231	65536
409.6	368.3	2192	0	0	1902	1	39	34	211	65536
410.6	386.5	2261	0	0	1972	1	37	32	213	65536
411.6	416.7	2586	0	0	2310	1	37	37	195	65536
412.6	356.9	2653	1	0	2255	1	41	44	306	65536
413.6	368.5	2153	0	0	1915	1	27	22	184	65536
414.6	414.8	2585	1	0	2294	1	42	34	210	65536
415.6	349.2	2526	0	0	2242	1	41	33	204	65536
416.6	368.9	2231	0	0	1930	1	42	33	221	65536
417.6	373.4	2022	0	0	1733	0	24	34	227	65536
418.6	352.2	1857	1	0	1655	1	27	33	136	65536
419.6	359.4	1986	0	0	1744	1	27	38	171	65536
420.6	376.8	2251	1	0	1711	1	44	35	455	65536
421.6	375.9	2098	0	0	1718	1	41	32	301	65536
422.6	353.9	2149	0	0	1789	1	50	62	242	65536
423.6	372.9	2210	0	0	1988	0	28	61	129	65536
424.6	418.8	2011	0	0	1780	0	20	20	187	65536
425.6	387.9	2068	1	0	1669	1	41	40	310	65536
426.6	379.8	2460	0	0	1928	2	44	79	401	65536
427.6	383.0	2414	1	0	1911	1	40	37	419	65536
428.6	427.4	2019	0	0	1757	1	38	36	181	65536
429.6	334.4	2200	1	0	1854	1	53	46	239	65536
430.7	382.5	2716	0	0	2271	1	72	65	301	65536
431.7	435.4	2222	0	0	1931	1	37	34	213	65536
432.7	374.8	2417	0	0	2111	1	37	39	223	65536
433.7	377.5	2336	0	0	2068	1	37	36	189	65536
434.7	344.2	2031	0	0	1747	1	36	36	206	65536
435.7	348.9	2110	0	0	1748	1	37	38	281	65536
436.7	410.8	2806	0	0	2463	1	52	60	226	65536
437.7	310.5	1720	0	0	1456	0	33	63	164	65536
438.7	334.3	930	1	0	459	1	69	60	334	65536
439.7	345.1	1726	1	0	1219	1	59	50	388	65536
440.7	440.8	1751	1	0	1341	1	60	53	289	65536
441.7	357.1	2209	1	0	1881	1	44	56	221	65536
442.7	349.3	1759	1	0	1464	1	37	61	191	65536
443.7	451.0	1233	1	0	121	2	137	149	816	65536
444.7	418.7	942	1	0	200	2	77	68	587	65536
445.7	402.7	1718	1	0	1365	1	43	46	257	65536
446.7	436.4	1723	1	0	1260	2	54	47	353	65536
447.7	86.5	2757	2	0	21	6	178	267	2269	65536
448.7	85.1	7119	3	0	22	8	245	175	6650	65536
449.7	74.4	4655	2	0	25	7	196	229	4179	65536
450.7	108.0	2949	2	0	23	6	178	275	2450	65536
451.7	169.5	1874	1	0	13	3	117	130	1600	65536
452.7	74.6	4026	3	1	24	7	238	271	3463	65536
453.7	159.6	2379	1	0	14	4	124	460	1766	65536
454.7	60.4	3897	3	0	26	8	244	246	3352	65536
455.7	406.7	1713	2	0	757	2	59	79	806	65536
456.7	328.6	494	1	0	6	1	59	60	361	65536
457.7	98.5	4219	4	0	30	9	274	280	3605	65536
458.7	189.4	1970	1	0	13	3	123	137	1682	65536
459.7	82.2	3680	3	0	23	8	196	224	3212	65536
460.8	143.9	2183	2	0	16	4	134	189	1827	65536
461.8	431.3	1873	1	0	1103	2	87	62	610	65536
462.8	103.6	3626	3	0	24	7	227	240	3108	65536
463.8	375.9	1736	2	0	1001	1	53	47	624	65536
464.8	372.7	1998	2	0	1401	1	64	63	460	65536
465.8	419.9	1938	1	0	1431	1	90	71	338	65536
466.8	444.9	2172	1	0	1743	1	68	61	291	65536
467.8	340.0	2091	1	0	1654	1	70	64	294	65536
468.8	425.1	2408	2	0	1757	2	94	101	444	65536
469.8	402.1	2701	1	0	2324	1	41	48	282	65536
470.8	368.1	2867	2	0	2128	2	138	93	496	65536
471.8	389.5	4732	2	0	3679	2	63	57	922	65536
472.8	322.2	3658	3	0	18	6	191	206	3219	65536
473.8	215.1	4990	3	0	21	6	200	643	4104	65536
474.8	415.5	2496	1	0	1965	2	64	54	402	65536
475.8	228.5	2624	2	0	18	4	161	162	2266	65536
476.8	360.9	2266	1	0	1870	1	45	41	303	65536
477.8	417.8	4131	1	0	3699	1	56	50	318	65536
478.8	358.6	2612	1	0	1931	1	58	76	538	65536
479.8	386.8	2331	1	0	1796	1	105	43	380	65536
480.8	374.4	2304	0	0	1942	1	52	62	242	65536
481.8	394.6	2157	0	0	1864	1	40	62	186	65536
482.8	375.3	2055	0	0	1785	23	38	35	169	65536
483.8	408.3	2698	1	0	2239	1	117	101	231	65536
484.8	379.6	2202	0	0	1848	1	53	55	239	65536
485.8	431.2	2323	0	0	2068	0	32	69	149	65536
486.8	365.6	2571	0	0	2249	1	45	57	215	65536
487.8	399.9	2248	1	0	1930	1	40	44	227	65536
488.8	363.7	2281	0	0	1930	1	51	57	237	65536
489.8	381.7	2197	0	0	1912	1	42	49	188	65536
490.8	412.8	2256	0	0	1968	1	35	72	176	65536
491.8	427.4	2664	0	0	2322	1	39	55	241	65536
492.8	369.1	2298	0	0	1903	1	51	56	282	65536
493.8	454.2	2548	1	0	2045	2	86	70	336	65536
494.8	410.3	2519	1	0	2201	0	107	33	172	65536
495.8	411.8	2672	0	0	2285	1	54	52	276	65536
496.8	407.6	3256	1	0	2014	1	63	66	1104	65536
497.8	411.0	2356	1	0	1871	2	73	76	326	65536
498.8	420.1	2629	1	0	2120	1	65	74	361	65536
499.8	395.4	2511	1	0	1914	1	67	55	467	65536
500.8	389.6	2333	1	0	1861	1	67	66	330	65536
501.8	410.0	2680	1	0	2229	1	58	59	326	65536
502.8	409.5	2537	1	0	2005	2	84	76	362	65536
503.8	281.1	2890	3	0	1848	3	192	132	700	65536
504.8	368.7	2520	0	0	1978	1	38	45	452	65536
505.8	319.1	1857	1	0	1578	1	40	48	185	65536
506.8	412.1	2465	1	0	2192	1	42	51	174	65536
507.8	381.2	2382	0	0	2025	1	53	56	242	65536
508.8	367.6	2235	0	0	1942	1	39	57	193	65536
509.8	370.2	2576	1	0	2001	1	63	74	430	65536
510.8	370.2	2185	1	0	1766	1	71	87	251	65536
511.8	349.5	2281	0	0	1907	1	49	61	258	65536
512.8	377.6	2216	0	0	1731	1	38	62	379	65536
513.8	353.4	2050	1	0	1579	1	63	60	338	65536
514.8	431.2	2739	0	0	2360	1	58	56	257	65536
515.8	402.4	2481	0	0	2097	1	57	53	267	65536
516.8	393.8	2441	0	0	2115	1	45	64	211	65536
517.8	332.3	1995	1	0	1656	1	56	44	231	65536
518.8	344.7	2426	2	0	1926	1	67	58	366	65536
519.8	391.6	2636	0	0	2255	1	47	55	272	65536
520.8	369.0	2156	0	0	1793	1	53	64	240	65536
521.8	446.2	2693	0	0	2154	1	39	72	423	65536
522.8	389.4	2514	1	0	2118	2	88	56	243	65536
523.8	365.4	2203	1	0	1804	1	75	65	251	65536
524.8	440.5	2186	0	0	1905	1	37	47	191	65536
525.8	448.1	2668	1	0	2195	1	69	71	324	65536
526.8	365.5	2101	1	0	1695	1	66	65	267	65536
527.8	391.8	2738	2	0	1999	4	103	83	535	65536
528.8	460.5	2336	0	0	1659	1	30	43	598	65536
529.8	369.6	2295	1	0	1764	2	50	62	410	65536
530.9	294.4	2920	1	0	2312	1	49	83	469	65536
531.9	370.6	2116	1	0	1729	1	47	42	290	65536
532.9	302.1	2170	0	0	1814	1	36	29	284	65536
533.9	424.4	2372	0	0	2147	0	27	26	166	65536
534.9	311.9	2079	0	0	1772	1	40	34	227	65536
535.9	351.7	2692	1	0	2297	1	48	43	296	65536
536.9	361.3	2622	0	0	2354	1	38	30	194	65536
537.9	392.2	2417	1	0	2074	1	41	40	256	65536
538.9	352.1	2210	0	0	1922	1	35	31	217	65536
539.9	414.2	2536	1	0	2116	1	52	44	315	65536
540.9	420.1	2575	1	0	2230	1	54	43	239	65536
541.9	384.7	2426	1	0	2010	1	52	63	291	65536
542.9	409.4	1954	1	0	1610	1	40	34	262	65536
543.9	569.3	2320	2	0	1838	1	61	45	366	65536
544.9	340.9	2209	0	0	1818	1	60	51	272	65536
545.9	431.4	2241	1	0	1852	1	54	43	283	65536
546.9	409.2	2561	1	0	2201	1	37	42	276	65536
547.9	403.6	2451	2	0	1954	2	67	53	366	65536
548.9	343.4	2024	1	0	1685	1	37	38	258	65536
549.9	367.0	2288	0	0	1924	1	44	37	277	65536
550.9	416.9	2740	1	0	2365	2	56	46	264	65536
551.9	388.2	2581	0	0	2261	1	43	37	233	65536
552.9	375.5	2374	0	0	2069	1	40	31	228	65536
553.9	360.7	2279	0	0	1914	0	32	36	292	65536
554.9	358.3	1984	0	0	1740	1	30	39	167	65536
555.9	508.1	2430	0	0	2109	1	42	35	238	65536
556.9	386.1	2146	1	0	1732	1	74	43	289	65536
557.9	428.6	2695	0	0	2361	1	43	37	246	65536
558.9	393.6	2668	0	0	2314	1	43	43	261	65536
559.9	373.4	2399	0	0	2046	1	48	36	262	65536
560.9	379.4	2418	1	0	2068	1	69	32	242	65536
561.9	341.5	2586	1	0	1918	2	57	322	279	65536
562.9	401.4	2485	0	0	2178	1	40	33	228	65536
563.9	374.1	2325	0	0	1968	1	40	31	279	65536
564.9	431.2	2729	0	0	2393	1	44	40	244	65536
565.9	384.7	2479	0	0	2117	0	27	77	254	65536
566.9	376.5	2469	0	0	2102	1	51	54	255	65536
567.9	409.5	2825	0	0	2465	5	44	45	260	65536
568.9	365.5	2120	0	0	1900	0	21	29	165	65536
569.9	369.9	2621	1	0	2099	1	53	53	406	65536
570.9	419.5	2756	0	0	2432	1	40	34	243	65536
571.9	399.3	2505	0	0	2158	1	44	40	255	65536
572.9	401.2	2439	0	0	2123	1	41	39	229	65536
573.9	353.1	2302	0	0	1975	1	40	34	247	65536
574.9	351.2	2092	0	0	1884	0	24	34	146	65536
575.9	367.9	2163	0	0	1912	0	28	45	173	65536
576.9	411.3	2163	0	0	1828	1	46	37	246	65536
577.9	435.0	2782	0	0	2439	1	44	42	249	65536
578.9	402.3	2136	0	0	1915	0	24	39	153	65536
579.9	410.8	2234	0	0	1908	1	40	31	248	65536
580.9	405.9	2529	0	0	2208	1	39	35	241	65536
581.9	356.8	2077	0	0	1855	0	21	18	178	65536
582.9	348.7	2305	0	0	1895	1	43	37	323	65536
583.9	400.5	2558	0	0	2220	1	44	42	246	65536
584.9	423.5	2345	0	0	2098	0	26	46	169	65536
585.9	375.4	2338	2	0	1948	6	57	41	275	65536
586.9	353.6	2115	0	0	1917	0	23	21	150	65536
587.9	359.5	2291	0	0	1884	1	44	37	320	65536
588.9	410.1	2591	0	0	2281	1	40	37	227	65536
589.9	453.9	2736	0	0	2413	1	43	37	236	65536
590.9	340.6	2096	1	0	1737	1	44	36	271	65536
591.9	412.0	2518	0	0	2193	1	42	36	239	65536
592.9	375.6	2111	0	0	1884	0	23	38	160	65536
593.9	387.6	2314	0	0	2000	1	40	31	236	65536
594.9	370.8	2313	0	0	1871	1	41	33	362	65536
595.9	398.8	2480	0	0	2147	1	43	40	245	65536
596.9	374.1	2224	0	0	1911	1	39	35	232	65536
597.9	358.9	2404	0	0	2032	1	67	33	267	65536
598.9	427.1	2733	0	0	2386	1	49	42	249	65536
599.9	446.4	2664	0	0	2352	1	41	33	231	65536
601.0	407.8	2448	0	0	2143	1	40	32	227	65536
602.0	523.7	2363	0	0	1957	0	24	30	346	65536
603.0	380.4	2542	0	0	2212	1	43	36	245	65536
604.0	418.9	2640	0	0	2324	1	40	39	230	65536
605.0	379.3	2229	1	0	1885	1	45	44	246	65536
606.0	358.1	2403	0	0	1965	1	44	39	348	65536
607.0	359.4	2445	0	0	1978	1	44	38	377	65536
608.0	437.5	2443	0	0	2107	1	44	37	247	65536
609.0	392.2	2071	0	0	1895	0	22	17	133	65536
610.0	453.7	2749	0	0	2436	1	40	37	231	65536
611.0	372.6	2074	0	0	1887	0	21	18	144	65536
612.0	243.3	2693	1	0	2208	2	60	53	363	65536
613.0	224.2	3387	4	0	15	4	206	148	2999	65536
614.0	269.0	2513	3	0	20	5	150	223	2098	65536
615.0	195.6	3149	1	0	23	6	166	198	2743	65536
616.0	324.4	2474	1	0	2053	2	45	51	316	65536
617.0	391.4	2142	0	0	1826	1	37	29	243	65536
618.0	374.3	2201	1	0	1832	1	39	47	275	65536
619.0	207.6	3559	2	0	21	6	172	492	2855	65536
620.0	184.9	3228	6	0	18	5	204	281	2699	65536
621.0	309.0	3131	3	0	18	6	208	161	2723	65536
622.0	395.4	1751	1	0	1323	1	41	43	337	65536
623.0	346.1	2043	0	0	1726	1	34	55	222	65536
624.0	407.0	2984	3	0	2250	2	80	65	577	65536
625.0	277.0	2373	1	0	1530	2	80	83	670	65536
626.0	366.4	2186	2	0	1804	1	67	59	247	65536
627.0	377.0	2517	0	0	2117	1	69	60	263	65536
628.0	398.2	2406	1	0	1911	1	66	70	350	65536
629.0	353.9	2419	1	0	1964	1	66	57	324	65536
630.0	344.6	2251	1	0	12	4	173	181	1871	65536
631.0	372.5	2527	0	0	2122	2	63	53	281	65536
632.0	358.8	2408	1	0	1961	1	68	70	300	65536
633.0	356.8	2320	0	0	1988	1	44	47	235	65536
634.0	402.3	2284	2	0	1684	1	83	66	441	65536
635.0	363.1	2233	0	0	1951	1	53	51	172	65536
636.0	367.5	2141	1	0	1827	1	47	52	208	65536
637.0	370.4	2590	1	0	2073	2	86	74	346	65536
638.0	360.2	2829	1	0	2201	1	66	65	488	65536
639.0	375.4	2423	1	0	1972	2	69	69	304	65536
640.0	377.6	2031	0	0	1631	1	58	57	279	65536
641.0	400.3	2597	1	0	2120	1	63	71	334	65536
642.0	358.7	2301	0	0	1974	1	47	57	217	65536
643.0	389.0	2312	0	0	2020	1	43	57	187	65536
644.0	408.5	2617	1	0	2233	1	61	54	262	65536
645.0	375.9	2376	0	0	1978	1	62	54	275	65536
646.0	376.6	2421	0	0	2070	1	57	53	234	65536
647.0	389.4	2288	0	0	1936	1	56	48	241	65536
648.0	379.2	2790	1	0	2131	1	79	67	505	65536
649.0	418.9	2539	1	0	2122	1	62	53	295	65536
650.0	363.6	1655	2	0	1095	3	116	84	349	65536
651.0	340.2	2247	1	0	1722	2	110	73	335	65536
652.0	383.5	2395	1	0	1921	1	67	63	335	65536
653.0	371.1	2457	1	0	1823	2	92	80	453	65536
654.0	385.7	2394	1	0	2014	1	66	54	253	65536
655.0	408.2	2239	3	0	1656	2	105	69	395	65536
656.0	391.9	2727	2	0	2239	2	77	69	332	65536
657.0	334.0	2417	1	0	1822	4	112	76	393	65536
658.0	377.9	2638	2	0	1950	2	98	79	502	65536
659.0	359.5	2114	1	0	1667	1	64	55	319	65536
660.0	424.0	2554	3	0	1753	3	133	84	569	65536
661.0	353.2	2587	1	0	1925	3	109	77	464	65536
662.0	374.7	2546	2	0	2038	1	56	49	395	65536
663.0	397.3	2548	4	1	2009	2	63	64	399	65536
664.0	409.5	2628	1	0	2228	1	48	46	300	65536
665.0	363.6	2628	2	0	1324	3	137	116	1036	65536
666.1	430.6	2212	1	0	1760	1	49	116	279	65536
667.1	419.6	2256	1	0	1753	1	55	52	389	65536
668.1	208.0	3289	2	0	21	6	175	200	2871	65536
669.1	165.5	3780	3	0	20	6	199	206	3330	65536
670.1	245.3	3084	2	0	20	6	180	200	2663	65536
671.1	224.5	3734	2	0	19	6	316	275	3104	65536
672.1	245.3	3891	3	0	20	5	157	229	3464	65536
673.1	213.4	3368	3	0	18	5	198	195	2934	65536
674.1	383.9	1286	1	0	8	2	88	108	1073	65536
675.1	269.6	2645	1	0	9	2	99	124	2402	65536
676.1	202.8	4217	5	0	23	8	248	248	3667	65536
677.1	198.8	3871	4	0	19	6	218	218	3387	65536
678.1	180.2	3219	2	0	57	7	175	211	2754	65536
679.1	158.9	3394	3	0	16	6	240	228	2888	65536
680.1	174.2	3682	3	0	19	6	218	198	3225	65536
681.1	170.1	3198	3	0	20	7	255	218	2681	65536
682.1	220.0	5069	1	0	10	4	98	157	4787	65536
683.1	191.8	4490	2	0	15	5	167	251	4038	65536
684.1	157.2	7290	2	0	13	4	165	169	6925	65536
685.1	97.6	9764	6	0	27	9	273	271	9160	65536
686.1	89.5	10408	13	0	33	6	248	250	9842	65536
687.1	167.9	4400	6	1	21	11	292	616	3420	65536
688.2	180.7	3874	4	0	26	9	246	305	3269	65536
689.2	147.0	3819	4	0	27	7	231	248	3284	65536
690.2	174.8	3023	3	0	20	6	208	212	2559	65536
691.2	209.5	2847	4	0	20	6	229	224	2348	65536
692.2	157.9	3865	4	0	19	6	300	228	3291	65536
693.2	172.4	7249	3	0	22	7	265	263	6675	65536
694.2	136.1	3266	3	0	24	7	225	262	2730	65536
695.2	188.8	4101	8	1	40	20	193	264	3552	65536
696.2	178.0	4645	2	0	47	6	176	261	4137	65536
697.2	175.4	3879	3	0	18	5	198	212	3428	65536
698.2	114.1	3346	3	0	22	6	275	223	2802	65536
699.2	310.4	2084	2	0	13	4	135	137	1785	65536
700.2	316.2	1513	2	0	9	3	98	81	1313	65536
701.2	638.2	1902	1	0	7	1	64	90	1733	65536
702.2	305.6	1680	1	0	10	3	90	114	1455	65536
703.2	358.8	3111	2	0	849	2	58	51	2141	65536
704.2	167.7	4032	3	0	21	6	217	227	3543	65536
705.2	194.1	4768	2	0	19	5	175	268	4285	65536
706.2	174.7	3601	3	0	19	5	190	301	3069	65536
707.2	308.5	2410	3	0	14	4	130	258	1990	65536
708.2	188.9	3873	3	0	25	7	246	298	3279	65536
709.2	500.4	2015	1	0	450	1	45	191	1321	65536
710.2	345.1	1928	1	0	989	2	62	61	805	65536
711.2	265.4	2922	2	0	16	4	146	163	2581	65536
712.2	420.0	2799	1	0	2208	1	46	44	493	65536
713.2	335.3	2132	1	0	1791	1	56	59	218	65536
714.2	346.2	2083	1	0	1725	1	47	55	250	65536
715.2	418.2	2607	1	0	2024	1	40	37	499	65536
716.2	393.5	2088	1	0	1781	1	32	28	242	65536
717.2	395.9	2601	0	0	2271	1	41	36	247	65536
718.2	392.7	2491	2	0	2072	1	53	31	325	65536
719.2	364.9	2487	2	0	1761	6	63	54	591	65536
720.2	398.4	2411	2	0	1904	2	111	86	299	65536
721.2	373.4	2254	0	0	1881	1	56	58	254	65536
722.2	382.1	2416	1	0	1906	1	71	46	384	65536
723.2	199.6	3614	3	0	20	6	260	303	3008	65536
724.2	412.0	2546	0	0	1893	1	40	35	571	65536
725.2	367.2	2870	3	0	1414	2	62	78	1303	65536
726.2	379.3	1903	3	0	837	2	84	71	898	65536
727.2	347.3	2174	1	0	1817	1	40	45	266	65536
728.2	446.8	2218	0	0	1883	1	41	63	226	65536
729.2	378.3	1958	0	0	1547	1	35	30	340	65536
