[2026-08-17T12:00:11Z INFO  steel_front] ========================================
[2026-08-17T12:00:11Z INFO  steel_front]   钢铁前线 (Steel Front) v0.1.0
[2026-08-17T12:00:11Z INFO  steel_front]   二战FPS游戏引擎 - Rust + Vulkan
[2026-08-17T12:00:11Z INFO  steel_front] ========================================
[2026-08-17T12:00:11Z INFO  steel_front::engine::cpu] cpu: vendor=Amd threads=32 primary=[0, 1, 2, 3, 4, 5, 6, 7, 8, 9, 10, 11, 12, 13, 14, 15] secondary=[16, 17, 18, 19, 20, 21, 22, 23, 24, 25, 26, 27, 28, 29, 30, 31] e_cores=0 avx2=true avx512=true scene_set=[0, 1, 2, 3, 4, 5, 6, 7, 8, 9, 10, 11, 12, 13, 14, 15] ai_set=[16, 17, 18, 19, 20, 21, 22, 23, 24, 25, 26, 27, 28, 29, 30, 31] physical_primary=[0, 1, 2, 3, 4, 5, 6, 7, 8, 9, 10, 11, 12, 13, 14, 15] physical_secondary=[16, 17, 18, 19, 20, 21, 22, 23, 24, 25, 26, 27, 28, 29, 30, 31] smt=[]
[2026-08-17T12:00:11Z INFO  steel_front::engine::cpu] cpu: 非 Linux 平台，跳过线程手工绑定（交给系统调度）
[2026-08-17T12:00:11Z INFO  steel_front::engine::cpu] cpu: ai_pool 创建（8 工作线程，绑定 vCPU [16, 17, 18, 19, 20, 21, 22, 23, 24, 25, 26, 27, 28, 29, 30, 31]）
[2026-08-17T12:00:11Z INFO  steel_front::engine::game] map: level 1 generated: 36 obstacle bodies (wall=20 block=0 barrier=0 tree=3 building=6 ruin=7), 203 grid cells blocked
[2026-08-17T12:00:11Z INFO  steel_front] 窗口创建成功: 2560x1600
[2026-08-17T12:00:11Z INFO  steel_front] winit inner_size: 2560x1600 scale_factor=1.50
[2026-08-17T12:00:11Z WARN  steel_front::engine::renderer] 验证层不可用，将不使用
[2026-08-17T12:00:11Z INFO  steel_front::engine::renderer] 选择物理设备: NVIDIA GeForce RTX 5060 Laptop GPU
[2026-08-17T12:00:11Z INFO  steel_front::engine::gpu_caps] gpu-caps: 设备 NVIDIA GeForce RTX 5060 Laptop GPU 硬件能力探测（WSLg/dzn 视角）
[2026-08-17T12:00:11Z INFO  steel_front::engine::gpu_caps] gpu-caps: 可用 device 扩展 280 个
[2026-08-17T12:00:11Z INFO  steel_front::engine::gpu_caps] gpu-caps: -- 光追扩展 --
[2026-08-17T12:00:11Z INFO  steel_front::engine::gpu_caps] gpu-caps:   VK_KHR_ray_tracing_pipeline = true
[2026-08-17T12:00:11Z INFO  steel_front::engine::gpu_caps] gpu-caps:   VK_KHR_acceleration_structure = true
[2026-08-17T12:00:11Z INFO  steel_front::engine::gpu_caps] gpu-caps:   VK_KHR_ray_query = true
[2026-08-17T12:00:11Z INFO  steel_front::engine::gpu_caps] gpu-caps:   VK_KHR_deferred_host_operations = true
[2026-08-17T12:00:11Z INFO  steel_front::engine::gpu_caps] gpu-caps:   VK_KHR_buffer_device_address = true
[2026-08-17T12:00:11Z INFO  steel_front::engine::gpu_caps] gpu-caps:   VK_KHR_ray_tracing_position_fetch = true
[2026-08-17T12:00:11Z INFO  steel_front::engine::gpu_caps] gpu-caps:   VK_NV_ray_tracing = true
[2026-08-17T12:00:11Z INFO  steel_front::engine::gpu_caps] gpu-caps: -- Tensor Core / 协作矩阵 --
[2026-08-17T12:00:11Z INFO  steel_front::engine::gpu_caps] gpu-caps:   VK_KHR_cooperative_matrix = true
[2026-08-17T12:00:11Z INFO  steel_front::engine::gpu_caps] gpu-caps:   VK_NV_cooperative_matrix = true
[2026-08-17T12:00:11Z INFO  steel_front::engine::gpu_caps] gpu-caps:   VK_NV_compute_shader_derivatives = true
[2026-08-17T12:00:11Z INFO  steel_front::engine::gpu_caps] gpu-caps: -- DLSS / NVIDIA 私有 --
[2026-08-17T12:00:11Z INFO  steel_front::engine::gpu_caps] gpu-caps:   VK_NVX_image_view_handle = true
[2026-08-17T12:00:11Z INFO  steel_front::engine::gpu_caps] gpu-caps:   VK_NVX_binary_import = true
[2026-08-17T12:00:11Z INFO  steel_front::engine::gpu_caps] gpu-caps:   VK_NV_cuda_kernel = true
[2026-08-17T12:00:11Z INFO  steel_front::engine::gpu_caps] gpu-caps:   VK_NV_external_memory = true
[2026-08-17T12:00:11Z INFO  steel_front::engine::gpu_caps] gpu-caps: -- 其它新特性 --
[2026-08-17T12:00:11Z INFO  steel_front::engine::gpu_caps] gpu-caps:   VK_EXT_mesh_shader = true
[2026-08-17T12:00:11Z INFO  steel_front::engine::gpu_caps] gpu-caps:   VK_KHR_shader_object = false
[2026-08-17T12:00:11Z INFO  steel_front::engine::gpu_caps] gpu-caps:   VK_KHR_dynamic_rendering = true
[2026-08-17T12:00:11Z INFO  steel_front::engine::gpu_caps] gpu-caps: RT 特性 ray_tracing_pipeline=true acceleration_structure=true buffer_device_address=true ray_query=true
[2026-08-17T12:00:11Z INFO  steel_front::engine::gpu_caps] gpu-caps: RT 管线属性 shaderGroupHandleSize=32B maxRecursionDepth=31 maxRayDispatchInvocationCount=1073741824
[2026-08-17T12:00:11Z INFO  steel_front::engine::gpu_caps] gpu-caps: 【结论】光追探测 device 创建成功 → RT Core 路径可用（dzn→DXR）
[2026-08-17T12:00:11Z INFO  steel_front::engine::gpu_caps] gpu-caps: CUDA 直通（Tensor Core 可编程访问）=false（libcuda in /usr/lib/wsl/lib）
[2026-08-17T12:00:11Z INFO  steel_front::engine::gpu_caps] gpu-caps: 【结论】Vulkan-DLSS（NVIDIA 私有扩展）=true；可直接接 DLSS SDK
[2026-08-17T12:00:11Z INFO  steel_front::engine::renderer] VK_EXT_mesh_shader 可用：启用可选网格着色器渲染路径
[2026-08-17T12:00:11Z INFO  steel_front::engine::renderer] swapchain diag: current_extent=2560x1600 final=2560x1600
[2026-08-17T12:00:11Z INFO  steel_front::engine::renderer] 交换链初始化完成: 2560x1600, 格式: B8G8R8A8_SRGB, 图像数: 3, present_mode: MAILBOX
[2026-08-17T12:00:11Z INFO  steel_front::engine::renderer] 实例缓冲创建完成: 65536 个实例，stride 80 字节，2 帧双缓冲 HOST_VISIBLE|HOST_COHERENT（每帧压缩上传）
[2026-08-17T12:00:11Z INFO  steel_front::engine::renderer] instances=65536 draw_calls=1
[2026-08-17T12:00:11Z INFO  steel_front::engine::renderer] 深度缓冲创建完成: 3 张 2560x1600 D32_SFLOAT
[2026-08-17T12:00:11Z INFO  steel_front::engine::renderer] Descriptor Set Layout: binding 0 = UBO(view/proj), binding 1 = 贴图, binding 2 = 实例 STORAGE_BUFFER, binding 3 = 采样器
[2026-08-17T12:00:11Z INFO  steel_front::engine::renderer] Descriptor 初始化完成（2 帧）
[2026-08-17T12:00:11Z INFO  steel_front::engine::renderer] 远档 LOD 几何创建完成: 8 顶点 / 12 索引（十字双 quad）
[2026-08-17T12:00:11Z INFO  steel_front::engine::renderer] 地面平铺 quad 几何创建完成: 4 顶点 / 6 索引（无侧壁）
[2026-08-17T12:00:11Z INFO  steel_front::engine::renderer] 球体几何创建完成: 325 顶点 / 1728 索引（爆炸球形扩散）
[2026-08-17T12:00:11Z INFO  steel_front::engine::renderer] 地形 LOD[0] 创建完成: 66049 顶点 / 393216 索引（257×257 网格，间距 2）
[2026-08-17T12:00:11Z INFO  steel_front::engine::renderer] 地形 LOD[1] 创建完成: 16641 顶点 / 98304 索引（129×129 网格，间距 4）
[2026-08-17T12:00:11Z INFO  steel_front::engine::renderer] 地形 LOD[2] 创建完成: 4225 顶点 / 24576 索引（65×65 网格，间距 8）
[2026-08-17T12:00:11Z INFO  steel_front::engine::renderer] 地形 3 级 LOD 全部创建完成（高/中/低）
[2026-08-17T12:00:11Z INFO  steel_front::engine::renderer] 图形管线创建完成
[2026-08-17T12:00:11Z INFO  steel_front::engine::renderer] 网格着色器 maxMeshWorkGroupCount[0] = 4194304（地面场 65536 按此分块）
[2026-08-17T12:00:11Z INFO  steel_front::engine::renderer] 网格着色器管线创建完成（VK_EXT_mesh_shader）
[2026-08-17T12:00:11Z INFO  steel_front::engine::renderer] HUD 覆盖层初始化完成（独立 pipeline，容量 4096 quads）
[2026-08-17T12:00:12Z INFO  steel_front::engine::renderer] 纹理初始化完成: 512x512（10 mip，来源=程序化地面材质）
[2026-08-17T12:00:12Z INFO  steel_front::engine::renderer] 程序化皮肤纹理初始化完成: 512x512（marker=木板墙, npc=迷彩军服, RV3D_SKIN_TEX=off（纯色回退））
[2026-08-17T12:00:12Z INFO  steel_front::engine::renderer] 阴影贴图资源创建完成: 2048x2048 D32_SFLOAT
[2026-08-17T12:00:12Z INFO  steel_front::engine::renderer] 阴影 depth-only 管线创建完成
[2026-08-17T12:00:12Z INFO  steel_front] Vulkan 渲染器初始化成功
[2026-08-17T12:00:12Z INFO  steel_front] settings: 分辨率保持 2560x1600
[2026-08-17T12:00:12Z INFO  steel_front] settings: 应用画质 中画质
[2026-08-17T12:00:12Z INFO  steel_front::engine::renderer] 画质预设已切换: 中画质
[2026-08-17T12:00:12Z INFO  steel_front] 性能日志已创建（logs/perf_*.log）
[2026-08-17T12:00:12Z INFO  steel_front] 窗口大小变化: 1898x1061
[2026-08-17T12:00:12Z INFO  steel_front::engine::renderer] swapchain diag: current_extent=2560x1600 final=2560x1600
[2026-08-17T12:00:12Z INFO  steel_front::engine::renderer] 交换链初始化完成: 2560x1600, 格式: B8G8R8A8_SRGB, 图像数: 3, present_mode: MAILBOX
[2026-08-17T12:00:12Z INFO  steel_front::engine::renderer] 深度缓冲创建完成: 3 张 2560x1600 D32_SFLOAT
[2026-08-17T12:00:12Z INFO  steel_front] 窗口大小变化: 1920x1117
[2026-08-17T12:00:12Z INFO  steel_front::engine::renderer] swapchain diag: current_extent=2560x1600 final=2560x1600
[2026-08-17T12:00:12Z INFO  steel_front::engine::renderer] 交换链初始化完成: 2560x1600, 格式: B8G8R8A8_SRGB, 图像数: 3, present_mode: MAILBOX
[2026-08-17T12:00:12Z INFO  steel_front::engine::renderer] 深度缓冲创建完成: 3 张 2560x1600 D32_SFLOAT
[2026-08-17T12:00:12Z INFO  steel_front] 窗口大小变化: 2560x1600
[2026-08-17T12:00:12Z INFO  steel_front::engine::renderer] swapchain diag: current_extent=2560x1600 final=2560x1600
[2026-08-17T12:00:12Z INFO  steel_front::engine::renderer] 交换链初始化完成: 2560x1600, 格式: B8G8R8A8_SRGB, 图像数: 3, present_mode: MAILBOX
[2026-08-17T12:00:12Z INFO  steel_front::engine::renderer] 深度缓冲创建完成: 3 张 2560x1600 D32_SFLOAT
[2026-08-17T12:00:12Z INFO  steel_front] 窗口大小变化: 2560x1600
[2026-08-17T12:00:12Z INFO  steel_front::engine::renderer] swapchain diag: current_extent=2560x1600 final=2560x1600
[2026-08-17T12:00:12Z INFO  steel_front::engine::renderer] 交换链初始化完成: 2560x1600, 格式: B8G8R8A8_SRGB, 图像数: 3, present_mode: MAILBOX
[2026-08-17T12:00:12Z INFO  steel_front::engine::renderer] 深度缓冲创建完成: 3 张 2560x1600 D32_SFLOAT
[2026-08-17T12:00:12Z INFO  steel_front] cam: yaw=0.0 pitch=0.0 dist=3.4 mode=FirstPerson cycle_us=3093 update_us=16 render_us=3076
[2026-08-17T12:00:12Z INFO  steel_front::engine::renderer] visible=65536/65536 near=65536 far=0 fps=308.0 frame_us=1553 cull_us=0 terrain_us=0 wait_fence_us=2060 acquire_us=1 record_us=38 submit_us=37 present_us=281 terrain_lod=high blend=0.000 quality=中画质 marker=36 npc=56
[2026-08-17T12:00:13Z INFO  steel_front::engine::game] ai: npcs=8 near=8 far=0 idle=0 patrol=0 chase=8 attack=0 tactics=[8, 0, 0, 0, 0, 0, 0, 0]
[2026-08-17T12:00:13Z INFO  steel_front::engine::game] game: wave=1 enemies=8 enemy_hp=100 hp=100/100 score=0 phys_us=2 ai_us=366 audio_us=9 net_us=0
[2026-08-17T12:00:13Z INFO  steel_front] cam: yaw=0.0 pitch=0.0 dist=3.4 mode=FirstPerson cycle_us=2421 update_us=37 render_us=2383
[2026-08-17T12:00:13Z INFO  steel_front::engine::renderer] visible=65536/65536 near=65536 far=0 fps=376.4 frame_us=2652 cull_us=0 terrain_us=0 wait_fence_us=2024 acquire_us=1 record_us=46 submit_us=45 present_us=178 terrain_lod=high blend=0.000 quality=中画质 marker=36 npc=56
[2026-08-17T12:00:14Z INFO  steel_front::engine::game] ai: npcs=8 near=8 far=0 idle=0 patrol=0 chase=8 attack=0 tactics=[8, 0, 0, 0, 0, 0, 0, 0]
[2026-08-17T12:00:14Z INFO  steel_front::engine::game] game: wave=1 enemies=8 enemy_hp=100 hp=100/100 score=0 phys_us=2 ai_us=458 audio_us=9 net_us=0
[2026-08-17T12:00:14Z INFO  steel_front] cam: yaw=0.0 pitch=0.0 dist=3.4 mode=FirstPerson cycle_us=3034 update_us=14 render_us=3019
[2026-08-17T12:00:14Z INFO  steel_front::engine::renderer] visible=65536/65536 near=65536 far=0 fps=375.8 frame_us=2758 cull_us=0 terrain_us=0 wait_fence_us=1798 acquire_us=1 record_us=82 submit_us=26 present_us=301 terrain_lod=high blend=0.000 quality=中画质 marker=36 npc=56
[2026-08-17T12:00:15Z INFO  steel_front::engine::game] ai: npcs=8 near=8 far=0 idle=0 patrol=0 chase=8 attack=0 tactics=[8, 0, 0, 0, 0, 0, 0, 0]
[2026-08-17T12:00:15Z INFO  steel_front::engine::game] game: wave=1 enemies=8 enemy_hp=100 hp=100/100 score=0 phys_us=2 ai_us=395 audio_us=21 net_us=0
[2026-08-17T12:00:15Z INFO  steel_front] cam: yaw=0.0 pitch=0.0 dist=3.4 mode=FirstPerson cycle_us=2441 update_us=32 render_us=2409
[2026-08-17T12:00:15Z INFO  steel_front::engine::game] map: level 1 generated: 36 obstacle bodies (wall=20 block=0 barrier=0 tree=3 building=6 ruin=7), 203 grid cells blocked
[2026-08-17T12:00:15Z INFO  steel_front::engine::game] game: purged 8 leftover npcs on run start
[2026-08-17T12:00:15Z INFO  steel_front::engine::game] wave: npc #8 spawn (65.3, 0.0, 25.3)
[2026-08-17T12:00:15Z INFO  steel_front::engine::game] wave: npc #9 spawn (6.1, 0.0, 39.5)
[2026-08-17T12:00:15Z INFO  steel_front::engine::game] wave: npc #10 spawn (-46.8, 0.0, 37.6)
[2026-08-17T12:00:15Z INFO  steel_front::engine::game] wave: npc #11 spawn (-74.6, 0.0, -28.9)
[2026-08-17T12:00:15Z INFO  steel_front::engine::game] wave: npc #12 spawn (-7.6, 0.0, -49.4)
[2026-08-17T12:00:15Z INFO  steel_front::engine::game] wave: npc #13 spawn (54.6, 0.0, -43.9)
[2026-08-17T12:00:15Z INFO  steel_front::engine::game] wave: wave 1 spawned 6 enemies (kind=Normal total=6 speed=4.0 hp=100 effective=1)
[2026-08-17T12:00:15Z INFO  steel_front::engine::game] game: run started (wave 1)
[2026-08-17T12:00:15Z INFO  steel_front] input: cursor captured (mouse look on, grab=locked, look=relative)
[2026-08-17T12:00:15Z INFO  steel_front::engine::game] physics: 36 events this frame (GroundHit, GroundHit, GroundHit, GroundHit, GroundHit, GroundHit, GroundHit, GroundHit, GroundHit, GroundHit, GroundHit, GroundHit, GroundHit, GroundHit, GroundHit, GroundHit, GroundHit, GroundHit, GroundHit, GroundHit, GroundHit, GroundHit, GroundHit, GroundHit, GroundHit, GroundHit, GroundHit, GroundHit, GroundHit, GroundHit, GroundHit, GroundHit, GroundHit, GroundHit, GroundHit, GroundHit)
[2026-08-17T12:00:15Z INFO  steel_front] input: cursor released (window unfocused)
[2026-08-17T12:00:15Z INFO  steel_front::engine::renderer] visible=65536/65536 near=65536 far=0 fps=376.4 frame_us=1122 cull_us=1 terrain_us=0 wait_fence_us=1157 acquire_us=0 record_us=46 submit_us=37 present_us=373 terrain_lod=high blend=0.000 quality=中画质 marker=36 npc=98
[2026-08-17T12:00:16Z INFO  steel_front::engine::game] ai: npcs=6 near=6 far=0 idle=0 patrol=3 chase=3 attack=0 tactics=[4, 1, 1, 0, 0, 0, 0, 0]
[2026-08-17T12:00:16Z INFO  steel_front::engine::game] game: wave=1 enemies=6 enemy_hp=100 hp=100/100 score=0 phys_us=3 ai_us=652 audio_us=7 net_us=0
[2026-08-17T12:00:16Z INFO  steel_front] cam: yaw=0.0 pitch=0.0 dist=3.4 mode=FirstPerson cycle_us=1984 update_us=40 render_us=1944
[2026-08-17T12:00:16Z INFO  steel_front::engine::renderer] visible=65536/65536 near=65536 far=0 fps=383.0 frame_us=1675 cull_us=1 terrain_us=0 wait_fence_us=2074 acquire_us=1 record_us=26 submit_us=19 present_us=128 terrain_lod=high blend=0.000 quality=中画质 marker=36 npc=98
[2026-08-17T12:00:17Z INFO  steel_front] size diag: window_inner=2560x1600 hud=2560x1600
[2026-08-17T12:00:17Z INFO  steel_front::engine::game] ai: npcs=6 near=6 far=0 idle=0 patrol=3 chase=3 attack=0 tactics=[4, 1, 1, 0, 0, 0, 0, 0]
[2026-08-17T12:00:17Z INFO  steel_front::engine::game] game: wave=1 enemies=6 enemy_hp=100 hp=100/100 score=0 phys_us=2 ai_us=231 audio_us=27 net_us=0
[2026-08-17T12:00:17Z INFO  steel_front] size diag: window_inner=2560x1600 hud=2560x1600
[2026-08-17T12:00:17Z INFO  steel_front] size diag: window_inner=2560x1600 hud=2560x1600
[2026-08-17T12:00:17Z INFO  steel_front] size diag: window_inner=2560x1600 hud=2560x1600
[2026-08-17T12:00:17Z INFO  steel_front] size diag: window_inner=2560x1600 hud=2560x1600
[2026-08-17T12:00:17Z INFO  steel_front] size diag: window_inner=2560x1600 hud=2560x1600
[2026-08-17T12:00:17Z INFO  steel_front] size diag: window_inner=2560x1600 hud=2560x1600
[2026-08-17T12:00:17Z INFO  steel_front] size diag: window_inner=2560x1600 hud=2560x1600
[2026-08-17T12:00:17Z INFO  steel_front] size diag: window_inner=2560x1600 hud=2560x1600
[2026-08-17T12:00:17Z INFO  steel_front] size diag: window_inner=2560x1600 hud=2560x1600
[2026-08-17T12:00:17Z INFO  steel_front] size diag: window_inner=2560x1600 hud=2560x1600
[2026-08-17T12:00:17Z INFO  steel_front] size diag: window_inner=2560x1600 hud=2560x1600
[2026-08-17T12:00:17Z INFO  steel_front] size diag: window_inner=2560x1600 hud=2560x1600
[2026-08-17T12:00:17Z INFO  steel_front] size diag: window_inner=2560x1600 hud=2560x1600
[2026-08-17T12:00:17Z INFO  steel_front] size diag: window_inner=2560x1600 hud=2560x1600
[2026-08-17T12:00:17Z INFO  steel_front] size diag: window_inner=2560x1600 hud=2560x1600
[2026-08-17T12:00:17Z INFO  steel_front] size diag: window_inner=2560x1600 hud=2560x1600
[2026-08-17T12:00:17Z INFO  steel_front] size diag: window_inner=2560x1600 hud=2560x1600
[2026-08-17T12:00:17Z INFO  steel_front] size diag: window_inner=2560x1600 hud=2560x1600
[2026-08-17T12:00:17Z INFO  steel_front] cam: yaw=0.0 pitch=0.0 dist=3.4 mode=FirstPerson cycle_us=2379 update_us=31 render_us=2348
[2026-08-17T12:00:17Z INFO  steel_front::engine::renderer] visible=65536/65536 near=65536 far=0 fps=380.3 frame_us=2306 cull_us=1 terrain_us=0 wait_fence_us=1340 acquire_us=1 record_us=74 submit_us=34 present_us=234 terrain_lod=high blend=0.000 quality=中画质 marker=36 npc=98
[2026-08-17T12:00:18Z INFO  steel_front::engine::game] ai: npcs=6 near=6 far=0 idle=0 patrol=3 chase=3 attack=0 tactics=[4, 1, 1, 0, 0, 0, 0, 0]
[2026-08-17T12:00:18Z INFO  steel_front::engine::game] game: wave=1 enemies=6 enemy_hp=100 hp=100/100 score=0 phys_us=2 ai_us=541 audio_us=15 net_us=0
[2026-08-17T12:00:18Z INFO  steel_front] cam: yaw=0.0 pitch=0.0 dist=3.4 mode=FirstPerson cycle_us=4673 update_us=38 render_us=4635
[2026-08-17T12:00:18Z INFO  steel_front::engine::renderer] visible=65536/65536 near=65536 far=0 fps=338.3 frame_us=2432 cull_us=0 terrain_us=0 wait_fence_us=3161 acquire_us=1 record_us=51 submit_us=46 present_us=261 terrain_lod=high blend=0.000 quality=中画质 marker=36 npc=98
[2026-08-17T12:00:19Z INFO  steel_front::engine::game] ai: npcs=6 near=6 far=0 idle=0 patrol=3 chase=3 attack=0 tactics=[3, 1, 1, 0, 0, 0, 0, 1]
[2026-08-17T12:00:19Z INFO  steel_front::engine::game] game: wave=1 enemies=6 enemy_hp=100 hp=100/100 score=0 phys_us=2 ai_us=549 audio_us=23 net_us=0
[2026-08-17T12:00:19Z INFO  steel_front] cam: yaw=0.0 pitch=0.0 dist=3.4 mode=FirstPerson cycle_us=2407 update_us=38 render_us=2368
[2026-08-17T12:00:19Z INFO  steel_front::engine::renderer] visible=65536/65536 near=65536 far=0 fps=354.5 frame_us=2180 cull_us=0 terrain_us=0 wait_fence_us=1837 acquire_us=0 record_us=23 submit_us=25 present_us=147 terrain_lod=high blend=0.000 quality=中画质 marker=36 npc=98
[2026-08-17T12:00:20Z INFO  steel_front::engine::game] ai: npcs=6 near=6 far=0 idle=0 patrol=3 chase=3 attack=0 tactics=[4, 1, 1, 0, 0, 0, 0, 0]
[2026-08-17T12:00:20Z INFO  steel_front::engine::game] game: wave=1 enemies=6 enemy_hp=100 hp=100/100 score=0 phys_us=1 ai_us=502 audio_us=19 net_us=0
[2026-08-17T12:00:20Z INFO  steel_front] cam: yaw=0.0 pitch=0.0 dist=3.4 mode=FirstPerson cycle_us=2410 update_us=32 render_us=2378
[2026-08-17T12:00:20Z INFO  steel_front::engine::renderer] visible=65536/65536 near=65536 far=0 fps=360.7 frame_us=2239 cull_us=0 terrain_us=0 wait_fence_us=1568 acquire_us=0 record_us=80 submit_us=41 present_us=254 terrain_lod=high blend=0.000 quality=中画质 marker=36 npc=98
[2026-08-17T12:00:21Z INFO  steel_front::engine::game] ai: npcs=6 near=6 far=0 idle=0 patrol=3 chase=3 attack=0 tactics=[3, 1, 1, 0, 0, 0, 0, 1]
[2026-08-17T12:00:21Z INFO  steel_front::engine::game] game: wave=1 enemies=6 enemy_hp=100 hp=100/100 score=0 phys_us=4 ai_us=485 audio_us=23 net_us=0
[2026-08-17T12:00:21Z INFO  steel_front] cam: yaw=0.0 pitch=0.0 dist=3.4 mode=FirstPerson cycle_us=2626 update_us=35 render_us=2590
[2026-08-17T12:00:21Z INFO  steel_front::engine::renderer] visible=65536/65536 near=65536 far=0 fps=392.8 frame_us=1864 cull_us=0 terrain_us=0 wait_fence_us=1989 acquire_us=1 record_us=49 submit_us=60 present_us=264 terrain_lod=high blend=0.000 quality=中画质 marker=36 npc=98
[2026-08-17T12:00:22Z INFO  steel_front] size diag: window_inner=2560x1600 hud=2560x1600
[2026-08-17T12:00:22Z INFO  steel_front] size diag: window_inner=2560x1600 hud=2560x1600
[2026-08-17T12:00:22Z INFO  steel_front] size diag: window_inner=2560x1600 hud=2560x1600
[2026-08-17T12:00:22Z INFO  steel_front] size diag: window_inner=2560x1600 hud=2560x1600
[2026-08-17T12:00:22Z INFO  steel_front::engine::game] ai: npcs=6 near=6 far=0 idle=0 patrol=3 chase=3 attack=0 tactics=[4, 1, 1, 0, 0, 0, 0, 0]
[2026-08-17T12:00:22Z INFO  steel_front::engine::game] game: wave=1 enemies=6 enemy_hp=100 hp=100/100 score=0 phys_us=1 ai_us=167 audio_us=10 net_us=0
[2026-08-17T12:00:22Z INFO  steel_front] size diag: window_inner=2560x1600 hud=2560x1600
[2026-08-17T12:00:22Z INFO  steel_front] size diag: window_inner=2560x1600 hud=2560x1600
[2026-08-17T12:00:22Z INFO  steel_front] size diag: window_inner=2560x1600 hud=2560x1600
[2026-08-17T12:00:22Z INFO  steel_front] size diag: window_inner=2560x1600 hud=2560x1600
[2026-08-17T12:00:22Z INFO  steel_front] size diag: window_inner=2560x1600 hud=2560x1600
[2026-08-17T12:00:22Z INFO  steel_front] size diag: window_inner=2560x1600 hud=2560x1600
[2026-08-17T12:00:22Z INFO  steel_front] size diag: window_inner=2560x1600 hud=2560x1600
[2026-08-17T12:00:22Z INFO  steel_front] size diag: window_inner=2560x1600 hud=2560x1600
[2026-08-17T12:00:22Z INFO  steel_front] size diag: window_inner=2560x1600 hud=2560x1600
[2026-08-17T12:00:22Z INFO  steel_front] size diag: window_inner=2560x1600 hud=2560x1600
[2026-08-17T12:00:22Z INFO  steel_front] size diag: window_inner=2560x1600 hud=2560x1600
[2026-08-17T12:00:22Z INFO  steel_front] size diag: window_inner=2560x1600 hud=2560x1600
[2026-08-17T12:00:22Z INFO  steel_front] size diag: window_inner=2560x1600 hud=2560x1600
[2026-08-17T12:00:22Z INFO  steel_front] size diag: window_inner=2560x1600 hud=2560x1600
[2026-08-17T12:00:22Z INFO  steel_front] size diag: window_inner=2560x1600 hud=2560x1600
[2026-08-17T12:00:22Z INFO  steel_front] size diag: window_inner=2560x1600 hud=2560x1600
[2026-08-17T12:00:22Z INFO  steel_front] cam: yaw=0.0 pitch=0.0 dist=3.4 mode=FirstPerson cycle_us=2425 update_us=16 render_us=2408
[2026-08-17T12:00:22Z INFO  steel_front::engine::renderer] visible=65536/65536 near=65536 far=0 fps=393.0 frame_us=1365 cull_us=0 terrain_us=0 wait_fence_us=1937 acquire_us=1 record_us=54 submit_us=23 present_us=185 terrain_lod=high blend=0.000 quality=中画质 marker=36 npc=98
[2026-08-17T12:00:23Z INFO  steel_front::engine::game] ai: npcs=6 near=6 far=0 idle=0 patrol=3 chase=3 attack=0 tactics=[3, 1, 1, 0, 0, 0, 0, 1]
[2026-08-17T12:00:23Z INFO  steel_front::engine::game] game: wave=1 enemies=6 enemy_hp=100 hp=100/100 score=0 phys_us=1 ai_us=501 audio_us=24 net_us=0
[2026-08-17T12:00:23Z INFO  steel_front] cam: yaw=0.0 pitch=0.0 dist=3.4 mode=FirstPerson cycle_us=1738 update_us=20 render_us=1718
[2026-08-17T12:00:23Z INFO  steel_front::engine::renderer] visible=65536/65536 near=65536 far=0 fps=393.3 frame_us=2097 cull_us=0 terrain_us=0 wait_fence_us=1812 acquire_us=0 record_us=45 submit_us=22 present_us=159 terrain_lod=high blend=0.000 quality=中画质 marker=36 npc=98
[2026-08-17T12:00:24Z INFO  steel_front::engine::game] ai: npcs=6 near=5 far=1 idle=0 patrol=2 chase=4 attack=0 tactics=[4, 1, 1, 0, 0, 0, 0, 0]
[2026-08-17T12:00:24Z INFO  steel_front::engine::game] game: wave=1 enemies=6 enemy_hp=100 hp=100/100 score=0 phys_us=3 ai_us=520 audio_us=28 net_us=0
[2026-08-17T12:00:24Z INFO  steel_front] cam: yaw=0.0 pitch=0.0 dist=3.4 mode=FirstPerson cycle_us=2726 update_us=50 render_us=2676
[2026-08-17T12:00:24Z INFO  steel_front::engine::renderer] visible=65536/65536 near=65536 far=0 fps=392.3 frame_us=1633 cull_us=1 terrain_us=0 wait_fence_us=1779 acquire_us=1 record_us=52 submit_us=70 present_us=258 terrain_lod=high blend=0.000 quality=中画质 marker=36 npc=98
[2026-08-17T12:00:25Z INFO  steel_front::engine::game] npc: #9 stand (4.7, 0.0, 11.0)
[2026-08-17T12:00:25Z INFO  steel_front::engine::game] ai: npcs=6 near=5 far=1 idle=0 patrol=2 chase=3 attack=1 tactics=[4, 1, 1, 0, 0, 0, 0, 0]
[2026-08-17T12:00:25Z INFO  steel_front::engine::game] game: wave=1 enemies=6 enemy_hp=100 hp=95/100 score=0 phys_us=2 ai_us=466 audio_us=14 net_us=0
[2026-08-17T12:00:25Z INFO  steel_front] cam: yaw=0.0 pitch=0.0 dist=3.4 mode=FirstPerson cycle_us=2192 update_us=40 render_us=2151
[2026-08-17T12:00:25Z INFO  steel_front::engine::renderer] visible=65536/65536 near=65536 far=0 fps=388.8 frame_us=1833 cull_us=0 terrain_us=0 wait_fence_us=1715 acquire_us=1 record_us=48 submit_us=36 present_us=153 terrain_lod=high blend=0.000 quality=中画质 marker=58 npc=42
[2026-08-17T12:00:26Z INFO  steel_front::engine::game] ai: npcs=6 near=5 far=1 idle=0 patrol=2 chase=3 attack=1 tactics=[4, 1, 1, 0, 0, 0, 0, 0]
[2026-08-17T12:00:26Z INFO  steel_front::engine::game] game: wave=1 enemies=6 enemy_hp=100 hp=90/100 score=0 phys_us=1 ai_us=522 audio_us=12 net_us=0
[2026-08-17T12:00:26Z INFO  steel_front] cam: yaw=0.0 pitch=0.0 dist=3.4 mode=FirstPerson cycle_us=2457 update_us=36 render_us=2421
[2026-08-17T12:00:26Z INFO  steel_front::engine::renderer] visible=65536/65536 near=65536 far=0 fps=392.6 frame_us=1518 cull_us=0 terrain_us=0 wait_fence_us=1838 acquire_us=1 record_us=48 submit_us=38 present_us=328 terrain_lod=high blend=0.000 quality=中画质 marker=36 npc=42
[2026-08-17T12:00:27Z INFO  steel_front] size diag: window_inner=2560x1600 hud=2560x1600
[2026-08-17T12:00:27Z INFO  steel_front] size diag: window_inner=2560x1600 hud=2560x1600
[2026-08-17T12:00:27Z INFO  steel_front] size diag: window_inner=2560x1600 hud=2560x1600
[2026-08-17T12:00:27Z INFO  steel_front] size diag: window_inner=2560x1600 hud=2560x1600
[2026-08-17T12:00:27Z INFO  steel_front] size diag: window_inner=2560x1600 hud=2560x1600
[2026-08-17T12:00:27Z INFO  steel_front::engine::game] ai: npcs=6 near=4 far=2 idle=0 patrol=2 chase=3 attack=1 tactics=[4, 0, 2, 0, 0, 0, 0, 0]
[2026-08-17T12:00:27Z INFO  steel_front::engine::game] game: wave=1 enemies=6 enemy_hp=100 hp=85/100 score=0 phys_us=5 ai_us=235 audio_us=29 net_us=0
[2026-08-17T12:00:27Z INFO  steel_front] size diag: window_inner=2560x1600 hud=2560x1600
[2026-08-17T12:00:27Z INFO  steel_front] size diag: window_inner=2560x1600 hud=2560x1600
[2026-08-17T12:00:27Z INFO  steel_front] size diag: window_inner=2560x1600 hud=2560x1600
[2026-08-17T12:00:27Z INFO  steel_front] size diag: window_inner=2560x1600 hud=2560x1600
[2026-08-17T12:00:27Z INFO  steel_front] size diag: window_inner=2560x1600 hud=2560x1600
[2026-08-17T12:00:27Z INFO  steel_front] size diag: window_inner=2560x1600 hud=2560x1600
[2026-08-17T12:00:27Z INFO  steel_front] size diag: window_inner=2560x1600 hud=2560x1600
[2026-08-17T12:00:27Z INFO  steel_front] size diag: window_inner=2560x1600 hud=2560x1600
[2026-08-17T12:00:27Z INFO  steel_front] size diag: window_inner=2560x1600 hud=2560x1600
[2026-08-17T12:00:27Z INFO  steel_front] size diag: window_inner=2560x1600 hud=2560x1600
[2026-08-17T12:00:27Z INFO  steel_front] size diag: window_inner=2560x1600 hud=2560x1600
[2026-08-17T12:00:27Z INFO  steel_front] size diag: window_inner=2560x1600 hud=2560x1600
[2026-08-17T12:00:27Z INFO  steel_front] size diag: window_inner=2560x1600 hud=2560x1600
[2026-08-17T12:00:27Z INFO  steel_front] size diag: window_inner=2560x1600 hud=2560x1600
[2026-08-17T12:00:27Z INFO  steel_front] cam: yaw=0.0 pitch=0.0 dist=3.4 mode=FirstPerson cycle_us=2276 update_us=23 render_us=2253
[2026-08-17T12:00:27Z INFO  steel_front::engine::renderer] visible=65536/65536 near=65536 far=0 fps=393.2 frame_us=1937 cull_us=1 terrain_us=0 wait_fence_us=1673 acquire_us=1 record_us=39 submit_us=25 present_us=229 terrain_lod=high blend=0.000 quality=中画质 marker=60 npc=42
[2026-08-17T12:00:28Z INFO  steel_front::engine::game] ai: npcs=6 near=4 far=2 idle=0 patrol=2 chase=3 attack=1 tactics=[4, 0, 2, 0, 0, 0, 0, 0]
[2026-08-17T12:00:28Z INFO  steel_front::engine::game] game: wave=1 enemies=6 enemy_hp=100 hp=80/100 score=0 phys_us=1 ai_us=522 audio_us=23 net_us=0
[2026-08-17T12:00:28Z INFO  steel_front] cam: yaw=0.0 pitch=0.0 dist=3.4 mode=FirstPerson cycle_us=2855 update_us=17 render_us=2838
[2026-08-17T12:00:28Z INFO  steel_front::engine::renderer] visible=65536/65536 near=65536 far=0 fps=393.4 frame_us=1876 cull_us=0 terrain_us=0 wait_fence_us=2113 acquire_us=1 record_us=23 submit_us=25 present_us=151 terrain_lod=high blend=0.000 quality=中画质 marker=36 npc=42
[2026-08-17T12:00:29Z INFO  steel_front::engine::game] ai: npcs=6 near=4 far=2 idle=0 patrol=2 chase=3 attack=1 tactics=[4, 0, 2, 0, 0, 0, 0, 0]
[2026-08-17T12:00:29Z INFO  steel_front::engine::game] game: wave=1 enemies=6 enemy_hp=100 hp=75/100 score=0 phys_us=2 ai_us=521 audio_us=10 net_us=0
[2026-08-17T12:00:29Z INFO  steel_front] cam: yaw=0.0 pitch=0.0 dist=3.4 mode=FirstPerson cycle_us=2631 update_us=25 render_us=2606
[2026-08-17T12:00:29Z INFO  steel_front::engine::renderer] visible=65536/65536 near=65536 far=0 fps=393.5 frame_us=2231 cull_us=0 terrain_us=0 wait_fence_us=1472 acquire_us=0 record_us=48 submit_us=59 present_us=272 terrain_lod=high blend=0.000 quality=中画质 marker=61 npc=42
[2026-08-17T12:00:30Z INFO  steel_front::engine::game] ai: npcs=6 near=4 far=2 idle=0 patrol=2 chase=3 attack=1 tactics=[4, 0, 2, 0, 0, 0, 0, 0]
[2026-08-17T12:00:30Z INFO  steel_front::engine::game] game: wave=1 enemies=6 enemy_hp=100 hp=70/100 score=0 phys_us=1 ai_us=520 audio_us=26 net_us=0
[2026-08-17T12:00:30Z INFO  steel_front::engine::game] npc: #12 stand (2.0, 0.0, -11.8)
[2026-08-17T12:00:30Z INFO  steel_front] cam: yaw=0.0 pitch=0.0 dist=3.4 mode=FirstPerson cycle_us=2160 update_us=42 render_us=2118
[2026-08-17T12:00:30Z INFO  steel_front::engine::renderer] visible=65536/65536 near=65536 far=0 fps=393.5 frame_us=1676 cull_us=0 terrain_us=0 wait_fence_us=1623 acquire_us=0 record_us=51 submit_us=22 present_us=209 terrain_lod=high blend=0.000 quality=中画质 marker=37 npc=42
[2026-08-17T12:00:31Z INFO  steel_front::engine::game] ai: npcs=6 near=4 far=2 idle=0 patrol=3 chase=1 attack=2 tactics=[4, 0, 2, 0, 0, 0, 0, 0]
[2026-08-17T12:00:31Z INFO  steel_front::engine::game] game: wave=1 enemies=6 enemy_hp=100 hp=65/100 score=0 phys_us=1 ai_us=490 audio_us=28 net_us=0
[2026-08-17T12:00:31Z INFO  steel_front] cam: yaw=0.0 pitch=0.0 dist=3.4 mode=FirstPerson cycle_us=2679 update_us=18 render_us=2661
[2026-08-17T12:00:31Z INFO  steel_front::engine::renderer] visible=65536/65536 near=65536 far=0 fps=386.2 frame_us=3869 cull_us=0 terrain_us=0 wait_fence_us=1729 acquire_us=1 record_us=95 submit_us=46 present_us=269 terrain_lod=high blend=0.000 quality=中画质 marker=53 npc=42
[2026-08-17T12:00:32Z INFO  steel_front] size diag: window_inner=2560x1600 hud=2560x1600
[2026-08-17T12:00:32Z INFO  steel_front] size diag: window_inner=2560x1600 hud=2560x1600
[2026-08-17T12:00:32Z INFO  steel_front] size diag: window_inner=2560x1600 hud=2560x1600
[2026-08-17T12:00:32Z INFO  steel_front] size diag: window_inner=2560x1600 hud=2560x1600
[2026-08-17T12:00:32Z INFO  steel_front] size diag: window_inner=2560x1600 hud=2560x1600
[2026-08-17T12:00:32Z INFO  steel_front::engine::game] ai: npcs=6 near=4 far=2 idle=0 patrol=3 chase=1 attack=2 tactics=[4, 0, 2, 0, 0, 0, 0, 0]
[2026-08-17T12:00:32Z INFO  steel_front::engine::game] game: wave=1 enemies=6 enemy_hp=100 hp=60/100 score=0 phys_us=2 ai_us=388 audio_us=14 net_us=0
[2026-08-17T12:00:32Z INFO  steel_front] size diag: window_inner=2560x1600 hud=2560x1600
[2026-08-17T12:00:32Z INFO  steel_front] size diag: window_inner=2560x1600 hud=2560x1600
[2026-08-17T12:00:32Z INFO  steel_front] size diag: window_inner=2560x1600 hud=2560x1600
[2026-08-17T12:00:32Z INFO  steel_front] size diag: window_inner=2560x1600 hud=2560x1600
[2026-08-17T12:00:32Z INFO  steel_front] size diag: window_inner=2560x1600 hud=2560x1600
[2026-08-17T12:00:32Z INFO  steel_front] size diag: window_inner=2560x1600 hud=2560x1600
[2026-08-17T12:00:32Z INFO  steel_front] size diag: window_inner=2560x1600 hud=2560x1600
[2026-08-17T12:00:32Z INFO  steel_front] size diag: window_inner=2560x1600 hud=2560x1600
[2026-08-17T12:00:32Z INFO  steel_front] size diag: window_inner=2560x1600 hud=2560x1600
[2026-08-17T12:00:32Z INFO  steel_front] cam: yaw=0.0 pitch=0.0 dist=3.4 mode=FirstPerson cycle_us=3579 update_us=64 render_us=3514
[2026-08-17T12:00:32Z INFO  steel_front::engine::renderer] visible=65536/65536 near=65536 far=0 fps=329.9 frame_us=1897 cull_us=0 terrain_us=0 wait_fence_us=1770 acquire_us=1 record_us=85 submit_us=51 present_us=362 terrain_lod=high blend=0.000 quality=中画质 marker=36 npc=42
[2026-08-17T12:00:33Z INFO  steel_front::engine::game] ai: npcs=6 near=4 far=2 idle=0 patrol=3 chase=1 attack=2 tactics=[3, 0, 2, 0, 0, 0, 0, 1]
[2026-08-17T12:00:33Z INFO  steel_front::engine::game] game: wave=1 enemies=6 enemy_hp=100 hp=55/100 score=0 phys_us=1 ai_us=514 audio_us=16 net_us=0
[2026-08-17T12:00:33Z INFO  steel_front] cam: yaw=0.0 pitch=0.0 dist=3.4 mode=FirstPerson cycle_us=2749 update_us=24 render_us=2724
[2026-08-17T12:00:33Z INFO  steel_front::engine::renderer] visible=65536/65536 near=65536 far=0 fps=333.7 frame_us=2477 cull_us=2 terrain_us=0 wait_fence_us=1544 acquire_us=1 record_us=81 submit_us=41 present_us=261 terrain_lod=high blend=0.000 quality=中画质 marker=64 npc=42
[2026-08-17T12:00:34Z INFO  steel_front::engine::game] ai: npcs=6 near=5 far=1 idle=0 patrol=2 chase=2 attack=2 tactics=[4, 0, 2, 0, 0, 0, 0, 0]
[2026-08-17T12:00:34Z INFO  steel_front::engine::game] game: wave=1 enemies=6 enemy_hp=100 hp=50/100 score=0 phys_us=1 ai_us=511 audio_us=24 net_us=0
[2026-08-17T12:00:34Z INFO  steel_front::engine::game] npc: #10 stand (-11.7, 0.0, 2.8)
[2026-08-17T12:00:34Z INFO  steel_front] cam: yaw=0.0 pitch=0.0 dist=3.4 mode=FirstPerson cycle_us=2649 update_us=36 render_us=2613
[2026-08-17T12:00:34Z INFO  steel_front::engine::renderer] visible=65536/65536 near=65536 far=0 fps=350.6 frame_us=2427 cull_us=0 terrain_us=0 wait_fence_us=1305 acquire_us=0 record_us=83 submit_us=41 present_us=266 terrain_lod=high blend=0.000 quality=中画质 marker=36 npc=42
[2026-08-17T12:00:35Z INFO  steel_front::engine::game] ai: npcs=6 near=5 far=1 idle=0 patrol=2 chase=1 attack=3 tactics=[4, 0, 2, 0, 0, 0, 0, 0]
[2026-08-17T12:00:35Z INFO  steel_front::engine::game] game: wave=1 enemies=6 enemy_hp=100 hp=45/100 score=0 phys_us=2 ai_us=519 audio_us=10 net_us=0
[2026-08-17T12:00:35Z INFO  steel_front] cam: yaw=0.0 pitch=0.0 dist=3.4 mode=FirstPerson cycle_us=1716 update_us=44 render_us=1672
[2026-08-17T12:00:35Z INFO  steel_front::engine::renderer] visible=65536/65536 near=65536 far=0 fps=401.0 frame_us=1723 cull_us=0 terrain_us=0 wait_fence_us=1778 acquire_us=1 record_us=23 submit_us=21 present_us=148 terrain_lod=high blend=0.000 quality=中画质 marker=64 npc=42
[2026-08-17T12:00:36Z INFO  steel_front::engine::game] ai: npcs=6 near=5 far=1 idle=0 patrol=2 chase=1 attack=3 tactics=[4, 0, 2, 0, 0, 0, 0, 0]
[2026-08-17T12:00:36Z INFO  steel_front::engine::game] game: wave=1 enemies=6 enemy_hp=100 hp=40/100 score=0 phys_us=1 ai_us=537 audio_us=13 net_us=0
[2026-08-17T12:00:36Z INFO  steel_front] cam: yaw=0.0 pitch=0.0 dist=3.4 mode=FirstPerson cycle_us=2648 update_us=23 render_us=2625
[2026-08-17T12:00:36Z INFO  steel_front::engine::renderer] visible=65536/65536 near=65536 far=0 fps=400.5 frame_us=1841 cull_us=0 terrain_us=0 wait_fence_us=1856 acquire_us=1 record_us=91 submit_us=45 present_us=304 terrain_lod=high blend=0.000 quality=中画质 marker=36 npc=42
[2026-08-17T12:00:37Z INFO  steel_front] size diag: window_inner=2560x1600 hud=2560x1600
[2026-08-17T12:00:37Z INFO  steel_front] size diag: window_inner=2560x1600 hud=2560x1600
[2026-08-17T12:00:37Z INFO  steel_front] size diag: window_inner=2560x1600 hud=2560x1600
[2026-08-17T12:00:37Z INFO  steel_front] size diag: window_inner=2560x1600 hud=2560x1600
[2026-08-17T12:00:37Z INFO  steel_front] size diag: window_inner=2560x1600 hud=2560x1600
[2026-08-17T12:00:37Z INFO  steel_front] size diag: window_inner=2560x1600 hud=2560x1600
[2026-08-17T12:00:37Z INFO  steel_front] size diag: window_inner=2560x1600 hud=2560x1600
[2026-08-17T12:00:37Z INFO  steel_front] size diag: window_inner=2560x1600 hud=2560x1600
[2026-08-17T12:00:37Z INFO  steel_front] size diag: window_inner=2560x1600 hud=2560x1600
[2026-08-17T12:00:37Z INFO  steel_front] size diag: window_inner=2560x1600 hud=2560x1600
[2026-08-17T12:00:37Z INFO  steel_front] size diag: window_inner=2560x1600 hud=2560x1600
[2026-08-17T12:00:37Z INFO  steel_front::engine::game] ai: npcs=6 near=5 far=1 idle=0 patrol=2 chase=1 attack=3 tactics=[4, 0, 2, 0, 0, 0, 0, 0]
[2026-08-17T12:00:37Z INFO  steel_front::engine::game] game: wave=1 enemies=6 enemy_hp=100 hp=35/100 score=0 phys_us=1 ai_us=217 audio_us=12 net_us=0
[2026-08-17T12:00:37Z INFO  steel_front] size diag: window_inner=2560x1600 hud=2560x1600
[2026-08-17T12:00:37Z INFO  steel_front] size diag: window_inner=2560x1600 hud=2560x1600
[2026-08-17T12:00:37Z INFO  steel_front] size diag: window_inner=2560x1600 hud=2560x1600
[2026-08-17T12:00:37Z INFO  steel_front] size diag: window_inner=2560x1600 hud=2560x1600
[2026-08-17T12:00:37Z INFO  steel_front] size diag: window_inner=2560x1600 hud=2560x1600
[2026-08-17T12:00:37Z INFO  steel_front] size diag: window_inner=2560x1600 hud=2560x1600
[2026-08-17T12:00:37Z INFO  steel_front] size diag: window_inner=2560x1600 hud=2560x1600
[2026-08-17T12:00:37Z INFO  steel_front] size diag: window_inner=2560x1600 hud=2560x1600
[2026-08-17T12:00:37Z INFO  steel_front] size diag: window_inner=2560x1600 hud=2560x1600
[2026-08-17T12:00:37Z INFO  steel_front] cam: yaw=0.0 pitch=0.0 dist=3.4 mode=FirstPerson cycle_us=2392 update_us=35 render_us=2357
[2026-08-17T12:00:37Z INFO  steel_front::engine::renderer] visible=65536/65536 near=65536 far=0 fps=391.8 frame_us=2613 cull_us=1 terrain_us=0 wait_fence_us=5274 acquire_us=1 record_us=41 submit_us=41 present_us=256 terrain_lod=high blend=0.000 quality=中画质 marker=56 npc=42
[2026-08-17T12:00:38Z INFO  steel_front::engine::game] ai: npcs=6 near=5 far=1 idle=0 patrol=2 chase=1 attack=3 tactics=[4, 1, 1, 0, 0, 0, 0, 0]
[2026-08-17T12:00:38Z INFO  steel_front::engine::game] game: wave=1 enemies=6 enemy_hp=100 hp=30/100 score=0 phys_us=4 ai_us=774 audio_us=17 net_us=0
[2026-08-17T12:00:38Z INFO  steel_front] cam: yaw=0.0 pitch=0.0 dist=3.4 mode=FirstPerson cycle_us=2447 update_us=22 render_us=2425
[2026-08-17T12:00:38Z INFO  steel_front::engine::renderer] visible=65536/65536 near=65536 far=0 fps=381.0 frame_us=2725 cull_us=0 terrain_us=0 wait_fence_us=2105 acquire_us=1 record_us=85 submit_us=52 present_us=253 terrain_lod=high blend=0.000 quality=中画质 marker=36 npc=42
[2026-08-17T12:00:39Z INFO  steel_front::engine::game] ai: npcs=6 near=5 far=1 idle=0 patrol=2 chase=1 attack=3 tactics=[4, 1, 1, 0, 0, 0, 0, 0]
[2026-08-17T12:00:39Z INFO  steel_front::engine::game] game: wave=1 enemies=6 enemy_hp=100 hp=25/100 score=0 phys_us=3 ai_us=533 audio_us=29 net_us=0
[2026-08-17T12:00:39Z INFO  steel_front] cam: yaw=0.0 pitch=0.0 dist=3.4 mode=FirstPerson cycle_us=4128 update_us=45 render_us=4082
[2026-08-17T12:00:39Z INFO  steel_front::engine::renderer] visible=65536/65536 near=65536 far=0 fps=310.7 frame_us=2183 cull_us=3 terrain_us=0 wait_fence_us=4837 acquire_us=4 record_us=130 submit_us=41 present_us=491 terrain_lod=high blend=0.000 quality=中画质 marker=54 npc=42
[2026-08-17T12:00:40Z INFO  steel_front::engine::game] ai: npcs=6 near=5 far=1 idle=0 patrol=3 chase=0 attack=3 tactics=[4, 1, 1, 0, 0, 0, 0, 0]
[2026-08-17T12:00:40Z INFO  steel_front::engine::game] game: wave=1 enemies=6 enemy_hp=100 hp=20/100 score=0 phys_us=1 ai_us=568 audio_us=30 net_us=0
[2026-08-17T12:00:40Z INFO  steel_front] cam: yaw=0.0 pitch=0.0 dist=3.4 mode=FirstPerson cycle_us=2568 update_us=22 render_us=2546
[2026-08-17T12:00:40Z INFO  steel_front::engine::renderer] visible=65536/65536 near=65536 far=0 fps=384.6 frame_us=1786 cull_us=2 terrain_us=0 wait_fence_us=1737 acquire_us=2 record_us=38 submit_us=74 present_us=168 terrain_lod=high blend=0.000 quality=中画质 marker=36 npc=42
[2026-08-17T12:00:41Z INFO  steel_front::engine::game] ai: npcs=6 near=5 far=1 idle=0 patrol=3 chase=0 attack=3 tactics=[4, 1, 1, 0, 0, 0, 0, 0]
[2026-08-17T12:00:41Z INFO  steel_front::engine::game] game: wave=1 enemies=6 enemy_hp=100 hp=15/100 score=0 phys_us=3 ai_us=566 audio_us=29 net_us=0
[2026-08-17T12:00:41Z INFO  steel_front] cam: yaw=0.0 pitch=0.0 dist=3.4 mode=FirstPerson cycle_us=2204 update_us=47 render_us=2156
[2026-08-17T12:00:42Z INFO  steel_front::engine::renderer] visible=65536/65536 near=65536 far=0 fps=382.5 frame_us=1623 cull_us=1 terrain_us=0 wait_fence_us=1327 acquire_us=1 record_us=147 submit_us=75 present_us=389 terrain_lod=high blend=0.000 quality=中画质 marker=63 npc=42
[2026-08-17T12:00:42Z INFO  steel_front] size diag: window_inner=2560x1600 hud=2560x1600
[2026-08-17T12:00:42Z INFO  steel_front] size diag: window_inner=2560x1600 hud=2560x1600
[2026-08-17T12:00:42Z INFO  steel_front] size diag: window_inner=2560x1600 hud=2560x1600
[2026-08-17T12:00:42Z INFO  steel_front] size diag: window_inner=2560x1600 hud=2560x1600
[2026-08-17T12:00:42Z INFO  steel_front] size diag: window_inner=2560x1600 hud=2560x1600
[2026-08-17T12:00:42Z INFO  steel_front] size diag: window_inner=2560x1600 hud=2560x1600
[2026-08-17T12:00:42Z INFO  steel_front] size diag: window_inner=2560x1600 hud=2560x1600
[2026-08-17T12:00:42Z INFO  steel_front] size diag: window_inner=2560x1600 hud=2560x1600
[2026-08-17T12:00:42Z INFO  steel_front] size diag: window_inner=2560x1600 hud=2560x1600
[2026-08-17T12:00:42Z INFO  steel_front] size diag: window_inner=2560x1600 hud=2560x1600
[2026-08-17T12:00:42Z INFO  steel_front] size diag: window_inner=2560x1600 hud=2560x1600
[2026-08-17T12:00:42Z INFO  steel_front] size diag: window_inner=2560x1600 hud=2560x1600
[2026-08-17T12:00:42Z INFO  steel_front] size diag: window_inner=2560x1600 hud=2560x1600
[2026-08-17T12:00:42Z INFO  steel_front] size diag: window_inner=2560x1600 hud=2560x1600
[2026-08-17T12:00:42Z INFO  steel_front] size diag: window_inner=2560x1600 hud=2560x1600
[2026-08-17T12:00:42Z INFO  steel_front::engine::game] ai: npcs=6 near=6 far=0 idle=0 patrol=3 chase=0 attack=3 tactics=[4, 1, 1, 0, 0, 0, 0, 0]
[2026-08-17T12:00:42Z INFO  steel_front::engine::game] game: wave=1 enemies=6 enemy_hp=100 hp=10/100 score=0 phys_us=5 ai_us=278 audio_us=10 net_us=0
[2026-08-17T12:00:42Z INFO  steel_front] size diag: window_inner=2560x1600 hud=2560x1600
[2026-08-17T12:00:42Z INFO  steel_front] size diag: window_inner=2560x1600 hud=2560x1600
[2026-08-17T12:00:42Z INFO  steel_front] size diag: window_inner=2560x1600 hud=2560x1600
[2026-08-17T12:00:42Z INFO  steel_front] size diag: window_inner=2560x1600 hud=2560x1600
[2026-08-17T12:00:42Z INFO  steel_front] size diag: window_inner=2560x1600 hud=2560x1600
[2026-08-17T12:00:42Z INFO  steel_front] cam: yaw=0.0 pitch=0.0 dist=3.4 mode=FirstPerson cycle_us=11849 update_us=308 render_us=11540
[2026-08-17T12:00:43Z INFO  steel_front::engine::renderer] visible=65536/65536 near=65536 far=0 fps=373.1 frame_us=1902 cull_us=1 terrain_us=0 wait_fence_us=1353 acquire_us=1 record_us=96 submit_us=44 present_us=280 terrain_lod=high blend=0.000 quality=中画质 marker=36 npc=42
[2026-08-17T12:00:43Z INFO  steel_front::engine::game] ai: npcs=6 near=6 far=0 idle=0 patrol=3 chase=0 attack=3 tactics=[4, 1, 1, 0, 0, 0, 0, 0]
[2026-08-17T12:00:43Z INFO  steel_front::engine::game] game: wave=1 enemies=6 enemy_hp=100 hp=5/100 score=0 phys_us=5 ai_us=483 audio_us=34 net_us=0
[2026-08-17T12:00:43Z INFO  steel_front] cam: yaw=0.0 pitch=0.0 dist=3.4 mode=FirstPerson cycle_us=4962 update_us=111 render_us=4849
[2026-08-17T12:00:44Z INFO  steel_front::engine::renderer] visible=65536/65536 near=65536 far=0 fps=236.5 frame_us=1086 cull_us=1 terrain_us=0 wait_fence_us=5 acquire_us=1 record_us=58 submit_us=68 present_us=947 terrain_lod=high blend=0.000 quality=中画质 marker=59 npc=42
[2026-08-17T12:00:44Z INFO  steel_front::engine::game] game: player down, score=0 wave=1 (GameOver: gameplay frozen, projectiles coast without kills)
[2026-08-17T12:00:44Z INFO  steel_front::engine::game] game: wave=1 enemies=6 enemy_hp=100 hp=0/100 score=0 phys_us=5 ai_us=0 audio_us=20 net_us=0
[2026-08-17T12:00:44Z INFO  steel_front] cam: yaw=0.0 pitch=0.0 dist=3.4 mode=FirstPerson cycle_us=2632 update_us=29 render_us=2603
[2026-08-17T12:00:45Z INFO  steel_front::engine::renderer] visible=65536/65536 near=65536 far=0 fps=379.0 frame_us=2007 cull_us=1 terrain_us=0 wait_fence_us=2142 acquire_us=1 record_us=51 submit_us=45 present_us=328 terrain_lod=high blend=0.000 quality=中画质 marker=36 npc=42
[2026-08-17T12:00:45Z INFO  steel_front::engine::game] game: wave=1 enemies=6 enemy_hp=100 hp=0/100 score=0 phys_us=2 ai_us=0 audio_us=16 net_us=0
[2026-08-17T12:00:45Z INFO  steel_front] cam: yaw=0.0 pitch=0.0 dist=3.4 mode=FirstPerson cycle_us=2663 update_us=45 render_us=2617
[2026-08-17T12:00:46Z INFO  steel_front::engine::renderer] visible=65536/65536 near=65536 far=0 fps=374.9 frame_us=2661 cull_us=1 terrain_us=0 wait_fence_us=1533 acquire_us=1 record_us=108 submit_us=54 present_us=375 terrain_lod=high blend=0.000 quality=中画质 marker=63 npc=42
[2026-08-17T12:00:46Z INFO  steel_front::engine::game] game: wave=1 enemies=6 enemy_hp=100 hp=0/100 score=0 phys_us=1 ai_us=0 audio_us=30 net_us=0
[2026-08-17T12:00:46Z INFO  steel_front] cam: yaw=0.0 pitch=0.0 dist=3.4 mode=FirstPerson cycle_us=3124 update_us=38 render_us=3086
[2026-08-17T12:00:47Z INFO  steel_front::engine::renderer] visible=65536/65536 near=65536 far=0 fps=373.7 frame_us=3676 cull_us=1 terrain_us=0 wait_fence_us=1842 acquire_us=1 record_us=74 submit_us=89 present_us=881 terrain_lod=high blend=0.000 quality=中画质 marker=36 npc=42
[2026-08-17T12:00:47Z INFO  steel_front] size diag: window_inner=2560x1600 hud=2560x1600
[2026-08-17T12:00:47Z INFO  steel_front] size diag: window_inner=2560x1600 hud=2560x1600
[2026-08-17T12:00:47Z INFO  steel_front] size diag: window_inner=2560x1600 hud=2560x1600
[2026-08-17T12:00:47Z INFO  steel_front] size diag: window_inner=2560x1600 hud=2560x1600
[2026-08-17T12:00:47Z INFO  steel_front] size diag: window_inner=2560x1600 hud=2560x1600
[2026-08-17T12:00:47Z INFO  steel_front] size diag: window_inner=2560x1600 hud=2560x1600
[2026-08-17T12:00:47Z INFO  steel_front] size diag: window_inner=2560x1600 hud=2560x1600
[2026-08-17T12:00:47Z INFO  steel_front] size diag: window_inner=2560x1600 hud=2560x1600
[2026-08-17T12:00:47Z INFO  steel_front] size diag: window_inner=2560x1600 hud=2560x1600
[2026-08-17T12:00:47Z INFO  steel_front] size diag: window_inner=2560x1600 hud=2560x1600
[2026-08-17T12:00:47Z INFO  steel_front] size diag: window_inner=2560x1600 hud=2560x1600
[2026-08-17T12:00:47Z INFO  steel_front] size diag: window_inner=2560x1600 hud=2560x1600
[2026-08-17T12:00:47Z INFO  steel_front::engine::game] game: wave=1 enemies=6 enemy_hp=100 hp=0/100 score=0 phys_us=4 ai_us=0 audio_us=52 net_us=0
[2026-08-17T12:00:47Z INFO  steel_front] size diag: window_inner=2560x1600 hud=2560x1600
[2026-08-17T12:00:47Z INFO  steel_front] size diag: window_inner=2560x1600 hud=2560x1600
[2026-08-17T12:00:47Z INFO  steel_front] cam: yaw=0.0 pitch=0.0 dist=3.4 mode=FirstPerson cycle_us=8715 update_us=453 render_us=8261
[2026-08-17T12:00:48Z INFO  steel_front::engine::renderer] visible=65536/65536 near=65536 far=0 fps=176.4 frame_us=7331 cull_us=3 terrain_us=0 wait_fence_us=21 acquire_us=6 record_us=194 submit_us=1099 present_us=5990 terrain_lod=high blend=0.000 quality=中画质 marker=44 npc=42
[2026-08-17T12:00:48Z INFO  steel_front::engine::game] game: wave=1 enemies=6 enemy_hp=100 hp=0/100 score=0 phys_us=13 ai_us=1 audio_us=408 net_us=1
[2026-08-17T12:00:48Z INFO  steel_front] cam: yaw=0.0 pitch=0.0 dist=3.4 mode=FirstPerson cycle_us=6597 update_us=350 render_us=6246
[2026-08-17T12:00:49Z INFO  steel_front::engine::renderer] visible=65536/65536 near=65536 far=0 fps=150.7 frame_us=6430 cull_us=2 terrain_us=0 wait_fence_us=19 acquire_us=6 record_us=199 submit_us=711 present_us=5479 terrain_lod=high blend=0.000 quality=中画质 marker=36 npc=42
[2026-08-17T12:00:49Z INFO  steel_front::engine::game] game: wave=1 enemies=6 enemy_hp=100 hp=0/100 score=0 phys_us=13 ai_us=1 audio_us=433 net_us=1
[2026-08-17T12:00:49Z INFO  steel_front] cam: yaw=0.0 pitch=0.0 dist=3.4 mode=FirstPerson cycle_us=8296 update_us=607 render_us=7687
[2026-08-17T12:00:50Z INFO  steel_front::engine::renderer] visible=65536/65536 near=65536 far=0 fps=136.0 frame_us=5602 cull_us=2 terrain_us=0 wait_fence_us=22 acquire_us=6 record_us=207 submit_us=413 present_us=4935 terrain_lod=high blend=0.000 quality=中画质 marker=45 npc=42
[2026-08-17T12:00:50Z INFO  steel_front::engine::game] game: wave=1 enemies=6 enemy_hp=100 hp=0/100 score=0 phys_us=3 ai_us=0 audio_us=67 net_us=0
[2026-08-17T12:00:50Z INFO  steel_front] cam: yaw=0.0 pitch=0.0 dist=3.4 mode=FirstPerson cycle_us=2787 update_us=21 render_us=2765
[2026-08-17T12:00:51Z INFO  steel_front::engine::renderer] visible=65536/65536 near=65536 far=0 fps=307.8 frame_us=2057 cull_us=0 terrain_us=0 wait_fence_us=1835 acquire_us=1 record_us=42 submit_us=42 present_us=272 terrain_lod=high blend=0.000 quality=中画质 marker=36 npc=42
[2026-08-17T12:00:51Z INFO  steel_front::engine::game] game: wave=1 enemies=6 enemy_hp=100 hp=0/100 score=0 phys_us=3 ai_us=0 audio_us=24 net_us=0
[2026-08-17T12:00:51Z INFO  steel_front] cam: yaw=0.0 pitch=0.0 dist=3.4 mode=FirstPerson cycle_us=3129 update_us=27 render_us=3101
[2026-08-17T12:00:52Z INFO  steel_front::engine::renderer] visible=65536/65536 near=65536 far=0 fps=311.5 frame_us=2280 cull_us=0 terrain_us=0 wait_fence_us=2076 acquire_us=1 record_us=38 submit_us=26 present_us=302 terrain_lod=high blend=0.000 quality=中画质 marker=60 npc=42
[2026-08-17T12:00:52Z INFO  steel_front] size diag: window_inner=2560x1600 hud=2560x1600
[2026-08-17T12:00:52Z INFO  steel_front] size diag: window_inner=2560x1600 hud=2560x1600
[2026-08-17T12:00:52Z INFO  steel_front] size diag: window_inner=2560x1600 hud=2560x1600
[2026-08-17T12:00:52Z INFO  steel_front] size diag: window_inner=2560x1600 hud=2560x1600
[2026-08-17T12:00:52Z INFO  steel_front] size diag: window_inner=2560x1600 hud=2560x1600
[2026-08-17T12:00:52Z INFO  steel_front] size diag: window_inner=2560x1600 hud=2560x1600
[2026-08-17T12:00:52Z INFO  steel_front] size diag: window_inner=2560x1600 hud=2560x1600
[2026-08-17T12:00:52Z INFO  steel_front] size diag: window_inner=2560x1600 hud=2560x1600
[2026-08-17T12:00:52Z INFO  steel_front] size diag: window_inner=2560x1600 hud=2560x1600
[2026-08-17T12:00:52Z INFO  steel_front] size diag: window_inner=2560x1600 hud=2560x1600
[2026-08-17T12:00:52Z INFO  steel_front] size diag: window_inner=2560x1600 hud=2560x1600
[2026-08-17T12:00:52Z INFO  steel_front] size diag: window_inner=2560x1600 hud=2560x1600
[2026-08-17T12:00:52Z INFO  steel_front] size diag: window_inner=2560x1600 hud=2560x1600
[2026-08-17T12:00:52Z INFO  steel_front] size diag: window_inner=2560x1600 hud=2560x1600
[2026-08-17T12:00:52Z INFO  steel_front] size diag: window_inner=2560x1600 hud=2560x1600
[2026-08-17T12:00:52Z INFO  steel_front] size diag: window_inner=2560x1600 hud=2560x1600
[2026-08-17T12:00:52Z INFO  steel_front] size diag: window_inner=2560x1600 hud=2560x1600
[2026-08-17T12:00:52Z INFO  steel_front] size diag: window_inner=2560x1600 hud=2560x1600
[2026-08-17T12:00:52Z INFO  steel_front] size diag: window_inner=2560x1600 hud=2560x1600
[2026-08-17T12:00:52Z INFO  steel_front::engine::game] game: wave=1 enemies=6 enemy_hp=100 hp=0/100 score=0 phys_us=2 ai_us=0 audio_us=30 net_us=0
[2026-08-17T12:00:52Z INFO  steel_front] cam: yaw=0.0 pitch=0.0 dist=3.4 mode=FirstPerson cycle_us=2644 update_us=20 render_us=2623
[2026-08-17T12:00:53Z INFO  steel_front::engine::renderer] visible=65536/65536 near=65536 far=0 fps=327.9 frame_us=2574 cull_us=1 terrain_us=0 wait_fence_us=1842 acquire_us=1 record_us=37 submit_us=33 present_us=315 terrain_lod=high blend=0.000 quality=中画质 marker=36 npc=42
[2026-08-17T12:00:53Z INFO  steel_front::engine::game] game: wave=1 enemies=6 enemy_hp=100 hp=0/100 score=0 phys_us=3 ai_us=0 audio_us=14 net_us=0
[2026-08-17T12:00:53Z INFO  steel_front] cam: yaw=0.0 pitch=0.0 dist=3.4 mode=FirstPerson cycle_us=2651 update_us=71 render_us=2579
[2026-08-17T12:00:54Z INFO  steel_front::engine::renderer] visible=65536/65536 near=65536 far=0 fps=334.6 frame_us=2463 cull_us=2 terrain_us=0 wait_fence_us=1099 acquire_us=1 record_us=54 submit_us=44 present_us=408 terrain_lod=high blend=0.000 quality=中画质 marker=55 npc=42
[2026-08-17T12:00:54Z INFO  steel_front::engine::game] game: wave=1 enemies=6 enemy_hp=100 hp=0/100 score=0 phys_us=2 ai_us=0 audio_us=22 net_us=0
[2026-08-17T12:00:54Z INFO  steel_front] cam: yaw=0.0 pitch=0.0 dist=3.4 mode=FirstPerson cycle_us=2805 update_us=34 render_us=2770
[2026-08-17T12:00:55Z INFO  steel_front::engine::renderer] visible=65536/65536 near=65536 far=0 fps=337.9 frame_us=3055 cull_us=0 terrain_us=0 wait_fence_us=1372 acquire_us=1 record_us=29 submit_us=28 present_us=670 terrain_lod=high blend=0.000 quality=中画质 marker=36 npc=42
[2026-08-17T12:00:55Z INFO  steel_front::engine::game] game: wave=1 enemies=6 enemy_hp=100 hp=0/100 score=0 phys_us=2 ai_us=0 audio_us=35 net_us=0
[2026-08-17T12:00:55Z INFO  steel_front] cam: yaw=0.0 pitch=0.0 dist=3.4 mode=FirstPerson cycle_us=2520 update_us=58 render_us=2462
[2026-08-17T12:00:56Z INFO  steel_front::engine::renderer] visible=65536/65536 near=65536 far=0 fps=356.6 frame_us=3358 cull_us=2 terrain_us=0 wait_fence_us=4521 acquire_us=1 record_us=55 submit_us=51 present_us=377 terrain_lod=high blend=0.000 quality=中画质 marker=56 npc=42
[2026-08-17T12:00:56Z INFO  steel_front::engine::game] game: wave=1 enemies=6 enemy_hp=100 hp=0/100 score=0 phys_us=11 ai_us=0 audio_us=86 net_us=0
[2026-08-17T12:00:56Z INFO  steel_front] cam: yaw=0.0 pitch=0.0 dist=3.4 mode=FirstPerson cycle_us=2676 update_us=67 render_us=2608
[2026-08-17T12:00:57Z INFO  steel_front::engine::renderer] visible=65536/65536 near=65536 far=0 fps=309.8 frame_us=1638 cull_us=1 terrain_us=0 wait_fence_us=986 acquire_us=2 record_us=78 submit_us=80 present_us=655 terrain_lod=high blend=0.000 quality=中画质 marker=36 npc=42
[2026-08-17T12:00:57Z INFO  steel_front] size diag: window_inner=2560x1600 hud=2560x1600
[2026-08-17T12:00:57Z INFO  steel_front] size diag: window_inner=2560x1600 hud=2560x1600
[2026-08-17T12:00:57Z INFO  steel_front] size diag: window_inner=2560x1600 hud=2560x1600
[2026-08-17T12:00:57Z INFO  steel_front] size diag: window_inner=2560x1600 hud=2560x1600
[2026-08-17T12:00:57Z INFO  steel_front] size diag: window_inner=2560x1600 hud=2560x1600
[2026-08-17T12:00:57Z INFO  steel_front] size diag: window_inner=2560x1600 hud=2560x1600
[2026-08-17T12:00:57Z INFO  steel_front] size diag: window_inner=2560x1600 hud=2560x1600
[2026-08-17T12:00:57Z INFO  steel_front] size diag: window_inner=2560x1600 hud=2560x1600
[2026-08-17T12:00:57Z INFO  steel_front] size diag: window_inner=2560x1600 hud=2560x1600
[2026-08-17T12:00:57Z INFO  steel_front] size diag: window_inner=2560x1600 hud=2560x1600
[2026-08-17T12:00:57Z INFO  steel_front] size diag: window_inner=2560x1600 hud=2560x1600
[2026-08-17T12:00:57Z INFO  steel_front] size diag: window_inner=2560x1600 hud=2560x1600
[2026-08-17T12:00:57Z INFO  steel_front] size diag: window_inner=2560x1600 hud=2560x1600
[2026-08-17T12:00:57Z INFO  steel_front] size diag: window_inner=2560x1600 hud=2560x1600
[2026-08-17T12:00:57Z INFO  steel_front] size diag: window_inner=2560x1600 hud=2560x1600
[2026-08-17T12:00:57Z INFO  steel_front] size diag: window_inner=2560x1600 hud=2560x1600
[2026-08-17T12:00:57Z INFO  steel_front] size diag: window_inner=2560x1600 hud=2560x1600
[2026-08-17T12:00:57Z INFO  steel_front] size diag: window_inner=2560x1600 hud=2560x1600
[2026-08-17T12:00:57Z INFO  steel_front] size diag: window_inner=2560x1600 hud=2560x1600
[2026-08-17T12:00:57Z INFO  steel_front::engine::game] game: wave=1 enemies=6 enemy_hp=100 hp=0/100 score=0 phys_us=4 ai_us=0 audio_us=36 net_us=0
[2026-08-17T12:00:57Z INFO  steel_front] cam: yaw=0.0 pitch=0.0 dist=3.4 mode=FirstPerson cycle_us=7919 update_us=635 render_us=7283
[2026-08-17T12:00:58Z INFO  steel_front::engine::renderer] visible=65536/65536 near=65536 far=0 fps=217.2 frame_us=5182 cull_us=3 terrain_us=0 wait_fence_us=22 acquire_us=6 record_us=299 submit_us=391 present_us=4445 terrain_lod=high blend=0.000 quality=中画质 marker=43 npc=42
[2026-08-17T12:00:58Z INFO  steel_front::engine::game] game: wave=1 enemies=6 enemy_hp=100 hp=0/100 score=0 phys_us=121 ai_us=1 audio_us=402 net_us=1
[2026-08-17T12:00:58Z INFO  steel_front] cam: yaw=0.0 pitch=0.0 dist=3.4 mode=FirstPerson cycle_us=9544 update_us=409 render_us=9133
[2026-08-17T12:00:59Z INFO  steel_front::engine::renderer] visible=65536/65536 near=65536 far=0 fps=125.9 frame_us=6604 cull_us=2 terrain_us=0 wait_fence_us=21 acquire_us=7 record_us=220 submit_us=396 present_us=5947 terrain_lod=high blend=0.000 quality=中画质 marker=36 npc=42
[2026-08-17T12:00:59Z INFO  steel_front::engine::game] game: wave=1 enemies=6 enemy_hp=100 hp=0/100 score=0 phys_us=23 ai_us=1 audio_us=499 net_us=1
[2026-08-17T12:00:59Z INFO  steel_front] cam: yaw=0.0 pitch=0.0 dist=3.4 mode=FirstPerson cycle_us=3220 update_us=78 render_us=3141
[2026-08-17T12:01:00Z INFO  steel_front::engine::renderer] visible=65536/65536 near=65536 far=0 fps=285.7 frame_us=1925 cull_us=1 terrain_us=0 wait_fence_us=1034 acquire_us=2 record_us=76 submit_us=67 present_us=825 terrain_lod=high blend=0.000 quality=中画质 marker=63 npc=42
[2026-08-17T12:01:00Z INFO  steel_front::engine::game] game: wave=1 enemies=6 enemy_hp=100 hp=0/100 score=0 phys_us=5 ai_us=0 audio_us=42 net_us=0
[2026-08-17T12:01:00Z INFO  steel_front] cam: yaw=0.0 pitch=0.0 dist=3.4 mode=FirstPerson cycle_us=2670 update_us=40 render_us=2629
[2026-08-17T12:01:01Z INFO  steel_front::engine::renderer] visible=65536/65536 near=65536 far=0 fps=376.9 frame_us=2775 cull_us=1 terrain_us=0 wait_fence_us=1320 acquire_us=2 record_us=66 submit_us=70 present_us=455 terrain_lod=high blend=0.000 quality=中画质 marker=36 npc=42
[2026-08-17T12:01:01Z INFO  steel_front::engine::game] game: wave=1 enemies=6 enemy_hp=100 hp=0/100 score=0 phys_us=3 ai_us=0 audio_us=29 net_us=0
[2026-08-17T12:01:01Z INFO  steel_front] cam: yaw=0.0 pitch=0.0 dist=3.4 mode=FirstPerson cycle_us=2759 update_us=46 render_us=2712
[2026-08-17T12:01:02Z INFO  steel_front::engine::renderer] visible=65536/65536 near=65536 far=0 fps=305.6 frame_us=4400 cull_us=3 terrain_us=0 wait_fence_us=21 acquire_us=6 record_us=291 submit_us=243 present_us=3753 terrain_lod=high blend=0.000 quality=中画质 marker=46 npc=42
[2026-08-17T12:01:02Z INFO  steel_front] size diag: window_inner=2560x1600 hud=2560x1600
[2026-08-17T12:01:02Z INFO  steel_front] size diag: window_inner=2560x1600 hud=2560x1600
[2026-08-17T12:01:02Z INFO  steel_front] size diag: window_inner=2560x1600 hud=2560x1600
[2026-08-17T12:01:02Z INFO  steel_front] size diag: window_inner=2560x1600 hud=2560x1600
[2026-08-17T12:01:02Z INFO  steel_front] size diag: window_inner=2560x1600 hud=2560x1600
[2026-08-17T12:01:02Z INFO  steel_front] size diag: window_inner=2560x1600 hud=2560x1600
[2026-08-17T12:01:02Z INFO  steel_front] size diag: window_inner=2560x1600 hud=2560x1600
[2026-08-17T12:01:02Z INFO  steel_front::engine::game] game: wave=1 enemies=6 enemy_hp=100 hp=0/100 score=0 phys_us=10 ai_us=1 audio_us=236 net_us=1
[2026-08-17T12:01:02Z INFO  steel_front] cam: yaw=0.0 pitch=0.0 dist=3.4 mode=FirstPerson cycle_us=3681 update_us=102 render_us=3578
[2026-08-17T12:01:03Z INFO  steel_front::engine::renderer] visible=65536/65536 near=65536 far=0 fps=277.0 frame_us=5060 cull_us=2 terrain_us=0 wait_fence_us=18 acquire_us=6 record_us=214 submit_us=393 present_us=4405 terrain_lod=high blend=0.000 quality=中画质 marker=36 npc=42
[2026-08-17T12:01:03Z INFO  steel_front::engine::game] game: wave=1 enemies=6 enemy_hp=100 hp=0/100 score=0 phys_us=15 ai_us=1 audio_us=348 net_us=1
[2026-08-17T12:01:03Z INFO  steel_front] cam: yaw=0.0 pitch=0.0 dist=3.4 mode=FirstPerson cycle_us=10345 update_us=525 render_us=9818
[2026-08-17T12:01:04Z INFO  steel_front::engine::renderer] visible=65536/65536 near=65536 far=0 fps=180.8 frame_us=5074 cull_us=5 terrain_us=0 wait_fence_us=185 acquire_us=12 record_us=385 submit_us=203 present_us=4440 terrain_lod=high blend=0.000 quality=中画质 marker=53 npc=42
[2026-08-17T12:01:04Z INFO  steel_front::engine::game] game: wave=1 enemies=6 enemy_hp=100 hp=0/100 score=0 phys_us=23 ai_us=1 audio_us=397 net_us=1
[2026-08-17T12:01:04Z INFO  steel_front] cam: yaw=0.0 pitch=0.0 dist=3.4 mode=FirstPerson cycle_us=7018 update_us=528 render_us=6488
[2026-08-17T12:01:05Z INFO  steel_front::engine::renderer] visible=65536/65536 near=65536 far=0 fps=171.8 frame_us=1964 cull_us=1 terrain_us=0 wait_fence_us=10 acquire_us=3 record_us=85 submit_us=65 present_us=1797 terrain_lod=high blend=0.000 quality=中画质 marker=36 npc=42
[2026-08-17T12:01:05Z INFO  steel_front::engine::game] game: wave=1 enemies=6 enemy_hp=100 hp=0/100 score=0 phys_us=7 ai_us=0 audio_us=59 net_us=1
[2026-08-17T12:01:05Z INFO  steel_front] cam: yaw=0.0 pitch=0.0 dist=3.4 mode=FirstPerson cycle_us=5456 update_us=116 render_us=5339
[2026-08-17T12:01:06Z INFO  steel_front::engine::renderer] visible=65536/65536 near=65536 far=0 fps=281.8 frame_us=2243 cull_us=2 terrain_us=0 wait_fence_us=815 acquire_us=2 record_us=114 submit_us=118 present_us=1293 terrain_lod=high blend=0.000 quality=中画质 marker=62 npc=42
[2026-08-17T12:01:06Z INFO  steel_front::engine::game] game: wave=1 enemies=6 enemy_hp=100 hp=0/100 score=0 phys_us=7 ai_us=0 audio_us=31 net_us=0
[2026-08-17T12:01:06Z INFO  steel_front] cam: yaw=0.0 pitch=0.0 dist=3.4 mode=FirstPerson cycle_us=2994 update_us=38 render_us=2955
[2026-08-17T12:01:07Z INFO  steel_front] size diag: window_inner=2560x1600 hud=2560x1600
[2026-08-17T12:01:07Z INFO  steel_front] size diag: window_inner=2560x1600 hud=2560x1600
[2026-08-17T12:01:07Z INFO  steel_front::engine::renderer] visible=65536/65536 near=65536 far=0 fps=366.1 frame_us=1619 cull_us=1 terrain_us=0 wait_fence_us=818 acquire_us=2 record_us=78 submit_us=117 present_us=647 terrain_lod=high blend=0.000 quality=中画质 marker=37 npc=42
[2026-08-17T12:01:07Z INFO  steel_front] size diag: window_inner=2560x1600 hud=2560x1600
[2026-08-17T12:01:07Z INFO  steel_front] size diag: window_inner=2560x1600 hud=2560x1600
[2026-08-17T12:01:07Z INFO  steel_front] size diag: window_inner=2560x1600 hud=2560x1600
[2026-08-17T12:01:07Z INFO  steel_front] size diag: window_inner=2560x1600 hud=2560x1600
[2026-08-17T12:01:07Z INFO  steel_front] size diag: window_inner=2560x1600 hud=2560x1600
[2026-08-17T12:01:07Z INFO  steel_front] size diag: window_inner=2560x1600 hud=2560x1600
[2026-08-17T12:01:07Z INFO  steel_front] size diag: window_inner=2560x1600 hud=2560x1600
[2026-08-17T12:01:07Z INFO  steel_front] size diag: window_inner=2560x1600 hud=2560x1600
[2026-08-17T12:01:07Z INFO  steel_front] size diag: window_inner=2560x1600 hud=2560x1600
[2026-08-17T12:01:07Z INFO  steel_front] size diag: window_inner=2560x1600 hud=2560x1600
[2026-08-17T12:01:07Z INFO  steel_front] size diag: window_inner=2560x1600 hud=2560x1600
[2026-08-17T12:01:07Z INFO  steel_front] size diag: window_inner=2560x1600 hud=2560x1600
[2026-08-17T12:01:07Z INFO  steel_front] size diag: window_inner=2560x1600 hud=2560x1600
[2026-08-17T12:01:07Z INFO  steel_front] size diag: window_inner=2560x1600 hud=2560x1600
[2026-08-17T12:01:07Z INFO  steel_front] size diag: window_inner=2560x1600 hud=2560x1600
[2026-08-17T12:01:07Z INFO  steel_front] size diag: window_inner=2560x1600 hud=2560x1600
[2026-08-17T12:01:07Z INFO  steel_front::engine::game] game: wave=1 enemies=6 enemy_hp=100 hp=0/100 score=0 phys_us=4 ai_us=0 audio_us=26 net_us=0
[2026-08-17T12:01:07Z INFO  steel_front] cam: yaw=0.0 pitch=0.0 dist=3.4 mode=FirstPerson cycle_us=2699 update_us=34 render_us=2664
[2026-08-17T12:01:08Z INFO  steel_front::engine::renderer] visible=65536/65536 near=65536 far=0 fps=322.8 frame_us=5786 cull_us=2 terrain_us=0 wait_fence_us=22 acquire_us=6 record_us=381 submit_us=324 present_us=5031 terrain_lod=high blend=0.000 quality=中画质 marker=45 npc=42
[2026-08-17T12:01:08Z INFO  steel_front::engine::game] game: wave=1 enemies=6 enemy_hp=100 hp=0/100 score=0 phys_us=13 ai_us=1 audio_us=420 net_us=1
[2026-08-17T12:01:08Z INFO  steel_front] cam: yaw=0.0 pitch=0.0 dist=3.4 mode=FirstPerson cycle_us=6590 update_us=325 render_us=6264
[2026-08-17T12:01:09Z INFO  steel_front::engine::renderer] visible=65536/65536 near=65536 far=0 fps=175.0 frame_us=4696 cull_us=2 terrain_us=0 wait_fence_us=19 acquire_us=6 record_us=207 submit_us=213 present_us=4104 terrain_lod=high blend=0.000 quality=中画质 marker=38 npc=42
[2026-08-17T12:01:09Z INFO  steel_front::engine::game] game: wave=1 enemies=6 enemy_hp=100 hp=0/100 score=0 phys_us=17 ai_us=1 audio_us=525 net_us=1
[2026-08-17T12:01:09Z INFO  steel_front] cam: yaw=0.0 pitch=0.0 dist=3.4 mode=FirstPerson cycle_us=6905 update_us=487 render_us=6418
[2026-08-17T12:01:10Z INFO  steel_front::engine::renderer] visible=65536/65536 near=65536 far=0 fps=140.9 frame_us=5137 cull_us=13 terrain_us=0 wait_fence_us=4206 acquire_us=10 record_us=144 submit_us=76 present_us=1613 terrain_lod=high blend=0.000 quality=中画质 marker=49 npc=42
[2026-08-17T12:01:10Z INFO  steel_front::engine::game] game: wave=1 enemies=6 enemy_hp=100 hp=0/100 score=0 phys_us=3 ai_us=0 audio_us=42 net_us=0
[2026-08-17T12:01:10Z INFO  steel_front] cam: yaw=0.0 pitch=0.0 dist=3.4 mode=FirstPerson cycle_us=6454 update_us=98 render_us=6356
[2026-08-17T12:01:11Z INFO  steel_front::engine::renderer] visible=65536/65536 near=65536 far=0 fps=248.5 frame_us=3036 cull_us=2 terrain_us=0 wait_fence_us=1239 acquire_us=2 record_us=65 submit_us=50 present_us=772 terrain_lod=high blend=0.000 quality=中画质 marker=44 npc=42
[2026-08-17T12:01:11Z INFO  steel_front::engine::game] game: wave=1 enemies=6 enemy_hp=100 hp=0/100 score=0 phys_us=6 ai_us=0 audio_us=15 net_us=0
[2026-08-17T12:01:11Z INFO  steel_front] cam: yaw=0.0 pitch=0.0 dist=3.4 mode=FirstPerson cycle_us=2709 update_us=29 render_us=2680
[2026-08-17T12:01:12Z INFO  steel_front] size diag: window_inner=2560x1600 hud=2560x1600
[2026-08-17T12:01:12Z INFO  steel_front] size diag: window_inner=2560x1600 hud=2560x1600
[2026-08-17T12:01:12Z INFO  steel_front] size diag: window_inner=2560x1600 hud=2560x1600
[2026-08-17T12:01:12Z INFO  steel_front] size diag: window_inner=2560x1600 hud=2560x1600
[2026-08-17T12:01:12Z INFO  steel_front] size diag: window_inner=2560x1600 hud=2560x1600
[2026-08-17T12:01:12Z INFO  steel_front] size diag: window_inner=2560x1600 hud=2560x1600
[2026-08-17T12:01:12Z INFO  steel_front] size diag: window_inner=2560x1600 hud=2560x1600
[2026-08-17T12:01:12Z INFO  steel_front] size diag: window_inner=2560x1600 hud=2560x1600
[2026-08-17T12:01:12Z INFO  steel_front] size diag: window_inner=2560x1600 hud=2560x1600
[2026-08-17T12:01:12Z INFO  steel_front] size diag: window_inner=2560x1600 hud=2560x1600
[2026-08-17T12:01:12Z INFO  steel_front] size diag: window_inner=2560x1600 hud=2560x1600
[2026-08-17T12:01:12Z INFO  steel_front::engine::renderer] visible=65536/65536 near=65536 far=0 fps=359.7 frame_us=2158 cull_us=1 terrain_us=0 wait_fence_us=1240 acquire_us=2 record_us=68 submit_us=133 present_us=667 terrain_lod=high blend=0.000 quality=中画质 marker=62 npc=42
[2026-08-17T12:01:12Z INFO  steel_front] size diag: window_inner=2560x1600 hud=2560x1600
[2026-08-17T12:01:12Z INFO  steel_front] size diag: window_inner=2560x1600 hud=2560x1600
[2026-08-17T12:01:12Z INFO  steel_front] size diag: window_inner=2560x1600 hud=2560x1600
[2026-08-17T12:01:12Z INFO  steel_front] size diag: window_inner=2560x1600 hud=2560x1600
[2026-08-17T12:01:12Z INFO  steel_front] size diag: window_inner=2560x1600 hud=2560x1600
[2026-08-17T12:01:12Z INFO  steel_front] size diag: window_inner=2560x1600 hud=2560x1600
[2026-08-17T12:01:12Z INFO  steel_front] size diag: window_inner=2560x1600 hud=2560x1600
[2026-08-17T12:01:12Z INFO  steel_front] size diag: window_inner=2560x1600 hud=2560x1600
[2026-08-17T12:01:12Z INFO  steel_front::engine::game] game: wave=1 enemies=6 enemy_hp=100 hp=0/100 score=0 phys_us=7 ai_us=1 audio_us=17 net_us=0
[2026-08-17T12:01:12Z INFO  steel_front] cam: yaw=0.0 pitch=0.0 dist=3.4 mode=FirstPerson cycle_us=2465 update_us=49 render_us=2416
[2026-08-17T12:01:13Z INFO  steel_front::engine::renderer] visible=65536/65536 near=65536 far=0 fps=365.2 frame_us=3021 cull_us=1 terrain_us=0 wait_fence_us=1439 acquire_us=0 record_us=243 submit_us=54 present_us=201 terrain_lod=high blend=0.000 quality=中画质 marker=46 npc=42
[2026-08-17T12:01:13Z INFO  steel_front::engine::game] game: wave=1 enemies=6 enemy_hp=100 hp=0/100 score=0 phys_us=5 ai_us=0 audio_us=13 net_us=0
[2026-08-17T12:01:13Z INFO  steel_front] cam: yaw=0.0 pitch=0.0 dist=3.4 mode=FirstPerson cycle_us=2800 update_us=20 render_us=2779
[2026-08-17T12:01:14Z INFO  steel_front::engine::renderer] visible=65536/65536 near=65536 far=0 fps=357.2 frame_us=2318 cull_us=1 terrain_us=0 wait_fence_us=2474 acquire_us=1 record_us=83 submit_us=51 present_us=767 terrain_lod=high blend=0.000 quality=中画质 marker=54 npc=42
[2026-08-17T12:01:14Z INFO  steel_front::engine::game] game: wave=1 enemies=6 enemy_hp=100 hp=0/100 score=0 phys_us=3 ai_us=0 audio_us=45 net_us=0
[2026-08-17T12:01:14Z INFO  steel_front] cam: yaw=0.0 pitch=0.0 dist=3.4 mode=FirstPerson cycle_us=8228 update_us=448 render_us=7779
[2026-08-17T12:01:15Z INFO  steel_front::engine::renderer] visible=65536/65536 near=65536 far=0 fps=181.6 frame_us=4372 cull_us=2 terrain_us=0 wait_fence_us=13 acquire_us=5 record_us=225 submit_us=592 present_us=3519 terrain_lod=high blend=0.000 quality=中画质 marker=40 npc=42
[2026-08-17T12:01:15Z INFO  steel_front::engine::game] game: wave=1 enemies=6 enemy_hp=100 hp=0/100 score=0 phys_us=12 ai_us=1 audio_us=373 net_us=1
[2026-08-17T12:01:15Z INFO  steel_front] cam: yaw=0.0 pitch=0.0 dist=3.4 mode=FirstPerson cycle_us=5169 update_us=174 render_us=4994
[2026-08-17T12:01:16Z INFO  steel_front::engine::renderer] visible=65536/65536 near=65536 far=0 fps=250.5 frame_us=1614 cull_us=2 terrain_us=0 wait_fence_us=1372 acquire_us=2 record_us=70 submit_us=66 present_us=566 terrain_lod=high blend=0.000 quality=中画质 marker=63 npc=42
[2026-08-17T12:01:16Z INFO  steel_front::engine::game] game: wave=1 enemies=6 enemy_hp=100 hp=0/100 score=0 phys_us=2 ai_us=0 audio_us=24 net_us=0
